2026-10-01 20:14:13.355 [INIT] dll loaded, pid=36600
2026-10-01 20:14:13.355 [INIT] codec loaded OK
2026-10-01 20:14:13.355 [INIT] iat hooks: recv=1 send=1 WSASend=1 connect=1 closesocket=1
2026-10-01 20:14:14.338 [OP] 4105 inv=FFFE len=1 #1 c0
2026-10-01 20:14:14.338 [OP] 4104 inv=FFFB len=4 #1 18671f77
2026-10-01 20:14:14.339 [OP] 4105 inv=FFFE len=1 #2 af
2026-10-01 20:14:14.339 [OP] 4104 inv=FFFB len=4 #2 b9671fe7
2026-10-01 20:14:14.439 [OP] 4106 inv=FFFC len=3 #1 e546ed
2026-10-01 20:14:14.542 [OP] 4106 inv=FFFC len=3 #2 b1fdcb
2026-10-01 20:14:14.639 [OP] 4105 inv=FFFE len=1 #3 0c
2026-10-01 20:14:14.639 [OP] 4104 inv=FFFB len=4 #3 cead1f10
2026-10-01 20:14:14.731 [OP] 4109 inv=FE7B len=388 #1 540e392bca800d53510bdcfaa32b1f809564510b02faccce2980076ffc0b66faf82b1f8017cd510b5253a32b1fc75b6451ecdcfa4b531f802164510bdcfaa32b1f805b64e4ecdcfaccff9f875b64510ba506a32bca805b64dfb2dcfa39c4ca805b64510bdcfaa32bca805b64dfb2dcfa39c459805b64510bdcc4a32bca805b64dfb2dcfa39c4ad805b64510bdcfaa32bca805b64dfb2dcfa39c49d805b64510b
2026-10-01 20:14:14.826 [OP] 4106 inv=FFFD len=2 #3 a3c4
2026-10-01 20:14:14.826 [OP] 4111 inv=FFFD len=2 #1 c064
2026-10-01 20:14:14.826 [OP] 4112 inv=FFFD len=2 #1 dcc4
2026-10-01 20:14:14.826 [OP] 4104 inv=FFFA len=5 #4 e956a3c1aa
2026-10-01 20:14:14.826 [OP] 4104 inv=FFFA len=5 #5 e956a3c1c7
2026-10-01 20:14:17.554 [OP] 4105 inv=FFFE len=1 #4 d0
2026-10-01 20:14:17.752 [OP] 4109 inv=FDFF len=512 #2 2d87c464580b8b25a3531f805b64510b6ffaa32ba580ea7f0b0b0022fd24e7809564510baeaea32b9de79564517fdcfaa3531f8062df510b06faa32b1f805b64510bdcfa71531f80df64510bdcfaa32b1f805b64580bdcfab6ce1f801c7a0e0bdcc4a32b1faa5b645decdcfac42b1f805b64510bdcfaa32bca805b645fc4dcfafdcbad805bdf510bdcc4a32bb6aa5b64710bdcfaa32b1f805b64510b6ffaa32b
2026-10-01 20:14:17.845 [OP] 4111 inv=FFFD len=2 #2 a164
2026-10-01 20:14:19.140 [OP] 4109 inv=FE3F len=448 #3 540e392bca801cdd51ecdcfaa32b1f809564510be6fa8fdea580ea7fb2755efaf82b1f80a76f510b8bc6f82b1fc75b64510f71e84b531f809964510bdcfaa32b1f805b645decdcfad82b1f805b64510bdcfaa32bca805b645fc4dcfafded59805bdf510bdcc4a32bb6aa5b64230bdcfaa32b1f805b64510b6ffaa32bb7ef5b64b2c052faa3531f805bdf510b25c4a32b67805b64510bdcfaa32b1f809564510b
2026-10-01 20:14:19.240 [OP] 4111 inv=FFFD len=2 #3 5764
2026-10-01 20:14:19.242 [OP] 4112 inv=FFFD len=2 #2 52c4
2026-10-01 20:14:20.567 [OP] 4105 inv=FFFE len=1 #5 b2
2026-10-01 20:14:20.792 [OP] 4109 inv=FE83 len=380 #4 fb8052faf82bad8c5b64510bdcfaa32bca805b642d0b59ae722b6fefc464310b6ffaa32bf4075b64fcfd6ffaa3531f805bb652b2afc4a32b6e805b64510bdcfaa32b1f809564510b3fc2a32badca946451ecdcfaa3531f80e5df510b5989515d1f805b6479c9dcfaf82b1f8017cd510b529ffd2b1f805b6451ecdcfa70bb1f80c5cd510b52faf82b1faa94648fecdcfacdbb1f805b64510bdcfaa32bfa4e5b64
2026-10-01 20:14:20.897 [OP] 4106 inv=FFFD len=2 #4 a37c
2026-10-01 20:14:20.897 [OP] 4111 inv=FFFD len=2 #4 27df
2026-10-01 20:14:20.897 [OP] 4112 inv=FFFD len=2 #3 6fc4
2026-10-01 20:14:20.897 [OP] 4112 inv=FFFD len=2 #4 90c4
2026-10-01 20:14:20.897 [OP] 4112 inv=FFFD len=2 #5 8bc4
2026-10-01 20:14:21.231 [OUT] 1F51 inv=FFFF len=4 #1 ffff511f
2026-10-01 20:14:21.279 [OP] 4F52 inv=FFFF len=0 #1 
2026-10-01 20:14:21.815 [PIPE] controller connected
2026-10-01 20:14:25.464 [OP] 472A inv=FE6C len=403 #1 30d8de1f52a164510bdcfaa32b1f805b64510bdc404d2b1f805b6451d5dcfaa3d9ad805b64510bdc01462b1f805b645165dcfaa32b1f805b04ff0bdcfaa32b1f922d64510bdcfaa32b1f805b64510bdcfaa32b1f805b64510bdcfaa32b1f805b64510bdcfaa32b1f805b64510bdcfaa32b1f805b64510bdcfaa32b1f805b64510bdcfaa32b1f805b64510bdc3cf82b1f23956451c36ffaa3deca805bc9580bdc
2026-10-01 20:14:25.558 [OP] 42CE inv=FFFB len=4 #1 c87f510b
2026-10-01 20:14:25.558 [OP] 4211 inv=FFF6 len=9 #1 aa5b6451af3e22a34a
2026-10-01 20:14:25.561 [OP] 4211 inv=FFF6 len=9 #2 aa5b64515ca722a34a
2026-10-01 20:14:25.561 [OP] 4211 inv=FFF6 len=9 #3 aa5b6451c03e22a34a
2026-10-01 20:14:25.649 [OP] 4211 inv=FFF6 len=9 #4 aa5b645134a722a34a
2026-10-01 20:14:25.782 [OP] 47C0 inv=FFEA len=21 #1 51cac7632831ecdc51ab0503967fd9580bdbb29625
2026-10-01 20:14:25.782 [OP] 47C0 inv=FFF3 len=12 #2 0253ca967fd9580bdbb29625
2026-10-01 20:14:25.782 [OP] 47C0 inv=FFF3 len=12 #3 0253cae8add9580b030ef125
2026-10-01 20:14:25.782 [OP] 47C0 inv=FFEA len=21 #4 51cac7b5da31ecdce2879f03a9add9580b6e47f1cc
2026-10-01 20:14:25.782 [OP] 47C0 inv=FFF3 len=12 #5 0253caa9add9580b6e47f1cc
2026-10-01 20:14:26.007 [OUT] 0048 inv=FFF7 len=12 #1 f7ff4800dcfaa32b1f459564
2026-10-01 20:14:26.087 [OP] 4721 inv=FFF7 len=8 #1 540e392b1f459564
2026-10-01 20:14:31.899 [OP] 46FE inv=FFFF len=0 #1 
2026-10-01 20:14:32.696 [OP] 4100 inv=FFF9 len=6 #1 98aa075367cd
2026-10-01 20:14:32.798 [OP] 4101 inv=FC6D len=914 #1 5f5dad805b64510bdcfaa32bc8d97b81510bdcfaa32b1f805b64510bdcfaa32b1f805b64510bdcfa22069d4e5b649fecdcfaa32b1f80acdf510bdcfaa32b1f805b64510bdcfa4d5dad80c464510b8bfaa32b55925b648e90dcfac27f1f80c831510b155a4e78c8d97b81a552155acb2b1f807b81a5526f30c2d41e5f3c93191edcfaa32b1f805b64dfa0c6faa32b1f805b4d310bdcfaa32b1f805b64510bdcfa
2026-10-01 20:14:32.867 [OUT] 1F51 inv=FFFF len=4 #2 ffff511f
2026-10-01 20:14:32.919 [OP] 4F52 inv=FFFF len=0 #2 
2026-10-01 20:14:33.228 [OP] EFFE inv=FFFE len=1 #1 0b
2026-10-01 20:14:33.752 [OUT] 1001 inv=FFF9 len=10 #1 f9ff01101f805b64510b
2026-10-01 20:14:33.905 [OP] 4108 inv=FFE3 len=28 #1 2d87c464510bdcfa2153c8d9d8f8510bce4051421f805b64510bdcfa
2026-10-01 20:14:34.004 [OP] 4108 inv=FFE3 len=28 #2 2d87c464510bdcfa4d531f80d8f8510bce4051ed1f805b64510bdcfa
2026-10-01 20:14:34.004 [OP] 4108 inv=FFF3 len=12 #3 540e392b1f805b64510bdcfa
2026-10-01 20:14:34.005 [OP] 4108 inv=FFF3 len=12 #4 540e392b1f805b64580b155a
2026-10-01 20:14:34.005 [OP] 4108 inv=FFF3 len=12 #5 540e392b1f805b640e0bdcfa
2026-10-01 20:14:36.178 [OP] 4106 inv=FFFC len=3 #5 e546ed
2026-10-01 20:14:36.467 [OP] 4109 inv=FE1B len=484 #5 2d87c464580b8fc2a32b1f805b64510b6ffaa32b2980076f2d0b59ae392b8a809564510b3fc2a32bad105b6451ecdcfaa32b1f8062df510b40faa32b1f805b64510bdcfaf82b1f8017cd510b5253f82b1f805b645152155af82b1f8017cd510b5253db2b1f805b645152155af82b1f8017cd510b5253392b1f805b645101dcfaf82b1f8017cd510b5253fd2b1faa5b6451445efaa8531f80076e5280dcfaa32b
2026-10-01 20:14:36.561 [OP] 4111 inv=FFFD len=2 #5 c064
2026-10-01 20:14:42.934 [OUT] 1F51 inv=FFFF len=4 #3 ffff511f
2026-10-01 20:14:42.946 [OP] 472A inv=FE6C len=403 #2 30d8de1f95d064510bdcfaa32b1f805b64510bdc73222b1f805b6451d5dcfaa370ad805b64510bdc01462b1f805b645165dcfaa32b1f805b04ff0bdcfaa32b1f922d64510bdcfaa32b1f805b64510bdcfaa32b1f805b64510bdcfaa32b1f805b64510bdcfaa32b1f805b64510bdcfaa32b1f805b64510bdcfaa32b1f805b64510bdcfaa32b1f805b64510bdc3cf82b1f1b9564513e6ffaa3deca805b7f580bdc
2026-10-01 20:14:42.988 [OP] 42CE inv=FFFB len=4 #2 c87f510b
2026-10-01 20:14:43.042 [OP] 4F52 inv=FFFF len=0 #3 
2026-10-01 20:14:43.042 [OP] 4211 inv=FFF6 len=9 #5 aa5b6451af3e22a34a
2026-10-01 20:14:43.246 [OP] EFFE inv=FFFE len=1 #2 0b
2026-10-01 20:14:44.092 [OUT] 0048 inv=FFF7 len=12 #2 f7ff4800dcfaa32b1f459564
2026-10-01 20:14:44.200 [OP] 4721 inv=FFF7 len=8 #2 540e392b1f459564
2026-10-01 20:14:50.075 [OP] 4100 inv=FFF9 len=6 #2 98aad108875f
2026-10-01 20:14:50.211 [OUT] 1F51 inv=FFFF len=4 #4 ffff511f
2026-10-01 20:14:50.270 [OP] 4101 inv=FC6D len=914 #2 5f5dad805b64510bdcfaa32bc8d97b81510bdcfaa32b1f805b64510bdcfaa32b1f805b64510bdcfa22069d4e5b649fecdcfaa32b1f80acdf510bdcfaa32b1f805b64510bdcfa4d5dad80c464510b8bfaa32b55925b648e90dcfac27f1f80c831510b155a4e78c8d97b81a552155acb2b1f807b81a5526f30c2d41e5f3c93191edcfaa32b1f805b645da0c6faa32b1f805b4d310bdcfaa32b1f805b64510bdcfa
2026-10-01 20:14:50.371 [OP] 4F52 inv=FFFF len=0 #4 
2026-10-01 20:14:51.123 [OUT] 1001 inv=FFF9 len=10 #2 f9ff01101f805b64510b
2026-10-01 20:14:53.929 [OP] F005 inv=FFE7 len=24 #1 ed3572a4e10f854d1f805b64510bdcfaa3de1f8028a14db2
2026-10-01 20:14:54.032 [OP] F005 inv=FFE7 len=24 #2 ed3572a407b3854d1f805b64510bdcfaa3de1f808a80280c
2026-10-01 20:15:00.387 [OUT] 1F51 inv=FFFF len=4 #5 ffff511f
2026-10-01 20:15:00.436 [OP] 4F52 inv=FFFF len=0 #5 
2026-10-01 20:15:02.034 [OP] 46FE inv=FFFF len=0 #2 
2026-10-01 20:15:04.273 [OP] EFFE inv=FFFE len=1 #3 0b
2026-10-01 20:15:04.516 [OP] 472A inv=FE6C len=403 #3 30d8de1f97d064510bdcfaa32b1f805b64510bdc7c222b1f805b6451d5dcfaa372ad805b64510bdc01462b1f805b645165dcfaa32b1f805b04ff0bdcfaa32b1f922d64510bdcfaa32b1f805b64510bdcfaa32b1f805b64510bdcfaa32b1f805b64510bdcfaa32b1f805b64510bdcfaa32b1f805b64510bdcfaa32b1f805b64510bdcfaa32b1f805b64510bdc22f82b1fc4956451f16ffaa391ca805b7f580bdc
2026-10-01 20:15:04.605 [OP] 42CE inv=FFFB len=4 #3 c87f510b
2026-10-01 20:15:06.267 [OUT] 0048 inv=FFF7 len=12 #3 f7ff4800dcfaa32b1f459564
2026-10-01 20:15:06.379 [OP] 4721 inv=FFF7 len=8 #3 540e392b1f459564
2026-10-01 20:15:10.625 [OP] 4100 inv=FFF9 len=6 #3 98aa7708b60c
2026-10-01 20:15:10.924 [OP] 4101 inv=FBFD len=1026 #3 fb8052faa32b1f805b64510b155a4e781f805b64510bdcfaa32b1f805b64510bdcfaa32b1f805b648e5f8b53a32b88aa5b64510bdcfa10531f805b64510bdcfaa32b1f805b64418052fa392b1f801c64510bbba0a32b6d5d5b641e2bdcfa6ff51f807b81a552155a4e78c8d97b81f00bdcfa4e78c8d995a91e2e6974a6f2e50e5b64510bdcfaa32b1f532764510bdcfaa33084805b64510bdcfaa32b1f805b64
2026-10-01 20:15:11.706 [OUT] 1001 inv=FFF9 len=10 #3 f9ff01101f805b64510b
2026-10-01 20:15:14.290 [OP] EFFE inv=FFFE len=1 #4 0b
2026-10-01 20:15:21.869 [OP] 472A inv=FE6C len=403 #4 30d8de1fbecf64510bdcfaa32b1f805b64510bdce3002b1f805b6451d5dcfaa3649d805b64510bdc01462b1f805b645165dcfaa32b1f805b04ff0bdcfaa32b1f922d64510bdcfaa32b1f805b64510bdcfaa32b1f805b64510bdcfaa32b1f805b64510bdcfaa32b1f805b64510bdcfaa32b1f805b64510bdcfaa32b1f805b64510bdcfaa32b1f805b64510bdc7af82b1f1b9564513e6ffaa391ca805bd3580bdc
2026-10-01 20:15:21.999 [OP] 42CE inv=FFFB len=4 #4 c87f510b
2026-10-01 20:15:22.363 [OUT] 0048 inv=FFF7 len=12 #4 f7ff4800dcfaa32b1f459564
2026-10-01 20:15:22.431 [OP] 4721 inv=FFF7 len=8 #4 540e392b1f459564
2026-10-01 20:15:24.041 [OP] 40A0 inv=FFBB len=68 #1 baecfc0b6ffaf82b69605b6439ecdcfadb4ac3548a70b10543bbea0232805b64510bdcfaa32b1f805b64510bdcfaa32b1f805b64510bdcfaa32b1f8007dff1fd59c49a7c
2026-10-01 20:15:26.026 [OP] 4100 inv=FFF9 len=6 #4 98aa327faab2
2026-10-01 20:15:26.127 [OP] 4101 inv=FBC5 len=1082 #4 5f5dad805b64510bdcfaa32bc8d97b81510bdcfaa32b1f805b64510bdcfaa32b1f805b64510bdcfa22069dca5b649fecdcfaa32b1f80acdf510bdcfaa32b1f805b64510bdcfa4d5dad80c464510b8bfaa32b55925b648e90dcfac27f1f80c831510b155a4e78c8d97b81a552155acb2b1f807b81a5526f30c2d41e5f3c93191edcfaa32b1f805b64dfa0c6faa32b1f805b4d310bdcfaa32b1f805b64510bdcfa
2026-10-01 20:15:27.096 [OUT] 1001 inv=FFF9 len=10 #4 f9ff01101f805b64510b
2026-10-01 20:15:32.253 [OP] 46FE inv=FFFF len=0 #3 
2026-10-01 20:15:33.331 [OP] EFFE inv=FFFE len=1 #5 0b
2026-10-01 20:15:43.904 [OP] 472A inv=FE6C len=403 #5 30d8de1f8b7364510bdcfaa32b1f805b64510bdc99172b1f805b6451d5dcfaa38334805b64510bdc01462b1f805b645165dcfaa32b1f805b04ff0bdcfaa32b1f922d64510bdcfaa32b1f805b64510bdcfaa32b1f805b64510bdcfaa32b1f805b64510bdcfaa32b1f805b64510bdcfaa32b1f805b64510bdcfaa32b1f805b64510bdcfaa32b1f805b64510bdc22f82b1fce956451d06ffaa3deca805b7f580bdc
2026-10-01 20:15:44.001 [OP] 42CE inv=FFFB len=4 #5 c87f510b
2026-10-01 20:15:44.497 [OUT] 0048 inv=FFF7 len=12 #5 f7ff4800dcfaa32b1f459564
2026-10-01 20:15:44.610 [OP] 4721 inv=FFF7 len=8 #5 540e392b1f459564
2026-10-01 20:15:47.018 [OP] 4100 inv=FFF9 len=6 #5 98aae2f8b0b2
2026-10-01 20:15:47.116 [OP] 4101 inv=FC6D len=914 #5 5f5dad805b64510bdcfaa32bc8d97b81510bdcfaa32b1f805b64510bdcfaa32b1f805b64510bdcfa22069d4e5b649fecdcfaa32b1f80acdf510bdcfaa32b1f805b64510bdcfa4d5dad80c464510b8bfaa32b55925b648e90dcfac27f1f80c831510b155a4e78c8d97b81a552155acb2b1f807b81a5526f30c2d41e5f3c93191edcfaa32b1f805b6451a0c6faa32b1f805b4d310bdcfaa32b1f805b64510bdcfa
2026-10-01 20:15:48.057 [OUT] 1001 inv=FFF9 len=10 #5 f9ff01101f805b64510b
2026-10-01 20:16:02.541 [OP] 46FE inv=FFFF len=0 #4 
2026-10-01 20:16:10.703 [OP] F005 inv=FFE7 len=24 #3 ed3572a4cd97854d1f805b64510bdcfaa3ded0808ed2fdeb
2026-10-01 20:16:32.866 [OP] 46FE inv=FFFF len=0 #5 
2026-10-01 20:16:37.244 [OP] F005 inv=FFE7 len=24 #4 ed3572a4cd97854d1f805b64510bdcfaa3ce6112ddee8ed0
2026-10-01 20:17:36.013 [OP] 40A0 inv=FFBB len=68 #2 baecfc0b6ffa392b16605b6439ecdcfadb4ac3548a70b10541bbea0232805b64510bdcfaa32b1f805b64510bdcfaa32b1f805b64510bdcfaa32b1f806408c4ecfbe04853
2026-10-01 20:17:36.013 [OP] 4613 inv=FEBD len=322 #1 0d7de4bf6fe0a3d4c3c786d2dead6a43ba5330df95c8ff1f118cfc53caaa956451ec6fc4f880291c1c965894dce8892b1f795bdf580b6aef6febd9d54666510bdc13a84cca4f5b8d7a75b2b96fc1621c555382539049b553b931068a83ae195bf853caaa5b6458ec6fc4a2060a127cdfc20b90c79f2b6280956451d5088880344ba75b6451ee0370f8d91fa93cf858246f57ff93caaa07870ee3cbe835b959aa
2026-10-01 20:17:36.013 [OP] 4613 inv=FEBD len=322 #2 0d7de4bf6fe0a3d4c3c786d2dead6a43ba5330df95c8ff1f118cfc53caaa956451ec6fc4f880291c1c965894dce8a32b1f795bdf580b6aef6febd9d54666510bdc13a84cca4f5b8d7a75b2b96fc1621c555382539049b553b931068a83ae195bf853caaa5b6458ec6fc4a2060a127cdfc20b90faa32b6280956451d5088880344ba75b6451ee0370f8d91fa93cf858246f57ff93caaa07870ee3cbe835b959aa
2026-10-01 20:17:36.013 [OP] 4613 inv=FEBD len=322 #3 0d7de4bf6fe0a3d4c3c786d2dead6a43ba5330df95c8ff1f118cfc53caaa956451ec6fc4f880291c1c965894dce8022b1f795bdf580b6aef6febd9d54666510bdc13a84cca4f5b8d7a75b2b96fc1621c555382539049b553b931068a83ae195bf853caaa5b6458ec6fc4a2060a127cdfc20b9098a32b6280956451d5088880344ba75b6451ee0370f8d91fa93cf858246f57ff93caaa07870ee3cbe835b959aa
2026-10-01 20:17:41.048 [OP] 40A0 inv=FFBB len=68 #3 baecfc0b6ffaf82b6e605b6439ecdcfadb4ac3548a70b10541bbea0232805b64510bdcfaa32b1f805b64510bdcfaa32b1f805b64510bdcfaa32b1f80ec6f5a0be2aed02b
2026-10-01 20:17:51.517 [OP] 4612 inv=FFEF len=16 #1 c464510b07c2392bb507c464408052fa
2026-10-01 20:17:51.517 [OP] 4612 inv=FFF3 len=12 #2 90faa32bb507c464408052fa
2026-10-01 20:17:51.518 [OP] 4612 inv=FFF7 len=8 #3 ca805b64408052fa
2026-10-01 20:17:52.528 [OP] 4612 inv=FFF3 len=12 #4 90faa32b2e87c4640db252fa
2026-10-01 20:17:52.528 [OP] 4612 inv=FFF7 len=8 #5 ca805b640db252fa
2026-10-01 20:18:04.198 [OUT] 004E inv=FFFA len=9 #1 faff4e00e9580bdcae
2026-10-01 20:18:04.288 [OP] 4029 inv=FFDF len=32 #1 baecfc0b5722a32b1f805b64efecdcfaa32b1f80137f510b8fc4f82b05801c64
2026-10-01 20:18:04.288 [OP] 4613 inv=FEBD len=322 #4 0d7de4bf6fe0a3d4c3c786d2dead6a43ba5330df95c8ff1f118cfc53caaa956451ec6fc4f805ec0cc4965894dce8202b1f4f5bdf580b6aef6febd9d54666510bdc13a84cca4f5b8d7a75b2b96fc1621c555382539049b553b931068a83ae195bf853caaa5b6458ec6fc40abb6cce7cdfc20b90e0a32b6280956451d5088880344ba75b6451ee0370f8d91fa93cf858246f57ff93caaa07870ee3cbe835b959aa
2026-10-01 20:18:04.288 [OP] 4613 inv=FEBD len=322 #5 0d7de4bf6fe0a3d4c3c786d2dead6a43ba5330df95c8ff1f118cfc53caaa956451ec6fc4f805ec0cc4965894dce8a32b1f4f5bdf580b6aef6febd9d54666510bdc13a84cca4f5b8d7a75b2b96fc1621c555382539049b553b931068a83ae195bf853caaa5b6458ec6fc40abb6cce7cdfc20b90faa32b6280956451d5088880344ba75b6451ee0370f8d91fa93cf858246f57ff93caaa07870ee3cbe835b959aa
2026-10-01 20:18:09.869 [OP] F005 inv=FFE7 len=24 #5 ed3572a4e10f854d1f805b64510bdcfaa3cef40728a14db2
2026-10-01 20:18:25.447 [OP] 40A0 inv=FF7F len=128 #4 baecfc0b90fa392b81605b6439ecdcfadb4ac3548a70b105d3bbea0232805b64510bdcfaa32b1f805b64510bdcfaa32b1f805b64510bdcfaa32b1f80b3f875ecc2e88e538e125b64637fdcfadb4a329abdea13f2dcfaa32b1f805b64510bdcfaa32b1f805b64510bdcfaa32b1f805b64510bdcfaa32b1f8039f80dd0d9e8f0de
2026-10-01 20:20:00.169 [SYS] #00FFFF#国庆节特别活动“红旗飘飘贺国庆”#00FF00#正式开启#00FFFF#，冒险者可以在逍遥西的#FF0000#大冒险活动官#00FFFF#处参加活动，收集喜庆用品装饰旗台，赢取丰富的属性及道具奖励，幸运的冒险者还将得到#FF0000#稀有奖励#FFFFFF#！
2026-10-01 20:21:34.935 [OUT] 1F04 inv=FFF6 len=13 #1 f6ff041fce1f805ba9510bdce8
2026-10-01 20:21:34.983 [QUESTION] {"type":"question","sock":2572,"qno":5,"field_a":85,"stem":"当红旗向东南飘动时，这时刮的是什么风","options":["1、龙卷风","2、西北风","3、台风","4、珠穆朗玛峰"]}
2026-10-01 20:21:35.991 [UI] auto dump on question qno=5
2026-10-01 20:21:35.991 [UI] ---- window dump begin (pid 36600) ----
2026-10-01 20:21:35.999 [UI] TOP=00260650 vis=1 cls=ATL:012FF210 rc=(385,165,1425,972) title=什么什么大冒险2(①逍遥村敬老院)-自由一号_Sep 24 2026《什么什么大冒险》制作委员会QQ群:515616289
2026-10-01 20:21:35.999 [UI] TOP=005D0E76 vis=0 cls=DIEmWin rc=(-1,-1,135,38) title=DIEmWin
2026-10-01 20:21:36.014 [UI] TOP=000506AA vis=0 cls=MSCTFIME UI rc=(0,0,0,0) title=MSCTFIME UI
2026-10-01 20:21:36.027 [UI] TOP=0008077A vis=0 cls=IME rc=(0,0,0,0) title=Default IME
2026-10-01 20:21:36.027 [UI] TOP=00130578 vis=0 cls=IME rc=(0,0,0,0) title=Default IME
2026-10-01 20:21:36.027 [UI] ---- window dump end ----
2026-10-01 20:21:40.123 [SEND-ANSWER] qno=5 opt=1 ret=13 sock=2572
2026-10-01 20:21:40.176 [SYS] 测试通过！
2026-10-01 20:21:40.274 [SYS] 获得了#00FF00#100#FFF692#金币
2026-10-01 20:21:40.274 [CURRENCY] a=201743 b=314830
2026-10-01 20:21:41.932 [UI] auto-closing quiz frame: qno=5 opt=1
2026-10-01 20:21:41.943 [UI] option 1 control NOT found — falling back to digit key
2026-10-01 20:21:41.944 [UI] sending digit key '1' to hwnd=00260650
2026-10-01 20:21:43.750 [OUT] 1F04 inv=FFF6 len=13 #2 f6ff041fce1f805b6f510bdcc4
2026-10-01 20:22:20.563 [OP] 4707 inv=FFF3 len=12 #1 5f5dad80a1ecfc0b17faa32b
2026-10-01 20:22:21.617 [OP] 4018 inv=FFF0 len=15 #1 a07a7f51cd3e22a39759d99564510b
2026-10-01 20:28:43.111 [OP] 4235 inv=FFFA len=5 #1 3267ce5b64
2026-10-01 20:30:40.559 [SYS] #ff0000#您已进入野外区域，可能遭遇玩家间的自由对战，请注意安全！#ffffff#
2026-10-01 20:30:40.653 [OP] 40E0 inv=FED1 len=302 #1 fb8052fa29ce1f805b64510bc2faa32b1f805b6403c4dcfaa32b1f80b364510bdcfaa32b76d15b64fc0bdcfa392b1f804864510b2ffaa32bad805b64750bdcfa312b1f806064510b2ffaa32bec805b645bb1dcfa3b2b1f809464510b43faa32b87aa5b64320bdcfa222b1f800d64510b8ffaa32b1f805b64510bdcfaa32b1f805b64510bdcfaa32b1f805b64430bdcfaa32b1f805b64510bdcfaa32b1f805b64
2026-10-01 20:30:40.654 [OP] 40E3 inv=FFBB len=68 #1 2d87c464fba5a7fac32b62804764830bdefaf82b6480c36414ec52fa56535980f7df580b68c4202b58aa406485ec8ffa5553ad80c6dffc0bb8c4db2b2eaa0d6486d08bfa
2026-10-01 20:30:40.654 [OP] 40E2 inv=FFF3 len=12 #1 baecfc0b6f5a4e7845809564
2026-10-01 20:30:40.654 [OP] 4232 inv=FF60 len=159 #1 a923d0dce0a32b1f4f5b645127dcfaa3de1f805b6f510bdc1c462b1f805b64510bdcfaa32b1f805b64510bdcfaa32b1f805b64510bdcfaa39aad805b64510bdccbf82b1f805b64514852faa32b1f805b5b580bdcfaa32b1fde7a6451f452faa359ca805ba0510bdc25a32b1fef5b6451c4dcfaa36959805bc2510bdc85a32b1fc45b64510bdcfaa32cd672eca2d661e2b05b931f805b64510bdcfaa32b1f80
2026-10-01 20:30:40.654 [OP] 4232 inv=FF60 len=159 #2 a923d0dcaea32b1f8c5b6451b2dcfaa3061f805b08510bdccd202b1f805b64510bdcfaa32b1f805b64510bdcfaa32b1f805b64510bdcfaa3281f805b64510bdcb2a32b1f805b6451d7dcfaa32b1f805b11510bdcfaa32b1f007a6451e3dcfaa3931f805b7f510bdce0a32b1fef5b6451c4dcfaa37c1f805bf8510bdce0a32b1f4f5b64510bdcfaa32cd672eca2d661e2b05b2b1f805bdf510bdcfaa32b1f80
2026-10-01 20:30:40.654 [OP] 4202 inv=FFEF len=16 #1 d5ecdcfab42b1f806adf510be4c4a32b
2026-10-01 20:30:40.654 [OP] 4055 inv=FFF7 len=8 #1 baecfc0bdcfaa32b
2026-10-01 20:30:40.654 [OP] 401B inv=FEF3 len=268 #1 baecfc0b8bfaa32b0f805b64b4b252fada2b1f802964510b606ea32b1f805b64135fdcfaa32b1f80e9df510bdcfaa32be6c75b64510bdcfa16876c842d43520bdcfaa32b1f805b645152155a603bad803564510b68faa32b45ca5b64510bdcfac37c1f805b64510b03faa32b1f805b64db7fdcfaa32b1f8026b35c3828d7fb2b1f805b64510bdcfaa32b91b0baecfc0bddfaa32bab805b6403c4dcfaa32b1f80
2026-10-01 20:30:40.676 [OUT] 0185 inv=FFF7 len=12 #1 f7ff8501dcfaa32bc8d97b81
2026-10-01 20:30:40.725 [OP] 40A0 inv=FF07 len=248 #5 baecfc0b8b0e392b5e605b6439ecdcfadb4ac3548a70b105cd97600e1f805b64510bdcfaa32b1f805b64510bdcfaa32b1f805b64510bdcfaa32b1f8030dfced078c4b1deef125b64e07fdcfadb4ae4f1245d510bdcfaa32b1f805b64510bdcfaa32b1f805b64510bdcfaa32b1f805b64510bdcfaa32b1f806bf84bd0a7e8fcde6fce5b64a9d0dcfadb4a402fed6d510bdcfaa32b1f805b64510bdcfaa32b1f80
2026-10-01 20:31:15.959 [SYS] #ff0000#您已进入野外区域，可能遭遇玩家间的自由对战，请注意安全！#ffffff#
2026-10-01 20:31:15.959 [OP] 4202 inv=FFEF len=16 #2 feecdcfab42b1f8056df510bc3c4a32b
2026-10-01 20:31:15.959 [OP] 40E0 inv=FED1 len=302 #2 fb8052fa29ce1f805b64510bc2faa32b1f805b6403c4dcfaa32b1f80b364510bdcfaa32b76d15b64fc0bdcfa392b1f804864510b2ffaa32bad805b64750bdcfa312b1f806064510b2ffaa32bec805b645bb1dcfa3b2b1f809464510b43faa32b87aa5b64320bdcfa222b1f800d64510b8ffaa32b1f805b64510bdcfaa32b1f805b64510bdcfaa32b1f805b64430bdcfaa32b1f805b64510bdcfaa32b1f805b64
2026-10-01 20:31:15.959 [OP] 40E3 inv=FFBB len=68 #2 2d87c464fb0bdcfac32b62804764830bdefaf82b6480c36414ec52fa56535980f7df580b68c4202b58aa406485ec8ffa5553ad80c6dffc0bb8c4db2b2eaa0d6486d08bfa
2026-10-01 20:31:15.961 [OP] 40E2 inv=FFF3 len=12 #2 baecfc0b6f9eb42b45809564
2026-10-01 20:31:15.961 [OP] 4232 inv=FF60 len=159 #3 a923d0dce0a32b1f4f5b645127dcfaa3de1f805b6f510bdc1c462b1f805b64510bdcfaa32b1f805b64510bdcfaa32b1f805b64510bdcfaa39aad805b64510bdccbf82b1f805b64514852faa32b1f805b5b580bdcfaa32b1fde7a6451f452faa359ca805ba0510bdc25a32b1fef5b6451c4dcfaa36959805bc2510bdc85a32b1fc45b64510bdcfaa32cd672eca2d661e2b05b931f805b64510bdcfaa32b1f80
2026-10-01 20:31:15.961 [OP] 4232 inv=FF60 len=159 #4 a923d0dcaea32b1f8c5b6451b2dcfaa3061f805b08510bdccd202b1f805b64510bdcfaa32b1f805b64510bdcfaa32b1f805b64510bdcfaa3281f805b64510bdcb2a32b1f805b6451d7dcfaa32b1f805b11510bdcfaa32b1f007a6451e3dcfaa3931f805b7f510bdce0a32b1fef5b6451c4dcfaa37c1f805bf8510bdce0a32b1f4f5b64510bdcfaa32cd672eca2d661e2b05b2b1f805bdf510bdcfaa32b1f80
2026-10-01 20:31:15.961 [OP] 401B inv=FEF3 len=268 #2 baecfc0b8bfaa32b0f805b64b4b252fada2b1f802964510b606ea32b1f805b64135fdcfaa32b1f80e9df510bdcfaa32be6c75b64510bdcfa16876c842d43520bdcfaa32b1f805b645152155a603bad803564510b68faa32b45ca5b64510bdcfac37c1f805b64510b03faa32b1f805b64db7fdcfaa32b1f8026b35c3828d7fb2b1f805b64510bdcfaa32c91b0baecfc0bddfaa32bab805b6403c4dcfaa32b1f80
2026-10-01 20:31:16.073 [OP] 4055 inv=FFF7 len=8 #2 baecfc0bdcfaa32b
2026-10-01 20:31:16.223 [OUT] 0185 inv=FFF7 len=12 #2 f7ff8501dcfaa32bc8d97b81
2026-10-01 20:34:22.006 [OUT] 0105 inv=FFFA len=9 #1 faff0501faa32b1faa
2026-10-01 20:34:22.067 [OP] 40E0 inv=FED1 len=302 #3 fb8052fa29ce1f805b64510bc2faa32b1f805b6403c4dcfaa32b1f80b364510bdcfaa32b76d15b64fc0bdcfa392b1f804864510b2ffaa32bad805b64750bdcfa312b1f806064510b2ffaa32bec805b645bb1dcfa3b2b1f809464510b43faa32b87aa5b64320bdcfa222b1f800d64510b8ffaa32b1f805b64510bdcfaa32b1f805b64510bdcfaa32b1f805b64430bdcfaa32b1f805b64510bdcfaa32b1f805b64
2026-10-01 20:34:22.094 [OUT] 0185 inv=FFF7 len=12 #3 f7ff8501dcfaa32bc8d97b81
2026-10-01 20:34:22.146 [OP] 40E3 inv=FFBB len=68 #3 2d87c464fb56a7fac32b62804764830bdefaf82b6480c36414ec52fa56535980f7df580b68c4202b58aa406485ec8ffa5553ad80c6dffc0bb8c4db2b2eaa0d6486d08bfa
2026-10-01 20:34:22.147 [OP] 40E2 inv=FFF3 len=12 #3 baecfc0b6f0cb42b45809564
2026-10-01 20:34:22.147 [OP] 47A4 inv=FFFA len=5 #1 a923d0dcc4
2026-10-01 20:34:22.278 [OUT] 004E inv=FFFA len=9 #2 faff4e00e9580bdcae
2026-10-01 20:34:22.398 [OP] 4029 inv=FFDF len=32 #2 baecfc0b00faa32b1f805b64390bdcfaa32b1f80137f510b8fc4f82b6b809564
2026-10-01 20:35:41.212 [SYS] #ff0000#您已进入野外区域，可能遭遇玩家间的自由对战，请注意安全！#ffffff#
2026-10-01 20:35:41.308 [OP] 4202 inv=FFEF len=16 #3 95ecdcfab42b1f8072df510be4c4a32b
2026-10-01 20:35:41.308 [OP] 40E0 inv=FED1 len=302 #4 fb8052fa29ce1f805b64510bc2faa32b1f805b6403c4dcfaa32b1f80b364510bdcfaa32b76d15b64fc0bdcfa392b1f804864510b2ffaa32bad805b64750bdcfa312b1f806064510b2ffaa32bec805b645bb1dcfa3b2b1f809464510b43faa32b87aa5b64320bdcfa222b1f800d64510b8ffaa32b1f805b64510bdcfaa32b1f805b64510bdcfaa32b1f805b64430bdcfaa32b1f805b64510bdcfaa32b1f805b64
2026-10-01 20:35:41.308 [OP] 40E3 inv=FFBB len=68 #4 2d87c464fb0bdcfac32b62804764830bdefaf82b6480c36414ec52fa56535980f7df580b68c4202b58aa406485ec8ffa5553ad80c6dffc0bb8c4db2b2eaa0d6486d08bfa
2026-10-01 20:35:41.308 [OP] 40E2 inv=FFF3 len=12 #4 baecfc0b6f5a4e7845809564
2026-10-01 20:35:41.308 [OP] 4232 inv=FF60 len=159 #5 a923d0dce0a32b1f4f5b645127dcfaa3de1f805b6f510bdc1c462b1f805b64510bdcfaa32b1f805b64510bdcfaa32b1f805b64510bdcfaa39aad805b64510bdccbf82b1f805b64514852faa32b1f805b5b580bdcfaa32b1fde7a64518652faa359ca805ba0510bdc25a32b1fef5b6451c4dcfaa36959805bc2510bdc85a32b1fc45b64510bdcfaa32cd672eca2d661e2b05b931f805b64510bdcfaa32b1f80
2026-10-01 20:35:41.308 [OP] 401B inv=FEF3 len=268 #3 baecfc0b8bfaa32b0f805b64b4b252fada2b1f802964510b606ea32b1f805b64135fdcfaa32b1f80e9df510bdcfaa32be6c75b64510bdcfa16876c842d43520bdcfaa32b1f805b645152155a603bad803564510b68faa32b45ca5b64510bdcfac37c1f805b64510b03faa32b1f805b64db7fdcfaa32b1f8026b35c3828d7fb2b1f805b64510bdcfaa34a91b0baecfc0bddfaa32bab805b6403c4dcfaa32b1f80
2026-10-01 20:35:41.407 [OP] 4055 inv=FFF7 len=8 #3 baecfc0bdcfaa3ce
2026-10-01 20:35:41.468 [OUT] 0185 inv=FFF7 len=12 #4 f7ff8501dcfaa32bc8d97b81
2026-10-01 20:35:47.640 [SYS] #ff0000#您已进入野外区域，可能遭遇玩家间的自由对战，请注意安全！#ffffff#
2026-10-01 20:35:47.640 [OP] 40E0 inv=FED1 len=302 #5 fb8052fa29ce1f805b64510bc2faa32b1f805b6403c4dcfaa32b1f80b364510bdcfaa32b76d15b64fc0bdcfa392b1f804864510b2ffaa32bad805b64750bdcfa312b1f806064510b2ffaa32bec805b645bb1dcfa3b2b1f809464510b43faa32b87aa5b64320bdcfa222b1f800d64510b8ffaa32b1f805b64510bdcfaa32b1f805b64510bdcfaa32b1f805b64430bdcfaa32b1f805b64510bdcfaa32b1f805b64
2026-10-01 20:35:47.640 [OP] 40E3 inv=FFBB len=68 #5 2d87c464fb0bdcfac32b62804764830bdefaf82b6480c36414ec52fa56535980f7df580b68c4202b58aa406485ec8ffa5553ad80c6dffc0bb8c4db2b2eaa0d6486d08bfa
2026-10-01 20:35:47.640 [OP] 40E2 inv=FFF3 len=12 #5 baecfc0b6f5a4e7845809564
2026-10-01 20:35:47.642 [OP] 401B inv=FEF3 len=268 #4 baecfc0b8bfaa32b0f805b64b4b252fada2b1f802964510b606ea32b1f805b64135fdcfaa32b1f80e9df510bdcfaa32be6c75b64510bdcfa16876c842d43520bdcfaa32b1f805b6451ecdcfa603bad803564510b68faa32b45ca5b64510bdcfac37c1f805b64510b03faa32b1f805b64db7fdcfaa32b1f8026b35c3828d7fb2b1f805b64510bdcfaa32c1c48baecfc0bddfaa32bab805b6403c4dcfaa32b1f80
2026-10-01 20:35:47.651 [OUT] 0185 inv=FFF7 len=12 #5 f7ff8501dcfaa32bc8d97b81
2026-10-01 20:35:47.703 [OP] 4202 inv=FFEF len=16 #4 feecdcfab42b1f80d07f510b2625a32b
2026-10-01 20:35:47.703 [OP] 4055 inv=FFF7 len=8 #4 baecfc0bdcfaa32b
2026-10-01 20:36:06.460 [OP] 4233 inv=FFFA len=5 #1 a07a7f51ec
2026-10-01 20:36:06.460 [OP] 40F6 inv=FFEF len=16 #1 5f5dad805b64510bdcfaa32bca802264
2026-10-01 20:39:39.846 [SYS] #ff0000#您已进入野外区域，可能遭遇玩家间的自由对战，请注意安全！#ffffff#
2026-10-01 20:39:39.956 [OP] 4202 inv=FFEF len=16 #5 b7ecdcfa572b1f80387f510b80c4a32b
2026-10-01 20:39:39.956 [OP] 4055 inv=FFF7 len=8 #5 baecfc0bdcfaa32b
2026-10-01 20:39:39.957 [OP] 401B inv=FEF3 len=268 #5 baecfc0b8bfaa32b0f805b64b4b252fada2b1f802964510b606ea32b1f805b64135fdcfaa32b1f80e9df510bdcfaa32be6c75b64510bdcfa16876c842d43520bdcfaa32b1f805b6451afdcfa603bad803564510b68faa32b45ca5b64510bdcfac37c1f805b64510b59c4a32b1f805b64db7fdcfaa32b1f8026b35c3828d7fb2b1f805b64510bdcfaa32b1fc7baecfc0bddfaa32bab805b6403c4dcfaa32b1f80
2026-10-01 20:39:44.228 [OP] 4705 inv=FFB8 len=71 #1 a07a7f5134a722a3cb67ce5bfc580bdcfaa32b1f491c64510bdcfaa3a359805b64510bdcf3392b1f805b645131dcfaa32f1f805bac51a2da2bf0b3bb341a64510bdcfaa32b1f80
2026-10-01 20:39:46.201 [SYS] #ff0000#您已进入野外区域，可能遭遇玩家间的自由对战，请注意安全！#ffffff#
2026-10-01 20:40:00.219 [SYS] #00FFFF#国庆节特别活动“红旗飘飘贺国庆”#00FF00#正式开启#00FFFF#，冒险者可以在逍遥西的#FF0000#大冒险活动官#00FFFF#处参加活动，收集喜庆用品装饰旗台，赢取丰富的属性及道具奖励，幸运的冒险者还将得到#FF0000#稀有奖励#FFFFFF#！
2026-10-01 20:40:15.914 [OP] 4031 inv=FF5C len=163 #1 39510cdc22a32b1faa5b5003b3a22d1d88ab6a30051648b0c54f67e87106671df42db834677c499871136a78ec4f67e88f138787e92a934f67c31663b97fb353001618b0a4a9e9744c6828349aa250a2d8899e38d5a8671213a96706a4b1ec34679694f3b3e1a6b6ccc29b40f32cce4d87f0775131a2b1f389f9140fb35120bb4c848980ef6e165119aeeb837bc06919740e23d0e4346451e49cfc58f33ee554
2026-10-01 20:41:00.032 [SYS] #00FF00#1#00FFFF#分钟后逍遥村周围将掉落20个宝箱，捡取可获得意外惊喜喔！#FFFFFF#
2026-10-01 20:41:08.052 [OUT] 1004 inv=FFF3 len=16 #1 f3ff0410daf39f2b59801b64510bdcfa
2026-10-01 20:41:08.208 [OP] 4110 inv=FFFD len=2 #1 222b
2026-10-01 20:41:08.245 [OUT] 1004 inv=FFF3 len=16 #2 f3ff0410daf39f2b59801b64510bdcfa
2026-10-01 20:41:08.305 [OP] 4110 inv=FFFD len=2 #2 222b
2026-10-01 20:41:08.427 [OUT] 1004 inv=FFF3 len=16 #3 f3ff0410daf39f2b59801b64510bdcfa
2026-10-01 20:41:08.501 [OP] 4110 inv=FFFD len=2 #3 222b
2026-10-01 20:41:09.135 [OUT] 1004 inv=FFF3 len=16 #4 f3ff0410daf39f2b5980ba64510bdcfa
2026-10-01 20:41:09.257 [OP] 4110 inv=FFFD len=2 #4 722b
2026-10-01 20:41:09.332 [OUT] 1004 inv=FFF3 len=16 #5 f3ff0410daf39f2b5980ba64510bdcfa
2026-10-01 20:41:09.607 [OP] 4110 inv=FFFD len=2 #5 722b
2026-10-01 20:41:33.195 [OUT] 1005 inv=FFEF len=20 #1 efff0510582b842b4dc75cdffc0bd3c4a32b1f80
2026-10-01 20:41:57.392 [OUT] 1005 inv=FFEF len=20 #2 efff0510582b842b4d795cdffc0bd3c4a32b1f80
2026-10-01 20:41:57.680 [OUT] 1005 inv=FFEF len=20 #3 efff0510582b842b4d795cdffc0bd3c4a32b1f80
2026-10-01 20:41:57.958 [OUT] 1005 inv=FFEF len=20 #4 efff0510582b842b4d795cdffc0bd3c4a32b1f80
2026-10-01 20:41:58.217 [OUT] 1005 inv=FFEF len=20 #5 efff0510582b842b4d795cdffc0bd3c4a32b1f80
2026-10-01 20:42:07.756 [OP] 40E6 inv=FFF3 len=12 #1 5f5dad8017ec510bdcfaa32b
2026-10-01 20:42:07.842 [OP] 4210 inv=FFF3 len=12 #1 710bdcfab42b1f80baecfc0b
2026-10-01 20:42:30.242 [OP] 4233 inv=FFFA len=5 #2 a07a7f51ec
2026-10-01 20:42:30.242 [OP] 40F6 inv=FFEF len=16 #2 5f5dad809564510bdcfaa32bca87c464
2026-10-01 20:43:26.216 [OP] 4210 inv=FFF3 len=12 #2 710bdcfaf62b1f8057ecfc0b
2026-10-01 20:43:49.412 [SYS] #00FF00#1#00FFFF#分钟后逍遥村周围将掉落20个宝箱，捡取可获得意外惊喜喔！#FFFFFF#
2026-10-01 20:43:49.515 [SYS] #00FFFF#10位玉女携带礼物参加国庆活动，#00FF00#5#00FFFF#分钟后将出现在夕阳草原，请各位冒险者前去保护她们免受BOSS骚扰#FF0000#（BOSS有一定几率携带稀有宝宝）。#FFFFFF#
2026-10-01 20:44:46.454 [OP] 40E1 inv=FFED len=18 #1 baecfc0b6ffadb54ca809564580b5252f82b
2026-10-01 20:44:46.454 [SYS] 获得了#00FF00#1#FFF692#个#64FF7D#碧玉葫芦
2026-10-01 20:44:46.454 [OP] 4020 inv=FFE7 len=24 #1 fb8052fa672bca8094cdfc0b91a7a32bca809564830b5efa
2026-10-01 20:44:46.473 [OUT] 0045 inv=FFF7 len=12 #1 f7ff4500510bdcfa232b1f80
2026-10-01 20:44:46.710 [OP] 4025 inv=FFF5 len=10 #1 23533832c4df51ece2fa
2026-10-01 20:46:49.458 [SYS] #00FFFF#10位玉女携带礼物参加国庆活动，#00FF00#2#00FFFF#分钟后将出现在夕阳草原，请各位冒险者前去保护她们免受BOSS骚扰#FF0000#（BOSS有一定几率携带稀有宝宝）。#FFFFFF#
2026-10-01 20:47:33.699 [SYS] 获得了#00FF00#1#FFF692#个#64FF7D#黄玉葫芦
2026-10-01 20:47:33.798 [OP] 4020 inv=FFE7 len=24 #2 fb8052fa672bca8094cdfc0bcea7a32bca8095640b0bc4fa
2026-10-01 20:47:33.808 [OUT] 0045 inv=FFF7 len=12 #2 f7ff4500510bdcfa202b1f80
2026-10-01 20:47:33.895 [OP] 4025 inv=FFF5 len=10 #2 20533832c4df51ece2fa
2026-10-01 20:47:39.905 [SYS] #00FF00#1#00FFFF#分钟后逍遥村周围将掉落20个宝箱，捡取可获得意外惊喜喔！#FFFFFF#
2026-10-01 20:47:49.399 [SYS] #00FFFF#10位玉女携带礼物参加国庆活动，#00FF00#1#00FFFF#分钟后将出现在夕阳草原，请各位冒险者前去保护她们免受BOSS骚扰#FF0000#（BOSS有一定几率携带稀有宝宝）。#FFFFFF#
2026-10-01 20:48:49.417 [SYS] #00FFFF#10位玉女携带礼物参加国庆活动，已经出现在夕阳草原，请各位冒险者前去保护她们免受BOSS骚扰（BOSS有一定几率携带稀有宝宝）。#FFFFFF#
2026-10-01 20:49:35.387 [OP] 40E1 inv=FFED len=18 #2 baecfc0b6ffadb54ca809564580b5252f82b
2026-10-01 20:49:36.380 [OP] 4031 inv=FFCD len=50 #2 34fa5f2bf3805b64510b2c938a4eff719893bcf2d897a62796943027740a1e6d032b1fb16deb8860ef38c1acc526b36de20b
2026-10-01 20:50:36.204 [OUT] 004E inv=FFFA len=9 #3 faff4e00e9580bdcae
2026-10-01 20:50:36.423 [OP] 4029 inv=FFDF len=32 #3 baecfc0ba0faa32b1f805b64ed0bdcfaa32b1f80137f510b8fc4f82b93809564
2026-10-01 20:53:58.446 [OP] 4031 inv=FFC9 len=54 #3 11647b0b0afaa32b1f80e9ea252e53d880661e131ab40646d897a6f7c66ae9ea5c935d23a32ba766edc0b114f8edf459400bfd8dc60b
2026-10-01 20:54:09.342 [OP] 4210 inv=FFF3 len=12 #3 710bdcfa822b1f80a1ecfc0b
2026-10-01 20:54:37.476 [OP] 40E1 inv=FFED len=18 #3 baecfc0b6ffadb54ca809564580b521ff82b
2026-10-01 20:54:39.403 [OUT] 004E inv=FFFA len=9 #4 faff4e00e9580bdcae
2026-10-01 20:54:39.483 [OP] 4029 inv=FFDF len=32 #4 baecfc0ba0faa32b1f805b64ed0bdcfaa32b1f80137f510b8fc4f82ba1809564
2026-10-01 20:58:23.917 [SYS] #00FF00#1#00FFFF#分钟后逍遥村周围将掉落20个宝箱，捡取可获得意外惊喜喔！#FFFFFF#
2026-10-01 20:58:24.031 [SYS] #00FFFF#10位玉女携带礼物参加国庆活动，#00FF00#5#00FFFF#分钟后将出现在夕阳草原，请各位冒险者前去保护她们免受BOSS骚扰#FF0000#（BOSS有一定几率携带稀有宝宝）。#FFFFFF#
2026-10-01 21:00:00.157 [SYS] #00FFFF#国庆节特别活动“红旗飘飘贺国庆”#00FF00#正式开启#00FFFF#，冒险者可以在逍遥西的#FF0000#大冒险活动官#00FFFF#处参加活动，收集喜庆用品装饰旗台，赢取丰富的属性及道具奖励，幸运的冒险者还将得到#FF0000#稀有奖励#FFFFFF#！
2026-10-01 21:01:23.920 [SYS] #00FFFF#10位玉女携带礼物参加国庆活动，#00FF00#2#00FFFF#分钟后将出现在夕阳草原，请各位冒险者前去保护她们免受BOSS骚扰#FF0000#（BOSS有一定几率携带稀有宝宝）。#FFFFFF#
2026-10-01 21:01:37.501 [SYS] #00FF00#1#00FFFF#分钟后逍遥村周围将掉落20个宝箱，捡取可获得意外惊喜喔！#FFFFFF#
2026-10-01 21:02:23.925 [SYS] #00FFFF#10位玉女携带礼物参加国庆活动，#00FF00#1#00FFFF#分钟后将出现在夕阳草原，请各位冒险者前去保护她们免受BOSS骚扰#FF0000#（BOSS有一定几率携带稀有宝宝）。#FFFFFF#
2026-10-01 21:03:16.949 [OP] 4233 inv=FFFA len=5 #3 a07a7f51ec
2026-10-01 21:03:16.951 [OP] 40F6 inv=FFEF len=16 #3 5f5dad805b64510bdcfaa32bca07c464
2026-10-01 21:03:23.922 [SYS] #00FFFF#10位玉女携带礼物参加国庆活动，已经出现在夕阳草原，请各位冒险者前去保护她们免受BOSS骚扰（BOSS有一定几率携带稀有宝宝）。#FFFFFF#
2026-10-01 21:03:39.528 [SYS] #00FF00#1#00FFFF#分钟后逍遥村周围将掉落20个宝箱，捡取可获得意外惊喜喔！#FFFFFF#
2026-10-01 21:04:27.807 [SYS] #FFF692#恭喜#FF8CF8#Nnnnnn1#FFF692#在#00C8F8#国庆福袋#FFF692#中获得了#64FF7D#摄魂铃铛
2026-10-01 21:04:29.141 [SYS] #FFF692#恭喜#FF8CF8#Nnnnnn1#FFF692#在#00C8F8#国庆福袋#FFF692#中获得了#64FF7D#古老的袖里剑
2026-10-01 21:04:34.372 [SYS] #FFF692#恭喜#FF8CF8#Nnnnnn1#FFF692#在#00C8F8#国庆福袋#FFF692#中获得了#64FF7D#宠物印记
2026-10-01 21:05:59.561 [SYS] #FFF692#恭喜#FF8CF8#Nnnnnn1#FFF692#在#00C8F8#国庆福袋#FFF692#中获得了#64FF7D#宠物印记
2026-10-01 21:06:00.382 [SYS] #FFF692#恭喜#FF8CF8#Nnnnnn1#FFF692#在#00C8F8#国庆福袋#FFF692#中获得了#64FF7D#魔法命运骰子
2026-10-01 21:09:08.243 [QUESTION] {"type":"question","sock":2572,"qno":2,"field_a":74,"stem":"地球公转的方向是怎样的?","options":["1、上下蹦","2、左右晃悠","3、社会摇","4、自西向东"]}
2026-10-01 21:09:09.244 [UI] auto dump on question qno=2
2026-10-01 21:09:09.244 [UI] ---- window dump begin (pid 36600) ----
2026-10-01 21:09:09.285 [UI] TOP=00260650 vis=1 cls=ATL:012FF210 rc=(410,92,1450,899) title=什么什么大冒险2(①逍遥村敬老院)-自由一号_Sep 24 2026《什么什么大冒险》制作委员会QQ群:515616289
2026-10-01 21:09:09.285 [UI] TOP=005D0E76 vis=0 cls=DIEmWin rc=(-1,-1,135,38) title=DIEmWin
2026-10-01 21:09:09.294 [UI] TOP=000506AA vis=0 cls=MSCTFIME UI rc=(0,0,0,0) title=MSCTFIME UI
2026-10-01 21:09:09.301 [UI] TOP=0008077A vis=0 cls=IME rc=(0,0,0,0) title=Default IME
2026-10-01 21:09:09.302 [UI] TOP=00130578 vis=0 cls=IME rc=(0,0,0,0) title=Default IME
2026-10-01 21:09:09.302 [UI] ---- window dump end ----
2026-10-01 21:09:09.554 [SEND-ANSWER] qno=2 opt=3 ret=13 sock=2572
2026-10-01 21:09:09.605 [SYS] 测试通过！
2026-10-01 21:09:09.705 [SYS] 获得了#00FF00#100#FFF692#金币
2026-10-01 21:09:09.705 [CURRENCY] a=201743 b=314930
2026-10-01 21:09:11.356 [UI] auto-closing quiz frame: qno=2 opt=3
2026-10-01 21:09:11.366 [UI] option 3 control NOT found — falling back to digit key
2026-10-01 21:09:12.190 [OUT] 1F04 inv=FFF6 len=13 #3 f6ff041fce1f805bf8510bdc22
2026-10-01 21:09:58.059 [SYS] #00FF00#1#00FFFF#分钟后逍遥村周围将掉落20个宝箱，捡取可获得意外惊喜喔！#FFFFFF#
2026-10-01 21:10:42.564 [OP] 4031 inv=FFE9 len=22 #4 fc0bfafa382b1f805b64520bdc640448827a7ee5e20b
2026-10-01 21:11:34.927 [OP] 4031 inv=FFE9 len=22 #5 fc0bfafaf82b1f8095647f0bdc3be37940c288673d0b
2026-10-01 21:12:31.520 [OP] 4707 inv=FFF3 len=12 #2 5f5dad8057ecfc0b17faa32b
2026-10-01 21:13:10.733 [SYS] #00FF00#1#00FFFF#分钟后逍遥村周围将掉落20个宝箱，捡取可获得意外惊喜喔！#FFFFFF#
2026-10-01 21:13:24.891 [OP] 40E1 inv=FFED len=18 #4 baecfc0b6ffadb54ca809564580b521ff82b
2026-10-01 21:13:26.815 [OUT] 004E inv=FFFA len=9 #5 faff4e00e9580bdcae
2026-10-01 21:13:26.886 [OP] 4029 inv=FFDF len=32 #5 baecfc0b3dfaa32b1f805b64ac0bdcfaa32b1f80137f510b8fc4f82b03809564
2026-10-01 21:16:13.807 [OP] 40E1 inv=FFED len=18 #5 baecfc0b6ffadb54ca809564580b521ff82b
2026-10-01 21:17:33.272 [SYS] #FFF692#恭喜#FF8CF8#白酒啤酒#FFF692#打造出#64FF7D#+10#FFF692#装备
2026-10-01 21:20:00.143 [SYS] #00FFFF#国庆节特别活动“红旗飘飘贺国庆”#00FF00#正式开启#00FFFF#，冒险者可以在逍遥西的#FF0000#大冒险活动官#00FFFF#处参加活动，收集喜庆用品装饰旗台，赢取丰富的属性及道具奖励，幸运的冒险者还将得到#FF0000#稀有奖励#FFFFFF#！
2026-10-01 21:23:38.861 [OP] 4210 inv=FFF3 len=12 #4 140bdcfab12b1f80a1ecfc0b
2026-10-01 21:25:46.598 [OP] 40E6 inv=FFF3 len=12 #2 5f5dad802db0510bdcfaa32b
2026-10-01 21:25:46.598 [OP] 4210 inv=FFF3 len=12 #5 140bdcfa5f2b1f80baecfc0b
2026-10-01 21:27:10.167 [SYS] #ff0000#您已进入野外区域，可能遭遇玩家间的自由对战，请注意安全！#ffffff#
2026-10-01 21:27:17.570 [SYS] #ff0000#您已进入野外区域，可能遭遇玩家间的自由对战，请注意安全！#ffffff#
2026-10-01 21:29:31.084 [SYS] #00FF00#1#00FFFF#分钟后逍遥村周围将掉落20个宝箱，捡取可获得意外惊喜喔！#FFFFFF#
2026-10-01 21:30:00.131 [SYS] #FF0000#世界BOSS#00FFFF#将于#FFFF00#10#00FFFF#分钟后开始，大家赶紧到#00c2ff#龙之都#00FFFF#找#ff8dff#老刘(3666,1959)#00FFFF#报名！
2026-10-01 21:30:01.710 [SYS] #ff0000#您已进入野外区域，可能遭遇玩家间的自由对战，请注意安全！#ffffff#
2026-10-01 21:36:01.350 [SYS] #ff0000#您已进入野外区域，可能遭遇玩家间的自由对战，请注意安全！#ffffff#
2026-10-01 21:38:41.783 [SYS] #00FF00#1#00FFFF#分钟后逍遥村周围将掉落20个宝箱，捡取可获得意外惊喜喔！#FFFFFF#
2026-10-01 21:39:59.496 [SYS] #ff0000#您已进入野外区域，可能遭遇玩家间的自由对战，请注意安全！#ffffff#
2026-10-01 21:40:00.134 [SYS] #FF0000#世界BOSS#00FFFF#已经开始，请大家到相应的地图痛扁BOSS或到#00c2ff#龙之都#00FFFF#找#ff8dff#老刘(3666,1959)#00FFFF#报名！
2026-10-01 21:40:30.435 [SYS] #ff0000#您已进入野外区域，可能遭遇玩家间的自由对战，请注意安全！#ffffff#
2026-10-01 21:41:26.505 [SYS] #ff0000#您已进入野外区域，可能遭遇玩家间的自由对战，请注意安全！#ffffff#
2026-10-01 21:41:32.830 [SYS] #00FFFF#世界BOSS已被#00FF00#[URL]超级恶霸龟龟酱[/URL]#00FFFF#首杀，活动即将结束，感谢大家的参与，请大家30分钟后到#00c2ff#龙之都#00FFFF#找#ff8dff#老刘(3666,1959)#00FFFF#领取活动奖励！
2026-10-01 21:41:54.093 [SYS] #ff0000#您已进入野外区域，可能遭遇玩家间的自由对战，请注意安全！#ffffff#
2026-10-01 21:43:16.499 [OP] 4705 inv=FFB8 len=71 #2 a07a7f5134a722a3ed67ce5b670b0bdcfaa32b1f2b4064510bdcfaa31e1f805b64510bdc91a32b1f805b645131dcfaa34e1f805b6151a2da2bf00ad2341a64510bdcfaa32b1f80
2026-10-01 21:43:52.048 [SYS] #ff0000#您已进入野外区域，可能遭遇玩家间的自由对战，请注意安全！#ffffff#
2026-10-01 21:43:54.967 [SYS] #ff0000#您已进入野外区域，可能遭遇玩家间的自由对战，请注意安全！#ffffff#
2026-10-01 21:45:26.028 [SYS] #00FF00#1#00FFFF#分钟后逍遥村周围将掉落20个宝箱，捡取可获得意外惊喜喔！#FFFFFF#
2026-10-01 21:45:53.009 [SYS] 获得了#00FF00#1#FFF692#个#64FF7D#碧玉葫芦
2026-10-01 21:45:53.009 [OP] 4020 inv=FFE7 len=24 #3 fb8052fa672bca8094cdfc0b91a7a32bca809564830b4ffa
2026-10-01 21:45:53.019 [OUT] 0045 inv=FFF7 len=12 #3 f7ff4500510bdcfa232b1f80
2026-10-01 21:45:53.172 [OP] 4025 inv=FFF5 len=10 #3 23533832c4df51ece2fa
2026-10-01 21:50:00.144 [SYS] #00FFFF#国庆节特别活动“红旗飘飘贺国庆”将于#00FF00#10#00FFFF#分钟后结束，装饰国旗将在活动结束#00FF00#30#00FFFF#分钟后关闭。请冒险者抓紧时间喔！#FFFFFF#
2026-10-01 21:50:10.878 [OP] 4233 inv=FFFA len=5 #4 a07a7f51ec
2026-10-01 21:50:10.878 [OP] 40F6 inv=FFEF len=16 #4 5f5dad809564510bdcfaa32bca805b34
2026-10-01 21:54:51.929 [SYS] #00FF00#1#00FFFF#分钟后逍遥村周围将掉落20个宝箱，捡取可获得意外惊喜喔！#FFFFFF#
2026-10-01 21:54:55.960 [SYS] #FFF692#恭喜#FF8CF8#全斗焕#FFF692#打造出#64FF7D#+10#FFF692#装备
2026-10-01 21:55:00.186 [SYS] #00FFFF#国庆节特别活动“红旗飘飘贺国庆”将于#00FF00#5#00FFFF#分钟后结束，装饰国旗将在活动结束#00FF00#30#00FFFF#分钟后关闭。请冒险者抓紧时间喔！#FFFFFF#
2026-10-01 21:57:40.742 [SYS] #FFF692#恭喜#FF8CF8#车圭宪#FFF692#打造出#64FF7D#+10#FFF692#装备
2026-10-01 21:58:54.089 [SYS] #FFF692#恭喜#FF8CF8#俞学圣#FFF692#打造出#64FF7D#+10#FFF692#装备
2026-10-01 21:58:59.225 [SYS] #FFF692#恭喜#FF8CF8#俞学圣#FFF692#打造出#64FF7D#+10#FFF692#装备
2026-10-01 21:59:00.177 [SYS] #00FFFF#国庆节特别活动“红旗飘飘贺国庆”将于#00FF00#1#00FFFF#分钟后结束，装饰国旗将在活动结束#00FF00#30#00FFFF#分钟后关闭。请冒险者抓紧时间喔！#FFFFFF#
2026-10-01 22:00:00.137 [SYS] #00FFFF#国庆焰火晚会开始了，冒险者可到旗台处参与燃放烟花，幸运者还可能得到稀有奖励喔！装饰国旗以及燃放烟花将在#00FF00#30#00FFFF#分钟后关闭，请冒险者抓紧时间喔！#FFFFFF#
2026-10-01 22:00:03.771 [SYS] #FF8CF8#【Nnnnnn1】#00FFFF#放了一个大炮仗，在逍遥村东区周围炸出红星券，大家快来抢哟！
2026-10-01 22:00:04.439 [SYS] #FF8CF8#【Nnnnnn1】#00FFFF#放了一个大炮仗，在逍遥村东区周围炸出红星券，大家快来抢哟！
2026-10-01 22:00:05.174 [SYS] #FF8CF8#【Nnnnnn1】#00FFFF#放了一个大炮仗，在逍遥村东区周围炸出红星券，大家快来抢哟！
2026-10-01 22:00:05.828 [SYS] #FF8CF8#【Nnnnnn1】#00FFFF#放了一个大炮仗，在逍遥村东区周围炸出红星券，大家快来抢哟！
2026-10-01 22:00:06.456 [SYS] #FF8CF8#【Nnnnnn1】#00FFFF#放了一个大炮仗，在逍遥村东区周围炸出红星券，大家快来抢哟！
2026-10-01 22:00:07.166 [SYS] #FF8CF8#【Nnnnnn1】#00FFFF#放了一个大炮仗，在逍遥村东区周围炸出红星券，大家快来抢哟！
2026-10-01 22:00:07.963 [SYS] #FF8CF8#【Nnnnnn1】#00FFFF#放了一个大炮仗，在逍遥村东区周围炸出红星券，大家快来抢哟！
2026-10-01 22:00:08.514 [SYS] #FF8CF8#【Nnnnnn1】#00FFFF#放了一个大炮仗，在逍遥村东区周围炸出红星券，大家快来抢哟！
2026-10-01 22:00:09.323 [SYS] #FF8CF8#【Nnnnnn1】#00FFFF#放了一个大炮仗，在逍遥村东区周围炸出红星券，大家快来抢哟！
2026-10-01 22:00:09.786 [SYS] #FF8CF8#【Nnnnnn1】#00FFFF#放了一个大炮仗，在逍遥村东区周围炸出红星券，大家快来抢哟！
2026-10-01 22:00:10.445 [SYS] #FF8CF8#【Nnnnnn1】#00FFFF#放了一个大炮仗，在逍遥村东区周围炸出红星券，大家快来抢哟！
2026-10-01 22:00:11.226 [SYS] #FF8CF8#【Nnnnnn1】#00FFFF#放了一个大炮仗，在逍遥村东区周围炸出红星券，大家快来抢哟！
2026-10-01 22:00:11.843 [SYS] #FF8CF8#【Nnnnnn1】#00FFFF#放了一个大炮仗，在逍遥村东区周围炸出红星券，大家快来抢哟！
2026-10-01 22:00:12.638 [SYS] #FF8CF8#【Nnnnnn1】#00FFFF#放了一个大炮仗，在逍遥村东区周围炸出红星券，大家快来抢哟！
2026-10-01 22:00:13.238 [SYS] #FF8CF8#【Nnnnnn1】#00FFFF#放了一个大炮仗，在逍遥村东区周围炸出红星券，大家快来抢哟！
2026-10-01 22:00:13.862 [SYS] #00FF00#1#00FFFF#分钟后逍遥村周围将掉落20个宝箱，捡取可获得意外惊喜喔！#FFFFFF#
2026-10-01 22:00:13.956 [SYS] #FF8CF8#【Nnnnnn1】#00FFFF#放了一个大炮仗，在逍遥村东区周围炸出红星券，大家快来抢哟！
2026-10-01 22:00:14.490 [SYS] #FF8CF8#【Nnnnnn1】#00FFFF#放了一个大炮仗，在逍遥村东区周围炸出红星券，大家快来抢哟！
2026-10-01 22:00:15.308 [SYS] #FF8CF8#【Nnnnnn1】#00FFFF#放了一个大炮仗，在逍遥村东区周围炸出红星券，大家快来抢哟！
2026-10-01 22:00:15.865 [SYS] #FF8CF8#【Nnnnnn1】#00FFFF#放了一个大炮仗，在逍遥村东区周围炸出红星券，大家快来抢哟！
2026-10-01 22:00:16.547 [SYS] #FF8CF8#【Nnnnnn1】#00FFFF#放了一个大炮仗，在逍遥村东区周围炸出红星券，大家快来抢哟！
2026-10-01 22:00:17.207 [SYS] #FF8CF8#【Nnnnnn1】#00FFFF#放了一个大炮仗，在逍遥村东区周围炸出红星券，大家快来抢哟！
2026-10-01 22:00:17.969 [SYS] #FF8CF8#【Nnnnnn1】#00FFFF#放了一个大炮仗，在逍遥村东区周围炸出红星券，大家快来抢哟！
2026-10-01 22:00:18.541 [SYS] #FF8CF8#【Nnnnnn1】#00FFFF#放了一个大炮仗，在逍遥村东区周围炸出红星券，大家快来抢哟！
2026-10-01 22:00:19.153 [SYS] #FF8CF8#【Nnnnnn1】#00FFFF#放了一个大炮仗，在逍遥村东区周围炸出红星券，大家快来抢哟！
2026-10-01 22:00:19.824 [SYS] #FF8CF8#【Nnnnnn1】#00FFFF#放了一个大炮仗，在逍遥村东区周围炸出红星券，大家快来抢哟！
2026-10-01 22:00:20.568 [SYS] #FF8CF8#【Nnnnnn1】#00FFFF#放了一个大炮仗，在逍遥村东区周围炸出红星券，大家快来抢哟！
2026-10-01 22:00:21.341 [SYS] #FF8CF8#【Nnnnnn1】#00FFFF#放了一个大炮仗，在逍遥村东区周围炸出红星券，大家快来抢哟！
2026-10-01 22:02:28.438 [SYS] 获得了#00FF00#1#FFF692#个#64FF7D#碧玉葫芦
2026-10-01 22:02:28.529 [OP] 4020 inv=FFE7 len=24 #4 fb8052fa672bca8094cdfc0b91a7a32bca809564830bc4fa
2026-10-01 22:02:28.533 [OUT] 0045 inv=FFF7 len=12 #4 f7ff4500510bdcfa232b1f80
2026-10-01 22:02:28.648 [OP] 4025 inv=FFF5 len=10 #4 23533832c4df51ece2fa
2026-10-01 22:03:42.847 [SYS] #FF8CF8#【睡神本神】#00FFFF#放了一个大炮仗，在逍遥村东区周围炸出红星券，大家快来抢哟！
2026-10-01 22:03:43.518 [SYS] #FF8CF8#【睡神本神】#00FFFF#放了一个大炮仗，在逍遥村东区周围炸出红星券，大家快来抢哟！
2026-10-01 22:03:44.117 [SYS] #FF8CF8#【睡神本神】#00FFFF#放了一个大炮仗，在逍遥村东区周围炸出红星券，大家快来抢哟！
2026-10-01 22:03:44.501 [SYS] #FF8CF8#【睡神本神】#00FFFF#放了一个大炮仗，在逍遥村东区周围炸出红星券，大家快来抢哟！
2026-10-01 22:03:44.954 [SYS] #FF8CF8#【睡神本神】#00FFFF#放了一个大炮仗，在逍遥村东区周围炸出红星券，大家快来抢哟！
2026-10-01 22:03:45.428 [SYS] #FF8CF8#【睡神本神】#00FFFF#放了一个大炮仗，在逍遥村东区周围炸出红星券，大家快来抢哟！
2026-10-01 22:03:45.934 [SYS] #FF8CF8#【睡神本神】#00FFFF#放了一个大炮仗，在逍遥村东区周围炸出红星券，大家快来抢哟！
2026-10-01 22:03:46.758 [SYS] #FF8CF8#【睡神本神】#00FFFF#放了一个大炮仗，在逍遥村东区周围炸出红星券，大家快来抢哟！
2026-10-01 22:03:47.225 [SYS] #FF8CF8#【睡神本神】#00FFFF#放了一个大炮仗，在逍遥村东区周围炸出红星券，大家快来抢哟！
2026-10-01 22:03:47.696 [SYS] #FF8CF8#【睡神本神】#00FFFF#放了一个大炮仗，在逍遥村东区周围炸出红星券，大家快来抢哟！
2026-10-01 22:03:48.076 [SYS] #FF8CF8#【睡神本神】#00FFFF#放了一个大炮仗，在逍遥村东区周围炸出红星券，大家快来抢哟！
2026-10-01 22:03:48.412 [SYS] #FF8CF8#【睡神本神】#00FFFF#放了一个大炮仗，在逍遥村东区周围炸出红星券，大家快来抢哟！
2026-10-01 22:03:48.780 [SYS] #FF8CF8#【睡神本神】#00FFFF#放了一个大炮仗，在逍遥村东区周围炸出红星券，大家快来抢哟！
2026-10-01 22:03:49.136 [SYS] #00FF00#1#00FFFF#分钟后逍遥村周围将掉落20个宝箱，捡取可获得意外惊喜喔！#FFFFFF#
2026-10-01 22:03:49.227 [SYS] #FF8CF8#【睡神本神】#00FFFF#放了一个大炮仗，在逍遥村东区周围炸出红星券，大家快来抢哟！
2026-10-01 22:03:50.190 [SYS] #FF8CF8#【睡神本神】#00FFFF#放了一个大炮仗，在逍遥村东区周围炸出红星券，大家快来抢哟！
2026-10-01 22:03:50.572 [SYS] #FF8CF8#【睡神本神】#00FFFF#放了一个大炮仗，在逍遥村东区周围炸出红星券，大家快来抢哟！
2026-10-01 22:03:51.029 [SYS] #FF8CF8#【睡神本神】#00FFFF#放了一个大炮仗，在逍遥村东区周围炸出红星券，大家快来抢哟！
2026-10-01 22:03:51.460 [SYS] #FF8CF8#【睡神本神】#00FFFF#放了一个大炮仗，在逍遥村东区周围炸出红星券，大家快来抢哟！
2026-10-01 22:03:52.401 [SYS] #FF8CF8#【睡神本神】#00FFFF#放了一个大炮仗，在逍遥村东区周围炸出红星券，大家快来抢哟！
2026-10-01 22:03:52.781 [SYS] #FF8CF8#【睡神本神】#00FFFF#放了一个大炮仗，在逍遥村东区周围炸出红星券，大家快来抢哟！
2026-10-01 22:03:53.193 [SYS] #FF8CF8#【睡神本神】#00FFFF#放了一个大炮仗，在逍遥村东区周围炸出红星券，大家快来抢哟！
2026-10-01 22:03:54.522 [SYS] #FF8CF8#【睡神本神】#00FFFF#放了一个大炮仗，在逍遥村东区周围炸出红星券，大家快来抢哟！
2026-10-01 22:03:55.466 [SYS] #FF8CF8#【睡神本神】#00FFFF#放了一个大炮仗，在逍遥村东区周围炸出红星券，大家快来抢哟！
2026-10-01 22:03:56.023 [SYS] #FF8CF8#【睡神本神】#00FFFF#放了一个大炮仗，在逍遥村东区周围炸出红星券，大家快来抢哟！
2026-10-01 22:03:57.540 [SYS] #FF8CF8#【睡神本神】#00FFFF#放了一个大炮仗，在逍遥村东区周围炸出红星券，大家快来抢哟！
2026-10-01 22:03:58.047 [SYS] #FF8CF8#【睡神本神】#00FFFF#放了一个大炮仗，在逍遥村东区周围炸出红星券，大家快来抢哟！
2026-10-01 22:03:58.576 [SYS] #FF8CF8#【睡神本神】#00FFFF#放了一个大炮仗，在逍遥村东区周围炸出红星券，大家快来抢哟！
2026-10-01 22:03:59.023 [SYS] #FF8CF8#【睡神本神】#00FFFF#放了一个大炮仗，在逍遥村东区周围炸出红星券，大家快来抢哟！
2026-10-01 22:04:00.298 [SYS] #FF8CF8#【睡神本神】#00FFFF#放了一个大炮仗，在逍遥村东区周围炸出红星券，大家快来抢哟！
2026-10-01 22:04:00.708 [SYS] #FF8CF8#【睡神本神】#00FFFF#放了一个大炮仗，在逍遥村东区周围炸出红星券，大家快来抢哟！
2026-10-01 22:04:01.261 [SYS] #FF8CF8#【睡神本神】#00FFFF#放了一个大炮仗，在逍遥村东区周围炸出红星券，大家快来抢哟！
2026-10-01 22:04:01.584 [SYS] #FF8CF8#【睡神本神】#00FFFF#放了一个大炮仗，在逍遥村东区周围炸出红星券，大家快来抢哟！
2026-10-01 22:04:02.331 [SYS] #FF8CF8#【睡神本神】#00FFFF#放了一个大炮仗，在逍遥村东区周围炸出红星券，大家快来抢哟！
2026-10-01 22:04:02.787 [SYS] #FF8CF8#【睡神本神】#00FFFF#放了一个大炮仗，在逍遥村东区周围炸出红星券，大家快来抢哟！
2026-10-01 22:04:03.068 [SYS] #FF8CF8#【睡神本神】#00FFFF#放了一个大炮仗，在逍遥村东区周围炸出红星券，大家快来抢哟！
2026-10-01 22:04:03.477 [SYS] #FF8CF8#【睡神本神】#00FFFF#放了一个大炮仗，在逍遥村东区周围炸出红星券，大家快来抢哟！
2026-10-01 22:04:04.234 [SYS] #FF8CF8#【睡神本神】#00FFFF#放了一个大炮仗，在逍遥村东区周围炸出红星券，大家快来抢哟！
2026-10-01 22:04:04.924 [SYS] #FF8CF8#【睡神本神】#00FFFF#放了一个大炮仗，在逍遥村东区周围炸出红星券，大家快来抢哟！
2026-10-01 22:04:06.228 [SYS] #FF8CF8#【睡神本神】#00FFFF#放了一个大炮仗，在逍遥村东区周围炸出红星券，大家快来抢哟！
2026-10-01 22:05:55.504 [SYS] #00FF00#1#00FFFF#分钟后逍遥村周围将掉落20个宝箱，捡取可获得意外惊喜喔！#FFFFFF#
2026-10-01 22:07:52.921 [SYS] 获得了#00FF00#1#FFF692#个#64FF7D#碧玉葫芦
2026-10-01 22:07:53.021 [OP] 4020 inv=FFE7 len=24 #5 fb8052fa672bca8094cdfc0b91a7a32bca809564830b3bfa
2026-10-01 22:07:53.032 [OUT] 0045 inv=FFF7 len=12 #5 f7ff4500510bdcfa232b1f80
2026-10-01 22:07:53.146 [OP] 4025 inv=FFF5 len=10 #5 23533832c4df51ece2fa
2026-10-01 22:11:32.823 [SYS] #00FFFF#厉害了我的大冒险玩家，本期的BOSS已经被击杀，BOSS会变得更强，敬请期待下期活动！！！
2026-10-01 22:14:03.748 [SYS] #FFF692#恭喜#FF8CF8#Kotori#FFF692#在#00C8F8#黄金宝箱#FFF692#中获得了#64FF7D#酷·灵气香肠棍
2026-10-01 22:18:28.507 [PIPE] controller disconnected
2026-10-01 22:18:50.086 [PIPE] controller connected
2026-10-01 22:18:50.086 [PIPE] controller disconnected
2026-10-01 22:19:08.059 [INIT] dll unloaded
2026-10-01 22:19:37.259 [INIT] dll loaded, pid=36600
2026-10-01 22:19:37.259 [INIT] codec loaded OK
2026-10-01 22:19:37.261 [INIT] iat hooks: recv=1 send=1 WSASend=1 connect=1 closesocket=1
2026-10-01 22:19:37.819 [OUT] 1F51 inv=FFFF len=4 #1 ffff511f
2026-10-01 22:19:37.867 [OP] 4F52 inv=FFFF len=0 #1 
2026-10-01 22:19:38.366 [OP] 4109 inv=FF63 len=156 #1 540e392bcac795f851d0dcfaa32b1f809564510ba7fa8a53f380a0dfb20bdcfaf82b1f80be64510bdcbaa32ba94f5b644975dcfa872b5980be64510bbbaea32b9d80236451ecdcfaa32b1f8062df510b12faa32b1f805b64510bdcfab6ce1f80fe08510b8bfa872b1faa5b648fecdcfaa32b1f805b64510bdcfaa32bb7ef5b646ed5dcfafd2b9b805bdf51807cc4a32b7b19baec510bdcfa34c81f80
2026-10-01 22:19:38.468 [OP] 4111 inv=FFFD len=2 #1 5b64
2026-10-01 22:19:38.469 [OP] 4104 inv=FFFA len=5 #1 72c49bb84f
2026-10-01 22:19:38.469 [OP] 4104 inv=FFFB len=4 #2 3cae1f79
2026-10-01 22:19:38.469 [OP] 4104 inv=FFFA len=5 #3 5a671cb807
2026-10-01 22:19:38.469 [OP] 4104 inv=FFFA len=5 #4 699b9bb8ca
2026-10-01 22:19:38.469 [OP] 4104 inv=FFFA len=5 #5 8f9b9bb845
2026-10-01 22:19:40.274 [OP] 4105 inv=FFFE len=1 #1 b2
2026-10-01 22:19:40.274 [OP] 4105 inv=FFFE len=1 #2 44
2026-10-01 22:19:40.382 [OP] 4109 inv=FDFF len=512 #2 2d87c464580b8b25a32b1f805b64510b6ffaa32ba580ea7f0b0b0022fd24e7809564510baeaea32b9de75b64517fdcfaa3531f8062df510b06faa32b1f805b64510bdcfa71531f801664510bdcfaa32b1f805b64580bdcfab6ce1f801c7afc0bdcc4a32b1fce5b645decdcfaab2b1f805b64510bdcfaa32bca805b645fc4dcfafdcba5805bdf510bdcfaa32bb6aa5b64fe0bdcfaa32b1f805b64510b6ffaa32b
2026-10-01 22:19:40.485 [OP] 4105 inv=FFFE len=1 #3 3d
2026-10-01 22:19:40.485 [OP] 4111 inv=FFFD len=2 #2 a164
2026-10-01 22:19:40.486 [OP] 4106 inv=FFFD len=2 #1 a342
2026-10-01 22:19:40.486 [OP] 4106 inv=FFFD len=2 #2 a33b
2026-10-01 22:19:40.492 [OUT] 1005 inv=FFEF len=20 #1 efff0510a498f85397795c64fc0bd3c4a32b1f80
2026-10-01 22:19:40.627 [OP] 4106 inv=FFFC len=3 #3 9820ee
2026-10-01 22:19:40.631 [OP] 4110 inv=FFFD len=2 #1 222b
2026-10-01 22:19:41.838 [OP] 4109 inv=FFDF len=32 #3 2d87c464510b6ffaa32b1f805b64510bd0c4a32b62451b64510bdcfaa32b1f80
2026-10-01 22:19:41.939 [OP] 4111 inv=FFFD len=2 #3 1b64
2026-10-01 22:19:42.221 [OP] 4109 inv=FFAB len=84 #4 5f5dad805bf858ec6fc4a32bb2ce5b6487b1dcfab42b1f80b8dd510bfdcaa32b1f0794ec87b1dcfa526f1f8094cd510bdcfaa32b1faa5b64dd75dcfa526f1f809b64510bdcfaa32b1f805b64ded0dcfadb3b1f80
2026-10-01 22:19:42.318 [OP] 4111 inv=FFFD len=2 #4 6b64
2026-10-01 22:19:43.331 [OP] 4613 inv=FFBA len=69 #1 dfb82fe7c4202b383fc3dc0259585b960e62830ff8cdcf6fb4a0d47079af8a83ec6fc4f82b1faa95df517c6a63fd51ca1e5bf8dc0bdce8a353ca804040986c2ab7d62b1f80
2026-10-01 22:19:44.276 [OP] EFFE inv=FFFE len=1 #1 0b
2026-10-01 22:19:44.388 [OP] 47C0 inv=FFF1 len=14 #1 17c4f86144ca94f817c0175bfd53
2026-10-01 22:19:44.389 [OP] 47C0 inv=FFEA len=21 #2 51cac73c2831ec8b695f31625f7fd958b1c2305024
2026-10-01 22:19:44.389 [OP] 4613 inv=FF7E len=129 #2 f8602fe7c4202b97b194dc026f4a5b965bcaa9d6df557663de352ecaaa95df510b6fc4f82b7f79aa7f43ec68fadb702f801c64580bdc5b16876c842d43450bdcfa0a1c10aa4064291790104223f31c75df84cf6fb4a06df1c7550758ec6fc4a32bcaaa95644a75f1220253ab8094d9510b8bfaf82b1f7926b35c3828d7e62b1f80
2026-10-01 22:19:44.389 [OP] 47C0 inv=FFF3 len=12 #3 0253ca5f7fd958b1c2305024
2026-10-01 22:19:44.389 [OP] 4613 inv=FFBE len=65 #3 c40a1c10aa4064291790104223f31c75df84cf6fb4a06df1c7550758ec6fc4a32bcaaa95644a75f1220253ab8094d9510b8bfaf82b1f7926b35c3828d7e62b1f80
2026-10-01 22:19:44.390 [OP] 47C0 inv=FFEA len=21 #4 51cac7b2da31ec8b2a729bec3cadd958b1db6e896f
2026-10-01 22:19:44.392 [OP] 47C0 inv=FFF3 len=12 #5 0253ca3cadd958b1db6e896f
2026-10-01 22:19:44.684 [OP] 4105 inv=FFFE len=1 #4 fd
2026-10-01 22:19:44.789 [OP] 4111 inv=FFFD len=2 #5 5764
2026-10-01 22:19:44.892 [OP] 4109 inv=FE3F len=448 #5 540e392bca801cdd510bdcfaa32b1f809564510be6fa8fdea580ea7fb2755efaf82b1f80a76f510b8bc6a32b1fc75b64510a1ae84b531f809964510bdcfaa32b1f805b645decdcfad82b1f805b64510bdcfaa32bca805b645fc4dcfafdedad805bdf510bdcc4a32bb6aa5b64230bdcfaa32b1f805b64510b6ffaa32bb7ef5b64b2c0e6faa3531f805b28fb7f25c4a32bb3805b64510bdcfaa32b1f809564510b
2026-10-01 22:19:44.981 [OP] 4112 inv=FFFD len=2 #1 e6c4
2026-10-01 22:19:44.981 [OP] 4112 inv=FFFD len=2 #2 6ac4
2026-10-01 22:19:44.981 [OP] 4106 inv=FFFD len=2 #4 a37c
2026-10-01 22:19:45.291 [OP] 4613 inv=FFBC len=67 #4 ecd48d7a53a5803f8c83eca875233363c795df01a290b45c937026948c1ed06fc4f82b1faa95df51736acffd51ca505b647448dcf4a3531f8040ef555c8aa2fb2b1f80
2026-10-01 22:19:46.163 [OP] 4112 inv=FFFD len=2 #3 dcc4
2026-10-01 22:19:46.164 [OP] 4112 inv=FFFD len=2 #4 52c4
2026-10-01 22:19:46.300 [PIPE] controller connected
2026-10-01 22:19:47.297 [OP] 4612 inv=FFEF len=16 #1 c464510bb6c2392bb907c4640db252fa
2026-10-01 22:19:47.297 [OP] 4612 inv=FFF3 len=12 #2 90faa32bb907c4640db252fa
2026-10-01 22:19:47.297 [OP] 4612 inv=FFF7 len=8 #3 ca805b640db252fa
2026-10-01 22:19:47.297 [OP] 4211 inv=FFF6 len=9 #1 aa5b64511b3e22a3de
2026-10-01 22:19:47.879 [OUT] 1F51 inv=FFFF len=4 #2 ffff511f
2026-10-01 22:19:47.934 [OP] 4F52 inv=FFFF len=0 #2 
2026-10-01 22:19:50.777 [OP] 472A inv=FE6C len=403 #1 30d8de1fd57464510bdcfaa32b1f805b64510bdcfaa32b1f805b64510bdcfaa37b9d805b64510bdc88462b1f805b645136dcfaa32b1f805b5ef00bdcfaa32b1fba4f64510bdcfaa32b1f805b64510bdcfaa32b1f805b64510bdcfaa32b1f805b64510bdcfaa32b1f805b64510bdcfaa32b1f805b64510bdcfaa32b1f805b64510bdcfaa32b1f805b64510bdcbdf82b1f2c5b6451fa6ffaa3ccca805bd3580bdc
2026-10-01 22:19:50.877 [OP] 42CE inv=FFFB len=4 #1 c87f510b
2026-10-01 22:19:50.877 [OP] 4211 inv=FFF6 len=9 #2 aa5b6451af3e22a34a
2026-10-01 22:19:50.877 [OP] 4211 inv=FFF6 len=9 #3 aa5b64515ca722a34a
2026-10-01 22:19:50.877 [OP] 4211 inv=FFF6 len=9 #4 aa5b6451c03e22a34a
2026-10-01 22:19:50.877 [OP] 4211 inv=FFF6 len=9 #5 aa5b645134a722a34a
2026-10-01 22:19:52.041 [OUT] 0048 inv=FFF7 len=12 #1 f7ff4800dcfaa32b1f459564
2026-10-01 22:19:52.106 [OP] 4721 inv=FFF7 len=8 #1 540e392b1f459564
2026-10-01 22:19:56.905 [OP] 4100 inv=FFF9 len=6 #1 98aaf5266fec
2026-10-01 22:19:56.947 [OP] 4613 inv=FEF8 len=263 #5 12f1fdfeece6fa9cb359aa0670832b425bf8536feb9425037519d8dbbc91ce95df580bdcc4f853ca3f40cbb2316f81a32b1fd45b2651ecdcfa20b9b9969ce9520bdcfae21c10aa406417e76a1042875f79138a83875fe83689ca7cf9357a75608c2353caaa956451ec6fc4f8a5a54c1c96586edce8a32b1f4f5bdf580be6ef6febd9d54664510b1d507a53a58006f90e50ce435d24b2a8957dd1ec0782ef0b70
2026-10-01 22:19:56.948 [OP] 4101 inv=FC6D len=914 #1 5f5dad809564510bdcfaa32bc8d97b81510bdcfaa32b1f805b64510bdcfaa32b1f805b64510bdcfa22069d4e5b6491b1dcfaa32b1f804c26510bdcfaa32b1f805b64510bdcfa4d5dad80c464510b8bfaa32b55925b646f92dcfae4181f803293510b155a4e78c8d97b81a552155af52b1f807b81a5526f30c2d41e5f3c93191edcfaa32b1f805b64d5a0c6faa32b1f805b4d310bdcfaa32b1f805b64510bdcfa
2026-10-01 22:19:57.061 [OUT] 1F51 inv=FFFF len=4 #3 ffff511f
2026-10-01 22:19:57.109 [OP] 4F52 inv=FFFF len=0 #3 
2026-10-01 22:19:57.969 [OUT] 1001 inv=FFF9 len=10 #1 f9ff01101f805b64510b
2026-10-01 22:19:58.136 [OP] 4108 inv=FFE3 len=28 #1 2d87c464510bdcfa21531f80d8f8510bce4051421f805b64510bdcfa
2026-10-01 22:19:58.240 [OP] 4108 inv=FFE3 len=28 #2 2d87c464510bdcfa4d531f80d8f8510bce4051ed1f805b64510bdcfa
2026-10-01 22:19:58.240 [OP] 4108 inv=FFF3 len=12 #3 540e392b1f805b64510bdcfa
2026-10-01 22:19:58.240 [OP] 4108 inv=FFF3 len=12 #4 540e392b1f805b64580bdcfa
2026-10-01 22:19:58.240 [OP] 4108 inv=FFF3 len=12 #5 540e392b1f805b640e0bdcfa
2026-10-01 22:20:00.325 [OP] 4105 inv=FFFE len=1 #5 c0
2026-10-01 22:20:00.431 [OP] 4106 inv=FFFC len=3 #5 b1fdcb
2026-10-01 22:20:00.724 [OP] 4112 inv=FFFD len=2 #5 dcc4
2026-10-01 22:20:02.830 [OP] 46FE inv=FFFF len=0 #1 
2026-10-01 22:20:04.301 [OP] EFFE inv=FFFE len=1 #2 0b
2026-10-01 22:20:07.132 [OUT] 1F51 inv=FFFF len=4 #4 ffff511f
2026-10-01 22:20:07.182 [OP] 4F52 inv=FFFF len=0 #4 
2026-10-01 22:20:09.784 [OUT] 1004 inv=FFF3 len=16 #1 f3ff0410daf39f2b5980ba64510bdcfa
2026-10-01 22:20:09.785 [OUT] 1005 inv=FFEF len=20 #2 efff0510a498f85397c75c64fc0bd3c4a32b1f80
2026-10-01 22:20:09.856 [OP] 4110 inv=FFFD len=2 #2 722b
2026-10-01 22:20:09.957 [OP] 4110 inv=FFFD len=2 #3 222b
2026-10-01 22:20:14.314 [OP] EFFE inv=FFFE len=1 #3 0b
2026-10-01 22:20:17.201 [OUT] 1F51 inv=FFFF len=4 #5 ffff511f
2026-10-01 22:20:17.249 [OP] 4F52 inv=FFFF len=0 #5 
2026-10-01 22:20:18.813 [OP] 472A inv=FE76 len=393 #2 30d8de1f9ca164510bdcfaa32b1f805b64510bdce8a32b1f805b64510bdcfaa34ead805b64510bdc88462b1f805b645136dcfaa32b1f805b5ef00bdcfaa32b1fba4f64510bdcfaa32b1f805b64510bdcfaa32b1f805b64510bdcfaa32b1f805b64510bdcfaa32b1f805b64510bdcfaa32b1f805b64510bdcfaa32b1f805b64510bdcfaa32b1f805b64510bdcbdf82b1fc3956451fa6ffaa3731f805b5c510bdc
2026-10-01 22:20:18.912 [OP] 42CE inv=FFFB len=4 #2 c87f510b
2026-10-01 22:20:21.923 [OP] 4100 inv=FFF9 len=6 #2 98aa84f8677f
2026-10-01 22:20:22.023 [OP] 4101 inv=FC6D len=914 #2 5f5dad809564510bdcfaa32bc8d97b81510bdcfaa32b1f805b64510bdcfaa32b1f805b64510bdcfa22069d4e5b6491b1dcfaa32b1f804c26510bdcfaa32b1f805b64510bdcfa4d5dad80c464510b8bfaa32b55925b646f92dcfae4181f803293510b155a4e78c8d97b81a552155af52b1f807b81a5526f30c2d41e5f3c93191edcfaa32b1f805b6451a0c6faa32b1f805b4d310bdcfaa32b1f805b64510bdcfa
2026-10-01 22:20:22.985 [OUT] 1001 inv=FFF9 len=10 #2 f9ff01101f805b64510b
2026-10-01 22:20:32.712 [OUT] 1004 inv=FFF3 len=16 #2 f3ff0410daf39f2b5980ba64510bdcfa
2026-10-01 22:20:32.906 [OP] 4110 inv=FFFD len=2 #4 722b
2026-10-01 22:20:33.079 [OP] 46FE inv=FFFF len=0 #2 
2026-10-01 22:20:34.335 [OP] EFFE inv=FFFE len=1 #4 0b
2026-10-01 22:20:36.681 [OUT] 1005 inv=FFEF len=20 #3 efff0510a498f85397ce5c64fc0bd3c4a32b1f80
2026-10-01 22:20:36.817 [OP] 4110 inv=FFFD len=2 #5 222b
2026-10-01 22:20:42.825 [OP] 472A inv=FE6C len=403 #3 30d8de1fa5a164510bdcfaa32b1f805b64510bdce8a32b1f805b64510bdcfaa3d3ad805b64510bdc88462b1f805b645136dcfaa32b1f805b5ef00bdcfaa32b1fba4f64510bdcfaa32b1f805b64510bdcfaa32b1f805b64510bdcfaa32b1f805b64510bdcfaa32b1f805b64510bdcfaa32b1f805b64510bdcfaa32b1f805b64510bdcfaa32b1f805b64510bdcbdf82b1f2c5b6451fa6ffaa391ca805bc7580bdc
2026-10-01 22:20:42.825 [OP] 42CE inv=FFFB len=4 #3 c87f510b
2026-10-01 22:20:44.278 [OUT] 0048 inv=FFF7 len=12 #2 f7ff4800dcfaa32b1f459564
2026-10-01 22:20:44.342 [OP] 4721 inv=FFF7 len=8 #2 540e392b1f459564
2026-10-01 22:20:44.352 [OP] EFFE inv=FFFE len=1 #5 0b
2026-10-01 22:20:48.936 [OP] 4100 inv=FFF9 len=6 #3 98aa6b268cec
2026-10-01 22:20:49.103 [OP] 4101 inv=FC35 len=970 #3 baecfc0b6ffaa32b1f805b64a552155aa32b1f805b64510bdcfaa32b1f805b64510bdcfaa32b1f80d0c6b2b2dcfad74a1f805b64510bbdf4a32b1f805b64510bdcfaa32b1f80a1ecfc0b52faa32b9d805b64a0ffdcfa18f21f80c6fc510b26b3a32bc8d97b81a552155a4e78c8d93164510b155a4e78caa0ed3572a407b3854d1f805b64510bdcfaa33084805b64510bdca1b72b1f805b64510bdcfaa32b1f80
2026-10-01 22:20:50.021 [OUT] 1001 inv=FFF9 len=10 #3 f9ff01101f805b64510b
2026-10-01 22:20:59.380 [OUT] 1004 inv=FFF3 len=16 #3 f3ff0410daf39f2b5980ba64510bdcfa
2026-10-01 22:21:02.626 [OP] 472A inv=FE76 len=393 #4 30d8de1fe17a64510bdcfaa32b1f805b64510bdcc4a32b1f805b64510bdcfaa366ad805b64510bdc88462b1f805b645136dcfaa32b1f805b5ef00bdcfaa32b1fba4f64510bdcfaa32b1f805b64510bdcfaa32b1f805b64510bdcfaa32b1f805b64510bdcfaa32b1f805b64510bdcfaa32b1f805b64510bdcfaa32b1f805b64510bdcfaa32b1f805b64510bdc7af82b1f2c5b6451fa6ffaa391ca805b5c510bdc
2026-10-01 22:21:02.720 [OP] 42CE inv=FFFB len=4 #4 c87f510b
2026-10-01 22:21:03.389 [OP] 46FE inv=FFFF len=0 #3 
2026-10-01 22:21:05.769 [OP] 4612 inv=FFE7 len=24 #4 fd0bdcfae45dad80e0cdfc0b07c2392b1207c464e38052fa
2026-10-01 22:21:05.769 [OP] 4612 inv=FFE7 len=24 #5 fd0bdcfae45dad80e0cdfc0b07c2392b1207c464e38052fa
2026-10-01 22:21:06.751 [OP] 4100 inv=FFF9 len=6 #4 98aaec08587f
2026-10-01 22:21:06.847 [OP] 4101 inv=FC35 len=970 #4 baecfc0b6ffaa32b1f805b64a552155aa32b1f805b64510bdcfaa32b1f805b64510bdcfaa32b1f80d0c6b2b2dcfad74a1f805b64510bbdf4a32b1f805b64510bdcfaa32b1f80a1ecfc0b52faa32b9d805b64a0ffdcfa18f21f80c6fc510b26b3a32bc8d97b81a552155a4e78c8d93164510b155a4e78caa0ed3572a407b3854d1f805b64510bdcfaee3084805b64510bdca1b72b1f805b64510bdcfaa32b1f80
2026-10-01 22:21:07.806 [OUT] 1001 inv=FFF9 len=10 #4 f9ff01101f805b64510b
2026-10-01 22:21:17.794 [OUT] 1004 inv=FFF3 len=16 #4 f3ff0410daf39f2b5980ba64510bdcfa
2026-10-01 22:21:19.127 [OUT] 1005 inv=FFEF len=20 #4 efff0510a498f85397805c64fc0bd3c4a32b1f80
2026-10-01 22:21:27.899 [OP] 472A inv=FE6C len=403 #5 30d8de1f149b64510bdcfaa32b1f805b64510bdcc4a32b1f805b64510bdcfaa3c2ad805b64510bdc88462b1f805b645136dcfaa32b1f805b5ef00bdcfaa32b1fba4f64510bdcfaa32b1f805b64510bdcfaa32b1f805b64510bdcfaa32b1f805b64510bdcfaa32b1f805b64510bdcfaa32b1f805b64510bdcfaa32b1f805b64510bdcfaa32b1f805b64510bdcbdf82b1fc3956451fa6ffaa3731f805bc7580bdc
2026-10-01 22:21:27.990 [SYS] 获得了#00FF00#1#FFF692#个#64FF7D#黄玉葫芦
2026-10-01 22:21:27.990 [OP] 42CE inv=FFFB len=4 #5 c87f510b
2026-10-01 22:21:27.992 [OP] 4020 inv=FFE7 len=24 #1 fb8052fa672bca8094cdfc0bcea7a32bca8095640b0b3bfa
2026-10-01 22:21:28.005 [OUT] 0045 inv=FFF7 len=12 #1 f7ff4500510bdcfa202b1f80
2026-10-01 22:21:28.150 [OP] 4025 inv=FFF5 len=10 #1 20533832c4df51ece2fa
2026-10-01 22:21:28.423 [OUT] 0048 inv=FFF7 len=12 #3 f7ff4800dcfaa32b1f459564
2026-10-01 22:21:28.534 [OP] 4721 inv=FFF7 len=8 #3 540e392b1f459564
2026-10-01 22:21:33.594 [OP] 46FE inv=FFFF len=0 #4 
2026-10-01 22:21:34.007 [OP] 4100 inv=FFF9 len=6 #5 98aaea6f88ec
2026-10-01 22:21:34.104 [OP] 4101 inv=FBC5 len=1082 #5 5f5dad809564510bdcfaa32bc8d97b81510bdcfaa32b1f805b64510bdcfaa32b1f805b64510bdcfa22069dca5b6491b1dcfaa32b1f804c26510bdcfaa32b1f805b64510bdcfa4d5dad80c464510b8bfaa32b55925b646f92dcfae4181f803293510b155a4e78c8d97b81a552155af52b1f807b81a5526f30c2d41e5f3c93191edcfaa32b1f805b6451a0c6faa32b1f805b4d310bdcfaa32b1f805b64510bdcfa
2026-10-01 22:21:35.065 [OUT] 1001 inv=FFF9 len=10 #5 f9ff01101f805b64510b
2026-10-01 22:21:50.511 [OUT] 1004 inv=FFF3 len=16 #5 f3ff0410daf39f2b5980ba64510bdcfa
2026-10-01 22:21:50.512 [OUT] 1005 inv=FFEF len=20 #5 efff0510a498f853974f5c64fc0bd3c4a32b1f80
2026-10-01 22:21:58.502 [OUT] 0048 inv=FFF7 len=12 #4 f7ff4800dcfaa32b1f459564
2026-10-01 22:21:58.634 [OP] 4721 inv=FFF7 len=8 #4 540e392b1f459564
2026-10-01 22:22:03.800 [OP] 46FE inv=FFFF len=0 #5 
2026-10-01 22:22:18.566 [OUT] 0048 inv=FFF7 len=12 #5 f7ff4800dcfaa32b1f459564
2026-10-01 22:22:18.689 [OP] 4721 inv=FFF7 len=8 #5 540e392b1f459564
2026-10-01 22:22:27.814 [SYS] #FFF692#恭喜#FF8CF8#假面骑士V3#FFF692#在#00C8F8#结晶宝箱#FFF692#中获得了#64FF7D#羽翼结晶
2026-10-01 22:22:45.511 [PIPE] controller disconnected
2026-10-01 22:22:53.092 [PIPE] controller connected
2026-10-01 22:23:51.912 [OP] 4031 inv=FFDC len=35 #1 455b615108dcfaa3531fe9022e98c810387599970e2d6451839fdd59c0c3e941876f0b
2026-10-01 22:24:20.192 [OP] 4031 inv=FF5C len=163 #2 39510cdc22a32b1faa5b5003b3a22d1d88ab6a30051648b0c54f67e87106671df42db834677c499871136a78ec4f67e88f138787e92a934f67c31663b97fb353001618b0a4a9e9744c6828349aa250a2d8899e38d5a8671213a96706a4b1ec34679694f3b3e1a6b6ccc29b40f32cce4d87f0775131a2b1f389f9140fb35120bb4c848980ef6e165119aeeb837bc06919740e23d0e4346451e49cfc58f33ee554
2026-10-01 22:25:55.403 [CAP] capture ON (pid 36600)
2026-10-01 22:26:55.451 [CAP] capture OFF frames=594
2026-10-01 22:27:00.180 [SYS] #00FFFF#国庆焰火晚会开始了，冒险者可到旗台处参与燃放烟花，幸运者还可能得到稀有奖励喔！装饰国旗以及燃放烟花将在#00FF00#3#00FFFF#分钟后关闭，请冒险者抓紧时间喔！#FFFFFF#
2026-10-01 22:28:35.068 [CAP] capture ON (pid 36600)
2026-10-01 22:28:57.816 [OP] 40E1 inv=FFED len=18 #1 baecfc0b6ffadb54ca809564580b521ff82b
2026-10-01 22:28:57.816 [OP] 40E0 inv=FED1 len=302 #1 fb8052fa6fce1f805b64510b9efaa32b1f805b6498c4dcfaa32b1f80ff64510bdcfaa32b76d15b64fc0bdcfa392b1f804864510b2ffaa32bad805b64750bdcfa312b1f806064510b2ffaa32bec805b64aeb1dcfa3b2b1f809464510b43faa32b1aaa5b64320bdcfa4d2b1f800d64510b8ffaa32b1f805b64510bdcfaa32b1f805b64510bdcfaa32b1f805b64430bdcfaa32b1f805b64510bdcfaa32b1f805b64
2026-10-01 22:28:57.819 [OP] 40E3 inv=FFBB len=68 #1 2d87c464fbd0dcfac32b62804764830bdefaf82b6480c36414ec52fa56535980f7df580b68c4202b58aa406485ec8ffa5553ad80c6dffc0bb8c4db2b2eaa0d6486d08bfa
2026-10-01 22:28:57.819 [OP] 40E2 inv=FFF3 len=12 #1 baecfc0b6f41b42b45809564
2026-10-01 22:28:57.846 [OUT] 0185 inv=FFF7 len=12 #1 f7ff8501dcfaa32bc8d97b81
2026-10-01 22:28:59.747 [OUT] 004E inv=FFFA len=9 #1 faff4e00e9580bdcae
2026-10-01 22:28:59.884 [OP] 4029 inv=FFDF len=32 #1 baecfc0ba5faa32b1f805b64940bdcfaa32b1f80137f510b8fc4f82bcd809564
2026-10-01 22:29:16.257 [OP] F005 inv=FFE7 len=24 #1 ed3572a407b3854d1f805b64510bdcfaa3ce1f808a80280c
2026-10-01 22:30:00.176 [SYS] #00FFFF#国庆节特别活动“红旗飘飘贺国庆”以及国庆焰火晚会到此结束，谢谢各位冒险者的热情参与，祝所有冒险者国庆快乐！#FFFFFF#
2026-10-01 22:32:16.653 [OP] F005 inv=FFE7 len=24 #2 ed3572a407b3854d1f805b64510bdcfaa3de1f808a80280c
2026-10-01 22:33:22.721 [OUT] 004E inv=FFFA len=9 #2 faff4e00e9580bdcae
2026-10-01 22:33:22.884 [OP] 4029 inv=FFDF len=32 #2 baecfc0ba5faa32b1f805b64940bdcfaa32b1f80137f510b8fc4f82bce809564
2026-10-01 22:33:33.941 [OP] 4031 inv=FFE1 len=30 #3 52fa4d2b1f805b64580b71faa3a87168fafb065ab080c2b39568fa06e20b
2026-10-01 22:34:46.746 [OP] 4210 inv=FFF3 len=12 #1 660bdcfac32b1f80a1ecfc0b
2026-10-01 22:35:49.085 [OP] F005 inv=FFE7 len=24 #3 ed3572a4e10f854d1f805b64510bdcfaa3ce1f8028a14db2
2026-10-01 22:36:06.911 [CAP] capture OFF frames=4504
2026-10-01 22:36:07.912 [CAP] capture ON (pid 36600)
2026-10-01 22:36:50.648 [CAP] capture ON (pid 36600)
2026-10-01 22:38:36.606 [OP] F005 inv=FFE7 len=24 #4 ed3572a407b3854d1f805b64510bdcfaa3ce5b8c8a80280c
2026-10-01 22:38:49.537 [OP] F005 inv=FFE7 len=24 #5 ed3572a4e10f854d1f805b64510bdcfaa3de1f8028a14db2
2026-10-01 22:39:20.396 [OP] 40E6 inv=FFF3 len=12 #1 5f5dad80d6cd510bdcfaa32b
2026-10-01 22:39:20.397 [OP] 40E0 inv=FED1 len=302 #2 fb8052fa4ece1f805b64510b58faa32b1f805b64a5c4dcfaa32b1f806664510bdcfaa32b76d15b64fc0bdcfa392b1f804864510b2ffaa32bad805b64750bdcfa312b1f806064510b2ffaa32bec805b6417b1dcfa3b2b1f809464510b43faa32b6baa5b64320bdcfa4d2b1f800d64510b8ffaa32b1f805b64510bdcfaa32b1f805b64510bdcfaa32b1f805b64430bdcfaa32b1f805b64510bdcfaa32b1f805b64
2026-10-01 22:39:20.397 [OP] 40E3 inv=FFBB len=68 #2 2d87c464fbb2dcfac32b62804764830bdefaf82b6480c36414ec52fa56535980f7df580b68c4202b58aa406485ec8ffa5553ad80c6dffc0bb8c4db2b2eaa0d6486d08bfa
2026-10-01 22:39:20.398 [OP] 40E2 inv=FFF3 len=12 #2 baecfc0b6ffa562b45809564
2026-10-01 22:39:20.398 [OP] 4210 inv=FFF3 len=12 #2 660bdcfad82b1f80baecfc0b
2026-10-01 22:39:20.409 [OUT] 0185 inv=FFF7 len=12 #2 f7ff8501dcfaa32bc8d97b81
2026-10-01 22:39:43.475 [OUT] 004E inv=FFFA len=9 #3 faff4e00e9580bdcae
2026-10-01 22:39:43.598 [OP] 4029 inv=FFDF len=32 #3 baecfc0ba5faa32b1f805b64940bdcfaa32b1f80137f510b8fc4f82b48809564
2026-10-01 22:40:56.548 [OP] 4031 inv=FFDF len=32 #4 3b0b66faa32b1f8095645210710b51e29f18f4645134ad0303eb4b4c9333f60b
2026-10-01 22:41:20.806 [OP] 4033 inv=FFE4 len=27 #1 e0a3c41f805b6451ecdc195412f5805b01936cea032bebc34c0f64
2026-10-01 22:41:42.079 [OUT] 004E inv=FFFA len=9 #4 faff4e00e9580bdcae
2026-10-01 22:41:42.230 [OP] 4029 inv=FFDF len=32 #4 baecfc0ba5faa32b1f805b64940bdcfaa32b1f80137f510b8fc4f82b13809564
2026-10-01 22:41:51.785 [OP] 4033 inv=FFE4 len=27 #2 e0a3c41f805b6451ecdcd9741976805b01936cea032bebc34c0f64
2026-10-01 22:42:35.865 [OP] 40E1 inv=FFED len=18 #2 baecfc0b6ffadb54ca809564580b521ff82b
2026-10-01 22:42:35.865 [OP] 40E0 inv=FED1 len=302 #3 fb8052fa4ece1f805b64510b58faa32b1f805b64a5c4dcfaa32b1f806664510bdcfaa32b76d15b64fc0bdcfa392b1f804864510b2ffaa32bad805b64750bdcfa312b1f806064510b2ffaa32bec805b6417b1dcfa3b2b1f809464510b43faa32b6baa5b64320bdcfa4d2b1f800d64510b8ffaa32b1f805b64510bdcfaa32b1f805b64510bdcfaa32b1f805b64430bdcfaa32b1f805b64510bdcfaa32b1f805b64
2026-10-01 22:42:35.866 [OP] 40E3 inv=FFBB len=68 #3 2d87c464fbd0dcfac32b62804764830bdefaf82b6480c36414ec52fa56535980f7df580b68c4202b58aa406485ec8ffa5553ad80c6dffc0bb8c4db2b2eaa0d6486d08bfa
2026-10-01 22:42:35.866 [OP] 40E2 inv=FFF3 len=12 #3 baecfc0b6f8ab42b45809564
2026-10-01 22:42:35.889 [OUT] 0185 inv=FFF7 len=12 #3 f7ff8501dcfaa32bc8d97b81
2026-10-01 22:46:50.896 [CAP] capture OFF frames=5876
2026-10-01 22:47:44.950 [OP] 4031 inv=FF5C len=163 #5 39510cdc22a32b1faa5b5003b3a22d1d88ab6a30051648b0c54f67e87106671df42db834677c499871136a78ec4f67e88f138787e92a934f67c31663b97fb353001618b0a4a9e9744c6828349aa250a2d8899e38d5a8671213a96706a4b1ec34679694f3b3e1a6b6ccc29b40f32cce4d87f0775131a2b1f389f9140fb35120bb4c848980ef6e165119aeeb837bc06919740e23d0e4346451e49cfc58f33ee554
2026-10-01 22:48:47.936 [SYS] 获得了#00FF00#1#FFF692#个#64FF7D#黄玉葫芦
2026-10-01 22:48:48.038 [OP] 4020 inv=FFE7 len=24 #2 fb8052fa672bca8094cdfc0bcea7a32bca8095640b0b3efa
2026-10-01 22:48:48.047 [OUT] 0045 inv=FFF7 len=12 #2 f7ff4500510bdcfa202b1f80
2026-10-01 22:48:48.167 [OP] 4025 inv=FFF5 len=10 #2 20533832c4df51ece2fa
2026-10-01 22:49:42.198 [SYS] 获得了#00FF00#1#FFF692#个#64FF7D#黄玉葫芦
2026-10-01 22:49:42.198 [OP] 4020 inv=FFE7 len=24 #3 fb8052fa672bca8094cdfc0bcea7a32bca8095640b0b31fa
2026-10-01 22:49:42.207 [OUT] 0045 inv=FFF7 len=12 #3 f7ff4500510bdcfa202b1f80
2026-10-01 22:49:42.393 [OP] 4025 inv=FFF5 len=10 #3 20533832c4df51ece2fa
2026-10-01 22:51:47.899 [OUT] 004E inv=FFFA len=9 #5 faff4e00e9580bdcae
2026-10-01 22:51:48.001 [OP] 4029 inv=FFDF len=32 #5 baecfc0ba5faa32b1f805b64940bdcfaa32b1f80137f510b8fc4f82b87809564
2026-10-01 22:52:17.680 [SYS] 获得了#00FF00#1#FFF692#个#64FF7D#黄玉葫芦
2026-10-01 22:52:17.680 [OP] 4020 inv=FFE7 len=24 #4 fb8052fa672bca8094cdfc0bcea7a32bca8095640b0bd9fa
2026-10-01 22:52:17.694 [OUT] 0045 inv=FFF7 len=12 #4 f7ff4500510bdcfa202b1f80
2026-10-01 22:52:17.845 [OP] 4025 inv=FFF5 len=10 #4 20533832c4df51ece2fa
2026-10-01 22:53:48.318 [QUESTION] {"type":"question","sock":2572,"qno":16,"field_a":88,"stem":"人们在动物园里看到的俗称\"四不象\"的动物是?","options":["1、驯兽师","2、猩猩队长","3、麋鹿","4、霸天虎"]}
2026-10-01 22:53:49.320 [UI] auto dump on question qno=16
2026-10-01 22:53:49.320 [UI] ---- window dump begin (pid 36600) ----
2026-10-01 22:53:49.337 [UI] TOP=00260650 vis=1 cls=ATL:012FF210 rc=(410,92,1450,899) title=什么什么大冒险2(①逍遥村敬老院)-自由一号_Sep 24 2026《什么什么大冒险》制作委员会QQ群:515616289
2026-10-01 22:53:49.338 [UI] TOP=005D0E76 vis=0 cls=DIEmWin rc=(-1,-1,135,38) title=DIEmWin
2026-10-01 22:53:49.351 [UI] TOP=000506AA vis=0 cls=MSCTFIME UI rc=(0,0,0,0) title=MSCTFIME UI
2026-10-01 22:53:49.369 [UI] TOP=0008077A vis=0 cls=IME rc=(0,0,0,0) title=Default IME
2026-10-01 22:53:49.370 [UI] TOP=00130578 vis=0 cls=IME rc=(0,0,0,0) title=Default IME
2026-10-01 22:53:49.370 [UI] ---- window dump end ----
2026-10-01 22:53:51.063 [SEND-ANSWER] qno=16 opt=2 ret=13 sock=2572
2026-10-01 22:53:51.113 [SYS] 测试通过！
2026-10-01 22:53:51.216 [SYS] 获得了#00FF00#100#FFF692#金币
2026-10-01 22:53:51.216 [CURRENCY] a=201743 b=315030
2026-10-01 22:53:52.865 [UI] auto-closing quiz frame: qno=16 opt=2
2026-10-01 22:53:52.881 [UI] option 2 control NOT found — falling back to digit key
2026-10-01 22:53:56.915 [OUT] 1F04 inv=FFF6 len=13 #1 f6ff041fce1f805bb0510bdce8
2026-10-01 22:56:02.342 [OP] 4210 inv=FFF3 len=12 #3 660bdcfa402b1f8057ecfc0b
2026-10-01 23:02:14.368 [SYS] #FFF692#恭喜#FF8CF8#多人运动罗志祥zZ#FFF692#打造出#64FF7D#+10#FFF692#装备
2026-10-01 23:03:27.069 [PIPE] controller disconnected
2026-10-01 23:03:34.634 [PIPE] controller connected
2026-10-01 23:03:53.505 [INIT] dll unloaded
