2026-10-03 13:51:04.916 [INIT] dll loaded, pid=16868 (pure network mode)
2026-10-03 13:51:04.916 [INIT] codec loaded OK
2026-10-03 13:51:04.916 [INIT] iat hooks: recv=1 send=1 WSASend=1 connect=1 closesocket=1
2026-10-03 13:51:05.221 [PIPE] controller connected
2026-10-03 13:51:34.840 [SETTLE] exp=3774 gold=201748 len=393
2026-10-03 13:52:04.872 [SETTLE] exp=3024 gold=201748 len=393
2026-10-03 13:52:06.967 [SYS] #ff0000#您已进入野外区域，可能遭遇玩家间的自由对战，请注意安全！#ffffff#
2026-10-03 13:56:21.321 [SYS] #FFF692#交纳传送费用#00CCFF#1810#FFF692#金币！
2026-10-03 13:56:26.236 [SYS] #FFF692#交纳传送费用#00CCFF#1370#FFF692#金币！
2026-10-03 14:03:19.561 [SYS] 减少了#00FF00#40000#FFF692#金币
2026-10-03 14:03:53.021 [SYS] #ff0000#您已进入野外区域，可能遭遇玩家间的自由对战，请注意安全！#ffffff#
2026-10-03 14:04:50.926 [SETTLE] exp=3528 gold=201748 len=393
2026-10-03 14:05:29.226 [SETTLE] exp=4437 gold=201748 len=393
2026-10-03 14:06:39.693 [SETTLE] exp=4185 gold=201748 len=393
2026-10-03 14:07:15.078 [SETTLE] exp=3528 gold=201748 len=393
2026-10-03 14:07:34.181 [PIPE] controller disconnected
2026-10-03 14:08:00.156 [SETTLE] exp=3348 gold=201748 len=393
2026-10-03 14:08:12.194 [PIPE] controller connected
2026-10-03 14:08:26.205 [SETTLE] exp=3528 gold=201748 len=393
2026-10-03 14:08:39.240 [PIPE] controller disconnected
2026-10-03 14:08:56.612 [SETTLE] exp=3528 gold=201748 len=393
2026-10-03 14:09:29.968 [PIPE] controller connected
2026-10-03 14:10:53.892 [SETTLE] exp=4253 gold=201748 len=393
2026-10-03 14:11:22.267 [SETTLE] exp=3382 gold=201748 len=393
2026-10-03 14:12:02.827 [SETTLE] exp=4253 gold=201748 len=393
2026-10-03 14:13:59.538 [SETTLE] exp=4253 gold=201748 len=393
2026-10-03 14:14:52.194 [SETTLE] exp=4288 gold=201748 len=393
2026-10-03 14:15:18.422 [SETTLE] exp=3382 gold=201748 len=393
2026-10-03 14:16:01.342 [SETTLE] exp=3233 gold=201748 len=393
2026-10-03 14:16:31.361 [SETTLE] exp=4219 gold=201748 len=393
2026-10-03 14:17:17.251 [SETTLE] exp=4219 gold=201748 len=393
2026-10-03 14:17:46.868 [QUESTION] {"type":"question","sock":2428,"qno":12,"field_a":82,"stem":"在杠杆上起到支撑作用的那一点叫做？","options":["1、支点","2、上午六点","3、晚上8点","4、少一点"]}
2026-10-03 14:17:50.872 [SEND-ANSWER] qno=12 opt=0 ret=13 sock=2428
2026-10-03 14:17:50.925 [SYS] 测试通过！
2026-10-03 14:17:51.022 [SYS] 获得了#00FF00#100#FFF692#金币
2026-10-03 14:17:52.646 [SETTLE] exp=4056 gold=201748 len=393
2026-10-03 14:17:52.742 [SYS] 获得了#00FF00#1#FFF692#个#64FF7D#黄玉葫芦
2026-10-03 14:18:28.348 [SETTLE] exp=3233 gold=201748 len=393
2026-10-03 14:19:07.922 [SETTLE] exp=4253 gold=201748 len=393
2026-10-03 14:19:42.424 [SETTLE] exp=4288 gold=201748 len=393
2026-10-03 14:20:14.406 [SETTLE] exp=4056 gold=201748 len=403
2026-10-03 14:20:43.554 [SETTLE] exp=3485 gold=201748 len=393
2026-10-03 14:21:20.910 [SETTLE] exp=4121 gold=201748 len=393
2026-10-03 14:21:47.735 [SETTLE] exp=4056 gold=201748 len=393
2026-10-03 14:22:41.300 [SETTLE] exp=3264 gold=201748 len=393
2026-10-03 14:23:13.679 [SETTLE] exp=4253 gold=201748 len=393
2026-10-03 14:23:46.507 [SETTLE] exp=3450 gold=201748 len=393
2026-10-03 14:24:16.977 [SETTLE] exp=4089 gold=201748 len=393
2026-10-03 14:25:04.624 [SETTLE] exp=4089 gold=201748 len=393
2026-10-03 14:25:32.489 [SETTLE] exp=3264 gold=201748 len=393
2026-10-03 14:26:05.163 [SETTLE] exp=3450 gold=201748 len=393
2026-10-03 14:26:45.537 [SETTLE] exp=3264 gold=201748 len=393
2026-10-03 14:27:21.908 [SETTLE] exp=4089 gold=201748 len=393
2026-10-03 14:28:05.817 [SETTLE] exp=4089 gold=201748 len=393
2026-10-03 14:29:23.704 [SETTLE] exp=4219 gold=201748 len=393
2026-10-03 14:29:54.161 [SETTLE] exp=4253 gold=201748 len=393
2026-10-03 14:30:00.556 [SYS] #00FFFF#根据最权威最公正的大赛组委会评定，本届#FF0000#超级书生大赛决赛的录取分数线#00FFFF#为#00FF00#45分#00FFFF#，请广大上线的冒险者赶快去找在出现乌龙或逍遥村子里的#FFF692#PP鸡主考官#00FFFF#参加决赛，决赛的战鼓已经敲响！
2026-10-03 14:30:26.391 [SETTLE] exp=3382 gold=201748 len=393
2026-10-03 14:30:50.718 [SETTLE] exp=4219 gold=201748 len=393
2026-10-03 14:31:00.564 [SYS] #00FFFF#根据最权威最公正的大赛组委会评定，本届#FF0000#超级书生大赛决赛的录取分数线#00FFFF#为#00FF00#45分#00FFFF#，请广大上线的冒险者赶快去找在出现乌龙或逍遥村子里的#FFF692#PP鸡主考官#00FFFF#参加决赛，决赛正在激烈的进行中
2026-10-03 14:31:24.265 [SETTLE] exp=3264 gold=201748 len=393
2026-10-03 14:31:51.049 [SETTLE] exp=4089 gold=201748 len=393
2026-10-03 14:32:33.455 [SETTLE] exp=3485 gold=201748 len=393
2026-10-03 14:33:01.485 [SETTLE] exp=3233 gold=201748 len=393
2026-10-03 14:33:32.076 [SETTLE] exp=4288 gold=201748 len=393
2026-10-03 14:34:00.692 [SETTLE] exp=3485 gold=201748 len=393
2026-10-03 14:34:37.612 [SETTLE] exp=4121 gold=201748 len=393
2026-10-03 14:35:21.193 [SETTLE] exp=4253 gold=201748 len=393
2026-10-03 14:35:54.482 [SETTLE] exp=3382 gold=201748 len=393
2026-10-03 14:36:00.579 [SYS] #00FFFF#根据最权威最公正的大赛组委会评定，本届#FF0000#超级书生大赛决赛的录取分数线#00FFFF#为#00FF00#45分#00FFFF#，请广大上线的冒险者赶快去找在出现乌龙或逍遥村子里的#FFF692#PP鸡主考官#00FFFF#参加决赛，决赛正在激烈的进行中
2026-10-03 14:36:23.302 [SETTLE] exp=3264 gold=201748 len=393
2026-10-03 14:36:53.066 [SETTLE] exp=3233 gold=201748 len=393
2026-10-03 14:37:39.229 [SETTLE] exp=4321 gold=201748 len=393
2026-10-03 14:38:12.571 [SETTLE] exp=4436 gold=201748 len=393
2026-10-03 14:38:43.659 [SETTLE] exp=3416 gold=201748 len=393
2026-10-03 14:39:23.791 [SETTLE] exp=3416 gold=201748 len=393
2026-10-03 14:39:52.687 [SETTLE] exp=3416 gold=201748 len=393
2026-10-03 14:40:36.918 [SETTLE] exp=3450 gold=201748 len=393
2026-10-03 14:41:00.612 [SYS] #00FFFF#根据最权威最公正的大赛组委会评定，本届#FF0000#超级书生大赛决赛的录取分数线#00FFFF#为#00FF00#45分#00FFFF#，请广大上线的冒险者赶快去找在出现乌龙或逍遥村子里的#FFF692#PP鸡主考官#00FFFF#参加决赛，决赛正在激烈的进行中
2026-10-03 14:41:05.629 [SETTLE] exp=3450 gold=201748 len=393
2026-10-03 14:41:33.914 [SETTLE] exp=3450 gold=201748 len=393
2026-10-03 14:42:03.663 [SETTLE] exp=3450 gold=201748 len=393
2026-10-03 14:42:28.600 [SETTLE] exp=3450 gold=201748 len=393
2026-10-03 14:43:04.397 [SETTLE] exp=4321 gold=201748 len=393
2026-10-03 14:43:32.231 [SETTLE] exp=3450 gold=201748 len=393
2026-10-03 14:44:01.815 [SETTLE] exp=3484 gold=201748 len=393
2026-10-03 14:44:28.710 [SETTLE] exp=3450 gold=201748 len=393
2026-10-03 14:44:50.672 [SETTLE] exp=3416 gold=201748 len=393
2026-10-03 14:45:18.394 [SETTLE] exp=3450 gold=201748 len=393
2026-10-03 14:46:00.315 [SETTLE] exp=4321 gold=201748 len=393
2026-10-03 14:46:00.614 [SYS] #00FFFF#根据最权威最公正的大赛组委会评定，本届#FF0000#超级书生大赛决赛的录取分数线#00FFFF#为#00FF00#45分#00FFFF#，请广大上线的冒险者赶快去找在出现乌龙或逍遥村子里的#FFF692#PP鸡主考官#00FFFF#参加决赛，决赛正在激烈的进行中
2026-10-03 14:46:32.265 [SETTLE] exp=4436 gold=201748 len=393
2026-10-03 14:47:16.826 [SETTLE] exp=3416 gold=201748 len=393
2026-10-03 14:47:47.599 [SETTLE] exp=3450 gold=201748 len=393
2026-10-03 14:48:18.928 [SETTLE] exp=3484 gold=201748 len=393
2026-10-03 14:48:43.569 [SETTLE] exp=4321 gold=201748 len=393
2026-10-03 14:49:18.386 [SETTLE] exp=4287 gold=201748 len=393
2026-10-03 14:49:23.214 [SYS] #FFF692#恭喜#FF8CF8#情義丶聪爺#FFF692#在#00C8F8#珍稀特殊RP箱#FFF692#中获得了#64FF7D#洗髓丹
2026-10-03 14:49:24.844 [SYS] #FFF692#恭喜#FF8CF8#情義丶聪爺#FFF692#在#00C8F8#珍稀特殊RP箱#FFF692#中获得了#64FF7D#特殊5阶宠武试管
2026-10-03 14:49:25.031 [SYS] #FFF692#恭喜#FF8CF8#情義丶聪爺#FFF692#在#00C8F8#珍稀特殊RP箱#FFF692#中获得了#64FF7D#高级恶魔果实
2026-10-03 14:50:02.469 [SETTLE] exp=4436 gold=201748 len=393
2026-10-03 14:50:32.349 [SETTLE] exp=4287 gold=201748 len=393
2026-10-03 14:51:00.644 [SYS] #00FFFF#根据最权威最公正的大赛组委会评定，本届#FF0000#超级书生大赛决赛的录取分数线#00FFFF#为#00FF00#45分#00FFFF#，请广大上线的冒险者赶快去找在出现乌龙或逍遥村子里的#FFF692#PP鸡主考官#00FFFF#参加决赛，决赛正在激烈的进行中
2026-10-03 14:51:04.549 [SETTLE] exp=4321 gold=201748 len=393
2026-10-03 14:51:34.787 [SETTLE] exp=3416 gold=201748 len=393
2026-10-03 14:52:03.150 [SETTLE] exp=4287 gold=201748 len=393
2026-10-03 14:52:32.417 [SETTLE] exp=3450 gold=201748 len=393
2026-10-03 14:53:03.209 [SETTLE] exp=3416 gold=201748 len=393
2026-10-03 14:53:33.859 [SETTLE] exp=4287 gold=201748 len=393
2026-10-03 14:54:03.519 [SETTLE] exp=4287 gold=201748 len=393
2026-10-03 14:54:31.955 [SETTLE] exp=3450 gold=201748 len=393
2026-10-03 14:55:01.755 [SETTLE] exp=4287 gold=201748 len=393
2026-10-03 14:55:30.396 [SETTLE] exp=3484 gold=201748 len=403
2026-10-03 14:56:00.661 [SYS] #00FFFF#十万火急，超级书生大赛决赛将于#00FF00#5分钟#00FFFF#后结束，真正到了分秒必争的时刻了，冒险者们加油啊！！
2026-10-03 14:56:06.114 [SETTLE] exp=3450 gold=201748 len=393
2026-10-03 14:56:35.771 [SETTLE] exp=3450 gold=201748 len=403
2026-10-03 14:57:00.670 [SYS] #00FFFF#十万火急，超级书生大赛决赛将于#00FF00#4分钟#00FFFF#后结束，真正到了分秒必争的时刻了，冒险者们加油啊！！
2026-10-03 14:57:02.886 [SETTLE] exp=4287 gold=201748 len=393
2026-10-03 14:57:31.330 [SETTLE] exp=3450 gold=201748 len=393
2026-10-03 14:58:00.664 [SYS] #00FFFF#十万火急，超级书生大赛决赛将于#00FF00#3分钟#00FFFF#后结束，真正到了分秒必争的时刻了，冒险者们加油啊！！
2026-10-03 14:58:03.661 [SETTLE] exp=4287 gold=201748 len=393
2026-10-03 14:58:28.173 [SETTLE] exp=3484 gold=201748 len=393
2026-10-03 14:58:59.586 [SETTLE] exp=3450 gold=201748 len=393
2026-10-03 14:59:00.677 [SYS] #00FFFF#十万火急，超级书生大赛决赛将于#00FF00#2分钟#00FFFF#后结束，真正到了分秒必争的时刻了，冒险者们加油啊！！
2026-10-03 14:59:25.211 [SETTLE] exp=4356 gold=201748 len=393
2026-10-03 15:00:00.023 [SYS] #00FFFF#尊敬的冒险者们，今天是#FFFF00#力量之日#00FFFF#！#FFFF00#力量卡片#00FFFF#和少量稀有卡片已经散落在了梦境世界的各个角落，等待着它们的主人！赶快战斗吧，去寻找属于你的卡片！
2026-10-03 15:00:00.205 [SETTLE] exp=3387 gold=201748 len=393
2026-10-03 15:00:00.303 [SYS] 获得了#00FF00#1#FFF692#个#64FF7D#锁住的藏宝盒
2026-10-03 15:00:00.725 [SYS] #00FFFF#十万火急，超级书生大赛决赛将于#00FF00#1分钟#00FFFF#后结束，真正到了分秒必争的时刻了，冒险者们加油啊！！
2026-10-03 15:00:40.531 [SETTLE] exp=2590 gold=201748 len=393
2026-10-03 15:00:40.624 [SYS] 获得了#00FF00#1#FFF692#个#64FF7D#锁住的藏宝盒
2026-10-03 15:01:00.735 [SYS] #00FFFF#非常感谢大家的积极参与，本届超级书生大赛决赛已经结束。稍后将公布本届大赛的前3名超级书生，请大家随时关注我们的公告。
2026-10-03 15:01:07.456 [SETTLE] exp=2590 gold=201748 len=393
2026-10-03 15:01:07.543 [SYS] 获得了#00FF00#1#FFF692#个#64FF7D#锁住的藏宝盒
2026-10-03 15:01:34.884 [SETTLE] exp=3454 gold=201748 len=393
2026-10-03 15:01:58.650 [SETTLE] exp=3497 gold=201748 len=393
2026-10-03 15:02:00.694 [SYS] #00FFFF#经过激烈的角逐，本届超级书生大赛的前3名超级书生已经诞生，让我们记住他们的名字：#FF0000#玛哈德奥#00FFFF#。请以上超级书生即刻前住#00FF00#梦幻岛#FF8CF8#神仙姐姐#00FFFF#处领取超值大奖，#00FF00#30分钟后#00FFFF#将关闭领奖，过期无效！
2026-10-03 15:02:27.748 [SETTLE] exp=2590 gold=201748 len=393
2026-10-03 15:02:27.844 [SYS] 获得了#00FF00#1#FFF692#个#64FF7D#卡片-“幸运”
2026-10-03 15:02:49.077 [QUESTION] {"type":"question","sock":2428,"qno":1,"field_a":59,"stem":"以下不属于马的动物？","options":["1、海马","2、赤兔","3、白马","4、红马"]}
2026-10-03 15:02:55.297 [SETTLE] exp=2557 gold=201748 len=393
2026-10-03 15:02:59.943 [SEND-ANSWER] qno=1 opt=0 ret=13 sock=2428
2026-10-03 15:02:59.987 [SYS] 测试通过！
2026-10-03 15:03:00.074 [SYS] 获得了#00FF00#100#FFF692#金币
2026-10-03 15:03:26.218 [SETTLE] exp=3454 gold=201748 len=393
2026-10-03 15:03:47.910 [SETTLE] exp=3454 gold=201748 len=393
2026-10-03 15:04:14.222 [SETTLE] exp=2632 gold=201748 len=393
2026-10-03 15:04:14.308 [SYS] 获得了#00FF00#1#FFF692#个#64FF7D#锁住的藏宝盒
2026-10-03 15:04:45.906 [SETTLE] exp=3420 gold=201748 len=393
2026-10-03 15:05:08.096 [SETTLE] exp=3420 gold=201748 len=393
2026-10-03 15:05:45.158 [INIT] dll unloaded
