2026-10-03 15:48:27.309 [INIT] dll loaded, pid=25368 (pure network mode)
2026-10-03 15:48:27.309 [INIT] codec loaded OK
2026-10-03 15:48:27.311 [INIT] iat hooks: recv=1 send=1 WSASend=1 connect=1 closesocket=1
2026-10-03 15:48:27.614 [PIPE] controller connected
2026-10-03 15:48:45.496 [CONNECT] sock 2492 -> port 8484
2026-10-03 15:48:47.317 [CONNECT] sock 2676 -> port 8485
2026-10-03 15:48:47.364 [MAIN-SOCK] identified game world sock 2676 (WSASend op=F001)
2026-10-03 15:50:00.039 [SYS] #00FFFF#尊敬的冒险者们，今天是#FFFF00#力量之日#00FFFF#！#FFFF00#力量卡片#00FFFF#和少量稀有卡片已经散落在了梦境世界的各个角落，等待着它们的主人！赶快战斗吧，去寻找属于你的卡片！
2026-10-03 15:51:00.100 [SYS] #00FFFF#活动中获得的卡片可以在#00FF00#龙之都#00FFFF#的#FF0000#奥里雷西亚女士#00FFFF#处兑换其它卡片或者收藏品；打开锁着的藏宝箱得到的#FFFF00#武器大师礼券#00FFFF#可以在#00FF00#龙之都#00FFFF#的#FF0000#哼哼先生#00FFFF#处兑换锻造金色武器的原料。
2026-10-03 15:51:25.067 [SETTLE] exp=4356 gold=201747 len=393
2026-10-03 15:51:47.822 [SETTLE] exp=4400 gold=201747 len=393
2026-10-03 15:52:18.017 [SETTLE] exp=3450 gold=201747 len=393
2026-10-03 15:52:18.113 [SYS] 获得了#00FF00#1#FFF692#个#64FF7D#锁住的藏宝盒
2026-10-03 15:52:45.371 [SETTLE] exp=3484 gold=201747 len=393
2026-10-03 15:53:14.333 [SETTLE] exp=3416 gold=201747 len=393
2026-10-03 15:53:40.027 [SETTLE] exp=3450 gold=201747 len=393
2026-10-03 15:54:05.872 [SETTLE] exp=3416 gold=201747 len=393
2026-10-03 15:54:33.822 [SETTLE] exp=4287 gold=201747 len=393
2026-10-03 15:55:06.131 [SETTLE] exp=4321 gold=201747 len=393
2026-10-03 15:55:29.466 [SETTLE] exp=3450 gold=201747 len=393
2026-10-03 15:56:17.953 [SETTLE] exp=3484 gold=201747 len=393
2026-10-03 15:56:43.301 [SETTLE] exp=4287 gold=201747 len=393
2026-10-03 15:57:11.025 [SETTLE] exp=4287 gold=201747 len=393
2026-10-03 15:57:11.119 [SYS] 获得了#00FF00#1#FFF692#个#64FF7D#锁住的藏宝盒
2026-10-03 15:57:11.119 [SYS] 获得了#00FF00#1#FFF692#个#64FF7D#卡片-“幸运”
2026-10-03 15:57:36.264 [SETTLE] exp=4321 gold=201747 len=393
2026-10-03 15:57:36.357 [SYS] 获得了#00FF00#1#FFF692#个#64FF7D#锁住的藏宝盒
2026-10-03 15:58:04.787 [SETTLE] exp=3527 gold=201747 len=393
2026-10-03 15:58:32.779 [SETTLE] exp=4287 gold=201747 len=393
2026-10-03 15:59:02.558 [SETTLE] exp=3450 gold=201747 len=393
2026-10-03 15:59:02.647 [SYS] 获得了#00FF00#1#FFF692#个#64FF7D#锁住的藏宝盒
2026-10-03 15:59:29.901 [SETTLE] exp=3450 gold=201747 len=393
2026-10-03 15:59:29.991 [SYS] 获得了#00FF00#1#FFF692#个#64FF7D#锁住的藏宝盒
2026-10-03 15:59:52.624 [SETTLE] exp=3450 gold=201747 len=393
2026-10-03 15:59:52.713 [SYS] 获得了#00FF00#1#FFF692#个#64FF7D#卡片-“力量”
2026-10-03 16:00:00.037 [SYS] #00FFFF#尊敬的冒险者们，今天是#FFFF00#力量之日#00FFFF#！#FFFF00#力量卡片#00FFFF#和少量稀有卡片已经散落在了梦境世界的各个角落，等待着它们的主人！赶快战斗吧，去寻找属于你的卡片！
2026-10-03 16:00:00.723 [SYS] 许愿池里多了一批新礼物，赶紧来许愿吧~
2026-10-03 16:00:34.220 [SETTLE] exp=3484 gold=201747 len=393
2026-10-03 16:01:00.043 [SYS] #00FFFF#活动中获得的卡片可以在#00FF00#龙之都#00FFFF#的#FF0000#奥里雷西亚女士#00FFFF#处兑换其它卡片或者收藏品；打开锁着的藏宝箱得到的#FFFF00#武器大师礼券#00FFFF#可以在#00FF00#龙之都#00FFFF#的#FF0000#哼哼先生#00FFFF#处兑换锻造金色武器的原料。
2026-10-03 16:01:00.904 [SETTLE] exp=3450 gold=201747 len=393
2026-10-03 16:01:29.929 [SETTLE] exp=3484 gold=201747 len=393
2026-10-03 16:01:57.292 [SETTLE] exp=3450 gold=201747 len=393
2026-10-03 16:02:23.585 [SETTLE] exp=4400 gold=201747 len=393
2026-10-03 16:03:04.475 [SETTLE] exp=4287 gold=201747 len=393
2026-10-03 16:03:04.563 [SYS] 获得了#00FF00#1#FFF692#个#64FF7D#锁住的藏宝盒
2026-10-03 16:03:34.804 [SETTLE] exp=3416 gold=201747 len=393
2026-10-03 16:03:34.896 [SYS] 获得了#00FF00#1#FFF692#个#64FF7D#锁住的藏宝盒
2026-10-03 16:03:34.896 [SYS] 获得了#00FF00#1#FFF692#个#64FF7D#卡片-“天使”
2026-10-03 16:03:34.896 [SYS] 获得了#00FF00#1#FFF692#个#64FF7D#碧玉葫芦
2026-10-03 16:03:58.887 [SETTLE] exp=4287 gold=201747 len=393
2026-10-03 16:03:58.975 [SYS] 获得了#00FF00#1#FFF692#个#64FF7D#锁住的藏宝盒
2026-10-03 16:04:12.504 [QUESTION] {"type":"question","sock":2492,"qno":19,"field_a":101,"stem":"我国自己研制的火箭，已经多次成功的把什么送上太空？","options":["1、哈士奇","2、嫦娥","3、人造卫星","4、另一个太阳"]}
2026-10-03 16:04:18.106 [SEND-ANSWER] qno=19 opt=2 ret=13 sock=2492
2026-10-03 16:04:18.158 [SYS] 测试通过！
2026-10-03 16:04:18.246 [SYS] 获得了#00FF00#100#FFF692#金币
2026-10-03 16:04:31.143 [SETTLE] exp=3450 gold=201747 len=393
2026-10-03 16:04:58.248 [SETTLE] exp=4356 gold=201747 len=393
2026-10-03 16:04:58.331 [SYS] 获得了#00FF00#1#FFF692#个#64FF7D#卡片-“力量”
2026-10-03 16:05:26.677 [SETTLE] exp=4400 gold=201747 len=393
2026-10-03 16:05:55.652 [SETTLE] exp=4436 gold=201747 len=393
2026-10-03 16:06:21.680 [SETTLE] exp=4436 gold=201747 len=393
2026-10-03 16:06:21.774 [SYS] 获得了#00FF00#1#FFF692#个#64FF7D#黄玉葫芦
2026-10-03 16:07:03.125 [SETTLE] exp=4287 gold=201747 len=393
2026-10-03 16:07:28.772 [SETTLE] exp=3416 gold=201747 len=393
2026-10-03 16:07:58.981 [SETTLE] exp=3484 gold=201747 len=393
2026-10-03 16:08:25.028 [SETTLE] exp=3484 gold=201747 len=393
2026-10-03 16:08:58.711 [SETTLE] exp=3450 gold=201747 len=393
2026-10-03 16:09:30.992 [SETTLE] exp=4287 gold=201747 len=393
2026-10-03 16:10:00.045 [SYS] #00FFFF#尊敬的冒险者们，今天是#FFFF00#力量之日#00FFFF#！#FFFF00#力量卡片#00FFFF#和少量稀有卡片已经散落在了梦境世界的各个角落，等待着它们的主人！赶快战斗吧，去寻找属于你的卡片！
2026-10-03 16:10:00.318 [SETTLE] exp=3450 gold=201747 len=393
2026-10-03 16:10:00.400 [SYS] 获得了#00FF00#1#FFF692#个#64FF7D#锁住的藏宝盒
2026-10-03 16:10:29.475 [SETTLE] exp=3450 gold=201747 len=393
2026-10-03 16:11:00.042 [SYS] #00FFFF#活动中获得的卡片可以在#00FF00#龙之都#00FFFF#的#FF0000#奥里雷西亚女士#00FFFF#处兑换其它卡片或者收藏品；打开锁着的藏宝箱得到的#FFFF00#武器大师礼券#00FFFF#可以在#00FF00#龙之都#00FFFF#的#FF0000#哼哼先生#00FFFF#处兑换锻造金色武器的原料。
2026-10-03 16:11:09.881 [SETTLE] exp=3450 gold=201747 len=393
2026-10-03 16:11:09.970 [SYS] 获得了#00FF00#1#FFF692#个#64FF7D#卡片-“力量”
2026-10-03 16:11:52.274 [SETTLE] exp=3484 gold=201747 len=393
2026-10-03 16:12:19.376 [SETTLE] exp=4287 gold=201747 len=393
2026-10-03 16:12:19.468 [SYS] 获得了#00FF00#1#FFF692#个#64FF7D#锁住的藏宝盒
2026-10-03 16:12:44.502 [SETTLE] exp=3416 gold=201747 len=393
2026-10-03 16:12:44.588 [SYS] 获得了#00FF00#1#FFF692#个#64FF7D#锁住的藏宝盒
2026-10-03 16:13:05.976 [SETTLE] exp=3450 gold=201747 len=393
2026-10-03 16:13:06.072 [SYS] 获得了#00FF00#1#FFF692#个#64FF7D#锁住的藏宝盒
2026-10-03 16:13:32.130 [SETTLE] exp=4321 gold=201747 len=393
2026-10-03 16:13:56.887 [SETTLE] exp=4287 gold=201747 len=393
2026-10-03 16:14:23.428 [SETTLE] exp=4356 gold=201747 len=393
2026-10-03 16:14:50.561 [SETTLE] exp=4287 gold=201747 len=393
2026-10-03 16:15:18.834 [SETTLE] exp=4321 gold=201747 len=393
2026-10-03 16:15:51.141 [SETTLE] exp=4436 gold=201747 len=393
2026-10-03 16:16:20.642 [SETTLE] exp=4436 gold=201747 len=393
2026-10-03 16:16:59.617 [SETTLE] exp=4321 gold=201747 len=393
2026-10-03 16:17:30.600 [SETTLE] exp=4287 gold=201747 len=393
2026-10-03 16:17:59.422 [SETTLE] exp=4287 gold=201747 len=393
2026-10-03 16:18:21.273 [SETTLE] exp=4436 gold=201747 len=393
2026-10-03 16:18:54.320 [SETTLE] exp=4436 gold=201747 len=393
2026-10-03 16:18:54.412 [SYS] 获得了#00FF00#1#FFF692#个#64FF7D#锁住的藏宝盒
2026-10-03 16:19:20.376 [SETTLE] exp=3416 gold=201747 len=393
2026-10-03 16:19:42.393 [SETTLE] exp=3527 gold=201747 len=393
2026-10-03 16:20:00.040 [SYS] #00FFFF#尊敬的冒险者们，今天是#FFFF00#力量之日#00FFFF#！#FFFF00#力量卡片#00FFFF#和少量稀有卡片已经散落在了梦境世界的各个角落，等待着它们的主人！赶快战斗吧，去寻找属于你的卡片！
2026-10-03 16:20:20.207 [SETTLE] exp=4321 gold=201747 len=393
2026-10-03 16:20:20.311 [SYS] 获得了#00FF00#1#FFF692#个#64FF7D#锁住的藏宝盒
2026-10-03 16:20:20.311 [SYS] 获得了#00FF00#1#FFF692#个#64FF7D#卡片-“力量”
2026-10-03 16:20:47.023 [SETTLE] exp=3484 gold=201747 len=393
2026-10-03 16:21:00.056 [SYS] #00FFFF#活动中获得的卡片可以在#00FF00#龙之都#00FFFF#的#FF0000#奥里雷西亚女士#00FFFF#处兑换其它卡片或者收藏品；打开锁着的藏宝箱得到的#FFFF00#武器大师礼券#00FFFF#可以在#00FF00#龙之都#00FFFF#的#FF0000#哼哼先生#00FFFF#处兑换锻造金色武器的原料。
2026-10-03 16:21:27.465 [SETTLE] exp=3416 gold=201747 len=393
2026-10-03 16:21:27.552 [SYS] 获得了#00FF00#1#FFF692#个#64FF7D#锁住的藏宝盒
2026-10-03 16:22:05.790 [SETTLE] exp=4287 gold=201747 len=403
2026-10-03 16:22:45.879 [SETTLE] exp=-21513 gold=201747 len=393
2026-10-03 16:24:41.947 [SYS] #FFF692#交纳传送费用#00CCFF#1370#FFF692#金币！
2026-10-03 16:24:45.498 [SYS] #FFF692#交纳传送费用#00CCFF#1810#FFF692#金币！
2026-10-03 16:24:45.523 [SYS] #ff0000#您已进入野外区域，可能遭遇玩家间的自由对战，请注意安全！#ffffff#
2026-10-03 16:24:59.282 [SYS] #FFF692#交纳传送费用#00CCFF#1810#FFF692#金币！
2026-10-03 16:25:02.516 [SYS] #FFF692#交纳传送费用#00CCFF#1370#FFF692#金币！
2026-10-03 16:27:24.459 [SYS] 减少了#00FF00#40000#FFF692#金币
2026-10-03 16:28:04.368 [SYS] #ff0000#您已进入野外区域，可能遭遇玩家间的自由对战，请注意安全！#ffffff#
2026-10-03 16:28:14.549 [SYS] 你所邀请的对象正在忙碌，无法接受你的邀请。
2026-10-03 16:28:15.591 [SYS] 你所邀请的对象正在忙碌，无法接受你的邀请。
2026-10-03 16:28:18.937 [SYS] 你所邀请的对象正在忙碌，无法接受你的邀请。
2026-10-03 16:29:29.958 [SETTLE] exp=4287 gold=201747 len=393
2026-10-03 16:29:56.146 [SETTLE] exp=4400 gold=201747 len=393
2026-10-03 16:29:56.147 [SYS] 获得了#00FF00#1#FFF692#个#64FF7D#锁住的藏宝盒
2026-10-03 16:30:00.063 [SYS] #00FFFF#尊敬的冒险者们，今天是#FFFF00#力量之日#00FFFF#！#FFFF00#力量卡片#00FFFF#和少量稀有卡片已经散落在了梦境世界的各个角落，等待着它们的主人！赶快战斗吧，去寻找属于你的卡片！
2026-10-03 16:30:29.206 [SETTLE] exp=4287 gold=201747 len=393
2026-10-03 16:30:29.294 [SYS] 获得了#00FF00#1#FFF692#个#64FF7D#锁住的藏宝盒
2026-10-03 16:31:00.066 [SYS] #00FFFF#活动中获得的卡片可以在#00FF00#龙之都#00FFFF#的#FF0000#奥里雷西亚女士#00FFFF#处兑换其它卡片或者收藏品；打开锁着的藏宝箱得到的#FFFF00#武器大师礼券#00FFFF#可以在#00FF00#龙之都#00FFFF#的#FF0000#哼哼先生#00FFFF#处兑换锻造金色武器的原料。
2026-10-03 16:31:04.144 [SETTLE] exp=4321 gold=201747 len=393
2026-10-03 16:31:32.987 [SETTLE] exp=3416 gold=201747 len=393
2026-10-03 16:32:02.483 [SETTLE] exp=4400 gold=201747 len=393
2026-10-03 16:32:40.111 [SETTLE] exp=3416 gold=201747 len=393
2026-10-03 16:33:20.846 [SETTLE] exp=3527 gold=201747 len=393
2026-10-03 16:33:20.940 [SYS] 获得了#00FF00#1#FFF692#个#64FF7D#锁住的藏宝盒
2026-10-03 16:33:50.323 [SETTLE] exp=3492 gold=201747 len=413
2026-10-03 16:34:29.291 [SETTLE] exp=4436 gold=201747 len=393
2026-10-03 16:35:00.260 [SETTLE] exp=3527 gold=201747 len=393
2026-10-03 16:35:28.413 [SETTLE] exp=3527 gold=201747 len=393
2026-10-03 16:36:01.347 [SETTLE] exp=4400 gold=201747 len=393
2026-10-03 16:36:30.706 [SETTLE] exp=4400 gold=201747 len=393
2026-10-03 16:36:57.923 [SETTLE] exp=3492 gold=201747 len=393
2026-10-03 16:36:58.020 [SYS] 获得了#00FF00#1#FFF692#个#64FF7D#锁住的藏宝盒
2026-10-03 16:37:32.494 [SETTLE] exp=4400 gold=201747 len=393
2026-10-03 16:37:32.588 [SYS] 获得了#00FF00#1#FFF692#个#64FF7D#锁住的藏宝盒
2026-10-03 16:38:00.472 [SETTLE] exp=3527 gold=201747 len=393
2026-10-03 16:38:33.628 [SETTLE] exp=3416 gold=201747 len=393
2026-10-03 16:38:33.715 [SYS] 获得了#00FF00#1#FFF692#个#64FF7D#锁住的藏宝盒
2026-10-03 16:39:02.430 [SETTLE] exp=4287 gold=201747 len=393
2026-10-03 16:39:28.791 [SETTLE] exp=3492 gold=201747 len=393
2026-10-03 16:40:00.053 [SYS] #00FFFF#尊敬的冒险者们，今天是#FFFF00#力量之日#00FFFF#！#FFFF00#力量卡片#00FFFF#和少量稀有卡片已经散落在了梦境世界的各个角落，等待着它们的主人！赶快战斗吧，去寻找属于你的卡片！
2026-10-03 16:40:01.888 [SETTLE] exp=4436 gold=201747 len=393
2026-10-03 16:40:30.302 [SETTLE] exp=4400 gold=201747 len=393
2026-10-03 16:41:00.163 [SYS] #00FFFF#活动中获得的卡片可以在#00FF00#龙之都#00FFFF#的#FF0000#奥里雷西亚女士#00FFFF#处兑换其它卡片或者收藏品；打开锁着的藏宝箱得到的#FFFF00#武器大师礼券#00FFFF#可以在#00FF00#龙之都#00FFFF#的#FF0000#哼哼先生#00FFFF#处兑换锻造金色武器的原料。
2026-10-03 16:41:15.904 [SETTLE] exp=4400 gold=201747 len=393
2026-10-03 16:41:47.561 [SETTLE] exp=4400 gold=201747 len=393
2026-10-03 16:42:19.555 [SETTLE] exp=4400 gold=201747 len=403
2026-10-03 16:42:19.651 [SYS] 获得了#00FF00#1#FFF692#个#64FF7D#锁住的藏宝盒
2026-10-03 16:42:49.621 [SETTLE] exp=4436 gold=201747 len=393
