2026-10-02 20:41:34.991 [INIT] dll loaded, pid=32068
2026-10-02 20:41:34.992 [INIT] codec loaded OK
2026-10-02 20:41:34.992 [INIT] iat hooks: recv=1 send=1 WSASend=1 connect=1 closesocket=1
2026-10-02 20:41:45.741 [PIPE] controller connected
2026-10-02 20:42:37.617 [CONNECT] main sock 2520 -> 8484
2026-10-02 20:42:37.671 [OUT] 0FFF inv=FBC6 len=260 #1 c6fbff0f61975ee409ed551f805b64510bdcfaa32ba5805b64fb0bdcfaa32b1f805c5406badcfaa32b1f805b64510bdcfa212b1f802264510bdcfaa32b2f2a986e510bdcfaa32b1f805b64510b5efaa32bd5805b64510bdcfa2a306ea3f779e3fcdcfaa32b1f805b64510bdcfaa32b1f805b64510bdcfaa32b1f805b64510bdcfaa32b1f805b04ab8a719397afb0285b2a510bdcfaa3bb1f805ba9510bdcf1493c69a4a5ef79db7acced15697c5b64510bdcc63ce384b69564510bdcfaa32b1f805bf7ed79a5ce087769b987497930424eed59b1fe5c8d1767c653770f5abc1e34510bdcfaa32b1f805b640b0bdcfa5f2b1f805b64510b3681d4ff1f805b64510bdcfaa3
2026-10-02 20:42:38.034 [OP] 4002 inv=FF8B len=116 #1 95f3602be27670c54572cb4f40127ade51c5ac28cbe0902db87e812c4a726f4dc98a7654a63bad80c464510bdcfaa32bd13b5b646244dcfadf7f1f80807a510b155a4e78c8d97b81510bdcfada2b1f809564510ba7faa32b67805b645894dcfadb02074c724ed494dcfaa32b1f805b64510bdcfa
2026-10-02 20:42:57.774 [OUT] 0004 inv=FDD2 len=260 #1 d2fd04000cdcfaa3355ad665c4940bdcfaa32b1f805b6451d5dcfaa3321f805b64510bdc78e78f01805b64510bdcfaa32b1f805bb0510bdc84a32b1f805b6451a700bbd22b1f805b64510bdcfaa32b1f775b645182dcfaa32b1f805beb23de73faa32b1f805b64510bdcfaa3671f805bb5510bdcfaa32b1f7dcd93fc9f1db3395151adc464510bdcfaa32b1f7221a87fa0e23a8137fa69da897f63d33afbaf8be3cc4fd6fce2a2c385a050a064510bdcfaa32b1f805b64510bdcfaa32b1f805b64510bdcfaa32b1f805b64510bdcfaa32b1f805b64510bdcfaa32b1f805b64510bdcfaa32b1f805b64510bdcfaa32b1f805b64510bdcfaa32b1f805b64510bdcfaa32b1f
2026-10-02 20:42:57.845 [OP] 4014 inv=FFEA len=21 #1 5d1f805bf8510bdc6d3da5842a86970edd9615db2b
2026-10-02 20:42:57.845 [CLOSE] main sock 2520 closed
2026-10-02 20:42:57.906 [OUT] F001 inv=FE5F len=260 #1 5ffe01f003caa32bb907c464bc595ab12b21ab805b64510bdcfaa32b1fbcf2c197ddb8faa32b1f805b64510bdcfaa32b1f805b64510bdcfaa32b1f805b64510bdcfaa32b1f805b64510bdcfaa32b1f805b64510bdcfaa32b1f805b64510bdcfaa32b1f805b64510bdcfaa32b1f805b64510bdcfaa32b1f805b64510bdcfaa32b1f805b64510bdcfaa32b1f805b64510bdcfaa32b1f805b64510bdcfaa32bd65bcce0376141dee485fa41f4e07ffc4193e6558b69daa218612da17071ac675b64510bdcfaa32b1f805b64510bdcfaa32b1f805b64510bdcfaa32b1f805b64510bdcfaa32b1f805b64510bdcfaa32b1f805b64510bdcfaa32b1f805b64510bdcfaa32b1f80
2026-10-02 20:42:58.067 [OP] E001 inv=FFAF len=80 #1 580be8a3a32b1f80b77cb9b3ebffc88a0c5c5a4da476a3a1c95ee6c51d4d2439242070384597fb57d5b3bf5f24463e3bd83dbc595ab12b21ab6016897110e95497cd8b215b64d6666ffaa32b1f805b64
2026-10-02 20:42:58.169 [OP] E062 inv=FFCD len=50 #1 9564510bbafa7f3b6c1d985c5579b6947349b2274cf9bc85b1032b25a8ed96784c181874c2d4d0f1d73f332b0b7873baa880
2026-10-02 20:42:58.170 [OP] E062 inv=FFDB len=36 #2 90faa32bee80eecd052a78b83467e8a4f369c5ce4dd0cb56fef33ab76de3b664c159bf80
2026-10-02 20:42:58.170 [OP] E062 inv=FFD6 len=41 #3 ce5b64516edcc0b44bd3a4302774b37803306ed87c542e911708d8c1c6127e0648f7caa14edf3c9780
2026-10-02 20:42:58.170 [OP] E062 inv=FFBD len=66 #4 8bfaa32b2180eecd052a78b83467e8a4f369c56648a6e72307f33ab76d5c192bceebd9b1e97b6f2e14b753eb4b4c723354115f2b04230737be87299ce0ac5c311c80
2026-10-02 20:42:58.171 [OP] E062 inv=FFD2 len=45 #5 aea32b1ffc5b3eaf205bb83467e8a43005939c08e9a1339602fe15472a7ccbe7c0c371aa87299ce0ccce36a780
2026-10-02 20:42:58.780 [OUT] F041 inv=FFE7 len=28 #1 e7ff41f026b35c3828d7972b1f805b64510bdcfaa32b1f805b64510b
2026-10-02 20:42:58.780 [OUT] F003 inv=FFF7 len=12 #1 f7ff03f07ec97e64486f0da4
2026-10-02 20:42:58.827 [OP] E014 inv=FF97 len=104 #1 088880344ba72964510bdcfaa32b1f805b64510bfd04d5bb4f55cf64b3e564fa022b1f805b64510bdcfaa32b1f805b64510bdcfaa32b1f805b64510bdcfaa32b1f805b64510bdcfaa32b1f805b64510bdcfaa32b1f805b64510bdcfaa32b1f805b640ffd7801d5bb
2026-10-02 20:42:58.876 [OP] E004 inv=FD7D len=642 #1 7b0ba1914133409e335513f2dcfaa32b1f805b7ffd0be6faa32b1f805b64580bdcfaa32b1f805b64510b696479020e0f840a2913dcfaa32b1f805b26fdecc4faa32b1f805b64580bdcfaa32b1f805b64510be4ea9330b118f464510bdcfaa32b1f805b6451ec3bfaa32b1f805b647ffd52faa32b1f805b64510b62e250491f805b64510bdcfaa32b1f805b6451ecdcfaa32b1f805b64415f52faa32b1f805b64
2026-10-02 20:43:09.039 [OP] EFFE inv=FFFE len=1 #1 0b
2026-10-02 20:43:19.056 [OP] EFFE inv=FFFE len=1 #2 0b
2026-10-02 20:43:27.205 [OP] F005 inv=FFE7 len=24 #1 26b35c3828d7512b1f805b64510bdcfaa32b5ebce8221608
2026-10-02 20:43:27.301 [OP] F005 inv=FFE7 len=24 #2 26b35c3828d7512b1f805b64510bdcfaa32b5ebce8221608
2026-10-02 20:43:28.280 [OP] F005 inv=FFE7 len=24 #3 26b35c3828d7fb2b1f805b64510bdcfaa32b5ebc57221608
2026-10-02 20:43:28.376 [OP] F005 inv=FFE7 len=24 #4 26b35c3828d7fb2b1f805b64510bdcfaa32b5ebc57221608
2026-10-02 20:43:30.071 [CLOSE] main sock 2724 closed
2026-10-02 20:45:42.653 [PIPE] controller disconnected
2026-10-02 20:46:49.187 [CLOSE] main sock 4294967295 closed
2026-10-02 20:46:49.284 [CLOSE] main sock 4294967295 closed
2026-10-02 20:46:49.696 [CLOSE] main sock 4294967295 closed
2026-10-02 20:46:49.696 [CLOSE] main sock 4294967295 closed
2026-10-02 20:46:49.727 [INIT] dll unloaded
