2026-10-01 20:14:13.372 [INIT] dll loaded, pid=3652
2026-10-01 20:14:13.373 [INIT] codec loaded OK
2026-10-01 20:14:13.373 [INIT] iat hooks: recv=1 send=1 WSASend=1 connect=1 closesocket=1
2026-10-01 20:14:14.338 [OP] 4105 inv=FFFE len=1 #1 c0
2026-10-01 20:14:14.339 [OP] 4104 inv=FFFB len=4 #1 18671f77
2026-10-01 20:14:14.339 [OP] 4105 inv=FFFE len=1 #2 af
2026-10-01 20:14:14.339 [OP] 4104 inv=FFFB len=4 #2 b9671fe7
2026-10-01 20:14:14.439 [OP] 4106 inv=FFFC len=3 #1 e546ed
2026-10-01 20:14:14.542 [OP] 4106 inv=FFFC len=3 #2 b1fdcb
2026-10-01 20:14:14.637 [OP] 4105 inv=FFFE len=1 #3 0c
2026-10-01 20:14:14.637 [OP] 4104 inv=FFFB len=4 #3 cead1f10
2026-10-01 20:14:14.730 [OP] 4109 inv=FE7B len=388 #1 5e0e392bca800d53510bdcfaa32b1f809564510b02faccce2980076ffc0b66faf82b1f8017cd510b5253a32b1fc75b6451ecdcfa4b531f802164510bdcfaa32b1f805b64e4ecdcfaccff9f875b64510ba506a32bca805b64dfb2dcfa39c4ca805b64510bdcfaa32bca805b64dfb2dcfa39c459805b64510bdcc4a32bca805b64dfb2dcfa39c4ad805b64510bdcfaa32bca805b64dfb2dcfa39c49d805b64510b
2026-10-01 20:14:14.826 [OP] 4106 inv=FFFD len=2 #3 a3c4
2026-10-01 20:14:14.826 [OP] 4111 inv=FFFD len=2 #1 c064
2026-10-01 20:14:14.826 [OP] 4112 inv=FFFD len=2 #1 dcc4
2026-10-01 20:14:14.826 [OP] 4104 inv=FFFA len=5 #4 e956a3c1aa
2026-10-01 20:14:14.826 [OP] 4104 inv=FFFA len=5 #5 e956a3c1c7
2026-10-01 20:14:17.554 [OP] 4105 inv=FFFE len=1 #4 d0
2026-10-01 20:14:17.747 [OP] 4109 inv=FDFF len=512 #2 c787c464580b8b25a3531f805b64510b6ffaa32ba580ea7f0b0b0022fd24e7809564510baeaea32b9de79564517fdcfaa3531f8062df510b06faa32b1f805b64510bdcfa71531f80df64510bdcfaa32b1f805b64580bdcfab6ce1f801c7a0e0bdcc4a32b1faa5b645decdcfac42b1f805b64510bdcfaa32bca805b645fc4dcfafdcbad805bdf510bdcc4a32bb6aa5b64710bdcfaa32b1f805b64510b6ffaa32b
2026-10-01 20:14:17.845 [OP] 4111 inv=FFFD len=2 #2 a164
2026-10-01 20:14:18.202 [OP] EFFE inv=FFFE len=1 #1 0b
2026-10-01 20:14:19.140 [OP] 4109 inv=FE3F len=448 #3 5e0e392bca801cdd51ecdcfaa32b1f809564510be6fa8fdea580ea7fb2755efaf82b1f80a76f510b8bc6f82b1fc75b64510f71e84b531f809964510bdcfaa32b1f805b645decdcfad82b1f805b64510bdcfaa32bca805b645fc4dcfafded59805bdf510bdcc4a32bb6aa5b64230bdcfaa32b1f805b64510b6ffaa32bb7ef5b64b2c052faa3531f805bdf510b25c4a32b67805b64510bdcfaa32b1f809564510b
2026-10-01 20:14:19.240 [OP] 4111 inv=FFFD len=2 #3 5764
2026-10-01 20:14:19.242 [OP] 4112 inv=FFFD len=2 #2 52c4
2026-10-01 20:14:20.567 [OP] 4105 inv=FFFE len=1 #5 b2
2026-10-01 20:14:20.792 [OP] 4109 inv=FE83 len=380 #4 7b8052faf82bad8c5b64510bdcfaa32bca805b642d0b59ae722b6fefc464310b6ffaa32bf4075b64fcfd6ffaa3531f805bb652b2afc4a32b6e805b64510bdcfaa32b1f809564510b3fc2a32badca946451ecdcfaa3531f80e5df510b5989515d1f805b6479c9dcfaf82b1f8017cd510b529ffd2b1f805b6451ecdcfa70bb1f80c5cd510b52faf82b1faa94648fecdcfacdbb1f805b64510bdcfaa32bfa4e5b64
2026-10-01 20:14:20.897 [OP] 4106 inv=FFFD len=2 #4 a37c
2026-10-01 20:14:20.897 [OP] 4111 inv=FFFD len=2 #4 27df
2026-10-01 20:14:20.897 [OP] 4112 inv=FFFD len=2 #3 6fc4
2026-10-01 20:14:20.897 [OP] 4112 inv=FFFD len=2 #4 90c4
2026-10-01 20:14:20.897 [OP] 4112 inv=FFFD len=2 #5 8bc4
2026-10-01 20:14:21.246 [OUT] 1F51 inv=FFFF len=4 #1 ffff511f
2026-10-01 20:14:21.296 [OP] 4F52 inv=FFFF len=0 #1 
2026-10-01 20:14:24.825 [PIPE] controller connected
2026-10-01 20:14:25.459 [OP] 472A inv=FE76 len=393 #1 c6d8de1f52a164510bdcfaa32b1f805b64510bdc404d2b1f805b6451d5dcfaa3d9ad805b64510bdc61392b1f805b645184dcfaa32b1f805b07c20bdcfaa32b1f5cef64510bdcfaa32b1f805b64510bdcfaa32b1f805b64510bdcfaa32b1f805b64510bdcfaa32b1f805b64510bdcfaa32b1f805b64510bdcfaa32b1f805b64510bdcfaa32b1f805b64510bdc3cf82b1f23956451c36ffaa3deca805bc9580bdc
2026-10-01 20:14:25.558 [OP] 42CE inv=FFFB len=4 #1 c87f510b
2026-10-01 20:14:25.558 [OP] 4211 inv=FFF6 len=9 #1 aa5b6451af3e22a34a
2026-10-01 20:14:25.561 [OP] 4211 inv=FFF6 len=9 #2 aa5b64515ca722a34a
2026-10-01 20:14:25.561 [OP] 4211 inv=FFF6 len=9 #3 aa5b6451cd3e22a34a
2026-10-01 20:14:25.648 [OP] 4211 inv=FFF6 len=9 #4 aa5b645134a722a34a
2026-10-01 20:14:25.780 [OP] 47C0 inv=FFEA len=21 #1 51cac7632831ecdc51ab0503967fd9580bdbb29625
2026-10-01 20:14:25.780 [OP] 47C0 inv=FFF3 len=12 #2 0253ca967fd9580bdbb29625
2026-10-01 20:14:25.781 [OP] 47C0 inv=FFF3 len=12 #3 0253cae8add9580b030ef125
2026-10-01 20:14:25.781 [OP] 47C0 inv=FFEA len=21 #4 51cac7b5da31ecdce2879f03a9add9580b6e47f1cc
2026-10-01 20:14:25.781 [OP] 47C0 inv=FFF3 len=12 #5 0253caa9add9580b6e47f1cc
2026-10-01 20:14:31.893 [OP] 46FE inv=FFFF len=0 #1 
2026-10-01 20:14:32.693 [OP] 4100 inv=FFF9 len=6 #1 98aa075367cd
2026-10-01 20:14:32.786 [OP] 4101 inv=FC6D len=914 #1 215dad805b64510bdcfaa32bc8d97b81510bdcfaa32b1f805b64510bdcfaa32b1f805b64510bdcfa87429d4e5b649fecdcfaa32b1f80acdf510bdcfaa32b1f805b64510bdcfa4d5dad80c464510b8bfaa32b55925b648e90dcfac27f1f80c831510b155a4e78c8d97b81a552155acb2b1f807b81a5526f30c2d41e5f3c93191edcfaa32b1f805b64dfa0c6faa32b1f805b4d310bdcfaa32b1f805b64510bdcfa
2026-10-01 20:14:32.877 [OUT] 1F51 inv=FFFF len=4 #2 ffff511f
2026-10-01 20:14:32.979 [OP] 4F52 inv=FFFF len=0 #2 
2026-10-01 20:14:33.746 [OUT] 1001 inv=FFF9 len=10 #1 f9ff01101f805b64510b
2026-10-01 20:14:33.900 [OP] 4108 inv=FFE3 len=28 #1 c787c464510bdcfa2153c8d9d8f8510bce4051421f805b64510bdcfa
2026-10-01 20:14:34.001 [OP] 4108 inv=FFE3 len=28 #2 c787c464510bdcfa4d531f80d8f8510bce4051ed1f805b64510bdcfa
2026-10-01 20:14:34.001 [OP] 4108 inv=FFF3 len=12 #3 5e0e392b1f805b64510bdcfa
2026-10-01 20:14:34.001 [OP] 4108 inv=FFF3 len=12 #4 5e0e392b1f805b64580b155a
2026-10-01 20:14:34.001 [OP] 4108 inv=FFF3 len=12 #5 5e0e392b1f805b640e0bdcfa
2026-10-01 20:14:36.171 [OP] 4106 inv=FFFC len=3 #5 e546ed
2026-10-01 20:14:36.467 [OP] 4109 inv=FE1B len=484 #5 c787c464580b8fc2a32b1f805b64510b6ffaa32b2980076f2d0b59ae392b8a809564510b3fc2a32bad105b6451ecdcfaa32b1f8062df510b40faa32b1f805b64510bdcfaf82b1f8017cd510b5253f82b1f805b645152155af82b1f8017cd510b5253db2b1f805b645152155af82b1f8017cd510b5253392b1f805b645101dcfaf82b1f8017cd510b5253fd2b1faa5b6451445efaa8531f80076e5280dcfaa32b
2026-10-01 20:14:36.561 [OP] 4111 inv=FFFD len=2 #5 c064
2026-10-01 20:14:38.231 [OP] EFFE inv=FFFE len=1 #2 0b
2026-10-01 20:14:42.944 [OP] 472A inv=FE76 len=393 #2 c6d8de1f95d064510bdcfaa32b1f805b64510bdc73222b1f805b6451d5dcfaa370ad805b64510bdc61392b1f805b645184dcfaa32b1f805b07c20bdcfaa32b1f5cef64510bdcfaa32b1f805b64510bdcfaa32b1f805b64510bdcfaa32b1f805b64510bdcfaa32b1f805b64510bdcfaa32b1f805b64510bdcfaa32b1f805b64510bdcfaa32b1f805b64510bdc3cf82b1f1b9564513e6ffaa3deca805b7f580bdc
2026-10-01 20:14:43.041 [OP] 42CE inv=FFFB len=4 #2 c87f510b
2026-10-01 20:14:43.042 [OP] 4211 inv=FFF6 len=9 #5 aa5b6451af3e22a34a
2026-10-01 20:14:48.251 [OP] EFFE inv=FFFE len=1 #3 0b
2026-10-01 20:14:50.073 [OP] 4100 inv=FFF9 len=6 #2 98aad108875f
2026-10-01 20:14:50.213 [OUT] 1F51 inv=FFFF len=4 #3 ffff511f
2026-10-01 20:14:50.260 [OP] 4101 inv=FC6D len=914 #2 215dad805b64510bdcfaa32bc8d97b81510bdcfaa32b1f805b64510bdcfaa32b1f805b64510bdcfa87429d4e5b649fecdcfaa32b1f80acdf510bdcfaa32b1f805b64510bdcfa4d5dad80c464510b8bfaa32b55925b648e90dcfac27f1f80c831510b155a4e78c8d97b81a552155acb2b1f807b81a5526f30c2d41e5f3c93191edcfaa32b1f805b64e5a0c6faa32b1f805b4d310bdcfaa32b1f805b64510bdcfa
2026-10-01 20:14:50.355 [OP] 4F52 inv=FFFF len=0 #3 
2026-10-01 20:14:51.154 [OUT] 1001 inv=FFF9 len=10 #2 f9ff01101f805b64510b
2026-10-01 20:14:53.858 [OP] F005 inv=FFE7 len=24 #1 26b35c3828d7fb2b1f805b64510bdcfaa3de1f80031af30c
2026-10-01 20:14:53.929 [OP] F005 inv=FFE7 len=24 #2 26b35c3828d7fb2b1f805b64510bdcfaa3de1f80031af30c
2026-10-01 20:14:54.018 [OP] F005 inv=FFE7 len=24 #3 ed3572a4e10f854d1f805b64510bdcfaa3de1f802cb96735
2026-10-01 20:14:54.019 [OP] F005 inv=FFE7 len=24 #4 ed3572a407b3854d1f805b64510bdcfaa3de1f808a80280c
2026-10-01 20:14:54.019 [OP] F005 inv=FFE7 len=24 #5 ed3572a407b3854d1f805b64510bdcfaa3de1f808a80280c
2026-10-01 20:15:00.371 [OUT] 1F51 inv=FFFF len=4 #4 ffff511f
2026-10-01 20:15:00.418 [OP] 4F52 inv=FFFF len=0 #4 
2026-10-01 20:15:02.033 [OP] 46FE inv=FFFF len=0 #2 
2026-10-01 20:15:04.271 [OP] EFFE inv=FFFE len=1 #4 0b
2026-10-01 20:15:04.516 [SYS] 物品栏满
2026-10-01 20:15:04.605 [OP] 472A inv=FE76 len=393 #3 c6d8de1f97d064510bdcfaa32b1f805b64510bdc7c222b1f805b6451d5dcfaa372ad805b64510bdc61392b1f805b645184dcfaa32b1f805b07c20bdcfaa32b1f5cef64510bdcfaa32b1f805b64510bdcfaa32b1f805b64510bdcfaa32b1f805b64510bdcfaa32b1f805b64510bdcfaa32b1f805b64510bdcfaa32b1f805b64510bdcfaa32b1f805b64510bdc22f82b1fc4956451f16ffaa391ca805b7f580bdc
2026-10-01 20:15:04.605 [OP] 42CE inv=FFFB len=4 #3 c87f510b
2026-10-01 20:15:10.625 [OP] 4100 inv=FFF9 len=6 #3 98aa7708b60c
2026-10-01 20:15:10.764 [OUT] 1F51 inv=FFFF len=4 #5 ffff511f
2026-10-01 20:15:10.810 [OP] 4F52 inv=FFFF len=0 #5 
2026-10-01 20:15:10.924 [OP] 4101 inv=FBFD len=1026 #3 7b8052faa32b1f805b64510b155a4e781f805b64510bdcfaa32b1f805b64510bdcfaa32b1f805b647c448b53a32b88aa5b64510bdcfa10531f805b64510bdcfaa32b1f805b64418052fa392b1f801c64510bbba0a32b6d5d5b641e2bdcfa6ff51f807b81a552155a4e78c8d97b81f00bdcfa4e78c8d995a91e2e6974a6f2e50e5b64510bdcfaa32b1f532764510bdcfaa33084805b64510bdcfaa32b1f805b64
2026-10-01 20:15:11.707 [OUT] 1001 inv=FFF9 len=10 #3 f9ff01101f805b64510b
2026-10-01 20:15:14.290 [OP] EFFE inv=FFFE len=1 #5 0b
2026-10-01 20:15:21.868 [OP] 472A inv=FE76 len=393 #4 c6d8de1fbecf64510bdcfaa32b1f805b64510bdce3002b1f805b6451d5dcfaa3649d805b64510bdc61392b1f805b645184dcfaa32b1f805b07c20bdcfaa32b1f5cef64510bdcfaa32b1f805b64510bdcfaa32b1f805b64510bdcfaa32b1f805b64510bdcfaa32b1f805b64510bdcfaa32b1f805b64510bdcfaa32b1f805b64510bdcfaa32b1f805b64510bdc7af82b1f1b9564513e6ffaa391ca805bd3580bdc
2026-10-01 20:15:21.999 [OP] 42CE inv=FFFB len=4 #4 c87f510b
2026-10-01 20:15:25.039 [OP] 40A0 inv=FFBB len=68 #1 57ecfc0b6ffaf82b69605b6439ecdcfadb4ac3548a70b10543bbea0232805b64510bdcfaa32b1f805b64510bdcfaa32b1f805b64510bdcfaa32b1f8007dff1fd59c49a7c
2026-10-01 20:15:26.027 [OP] 4100 inv=FFF9 len=6 #4 98aa327faab2
2026-10-01 20:15:26.127 [OP] 4101 inv=FBC5 len=1082 #4 215dad805b64510bdcfaa32bc8d97b81510bdcfaa32b1f805b64510bdcfaa32b1f805b64510bdcfa87429dca5b649fecdcfaa32b1f80acdf510bdcfaa32b1f805b64510bdcfa4d5dad80c464510b8bfaa32b55925b648e90dcfac27f1f80c831510b155a4e78c8d97b81a552155acb2b1f807b81a5526f30c2d41e5f3c93191edcfaa32b1f805b64dfa0c6faa32b1f805b4d310bdcfaa32b1f805b64510bdcfa
2026-10-01 20:15:27.102 [OUT] 1001 inv=FFF9 len=10 #4 f9ff01101f805b64510b
2026-10-01 20:15:32.242 [OP] 46FE inv=FFFF len=0 #3 
2026-10-01 20:15:43.903 [SYS] 物品栏满
2026-10-01 20:15:43.999 [OP] 472A inv=FE76 len=393 #5 c6d8de1f8b7364510bdcfaa32b1f805b64510bdc99172b1f805b6451d5dcfaa38334805b64510bdc61392b1f805b645184dcfaa32b1f805b07c20bdcfaa32b1f5cef64510bdcfaa32b1f805b64510bdcfaa32b1f805b64510bdcfaa32b1f805b64510bdcfaa32b1f805b64510bdcfaa32b1f805b64510bdcfaa32b1f805b64510bdcfaa32b1f805b64510bdc22f82b1fce956451d06ffaa3deca805b7f580bdc
2026-10-01 20:15:43.999 [OP] 42CE inv=FFFB len=4 #5 c87f510b
2026-10-01 20:15:47.013 [OP] 4100 inv=FFF9 len=6 #5 98aae2f8b0b2
2026-10-01 20:15:47.105 [OP] 4101 inv=FC6D len=914 #5 215dad805b64510bdcfaa32bc8d97b81510bdcfaa32b1f805b64510bdcfaa32b1f805b64510bdcfa87429d4e5b649fecdcfaa32b1f80acdf510bdcfaa32b1f805b64510bdcfa4d5dad80c464510b8bfaa32b55925b648e90dcfac27f1f80c831510b155a4e78c8d97b81a552155acb2b1f807b81a5526f30c2d41e5f3c93191edcfaa32b1f805b6451a0c6faa32b1f805b4d310bdcfaa32b1f805b64510bdcfa
2026-10-01 20:15:48.101 [OUT] 1001 inv=FFF9 len=10 #5 f9ff01101f805b64510b
2026-10-01 20:16:02.539 [OP] 46FE inv=FFFF len=0 #4 
2026-10-01 20:16:05.629 [SYS] 物品栏满
2026-10-01 20:16:32.860 [OP] 46FE inv=FFFF len=0 #5 
2026-10-01 20:16:49.423 [SYS] 物品栏满
2026-10-01 20:17:11.661 [SYS] 物品栏满
2026-10-01 20:17:39.016 [OP] 40A0 inv=FFBB len=68 #2 57ecfc0b6ffadb2b16605b6439ecdcfadb4ac3548a70b10541bbea0232805b64510bdcfaa32b1f805b64510bdcfaa32b1f805b64510bdcfaa32b1f806408c4ecfbe04853
2026-10-01 20:17:39.016 [OP] 4613 inv=FEBD len=322 #1 0d7de4bf6fe0a3d4c3c786d2dead6a43ba5330df95c8ff1f118cfc53caaa956451ec6fc4f880291c1c965894dce8a3181f795bdf580b6aef6febd9d54666510bdc13a84cca4f5b8d7a75b2b96fc1621c555382539049b553b931068a83ae195bf853caaa5b6458ec6fc4a2060a127cdfc20b90dca32b6280956451d5088880344ba75b6451ee0370f8d91fa93cf858246f57ff93caaa07870ee3cbe835b959aa
2026-10-01 20:17:51.516 [OP] 4612 inv=FFEF len=16 #1 c464510b07c2392bb507c464408052fa
2026-10-01 20:17:51.516 [OP] 4612 inv=FFF3 len=12 #2 90faa32bb507c464408052fa
2026-10-01 20:17:51.517 [OP] 4612 inv=FFF7 len=8 #3 ca805b64408052fa
2026-10-01 20:17:52.518 [OP] 4612 inv=FFF3 len=12 #4 90faa32b2e87c4640db252fa
2026-10-01 20:17:52.518 [OP] 4612 inv=FFF7 len=8 #5 ca805b640db252fa
2026-10-01 20:18:03.277 [OP] 40A0 inv=FFBB len=68 #3 57ecfc0b6fc6392b6e605b6439ecdcfadb4ac3548a70b10541bbea0232805b64510bdcfaa32b1f805b64510bdcfaa32b1f805b64510bdcfaa32b1f80ec6f5a0be2aed02b
2026-10-01 20:18:07.376 [OP] 4613 inv=FEBD len=322 #2 0d7de4bf6fe0a3d4c3c786d2dead6a43ba5330df95c8ff1f118cfc53caaa956451ec6fc4f805ec0cc4965894dce826511f4f5bdf580b6aef6febd9d54666510bdc13a84cca4f5b8d7a75b2b96fc1621c555382539049b553b931068a83ae195bf853caaa5b6458ec6fc40abb6cce7cdfc20b90faa32b6280956451d5088880344ba75b6451ee0370f8d91fa93cf858246f57ff93caaa07870ee3cbe835b959aa
2026-10-01 20:18:24.229 [SYS] 物品栏满
2026-10-01 20:18:25.447 [OP] 40A0 inv=FF7F len=128 #4 57ecfc0b90fafd2b81605b6439ecdcfadb4ac3548a70b105d3bbea0232805b64510bdcfaa32b1f805b64510bdcfaa32b1f805b64510bdcfaa32b1f80b3f875ecc2e88e538e125b64637fdcfadb4a329abdea13f2dcfaa32b1f805b64510bdcfaa32b1f805b64510bdcfaa32b1f805b64510bdcfaa32b1f8039f80dd0d9e8f0de
2026-10-01 20:18:25.447 [OP] 4613 inv=FEBD len=322 #3 0d7de4bf6fe0a3d4c3c786d2dead6a43ba5330df95c8ff1f118cfc53caaa956451ec6fc4f8b8344c1c965894dce8a32b1fce5bdf580b6aef6febd9d54666510bdc13a84cca4f5b8d7a75b2b96fc1621c555382539049b553b931068a83ae195bf853caaa5b6458ec6fc4d34a9c127cdfc20b90c45b2b6280956451d5088880344ba75b6451ee0370f8d91fa93cf858246f57ff93caaa07870ee3cbe835b959aa
2026-10-01 20:18:25.447 [OP] 4613 inv=FEBD len=322 #4 0d7de4bf6fe0a3d4c3c786d2dead6a43ba5330df95c8ff1f118cfc53caaa956451ec6fc4f8b8344c1c965894dce8392b1fce5bdf580b6aef6febd9d54666510bdc13a84cca4f5b8d7a75b2b96fc1621c555382539049b553b931068a83ae195bf853caaa5b6458ec6fc4d34a9c127cdfc20b905ba32b6280956451d5088880344ba75b6451ee0370f8d91fa93cf858246f57ff93caaa07870ee3cbe835b959aa
2026-10-01 20:18:25.447 [OP] 4613 inv=FEBD len=322 #5 0d7de4bf6fe0a3d4c3c786d2dead6a43ba5330df95c8ff1f118cfc53caaa956451ec6fc4f8b8344c1c965894dce8f82c1fce5bdf580b6aef6febd9d54666510bdc13a84cca4f5b8d7a75b2b96fc1621c555382539049b553b931068a83ae195bf853caaa5b6458ec6fc4d34a9c127cdfc20b90faa32b6280956451d5088880344ba75b6451ee0370f8d91fa93cf858246f57ff93caaa07870ee3cbe835b959aa
2026-10-01 20:20:00.164 [SYS] #00FFFF#国庆节特别活动“红旗飘飘贺国庆”#00FF00#正式开启#00FFFF#，冒险者可以在逍遥西的#FF0000#大冒险活动官#00FFFF#处参加活动，收集喜庆用品装饰旗台，赢取丰富的属性及道具奖励，幸运的冒险者还将得到#FF0000#稀有奖励#FFFFFF#！
2026-10-01 20:20:20.458 [SYS] 物品栏满
2026-10-01 20:21:02.881 [OP] 4235 inv=FFFA len=5 #1 ed67ce5b64
2026-10-01 20:21:54.950 [SYS] 物品栏满
2026-10-01 20:22:20.554 [OP] 4707 inv=FFF3 len=12 #1 215dad80a1ecfc0b17faa32b
2026-10-01 20:22:21.605 [OP] 4018 inv=FFF0 len=15 #1 777a7f51c03e22a3d759139564510b
2026-10-01 20:23:36.400 [SYS] 物品栏满
2026-10-01 20:23:54.758 [SYS] 物品栏满
2026-10-01 20:24:43.627 [SYS] 物品栏满
2026-10-01 20:25:19.119 [SYS] 物品栏满
2026-10-01 20:26:26.063 [SYS] 物品栏满
2026-10-01 20:26:26.182 [SYS] 物品栏已满！
2026-10-01 20:26:40.686 [SYS] 物品栏满
2026-10-01 20:27:02.935 [SYS] 物品栏满
2026-10-01 20:27:28.453 [SYS] 物品栏满
2026-10-01 20:27:47.492 [SYS] 物品栏满
2026-10-01 20:28:06.696 [SYS] 物品栏满
2026-10-01 20:28:28.714 [SYS] 物品栏满
2026-10-01 20:28:43.007 [SYS] 物品栏满
2026-10-01 20:29:04.536 [SYS] 物品栏满
2026-10-01 20:29:07.854 [QUESTION] {"type":"question","sock":2316,"qno":19,"field_a":101,"stem":"我国自己研制的火箭，已经多次成功的把什么送上太空？","options":["1、哈士奇","2、嫦娥","3、人造卫星","4、另一个太阳"]}
2026-10-01 20:29:08.863 [UI] auto dump on question qno=19
2026-10-01 20:29:08.863 [UI] ---- window dump begin (pid 3652) ----
2026-10-01 20:29:08.876 [UI] TOP=00050704 vis=1 cls=ATL:012FF210 rc=(727,72,1767,879) title=什么什么大冒险2(①逍遥村敬老院)-自由二号_Sep 24 2026《什么什么大冒险》制作委员会QQ群:515616289
2026-10-01 20:29:08.878 [UI] TOP=0034077C vis=0 cls=DIEmWin rc=(-1,-1,135,38) title=DIEmWin
2026-10-01 20:29:08.886 [UI] TOP=000B0354 vis=0 cls=MSCTFIME UI rc=(0,0,0,0) title=MSCTFIME UI
2026-10-01 20:29:08.903 [UI] TOP=00270076 vis=0 cls=IME rc=(0,0,0,0) title=Default IME
2026-10-01 20:29:08.903 [UI] TOP=000E0730 vis=0 cls=IME rc=(0,0,0,0) title=Default IME
2026-10-01 20:29:08.903 [UI] ---- window dump end ----
2026-10-01 20:29:10.116 [SEND-ANSWER] qno=19 opt=2 ret=13 sock=2316
2026-10-01 20:29:10.165 [SYS] 测试通过！
2026-10-01 20:29:10.259 [SYS] 获得了#00FF00#100#FFF692#金币
2026-10-01 20:29:10.259 [CURRENCY] a=201744 b=324530
2026-10-01 20:29:11.930 [UI] auto-closing quiz frame: qno=19 opt=2
2026-10-01 20:29:11.936 [UI] option 2 control NOT found — falling back to digit key
2026-10-01 20:29:13.943 [OUT] 1F04 inv=FFF6 len=13 #1 f6ff041fce1f805b32510bdce8
2026-10-01 20:29:24.995 [SYS] 物品栏满
2026-10-01 20:29:50.464 [SYS] 物品栏满
2026-10-01 20:30:11.722 [SYS] 物品栏满
2026-10-01 20:30:35.394 [SYS] 物品栏满
2026-10-01 20:30:40.559 [SYS] #ff0000#您已进入野外区域，可能遭遇玩家间的自由对战，请注意安全！#ffffff#
2026-10-01 20:30:40.653 [OP] 40E0 inv=FED1 len=302 #1 7b8052fa19de1f805b64510b7efaa32b1f805b643ed0dcfaa32b1f803d64510bdcfaa32b2f035b64230bdcfa392b1f800c64510b52faa32bad805b64ec0bdcfa392b1f80a564510b52faa32bad805b64bfecdcfa922b1f80c464510b36faa32bf4805b64580bdcfa462b1f800d64510b8ffaa32b1f805b64510bdcfaa32b1f805b64510bdcfaa32b1f805b64430bdcfaa32b1f805b64510bdcfaa32b1f805b64
2026-10-01 20:30:40.654 [OP] 40E3 inv=FFCB len=52 #1 5e0e392b8ad97b81370b6afa812b62801264830beefa462b128040646c0be6fa6c2ba5802464fc0b03faf82bae80c464250b52fa
2026-10-01 20:30:40.654 [OP] 40E2 inv=FFF3 len=12 #1 57ecfc0b6f8bb42b45809564
2026-10-01 20:30:40.654 [OP] 4232 inv=FF60 len=159 #1 b023d0dce0a32b1f4f5b645127dcfaa3de1f805b6f510bdc1c462b1f805b64510bdcfaa32b1f805b64510bdcfaa32b1f805b64510bdcfaa39aad805b64510bdccbf82b1f805b64514852faa32b1f805b5b580bdcfaa32b1fde7a6451f26ffaa359ca805ba0510bdc25a32b1fef5b6451c4dcfaa36959805bc2510bdc85a32b1fc45b64510bdcfaa32cd672eca2d661e2b05b931f805b64510bdcfaa32b1f80
2026-10-01 20:30:40.654 [OP] 4202 inv=FFEF len=16 #1 d5ecdcfab42b1f806adf510be4c4a32b
2026-10-01 20:30:40.654 [OP] 4055 inv=FFF7 len=8 #1 57ecfc0bdcfaa32b
2026-10-01 20:30:40.654 [OP] 401B inv=FEF3 len=268 #1 57ecfc0b8bfaa32b0f805b64b4b252fada2b1f802964510b606ea32b1f805b64135fdcfaa32b1f80e9df510bdcfaa32be6c75b64510bdcfa16876c842d43520bdcfaa32b1f805b64517fdcfa603bad803564510b68faa32b45ca5b64510bdcfac37c1f805b64510b03faa32b1f805b64db7fdcfaa32b1f8026b35c3828d7fb2b1f805b64510bdcfaa34a402fbaecfc0bddfaa32bab805b6403c4dcfaa32b1f80
2026-10-01 20:30:40.675 [OUT] 0185 inv=FFF7 len=12 #1 f7ff8501dcfaa32bc8d97b81
2026-10-01 20:30:40.725 [OP] 40A0 inv=FF07 len=248 #5 57ecfc0b8b0e392b5e605b6439ecdcfadb4ac3548a70b105cd97600e1f805b64510bdcfaa32b1f805b64510bdcfaa32b1f805b64510bdcfaa32b1f8030dfced078c4b1deef125b64e07fdcfadb4ae4f1245d510bdcfaa32b1f805b64510bdcfaa32b1f805b64510bdcfaa32b1f805b64510bdcfaa32b1f806bf84bd0a7e8fcde6fce5b64a9d0dcfadb4a402fed6d510bdcfaa32b1f805b64510bdcfaa32b1f80
2026-10-01 20:31:15.864 [SYS] #ff0000#您已进入野外区域，可能遭遇玩家间的自由对战，请注意安全！#ffffff#
2026-10-01 20:31:15.959 [OP] 4202 inv=FFEF len=16 #2 feecdcfab42b1f8056df510bc3c4a32b
2026-10-01 20:31:15.959 [OP] 40E0 inv=FED1 len=302 #2 7b8052fa19de1f805b64510b7efaa32b1f805b643ed0dcfaa32b1f803d64510bdcfaa32b2f035b64230bdcfa392b1f800c64510b52faa32bad805b64ec0bdcfa392b1f80a564510b52faa32bad805b64bfecdcfa922b1f80c464510b36faa32bf4805b64580bdcfa462b1f800d64510b8ffaa32b1f805b64510bdcfaa32b1f805b64510bdcfaa32b1f805b64430bdcfaa32b1f805b64510bdcfaa32b1f805b64
2026-10-01 20:31:15.959 [OP] 40E3 inv=FFCB len=52 #2 5e0e392b8ada6b64370b6afa812b62801264830beefa462b128040646c0be6fa6c2ba5802464fc0b03faf82bae80c464250b52fa
2026-10-01 20:31:15.959 [OP] 40E2 inv=FFF3 len=12 #2 57ecfc0b6f9eb42b45809564
2026-10-01 20:31:15.961 [OP] 4232 inv=FF60 len=159 #2 b023d0dce0a32b1f4f5b645127dcfaa3de1f805b6f510bdc1c462b1f805b64510bdcfaa32b1f805b64510bdcfaa32b1f805b64510bdcfaa39aad805b64510bdccbf82b1f805b64514852faa32b1f805b5b580bdcfaa32b1fde7a6451f26ffaa359ca805ba0510bdc25a32b1fef5b6451c4dcfaa36959805bc2510bdc85a32b1fc45b64510bdcfaa32cd672eca2d661e2b05b931f805b64510bdcfaa32b1f80
2026-10-01 20:31:15.961 [OP] 401B inv=FEF3 len=268 #2 57ecfc0b8bfaa32b0f805b64b4b252fada2b1f802964510b606ea32b1f805b64135fdcfaa32b1f80e9df510bdcfaa32be6c75b64510bdcfa16876c842d43520bdcfaa32b1f805b645152155a603bad803564510b68faa32b45ca5b64510bdcfac37c1f805b64510b03faa32b1f805b64db7fdcfaa32b1f8026b35c3828d7fb2b1f805b64510bdcfaa32c91b0baecfc0bddfaa32bab805b6403c4dcfaa32b1f80
2026-10-01 20:31:16.073 [OP] 4055 inv=FFF7 len=8 #2 57ecfc0bdcfaa378
2026-10-01 20:31:16.222 [OUT] 0185 inv=FFF7 len=12 #2 f7ff8501dcfaa32bc8d97b81
2026-10-01 20:33:58.085 [SYS] 物品栏满
2026-10-01 20:34:44.160 [OUT] 1004 inv=FFF3 len=16 #1 f3ff0410580c66535980ba64510bdcfa
2026-10-01 20:34:44.272 [OP] 4110 inv=FFFD len=2 #1 b42b
2026-10-01 20:34:44.861 [OUT] 1004 inv=FFF3 len=16 #2 f3ff0410580c665359801b64510bdcfa
2026-10-01 20:34:44.938 [OP] 4110 inv=FFFD len=2 #2 5f2b
2026-10-01 20:34:45.828 [OUT] 1004 inv=FFF3 len=16 #3 f3ff0410580c665359801b64510bdcfa
2026-10-01 20:34:45.828 [OUT] 1004 inv=FFF3 len=16 #4 f3ff0410580c66535980ba64510bdcfa
2026-10-01 20:34:45.974 [OP] 4110 inv=FFFD len=2 #3 5f93
2026-10-01 20:34:45.975 [OP] 4110 inv=FFFD len=2 #4 b493
2026-10-01 20:35:01.599 [OUT] 1004 inv=FFF3 len=16 #5 f3ff0410580c66535980ba64510bdcfa
2026-10-01 20:35:01.775 [OP] 4110 inv=FFFD len=2 #5 b493
2026-10-01 20:35:41.208 [SYS] #ff0000#您已进入野外区域，可能遭遇玩家间的自由对战，请注意安全！#ffffff#
2026-10-01 20:35:41.308 [OP] 4202 inv=FFEF len=16 #3 95ecdcfab42b1f8072df510be4c4a32b
2026-10-01 20:35:41.308 [OP] 40E0 inv=FED1 len=302 #3 7b8052fa19de1f805b64510b7efaa32b1f805b643ed0dcfaa32b1f803d64510bdcfaa32b2f035b64230bdcfa392b1f800c64510b52faa32bad805b64ec0bdcfa392b1f80a564510b52faa32bad805b64bfecdcfa922b1f80c464510b36faa32bf4805b64580bdcfa462b1f800d64510b8ffaa32b1f805b64510bdcfaa32b1f805b64510bdcfaa32b1f805b64430bdcfaa32b1f805b64510bdcfaa32b1f805b64
2026-10-01 20:35:41.308 [OP] 40E3 inv=FFCB len=52 #3 5e0e392b8ad97b81370b6afa812b62801264830beefa462b128040646c0be6fa6c2ba5802464fc0b03faf82bae80c464250b52fa
2026-10-01 20:35:41.308 [OP] 40E2 inv=FFF3 len=12 #3 57ecfc0b6fd6e3ce45809564
2026-10-01 20:35:41.308 [OP] 4232 inv=FF60 len=159 #3 b023d0dce0a32b1f4f5b645127dcfaa3de1f805b6f510bdc1c462b1f805b64510bdcfaa32b1f805b64510bdcfaa32b1f805b64510bdcfaa39aad805b64510bdccbf82b1f805b64514852faa32b1f805b5b580bdcfaa32b1fde7a6451146ffaa359ca805ba0510bdc25a32b1fef5b6451c4dcfaa36959805bc2510bdc85a32b1fc45b64510bdcfaa32cd672eca2d661e2b05b931f805b64510bdcfaa32b1f80
2026-10-01 20:35:41.308 [OP] 401B inv=FEF3 len=268 #3 57ecfc0b8bfaa32b0f805b64b4b252fada2b1f802964510b606ea32b1f805b64135fdcfaa32b1f80e9df510bdcfaa32be6c75b64510bdcfa16876c842d43520bdcfaa32b1f805b64517fdcfa603bad803564510b68faa32b45ca5b64510bdcfac37c1f805b64510b03faa32b1f805b64db7fdcfaa32b1f8026b35c3828d7fb2b1f805b64510bdcfaa34ac354baecfc0bddfaa32bab805b6403c4dcfaa32b1f80
2026-10-01 20:35:41.398 [OP] 4055 inv=FFF7 len=8 #3 57ecfc0bdcfaa32b
2026-10-01 20:35:41.485 [OUT] 0185 inv=FFF7 len=12 #3 f7ff8501dcfaa32bc8d97b81
2026-10-01 20:35:47.632 [SYS] #ff0000#您已进入野外区域，可能遭遇玩家间的自由对战，请注意安全！#ffffff#
2026-10-01 20:35:47.632 [OP] 40E0 inv=FED1 len=302 #4 7b8052fa19de1f805b64510b7efaa32b1f805b643ed0dcfaa32b1f803d64510bdcfaa32b2f035b64230bdcfa392b1f800c64510b52faa32bad805b64ec0bdcfa392b1f80a564510b52faa32bad805b64bfecdcfa922b1f80c464510b36faa32bf4805b64580bdcfa462b1f800d64510b8ffaa32b1f805b64510bdcfaa32b1f805b64510bdcfaa32b1f805b64430bdcfaa32b1f805b64510bdcfaa32b1f805b64
2026-10-01 20:35:47.632 [OP] 40E3 inv=FFCB len=52 #4 5e0e392b8ad97b81370b6afa812b62801264830beefa462b128040646c0be6fa6c2ba5802464fc0b03faf82bae80c464250b52fa
2026-10-01 20:35:47.632 [OP] 40E2 inv=FFF3 len=12 #4 57ecfc0b6ffafd2b45809564
2026-10-01 20:35:47.633 [OP] 4232 inv=FF60 len=159 #4 b023d0dce0a32b1f4f5b645127dcfaa3de1f805b6f510bdc1c462b1f805b64510bdcfaa32b1f805b64510bdcfaa32b1f805b64510bdcfaa39aad805b64510bdccbf82b1f805b64514852faa32b1f805b5b580bdcfaa32b1fde7a6451146ffaa359ca805ba0510bdc25a32b1fef5b6451c4dcfaa36959805bc2510bdc85a32b1fc45b64510bdcfaa32cd672eca2d661e2b05b931f805b64510bdcfaa32b1f80
2026-10-01 20:35:47.633 [OP] 401B inv=FEF3 len=268 #4 57ecfc0b8bfaa32b0f805b64b4b252fada2b1f802964510b606ea32b1f805b64135fdcfaa32b1f80e9df510bdcfaa32be6c75b64510bdcfa16876c842d43520bdcfaa32b1f805b6451ecdcfa603bad803564510b68faa32b45ca5b64510bdcfac37c1f805b64510b03faa32b1f805b64db7fdcfaa32b1f8026b35c3828d7fb2b1f805b64510bdcfaa32c1c48baecfc0bddfaa32bab805b6403c4dcfaa32b1f80
2026-10-01 20:35:47.656 [OUT] 0185 inv=FFF7 len=12 #4 f7ff8501dcfaa32bc8d97b81
2026-10-01 20:35:47.703 [OP] 4202 inv=FFEF len=16 #4 feecdcfab42b1f80d07f510b2625a32b
2026-10-01 20:35:47.703 [OP] 4055 inv=FFF7 len=8 #4 57ecfc0bdcfaa32b
2026-10-01 20:36:21.754 [SYS] 物品栏满
2026-10-01 20:36:40.069 [SYS] 物品栏满
2026-10-01 20:37:16.599 [SYS] 物品栏满
2026-10-01 20:37:33.066 [SYS] 物品栏满
2026-10-01 20:37:57.455 [SYS] 物品栏满
2026-10-01 20:38:16.238 [SYS] 物品栏满
2026-10-01 20:38:40.517 [SYS] 物品栏满
2026-10-01 20:39:15.251 [SYS] 物品栏满
2026-10-01 20:39:39.843 [SYS] #ff0000#您已进入野外区域，可能遭遇玩家间的自由对战，请注意安全！#ffffff#
2026-10-01 20:39:39.956 [OP] 40E0 inv=FED1 len=302 #5 7b8052fa19de1f805b64510b7efaa32b1f805b643ed0dcfaa32b1f803d64510bdcfaa32b2f035b64230bdcfa392b1f800c64510b52faa32bad805b64ec0bdcfa392b1f80a564510b52faa32bad805b64bfecdcfa922b1f80c464510b36faa32bf4805b64580bdcfa462b1f800d64510b8ffaa32b1f805b64510bdcfaa32b1f805b64510bdcfaa32b1f805b64430bdcfaa32b1f805b64510bdcfaa32b1f805b64
2026-10-01 20:39:39.956 [OP] 40E3 inv=FFCB len=52 #5 5e0e392b8ad97b81370b6afa812b62801264830beefa462b128040646c0be6fa6c2ba5802464fc0b03faf82bae80c464250b52fa
2026-10-01 20:39:39.957 [OP] 40E2 inv=FFF3 len=12 #5 57ecfc0b6ffaf82b45809564
2026-10-01 20:39:39.957 [OP] 4232 inv=FF60 len=159 #5 b023d0dce0a32b1f4f5b645127dcfaa3de1f805b6f510bdc1c462b1f805b64510bdcfaa32b1f805b64510bdcfaa32b1f805b64510bdcfaa39aad805b64510bdccbf82b1f805b64514852faa32b1f805b5b580bdcfaa32b1fde7a6451446ffaa359ca805ba0510bdc25a32b1fef5b6451c4dcfaa36959805bc2510bdc85a32b1fc45b64510bdcfaa32cd672eca2d661e2b05b931f805b64510bdcfaa32b1f80
2026-10-01 20:39:39.957 [OP] 4202 inv=FFEF len=16 #5 b7ecdcfa572b1f80387f510b80c4a32b
2026-10-01 20:39:39.957 [OP] 4055 inv=FFF7 len=8 #5 57ecfc0bdcfaa32b
2026-10-01 20:39:39.958 [OP] 401B inv=FEF3 len=268 #5 57ecfc0b8bfaa32b0f805b64b4b252fada2b1f802964510b606ea32b1f805b64135fdcfaa32b1f80e9df510bdcfaa32be6c75b64510bdcfa16876c842d43520bdcfaa32b1f805b64517fdcfa603bad803564510b68faa32b45ca5b64510bdcfac37c1f805b64510b59c4a32b1f805b64db7fdcfaa32b1f8026b35c3828d7fb2b1f805b64510bdcfaa32b1f80baecfc0bddfaa32bab805b6403c4dcfaa32b1f80
2026-10-01 20:39:39.978 [OUT] 0185 inv=FFF7 len=12 #5 f7ff8501dcfaa32bc8d97b81
2026-10-01 20:39:44.228 [OP] 4705 inv=FFB8 len=71 #1 777a7f5134a722a3cb67ce5bfc580bdcfaa32b1f491c64510bdcfaa3a359805b64510bdcf3392b1f805b645131dcfaa32f1f805bac51a2da2bf0b3bb341a64510bdcfaa32b1f80
2026-10-01 20:39:46.201 [SYS] #ff0000#您已进入野外区域，可能遭遇玩家间的自由对战，请注意安全！#ffffff#
2026-10-01 20:40:00.211 [SYS] #00FFFF#国庆节特别活动“红旗飘飘贺国庆”#00FF00#正式开启#00FFFF#，冒险者可以在逍遥西的#FF0000#大冒险活动官#00FFFF#处参加活动，收集喜庆用品装饰旗台，赢取丰富的属性及道具奖励，幸运的冒险者还将得到#FF0000#稀有奖励#FFFFFF#！
2026-10-01 20:40:15.913 [OP] 4031 inv=FF5C len=163 #1 39510cdc22a32b1faa5b5003b3a22d1d88ab6a30051648b0c54f67e87106671df42db834677c499871136a78ec4f67e88f138787e92a934f67c31663b97fb353001618b0a4a9e9744c6828349aa250a2d8899e38d5a8671213a96706a4b1ec34679694f3b3e1a6b6ccc29b40f32cce4d87f0775131a2b1f389f9140fb35120bb4c848980ef6e165119aeeb837bc06919740e23d0e4346451e49cfc58f33ee554
2026-10-01 20:40:53.563 [SYS] 物品栏满
2026-10-01 20:41:00.032 [SYS] #00FF00#1#00FFFF#分钟后逍遥村周围将掉落20个宝箱，捡取可获得意外惊喜喔！#FFFFFF#
2026-10-01 20:41:25.344 [SYS] 物品栏满
2026-10-01 20:42:07.851 [OP] 4210 inv=FFF3 len=12 #1 710bdcfab42b1f80baecfc0b
2026-10-01 20:43:26.110 [SYS] 物品栏满
2026-10-01 20:43:26.216 [OP] 40E6 inv=FFF3 len=12 #1 215dad8036f1510bdcfaa32b
2026-10-01 20:43:26.216 [OP] 4233 inv=FFFA len=5 #1 777a7f510b
2026-10-01 20:43:26.216 [OP] 40F6 inv=FFEF len=16 #1 215dad8016a9510bdcfaa32b1f80c364
2026-10-01 20:43:26.218 [OP] 4210 inv=FFF3 len=12 #2 710bdcfaf62b1f8057ecfc0b
2026-10-01 20:43:39.304 [OUT] 0070 inv=FFE7 len=28 #1 e7ff70001f805b64510bdcfaa32b1f807a64510bdcfaa32b1f805b64
2026-10-01 20:43:39.468 [OP] 4740 inv=FFE3 len=28 #1 c787c464510bdcfaa32b1f807a64510bdcfaa32b1f805b64e70bdcfa
2026-10-01 20:43:49.111 [SYS] 物品栏满
2026-10-01 20:43:49.412 [SYS] #00FF00#1#00FFFF#分钟后逍遥村周围将掉落20个宝箱，捡取可获得意外惊喜喔！#FFFFFF#
2026-10-01 20:43:49.515 [SYS] #00FFFF#10位玉女携带礼物参加国庆活动，#00FF00#5#00FFFF#分钟后将出现在夕阳草原，请各位冒险者前去保护她们免受BOSS骚扰#FF0000#（BOSS有一定几率携带稀有宝宝）。#FFFFFF#
2026-10-01 20:43:55.753 [OUT] 1005 inv=FFEF len=20 #1 efff0510a498f8535fa05cdf580b03faa32b1f80
2026-10-01 20:44:10.674 [SYS] 物品栏满
2026-10-01 20:44:28.784 [OUT] 1005 inv=FFEF len=20 #2 efff0510a498f8535fa05cdf580b03faa32b1f80
2026-10-01 20:44:44.181 [OUT] 1005 inv=FFEF len=20 #3 efff0510a498f8535fa05cdf0b0bdbfaa32b1f80
2026-10-01 20:44:45.157 [OUT] 1005 inv=FFEF len=20 #4 efff0510a498f8535fa05cdf0b0bdbfaa32b1f80
2026-10-01 20:44:46.086 [OUT] 1005 inv=FFEF len=20 #5 efff0510a498f8535fa05cdf0b0bdbfaa32b1f80
2026-10-01 20:45:42.423 [SYS] 物品栏满
2026-10-01 20:46:11.445 [SYS] 物品栏满
2026-10-01 20:46:38.483 [SYS] 物品栏满
2026-10-01 20:46:49.453 [SYS] #00FFFF#10位玉女携带礼物参加国庆活动，#00FF00#2#00FFFF#分钟后将出现在夕阳草原，请各位冒险者前去保护她们免受BOSS骚扰#FF0000#（BOSS有一定几率携带稀有宝宝）。#FFFFFF#
2026-10-01 20:47:06.226 [SYS] 物品栏满
2026-10-01 20:47:39.903 [SYS] #00FF00#1#00FFFF#分钟后逍遥村周围将掉落20个宝箱，捡取可获得意外惊喜喔！#FFFFFF#
2026-10-01 20:47:49.394 [SYS] #00FFFF#10位玉女携带礼物参加国庆活动，#00FF00#1#00FFFF#分钟后将出现在夕阳草原，请各位冒险者前去保护她们免受BOSS骚扰#FF0000#（BOSS有一定几率携带稀有宝宝）。#FFFFFF#
2026-10-01 20:47:54.440 [SYS] 物品栏满
2026-10-01 20:48:43.495 [SYS] 物品栏满
2026-10-01 20:48:49.417 [SYS] #00FFFF#10位玉女携带礼物参加国庆活动，已经出现在夕阳草原，请各位冒险者前去保护她们免受BOSS骚扰（BOSS有一定几率携带稀有宝宝）。#FFFFFF#
2026-10-01 20:49:07.200 [SYS] 物品栏满
2026-10-01 20:49:35.282 [SYS] 物品栏满
2026-10-01 20:49:36.379 [OP] 4031 inv=FFCD len=50 #2 34fa5f2bf3805b64510b2c938a4eff719893bcf2d897a62796943027740a1e6d032b1fb16deb8860ef38c1acc526b36de20b
2026-10-01 20:50:34.169 [SYS] 物品栏满
2026-10-01 20:51:58.641 [SYS] 物品栏满
2026-10-01 20:52:52.559 [SYS] 物品栏满
2026-10-01 20:53:58.441 [OP] 4031 inv=FFC9 len=54 #3 11647b0b0afaa32b1f80e9ea252e53d880661e131ab40646d897a6f7c66ae9ea5c935d23a32ba766edc0b114f8edf459400bfd8dc60b
2026-10-01 20:54:09.337 [OP] 4210 inv=FFF3 len=12 #3 710bdcfa822b1f80a1ecfc0b
2026-10-01 20:55:00.775 [SYS] 物品栏满
2026-10-01 20:55:33.860 [SYS] 物品栏已满！
2026-10-01 20:56:11.155 [SYS] 物品栏满
2026-10-01 20:56:39.364 [SYS] 物品栏满
2026-10-01 20:57:38.995 [SYS] 物品栏满
2026-10-01 20:58:06.665 [SYS] 物品栏满
2026-10-01 20:58:23.913 [SYS] #00FF00#1#00FFFF#分钟后逍遥村周围将掉落20个宝箱，捡取可获得意外惊喜喔！#FFFFFF#
2026-10-01 20:58:24.004 [SYS] #00FFFF#10位玉女携带礼物参加国庆活动，#00FF00#5#00FFFF#分钟后将出现在夕阳草原，请各位冒险者前去保护她们免受BOSS骚扰#FF0000#（BOSS有一定几率携带稀有宝宝）。#FFFFFF#
2026-10-01 20:59:00.783 [SYS] 物品栏满
2026-10-01 20:59:29.678 [SYS] 物品栏满
2026-10-01 21:00:00.157 [SYS] #00FFFF#国庆节特别活动“红旗飘飘贺国庆”#00FF00#正式开启#00FFFF#，冒险者可以在逍遥西的#FF0000#大冒险活动官#00FFFF#处参加活动，收集喜庆用品装饰旗台，赢取丰富的属性及道具奖励，幸运的冒险者还将得到#FF0000#稀有奖励#FFFFFF#！
2026-10-01 21:01:23.908 [SYS] #00FFFF#10位玉女携带礼物参加国庆活动，#00FF00#2#00FFFF#分钟后将出现在夕阳草原，请各位冒险者前去保护她们免受BOSS骚扰#FF0000#（BOSS有一定几率携带稀有宝宝）。#FFFFFF#
2026-10-01 21:01:37.500 [SYS] #00FF00#1#00FFFF#分钟后逍遥村周围将掉落20个宝箱，捡取可获得意外惊喜喔！#FFFFFF#
2026-10-01 21:02:23.925 [SYS] #00FFFF#10位玉女携带礼物参加国庆活动，#00FF00#1#00FFFF#分钟后将出现在夕阳草原，请各位冒险者前去保护她们免受BOSS骚扰#FF0000#（BOSS有一定几率携带稀有宝宝）。#FFFFFF#
2026-10-01 21:02:57.714 [SYS] 物品栏满
2026-10-01 21:03:16.847 [SYS] 物品栏满
2026-10-01 21:03:23.922 [SYS] #00FFFF#10位玉女携带礼物参加国庆活动，已经出现在夕阳草原，请各位冒险者前去保护她们免受BOSS骚扰（BOSS有一定几率携带稀有宝宝）。#FFFFFF#
2026-10-01 21:03:39.528 [SYS] #00FF00#1#00FFFF#分钟后逍遥村周围将掉落20个宝箱，捡取可获得意外惊喜喔！#FFFFFF#
2026-10-01 21:03:49.084 [SYS] 物品栏满
2026-10-01 21:04:21.582 [SYS] 物品栏满
2026-10-01 21:04:27.788 [SYS] #FFF692#恭喜#FF8CF8#Nnnnnn1#FFF692#在#00C8F8#国庆福袋#FFF692#中获得了#64FF7D#摄魂铃铛
2026-10-01 21:04:29.141 [SYS] #FFF692#恭喜#FF8CF8#Nnnnnn1#FFF692#在#00C8F8#国庆福袋#FFF692#中获得了#64FF7D#古老的袖里剑
2026-10-01 21:04:34.368 [SYS] #FFF692#恭喜#FF8CF8#Nnnnnn1#FFF692#在#00C8F8#国庆福袋#FFF692#中获得了#64FF7D#宠物印记
2026-10-01 21:04:41.958 [SYS] 物品栏满
2026-10-01 21:05:12.870 [SYS] 物品栏满
2026-10-01 21:05:43.959 [SYS] 物品栏满
2026-10-01 21:05:44.053 [SYS] 物品栏已满！
2026-10-01 21:05:59.551 [SYS] #FFF692#恭喜#FF8CF8#Nnnnnn1#FFF692#在#00C8F8#国庆福袋#FFF692#中获得了#64FF7D#宠物印记
2026-10-01 21:06:00.382 [SYS] #FFF692#恭喜#FF8CF8#Nnnnnn1#FFF692#在#00C8F8#国庆福袋#FFF692#中获得了#64FF7D#魔法命运骰子
2026-10-01 21:06:02.464 [SYS] 物品栏满
2026-10-01 21:07:00.613 [SYS] 物品栏满
2026-10-01 21:07:25.837 [SYS] 物品栏满
2026-10-01 21:08:27.034 [SYS] 物品栏满
2026-10-01 21:09:58.049 [SYS] #00FF00#1#00FFFF#分钟后逍遥村周围将掉落20个宝箱，捡取可获得意外惊喜喔！#FFFFFF#
2026-10-01 21:10:42.564 [OP] 4031 inv=FFE9 len=22 #4 fc0bfafa382b1f805b64520bdc640448827a7ee5e20b
2026-10-01 21:11:34.921 [OP] 4031 inv=FFE9 len=22 #5 fc0bfafaf82b1f8095647f0bdc3be37940c288673d0b
2026-10-01 21:11:36.158 [SYS] 物品栏满
2026-10-01 21:12:31.570 [OP] 4707 inv=FFF3 len=12 #2 215dad8057ecfc0b17faa32b
2026-10-01 21:12:31.877 [OUT] 0135 inv=FFF7 len=12 #1 f7ff3501dcfaa32bc9805b64
2026-10-01 21:12:31.926 [OP] 42A7 inv=FEE6 len=281 #1 777a7f51bcdcfaa31831d3c20133340c33509e31d3c2019ff0dcfaa32b1f805b64510bdcfaa32b31d35b64510bdcfa04181f805bfc250befa9a32b1f805b642564dcfa04e91f80c201510bcdfaa32b88805b64510bdcfa8b311f80acfb510bdcfc0418277e5b643334dcfa04e91f7e3efc251939fc10e972c15b649f0b39fc102b1f805bfc25190c33a32b1f803efc5119cd8aa32b272bc2ca510bdcfc042b27
2026-10-01 21:12:40.702 [OP] 40A2 inv=FFF3 len=12 #1 dcfaa32bca805b645469dcfa
2026-10-01 21:13:10.722 [SYS] #00FF00#1#00FFFF#分钟后逍遥村周围将掉落20个宝箱，捡取可获得意外惊喜喔！#FFFFFF#
2026-10-01 21:13:22.880 [OUT] 0135 inv=FFF7 len=12 #2 f7ff3501dcfaa32b4e805b64
2026-10-01 21:13:22.980 [OP] 42A7 inv=FEE6 len=281 #2 777a7f5100dcfaa3cdfc289f102b2ee05931bb3c475f167efcbea082c53cd96af1a8075fb5f68057289f1018fcbeca31732b8ef95ca80749ec8260c643dcf129882c60d138944e4d4a40ffd7446abbd8ec77299b246a3e6a37c643c6a58375ae5b38006231f44a56dad73e3838b731f924ff76645b1e242043c64c5f766482a024a3bf3d248376643ed5242b31c34c4687f4773c002b79f935a87664903cfe94
2026-10-01 21:13:41.987 [OP] 43F1 inv=FFFA len=5 #1 5ec2931faa
2026-10-01 21:13:44.038 [OP] 40A2 inv=FFF3 len=12 #2 dcfaa32bca805b646b69dcfa
2026-10-01 21:13:52.384 [OUT] 0135 inv=FFF7 len=12 #3 f7ff3501dcfaa32ba0805b64
2026-10-01 21:13:52.480 [OP] 42A7 inv=FEE6 len=281 #3 777a7f518adcfaa31831d3c20133340c33509e31d3c2019ff0dcfaa32b1f805b64510bdcfaa32b31d35b64510bcd8a0418272b5b64510befa9a32b1f7eacfb9f64cd8a042b1f80c201510b398a0418407eacfb9f64dcfa8b311f7e3e645164398aa32b272b3e643334dc8aa32b1f803e64510bdcfc102b72c15bfb510bdcfa102b1f805bfc9f0b0c33a3181f805bfc2564dcfaa3e9278063ca5119dcfa041827
2026-10-01 21:14:16.640 [OP] 4708 inv=FFF3 len=12 #1 2fcdfc0b125adb2bc3805b64
2026-10-01 21:14:21.749 [OP] 40A2 inv=FFF3 len=12 #3 dcfaa32bca805b646869dcfa
2026-10-01 21:14:22.190 [OP] 43F1 inv=FFFA len=5 #2 f429931fc7
2026-10-01 21:14:25.265 [OP] 40A2 inv=FFF3 len=12 #4 dcfaa32bca805b64de69dcfa
2026-10-01 21:14:27.267 [OP] 4708 inv=FFF3 len=12 #2 c5810e0b4ac2392b08805b64
2026-10-01 21:14:29.474 [OP] 40A2 inv=FFF3 len=12 #5 dcfaa32bca805b642269dcfa
2026-10-01 21:14:33.238 [OP] 43F1 inv=FFFA len=5 #3 0629931fc7
2026-10-01 21:14:34.286 [OP] 4708 inv=FFF3 len=12 #3 c5810e0b9ec2392b23805b64
2026-10-01 21:14:35.896 [OP] 4708 inv=FFF3 len=12 #4 ffcdfc0bb0c2392b1b805b64
2026-10-01 21:14:46.121 [OP] 4708 inv=FFF3 len=12 #5 2fcdfc0b125adb2bc3805b64
2026-10-01 21:15:29.010 [OP] 43F1 inv=FFFA len=5 #4 dea2931faa
2026-10-01 21:15:49.082 [OP] 43F1 inv=FFFA len=5 #5 dea2931fc7
2026-10-01 21:17:20.409 [OP] 401E inv=FFAD len=82 #1 215dad80a0a9fc0b52faa32bd5805b64a552155a4e78c8d9e4f08b0bb62fd02becaef16160b2385374a3cb80e46d5a0b155a4e78c8d97b81a552155a4e78c8d9df72fc0ba722b43b59ce6bcdaf0bdcfaa32b
2026-10-01 21:17:33.272 [SYS] #FFF692#恭喜#FF8CF8#白酒啤酒#FFF692#打造出#64FF7D#+10#FFF692#装备
2026-10-01 21:20:00.143 [SYS] #00FFFF#国庆节特别活动“红旗飘飘贺国庆”#00FF00#正式开启#00FFFF#，冒险者可以在逍遥西的#FF0000#大冒险活动官#00FFFF#处参加活动，收集喜庆用品装饰旗台，赢取丰富的属性及道具奖励，幸运的冒险者还将得到#FF0000#稀有奖励#FFFFFF#！
2026-10-01 21:20:06.163 [OUT] 0178 inv=FFFB len=8 #1 fbff780196e49d4f
2026-10-01 21:20:06.286 [OP] 404D inv=FE83 len=380 #1 c787c464630b21c4d9651f809564580b1ffa562b49d55b64580b6ffa312bca80adf0510b6ffaf82bf38095646d89dcfaf82bca80c064580b1621a32bca809564310b6ffa03381f809564580b02faf82b8f215b64580b6ffabc2bca808e1e510b6ffaf82b2d80dc64683fdcfaf82bca805764580b70e4a32bca809564410bfafa08571f809564580bc4fa982b7f305b64580b6ffa872b298055fa510b6ffaf82b
2026-10-01 21:20:06.302 [OUT] 0045 inv=FFF7 len=12 #1 f7ff4500510bdcfa272b1f80
2026-10-01 21:20:06.302 [OUT] 0045 inv=FFF7 len=12 #2 f7ff4500510bdcfa312b1f80
2026-10-01 21:20:06.302 [OUT] 0045 inv=FFF7 len=12 #3 f7ff4500510bdcfab42b1f80
2026-10-01 21:20:06.302 [OUT] 0045 inv=FFF7 len=12 #4 f7ff4500510bdcfa612b1f80
2026-10-01 21:20:06.302 [OUT] 0045 inv=FFF7 len=12 #5 f7ff4500510bdcfab72b1f80
2026-10-01 21:20:06.382 [OP] 4025 inv=FFF5 len=10 #1 27533832c4df51ece2fa
2026-10-01 21:20:06.484 [OP] 4025 inv=FFEA len=21 #2 cadb70e9c795645861dc6db99357ae281b51ece2fa
2026-10-01 21:20:06.484 [OP] 4025 inv=FFF4 len=11 #3 c2f85939c74cf851ece2fa
2026-10-01 21:20:06.484 [OP] 4025 inv=FFF4 len=11 #4 53f85939c7faf851ece2fa
2026-10-01 21:20:06.484 [OP] 4025 inv=FFF4 len=11 #5 9ff85939c7b0f851ece2fa
2026-10-01 21:20:18.609 [OUT] 0255 inv=EF82 len=260 #1 82ef55022b1f805b13b20bdc58e762afa8f25b378ae499c3a9a853755b79d1707e8d5a457282d257397578c35b0238a2a89ea075b9766caa02fe3e9e5eff2e9a71fa97ec07e7124020c32cfea36f98c54aa5cb705b450237345739755f7f5b5a5db104e815ac7ccf153e65cc4b48a0e226426caa02fe3e9e5ef6a1130f3b53907837950bd4fc8afa5b424dd6c6cea225f9a85375ad79907a67c3f921e36f98c581ac67cf150269754dc58eb8a225f9a97675c1a7a00e20fc8afa5b424dd6c6ce0b25f9a97675c1efa0fe14f4306e8eb1190cddf2ea70e40c53ec9402b94e26c6c3ebd60ca89ea7ac7cfc8afa5b424dd6c6cea225f91a97484de761a32642605e02d92cc9
2026-10-01 21:20:19.614 [OUT] 0050 inv=FFF7 len=12 #1 f7ff5000a32b1f80fbdf510b
2026-10-01 21:20:19.665 [OP] 4019 inv=FF17 len=232 #1 215dad80fbdf510b6fe0a3ceab802de62554d897049b38f3db355ba6cd6c09a31c0ee64e87a45b1880a1b57ebd4ee16fb694f919e50fe6fb5b2a5ab7f931c5e45b64510b29fa8f3a1abe35e957d79f568f6ce23a35a053d777bb50a00b1ce06c5cfba82da32b1f804964a62337e3da6ce2cdd209a6b92da6da3a1acdb29b33f962436c8d9a0c2d83136adcc4172bf7be35a053b92d3d5e20f76a6f975323373d
2026-10-01 21:20:20.480 [OUT] 0051 inv=FFF7 len=12 #1 f7ff51005b64510b52faa32b
2026-10-01 21:20:20.529 [OP] 40C0 inv=FFF5 len=10 #1 215dad809464580bc1fa
2026-10-01 21:20:22.270 [OUT] 0055 inv=FFD1 len=50 #1 d1ff55005b03d119bdecdcfa4d531f8074df15ec13221753eecec7f81cec292234de25c78261a6752cf4d2d9c121bb7949ec
2026-10-01 21:20:22.379 [OP] 40C1 inv=FFF2 len=13 #1 ed67ce5b64510bdcfaa32b1f80
2026-10-01 21:20:22.474 [CURRENCY] a=201744 b=329584
2026-10-01 21:20:22.474 [OP] 4020 inv=FFE7 len=24 #1 7b8052fa672bca80942e0e0b155a4e78c8b39564fe0bdcfa
2026-10-01 21:20:22.474 [OP] 4020 inv=FFE7 len=24 #2 7b8052fa672bca80942e0e0b155a4e78c8b39564150bdcfa
2026-10-01 21:20:22.474 [OP] 4020 inv=FFE7 len=24 #3 7b8052fa672bca80942e0e0b155a4e78c8b395647d0bdcfa
2026-10-01 21:20:22.474 [OP] 4020 inv=FFE7 len=24 #4 7b8052fa672bca80942e0e0b155a4e78c8b39564ec0bdcfa
2026-10-01 21:20:22.474 [OP] 4020 inv=FFE7 len=24 #5 7b8052fa672bca80942e0e0b155a4e78c8b395649d0bdcfa
2026-10-01 21:20:23.571 [OUT] 0050 inv=FFF7 len=12 #2 f7ff5000a32b1f80fbdf510b
2026-10-01 21:20:23.623 [OP] 4019 inv=FF17 len=232 #2 215dad80fbdf510b6fe0a3d9ab802de62554d897049b38f3db355ba6cd6c09a31c0ee64e87a45b1880a1b57ebd4ee16fb694f919e50fe6fb5b2a5ab7f931c5e45b8f0e0b29fa8f3a1abe35e957d79f568f6ce23a35a053d777bb50a00b1ce06c5cfba82da32b1f804964a62337e3da6ce2cdd209a6b92da6da3a1acdb29b33f962436c8d9a0c2d83136adcfa172bf7be35a053b92d3d5e20f76a6f975323373d
2026-10-01 21:20:24.871 [OUT] 0051 inv=FFF7 len=12 #2 f7ff51005b64510bdcfaa32b
2026-10-01 21:20:31.656 [OUT] 0022 inv=FFF5 len=14 #1 f5ff2200957dc0fd90c4355d375a
2026-10-01 21:20:31.703 [OP] 4610 inv=FFFE len=1 #1 00
2026-10-01 21:20:32.669 [OUT] 0022 inv=FFF5 len=14 #2 f5ff2200957dc0fd90c4d06b30e7
2026-10-01 21:20:32.718 [OP] 4610 inv=FFFE len=1 #2 b3
2026-10-01 21:20:33.667 [OUT] 0022 inv=FFF5 len=14 #3 f5ff2200957dc0fd90c4f10c0f77
2026-10-01 21:20:33.714 [OP] 4610 inv=FFFE len=1 #3 5e
2026-10-01 21:20:34.673 [OUT] 0022 inv=FFF5 len=14 #4 f5ff2200957dc0fd90c4a10c6077
2026-10-01 21:20:34.725 [OP] 4610 inv=FFFE len=1 #4 49
2026-10-01 21:20:37.931 [OUT] 0178 inv=FFFB len=8 #2 fbff780196e49d4f
2026-10-01 21:20:38.062 [OP] 404D inv=FF43 len=188 #2 c787c464fb0b6ffa89381f809564580ba7faf82b2f8a5b64580b6ffa312bca806df0510b6ffaf82b8a8095643d89dcfaf82bca802764580ba085a32bca8095642d0b6ffab3d21f809564580ba9fa312b63dc5b64580b6ffa5f2bca805ac5510b6ffaf82bc780dc64ed45dcfaf82bca80a1641c0b3a0fa32bca8095648e0b02fa35881f809564580b3bfa572bb5305b64580b6ffad82bad8089fa510b6ffaf82b
2026-10-01 21:20:40.146 [OUT] 0049 inv=FFEC len=23 #1 ecff49002b1f805b64510bdc5a4e78c8805b64510bfac4
2026-10-01 21:20:40.200 [SYS] 获得了#00FF00#1#FFF692#双#64FF7D#勇猛长靴
2026-10-01 21:20:40.295 [SYS] 获得了#00FF00#1#FFF692#个#64FF7D#(御)小肉林
2026-10-01 21:20:40.295 [SYS] 获得了#00FF00#1#FFF692#个#64FF7D#(御)小酒池
2026-10-01 21:20:40.295 [SYS] 获得了#00FF00#3#FFF692#张#64FF7D#(御)温泉消费券
2026-10-01 21:20:40.295 [SYS] 获得了#00FF00#10#FFF692#个#64FF7D#(御)冒险精气
2026-10-01 21:20:41.732 [OUT] 0049 inv=FFEC len=23 #2 ecff49002b1f805b64510bdc5a4e78c8805b64510ba7c4
2026-10-01 21:20:41.788 [SYS] 获得了#00FF00#1#FFF692#条#64FF7D#虎贲束带
2026-10-01 21:20:41.877 [SYS] 获得了#00FF00#1#FFF692#份#64FF7D#(御)心灵鸡汤
2026-10-01 21:20:41.877 [SYS] 获得了#00FF00#1#FFF692#份#64FF7D#(御)希望饲料
2026-10-01 21:20:41.877 [SYS] 获得了#00FF00#1#FFF692#颗#64FF7D#(御)幸运丸
2026-10-01 21:20:41.877 [SYS] 获得了#00FF00#10#FFF692#个#64FF7D#(御)冒险精气
2026-10-01 21:20:43.592 [OUT] 0049 inv=FFEC len=23 #3 ecff49002b1f805b64510bdc5a4e78c8805b64510b66c4
2026-10-01 21:20:43.650 [SYS] 获得了#00FF00#1#FFF692#顶#64FF7D#坚毅头甲
2026-10-01 21:20:43.737 [SYS] 获得了#00FF00#1#FFF692#个#64FF7D#(御)时空门
2026-10-01 21:20:43.737 [SYS] 获得了#00FF00#2#FFF692#个#64FF7D#(御)特赦令
2026-10-01 21:20:43.740 [SYS] 获得了#00FF00#10#FFF692#个#64FF7D#(御)冒险精气
2026-10-01 21:20:43.740 [SYS] 获得了#00FF00#1#FFF692#个#64FF7D#装备碎片
2026-10-01 21:20:43.740 [SYS] 获得了#00FF00#1#FFF692#个#64FF7D#1级装备精华
2026-10-01 21:20:44.047 [OUT] 0046 inv=FFF7 len=12 #1 f7ff4600a32b1f80c464510b
2026-10-01 21:20:44.181 [OP] 4026 inv=FFE7 len=24 #1 39de3832c4df51ece2fae80cca8095a2515054e8a353d680
2026-10-01 21:20:46.870 [OUT] 0178 inv=FFFB len=8 #3 fbff780196e49d4f
2026-10-01 21:20:47.049 [OP] 404D inv=FE6B len=404 #3 5e0e392b25804064b288dcfaf82bca80c064b20b2ab3a32b1faa5bdf510b6ffa6bb41f809564580ba7fa612b1cad5b64240bfbfaf82bca80a0e7510b6ffaf82b3c805c64e592dcfa5b2bd6809464580bcddba32bca809564fc0b7ffa6c881f809564580b6dfa392be0765b64580b6ffafd2b5980323e510b6ffaf82b34809564e741dcfaf82bca807464490b4ac0a32bca8095640b0b6ffad1dc1f809564580b
2026-10-01 21:20:47.754 [OUT] 0046 inv=FFF7 len=12 #2 f7ff4600a32b1f80c364510b
2026-10-01 21:20:47.861 [OUT] 0046 inv=FFF7 len=12 #3 f7ff4600a32b1f805b64510b
2026-10-01 21:20:47.895 [OP] 4026 inv=FFE7 len=24 #2 23de3832c4df51ece2fae80cca8095a2515054e8a353d680
2026-10-01 21:20:47.996 [OP] 4026 inv=FFDA len=37 #3 0b8f100dd91faaec64626d52faf82c1faebaa951ece2fae8ce9d8095a251506f5ba353d680
2026-10-01 21:20:48.279 [OUT] 0047 inv=FFF3 len=16 #1 f3ff47004f1d08ce5bdf510bdc5a4e78
2026-10-01 21:20:48.404 [OP] 4027 inv=FFF5 len=10 #1 5e0e392b1faa5b64510b
2026-10-01 21:20:48.404 [OP] 401E inv=FFAD len=82 #2 215dad8057ecfc0b52faa32bad805b646992dcfa05601f808164510b2a9ea32b72ff5b64a552155a1c461f80a69a510b8631a32bc8d97b81a552155a4e78c8d97b81a552dcfaa32b1f805b64510bdcfaa32b
2026-10-01 21:20:48.404 [OP] 4026 inv=FFC4 len=59 #4 64e6fb7096f16bca725b8d14b2dcc45b2b38b67a645861dc100d4f1faaec64626d7ffaf82c1faeba8551ece2fae806878095a251508f15a353d680
2026-10-01 21:20:49.458 [OUT] 0047 inv=FFF3 len=16 #2 f3ff47004f1d08ce5bdf510b6f5a4e78
2026-10-01 21:20:49.673 [OP] 4027 inv=FFF5 len=10 #2 5e0e392b1faa5b645875
2026-10-01 21:20:49.673 [OP] 4026 inv=FFC5 len=58 #5 83088d855f2bca725b8d9580dcc45b2bf6bd94645861dc100d081faaec64626da7faf82c1faebad251ece2fae806f78095a251508f65a353d680
2026-10-01 21:20:50.114 [OUT] 0047 inv=FFF3 len=16 #3 f3ff47004f1d08ce5bdf510b905a4e78
2026-10-01 21:20:50.382 [OP] 4027 inv=FFF5 len=10 #3 5e0e392b1faa5b640ed0
2026-10-01 21:21:00.684 [OUT] 0046 inv=FFF7 len=12 #4 f7ff4600a32b1f801c64510b
2026-10-01 21:21:01.002 [OUT] 0049 inv=FFEC len=23 #4 ecff49002b1f805b64510bdc5a4e78c8805b64510be6c4
2026-10-01 21:21:01.145 [OP] 42CF inv=FFE3 len=28 #1 57ecfc0bd622a32b1f805b64510bdcfa24b31f805b64510bdcfaa32b
2026-10-01 21:21:01.145 [OP] 42CF inv=FFE3 len=28 #2 57ecfc0bd622a32b1f805b64510bdcfa24b31f805b64510bdcfaa32b
2026-10-01 21:21:02.016 [OUT] 0049 inv=FFEC len=23 #5 ecff49002b1f805b64510bdc5a4e78c8805b64510b6ac4
2026-10-01 21:21:02.144 [OP] 42CF inv=FFE3 len=28 #3 57ecfc0b1922a32b1f805b64510bdcfa4fc31f805b64510bdcfaa32b
2026-10-01 21:21:02.144 [OP] 42CF inv=FFE3 len=28 #4 57ecfc0b1922a32b1f805b64510bdcfa4fc31f805b64510bdcfaa32b
2026-10-01 21:21:05.596 [OUT] 0178 inv=FFFB len=8 #4 fbff780196e49d4f
2026-10-01 21:21:05.761 [OP] 404D inv=FEB3 len=332 #4 215dad807364580b91a7a32bca809564e60b66fa76b41f809564580be6fa202b9dec5b64580b6ffa312b9d80a0e7510b6ffaf82b62805c640b88dcfaf82bca806b64580b6a0da32bca8095643b0b6ffa7ab01f809564580bc6faf82b25ec5b64580b6ffa722bca80fbb6510b6ffaf82bfd800d641bdbdcfaf82bca80ba64580bccc0a32bca8095647b0b6ffa03381f809564580b4ffaf82b8f215b64580b6ffa
2026-10-01 21:21:10.466 [OUT] 0050 inv=FFF7 len=12 #3 f7ff5000a32b1f80fbdf510b
2026-10-01 21:21:10.513 [OP] 4019 inv=FF17 len=232 #3 215dad80fbdf510b6fe0a32bab802de62554d897049b38f3db355ba6cd6c09a31c0ee64e87a45b1880a1b57ebd4ee16fb694f919e50fe6fb5b2a5ab7f931c5e45b64510b29fa8f3a1abe35e957d79f568f6ce23a35a053d777bb50a00b1ce06c5cfba82da32b1f804964a62337e3da6ce2cdd209a6b92da6da3a1acdb29b33f962436c8d9a0c2d83136adc61172bf7be35a053b92d3d5e20f76a6f975323373d
2026-10-01 21:21:11.381 [OUT] 0051 inv=FFF7 len=12 #3 f7ff51005b64510b52faa32b
2026-10-01 21:21:11.437 [OP] 40C0 inv=FFF5 len=10 #2 215dad80fbdf580b6fe0
2026-10-01 21:21:25.970 [OUT] 0055 inv=FFEB len=24 #2 ebff550088b6715ba1aa5b64b2ecdcfaf85359aa5bdffc9a
2026-10-01 21:21:26.031 [OP] 40C1 inv=FFF2 len=13 #2 ed67ce5b64510bdcfaa32b1f80
2026-10-01 21:21:26.124 [CURRENCY] a=201744 b=329684
2026-10-01 21:21:27.058 [OUT] 0050 inv=FFF7 len=12 #4 f7ff5000a32b1f80703d510b
2026-10-01 21:21:27.112 [OP] 4019 inv=FFB3 len=76 #4 7b8052fafeae1f80957f510b73fa32e7e4963e675ba653008b696cd5b446b117962309a34b1d24a35c5a28b73b8db9d7f6b751276afa41618605bd9b51c4dcfa312b91b083e51383629ba32b
2026-10-01 21:21:30.462 [OUT] 0051 inv=FFF7 len=12 #4 f7ff51005b64510b90faa32b
2026-10-01 21:21:30.774 [OUT] 009C inv=FFFB len=8 #1 fbff9c00dcfaa32b
2026-10-01 21:21:30.777 [OUT] 009C inv=FFFB len=8 #2 fbff9c00dcfaa32b
2026-10-01 21:21:30.783 [OUT] 009C inv=FFFB len=8 #3 fbff9c00dcfaa32b
2026-10-01 21:21:30.789 [OUT] 0135 inv=FFF7 len=12 #4 f7ff3501dcfaa32b82805b64
2026-10-01 21:21:30.802 [OUT] 0135 inv=FFF7 len=12 #5 f7ff3501dcfaa32b08805b64
2026-10-01 21:21:30.940 [OP] 42A7 inv=FEE6 len=281 #4 777a7f5183dcfaa31831d3c20133340c33509e31d3c2019ff0dcfaa32b1f805b64510bdcfaa32b31d35bfc510bdcfaa32b1f805b649f0befa9a31827805bfc510b39faa3182780c2015119398aa3e9887e3e649f1939fa8b311f2b3efb5164cd641012272b3e643334dcfc1018887eacfb9f19b6fc102b72c15bfc9f85cd8a0461272bacfb9f0b0c33a3e9272bacfb9f1939fc0418278063ca516439fa046127
2026-10-01 21:21:30.940 [OP] 42E5 inv=FFE5 len=26 #1 16df510b155a4e78ca805b64510bdcfaa32b1f805b64510bdcfa
2026-10-01 21:21:30.940 [OP] 42E5 inv=FFE5 len=26 #2 16df510b155a4e78ca805b64510bdcfaa32b1f805b64510bdcfa
2026-10-01 21:21:30.940 [OP] 42E5 inv=FFE5 len=26 #3 16df510b155a4e78ca805b64510bdcfaa32b1f805b64510bdcfa
2026-10-01 21:21:31.051 [OP] 42A7 inv=FEE6 len=281 #5 777a7f5118dcfaa31831d3c20133340c33509e31d3c2019ff0dcfaa32b1f805b64510bdcfaa32b31d35b64510bdcfaa32b1f805b64510befa9102b1f803efc510bcd8aa32b1f2bc2015119dcfa10e91f80acfb510b39fa8b311f80ac642564398a04181f7e5b643334dcfaa3e9882bacfc9f1939faa32b72c15bfb9f0bcd8a0418272b5bfb9f0b0c33a318272b5b649f19dcfa0418278063ca5164cd8a041827
2026-10-01 21:21:32.047 [OUT] 0050 inv=FFF7 len=12 #5 f7ff5000a32b1f80cf64510b
2026-10-01 21:21:32.141 [OP] 4019 inv=FF7F len=128 #5 57ecfc0b13faa32bcace5b64e00b5de7382739260205d92a166404c25205e0a1e1ae8d3bffeb4bf3e5491daef49b09612737befb2932bdb7309d237a9333930a5fccac9df1eb7e7b6f9350d85db379d52d8d91329f1d532b7380eaa0532337a24f28c57feae957c737e3da28961154f9bc05b600a32bca720d6417ad181ea32b
2026-10-01 21:21:33.036 [OUT] 0051 inv=FFF7 len=12 #5 f7ff51005b64510b6ffaa32b
2026-10-01 21:21:36.054 [SYS] #FFF692#交纳传送费用#00CCFF#190#FFF692#金币！
2026-10-01 21:21:36.155 [CURRENCY] a=201744 b=329494
2026-10-01 21:21:36.416 [OUT] 009C inv=FFFB len=8 #4 fbff9c00dcfaa32b
2026-10-01 21:21:36.418 [OUT] 009C inv=FFFB len=8 #5 fbff9c00dcfaa32b
2026-10-01 21:21:36.762 [OP] 42E5 inv=FFE5 len=26 #4 6b64510b155a4e78ca805b64510bdcfaa32b1f805b64510bdcfa
2026-10-01 21:21:36.762 [OP] 42E5 inv=FFE5 len=26 #5 6b64510b155a4e78ca805b64510bdcfaa32b1f805b64510bdcfa
2026-10-01 21:21:42.905 [SYS] #FFF692#交纳传送费用#00CCFF#190#FFF692#金币！
2026-10-01 21:21:42.992 [SYS] #ff0000#您已进入野外区域，可能遭遇玩家间的自由对战，请注意安全！#ffffff#
2026-10-01 21:21:42.993 [CURRENCY] a=201744 b=329494
2026-10-01 21:21:45.888 [OP] 40A1 inv=FFEB len=20 #1 510bdcfabc9d1f809464510b59e0954a764fe926
2026-10-01 21:21:47.104 [SYS] #FFF692#交纳传送费用#00CCFF#690#FFF692#金币！
2026-10-01 21:21:47.192 [SYS] #ff0000#您已进入野外区域，可能遭遇玩家间的自由对战，请注意安全！#ffffff#
2026-10-01 21:21:47.192 [CURRENCY] a=201744 b=328994
2026-10-01 21:21:48.276 [OUT] 0022 inv=FFF5 len=14 #5 f5ff2200957dc0fd90c4964a394f
2026-10-01 21:21:48.329 [OP] 4610 inv=FFFE len=1 #5 b7
2026-10-01 21:21:54.763 [SYS] #ff0000#您已进入野外区域，可能遭遇玩家间的自由对战，请注意安全！#ffffff#
2026-10-01 21:24:25.223 [OUT] 0178 inv=FFFB len=8 #5 fbff780196e49d4f
2026-10-01 21:24:25.369 [OP] 404D inv=FE83 len=380 #5 c787c464630b1dc46bb41f809564580b8bfa612be0765b64580b6ffaa32b59801c47510b6ffaf82b34801c64badbdcfaf82bca809564580be60da32bca8095640b0b6ffa76b41f809564580b90fa202b62ec5b64580b6ffa232bca80a0e7510b6ffaf82bad805c64fe88dcfaf82bca805c64580b350da32bca809564490b6ffa2ed31f809564580ba7fa462b77765b64580b6ffa612bca80033e510b6ffaf82b
2026-10-01 21:24:29.244 [QUESTION] {"type":"question","sock":2316,"qno":5,"field_a":85,"stem":"当红旗向东南飘动时，这时刮的是什么风","options":["1、龙卷风","2、西北风","3、台风","4、珠穆朗玛峰"]}
2026-10-01 21:24:30.255 [UI] auto dump on question qno=5
2026-10-01 21:24:30.255 [UI] ---- window dump begin (pid 3652) ----
2026-10-01 21:24:30.276 [UI] TOP=00050704 vis=1 cls=ATL:012FF210 rc=(887,95,1927,902) title=什么什么大冒险2(①逍遥村敬老院)-自由二号_Sep 24 2026《什么什么大冒险》制作委员会QQ群:515616289
2026-10-01 21:24:30.276 [UI] TOP=0034077C vis=0 cls=DIEmWin rc=(-1,-1,135,38) title=DIEmWin
2026-10-01 21:24:30.292 [UI] TOP=000B0354 vis=0 cls=MSCTFIME UI rc=(0,0,0,0) title=MSCTFIME UI
2026-10-01 21:24:30.295 [UI] TOP=00270076 vis=0 cls=IME rc=(0,0,0,0) title=Default IME
2026-10-01 21:24:30.295 [UI] TOP=000E0730 vis=0 cls=IME rc=(0,0,0,0) title=Default IME
2026-10-01 21:24:30.295 [UI] ---- window dump end ----
2026-10-01 21:24:31.412 [SEND-ANSWER] qno=5 opt=1 ret=13 sock=2316
2026-10-01 21:24:31.466 [SYS] 测试通过！
2026-10-01 21:24:31.559 [SYS] 获得了#00FF00#100#FFF692#金币
2026-10-01 21:24:31.559 [CURRENCY] a=201744 b=329784
2026-10-01 21:24:33.216 [UI] auto-closing quiz frame: qno=5 opt=1
2026-10-01 21:24:33.224 [UI] option 1 control NOT found — falling back to digit key
2026-10-01 21:24:33.224 [UI] sending digit key '1' to hwnd=00050704
2026-10-01 21:24:33.683 [OUT] 1F04 inv=FFF6 len=13 #2 f6ff041fce1f805b6f510bdcc4
2026-10-01 21:24:58.402 [OUT] 0046 inv=FFF7 len=12 #5 f7ff4600a32b1f804064510b
2026-10-01 21:25:00.789 [OUT] 0048 inv=FFF7 len=12 #1 f7ff480003c4cb93ca4f9564
2026-10-01 21:25:00.903 [OP] 4721 inv=FFF7 len=8 #1 5e0e392bca4f9564
2026-10-01 21:25:16.663 [OUT] 005A inv=FFFB len=8 #1 fbff5a00134bb2d5
2026-10-01 21:25:16.784 [OP] 404A inv=FFBB len=68 #1 215dad800df190d59165a32bd680ec64580b90fa46b01f809564580b6ffadb2b60765b64580b6ffaf82b5980e5f0510b6ffaf82bca8094648b89dcfaf82bca8095640e0b
2026-10-01 21:25:16.849 [OUT] 005B inv=FFFA len=9 #1 faff5b00b4afc77f93
2026-10-01 21:25:16.860 [OUT] 005B inv=FFFA len=9 #2 faff5b00b4afc77f93
2026-10-01 21:25:16.876 [OUT] 005B inv=FFFA len=9 #3 faff5b00b4afc77f93
2026-10-01 21:25:16.897 [OUT] 005B inv=FFFA len=9 #4 faff5b00b4afc77f93
2026-10-01 21:25:16.911 [OUT] 005B inv=FFFA len=9 #5 faff5b00b4afc77f93
2026-10-01 21:25:16.978 [OP] 404B inv=FFE7 len=24 #1 5e0e392b59aafcdd17b5dcfaa32b1f809564510b6fb0a32b
2026-10-01 21:25:17.105 [OP] 404B inv=FFE7 len=24 #2 5e0e392b59aa5b6417b5dcfaa32b1f809564510b6fb0a32b
2026-10-01 21:25:17.105 [OP] 404B inv=FFE7 len=24 #3 5e0e392b59aa070817b5dcfaa32b1f809564510b6fb0a32b
2026-10-01 21:25:17.105 [OP] 404B inv=FFE7 len=24 #4 5e0e392b59aa6b6417b5dcfaa32b1f809564510b6fb0a32b
2026-10-01 21:25:17.105 [OP] 404B inv=FFE7 len=24 #5 5e0e392b59aa6b6417b5dcfaa32b1f809564510b6fb0a3ce
2026-10-01 21:25:21.415 [OUT] 0176 inv=FFFA len=9 #1 faff76012b1fc7957f
2026-10-01 21:25:22.299 [OUT] 0176 inv=FFFA len=9 #2 faff760190926cee7f
2026-10-01 21:25:26.158 [SYS] 获得了#00FF00#1#FFF692#根#64FF7D#酷·钓美人竿
2026-10-01 21:25:26.252 [SYS] 获得了#00FF00#1#FFF692#张#64FF7D#(御)囧盒仔
2026-10-01 21:25:26.252 [SYS] 获得了#00FF00#10#FFF692#个#64FF7D#(御)冒险精气
2026-10-01 21:25:26.252 [SYS] 获得了#00FF00#1#FFF692#个#64FF7D#(御)宠物装备激活器
2026-10-01 21:25:27.337 [OUT] 0047 inv=FFF3 len=16 #4 f3ff47004f1d08ce5bdf510bcf5a4e78
2026-10-01 21:25:27.462 [OP] 4027 inv=FFF5 len=10 #4 5e0e392b1faa5b64ec7f
2026-10-01 21:25:27.462 [OP] 401E inv=FFAD len=82 #3 215dad8057ecfc0b52faa32bad805b646992dcfa05601f803f55510b93b3a32b72ff5b64a552155a4e78c8d92693510b8631a32bc8d97b81a552155a4e78c8d97b81a552dcfaa32b1f805b64510bdcfaa32b
2026-10-01 21:25:32.333 [OP] 4230 inv=FF1F len=224 #1 c787c4649475dcfaa32b1f805b64510b8dc4a32b49875b64510bdcfa8f2b1f805b64510b00faa32b1f805b64390bdcfaa32b1f803964510bdcfaa32b1f805b64510bdcfaa32b1f805b64510b07faa32bb2ce5b645ed5dcfaf82b1f800d64510b36faa32bf3805b642d0bdcfa202b1f805b64510bdcfaa32b1f805b64510bdcfaa32b1f805b64510bdcfaa32b59805b64fc0bdcfa202b1f800d64510b8ffaa32b
2026-10-01 21:25:32.428 [OP] 4722 inv=FFEC len=19 #1 ed67ce5bb023d0dc5a4e78c80af664510bf5c4
2026-10-01 21:29:31.083 [SYS] #00FF00#1#00FFFF#分钟后逍遥村周围将掉落20个宝箱，捡取可获得意外惊喜喔！#FFFFFF#
2026-10-01 21:30:00.130 [SYS] #FF0000#世界BOSS#00FFFF#将于#FFFF00#10#00FFFF#分钟后开始，大家赶紧到#00c2ff#龙之都#00FFFF#找#ff8dff#老刘(3666,1959)#00FFFF#报名！
2026-10-01 21:38:41.755 [SYS] #00FF00#1#00FFFF#分钟后逍遥村周围将掉落20个宝箱，捡取可获得意外惊喜喔！#FFFFFF#
2026-10-01 21:40:00.131 [SYS] #FF0000#世界BOSS#00FFFF#已经开始，请大家到相应的地图痛扁BOSS或到#00c2ff#龙之都#00FFFF#找#ff8dff#老刘(3666,1959)#00FFFF#报名！
2026-10-01 21:41:32.823 [SYS] #00FFFF#世界BOSS已被#00FF00#[URL]超级恶霸龟龟酱[/URL]#00FFFF#首杀，活动即将结束，感谢大家的参与，请大家30分钟后到#00c2ff#龙之都#00FFFF#找#ff8dff#老刘(3666,1959)#00FFFF#领取活动奖励！
2026-10-01 21:43:15.297 [OP] 4704 inv=FFDE len=33 #1 c03e22a39ef3ce5ba0510bdcc5a32b1f3cc83369938c0ba32b1f805b64510bdcfa
2026-10-01 21:43:16.445 [OUT] 0031 inv=FFCE len=53 #1 ceff31006451135233b4de1f4f5b6451b9dcfaa32b1f805b75510bdce8a32b1f805b6451a2da2bf00ad2341a64510bdcfaa32b1f80
2026-10-01 21:43:52.038 [SYS] #ff0000#您已进入野外区域，可能遭遇玩家间的自由对战，请注意安全！#ffffff#
2026-10-01 21:43:54.956 [SYS] #ff0000#您已进入野外区域，可能遭遇玩家间的自由对战，请注意安全！#ffffff#
2026-10-01 21:45:26.027 [SYS] #00FF00#1#00FFFF#分钟后逍遥村周围将掉落20个宝箱，捡取可获得意外惊喜喔！#FFFFFF#
2026-10-01 21:45:35.821 [SYS] 获得了#00FF00#1#FFF692#个#64FF7D#黄玉葫芦
2026-10-01 21:50:00.145 [SYS] #00FFFF#国庆节特别活动“红旗飘飘贺国庆”将于#00FF00#10#00FFFF#分钟后结束，装饰国旗将在活动结束#00FF00#30#00FFFF#分钟后关闭。请冒险者抓紧时间喔！#FFFFFF#
2026-10-01 21:54:51.929 [SYS] #00FF00#1#00FFFF#分钟后逍遥村周围将掉落20个宝箱，捡取可获得意外惊喜喔！#FFFFFF#
2026-10-01 21:54:55.960 [SYS] #FFF692#恭喜#FF8CF8#全斗焕#FFF692#打造出#64FF7D#+10#FFF692#装备
2026-10-01 21:55:00.182 [SYS] #00FFFF#国庆节特别活动“红旗飘飘贺国庆”将于#00FF00#5#00FFFF#分钟后结束，装饰国旗将在活动结束#00FF00#30#00FFFF#分钟后关闭。请冒险者抓紧时间喔！#FFFFFF#
2026-10-01 21:57:40.739 [SYS] #FFF692#恭喜#FF8CF8#车圭宪#FFF692#打造出#64FF7D#+10#FFF692#装备
2026-10-01 21:58:54.087 [SYS] #FFF692#恭喜#FF8CF8#俞学圣#FFF692#打造出#64FF7D#+10#FFF692#装备
2026-10-01 21:58:59.221 [SYS] #FFF692#恭喜#FF8CF8#俞学圣#FFF692#打造出#64FF7D#+10#FFF692#装备
2026-10-01 21:59:00.177 [SYS] #00FFFF#国庆节特别活动“红旗飘飘贺国庆”将于#00FF00#1#00FFFF#分钟后结束，装饰国旗将在活动结束#00FF00#30#00FFFF#分钟后关闭。请冒险者抓紧时间喔！#FFFFFF#
2026-10-01 22:00:00.127 [SYS] #00FFFF#国庆焰火晚会开始了，冒险者可到旗台处参与燃放烟花，幸运者还可能得到稀有奖励喔！装饰国旗以及燃放烟花将在#00FF00#30#00FFFF#分钟后关闭，请冒险者抓紧时间喔！#FFFFFF#
2026-10-01 22:00:03.769 [SYS] #FF8CF8#【Nnnnnn1】#00FFFF#放了一个大炮仗，在逍遥村东区周围炸出红星券，大家快来抢哟！
2026-10-01 22:00:04.432 [SYS] #FF8CF8#【Nnnnnn1】#00FFFF#放了一个大炮仗，在逍遥村东区周围炸出红星券，大家快来抢哟！
2026-10-01 22:00:05.174 [SYS] #FF8CF8#【Nnnnnn1】#00FFFF#放了一个大炮仗，在逍遥村东区周围炸出红星券，大家快来抢哟！
2026-10-01 22:00:05.828 [SYS] #FF8CF8#【Nnnnnn1】#00FFFF#放了一个大炮仗，在逍遥村东区周围炸出红星券，大家快来抢哟！
2026-10-01 22:00:06.447 [SYS] #FF8CF8#【Nnnnnn1】#00FFFF#放了一个大炮仗，在逍遥村东区周围炸出红星券，大家快来抢哟！
2026-10-01 22:00:07.162 [SYS] #FF8CF8#【Nnnnnn1】#00FFFF#放了一个大炮仗，在逍遥村东区周围炸出红星券，大家快来抢哟！
2026-10-01 22:00:07.963 [SYS] #FF8CF8#【Nnnnnn1】#00FFFF#放了一个大炮仗，在逍遥村东区周围炸出红星券，大家快来抢哟！
2026-10-01 22:00:08.504 [SYS] #FF8CF8#【Nnnnnn1】#00FFFF#放了一个大炮仗，在逍遥村东区周围炸出红星券，大家快来抢哟！
2026-10-01 22:00:09.323 [SYS] #FF8CF8#【Nnnnnn1】#00FFFF#放了一个大炮仗，在逍遥村东区周围炸出红星券，大家快来抢哟！
2026-10-01 22:00:09.786 [SYS] #FF8CF8#【Nnnnnn1】#00FFFF#放了一个大炮仗，在逍遥村东区周围炸出红星券，大家快来抢哟！
2026-10-01 22:00:10.444 [SYS] #FF8CF8#【Nnnnnn1】#00FFFF#放了一个大炮仗，在逍遥村东区周围炸出红星券，大家快来抢哟！
2026-10-01 22:00:11.226 [SYS] #FF8CF8#【Nnnnnn1】#00FFFF#放了一个大炮仗，在逍遥村东区周围炸出红星券，大家快来抢哟！
2026-10-01 22:00:11.843 [SYS] #FF8CF8#【Nnnnnn1】#00FFFF#放了一个大炮仗，在逍遥村东区周围炸出红星券，大家快来抢哟！
2026-10-01 22:00:12.635 [SYS] #FF8CF8#【Nnnnnn1】#00FFFF#放了一个大炮仗，在逍遥村东区周围炸出红星券，大家快来抢哟！
2026-10-01 22:00:13.238 [SYS] #FF8CF8#【Nnnnnn1】#00FFFF#放了一个大炮仗，在逍遥村东区周围炸出红星券，大家快来抢哟！
2026-10-01 22:00:13.851 [SYS] #00FF00#1#00FFFF#分钟后逍遥村周围将掉落20个宝箱，捡取可获得意外惊喜喔！#FFFFFF#
2026-10-01 22:00:13.948 [SYS] #FF8CF8#【Nnnnnn1】#00FFFF#放了一个大炮仗，在逍遥村东区周围炸出红星券，大家快来抢哟！
2026-10-01 22:00:14.488 [SYS] #FF8CF8#【Nnnnnn1】#00FFFF#放了一个大炮仗，在逍遥村东区周围炸出红星券，大家快来抢哟！
2026-10-01 22:00:15.308 [SYS] #FF8CF8#【Nnnnnn1】#00FFFF#放了一个大炮仗，在逍遥村东区周围炸出红星券，大家快来抢哟！
2026-10-01 22:00:15.865 [SYS] #FF8CF8#【Nnnnnn1】#00FFFF#放了一个大炮仗，在逍遥村东区周围炸出红星券，大家快来抢哟！
2026-10-01 22:00:16.541 [SYS] #FF8CF8#【Nnnnnn1】#00FFFF#放了一个大炮仗，在逍遥村东区周围炸出红星券，大家快来抢哟！
2026-10-01 22:00:17.203 [SYS] #FF8CF8#【Nnnnnn1】#00FFFF#放了一个大炮仗，在逍遥村东区周围炸出红星券，大家快来抢哟！
2026-10-01 22:00:17.966 [SYS] #FF8CF8#【Nnnnnn1】#00FFFF#放了一个大炮仗，在逍遥村东区周围炸出红星券，大家快来抢哟！
2026-10-01 22:00:18.529 [SYS] #FF8CF8#【Nnnnnn1】#00FFFF#放了一个大炮仗，在逍遥村东区周围炸出红星券，大家快来抢哟！
2026-10-01 22:00:19.153 [SYS] #FF8CF8#【Nnnnnn1】#00FFFF#放了一个大炮仗，在逍遥村东区周围炸出红星券，大家快来抢哟！
2026-10-01 22:00:19.822 [SYS] #FF8CF8#【Nnnnnn1】#00FFFF#放了一个大炮仗，在逍遥村东区周围炸出红星券，大家快来抢哟！
2026-10-01 22:00:20.565 [SYS] #FF8CF8#【Nnnnnn1】#00FFFF#放了一个大炮仗，在逍遥村东区周围炸出红星券，大家快来抢哟！
2026-10-01 22:00:21.341 [SYS] #FF8CF8#【Nnnnnn1】#00FFFF#放了一个大炮仗，在逍遥村东区周围炸出红星券，大家快来抢哟！
2026-10-01 22:00:38.184 [OP] 40E6 inv=FFF3 len=12 #2 215dad8007ec510bdcfaa32b
2026-10-01 22:00:38.184 [OP] 4233 inv=FFFA len=5 #2 777a7f510b
2026-10-01 22:00:38.184 [OP] 40F6 inv=FFEF len=16 #2 215dad8082dd510bdcfaa32b1f80c364
2026-10-01 22:00:38.268 [OP] 4210 inv=FFF3 len=12 #4 140bdcfa9a2b1f8057ecfc0b
2026-10-01 22:03:42.847 [SYS] #FF8CF8#【睡神本神】#00FFFF#放了一个大炮仗，在逍遥村东区周围炸出红星券，大家快来抢哟！
2026-10-01 22:03:43.518 [SYS] #FF8CF8#【睡神本神】#00FFFF#放了一个大炮仗，在逍遥村东区周围炸出红星券，大家快来抢哟！
2026-10-01 22:03:44.117 [SYS] #FF8CF8#【睡神本神】#00FFFF#放了一个大炮仗，在逍遥村东区周围炸出红星券，大家快来抢哟！
2026-10-01 22:03:44.501 [SYS] #FF8CF8#【睡神本神】#00FFFF#放了一个大炮仗，在逍遥村东区周围炸出红星券，大家快来抢哟！
2026-10-01 22:03:44.952 [SYS] #FF8CF8#【睡神本神】#00FFFF#放了一个大炮仗，在逍遥村东区周围炸出红星券，大家快来抢哟！
2026-10-01 22:03:45.428 [SYS] #FF8CF8#【睡神本神】#00FFFF#放了一个大炮仗，在逍遥村东区周围炸出红星券，大家快来抢哟！
2026-10-01 22:03:45.932 [SYS] #FF8CF8#【睡神本神】#00FFFF#放了一个大炮仗，在逍遥村东区周围炸出红星券，大家快来抢哟！
2026-10-01 22:03:46.752 [SYS] #FF8CF8#【睡神本神】#00FFFF#放了一个大炮仗，在逍遥村东区周围炸出红星券，大家快来抢哟！
2026-10-01 22:03:47.225 [SYS] #FF8CF8#【睡神本神】#00FFFF#放了一个大炮仗，在逍遥村东区周围炸出红星券，大家快来抢哟！
2026-10-01 22:03:47.694 [SYS] #FF8CF8#【睡神本神】#00FFFF#放了一个大炮仗，在逍遥村东区周围炸出红星券，大家快来抢哟！
2026-10-01 22:03:48.066 [SYS] #FF8CF8#【睡神本神】#00FFFF#放了一个大炮仗，在逍遥村东区周围炸出红星券，大家快来抢哟！
2026-10-01 22:03:48.410 [SYS] #FF8CF8#【睡神本神】#00FFFF#放了一个大炮仗，在逍遥村东区周围炸出红星券，大家快来抢哟！
2026-10-01 22:03:48.778 [SYS] #FF8CF8#【睡神本神】#00FFFF#放了一个大炮仗，在逍遥村东区周围炸出红星券，大家快来抢哟！
2026-10-01 22:03:49.136 [SYS] #00FF00#1#00FFFF#分钟后逍遥村周围将掉落20个宝箱，捡取可获得意外惊喜喔！#FFFFFF#
2026-10-01 22:03:49.230 [SYS] #FF8CF8#【睡神本神】#00FFFF#放了一个大炮仗，在逍遥村东区周围炸出红星券，大家快来抢哟！
2026-10-01 22:03:50.190 [SYS] #FF8CF8#【睡神本神】#00FFFF#放了一个大炮仗，在逍遥村东区周围炸出红星券，大家快来抢哟！
2026-10-01 22:03:50.572 [SYS] #FF8CF8#【睡神本神】#00FFFF#放了一个大炮仗，在逍遥村东区周围炸出红星券，大家快来抢哟！
2026-10-01 22:03:51.029 [SYS] #FF8CF8#【睡神本神】#00FFFF#放了一个大炮仗，在逍遥村东区周围炸出红星券，大家快来抢哟！
2026-10-01 22:03:51.460 [SYS] #FF8CF8#【睡神本神】#00FFFF#放了一个大炮仗，在逍遥村东区周围炸出红星券，大家快来抢哟！
2026-10-01 22:03:52.401 [SYS] #FF8CF8#【睡神本神】#00FFFF#放了一个大炮仗，在逍遥村东区周围炸出红星券，大家快来抢哟！
2026-10-01 22:03:52.781 [SYS] #FF8CF8#【睡神本神】#00FFFF#放了一个大炮仗，在逍遥村东区周围炸出红星券，大家快来抢哟！
2026-10-01 22:03:53.191 [SYS] #FF8CF8#【睡神本神】#00FFFF#放了一个大炮仗，在逍遥村东区周围炸出红星券，大家快来抢哟！
2026-10-01 22:03:54.522 [SYS] #FF8CF8#【睡神本神】#00FFFF#放了一个大炮仗，在逍遥村东区周围炸出红星券，大家快来抢哟！
2026-10-01 22:03:55.465 [SYS] #FF8CF8#【睡神本神】#00FFFF#放了一个大炮仗，在逍遥村东区周围炸出红星券，大家快来抢哟！
2026-10-01 22:03:56.023 [SYS] #FF8CF8#【睡神本神】#00FFFF#放了一个大炮仗，在逍遥村东区周围炸出红星券，大家快来抢哟！
2026-10-01 22:03:57.540 [SYS] #FF8CF8#【睡神本神】#00FFFF#放了一个大炮仗，在逍遥村东区周围炸出红星券，大家快来抢哟！
2026-10-01 22:03:58.047 [SYS] #FF8CF8#【睡神本神】#00FFFF#放了一个大炮仗，在逍遥村东区周围炸出红星券，大家快来抢哟！
2026-10-01 22:03:58.576 [SYS] #FF8CF8#【睡神本神】#00FFFF#放了一个大炮仗，在逍遥村东区周围炸出红星券，大家快来抢哟！
2026-10-01 22:03:59.013 [SYS] #FF8CF8#【睡神本神】#00FFFF#放了一个大炮仗，在逍遥村东区周围炸出红星券，大家快来抢哟！
2026-10-01 22:04:00.297 [SYS] #FF8CF8#【睡神本神】#00FFFF#放了一个大炮仗，在逍遥村东区周围炸出红星券，大家快来抢哟！
2026-10-01 22:04:00.708 [SYS] #FF8CF8#【睡神本神】#00FFFF#放了一个大炮仗，在逍遥村东区周围炸出红星券，大家快来抢哟！
2026-10-01 22:04:01.261 [SYS] #FF8CF8#【睡神本神】#00FFFF#放了一个大炮仗，在逍遥村东区周围炸出红星券，大家快来抢哟！
2026-10-01 22:04:01.584 [SYS] #FF8CF8#【睡神本神】#00FFFF#放了一个大炮仗，在逍遥村东区周围炸出红星券，大家快来抢哟！
2026-10-01 22:04:02.272 [SYS] #FF8CF8#【睡神本神】#00FFFF#放了一个大炮仗，在逍遥村东区周围炸出红星券，大家快来抢哟！
2026-10-01 22:04:02.780 [SYS] #FF8CF8#【睡神本神】#00FFFF#放了一个大炮仗，在逍遥村东区周围炸出红星券，大家快来抢哟！
2026-10-01 22:04:03.067 [SYS] #FF8CF8#【睡神本神】#00FFFF#放了一个大炮仗，在逍遥村东区周围炸出红星券，大家快来抢哟！
2026-10-01 22:04:03.472 [SYS] #FF8CF8#【睡神本神】#00FFFF#放了一个大炮仗，在逍遥村东区周围炸出红星券，大家快来抢哟！
2026-10-01 22:04:04.232 [SYS] #FF8CF8#【睡神本神】#00FFFF#放了一个大炮仗，在逍遥村东区周围炸出红星券，大家快来抢哟！
2026-10-01 22:04:04.923 [SYS] #FF8CF8#【睡神本神】#00FFFF#放了一个大炮仗，在逍遥村东区周围炸出红星券，大家快来抢哟！
2026-10-01 22:04:06.228 [SYS] #FF8CF8#【睡神本神】#00FFFF#放了一个大炮仗，在逍遥村东区周围炸出红星券，大家快来抢哟！
2026-10-01 22:05:55.504 [SYS] #00FF00#1#00FFFF#分钟后逍遥村周围将掉落20个宝箱，捡取可获得意外惊喜喔！#FFFFFF#
2026-10-01 22:11:32.822 [SYS] #00FFFF#厉害了我的大冒险玩家，本期的BOSS已经被击杀，BOSS会变得更强，敬请期待下期活动！！！
2026-10-01 22:12:32.282 [OP] 4235 inv=FFFA len=5 #2 ed67ce5b64
2026-10-01 22:14:03.747 [SYS] #FFF692#恭喜#FF8CF8#Kotori#FFF692#在#00C8F8#黄金宝箱#FFF692#中获得了#64FF7D#酷·灵气香肠棍
2026-10-01 22:14:33.548 [OP] 4210 inv=FFF3 len=12 #5 660bdcfa7d2b1f80a0ecfc0b
2026-10-01 22:16:27.697 [SYS] 获得了#00FF00#1#FFF692#个#64FF7D#黄玉葫芦
2026-10-01 22:18:28.508 [PIPE] controller disconnected
2026-10-01 22:18:51.843 [PIPE] controller connected
2026-10-01 22:18:51.843 [PIPE] controller disconnected
2026-10-01 22:19:08.399 [INIT] dll unloaded
2026-10-01 22:19:37.294 [INIT] dll loaded, pid=3652
2026-10-01 22:19:37.294 [INIT] codec loaded OK
2026-10-01 22:19:37.294 [INIT] iat hooks: recv=1 send=1 WSASend=1 connect=1 closesocket=1
2026-10-01 22:19:37.803 [OUT] 1F51 inv=FFFF len=4 #1 ffff511f
2026-10-01 22:19:37.850 [OP] 4F52 inv=FFFF len=0 #1 
2026-10-01 22:19:38.364 [OP] 4109 inv=FF63 len=156 #1 5e0e392bcac795f851d0dcfaa32b1f809564510ba7fa8a53f380a0dfb20bdcfaf82b1f80be64510bdcbaa32ba94f5b644975dcfa872b5980be64510bbbaea32b9d80236451ecdcfaa32b1f8062df510b12faa32b1f805b64510bdcfab6ce1f80fe08510b8bfa872b1faa5b648fecdcfaa32b1f805b64510bdcfaa32bb7ef5b646ed5dcfafd2b9b805bdf51807cc4a32b7b19baec510bdcfa34c81f80
2026-10-01 22:19:38.454 [OP] 4111 inv=FFFD len=2 #1 5b64
2026-10-01 22:19:38.456 [OP] 4104 inv=FFFA len=5 #1 72c49bb84f
2026-10-01 22:19:38.456 [OP] 4104 inv=FFFB len=4 #2 3cae1f79
2026-10-01 22:19:38.456 [OP] 4104 inv=FFFA len=5 #3 5a671cb807
2026-10-01 22:19:38.458 [OP] 4104 inv=FFFA len=5 #4 699b9bb8ca
2026-10-01 22:19:38.458 [OP] 4104 inv=FFFA len=5 #5 8f9b9bb845
2026-10-01 22:19:39.263 [OP] EFFE inv=FFFE len=1 #1 0b
2026-10-01 22:19:40.274 [OP] 4105 inv=FFFE len=1 #1 b2
2026-10-01 22:19:40.274 [OP] 4105 inv=FFFE len=1 #2 44
2026-10-01 22:19:40.277 [OUT] 1004 inv=FFF3 len=16 #1 f3ff0410580c66535980ba64510bdcfa
2026-10-01 22:19:40.326 [OP] 4109 inv=FDFF len=512 #2 c787c464580b8b25a32b1f805b64510b6ffaa32ba580ea7f0b0b0022fd24e7809564510baeaea32b9de75b64517fdcfaa3531f8062df510b06faa32b1f805b64510bdcfa71531f801664510bdcfaa32b1f805b64580bdcfab6ce1f801c7afc0bdcc4a32b1fce5b645decdcfaab2b1f805b64510bdcfaa32bca805b645fc4dcfafdcba5805bdf510bdcfaa32bb6aa5b64fe0bdcfaa32b1f805b64510b6ffaa32b
2026-10-01 22:19:40.431 [OP] 4105 inv=FFFE len=1 #3 3d
2026-10-01 22:19:40.431 [OP] 4111 inv=FFFD len=2 #2 a164
2026-10-01 22:19:40.530 [OP] 4106 inv=FFFD len=2 #1 a342
2026-10-01 22:19:40.530 [OP] 4110 inv=FFFD len=2 #1 bc2b
2026-10-01 22:19:40.530 [OP] 4106 inv=FFFD len=2 #2 a33b
2026-10-01 22:19:40.627 [OP] 4106 inv=FFFC len=3 #3 9820ee
2026-10-01 22:19:41.836 [OP] 4109 inv=FFDF len=32 #3 c787c464510b6ffaa32b1f805b64510bd0c4a32b62451b64510bdcfaa32b1f80
2026-10-01 22:19:41.939 [OP] 4111 inv=FFFD len=2 #3 1b64
2026-10-01 22:19:42.218 [OP] 4109 inv=FFAB len=84 #4 215dad805bf858ec6fc4a32bb2ce5b6487b1dcfab42b1f80b8dd510bfdcaa32b1f0794ec87b1dcfa526f1f8094cd510bdcfaa32b1faa5b64dd75dcfa526f1f809b64510bdcfaa32b1f805b64ded0dcfadb3b1f80
2026-10-01 22:19:42.318 [OP] 4111 inv=FFFD len=2 #4 6b64
2026-10-01 22:19:43.330 [OP] 4613 inv=FFBA len=69 #1 dfb82fe7c4202b383fc3dc0259585b960e62830ff8cdcf6fb4a0d47079af8a83ec6fc4f82b1faa95df517c6a63fd51ca1e5bf8dc0bdce8a353ca804040986c2ab7d62b1f80
2026-10-01 22:19:44.381 [OP] 47C0 inv=FFF1 len=14 #1 17c4f86144ca94f817c0175bfd53
2026-10-01 22:19:44.381 [OP] 47C0 inv=FFEA len=21 #2 51cac73c2831ec8b695f31625f7fd958b1c2305024
2026-10-01 22:19:44.382 [OP] 4613 inv=FF7E len=129 #2 f8602fe7c4202b97b194dc026f4a5b965bcaa9d6df557663de352ecaaa95df510b6fc4f82b7f79aa7f43ec68fadb702f801c64580bdc5b16876c842d43450bdcfa0a1c10aa4064291790104223f31c75df84cf6fb4a06df1c7550758ec6fc4a32bcaaa95644a75f1220253ab8094d9510b8bfaf82b1f7926b35c3828d7e62b1f80
2026-10-01 22:19:44.382 [OP] 47C0 inv=FFF3 len=12 #3 0253ca5f7fd958b1c2305024
2026-10-01 22:19:44.382 [OP] 4613 inv=FFBE len=65 #3 c40a1c10aa4064291790104223f31c75df84cf6fb4a06df1c7550758ec6fc4a32bcaaa95644a75f1220253ab8094d9510b8bfaf82b1f7926b35c3828d7e62b1f80
2026-10-01 22:19:44.382 [OP] 47C0 inv=FFEA len=21 #4 51cac7b2da31ec8b2a729bec3cadd958b1db6e896f
2026-10-01 22:19:44.382 [OP] 47C0 inv=FFF3 len=12 #5 0253ca3cadd958b1db6e896f
2026-10-01 22:19:44.682 [OP] 4105 inv=FFFE len=1 #4 fd
2026-10-01 22:19:44.806 [OP] 4109 inv=FE3F len=448 #5 5e0e392bca801cdd510bdcfaa32b1f809564510be6fa8fdea580ea7fb2755efaf82b1f80a76f510b8bc6a32b1fc75b64510a1ae84b531f809964510bdcfaa32b1f805b645decdcfad82b1f805b64510bdcfaa32bca805b645fc4dcfafdedad805bdf510bdcc4a32bb6aa5b64230bdcfaa32b1f805b64510b6ffaa32bb7ef5b64b2c0e6faa3531f805b28fb7f25c4a32bb3805b64510bdcfaa32b1f809564510b
2026-10-01 22:19:44.895 [OP] 4111 inv=FFFD len=2 #5 5764
2026-10-01 22:19:44.896 [OP] 4112 inv=FFFD len=2 #1 e6c4
2026-10-01 22:19:44.896 [OP] 4112 inv=FFFD len=2 #2 6ac4
2026-10-01 22:19:44.896 [OP] 4106 inv=FFFD len=2 #4 a37c
2026-10-01 22:19:45.285 [OP] 4613 inv=FFBC len=67 #4 ecd48d7a53a5803f8c83eca875233363c795df01a290b45c937026948c1ed06fc4f82b1faa95df51736acffd51ca505b647448dcf4a3531f8040ef555c8aa2fb2b1f80
2026-10-01 22:19:46.163 [OP] 4112 inv=FFFD len=2 #3 dcc4
2026-10-01 22:19:46.164 [OP] 4112 inv=FFFD len=2 #4 52c4
2026-10-01 22:19:47.290 [OP] 4612 inv=FFEF len=16 #1 c464510bb6c2392bb907c4640db252fa
2026-10-01 22:19:47.291 [OP] 4612 inv=FFF3 len=12 #2 90faa32bb907c4640db252fa
2026-10-01 22:19:47.291 [OP] 4612 inv=FFF7 len=8 #3 ca805b640db252fa
2026-10-01 22:19:47.291 [OP] 4211 inv=FFF6 len=9 #1 aa5b64511b3e22a3de
2026-10-01 22:19:47.862 [OUT] 1F51 inv=FFFF len=4 #2 ffff511f
2026-10-01 22:19:47.911 [OP] 4F52 inv=FFFF len=0 #2 
2026-10-01 22:19:49.136 [PIPE] controller connected
2026-10-01 22:19:49.276 [OP] EFFE inv=FFFE len=1 #2 0b
2026-10-01 22:19:50.777 [OP] 472A inv=FE6C len=403 #1 c6d8de1fc17464510bdcfaa32b1f805b64510bdca97a2b1f805b6451d5dcfaa37b9d805b64510bdc5a202b1f805b64514edcfaa32b1f805b70260bdcfaa32b1fde4164510bdcfaa32b1f805b64510bdcfaa32b1f805b64510bdcfaa32b1f805b64510bdcfaa32b1f805b64510bdcfaa32b1f805b64510bdcfaa32b1f805b64510bdcfaa32b1f805b64510bdcbdf82b1f2c5b6451fa6ffaa3ccca805bd3580bdc
2026-10-01 22:19:50.877 [OP] 42CE inv=FFFB len=4 #1 c87f510b
2026-10-01 22:19:50.877 [OP] 4211 inv=FFF6 len=9 #2 aa5b6451af3e22a34a
2026-10-01 22:19:50.877 [OP] 4211 inv=FFF6 len=9 #3 aa5b64515ca722a34a
2026-10-01 22:19:50.877 [OP] 4211 inv=FFF6 len=9 #4 aa5b6451cd3e22a34a
2026-10-01 22:19:50.877 [OP] 4211 inv=FFF6 len=9 #5 aa5b645134a722a34a
2026-10-01 22:19:55.936 [PIPE] controller disconnected
2026-10-01 22:19:56.898 [OP] 4100 inv=FFF9 len=6 #1 98aaf5266fec
2026-10-01 22:19:56.986 [OP] 4101 inv=FC6D len=914 #1 215dad805b64510bdcfaa32bc8d97b81510bdcfaa32b1f805b64510bdcfaa32b1f805b64510bdcfa87429d4e5b6491b1dcfaa32b1f804c26510bdcfaa32b1f805b64510bdcfa4d5dad80c464510b8bfaa32b55925b646f92dcfae4181f803293510b155a4e78c8d97b81a552155af52b1f807b81a5526f30c2d41e5f3c93191edcfaa32b1f805b6451a0c6faa32b1f805b4d310bdcfaa32b1f805b64510bdcfa
2026-10-01 22:19:57.054 [OUT] 1F51 inv=FFFF len=4 #3 ffff511f
2026-10-01 22:19:57.102 [OP] 4F52 inv=FFFF len=0 #3 
2026-10-01 22:19:57.977 [OUT] 1001 inv=FFF9 len=10 #1 f9ff01101f805b64510b
2026-10-01 22:19:58.135 [OP] 4108 inv=FFE3 len=28 #1 c787c464510bdcfa21531f80d8f8510bce4051421f805b64510bdcfa
2026-10-01 22:19:58.238 [OP] 4108 inv=FFE3 len=28 #2 c787c464510bdcfa4d531f80d8f8510bce4051ed1f805b64510bdcfa
2026-10-01 22:19:58.238 [OP] 4108 inv=FFF3 len=12 #3 5e0e392b1f805b64510bdcfa
2026-10-01 22:19:58.238 [OP] 4108 inv=FFF3 len=12 #4 5e0e392b1f805b64580bdcfa
2026-10-01 22:19:58.238 [OP] 4108 inv=FFF3 len=12 #5 5e0e392b1f805b640e0bdcfa
2026-10-01 22:20:00.322 [OP] 4105 inv=FFFE len=1 #5 c0
2026-10-01 22:20:00.426 [OP] 4106 inv=FFFC len=3 #5 b1fdcb
2026-10-01 22:20:00.717 [OP] 4112 inv=FFFD len=2 #5 dcc4
2026-10-01 22:20:01.368 [PIPE] controller connected
2026-10-01 22:20:02.819 [OP] 46FE inv=FFFF len=0 #1 
2026-10-01 22:20:07.114 [OUT] 1F51 inv=FFFF len=4 #4 ffff511f
2026-10-01 22:20:07.167 [OP] 4F52 inv=FFFF len=0 #4 
2026-10-01 22:20:08.853 [OP] 4612 inv=FFF7 len=8 #4 ca805b64e38052fa
2026-10-01 22:20:08.853 [OP] 4613 inv=FFBC len=67 #5 ec928d7a53a580e8c80eecda60237fbd7995df01a2900a29247026948c1ed06fc4f82b1faa95df51206a63fd51ca2a5b64510bdcf4a3531f8040ef555c8aa2512b1f80
2026-10-01 22:20:09.308 [OP] EFFE inv=FFFE len=1 #3 0b
2026-10-01 22:20:09.785 [OUT] 1004 inv=FFF3 len=16 #2 f3ff0410580c66535980ba64510bdcfa
2026-10-01 22:20:09.854 [OP] 4612 inv=FFF7 len=8 #5 ca805b64408052fa
2026-10-01 22:20:09.854 [OP] 4110 inv=FFFD len=2 #2 bc2b
2026-10-01 22:20:17.184 [OUT] 1F51 inv=FFFF len=4 #5 ffff511f
2026-10-01 22:20:17.233 [OP] 4F52 inv=FFFF len=0 #5 
2026-10-01 22:20:18.807 [OP] 472A inv=FE76 len=393 #2 c6d8de1f9ca164510bdcfaa32b1f805b64510bdc1a4d2b1f805b6451d5dcfaa34ead805b64510bdc5a202b1f805b64514edcfaa32b1f805b70260bdcfaa32b1fde4164510bdcfaa32b1f805b64510bdcfaa32b1f805b64510bdcfaa32b1f805b64510bdcfaa32b1f805b64510bdcfaa32b1f805b64510bdcfaa32b1f805b64510bdcfaa32b1f805b64510bdcbdf82b1fc3956451fa6ffaa3731f805b5c510bdc
2026-10-01 22:20:18.907 [OP] 42CE inv=FFFB len=4 #2 c87f510b
2026-10-01 22:20:19.315 [OP] EFFE inv=FFFE len=1 #4 0b
2026-10-01 22:20:21.923 [OP] 4100 inv=FFF9 len=6 #2 98aa84f8677f
2026-10-01 22:20:22.015 [OP] 4101 inv=FC6D len=914 #2 215dad805b64510bdcfaa32bc8d97b81510bdcfaa32b1f805b64510bdcfaa32b1f805b64510bdcfa87429d4e5b6491b1dcfaa32b1f804c26510bdcfaa32b1f805b64510bdcfa4d5dad80c464510b8bfaa32b55925b646f92dcfae4181f803293510b155a4e78c8d97b81a552155af52b1f807b81a5526f30c2d41e5f3c93191edcfaa32b1f805b6451a0c6faa32b1f805b4d310bdcfaa32b1f805b64510bdcfa
2026-10-01 22:20:22.994 [OUT] 1001 inv=FFF9 len=10 #2 f9ff01101f805b64510b
2026-10-01 22:20:32.699 [OUT] 1004 inv=FFF3 len=16 #3 f3ff0410580c66535980ba64510bdcfa
2026-10-01 22:20:32.799 [OP] 4110 inv=FFFD len=2 #3 bc2b
2026-10-01 22:20:33.077 [OP] 46FE inv=FFFF len=0 #2 
2026-10-01 22:20:39.342 [OP] EFFE inv=FFFE len=1 #5 0b
2026-10-01 22:20:42.821 [OP] 472A inv=FE6C len=403 #3 c6d8de1fa5a164510bdcfaa32b1f805b64510bdc134d2b1f805b6451d5dcfaa3d3ad805b64510bdc5a202b1f805b64514edcfaa32b1f805b70260bdcfaa32b1fde4164510bdcfaa32b1f805b64510bdcfaa32b1f805b64510bdcfaa32b1f805b64510bdcfaa32b1f805b64510bdcfaa32b1f805b64510bdcfaa32b1f805b64510bdcfaa32b1f805b64510bdcbdf82b1f2c5b6451fa6ffaa391ca805bc7580bdc
2026-10-01 22:20:42.822 [OP] 42CE inv=FFFB len=4 #3 c87f510b
2026-10-01 22:20:48.934 [OP] 4100 inv=FFF9 len=6 #3 98aa6b268cec
2026-10-01 22:20:49.111 [OP] 4101 inv=FC35 len=970 #3 57ecfc0bdcfaa32b1f805b64a552155aa32b1f805b64510bdcfaa32b1f805b64510bdcfaa32b1f802337b2b2dcfad74a1f805b64510bbdf4a32b1f805b64510bdcfaa32b1f80a1ecfc0b52faa32b9d805b64a0ffdcfa18f21f80c6fc510b26b3a32bc8d97b81a552155a4e78c8d93164510b155a4e78caa0ed3572a407b3854d1f805b64510bdcfaa33084805b64510bdca1b72b1f805b64510bdcfaa32b1f80
2026-10-01 22:20:49.990 [OUT] 1001 inv=FFF9 len=10 #3 f9ff01101f805b64510b
2026-10-01 22:20:59.378 [OUT] 1004 inv=FFF3 len=16 #4 f3ff0410580c66535980ba64510bdcfa
2026-10-01 22:20:59.646 [OP] 4110 inv=FFFD len=2 #4 bc93
2026-10-01 22:21:02.626 [OP] 472A inv=FE6C len=403 #4 c6d8de1fe17a64510bdcfaa32b1f805b64510bdc34d82b1f805b6451d5dcfaa366ad805b64510bdc5a202b1f805b64514edcfaa32b1f805b70260bdcfaa32b1fde4164510bdcfaa32b1f805b64510bdcfaa32b1f805b64510bdcfaa32b1f805b64510bdcfaa32b1f805b64510bdcfaa32b1f805b64510bdcfaa32b1f805b64510bdcfaa32b1f805b64510bdc7af82b1f2c5b6451fa6ffaa391ca805b5c510bdc
2026-10-01 22:21:02.718 [OP] 42CE inv=FFFB len=4 #4 c87f510b
2026-10-01 22:21:03.389 [OP] 46FE inv=FFFF len=0 #3 
2026-10-01 22:21:06.739 [OP] 4100 inv=FFF9 len=6 #4 98aaec08587f
2026-10-01 22:21:06.830 [OP] 4101 inv=FC35 len=970 #4 57ecfc0bdcfaa32b1f805b64a552155aa32b1f805b64510bdcfaa32b1f805b64510bdcfaa32b1f802337b2b2dcfad74a1f805b64510bbdf4a32b1f805b64510bdcfaa32b1f80a1ecfc0b52faa32b9d805b64a0ffdcfa18f21f80c6fc510b26b3a32bc8d97b81a552155a4e78c8d93164510b155a4e78caa0ed3572a407b3854d1f805b64510bdcfaa33084805b64510bdca1b72b1f805b64510bdcfaa32b1f80
2026-10-01 22:21:07.799 [OUT] 1001 inv=FFF9 len=10 #4 f9ff01101f805b64510b
2026-10-01 22:21:17.792 [OUT] 1004 inv=FFF3 len=16 #5 f3ff0410580c66535980ba64510bdcfa
2026-10-01 22:21:17.904 [OP] 4110 inv=FFFD len=2 #5 bc2b
2026-10-01 22:21:27.899 [OP] 472A inv=FE76 len=393 #5 c6d8de1f149b64510bdcfaa32b1f805b64510bdce1d92b1f805b6451d5dcfaa3c2ad805b64510bdc5a202b1f805b64514edcfaa32b1f805b70260bdcfaa32b1fde4164510bdcfaa32b1f805b64510bdcfaa32b1f805b64510bdcfaa32b1f805b64510bdcfaa32b1f805b64510bdcfaa32b1f805b64510bdcfaa32b1f805b64510bdcfaa32b1f805b64510bdcbdf82b1fc3956451fa6ffaa3731f805bc7580bdc
2026-10-01 22:21:27.990 [OP] 42CE inv=FFFB len=4 #5 c87f510b
2026-10-01 22:21:33.592 [OP] 46FE inv=FFFF len=0 #4 
2026-10-01 22:21:34.000 [OP] 4100 inv=FFF9 len=6 #5 98aaea6f88ec
2026-10-01 22:21:34.088 [OP] 4101 inv=FBC5 len=1082 #5 215dad805b64510bdcfaa32bc8d97b81510bdcfaa32b1f805b64510bdcfaa32b1f805b64510bdcfa87429dca5b6491b1dcfaa32b1f804c26510bdcfaa32b1f805b64510bdcfa4d5dad80c464510b8bfaa32b55925b646f92dcfae4181f803293510b155a4e78c8d97b81a552155af52b1f807b81a5526f30c2d41e5f3c93191edcfaa32b1f805b6451a0c6faa32b1f805b4d310bdcfaa32b1f805b64510bdcfa
2026-10-01 22:21:35.073 [OUT] 1001 inv=FFF9 len=10 #5 f9ff01101f805b64510b
2026-10-01 22:22:03.795 [OP] 46FE inv=FFFF len=0 #5 
2026-10-01 22:22:27.805 [SYS] #FFF692#恭喜#FF8CF8#假面骑士V3#FFF692#在#00C8F8#结晶宝箱#FFF692#中获得了#64FF7D#羽翼结晶
2026-10-01 22:22:45.511 [PIPE] controller disconnected
2026-10-01 22:22:53.105 [PIPE] controller connected
2026-10-01 22:23:51.906 [OP] 4031 inv=FFDC len=35 #1 455b615108dcfaa3531fe9022e98c810387599970e2d6451839fdd59c0c3e941876f0b
2026-10-01 22:24:20.190 [OP] 4031 inv=FF5C len=163 #2 39510cdc22a32b1faa5b5003b3a22d1d88ab6a30051648b0c54f67e87106671df42db834677c499871136a78ec4f67e88f138787e92a934f67c31663b97fb353001618b0a4a9e9744c6828349aa250a2d8899e38d5a8671213a96706a4b1ec34679694f3b3e1a6b6ccc29b40f32cce4d87f0775131a2b1f389f9140fb35120bb4c848980ef6e165119aeeb837bc06919740e23d0e4346451e49cfc58f33ee554
2026-10-01 22:25:55.403 [CAP] capture ON (pid 3652)
2026-10-01 22:26:55.451 [CAP] capture OFF frames=590
2026-10-01 22:27:00.178 [SYS] #00FFFF#国庆焰火晚会开始了，冒险者可到旗台处参与燃放烟花，幸运者还可能得到稀有奖励喔！装饰国旗以及燃放烟花将在#00FF00#3#00FFFF#分钟后关闭，请冒险者抓紧时间喔！#FFFFFF#
2026-10-01 22:27:32.590 [OP] 4210 inv=FFF3 len=12 #1 660bdcfa7d2b1f80c6ecfc0b
2026-10-01 22:28:35.068 [CAP] capture ON (pid 3652)
2026-10-01 22:28:45.318 [OUT] 1005 inv=FFEF len=20 #1 efff0510a498f8535fd15cdf0b0bdbfaa32b1f80
2026-10-01 22:29:16.257 [OP] F005 inv=FFE7 len=24 #1 ed3572a407b3854d1f805b64510bdcfaa3ce1f808a80280c
2026-10-01 22:29:16.384 [OP] F005 inv=FFE7 len=24 #2 ed3572a407b3854d1f805b64510bdcfaa3ce1f808a80280c
2026-10-01 22:30:00.176 [SYS] #00FFFF#国庆节特别活动“红旗飘飘贺国庆”以及国庆焰火晚会到此结束，谢谢各位冒险者的热情参与，祝所有冒险者国庆快乐！#FFFFFF#
2026-10-01 22:32:16.651 [OP] F005 inv=FFE7 len=24 #3 ed3572a407b3854d1f805b64510bdcfaa3de1f808a80280c
2026-10-01 22:32:16.745 [OP] F005 inv=FFE7 len=24 #4 ed3572a407b3854d1f805b64510bdcfaa3de1f808a80280c
2026-10-01 22:33:33.942 [OP] 4031 inv=FFE1 len=30 #3 52fa4d2b1f805b64580b71faa3a87168fafb065ab080c2b39568fa06e20b
2026-10-01 22:34:46.746 [OP] 4210 inv=FFF3 len=12 #2 660bdcfac32b1f80a1ecfc0b
2026-10-01 22:35:41.094 [QUESTION] {"type":"question","sock":2316,"qno":9,"field_a":75,"stem":".丝绸摩擦过的玻璃棒带哪种电?","options":["1、闪电侠","2、静电","3、闪电箭","4、闪电风暴"]}
2026-10-01 22:35:42.099 [UI] auto dump on question qno=9
2026-10-01 22:35:42.100 [UI] ---- window dump begin (pid 3652) ----
2026-10-01 22:35:42.127 [UI] TOP=00050704 vis=1 cls=ATL:012FF210 rc=(887,95,1927,902) title=什么什么大冒险2(①逍遥村敬老院)-自由二号_Sep 24 2026《什么什么大冒险》制作委员会QQ群:515616289
2026-10-01 22:35:42.129 [UI] TOP=0034077C vis=0 cls=DIEmWin rc=(-1,-1,135,38) title=DIEmWin
2026-10-01 22:35:42.135 [UI] TOP=000B0354 vis=0 cls=MSCTFIME UI rc=(0,0,0,0) title=MSCTFIME UI
2026-10-01 22:35:42.155 [UI] TOP=00270076 vis=0 cls=IME rc=(0,0,0,0) title=Default IME
2026-10-01 22:35:42.155 [UI] TOP=000E0730 vis=0 cls=IME rc=(0,0,0,0) title=Default IME
2026-10-01 22:35:42.155 [UI] ---- window dump end ----
2026-10-01 22:35:46.316 [SEND-ANSWER] qno=9 opt=1 ret=13 sock=2316
2026-10-01 22:35:46.364 [SYS] 测试通过！
2026-10-01 22:35:46.462 [SYS] 获得了#00FF00#100#FFF692#金币
2026-10-01 22:35:46.462 [CURRENCY] a=201744 b=329884
2026-10-01 22:35:48.119 [UI] auto-closing quiz frame: qno=9 opt=1
2026-10-01 22:35:48.126 [UI] option 1 control NOT found — falling back to digit key
2026-10-01 22:35:49.079 [OP] F005 inv=FFE7 len=24 #5 ed3572a4e10f854d1f805b64510bdcfaa3cecc12ddee4dd0
2026-10-01 22:35:49.284 [OUT] 1F04 inv=FFF6 len=13 #1 f6ff041fce1f805bf1510bdcc4
2026-10-01 22:36:06.911 [CAP] capture OFF frames=4476
2026-10-01 22:36:07.912 [CAP] capture ON (pid 3652)
2026-10-01 22:36:50.648 [CAP] capture ON (pid 3652)
2026-10-01 22:39:20.408 [OP] 4210 inv=FFF3 len=12 #3 660bdcfad82b1f80baecfc0b
2026-10-01 22:40:56.541 [OP] 4031 inv=FFDF len=32 #4 3b0b66faa32b1f8095645210710b51e29f18f4645134ad0303eb4b4c9333f60b
2026-10-01 22:41:20.795 [OP] 4033 inv=FFE4 len=27 #1 e0a3c41f805b6451ecdc195412f5805b01936cea032bebc34c0f64
2026-10-01 22:41:51.769 [OP] 4033 inv=FFE4 len=27 #2 e0a3c41f805b6451ecdcd9741976805b01936cea032bebc34c0f64
2026-10-01 22:42:05.679 [SYS] 获得了#00FF00#1#FFF692#个#64FF7D#黄玉葫芦
2026-10-01 22:42:05.779 [OP] 4020 inv=FFE7 len=24 #1 7b8052fa672bca8094cdfc0bcea7a32bca809564c50b52fa
2026-10-01 22:42:05.792 [OUT] 0045 inv=FFF7 len=12 #1 f7ff4500510bdcfae72b1f80
2026-10-01 22:42:05.885 [OP] 4025 inv=FFF5 len=10 #1 e7533832c4df51ece2fa
2026-10-01 22:42:30.262 [OUT] 1005 inv=FFEF len=20 #2 efff0510a498f8535fd15cdf0b0bdbfaa32b1f80
2026-10-01 22:46:50.896 [CAP] capture OFF frames=5760
2026-10-01 22:47:44.950 [OP] 4031 inv=FF5C len=163 #5 39510cdc22a32b1faa5b5003b3a22d1d88ab6a30051648b0c54f67e87106671df42db834677c499871136a78ec4f67e88f138787e92a934f67c31663b97fb353001618b0a4a9e9744c6828349aa250a2d8899e38d5a8671213a96706a4b1ec34679694f3b3e1a6b6ccc29b40f32cce4d87f0775131a2b1f389f9140fb35120bb4c848980ef6e165119aeeb837bc06919740e23d0e4346451e49cfc58f33ee554
2026-10-01 22:55:38.411 [SYS] 获得了#00FF00#1#FFF692#个#64FF7D#黄玉葫芦
2026-10-01 22:55:38.411 [OP] 4020 inv=FFE7 len=24 #2 7b8052fa672bca8094cdfc0bcea7a32bca809564c50b8bfa
2026-10-01 22:55:38.421 [OUT] 0045 inv=FFF7 len=12 #2 f7ff4500510bdcfae72b1f80
2026-10-01 22:55:38.495 [OP] 4025 inv=FFF5 len=10 #2 e7533832c4df51ece2fa
2026-10-01 22:56:02.231 [OP] 40E6 inv=FFF3 len=12 #1 215dad80337f510bdcfaa32b
2026-10-01 22:56:02.231 [OP] 40E0 inv=FED1 len=302 #1 7b8052fa39241f805b64510b5ffaa32b1f805b64fc75dcfaa32b1f800f64510bdcfaa32b04ac5b64230bdcfa392b1f803664510b52faa32bad805b64a60bdcfa392b1f808b64510b52faa32bad805b64f8d0dcfad9531f809564510b2dfaa32b48aa5b64580bdcfa202b1f80dc64510b8ffaa32b1f805b64510bdcfaa32b1f805b64510bdcfaa32b1f805b64430bdcfaa32b1f805b64510bdcfaa32b1f805b64
2026-10-01 22:56:02.231 [OP] 40E3 inv=FFCB len=52 #1 5e0e392b8ace5b64370b6afa812b62801264830beefa462b128040646c0be6fa6c2ba5802464fc0b03faf82bae80c464250b52fa
2026-10-01 22:56:02.231 [OP] 40E2 inv=FFF3 len=12 #1 57ecfc0b6ffa562b45809564
2026-10-01 22:56:02.232 [OP] 4233 inv=FFFA len=5 #1 777a7f510b
2026-10-01 22:56:02.232 [OP] 40F6 inv=FFEF len=16 #1 215dad807fdf510bdcfaa32b1f80c364
2026-10-01 22:56:02.232 [OP] 4232 inv=FF60 len=159 #1 b023d0dce0a32b1f4f5b645127dcfaa3de1f805b6f510bdc1c462b1f805b64510bdcfaa32b1f805b64510bdcfaa32b1f805b64510bdcfaa37d9d805b64510bdc99f82b1f805b64516d8bfaa32b1f805b23580bdcfaa32b1fae7a64516f52faa31f59805bc9510bdc25a32b1fef5b6451c4dcfaa314ad805b84510bdca2a32b1f315b64510bdcfaa32cd672eca2d661e2b05b931f805b64510bdcfaa32b1f80
2026-10-01 22:56:02.250 [OUT] 0185 inv=FFF7 len=12 #1 f7ff8501dcfaa32bc8d97b81
2026-10-01 22:56:02.302 [OP] 4210 inv=FFF3 len=12 #4 660bdcfa402b1f8057ecfc0b
2026-10-01 23:02:14.368 [SYS] #FFF692#恭喜#FF8CF8#多人运动罗志祥zZ#FFF692#打造出#64FF7D#+10#FFF692#装备
2026-10-01 23:03:27.069 [PIPE] controller disconnected
2026-10-01 23:03:34.636 [PIPE] controller connected
2026-10-01 23:03:53.842 [INIT] dll unloaded
