2026-10-02 23:23:41.915 [INIT] dll loaded, pid=25840
2026-10-02 23:23:41.917 [INIT] codec loaded OK
2026-10-02 23:23:41.917 [INIT] iat hooks: recv=1 send=1 WSASend=1 connect=1 closesocket=1
2026-10-02 23:23:43.307 [PIPE] controller connected
2026-10-02 23:24:03.887 [CONNECT] main sock 2412 -> 8484
2026-10-02 23:24:03.938 [OUT] 0FFF inv=FBC6 len=260 #1 c6fbff0f61975ee409edcd1f805b64510bdcfaa32ba5805b64fb0bdcfaa32b1f80d83c62badcfaa32b1f805b64510bdcfa212b1f802264510bdcfaa32becfd866e510bdcfaa32b1f805b64510b5efaa32bd5805b64510bdcfa2a306ea3f779e3fcdcfaa32b1f805b64510bdcfaa32b1f805b64510bdcfaa32b1f805b64510bdcfaa32b1f805b04ab8a719397afb0285bd8510bdcfaa3bb1f805ba9510bdcf1493c69a4a5ef79db7acced2b18b15b64510bdc57b18484b69564510bdcfaa32b1f805bf7ed79a5ce087769b987497930424eed67f9e35c6af360dc53770f5abc1e10510bdcfaa32b1f805b640b0bdcfa5f2b1f805b64510bfcafe8ff1f805b64510bdcfaa3
2026-10-02 23:24:04.205 [OP] 4002 inv=FF8B len=116 #1 95042650d728c3cd58d4294f85da40ec76714a41a01be3a0e2938d0b8541da89aba0acb08b3bad80c464510bdcfaa32bd13b5b646244dcfa83931f80807a510b155a4e78c8d97b81510bdcfada2b1f809564510ba7faa32b98aa5b645894dcfadb02074c724ed410dcfaa32b1f805b64510bdcfa
2026-10-02 23:24:05.685 [OUT] 0004 inv=FDD2 len=260 #1 d2fd04000cdcfaa3355ad665c4180bdcfaa32b1f805b6451d5dcfaa3321f805b64510bdc55367001805b64510bdcfaa32b1f805bb0510bdc84a32b1f805b6451efc810d22b1f805b64510bdcfaa32b1f775b645182dcfaa32b1f805b34ac9d73faa32b1f805b64510bdcfaa3671f805bb5510bdcfaa32b1f7dcdadfc9f1d3c395151c4c464510bdcfaa32b1f43fc4d18f468c58175c65b9f34abfc1154bfdb4572f74b426711de51714553ec64510bdcfaa32b1f805b64510bdcfaa32b1f805b64510bdcfaa32b1f805b64510bdcfaa32b1f805b64510bdcfaa32b1f805b64510bdcfaa32b1f805b64510bdcfaa32b1f805b64510bdcfaa32b1f805b64510bdcfaa32b1f
2026-10-02 23:24:05.755 [OP] 4014 inv=FFEA len=21 #1 0cca805bcd510bdc5fd56b2931354e0e1a81d6db2b
2026-10-02 23:24:05.756 [CLOSE] main sock 2412 closed
2026-10-02 23:24:05.818 [OUT] F001 inv=FE5F len=260 #1 5ffe01f003caa32b7207c464bc595ab12b219f805b64510bdcfaa32b1fbcf2c197ddd3faa32b1f805b64510bdcfaa32b1f805b64510bdcfaa32b1f805b64510bdcfaa32b1f805b64510bdcfaa32b1f805b64510bdcfaa32b1f805b64510bdcfaa32b1f805b64510bdcfaa32b1f805b64510bdcfaa32b1f805b64510bdcfaa32b1f805b64510bdcfaa32b1f805b64510bdcfaa32b1f805b64510bdcfaa32bc6e3b110909468debf378528fc0418f5e93a8a30d650214fdcf5110b133045725b64510bdcfaa32b1f805b64510bdcfaa32b1f805b64510bdcfaa32b1f805b64510bdcfaa32b1f805b64510bdcfaa32b1f805b64510bdcfaa32b1f805b64510bdcfaa32b1f80
2026-10-02 23:24:05.944 [OP] E001 inv=FFAF len=80 #1 580be8a3a32b1f80b77cb9b3ebffc88a0c5c5a4da476a3a1c95ee6c51d4d2439242070384597fb57d5b3bf5f24463e3bd83dbc595ab12b219f6016897110e95497cd4a215b64d6666ffaa32b1f805b64
2026-10-02 23:24:06.029 [OP] E062 inv=FFCD len=50 #1 9564510bbafa7f3b6c1d985c5579b6947349b2274cf9bc85b1032b25a8ed96784c181874c2d4d0f1d73f332b0b7873baa880
2026-10-02 23:24:06.029 [OP] E062 inv=FFDB len=36 #2 90faa32bee80eecd052a78b83467e8a4f369c5ce4dd0cb56fef33ab76de3b664c159bf80
2026-10-02 23:24:06.029 [OP] E062 inv=FFD6 len=41 #3 ce5b64516edcc0b44bd3a4302774b37803306ed87c542e911708d8c1c6127e0648f7caa14edf3c9780
2026-10-02 23:24:06.029 [OP] E062 inv=FFBD len=66 #4 8bfaa32b2180eecd052a78b83467e8a4f369c56648a6e72307f33ab76d5c192bceebd9b1e97b6f2e14b753eb4b4c723354115f2b04230737be87299ce0ac5c311c80
2026-10-02 23:24:06.029 [OP] E062 inv=FFD2 len=45 #5 aea32b1ffc5b3eaf205bb83467e8a43005939c08e9a1339602fe15472a7ccbe7c0c371aa87299ce0ccce36a780
2026-10-02 23:24:06.479 [OUT] F041 inv=FFE7 len=28 #1 e7ff41f026b35c3828d7512b1f805b64510bdcfaa32b1f805b64510b
2026-10-02 23:24:06.479 [OUT] F003 inv=FFF7 len=12 #1 f7ff03f010dc5d648c3a39d3
2026-10-02 23:24:06.522 [OP] E014 inv=FF97 len=104 #1 088880344ba7f464510bdcfaa32b1f805b64510b2d8a4bbb4f55cf64b3e564fa0f2b1f805b64510bdcfaa32b1f805b64510bdcfaa32b1f805b64510bdcfaa32b1f805b64510bdcfaa32b1f805b64510bdcfaa32b1f805b64510bdcfaa32b1f805b64b75f388a4bbb
2026-10-02 23:24:06.562 [OP] E004 inv=FD05 len=762 #1 7c0ba1914133409e335513f2dcfaa32b1f805b7ffd0be6faa32b1f805b64580bdcfaa32b1f805b64510b696479020e0f840a2913dcfaa32b1f805b26fdecc4faa32b1f805b64580bdcfaa32b1f805b64510be4ea9330b118f464510bdcfaa32b1f805b6451ec3bfaa32b1f805b647ffd52faa32b1f805b64510b62e250491f805b64510bdcfaa32b1f805b6451ecdcfaa32b1f805b64415f52faa32b1f805b64
2026-10-02 23:24:17.030 [OP] EFFE inv=FFFE len=1 #1 0b
2026-10-02 23:24:27.043 [OP] EFFE inv=FFFE len=1 #2 0b
2026-10-02 23:24:37.762 [CLOSE] main sock 2704 closed
2026-10-02 23:39:30.463 [CONNECT] main sock 2420 -> 8484
2026-10-02 23:39:30.511 [OUT] 0FFF inv=FBC6 len=260 #2 c6fbff0f61975ee409edcd1f805b64510bdcfaa32ba5805b64fb0bdcfaa32b1f80575f6bb4dcfaa32b1f805b64510bdcfa212b1f802264510bdcfaa32b6fdd7003510bdcfaa32b1f805b64510b5efaa32bd5805b64510bdcfa2a306ea3f779e3fcdcfaa32b1f805b64510bdcfaa32b1f805b64510bdcfaa32b1f805b64510bdcfaa32b1f805b04ab8a719397afb0285bd8510bdcfaa3bb1f805ba9510bdcf1493c69a4a5ef79db7acced2b18b15b64510bdc1046e484b69564510bdcfaa32b1f805bf7ed79a5ce087769b987497930424eed67f9e35c9635edc653770f5abc1e10510bdcfaa32b1f805b640b0bdcfa5f2b1f805b64510b5e8efe901f805b64510bdcfaa3
2026-10-02 23:39:30.795 [OP] 4002 inv=FF8B len=116 #2 9556fa0cd728c3cd58d4294f85da40ec76714a41a01be3a0e2938d0b8541da89aba0acb08b3bad80c464510bdcfaa32bd13b5b646244dcfa83931f80807a510b155a4e78c8d97b81510bdcfada2b1f809564510ba7faa32b98aa5b645894dcfadb02074c724ed410dcfaa32b1f805b64510bdcfa
2026-10-02 23:39:31.782 [OUT] 0004 inv=FDD2 len=260 #2 d2fd04000cdcfaa3355ad665c4180bdcfaa32b1f805b6451d5dcfaa3321f805b64510bdc55367001805b64510bdcfaa32b1f805bb0510bdc84a32b1f805b6451efc810d22b1f805b64510bdcfaa32b1f775b645182dcfaa32b1f805b34ac9d73faa32b1f805b64510bdcfaa3671f805bb5510bdcfaa32b1f7dcdadfc9f1d3c395151c4c464510bdcfaa32b1f43fc4d18f468c58175c65b9f34abfc1154bfdb4572f74b426711de51714553ec64510bdcfaa32b1f805b64510bdcfaa32b1f805b64510bdcfaa32b1f805b64510bdcfaa32b1f805b64510bdcfaa32b1f805b64510bdcfaa32b1f805b64510bdcfaa32b1f805b64510bdcfaa32b1f805b64510bdcfaa32b1f
2026-10-02 23:39:31.847 [OP] 4014 inv=FFEA len=21 #2 0cca805bcd510bdc2d2cff29d7354e0eb9ed94db2b
2026-10-02 23:39:31.847 [CLOSE] main sock 2420 closed
2026-10-02 23:39:31.902 [OUT] F001 inv=FE5F len=260 #2 5ffe01f003caa32b7207c464bc595ab12b219f805b64510bdcfaa32b1fbcf2c197ddd3faa32b1f805b64510bdcfaa32b1f805b64510bdcfaa32b1f805b64510bdcfaa32b1f805b64510bdcfaa32b1f805b64510bdcfaa32b1f805b64510bdcfaa32b1f805b64510bdcfaa32b1f805b64510bdcfaa32b1f805b64510bdcfaa32b1f805b64510bdcfaa32b1f805b64510bdcfaa32b1f805b64510bdcfaa32bc6e3b110909468debf378528fc0418f5e93a8a30d650214fdcf5110b133045725b64510bdcfaa32b1f805b64510bdcfaa32b1f805b64510bdcfaa32b1f805b64510bdcfaa32b1f805b64510bdcfaa32b1f805b64510bdcfaa32b1f805b64510bdcfaa32b1f80
2026-10-02 23:39:32.061 [CLOSE] main sock 2660 closed
2026-10-02 23:39:32.106 [OUT] F001 inv=FE5F len=260 #3 5ffe01f003caa32b7207c464bc595ab12b219f805b64510bdcfaa32b1fbcf2c197ddd3faa32b1f805b64510bdcfaa32b1f805b64510bdcfaa32b1f805b64510bdcfaa32b1f805b64510bdcfaa32b1f805b64510bdcfaa32b1f805b64510bdcfaa32b1f805b64510bdcfaa32b1f805b64510bdcfaa32b1f805b64510bdcfaa32b1f805b64510bdcfaa32b1f805b64510bdcfaa32b1f805b64510bdcfaa32bc6e3b110909468debf378528fc0418f5e93a8a30d650214fdcf5110b133045725b64510bdcfaa32b1f805b64510bdcfaa32b1f805b64510bdcfaa32b1f805b64510bdcfaa32b1f805b64510bdcfaa32b1f805b64510bdcfaa32b1f805b64510bdcfaa32b1f80
2026-10-02 23:39:32.220 [OP] E001 inv=FFAF len=80 #2 580be8a3a32b1f80b77cb9b3ebffc88a0c5c5a4da476a3a1c95ee6c51d4d2439242070384597fb57d5b3bf5f24463e3bd83dbc595ab12b219f6016897110e95497cd4a215b64d6666ffaa32b1f805b64
2026-10-02 23:39:32.229 [OUT] F041 inv=FFE7 len=28 #2 e7ff41f026b35c3828d7512b1f805b64510bdcfaa3cba4b6d9fd3c0b
2026-10-02 23:39:32.229 [OUT] F003 inv=FFF7 len=12 #2 f7ff03f010dc5d648c6a86d3
2026-10-02 23:39:32.312 [OP] E014 inv=FF97 len=104 #2 088880344ba7f464510bdcfaa32b1f805b64510b5e01c2bb4f55cf64b3e564fa022b1f805b64510bdcfaa32b1f805b64510bdcfaa32b1f805b64510bdcfaa32b1f805b64510bdcfaa32b1f805b64510bdcfaa32b1f805b64510bdcfaa32b1f805b64925f0301c2bb
2026-10-02 23:39:32.352 [OP] E004 inv=FD05 len=762 #2 7c0ba1914133409e335513f2dcfaa32b1f805b7ffd0be6faa32b1f805b64580bdcfaa32b1f805b64510b696479020e0f840a2913dcfaa32b1f805b26fdecc4faa32b1f805b64580bdcfaa32b1f805b64510be4ea9330b118f464510bdcfaa32b1f805b6451ec3bfaa32b1f805b647ffd52faa32b1f805b64510b62e250491f805b64510bdcfaa32b1f805b6451ecdcfaa32b1f805b64415f52faa32b1f805b64
2026-10-02 23:39:32.352 [OP] F005 inv=FFE7 len=24 #1 26b35c3828d7512b1f805b64510bdcfaa3de488c64853492
2026-10-02 23:39:32.446 [OP] F005 inv=FFE7 len=24 #2 26b35c3828d7512b1f805b64510bdcfaa3ceebefddee74d0
2026-10-02 23:39:43.227 [OP] EFFE inv=FFFE len=1 #3 0b
2026-10-02 23:39:53.243 [OP] EFFE inv=FFFE len=1 #4 0b
2026-10-02 23:40:03.264 [CLOSE] main sock 2768 closed
2026-10-02 23:40:49.246 [INIT] dll unloaded
