2026-10-03 00:53:48.438 [INIT] dll loaded, pid=29012
2026-10-03 00:53:48.438 [INIT] codec loaded OK
2026-10-03 00:53:48.438 [INIT] iat hooks: recv=1 send=1 WSASend=1 connect=1 closesocket=1 WSAEventSelect=1
2026-10-03 00:53:48.643 [PIPE] controller connected
2026-10-03 00:53:48.830 [EVENT] sock=2500 hEvent=00000994 events=0x0
2026-10-03 00:53:48.830 [EVENT] sock=2500 hEvent=00000994 events=0x21
2026-10-03 00:53:48.880 [OP] 4F52 inv=FFFF len=0 #1 
2026-10-03 00:53:50.590 [OP] 4109 inv=FDDB len=548 #1 7c8052faf82b34075b6f510bdcfaa32bca805b640b0b0022202bf7ce1c537c156ffaa32bb7ef5b64b26d6ffaa3931f805b7a8375afc4a32b53805b64510bdcfaa32b1f80d1df510b3efaa32b1f805b64510bdcfaf82b1f80a76f510b8bbadb2b1faa5b64510bdcfa71531f803164510bdcfaa32b1f805b64580bdcfab6ce1f801c32fc0bdcc4a32b1f3f987f5decdcfad82b1f805b64510bdcfaa32bca805b64
2026-10-03 00:53:50.692 [OP] 4104 inv=FFFB len=4 #1 3cae1fce
2026-10-03 00:53:50.692 [OP] 4104 inv=FFFB len=4 #2 3cae1faa
2026-10-03 00:53:50.692 [OP] 4111 inv=FFFD len=2 #1 2364
2026-10-03 00:53:50.692 [OP] 4104 inv=FFFB len=4 #3 3cae3aaa
2026-10-03 00:53:50.692 [OP] 4112 inv=FFFD len=2 #1 90c4
2026-10-03 00:53:50.692 [OP] 4104 inv=FFFB len=4 #4 3cae3ace
2026-10-03 00:53:50.692 [OP] 4112 inv=FFFD len=2 #2 8bc4
2026-10-03 00:53:50.692 [OP] 4112 inv=FFFD len=2 #3 6ac4
2026-10-03 00:53:50.692 [OP] 4104 inv=FFFA len=5 #5 5a671eb807
2026-10-03 00:53:52.057 [OP] 4109 inv=FEF7 len=264 #2 9b87c464580b90f4a3321f805b64510b6ffaa32ba580ea7f0b0b0022fd24e7809564510baeaea32b9de79564517fdcfaa37d1f8062df510b06faa32b1f805b64510bdcfa71531f801664510bdcfaa32b1f805b64580bdcfab6ce1f801c7afc0bdcc4a32b1f805b645decdcfa252b1f805b64510bdcfaa32bc2125b645fc4dcfafd24ca805bdf0e0b05c4a32b78c75b64510bdcfaa32b1f807626510baeaea32b
2026-10-03 00:53:52.150 [OP] 4105 inv=FFFE len=1 #1 0c
2026-10-03 00:53:52.150 [OP] 4111 inv=FFFD len=2 #2 a164
2026-10-03 00:53:52.150 [OP] 4112 inv=FFFD len=2 #4 6fc4
2026-10-03 00:53:52.309 [OP] 4106 inv=FFFD len=2 #1 a3c4
2026-10-03 00:53:53.430 [OP] 4109 inv=FF7B len=132 #3 9b87c464580b6fe8a32b1f805b64510b6ffaa32b2980076f2d0b59ae392b8a809564510b3fc2a32bad10c46451ecdcfaa3ebcdc762df510b09faa32b1f805b64510bdcfa70bb1f80c5cd510b52fa392b1faa5b648fecdcfa14de1f805b64510bdcfaa32bf4075b64cdb2dcfaa378ad805bdf510b32c4a32bca805b64510bdcfaa32b1f80
2026-10-03 00:53:53.530 [OP] 4111 inv=FFFD len=2 #3 c064
2026-10-03 00:53:53.530 [OP] 4112 inv=FFFD len=2 #5 52c4
2026-10-03 00:53:54.119 [EVENT] sock=2720 hEvent=00000A90 events=0x0
2026-10-03 00:53:54.120 [EVENT] sock=2720 hEvent=00000A90 events=0x21
2026-10-03 00:53:58.162 [SETTLE] exp=2039 gold=201747 len=403
2026-10-03 00:53:58.162 [OP] 472A inv=FE6C len=403 #1 bad8de1f2cc364510bdcfaa32b1f805b64510bdcb5232b1f805b64510bdcfaa38aca805b64510bdc09fd2b1f805b64517c90faa32b1f805bebc10bdcfaa32b1fd43364510bdcfaa32b1f805b64510bdcfaa32b1f805b64510bdcfaa32b1f805b64510bdcfaa32b1f805b64510bdcfaa32b1f805b64510bdcfaa32b1f805b64510bdcfaa32b1f805b64510bdcb5a32b1fc3956451f16ffaa3ccca805bd3580bdc
2026-10-03 00:53:58.253 [OP] 42CE inv=FFFB len=4 #1 c87f510b
2026-10-03 00:53:58.254 [OP] 4211 inv=FFF6 len=9 #1 aa5b6451e3a722a34a
2026-10-03 00:53:58.254 [OP] 4211 inv=FFF6 len=9 #2 aa5b6451803e22a34a
2026-10-03 00:53:58.254 [OP] 4211 inv=FFF6 len=9 #3 aa5b64515ca722a34a
2026-10-03 00:53:58.254 [OP] 4211 inv=FFF6 len=9 #4 aa5b645134a722a34a
2026-10-03 00:53:58.343 [OP] 47C0 inv=FFCD len=50 #1 0faa0d018ffd90e0cc7c828c53b0557cc6c4fd8029c25ccbc0fd6ff4357c6f8cd1da31ec8b19b763ec967fd958b16e531abb
2026-10-03 00:53:58.343 [OP] 47C0 inv=FFD8 len=39 #2 b39526557cc6c4fd8029c25ccbc0fd6ff4357c6f8cd1da31ec8b19b763ec967fd958b16e531abb
2026-10-03 00:53:58.343 [OP] 47C0 inv=FFE1 len=30 #3 0faac4cbc0fd6ff4357c6f8cd1da31ec8b19b763ec967fd958b16e531abb
2026-10-03 00:53:58.343 [OP] 47C0 inv=FFEA len=21 #4 51cac7d1da31ec8b19b763ec967fd958b16e531abb
2026-10-03 00:53:58.343 [OP] 47C0 inv=FFF3 len=12 #5 0253ca967fd958b16e531abb
2026-10-03 00:54:03.943 [OP] 46FE inv=FFFF len=0 #1 
2026-10-03 00:54:04.521 [OP] EFFE inv=FFFE len=1 #1 0b
2026-10-03 00:54:07.310 [OP] 4100 inv=FFF9 len=6 #1 98aa85f8677f
2026-10-03 00:54:07.416 [EVENT] sock=2500 hEvent=00000994 events=0x0
2026-10-03 00:54:07.418 [EVENT] sock=2500 hEvent=00000994 events=0x21
2026-10-03 00:54:07.513 [OP] 4101 inv=FC6D len=914 #1 875dad805b64510bdcfaa32bc8d97b81510bdcfaa32b1f805b64510bdcfaa32b1f805b64510bdcfa5f3b9d4e5b64a9fddcfaa32b1f8099d9510bdcfaa32b1f805b64510bdcfaa63bad80c464510bdcfaa32bf6455b645943dcfadf7f1f80807a510b155a4e78c8d97b81a552155ada2b1f807b81a5526fc616876c842d43450bdcfaa32b1f805b648fae02faa32b1f805bd82d0bdcfaa32b1f805b64510bdcfa
2026-10-03 00:54:07.562 [OP] 4F52 inv=FFFF len=0 #2 
2026-10-03 00:54:08.383 [EVENT] sock=2500 hEvent=00000994 events=0x0
2026-10-03 00:54:08.383 [EVENT] sock=2500 hEvent=00000994 events=0x21
2026-10-03 00:54:08.624 [OP] 4108 inv=FFE3 len=28 #1 9b87c464510bdcfa21531f80d8f8510bce40515d1f805b64510bdcfa
2026-10-03 00:54:08.721 [OP] 4108 inv=FFE3 len=28 #2 9b87c464510bdcfa4d531f80d8f8510bce4051ed1f805b64510bdcfa
2026-10-03 00:54:08.722 [OP] 4108 inv=FFE3 len=28 #3 9b87c464510bdcfa87531f80d8f8510bce4051421f805b64510bdcfa
2026-10-03 00:54:08.724 [OP] 4108 inv=FFF3 len=12 #4 3b0e392b1f805b64510bdcfa
2026-10-03 00:54:08.725 [OP] 4108 inv=FFF3 len=12 #5 3b0e392b1f805b64580bdcfa
2026-10-03 00:54:10.764 [OP] 4105 inv=FFFE len=1 #2 c0
2026-10-03 00:54:10.764 [OP] 4105 inv=FFFE len=1 #3 6d
2026-10-03 00:54:10.764 [OP] 4105 inv=FFFE len=1 #4 af
2026-10-03 00:54:10.954 [OP] 4106 inv=FFFC len=3 #2 e5467d
2026-10-03 00:54:10.956 [OP] 4106 inv=FFFC len=3 #3 b1fdcb
2026-10-03 00:54:10.956 [OP] 4106 inv=FFFC len=3 #4 a539ed
2026-10-03 00:54:11.157 [OP] 4105 inv=FFFE len=1 #5 44
2026-10-03 00:54:11.405 [OP] 4109 inv=FF73 len=140 #4 23ecfc0bdce8db931faa5b64510bdcfaa62b1f801ca9510b9425a32b064e5b64fbb1900ea62b1f80f326510b90f45f2b1f805b64510b09b61d4a1f80b8dd510b9030fd2b1f805b64510b52fa96de1f80f326510b90fa5f2b1faa94f88fecdcfac4931f805b64510bdcfaa32b82795b64b608dcfadb2b9d805bdf516405c4a32b4c805b64510bdcfaa32b1f80
2026-10-03 00:54:11.406 [OP] 4106 inv=FFFD len=2 #5 a34a
2026-10-03 00:54:11.406 [OP] 4111 inv=FFFD len=2 #4 1c64
2026-10-03 00:54:13.542 [OP] 4109 inv=FFB7 len=72 #5 9b87c464517f6fc4a3531f805b64510b07faa32bca105b6f87b1dcfa40ce1f80c0df0e0b07faa32b39125b640eec66faa32b1f805bdf510b8222a32b39125b64080b66faa32b1f80
2026-10-03 00:54:13.636 [OP] 4111 inv=FFFD len=2 #5 9564
2026-10-03 00:54:14.533 [OP] EFFE inv=FFFE len=1 #2 0b
2026-10-03 00:54:17.569 [EVENT] sock=2500 hEvent=00000994 events=0x0
2026-10-03 00:54:17.569 [EVENT] sock=2500 hEvent=00000994 events=0x21
2026-10-03 00:54:17.616 [OP] 4F52 inv=FFFF len=0 #3 
2026-10-03 00:54:24.120 [EVENT] sock=2720 hEvent=00000A90 events=0x0
2026-10-03 00:54:24.120 [EVENT] sock=2720 hEvent=00000A90 events=0x21
2026-10-03 00:54:25.081 [SETTLE] exp=1256 gold=201747 len=393
2026-10-03 00:54:25.082 [OP] 472A inv=FE76 len=393 #2 bad8de1f1c1c64510bdcfaa32b1f805b64510bdc43fd2b1f805b64510bdcfaa3631f805b64510bdc09fd2b1f805b64517c90faa32b1f805b39ec0bdcfaa32b1fd43364510bdcfaa32b1f805b64510bdcfaa32b1f805b64510bdcfaa32b1f805b64510bdcfaa32b1f805b64510bdcfaa32b1f805b64510bdcfaa32b1f805b64510bdcfaa32b1f805bdf510bdcbdf82b1f2c5b645153dcfaa3ccca805bc7580bdc
2026-10-03 00:54:25.174 [OP] 40E1 inv=FFED len=18 #1 23ecfc0b6ffadb91ca809564580b6ffaf82b
2026-10-03 00:54:25.174 [OP] 40E0 inv=FED1 len=302 #1 7c8052fa774a1f805b64510b05e8a32b1f805b6497b1dcfaa32b1f807ff8510bdcfaa32b85035b64fc0bdcfa2d2b1f80fe64510b52faa32bad805b647c0bdcfaf52b1f80d264510b52faa32b6d805b64afd0dcfa46531f80f764510bb8faa32b3faa5b64580bdcfa572b1f800d64510b8ffaa32b1f805b64510bdcfaa32b1f805b64510bdcfaa32b1f805b64430bdcfaa32b1f805b64510bdcfaa32b1f805b64
2026-10-03 00:54:25.174 [OP] 40E3 inv=FFDF len=32 #1 3b0e392ba5f87a64370b36fa812bec801264830be4fa572b69805c64970b6afa
2026-10-03 00:54:25.174 [OP] 40E2 inv=FFA7 len=88 #1 3b0e392b67f87a64370b6ffa6a2b62800adf830b2dc4202b9faac4647fec6ffa9753ca80a9df830b41c4392b4aaac36440ec8bfa76539d80a0dffd0bcec4fd2b33aa1c6421ec8bfaa7539d8010dfb20b55c4fd2b4caa9564
2026-10-03 00:54:25.174 [OP] 42CE inv=FFFB len=4 #2 c87f510b
2026-10-03 00:54:25.174 [OP] 4211 inv=FFF6 len=9 #5 aa5b6451e3a722a34a
2026-10-03 00:54:25.201 [EVENT] sock=2500 hEvent=00000994 events=0x0
2026-10-03 00:54:25.201 [EVENT] sock=2500 hEvent=00000994 events=0x21
2026-10-03 00:54:30.190 [OP] 4100 inv=FFF9 len=6 #2 98aaa27fc57f
2026-10-03 00:54:30.284 [OP] 4101 inv=FC6D len=914 #2 875dad805b64510bdcfaa32bc8d97b81510bdcfaa32b1f805b64510bdcfaa32b1f805b64510bdcfa5f3b9d4e5b64a9fddcfaa32b1f8099d9510bdcfaa32b1f805b64510bdcfaa63bad80c464510bdcfaa32bf6455b645943dcfadf7f1f80807a510b155a4e78c8d97b81a552155ada2b1f807b81a5526fc616876c842d43450bdcfaa32b1f805b645dae02faa32b1f805bd82d0bdcfaa32b1f805b64510bdcfa
2026-10-03 00:54:30.322 [EVENT] sock=2500 hEvent=00000994 events=0x0
2026-10-03 00:54:30.322 [EVENT] sock=2500 hEvent=00000994 events=0x21
2026-10-03 00:54:30.371 [OP] 4F52 inv=FFFF len=0 #4 
2026-10-03 00:54:31.264 [EVENT] sock=2500 hEvent=00000994 events=0x0
2026-10-03 00:54:31.264 [EVENT] sock=2500 hEvent=00000994 events=0x21
2026-10-03 00:54:34.146 [OP] 46FE inv=FFFF len=0 #2 
2026-10-03 00:54:34.555 [OP] EFFE inv=FFFE len=1 #3 0b
2026-10-03 00:54:40.393 [EVENT] sock=2500 hEvent=00000994 events=0x0
2026-10-03 00:54:40.393 [EVENT] sock=2500 hEvent=00000994 events=0x21
2026-10-03 00:54:40.439 [OP] 4F52 inv=FFFF len=0 #5 
2026-10-03 00:54:43.011 [SETTLE] exp=1341 gold=201747 len=403
2026-10-03 00:54:43.011 [OP] 472A inv=FE6C len=403 #3 bad8de1f1f0d64510bdcfaa32b1f805b64510bdc1f462b1f805b64510bdcfaa3691f805b64510bdc09fd2b1f805b64517c90faa32b1f805b39ec0bdcfaa32b1fd43364510bdcfaa32b1f805b64510bdcfaa32b1f805b64510bdcfaa32b1f805b64510bdcfaa32b1f805b64510bdcfaa32b1f805b64510bdcfaa32b1f805b64510bdcfaa32b1f805b64510bdcbdf82b1fc3956451fa6ffaa3ccca805bd3580bdc
2026-10-03 00:54:43.106 [OP] 42CE inv=FFFB len=4 #3 c87f510b
2026-10-03 00:54:44.566 [OP] EFFE inv=FFFE len=1 #4 0b
2026-10-03 00:54:50.106 [OP] 4100 inv=FFF9 len=6 #3 98aa46f8677f
2026-10-03 00:54:50.201 [EVENT] sock=2500 hEvent=00000994 events=0x0
2026-10-03 00:54:50.201 [EVENT] sock=2500 hEvent=00000994 events=0x21
2026-10-03 00:54:50.203 [OP] 4101 inv=FC6D len=914 #3 875dad805b64510bdcfaa32bc8d97b81510bdcfaa32b1f805b64510bdcfaa32b1f805b64510bdcfa5f3b9d4e5b64a9fddcfaa32b1f8099d9510bdcfaa32b1f805b64510bdcfaa63bad80c464510bdcfaa32bf6455b645943dcfadf7f1f80807a510b155a4e78c8d97b81a552155ada2b1f807b81a5526fc616876c842d43450bdcfaa32b1f805b64e5ae02faa32b1f805bd82d0bdcfaa32b1f805b64510bdcfa
2026-10-03 00:54:51.178 [EVENT] sock=2500 hEvent=00000994 events=0x0
2026-10-03 00:54:51.178 [EVENT] sock=2500 hEvent=00000994 events=0x21
2026-10-03 00:54:54.120 [EVENT] sock=2720 hEvent=00000A90 events=0x0
2026-10-03 00:54:54.120 [EVENT] sock=2720 hEvent=00000A90 events=0x21
2026-10-03 00:55:00.327 [EVENT] sock=2500 hEvent=00000994 events=0x0
2026-10-03 00:55:00.327 [EVENT] sock=2500 hEvent=00000994 events=0x21
2026-10-03 00:55:04.350 [OP] 46FE inv=FFFF len=0 #3 
2026-10-03 00:55:04.440 [SETTLE] exp=1341 gold=201747 len=403
2026-10-03 00:55:04.441 [OP] 472A inv=FE6C len=403 #4 bad8de1f1f0d64510bdcfaa32b1f805b64510bdc1f462b1f805b64510bdcfaa3691f805b64510bdc09fd2b1f805b64517c90faa32b1f805b947d0bdcfaa32b1fd43364510bdcfaa32b1f805b64510bdcfaa32b1f805b64510bdcfaa32b1f805b64510bdcfaa32b1f805b64510bdcfaa32b1f805b64510bdcfaa32b1f805b64510bdcfaa32b1f805b64510bdcbdf82b1fc3956451fa6ffaa3ccca805bd3580bdc
2026-10-03 00:55:04.533 [OP] 42CE inv=FFFB len=4 #4 c87f510b
2026-10-03 00:55:04.593 [OP] EFFE inv=FFFE len=1 #5 0b
2026-10-03 00:55:11.565 [OP] 4100 inv=FFF9 len=6 #4 98aa0ef8beec
2026-10-03 00:55:11.655 [OP] 4101 inv=FC35 len=970 #4 23ecfc0bdcfaa32b1f805b64a552155aa32b1f805b64510bdcfaa32b1f805b64510bdcfaa32b1f80bacdb2b2dcfa1a7c1f805b64510b069fa32b1f805b64510bdcfaa32b1f803ccdfc0b52faa32b1f805b646244dcfaf7f51f808955510b9b02a32bc8d97b81a552155a4e78c8d93564510b155a4e78ca7726b35c3828d7972b1f805b64510bdcfaa8c229805b64510bdc4e722b1f805b64510bdcfaa32b1f80
2026-10-03 00:55:11.671 [EVENT] sock=2500 hEvent=00000994 events=0x0
2026-10-03 00:55:11.671 [EVENT] sock=2500 hEvent=00000994 events=0x21
2026-10-03 00:55:12.611 [EVENT] sock=2500 hEvent=00000994 events=0x0
2026-10-03 00:55:12.612 [EVENT] sock=2500 hEvent=00000994 events=0x21
2026-10-03 00:55:21.732 [EVENT] sock=2500 hEvent=00000994 events=0x0
2026-10-03 00:55:21.732 [EVENT] sock=2500 hEvent=00000994 events=0x21
2026-10-03 00:55:24.121 [EVENT] sock=2720 hEvent=00000A90 events=0x0
2026-10-03 00:55:24.121 [EVENT] sock=2720 hEvent=00000A90 events=0x21
2026-10-03 00:55:28.123 [SETTLE] exp=1516 gold=201747 len=403
2026-10-03 00:55:28.123 [OP] 472A inv=FE6C len=403 #5 bad8de1f9a0d64510bdcfaa32b1f805b64510bdc60462b1f805b64510bdcfaa3eeca805b64510bdc09fd2b1f805b64517c90faa32b1f805b947d0bdcfaa32b1fd43364510bdcfaa32b1f805b64510bdcfaa32b1f805b64510bdcfaa32b1f805b64510bdcfaa32b1f805b64510bdcfaa32b1f805b64510bdcfaa32b1f805b64510bdcfaa32b1f805b64510bdc7af82b1fc395645153dcfaa391ca805bc7580bdc
2026-10-03 00:55:28.481 [OP] 42CE inv=FFFB len=4 #5 c87f510b
2026-10-03 00:55:34.261 [OP] 4100 inv=FFF9 len=6 #5 98aa7df8587f
2026-10-03 00:55:34.357 [EVENT] sock=2500 hEvent=00000994 events=0x0
2026-10-03 00:55:34.357 [EVENT] sock=2500 hEvent=00000994 events=0x21
2026-10-03 00:55:34.435 [OP] 4101 inv=FBFD len=1026 #5 7c8052faa32b1f805b64510b155a4e781f805b64510bdcfaa32b1f805b64510bdcfaa32b1f805b64fbb28b53a32b53ca5b64510bdcfa1a7c1f805b64510bdcfaa32b1f805b6455b252fa392b1f805b64510bb2dca32bd13b5b648a2bdcfa5acb1f807b81a552155a4e78c8d97b81530bdcfa4e78c8d995b0bc595ab12b21ab805b64510bdcfaa32b1fe96e64510bdcfaa3c229805b64510bdcfaa32b1f805b64
2026-10-03 00:55:34.767 [OP] 46FE inv=FFFF len=0 #4 
2026-10-03 00:55:35.328 [EVENT] sock=2500 hEvent=00000994 events=0x0
2026-10-03 00:55:35.328 [EVENT] sock=2500 hEvent=00000994 events=0x21
2026-10-03 00:55:44.571 [EVENT] sock=2500 hEvent=00000994 events=0x0
2026-10-03 00:55:44.571 [EVENT] sock=2500 hEvent=00000994 events=0x21
2026-10-03 00:55:53.083 [SETTLE] exp=1842 gold=201747 len=393
2026-10-03 00:55:54.121 [EVENT] sock=2720 hEvent=00000A90 events=0x0
2026-10-03 00:55:54.121 [EVENT] sock=2720 hEvent=00000A90 events=0x21
2026-10-03 00:56:03.129 [EVENT] sock=2500 hEvent=00000994 events=0x0
2026-10-03 00:56:03.129 [EVENT] sock=2500 hEvent=00000994 events=0x21
2026-10-03 00:56:04.799 [OP] 46FE inv=FFFF len=0 #5 
2026-10-03 00:56:13.193 [EVENT] sock=2500 hEvent=00000994 events=0x0
2026-10-03 00:56:13.193 [EVENT] sock=2500 hEvent=00000994 events=0x21
2026-10-03 00:56:18.383 [OP] 4707 inv=FFF3 len=12 #1 875dad8063cdfc0b17faa32b
2026-10-03 00:56:18.473 [OP] 43F1 inv=FFFA len=5 #1 33b4de1fc7
2026-10-03 00:56:18.474 [OP] 40E0 inv=FED1 len=302 #2 7c8052fa774a1f805b64510b05e8a32b1f805b6497b1dcfaa32b1f807ff8510bdcfaa32b85035b64fc0bdcfa2d2b1f80fe64510b52faa32bad805b647c0bdcfaf52b1f80d264510b52faa32b6d805b64afd0dcfa46531f80f764510bb8faa32b3faa5b64580bdcfa572b1f800d64510b8ffaa32b1f805b64510bdcfaa32b1f805b64510bdcfaa32b1f805b64430bdcfaa32b1f805b64510bdcfaa32b1f805b64
2026-10-03 00:56:18.474 [OP] 4612 inv=FFF7 len=8 #1 ca805b64b4b252fa
2026-10-03 00:56:18.482 [EVENT] sock=2500 hEvent=00000994 events=0x0
2026-10-03 00:56:18.482 [EVENT] sock=2500 hEvent=00000994 events=0x21
2026-10-03 00:56:20.446 [OP] 4612 inv=FFF7 len=8 #2 ca805b6455b252fa
2026-10-03 00:56:23.470 [EVENT] sock=2500 hEvent=00000994 events=0x0
2026-10-03 00:56:23.470 [EVENT] sock=2500 hEvent=00000994 events=0x21
2026-10-03 00:56:24.122 [EVENT] sock=2720 hEvent=00000A90 events=0x0
2026-10-03 00:56:24.122 [EVENT] sock=2720 hEvent=00000A90 events=0x21
2026-10-03 00:56:26.570 [OP] 4612 inv=FFF7 len=8 #3 ca805b64238052fa
2026-10-03 00:56:32.477 [OP] 4612 inv=FFF7 len=8 #4 ca805b6412b252fa
2026-10-03 00:56:33.536 [EVENT] sock=2500 hEvent=00000994 events=0x0
2026-10-03 00:56:33.536 [EVENT] sock=2500 hEvent=00000994 events=0x21
2026-10-03 00:56:35.934 [EVENT] sock=2500 hEvent=00000994 events=0x0
2026-10-03 00:56:35.934 [EVENT] sock=2500 hEvent=00000994 events=0x21
2026-10-03 00:56:36.000 [OP] 40E0 inv=FED1 len=302 #3 7c8052fa774a1f805b64510b05e8a32b1f805b6497b1dcfaa32b1f807ff8510bdcfaa32b85035b64fc0bdcfa2d2b1f80fe64510b52faa32bad805b647c0bdcfaf52b1f80d264510b52faa32b6d805b64afd0dcfa46531f80f764510bb8faa32b3faa5b64580bdcfa572b1f800d64510b8ffaa32b1f805b64510bdcfaa32b1f805b64510bdcfaa32b1f805b64430bdcfaa32b1f805b64510bdcfaa32b1f805b64
2026-10-03 00:56:36.006 [EVENT] sock=2500 hEvent=00000994 events=0x0
2026-10-03 00:56:36.006 [EVENT] sock=2500 hEvent=00000994 events=0x21
2026-10-03 00:56:36.053 [OP] 40E3 inv=FFDF len=32 #2 3b0e392ba5d97b81370b36fa812bec801264830be4fa572b69805c64970b6afa
2026-10-03 00:56:36.054 [OP] 40E2 inv=FFA7 len=88 #2 3b0e392b67809564370b6ffa6a2b62800adf830b2dc4202b9faac4647fec6ffa9753ca80a9df830b41c4392b4aaac36440ec8bfa76539d80a0dffd0bcec4fd2b33aa1c6421ec8bfaa7539d8010dfb20b55c4fd2b4caa9564
2026-10-03 00:56:36.054 [OP] 4232 inv=FF60 len=159 #1 3223d0dce0a32b1f4f5b645127dcfaa3de1f805b6f510bdc1c462b1f805b64510bdcfaa32b1f805b64510bdcfaa32b1f805b64510bdcfaa3a79d805b64510bdc63f82b1f805b6451e28bfaa32b1f805b41580bdcfaa32b1f567a64517b52faa30959805b15510bdc25a32b1fef5b6451c4dcfaa32ead805b14510bdcc5a32b1f445b64510bdcfaa32cd672eca2d661e2b05b931f805b64510bdcfaa32b1f80
2026-10-03 00:56:36.054 [OP] 4232 inv=FF60 len=159 #2 3223d0dcaea32b1f8c5b6451b2dcfaa3061f805b08510bdccd202b1f805b64510bdcfaa32b1f805b64510bdcfaa32b1f805b64510bdcfaa3281f805b64510bdcb2a32b1f805b6451d7dcfaa32b1f805b11510bdcfaa32b1f007a6451e3dcfaa3931f805b7f510bdce0a32b1fef5b6451c4dcfaa37c1f805bf8510bdce0a32b1f4f5b64510bdcfaa32cd672eca2d661e2b05b2b1f805bdf510bdcfaa32b1f80
2026-10-03 00:56:36.090 [OP] 4020 inv=FFE7 len=24 #1 7c8052fa672bca8094a9510bc740a32bca8095643b0b90fa
2026-10-03 00:56:36.090 [OP] 4202 inv=FFEF len=16 #1 230bdcfaa32b1f800ea9510b4a5ba32b
2026-10-03 00:56:36.090 [OP] 4055 inv=FFF7 len=8 #1 23ecfc0bdcfaa32b
2026-10-03 00:56:36.090 [OP] 4613 inv=FFB9 len=70 #1 95f3ddbf6fe02298bd798a6c0e2e585b68a9182c94df55536a6d8d503ea6ed7f58ec6ffaa353caaa5b731cad5498f8671f805b6451b1dcfaa32beceb066d0d4079bbea2b1f80
2026-10-03 00:56:36.090 [OP] 40A0 inv=FCAF len=848 #1 23ecfc0ba95ddb2bcdc75b647dd0dcfadb4a3826f012510bdcfaa32b1f805b64510bdcfaa32b1f805b64510bdcfaa32b1f805b64510bdcfaa32b1f80a237d475f6dcd62402c75b6440ecdcfadb4a3268bef22e60dcfaa32b1f805b64510bdcfaa32b1f805b64510bdcfaa32b1f805b64510bdcfaa32b1f80b7a9a675d2308f24f4c75b64d4c4dcfadb4a7caf33b4303ccdb38023db065b64510bdcfaa32b1f80
2026-10-03 00:56:36.090 [OP] 4613 inv=FDF7 len=520 #2 36e5547dca4f5bba4505e9c4865b2f2c947dd1ec8817f87293aa95df580bdcc4f8531f895ea3fb316f53a393a5805b6451ecdcfa230a19e5d72f6540dcfaa39523b79508512ec9e8e8dc9a071319587be3c49416ba41550758ec6fc4a32bcaaa9564e55d4a300253ab8094f8510b6afaf82b1f7926b35c3828d7512b1f80e846feece6fa6a8259ae378e22758267f87400aa3c242af519a3f853caaa5b6458ec
2026-10-03 00:56:36.102 [EVENT] sock=2500 hEvent=00000994 events=0x0
2026-10-03 00:56:36.102 [EVENT] sock=2500 hEvent=00000994 events=0x21
2026-10-03 00:56:36.189 [OP] 4025 inv=FFF5 len=10 #1 61533832c4df51ece2fa
2026-10-03 00:56:36.498 [EVENT] sock=2500 hEvent=00000994 events=0x0
2026-10-03 00:56:36.498 [EVENT] sock=2500 hEvent=00000994 events=0x21
2026-10-03 00:56:36.499 [EVENT] sock=2500 hEvent=00000994 events=0x0
2026-10-03 00:56:36.500 [EVENT] sock=2500 hEvent=00000994 events=0x21
2026-10-03 00:56:36.502 [EVENT] sock=2500 hEvent=00000994 events=0x0
2026-10-03 00:56:36.502 [EVENT] sock=2500 hEvent=00000994 events=0x21
2026-10-03 00:56:36.506 [EVENT] sock=2500 hEvent=00000994 events=0x0
2026-10-03 00:56:36.506 [EVENT] sock=2500 hEvent=00000994 events=0x21
2026-10-03 00:56:36.514 [EVENT] sock=2500 hEvent=00000994 events=0x0
2026-10-03 00:56:36.514 [EVENT] sock=2500 hEvent=00000994 events=0x21
2026-10-03 00:56:36.515 [EVENT] sock=2500 hEvent=00000994 events=0x0
2026-10-03 00:56:36.516 [EVENT] sock=2500 hEvent=00000994 events=0x21
2026-10-03 00:56:36.518 [EVENT] sock=2500 hEvent=00000994 events=0x0
2026-10-03 00:56:36.519 [EVENT] sock=2500 hEvent=00000994 events=0x21
2026-10-03 00:56:36.519 [EVENT] sock=2500 hEvent=00000994 events=0x0
2026-10-03 00:56:36.519 [EVENT] sock=2500 hEvent=00000994 events=0x21
2026-10-03 00:56:36.522 [EVENT] sock=2500 hEvent=00000994 events=0x0
2026-10-03 00:56:36.522 [EVENT] sock=2500 hEvent=00000994 events=0x21
2026-10-03 00:56:36.540 [EVENT] sock=2500 hEvent=00000994 events=0x0
2026-10-03 00:56:36.540 [EVENT] sock=2500 hEvent=00000994 events=0x21
2026-10-03 00:56:36.592 [OP] 42E5 inv=FFE5 len=26 #1 7a64510b20faa32bca0c3cc8065c59cc859a0d869887050bdcfa
2026-10-03 00:56:36.604 [EVENT] sock=2500 hEvent=00000994 events=0x0
2026-10-03 00:56:36.604 [EVENT] sock=2500 hEvent=00000994 events=0x21
2026-10-03 00:56:36.696 [OP] 42A7 inv=FEE6 len=281 #1 d17a7f5102dcfaa31831d3c20133340c33509e31d3c2019ff0dcfaa32b1f805b64510bdcfaa32b31d35b64510bdcfa04181f805bfc250befa9a32b1f805b642564dcfa04e91f80c201510bcdfaa32b88805b64510bdcfa8b311f80acfb510bdcfc0418277e5b643334dcfa04e91f7e3efc251939fc10e972c15b649f0b39fc102b1f805bfc25190c33a32b1f803efc5119cd8aa32b272bc2ca510bdcfc042b27
2026-10-03 00:56:36.696 [OP] 42E5 inv=FFE5 len=26 #2 7a64510b20faa32bca0c3cc8065c59cc859a0d869887050bdcfa
2026-10-03 00:56:36.696 [OP] 42E5 inv=FFE5 len=26 #3 7a64510b20faa32bca0c3cc8065c59cc859a0d869887050bdcfa
2026-10-03 00:56:36.696 [OP] 42E5 inv=FFE5 len=26 #4 7a64510b20faa32bca0c3cc8065c59cc859a0d869887050bdcfa
2026-10-03 00:56:36.696 [OP] 42E5 inv=FFE5 len=26 #5 7a64510b20faa32bca0c3cc8065c59cc859a0d869887050bdcfa
2026-10-03 00:56:36.797 [OP] 42A7 inv=FEE6 len=281 #2 d17a7f5133dcfaa30062832e058960677f329cdb9ec3538975ceec388294473d4c8260db9048cd942cc35c18755f8f4841572cc35ce656491792383c90db81a552159d31b04f615f1652cb155a4e470b8fdb81a5cb210cf6fe65d97bdd8352155aeb410bd9325382875f5a4e47d88f7e86e675155ab82442836addf65315251ce2c88f6a3cf475f477236f65796a5c8375495b596f5d793b2b526ae0252924c8
2026-10-03 00:56:37.190 [OP] 4612 inv=FFF7 len=8 #5 ca805b64a09e90fa
2026-10-03 00:56:40.217 [OP] 43F1 inv=FFFA len=5 #2 33b4de1faa
2026-10-03 00:56:40.307 [OP] 4704 inv=FFDE len=33 #1 6d3e22a39ef3ce5b64510bdcfaa32b1feb066d0d4079bbea2b1f805b64510bdcfa
2026-10-03 00:56:40.312 [EVENT] sock=2500 hEvent=00000994 events=0x0
2026-10-03 00:56:40.313 [EVENT] sock=2500 hEvent=00000994 events=0x21
2026-10-03 00:56:40.369 [OP] 401B inv=FEB3 len=332 #1 875dad800d64510b17faa32b7207c464530bdcfa972b1f80afc6510bdcfaa32be4c65b64510bdcfab9531f805b64510bffe8a32b1f805b64bc595ab12b219f805b64510bdcfaa32b1faa442612b252fada2b1f802964510bac9fa32b1f805b6437fddcfaa32b1f8012f8510bdcfaa32be0c75b64510bdcfa16876c842d437f0bdcfaa32b1f805b64510bdcfad85dad800a64510b35faa32beace5b64510bdcfa
2026-10-03 00:56:42.516 [OP] 4613 inv=FFC1 len=62 #3 ca0c2411d8d5a7a5a693ca9a95de687f6fc4cc99597c52f87a8590c4f853ca805bdf58ecdc8c0dcf84b39581510bdcfaa34a1f805b64b2e367399d2b1f80
2026-10-03 00:56:43.601 [EVENT] sock=2500 hEvent=00000994 events=0x0
2026-10-03 00:56:43.602 [EVENT] sock=2500 hEvent=00000994 events=0x21
2026-10-03 00:56:51.647 [OP] 40A0 inv=FE8F len=368 #2 23ecfc0be6faf82bb8805b643875dcfadb4ab5c13cf2bc05b600f07f9aeb5b64510bdcfaa32b1f805b64510bdcfaa32b1f805b64510bdcfaa32b1f803cc690b1076ee64a4cc75b64190bdcfadb4a0bc1f055510bdcfaa32b1f805b64510bdcfaa32b1f805b64510bdcfaa32b1f805b64510bdcfaa32b1f801bc6a0b1a96e054a15c75b64317fdcfadb4a7caf855d3064288d4cb51f805b64510bdcfaa32b1f80
2026-10-03 00:56:51.647 [OP] 4613 inv=FEB7 len=328 #4 8f2ac76bca4f5b7d557f6f60f83363c795df01a290b45c93702694df58ec6ffaa353caaa5bda6349a798f8781f80f8d951b1dcc4a32b2d5dee52efdbee24eb3c6f27a601f694dcfaa3b372b79508af2607e8f8c1ca5551f858ec59acdbb319c755ef0eec6fc4f82b1faa95df51016d32b451cad95b64b20bdce8a32b1f801c1559db70faa32b181174df0b0bda16db70210c6b8e9eec047df895cf29da8a4bec
2026-10-03 00:56:52.254 [OP] 4613 inv=FFC4 len=59 #5 df4e5a3bc4203b389c95e8c1363c601e1700aaaf2458e7f2c4f853ca805bdf58ecdc5547663cb39566517fc1e9a3de1f809564b285d0598b2b1f80
2026-10-03 00:56:52.271 [EVENT] sock=2500 hEvent=00000994 events=0x0
2026-10-03 00:56:52.271 [EVENT] sock=2500 hEvent=00000994 events=0x21
2026-10-03 00:56:52.347 [OP] 42A7 inv=FEE6 len=281 #3 d17a7f518adcfaa31831d3c20133340c33509e31d3c2019ff0dcfaa32b1f805b64510bdcfaa32b31d35b64510bcd8a0418272b5b64510befa9a32b1f7eacfb9f64cd8a042b1f80c201510b398a0418407eacfb9f64dcfa8b311f7e3e645164398aa32b272b3e643334dc8aa32b1f803e64510bdcfc102b72c15bfb510bdcfa102b1f805bfc9f0b0c33a3181f805bfc2564dcfaa3e9278063ca5119dcfa041827
2026-10-03 00:56:52.752 [OP] 40A0 inv=FF07 len=248 #3 23ecfc0b8bfadb2b3ec75b64950bdcfadb4a6c05c267510bdcfaa32b1f805b64510bdcfaa32b1f805b64510bdcfaa32b1f805b64510bdcfaa32b1f80b7d9dfd0d29fe1dee5c75b64237fdcfadb4adb2f6340510bdcfaa32b1f805b64510bdcfaa32b1f805b64510bdcfaa32b1f805b64510bdcfaa32b1f80f8d965d0329f41de1cc75b641ac4dcfadb4a429a24ca5c00cd974148b97a632a510bdcfaa32b1f80
2026-10-03 00:56:54.122 [EVENT] sock=2720 hEvent=00000A90 events=0x0
2026-10-03 00:56:54.122 [EVENT] sock=2720 hEvent=00000A90 events=0x21
2026-10-03 00:56:56.663 [OP] 40A0 inv=FF43 len=188 #4 23ecfc0b52faf82b7ac75b6453ecdcfadb4a363c3ee11e9edcfaa32b1f805b64510bdcfaa32b1f805b64510bdcfaa32b1f805b64510bdcfaa32b1f80cac6b97f106ec8932bc75b64c57fdcfadb4a121a2d40510bdcfaa32b1f805b64510bdcfaa32b1f805b64510bdcfaa32b1f805b64510bdcfaa32b1f8000c6527f956e519346c75b64e90bdcfadb4ac3fbdb22072f7d166aa11f805b64510bdcfaa32b1f80
2026-10-03 00:56:58.665 [OP] 40A0 inv=FF43 len=188 #5 23ecfc0b5229db2b24c75b64a67fdcfadb4a962f98da510bdcfaa32b1f805b64510bdcfaa32b1f805b64510bdcfaa32b1f805b64510bdcfaa32b1f80337ae4d0aa02a8de8dc75b6403d0dcfadb4ae49ee986960a5af1d47f722c3c49510bdcfaa32b1f805b64510bdcfaa32b1f805b64510bdcfaa32b1f8066be72d0584765de6cb65b6439ecdcfadb4a7caf33b4303c60d18b02b5d85b64510bdcfaa32b1f80
2026-10-03 00:57:00.672 [EVENT] sock=2500 hEvent=00000994 events=0x0
2026-10-03 00:57:00.672 [EVENT] sock=2500 hEvent=00000994 events=0x21
2026-10-03 00:57:07.744 [SYS] #FFF692#交纳传送费用#00CCFF#1370#FFF692#金币！
2026-10-03 00:57:07.848 [CURRENCY] a=201747 b=285064
2026-10-03 00:57:07.898 [OP] 40E0 inv=FED1 len=302 #4 7c8052fa774a1f805b64510b05e8a32b1f805b6497b1dcfaa32b1f807ff8510bdcfaa32b85035b64fc0bdcfa2d2b1f80fe64510b52faa32bad805b647c0bdcfaf52b1f80d264510b52faa32b6d805b64afd0dcfa46531f80f764510bb8faa32b3faa5b64580bdcfa572b1f800d64510b8ffaa32b1f805b64510bdcfaa32b1f805b64510bdcfaa32b1f805b64430bdcfaa32b1f805b64510bdcfaa32b1f805b64
2026-10-03 00:57:07.899 [OP] 40E3 inv=FFDF len=32 #3 3b0e392ba5800d64370b36fa812bec801264830be4fa572b69805c64970b6afa
2026-10-03 00:57:07.899 [OP] 40E2 inv=FFA7 len=88 #3 3b0e392b6780c464370b6ffa6a2b62800adf830b2dc4202b9faac4647fec6ffa9753ca80a9df830b41c4392b4aaac36440ec8bfa76539d80a0dffd0bcec4fd2b33aa1c6421ec8bfaa7539d8010dfb20b55c4fd2b4caa9564
2026-10-03 00:57:07.899 [OP] 4232 inv=FF60 len=159 #3 3223d0dce0a32b1f4f5b645127dcfaa3de1f805b6f510bdc1c462b1f805b64510bdcfaa32b1f805b64510bdcfaa32b1f805b64510bdcfaa3a79d805b64510bdc63f82b1f805b6451e28bfaa32b1f805b41580bdcfaa32b1f567a64517b52faa30959805b15510bdc25a32b1fef5b6451c4dcfaa32ead805b14510bdcc5a32b1f445b64510bdcfaa32cd672eca2d661e2b05b931f805b64510bdcfaa32b1f80
2026-10-03 00:57:07.899 [OP] 4232 inv=FF60 len=159 #4 3223d0dcaea32b1f8c5b6451b2dcfaa3061f805b08510bdccd202b1f805b64510bdcfaa32b1f805b64510bdcfaa32b1f805b64510bdcfaa3281f805b64510bdcb2a32b1f805b6451d7dcfaa32b1f805b11510bdcfaa32b1f007a6451e3dcfaa3931f805b7f510bdce0a32b1fef5b6451c4dcfaa37c1f805bf8510bdce0a32b1f4f5b64510bdcfaa32cd672eca2d661e2b05b2b1f805bdf510bdcfaa32b1f80
2026-10-03 00:57:07.900 [OP] 401B inv=FEB3 len=332 #2 875dad800d64510b17faa32b7207c464530bdcfa972b1f80afc6510bdcfaa32be4c65b64510bdcfab9531f805b64510bffe8a32b1f805b64bc595ab12b219f805b64510bdcfaa32b1fad5b6412b252fada2b1f802964510bac9fa32b1f805b6437fddcfaa32b1f8012f8510bdcfaa32be0c75b64510bdcfa16876c842d437f0bdcfaa32b1f805b64510bdcfad85dad800a64510b35faa32beace5b64510bdcfa
2026-10-03 00:57:07.900 [OP] 4202 inv=FFEF len=16 #2 7f0bdcfafd2b1f802b64510b94c4a32b
2026-10-03 00:57:07.900 [OP] 4055 inv=FFF7 len=8 #2 23ecfc0bdcfaa32b
2026-10-03 00:57:07.915 [EVENT] sock=2500 hEvent=00000994 events=0x0
2026-10-03 00:57:07.915 [EVENT] sock=2500 hEvent=00000994 events=0x21
2026-10-03 00:57:08.207 [EVENT] sock=2500 hEvent=00000994 events=0x0
2026-10-03 00:57:08.208 [EVENT] sock=2500 hEvent=00000994 events=0x21
2026-10-03 00:57:10.798 [EVENT] sock=2500 hEvent=00000994 events=0x0
2026-10-03 00:57:10.798 [EVENT] sock=2500 hEvent=00000994 events=0x21
2026-10-03 00:57:13.780 [SYS] #FFF692#交纳传送费用#00CCFF#1810#FFF692#金币！
2026-10-03 00:57:13.873 [SYS] #ff0000#您已进入野外区域，可能遭遇玩家间的自由对战，请注意安全！#ffffff#
2026-10-03 00:57:13.873 [CURRENCY] a=201747 b=284624
2026-10-03 00:57:13.923 [OP] 40E0 inv=FED1 len=302 #5 7c8052fa774a1f805b64510b05e8a32b1f805b6497b1dcfaa32b1f807ff8510bdcfaa32b85035b64fc0bdcfa2d2b1f80fe64510b52faa32bad805b647c0bdcfaf52b1f80d264510b52faa32b6d805b64afd0dcfa46531f80f764510bb8faa32b3faa5b64580bdcfa572b1f800d64510b8ffaa32b1f805b64510bdcfaa32b1f805b64510bdcfaa32b1f805b64430bdcfaa32b1f805b64510bdcfaa32b1f805b64
2026-10-03 00:57:13.923 [OP] 40E3 inv=FFDF len=32 #4 3b0e392ba5805b64370b36fa812bec801264830be4fa572b69805c64970b6afa
2026-10-03 00:57:13.923 [OP] 40E2 inv=FFA7 len=88 #4 3b0e392b67d97b81370b6ffa6a2b62800adf830b2dc4202b9faac4647fec6ffa9753ca80a9df830b41c4392b4aaac36440ec8bfa76539d80a0dffd0bcec4fd2b33aa1c6421ec8bfaa7539d8010dfb20b55c4fd2b4caa9564
2026-10-03 00:57:13.925 [OP] 4232 inv=FF60 len=159 #5 3223d0dce0a32b1f4f5b645127dcfaa3de1f805b6f510bdc1c462b1f805b64510bdcfaa32b1f805b64510bdcfaa32b1f805b64510bdcfaa3a79d805b64510bdc63f82b1f805b6451e28bfaa32b1f805b41580bdcfaa32b1f567a64517b52faa30959805b15510bdc25a32b1fef5b6451c4dcfaa32ead805b14510bdcc5a32b1f445b64510bdcfaa32cd672eca2d661e2b05b931f805b64510bdcfaa32b1f80
2026-10-03 00:57:13.925 [OP] 401B inv=FEB3 len=332 #3 875dad800d64510b17faa32b7207c464530bdcfa972b1f80afc6510bdcfaa32be4c65b64510bdcfab9531f805b64510bffe8a32b1f805b64bc595ab12b219f805b64510bdcfaa32b1faa5b6412b252fada2b1f802964510bac9fa32b1f805b6437fddcfaa32b1f8012f8510bdcfaa32be0c75b64510bdcfa16876c842d437f0bdcfaa32b1f805b6451b1a2a8d85dad800a64510b35faa32beace5b64510bdcfa
2026-10-03 00:57:13.925 [OP] 4202 inv=FFEF len=16 #3 6f0bdcfab72b1f80e57f510b0cc4a32b
2026-10-03 00:57:13.925 [OP] 4055 inv=FFF7 len=8 #3 23ecfc0bdcfaa32b
2026-10-03 00:57:14.066 [EVENT] sock=2500 hEvent=00000994 events=0x0
2026-10-03 00:57:14.066 [EVENT] sock=2500 hEvent=00000994 events=0x21
2026-10-03 00:57:14.214 [OP] 4707 inv=FFF3 len=12 #2 875dad8063cdfc0b17faa32b
2026-10-03 00:57:14.352 [EVENT] sock=2500 hEvent=00000994 events=0x0
2026-10-03 00:57:14.353 [EVENT] sock=2500 hEvent=00000994 events=0x21
2026-10-03 00:57:14.353 [EVENT] sock=2500 hEvent=00000994 events=0x0
2026-10-03 00:57:14.353 [EVENT] sock=2500 hEvent=00000994 events=0x21
2026-10-03 00:57:14.354 [EVENT] sock=2500 hEvent=00000994 events=0x0
2026-10-03 00:57:14.355 [EVENT] sock=2500 hEvent=00000994 events=0x21
2026-10-03 00:57:14.358 [EVENT] sock=2500 hEvent=00000994 events=0x0
2026-10-03 00:57:14.358 [EVENT] sock=2500 hEvent=00000994 events=0x21
2026-10-03 00:57:14.360 [EVENT] sock=2500 hEvent=00000994 events=0x0
2026-10-03 00:57:14.360 [EVENT] sock=2500 hEvent=00000994 events=0x21
2026-10-03 00:57:14.362 [EVENT] sock=2500 hEvent=00000994 events=0x0
2026-10-03 00:57:14.362 [EVENT] sock=2500 hEvent=00000994 events=0x21
2026-10-03 00:57:14.364 [EVENT] sock=2500 hEvent=00000994 events=0x0
2026-10-03 00:57:14.364 [EVENT] sock=2500 hEvent=00000994 events=0x21
2026-10-03 00:57:14.366 [EVENT] sock=2500 hEvent=00000994 events=0x0
2026-10-03 00:57:14.366 [EVENT] sock=2500 hEvent=00000994 events=0x21
2026-10-03 00:57:14.366 [EVENT] sock=2500 hEvent=00000994 events=0x0
2026-10-03 00:57:14.366 [EVENT] sock=2500 hEvent=00000994 events=0x21
2026-10-03 00:57:14.367 [EVENT] sock=2500 hEvent=00000994 events=0x0
2026-10-03 00:57:14.367 [EVENT] sock=2500 hEvent=00000994 events=0x21
2026-10-03 00:57:15.283 [OP] 43F1 inv=FFFA len=5 #3 33b4de1fc7
2026-10-03 00:57:15.290 [EVENT] sock=2500 hEvent=00000994 events=0x0
2026-10-03 00:57:15.291 [EVENT] sock=2500 hEvent=00000994 events=0x21
2026-10-03 00:57:18.218 [OP] 40A1 inv=FFEB len=20 #1 510bdcfab65d1f809464510bd3f416de4cef0a26
2026-10-03 00:57:20.875 [EVENT] sock=2500 hEvent=00000994 events=0x0
2026-10-03 00:57:20.875 [EVENT] sock=2500 hEvent=00000994 events=0x21
2026-10-03 00:57:24.123 [EVENT] sock=2720 hEvent=00000A90 events=0x0
2026-10-03 00:57:24.123 [EVENT] sock=2720 hEvent=00000A90 events=0x21
2026-10-03 00:57:30.908 [EVENT] sock=2500 hEvent=00000994 events=0x0
2026-10-03 00:57:30.908 [EVENT] sock=2500 hEvent=00000994 events=0x21
2026-10-03 00:57:30.939 [EVENT] sock=2500 hEvent=00000994 events=0x0
2026-10-03 00:57:30.940 [EVENT] sock=2500 hEvent=00000994 events=0x21
2026-10-03 00:57:31.014 [OP] 4019 inv=FF17 len=232 #1 875dad80daf1510b6faea32b1780e0fb891a036ca236bf3f63409653cd1ef919bf3fe0fb655ca888014d380dbd4e13caf08c41191e05bd4e052a28ed049be496e9e1dd6fcd6c8b0211b124c83368a28c2bfa395ff6b94c1177b32bfa2704af601e1e5aed652739cbd27b510bcffa8f3a1abe35e957d79f568f6ce23a35a053d777bb50a0974d981251ec4bfa172bf7be35a053b92d3d5e20f76a6f975323373d
2026-10-03 00:57:32.277 [EVENT] sock=2500 hEvent=00000994 events=0x0
2026-10-03 00:57:32.277 [EVENT] sock=2500 hEvent=00000994 events=0x21
2026-10-03 00:57:32.328 [OP] 40C0 inv=FFF5 len=10 #1 875dad80daf1580b6fae
2026-10-03 00:57:34.578 [OP] 40A1 inv=FFEB len=20 #2 510bdcfab65d1f809464510bd0f4cade3aef1726
2026-10-03 00:57:40.117 [EVENT] sock=2500 hEvent=00000994 events=0x0
2026-10-03 00:57:40.117 [EVENT] sock=2500 hEvent=00000994 events=0x21
2026-10-03 00:57:40.183 [OP] 40C1 inv=FFF2 len=13 #1 7d67ce5b64510bdcfaa32b1f80
2026-10-03 00:57:40.278 [CURRENCY] a=201747 b=305394
2026-10-03 00:57:40.278 [OP] 4020 inv=FFE7 len=24 #2 7c8052fa672bca809464510b155a4e78d01f5b641c0bdcfa
2026-10-03 00:57:40.278 [OP] 4020 inv=FFE7 len=24 #3 7c8052fa672bca809464510b155a4e78d01f5b64630bdcfa
2026-10-03 00:57:40.278 [OP] 4020 inv=FFE7 len=24 #4 7c8052fa672bca809464510b155a4e78d01f5b64740bdcfa
2026-10-03 00:57:40.278 [OP] 4020 inv=FFE7 len=24 #5 7c8052fa672bca809464510b155a4e78d01f5b64c20bdcfa
2026-10-03 00:57:41.293 [EVENT] sock=2500 hEvent=00000994 events=0x0
2026-10-03 00:57:41.294 [EVENT] sock=2500 hEvent=00000994 events=0x21
2026-10-03 00:57:41.663 [OP] 40A1 inv=FFEB len=20 #3 510bdcfab65d1f809464510bf1f4bbde6812667f
2026-10-03 00:57:45.903 [OP] F005 inv=FFE7 len=24 #1 26b35c3828d7512b1f805b64510bdcfaa32b5ebc57b7e5fd
2026-10-03 00:57:45.903 [OP] F005 inv=FFE7 len=24 #2 26b35c3828d7512b1f805b64510bdcfaa32b5ebc57b7e5fd
2026-10-03 00:57:45.905 [OP] F005 inv=FFE7 len=24 #3 26b35c3828d7512b1f805b64510bdcfaa32b5ebc57b7e5fd
2026-10-03 00:57:45.905 [OP] F005 inv=FFE7 len=24 #4 26b35c3828d7512b1f805b64510bdcfaa32b5ebc57b7e5fd
2026-10-03 00:57:45.905 [OP] F005 inv=FFE7 len=24 #5 26b35c3828d7512b1f805b64510bdcfaa32b5ebc57b7e5fd
2026-10-03 00:57:47.172 [OP] 40A2 inv=FFF3 len=12 #1 dcfaa32bca805b64fdf8dcfa
2026-10-03 00:57:48.623 [OP] 40A1 inv=FFEB len=20 #4 510bdcfab65d1f809464510b9ef4d1de6812887f
2026-10-03 00:57:50.226 [OP] 40A1 inv=FFEB len=20 #5 510bdcfab65d1f809464510b9ef475de9412d37f
2026-10-03 00:57:51.397 [EVENT] sock=2500 hEvent=00000994 events=0x0
2026-10-03 00:57:51.397 [EVENT] sock=2500 hEvent=00000994 events=0x21
2026-10-03 00:57:52.110 [EVENT] sock=2500 hEvent=00000994 events=0x0
2026-10-03 00:57:52.110 [EVENT] sock=2500 hEvent=00000994 events=0x21
2026-10-03 00:57:52.159 [OP] 4610 inv=FFFE len=1 #1 91
2026-10-03 00:57:53.114 [EVENT] sock=2500 hEvent=00000994 events=0x0
2026-10-03 00:57:53.115 [EVENT] sock=2500 hEvent=00000994 events=0x21
2026-10-03 00:57:53.163 [OP] 4610 inv=FFFE len=1 #2 f9
2026-10-03 00:57:54.124 [EVENT] sock=2720 hEvent=00000A90 events=0x0
2026-10-03 00:57:54.124 [EVENT] sock=2720 hEvent=00000A90 events=0x21
2026-10-03 00:58:01.671 [EVENT] sock=2500 hEvent=00000994 events=0x0
2026-10-03 00:58:01.672 [EVENT] sock=2500 hEvent=00000994 events=0x21
2026-10-03 00:58:11.739 [EVENT] sock=2500 hEvent=00000994 events=0x0
2026-10-03 00:58:11.739 [EVENT] sock=2500 hEvent=00000994 events=0x21
2026-10-03 00:58:20.313 [OP] 401E inv=FFAD len=82 #1 875dad807aecfc0b52faa32b1f805b64840cdcfa62601f80dffc510b2a9ea32b72ff5b64a552155a1c461f805293510bf0b3a32bc8d97b81a552155a4e78c8d97b81a552dcfaa32b1f805b64510bdcfaa32b
2026-10-03 00:58:22.525 [EVENT] sock=2500 hEvent=00000994 events=0x0
2026-10-03 00:58:22.525 [EVENT] sock=2500 hEvent=00000994 events=0x21
2026-10-03 00:58:23.454 [EVENT] sock=2500 hEvent=00000994 events=0x0
2026-10-03 00:58:23.454 [EVENT] sock=2500 hEvent=00000994 events=0x21
2026-10-03 00:58:24.125 [EVENT] sock=2720 hEvent=00000A90 events=0x0
2026-10-03 00:58:24.125 [EVENT] sock=2720 hEvent=00000A90 events=0x21
2026-10-03 00:58:31.947 [EVENT] sock=2500 hEvent=00000994 events=0x0
2026-10-03 00:58:31.947 [EVENT] sock=2500 hEvent=00000994 events=0x21
2026-10-03 00:58:32.001 [OP] 4019 inv=FF2B len=212 #2 875dad80daf1510b6faea32b8f80e0fb655ca888014d380dbd4e25e8efeff919897193d033685ab709a3b57e93331d6c0ce2f10e4b1df6b95c2f28ed53798971e60a552ca269c7f4b57e4f221d1e62cd1d4bd3cb5bdf580bcffa8f3a1abe35e957d79f568f6ce23a35a053d777bb50a0974d9812518052fa172bf7be35a053b92d3d5e20f76a6f975323373d43bce4bbe06cb4d2dcfa222bac80eaa0532337a2
2026-10-03 00:58:32.783 [EVENT] sock=2500 hEvent=00000994 events=0x0
2026-10-03 00:58:32.783 [EVENT] sock=2500 hEvent=00000994 events=0x21
2026-10-03 00:58:32.833 [OP] 40C0 inv=FFF5 len=10 #2 875dad80b426580b2bf4
2026-10-03 00:58:34.066 [EVENT] sock=2500 hEvent=00000994 events=0x0
2026-10-03 00:58:34.066 [EVENT] sock=2500 hEvent=00000994 events=0x21
2026-10-03 00:58:37.970 [OP] 40A2 inv=FFF3 len=12 #2 dcfaa32bca805b649cf7dcfa
2026-10-03 00:58:38.318 [EVENT] sock=2500 hEvent=00000994 events=0x0
2026-10-03 00:58:38.319 [EVENT] sock=2500 hEvent=00000994 events=0x21
2026-10-03 00:58:38.373 [OP] 40C1 inv=FFF2 len=13 #2 7d67ce5b64510bdcfaa32b1f80
2026-10-03 00:58:38.466 [CURRENCY] a=201747 b=305397
2026-10-03 00:58:38.987 [EVENT] sock=2500 hEvent=00000994 events=0x0
2026-10-03 00:58:38.988 [EVENT] sock=2500 hEvent=00000994 events=0x21
2026-10-03 00:58:39.040 [OP] 4019 inv=FF17 len=232 #3 875dad80daf1510b6faea32b1780e0fb891a036ca236bf3f63409653cd1ef919bf3fe0fb655ca888014d380dbd4e13caf08c41191e05bd4e052a28ed049be496e9e1dd6fcd6c8b0211b124c83368a28c2bfa395ff6b94c1177b32bfa2704af601e1e5aed652739cbd27b517ecffa8f3a1abe35e957d79f568f6ce23a35a053d777bb50a0974d9812510bdcfa172bf7be35a053b92d3d5e20f76a6f975323373d
2026-10-03 00:58:40.373 [EVENT] sock=2500 hEvent=00000994 events=0x0
2026-10-03 00:58:40.373 [EVENT] sock=2500 hEvent=00000994 events=0x21
2026-10-03 00:58:40.425 [OP] 40C0 inv=FD75 len=650 #3 875dad803b6451b252c465671f809564580b78faa32b1f805b641796f6f6a32b1f805b64510bdcfaa32b1f805b64510bdcfaa32bca805bdf586161b0a32b1f805b64250bdcfaf82c59720627510b6ffaf82bac805b64510bdcfa3b8f02ea5b64510bdcfaa32b1f805b64510bdcfaa32b1f809564580bdcc4f82c36725b64510bdcfa55531f8095a2580b67b8a32bca8095640a0bdcfaa32b1f80849bef8ddcfa
2026-10-03 00:58:42.493 [OP] 40A2 inv=FFF3 len=12 #3 dcfaa32bca805b64e6f8dcfa
2026-10-03 00:58:44.136 [EVENT] sock=2500 hEvent=00000994 events=0x0
2026-10-03 00:58:44.136 [EVENT] sock=2500 hEvent=00000994 events=0x21
2026-10-03 00:58:52.417 [OP] 40A2 inv=FFF3 len=12 #4 dcfaa32bca805b640bf8dcfa
2026-10-03 00:58:53.016 [OP] 40A2 inv=FFF3 len=12 #5 dcfaa32bca805b6483f8dcfa
2026-10-03 00:58:54.125 [EVENT] sock=2720 hEvent=00000A90 events=0x0
2026-10-03 00:58:54.125 [EVENT] sock=2720 hEvent=00000A90 events=0x21
2026-10-03 00:58:54.203 [EVENT] sock=2500 hEvent=00000994 events=0x0
2026-10-03 00:58:54.205 [EVENT] sock=2500 hEvent=00000994 events=0x21
2026-10-03 00:58:54.471 [EVENT] sock=2500 hEvent=00000994 events=0x0
2026-10-03 00:58:54.472 [EVENT] sock=2500 hEvent=00000994 events=0x21
2026-10-03 00:58:54.539 [OP] 40C1 inv=FFF2 len=13 #3 7d67ce5b64510bdcfaa32b1f80
2026-10-03 00:58:54.642 [CURRENCY] a=201747 b=292725
2026-10-03 00:58:54.649 [EVENT] sock=2500 hEvent=00000994 events=0x0
2026-10-03 00:58:54.650 [EVENT] sock=2500 hEvent=00000994 events=0x21
2026-10-03 00:58:54.655 [EVENT] sock=2500 hEvent=00000994 events=0x0
2026-10-03 00:58:54.655 [EVENT] sock=2500 hEvent=00000994 events=0x21
2026-10-03 00:58:54.660 [EVENT] sock=2500 hEvent=00000994 events=0x0
2026-10-03 00:58:54.661 [EVENT] sock=2500 hEvent=00000994 events=0x21
2026-10-03 00:58:54.664 [EVENT] sock=2500 hEvent=00000994 events=0x0
2026-10-03 00:58:54.665 [EVENT] sock=2500 hEvent=00000994 events=0x21
2026-10-03 00:58:54.727 [OP] 4025 inv=FFF4 len=11 #2 81f84d12aa3edf51ece2e8
2026-10-03 00:58:54.825 [OP] 4025 inv=FFF4 len=11 #3 84f84d12aa3edf51ece2e8
2026-10-03 00:58:54.825 [OP] 4025 inv=FFF4 len=11 #4 b8f84d12aa3edf51ece2e8
2026-10-03 00:58:54.825 [OP] 4025 inv=FFF4 len=11 #5 4ff84d12aa3edf51ece2e8
2026-10-03 00:59:04.650 [EVENT] sock=2500 hEvent=00000994 events=0x0
2026-10-03 00:59:04.651 [EVENT] sock=2500 hEvent=00000994 events=0x21
2026-10-03 00:59:14.700 [EVENT] sock=2500 hEvent=00000994 events=0x0
2026-10-03 00:59:14.700 [EVENT] sock=2500 hEvent=00000994 events=0x21
2026-10-03 00:59:24.126 [EVENT] sock=2720 hEvent=00000A90 events=0x0
2026-10-03 00:59:24.126 [EVENT] sock=2720 hEvent=00000A90 events=0x21
2026-10-03 00:59:24.765 [EVENT] sock=2500 hEvent=00000994 events=0x0
2026-10-03 00:59:24.765 [EVENT] sock=2500 hEvent=00000994 events=0x21
2026-10-03 00:59:30.218 [OP] 4710 inv=FFE6 len=25 #1 d17a7f51e3a722a302074c724ed494dcfaa32b1f805b64510b
2026-10-03 00:59:32.553 [EVENT] sock=2500 hEvent=00000994 events=0x0
2026-10-03 00:59:32.554 [EVENT] sock=2500 hEvent=00000994 events=0x21
2026-10-03 00:59:32.602 [OP] 40D0 inv=FFF7 len=8 #1 7c8052faa63bad80
2026-10-03 00:59:34.833 [EVENT] sock=2500 hEvent=00000994 events=0x0
2026-10-03 00:59:34.837 [EVENT] sock=2500 hEvent=00000994 events=0x21
2026-10-03 00:59:36.006 [OP] 40D1 inv=FF83 len=124 #1 23ecfc0bdcfaa32b1f805b6451ecdcfa803b1f808664620b6ffa202bf6ca5b64510bdcfae72b1f8095a2510bb2caa32b1f805b643b0bdcfaf82c1f808653510bdcfaa32b8c805b645861dcfae84a1f805b64510b36faa32bca725b08627fdcfaa32b1f80d064510b6fb0a32bf6aa5b64510bdcfad82b1f8095a2510b
2026-10-03 00:59:36.108 [OP] 40D3 inv=FFFB len=4 #1 9b87c464
2026-10-03 00:59:36.570 [OP] 40D4 inv=FFFB len=4 #1 7c8052fa
2026-10-03 00:59:38.219 [EVENT] sock=2500 hEvent=00000994 events=0x0
2026-10-03 00:59:38.219 [EVENT] sock=2500 hEvent=00000994 events=0x21
2026-10-03 00:59:38.687 [EVENT] sock=2500 hEvent=00000994 events=0x0
2026-10-03 00:59:38.687 [EVENT] sock=2500 hEvent=00000994 events=0x21
2026-10-03 00:59:38.757 [OP] 40D5 inv=FFFB len=4 #1 875dad80
2026-10-03 00:59:38.847 [CURRENCY] a=201747 b=292725
2026-10-03 00:59:38.865 [EVENT] sock=2500 hEvent=00000994 events=0x0
2026-10-03 00:59:38.865 [EVENT] sock=2500 hEvent=00000994 events=0x21
2026-10-03 00:59:38.865 [EVENT] sock=2500 hEvent=00000994 events=0x0
2026-10-03 00:59:38.865 [EVENT] sock=2500 hEvent=00000994 events=0x21
2026-10-03 00:59:38.865 [EVENT] sock=2500 hEvent=00000994 events=0x0
2026-10-03 00:59:38.865 [EVENT] sock=2500 hEvent=00000994 events=0x21
2026-10-03 00:59:38.865 [EVENT] sock=2500 hEvent=00000994 events=0x0
2026-10-03 00:59:38.865 [EVENT] sock=2500 hEvent=00000994 events=0x21
2026-10-03 00:59:38.865 [EVENT] sock=2500 hEvent=00000994 events=0x0
2026-10-03 00:59:38.865 [EVENT] sock=2500 hEvent=00000994 events=0x21
2026-10-03 00:59:38.866 [EVENT] sock=2500 hEvent=00000994 events=0x0
2026-10-03 00:59:38.866 [EVENT] sock=2500 hEvent=00000994 events=0x21
2026-10-03 00:59:38.866 [EVENT] sock=2500 hEvent=00000994 events=0x0
2026-10-03 00:59:38.866 [EVENT] sock=2500 hEvent=00000994 events=0x21
2026-10-03 00:59:38.866 [EVENT] sock=2500 hEvent=00000994 events=0x0
2026-10-03 00:59:38.866 [EVENT] sock=2500 hEvent=00000994 events=0x21
2026-10-03 00:59:38.866 [EVENT] sock=2500 hEvent=00000994 events=0x0
2026-10-03 00:59:38.866 [EVENT] sock=2500 hEvent=00000994 events=0x21
2026-10-03 00:59:38.866 [EVENT] sock=2500 hEvent=00000994 events=0x0
2026-10-03 00:59:38.866 [EVENT] sock=2500 hEvent=00000994 events=0x21
2026-10-03 00:59:38.866 [EVENT] sock=2500 hEvent=00000994 events=0x0
2026-10-03 00:59:38.866 [EVENT] sock=2500 hEvent=00000994 events=0x21
2026-10-03 00:59:38.866 [EVENT] sock=2500 hEvent=00000994 events=0x0
2026-10-03 00:59:38.867 [EVENT] sock=2500 hEvent=00000994 events=0x21
2026-10-03 00:59:38.867 [EVENT] sock=2500 hEvent=00000994 events=0x0
2026-10-03 00:59:38.867 [EVENT] sock=2500 hEvent=00000994 events=0x21
2026-10-03 00:59:38.867 [EVENT] sock=2500 hEvent=00000994 events=0x0
2026-10-03 00:59:38.867 [EVENT] sock=2500 hEvent=00000994 events=0x21
2026-10-03 00:59:38.867 [EVENT] sock=2500 hEvent=00000994 events=0x0
2026-10-03 00:59:38.867 [EVENT] sock=2500 hEvent=00000994 events=0x21
2026-10-03 00:59:38.867 [EVENT] sock=2500 hEvent=00000994 events=0x0
2026-10-03 00:59:38.867 [EVENT] sock=2500 hEvent=00000994 events=0x21
2026-10-03 00:59:38.867 [EVENT] sock=2500 hEvent=00000994 events=0x0
2026-10-03 00:59:38.867 [EVENT] sock=2500 hEvent=00000994 events=0x21
2026-10-03 00:59:38.867 [EVENT] sock=2500 hEvent=00000994 events=0x0
2026-10-03 00:59:38.867 [EVENT] sock=2500 hEvent=00000994 events=0x21
2026-10-03 00:59:38.868 [EVENT] sock=2500 hEvent=00000994 events=0x0
2026-10-03 00:59:38.868 [EVENT] sock=2500 hEvent=00000994 events=0x21
2026-10-03 00:59:38.868 [EVENT] sock=2500 hEvent=00000994 events=0x0
2026-10-03 00:59:38.868 [EVENT] sock=2500 hEvent=00000994 events=0x21
2026-10-03 00:59:38.868 [EVENT] sock=2500 hEvent=00000994 events=0x0
2026-10-03 00:59:38.868 [EVENT] sock=2500 hEvent=00000994 events=0x21
2026-10-03 00:59:38.868 [EVENT] sock=2500 hEvent=00000994 events=0x0
2026-10-03 00:59:38.868 [EVENT] sock=2500 hEvent=00000994 events=0x21
2026-10-03 00:59:38.868 [EVENT] sock=2500 hEvent=00000994 events=0x0
2026-10-03 00:59:38.868 [EVENT] sock=2500 hEvent=00000994 events=0x21
2026-10-03 00:59:38.868 [EVENT] sock=2500 hEvent=00000994 events=0x0
2026-10-03 00:59:38.868 [EVENT] sock=2500 hEvent=00000994 events=0x21
2026-10-03 00:59:38.868 [EVENT] sock=2500 hEvent=00000994 events=0x0
2026-10-03 00:59:38.868 [EVENT] sock=2500 hEvent=00000994 events=0x21
2026-10-03 00:59:38.868 [EVENT] sock=2500 hEvent=00000994 events=0x0
2026-10-03 00:59:38.869 [EVENT] sock=2500 hEvent=00000994 events=0x21
2026-10-03 00:59:38.869 [EVENT] sock=2500 hEvent=00000994 events=0x0
2026-10-03 00:59:38.870 [EVENT] sock=2500 hEvent=00000994 events=0x21
2026-10-03 00:59:38.870 [EVENT] sock=2500 hEvent=00000994 events=0x0
2026-10-03 00:59:38.870 [EVENT] sock=2500 hEvent=00000994 events=0x21
2026-10-03 00:59:38.870 [EVENT] sock=2500 hEvent=00000994 events=0x0
2026-10-03 00:59:38.870 [EVENT] sock=2500 hEvent=00000994 events=0x21
2026-10-03 00:59:38.870 [EVENT] sock=2500 hEvent=00000994 events=0x0
2026-10-03 00:59:38.870 [EVENT] sock=2500 hEvent=00000994 events=0x21
2026-10-03 00:59:38.870 [EVENT] sock=2500 hEvent=00000994 events=0x0
2026-10-03 00:59:38.870 [EVENT] sock=2500 hEvent=00000994 events=0x21
2026-10-03 00:59:38.870 [EVENT] sock=2500 hEvent=00000994 events=0x0
2026-10-03 00:59:38.870 [EVENT] sock=2500 hEvent=00000994 events=0x21
2026-10-03 00:59:38.870 [EVENT] sock=2500 hEvent=00000994 events=0x0
2026-10-03 00:59:38.870 [EVENT] sock=2500 hEvent=00000994 events=0x21
2026-10-03 00:59:38.871 [EVENT] sock=2500 hEvent=00000994 events=0x0
2026-10-03 00:59:38.871 [EVENT] sock=2500 hEvent=00000994 events=0x21
2026-10-03 00:59:38.871 [EVENT] sock=2500 hEvent=00000994 events=0x0
2026-10-03 00:59:38.871 [EVENT] sock=2500 hEvent=00000994 events=0x21
2026-10-03 00:59:41.638 [EVENT] sock=2500 hEvent=00000994 events=0x0
2026-10-03 00:59:41.639 [EVENT] sock=2500 hEvent=00000994 events=0x21
2026-10-03 00:59:41.775 [OP] 404D inv=FE53 len=428 #1 23ecfc0b00faa32b85565b64580b6ffae72bca80bdcd510bb2fae82b1f8095641b78dcfaf82bca801164fd0bcdb8a32bca809564580bfefad1dc1f809564580bf5fa392b27a45b64580b6ffadb2ba0800c1e510b6ffaf82b7380956425b3dcfaf82bca80c464d00b70e4a32bca8095641c0b8ffa65671f809564580b8bfa132bd4765b64580b6ffabd2bca808327510b6ffaf82b34806864ed45dcfaf82bca80
2026-10-03 00:59:41.781 [EVENT] sock=2500 hEvent=00000994 events=0x0
2026-10-03 00:59:41.781 [EVENT] sock=2500 hEvent=00000994 events=0x21
2026-10-03 00:59:41.782 [EVENT] sock=2500 hEvent=00000994 events=0x0
2026-10-03 00:59:41.782 [EVENT] sock=2500 hEvent=00000994 events=0x21
2026-10-03 00:59:41.782 [EVENT] sock=2500 hEvent=00000994 events=0x0
2026-10-03 00:59:41.782 [EVENT] sock=2500 hEvent=00000994 events=0x21
2026-10-03 00:59:41.782 [EVENT] sock=2500 hEvent=00000994 events=0x0
2026-10-03 00:59:41.782 [EVENT] sock=2500 hEvent=00000994 events=0x21
2026-10-03 00:59:41.782 [EVENT] sock=2500 hEvent=00000994 events=0x0
2026-10-03 00:59:41.782 [EVENT] sock=2500 hEvent=00000994 events=0x21
2026-10-03 00:59:41.782 [EVENT] sock=2500 hEvent=00000994 events=0x0
2026-10-03 00:59:41.782 [EVENT] sock=2500 hEvent=00000994 events=0x21
2026-10-03 00:59:41.782 [EVENT] sock=2500 hEvent=00000994 events=0x0
2026-10-03 00:59:41.782 [EVENT] sock=2500 hEvent=00000994 events=0x21
2026-10-03 00:59:41.782 [EVENT] sock=2500 hEvent=00000994 events=0x0
2026-10-03 00:59:41.782 [EVENT] sock=2500 hEvent=00000994 events=0x21
2026-10-03 00:59:41.783 [EVENT] sock=2500 hEvent=00000994 events=0x0
2026-10-03 00:59:41.783 [EVENT] sock=2500 hEvent=00000994 events=0x21
2026-10-03 00:59:41.783 [EVENT] sock=2500 hEvent=00000994 events=0x0
2026-10-03 00:59:41.783 [EVENT] sock=2500 hEvent=00000994 events=0x21
2026-10-03 00:59:41.783 [EVENT] sock=2500 hEvent=00000994 events=0x0
2026-10-03 00:59:41.783 [EVENT] sock=2500 hEvent=00000994 events=0x21
2026-10-03 00:59:41.783 [EVENT] sock=2500 hEvent=00000994 events=0x0
2026-10-03 00:59:41.783 [EVENT] sock=2500 hEvent=00000994 events=0x21
2026-10-03 00:59:41.783 [EVENT] sock=2500 hEvent=00000994 events=0x0
2026-10-03 00:59:41.783 [EVENT] sock=2500 hEvent=00000994 events=0x21
2026-10-03 00:59:41.783 [EVENT] sock=2500 hEvent=00000994 events=0x0
2026-10-03 00:59:41.783 [EVENT] sock=2500 hEvent=00000994 events=0x21
2026-10-03 00:59:41.783 [EVENT] sock=2500 hEvent=00000994 events=0x0
2026-10-03 00:59:41.783 [EVENT] sock=2500 hEvent=00000994 events=0x21
2026-10-03 00:59:41.784 [EVENT] sock=2500 hEvent=00000994 events=0x0
2026-10-03 00:59:41.784 [EVENT] sock=2500 hEvent=00000994 events=0x21
2026-10-03 00:59:41.784 [EVENT] sock=2500 hEvent=00000994 events=0x0
2026-10-03 00:59:41.784 [EVENT] sock=2500 hEvent=00000994 events=0x21
2026-10-03 00:59:41.784 [EVENT] sock=2500 hEvent=00000994 events=0x0
2026-10-03 00:59:41.784 [EVENT] sock=2500 hEvent=00000994 events=0x21
2026-10-03 00:59:41.784 [EVENT] sock=2500 hEvent=00000994 events=0x0
2026-10-03 00:59:41.784 [EVENT] sock=2500 hEvent=00000994 events=0x21
2026-10-03 00:59:41.784 [EVENT] sock=2500 hEvent=00000994 events=0x0
2026-10-03 00:59:41.784 [EVENT] sock=2500 hEvent=00000994 events=0x21
2026-10-03 00:59:41.784 [EVENT] sock=2500 hEvent=00000994 events=0x0
2026-10-03 00:59:41.784 [EVENT] sock=2500 hEvent=00000994 events=0x21
2026-10-03 00:59:41.785 [EVENT] sock=2500 hEvent=00000994 events=0x0
2026-10-03 00:59:41.786 [EVENT] sock=2500 hEvent=00000994 events=0x21
2026-10-03 00:59:41.786 [EVENT] sock=2500 hEvent=00000994 events=0x0
2026-10-03 00:59:41.786 [EVENT] sock=2500 hEvent=00000994 events=0x21
2026-10-03 00:59:41.786 [EVENT] sock=2500 hEvent=00000994 events=0x0
2026-10-03 00:59:41.786 [EVENT] sock=2500 hEvent=00000994 events=0x21
2026-10-03 00:59:41.786 [EVENT] sock=2500 hEvent=00000994 events=0x0
2026-10-03 00:59:41.786 [EVENT] sock=2500 hEvent=00000994 events=0x21
2026-10-03 00:59:41.786 [EVENT] sock=2500 hEvent=00000994 events=0x0
2026-10-03 00:59:41.787 [EVENT] sock=2500 hEvent=00000994 events=0x21
2026-10-03 00:59:41.787 [EVENT] sock=2500 hEvent=00000994 events=0x0
2026-10-03 00:59:41.787 [EVENT] sock=2500 hEvent=00000994 events=0x21
2026-10-03 00:59:41.787 [EVENT] sock=2500 hEvent=00000994 events=0x0
2026-10-03 00:59:41.787 [EVENT] sock=2500 hEvent=00000994 events=0x21
2026-10-03 00:59:41.787 [EVENT] sock=2500 hEvent=00000994 events=0x0
2026-10-03 00:59:41.787 [EVENT] sock=2500 hEvent=00000994 events=0x21
2026-10-03 00:59:41.787 [EVENT] sock=2500 hEvent=00000994 events=0x0
2026-10-03 00:59:41.787 [EVENT] sock=2500 hEvent=00000994 events=0x21
2026-10-03 00:59:41.787 [EVENT] sock=2500 hEvent=00000994 events=0x0
2026-10-03 00:59:41.787 [EVENT] sock=2500 hEvent=00000994 events=0x21
2026-10-03 00:59:41.787 [EVENT] sock=2500 hEvent=00000994 events=0x0
2026-10-03 00:59:41.787 [EVENT] sock=2500 hEvent=00000994 events=0x21
2026-10-03 00:59:41.787 [EVENT] sock=2500 hEvent=00000994 events=0x0
2026-10-03 00:59:41.787 [EVENT] sock=2500 hEvent=00000994 events=0x21
2026-10-03 00:59:41.788 [EVENT] sock=2500 hEvent=00000994 events=0x0
2026-10-03 00:59:41.788 [EVENT] sock=2500 hEvent=00000994 events=0x21
2026-10-03 00:59:41.788 [EVENT] sock=2500 hEvent=00000994 events=0x0
2026-10-03 00:59:41.788 [EVENT] sock=2500 hEvent=00000994 events=0x21
2026-10-03 00:59:42.070 [EVENT] sock=2500 hEvent=00000994 events=0x0
2026-10-03 00:59:42.070 [EVENT] sock=2500 hEvent=00000994 events=0x21
2026-10-03 00:59:42.178 [OP] 4026 inv=FFC4 len=59 #1 64e6fbe4f0f16bca725b8d95b2dcc45b2b3852c1645861dc100d081faaec64626d54faf82c1faebaa651ece2fae8061a8095a251508f65a353d680
2026-10-03 00:59:44.901 [EVENT] sock=2500 hEvent=00000994 events=0x0
2026-10-03 00:59:44.902 [EVENT] sock=2500 hEvent=00000994 events=0x21
2026-10-03 00:59:54.126 [EVENT] sock=2720 hEvent=00000A90 events=0x0
2026-10-03 00:59:54.126 [EVENT] sock=2720 hEvent=00000A90 events=0x21
2026-10-03 00:59:55.631 [EVENT] sock=2500 hEvent=00000994 events=0x0
2026-10-03 00:59:55.631 [EVENT] sock=2500 hEvent=00000994 events=0x21
2026-10-03 00:59:58.571 [EVENT] sock=2500 hEvent=00000994 events=0x0
2026-10-03 00:59:58.571 [EVENT] sock=2500 hEvent=00000994 events=0x21
2026-10-03 00:59:58.621 [OP] 1014 inv=FFF2 len=13 #1 7d67ce5b64510bdcc49b2b1f80
2026-10-03 00:59:58.718 [OP] 40F4 inv=FFF2 len=13 #1 3223d0dcfaa32b1faac564510b
2026-10-03 00:59:58.719 [SYS] 本地传送师已经认可你了，你可以从其他传送师那传送到这里！
2026-10-03 00:59:58.719 [OP] 4019 inv=FF83 len=124 #4 3b0e392b6d805b6458d0dcfafc2bb57e4f22891a036c4a1c95b1aff319dea8d5416e97f53e67b4a3a8954c867c7af6b97283604685a0db2e985080ee039bf9a1e59406a42511ef1901696cd54168dd409f1da32b7380eaa0532337a24f28c57feae957c737e3da28961154f9bc05b600a32bec1e0d6417ad181ea3ef
2026-10-03 01:00:00.087 [EVENT] sock=2500 hEvent=00000994 events=0x0
2026-10-03 01:00:00.088 [EVENT] sock=2500 hEvent=00000994 events=0x21
2026-10-03 01:00:05.701 [EVENT] sock=2500 hEvent=00000994 events=0x0
2026-10-03 01:00:05.701 [EVENT] sock=2500 hEvent=00000994 events=0x21
2026-10-03 01:00:07.541 [EVENT] sock=2500 hEvent=00000994 events=0x0
2026-10-03 01:00:07.541 [EVENT] sock=2500 hEvent=00000994 events=0x21
2026-10-03 01:00:07.591 [EVENT] sock=2500 hEvent=00000994 events=0x0
2026-10-03 01:00:07.591 [EVENT] sock=2500 hEvent=00000994 events=0x21
2026-10-03 01:00:08.411 [OP] 4026 inv=FFC4 len=59 #2 08e6f0e4a4f16bca725bdc7f23dcc45b2b38edba645861dc6d67321faaec64628b81faf82c1fae23ac51ece2fae8322b8095a251508fc5a353d680
2026-10-03 01:00:08.463 [OP] 4026 inv=FFEA len=21 #3 4e948d4ad06ffaf82c1faec2f85ad4c1bfa353d680
2026-10-03 01:00:09.876 [EVENT] sock=2500 hEvent=00000994 events=0x0
2026-10-03 01:00:09.876 [EVENT] sock=2500 hEvent=00000994 events=0x21
2026-10-03 01:00:09.973 [OP] 4026 inv=FFF6 len=9 #4 265850540ea353d680
2026-10-03 01:00:15.755 [EVENT] sock=2500 hEvent=00000994 events=0x0
2026-10-03 01:00:15.755 [EVENT] sock=2500 hEvent=00000994 events=0x21
2026-10-03 01:00:24.127 [EVENT] sock=2720 hEvent=00000A90 events=0x0
2026-10-03 01:00:24.128 [EVENT] sock=2720 hEvent=00000A90 events=0x21
2026-10-03 01:00:25.894 [EVENT] sock=2500 hEvent=00000994 events=0x0
2026-10-03 01:00:25.895 [EVENT] sock=2500 hEvent=00000994 events=0x21
2026-10-03 01:00:36.546 [EVENT] sock=2500 hEvent=00000994 events=0x0
2026-10-03 01:00:36.546 [EVENT] sock=2500 hEvent=00000994 events=0x21
2026-10-03 01:00:46.620 [EVENT] sock=2500 hEvent=00000994 events=0x0
2026-10-03 01:00:46.620 [EVENT] sock=2500 hEvent=00000994 events=0x21
2026-10-03 01:00:54.129 [EVENT] sock=2720 hEvent=00000A90 events=0x0
2026-10-03 01:00:54.129 [EVENT] sock=2720 hEvent=00000A90 events=0x21
2026-10-03 01:00:56.689 [EVENT] sock=2500 hEvent=00000994 events=0x0
2026-10-03 01:00:56.689 [EVENT] sock=2500 hEvent=00000994 events=0x21
2026-10-03 01:01:06.762 [EVENT] sock=2500 hEvent=00000994 events=0x0
2026-10-03 01:01:06.763 [EVENT] sock=2500 hEvent=00000994 events=0x21
2026-10-03 01:01:16.832 [EVENT] sock=2500 hEvent=00000994 events=0x0
2026-10-03 01:01:16.832 [EVENT] sock=2500 hEvent=00000994 events=0x21
2026-10-03 01:01:24.129 [EVENT] sock=2720 hEvent=00000A90 events=0x0
2026-10-03 01:01:24.130 [EVENT] sock=2720 hEvent=00000A90 events=0x21
2026-10-03 01:01:27.012 [EVENT] sock=2500 hEvent=00000994 events=0x0
2026-10-03 01:01:27.013 [EVENT] sock=2500 hEvent=00000994 events=0x21
2026-10-03 01:01:37.085 [EVENT] sock=2500 hEvent=00000994 events=0x0
2026-10-03 01:01:37.086 [EVENT] sock=2500 hEvent=00000994 events=0x21
2026-10-03 01:01:47.162 [EVENT] sock=2500 hEvent=00000994 events=0x0
2026-10-03 01:01:47.162 [EVENT] sock=2500 hEvent=00000994 events=0x21
2026-10-03 01:01:54.131 [EVENT] sock=2720 hEvent=00000A90 events=0x0
2026-10-03 01:01:54.131 [EVENT] sock=2720 hEvent=00000A90 events=0x21
2026-10-03 01:01:57.235 [EVENT] sock=2500 hEvent=00000994 events=0x0
2026-10-03 01:01:57.235 [EVENT] sock=2500 hEvent=00000994 events=0x21
2026-10-03 01:02:07.310 [EVENT] sock=2500 hEvent=00000994 events=0x0
2026-10-03 01:02:07.310 [EVENT] sock=2500 hEvent=00000994 events=0x21
2026-10-03 01:02:17.386 [EVENT] sock=2500 hEvent=00000994 events=0x0
2026-10-03 01:02:17.386 [EVENT] sock=2500 hEvent=00000994 events=0x21
2026-10-03 01:02:24.132 [EVENT] sock=2720 hEvent=00000A90 events=0x0
2026-10-03 01:02:24.133 [EVENT] sock=2720 hEvent=00000A90 events=0x21
2026-10-03 01:02:27.461 [EVENT] sock=2500 hEvent=00000994 events=0x0
2026-10-03 01:02:27.461 [EVENT] sock=2500 hEvent=00000994 events=0x21
2026-10-03 01:02:37.524 [EVENT] sock=2500 hEvent=00000994 events=0x0
2026-10-03 01:02:37.525 [EVENT] sock=2500 hEvent=00000994 events=0x21
2026-10-03 01:02:37.655 [INIT] dll unloaded
