2026-10-02 21:19:47.079 [INIT] dll loaded, pid=22444
2026-10-02 21:19:47.079 [INIT] codec loaded OK
2026-10-02 21:19:47.079 [INIT] iat hooks: recv=1 send=1 WSASend=1 connect=1 closesocket=1
2026-10-02 21:19:47.247 [OP] 47C0 inv=FFCC len=51 #1 51caef6328317f906d61703ce59551127cc6c4a3f1847d5cc88ffd6ffae27c0a8c03da31ecdc6a3176eceaadd9580b10c2156f
2026-10-02 21:19:47.247 [OP] 47C0 inv=FFD8 len=39 #2 b39526127cc6c4a3f1847d5cc88ffd6ffae27c0a8c03da31ecdc6a3176eceaadd9580b10c2156f
2026-10-02 21:19:47.247 [OP] 47C0 inv=FFE1 len=30 #3 0faac4c88ffd6ffae27c0a8c03da31ecdc6a3176eceaadd9580b10c2156f
2026-10-02 21:19:47.248 [OP] 47C0 inv=FFEA len=21 #4 51cac703da31ecdc6a3176eceaadd9580b10c2156f
2026-10-02 21:19:47.248 [OP] 47C0 inv=FFF3 len=12 #5 0253caeaadd9580b10c2156f
2026-10-02 21:19:47.555 [PIPE] controller connected
2026-10-02 21:19:48.282 [OP] 4100 inv=FFF9 len=6 #1 98aae37f9d7f
2026-10-02 21:19:48.377 [OUT] 1F51 inv=FFFF len=4 #1 ffff511f
2026-10-02 21:19:48.391 [OP] 4101 inv=FC35 len=970 #1 3ccdfc0b90faa32b1f805b64a552155aa32b1f805b64510bdcfaa32b1f805b64510bdcfaa32b1f80d0c6b2b2dcfa3dde1f805b64510b2a22a32b1f805b64510bdcfaa32b1f807aecfc0b52faa32b1f805b6416ffdcfa222a1f80dffc510bf0b3a32bc8d97b81a552155a4e78c8d91664510b155a4e78caa0ed3572a47db7854d1f805b64510bdcfaa33084805b64510bdca1b72b1f805b64510bdcfaa32b1f80
2026-10-02 21:19:48.443 [OP] 4F52 inv=FFFF len=0 #1 
2026-10-02 21:19:49.363 [OUT] 1001 inv=FFF9 len=10 #1 f9ff01101f805b64510b
2026-10-02 21:19:49.886 [OP] 4108 inv=FFE3 len=28 #1 b907c464510bdcfa2153c8d9d8f8510bce4051421f805b64510bdcfa
2026-10-02 21:19:49.991 [OP] 4108 inv=FFE3 len=28 #2 b907c464510bdcfa4d531f80d8f8510bce4051ed1f805b64510bdcfa
2026-10-02 21:19:49.991 [OP] 4108 inv=FFE3 len=28 #3 b907c464510bdcfa22531f80d8f8510bce40515d1f805b64510bdcfa
2026-10-02 21:19:49.991 [OP] 4108 inv=FFF3 len=12 #4 07c2392b1f805b64510bdcfa
2026-10-02 21:19:49.991 [OP] 4108 inv=FFF3 len=12 #5 07c2392b1f805b64580bdcfa
2026-10-02 21:19:49.991 [OP] 4104 inv=FFFB len=4 #1 0a081f80
2026-10-02 21:19:49.993 [OP] 4104 inv=FFFB len=4 #2 3cae1faa
2026-10-02 21:19:49.993 [OP] 4104 inv=FFFB len=4 #3 0a081fc7
2026-10-02 21:19:49.993 [OP] 4104 inv=FFFB len=4 #4 0a081fce
2026-10-02 21:19:49.993 [OP] 4104 inv=FFFB len=4 #5 0a081f12
2026-10-02 21:19:51.612 [OP] 4105 inv=FFFE len=1 #1 3d
2026-10-02 21:19:51.612 [OP] 4105 inv=FFFE len=1 #2 c0
2026-10-02 21:19:51.612 [OP] 4105 inv=FFFE len=1 #3 af
2026-10-02 21:19:51.632 [OUT] 1005 inv=FFEF len=20 #1 efff0510a498fd53cf795c64fd0b0022a32b1f80
2026-10-02 21:19:51.760 [OP] 4106 inv=FFFC len=3 #1 e546ed
2026-10-02 21:19:51.760 [OP] 4106 inv=FFFC len=3 #2 b1fdcb
2026-10-02 21:19:51.760 [OP] 4106 inv=FFFC len=3 #3 e239ee
2026-10-02 21:19:51.760 [OP] 4110 inv=FFFD len=2 #1 222b
2026-10-02 21:19:51.858 [OP] 4105 inv=FFFE len=1 #4 0c
2026-10-02 21:19:51.982 [OP] 4109 inv=FD97 len=616 #1 07c2392bca8040c6510bdcfaa32b1f809564510b02faccce2980076ffc0b66faf82b1f8017cd510b5253a32b1fc75b6451d5dcfa4b531f802164510bdcfaa32b1f805b64e4ecdcfaccff9f875b64510ba506a32bca805b64dfb2dcfa39c4ca805b64510bdcc4392bca805b64dfb2dcfa39c459805b64510bdc22a32bca805b64dfb2dcfa39c4ad805bdf510bdc71269323aa5b6401ba710ea32b1f801e9f510b
2026-10-02 21:19:52.084 [OP] 4106 inv=FFFD len=2 #4 a3c4
2026-10-02 21:19:52.084 [OP] 4111 inv=FFFD len=2 #1 c064
2026-10-02 21:19:52.084 [OP] 4112 inv=FFFD len=2 #1 dcc4
2026-10-02 21:19:52.084 [OP] 4112 inv=FFFD len=2 #2 52c4
2026-10-02 21:19:52.084 [OP] 4112 inv=FFFD len=2 #3 8bc4
2026-10-02 21:19:52.452 [OP] 46FE inv=FFFF len=0 #1 
2026-10-02 21:19:54.703 [OP] 4109 inv=FF7B len=132 #2 b907c464580b6fc4a32b1f805b64510b6ffaa32b3480fcdffd0bb8c4fd2bca809564510b61caa32b9daac06451ecdcfaa3ae9f8762df510b43faa32b1f805b64510bdcfa0e6f1f801af1510b8bfa612b1fce5b64957fdcfaa52b1f805b64510bdcfaa32b44aa5b64510bdcfaa32b1f805b64510b7cc4a32b1619bacd510bdcfaa91f1f80
2026-10-02 21:19:54.800 [OP] 4105 inv=FFFE len=1 #5 ec
2026-10-02 21:19:54.800 [OP] 4106 inv=FFFD len=2 #5 f853
2026-10-02 21:19:54.800 [OP] 4111 inv=FFFD len=2 #2 9564
2026-10-02 21:19:56.385 [OP] EFFE inv=FFFE len=1 #1 0b
2026-10-02 21:19:57.394 [OUT] 1004 inv=FFF3 len=16 #1 f3ff0410ebf36b2b5979c3642d0b59ae
2026-10-02 21:19:57.456 [OP] 4109 inv=FE73 len=396 #3 a63bad809564fc75dcfaa32b1f805b64580bdcfa462bf7ce0d64a6d08b5b222bca805b645fc4dcfafdeeca805bf8510bdcfaa32b92aa5b64c70bdcfaa32b1f805b64510b25c4a32b9b805b64510bdcfaa32b1f809564510baeaea32b9d5a946451ecdcfaa32b1f80d1df510bbafaa32b1f805b64510bdcfaf82b1f80a76f510b8b47232b1faa5b6451ecdcfa71531f80df64510bdcfaa32b1f805b644db1dcfa
2026-10-02 21:19:57.571 [OP] 4111 inv=FFFD len=2 #3 d064
2026-10-02 21:19:57.571 [OP] 4112 inv=FFFD len=2 #4 6ac4
2026-10-02 21:19:57.573 [OP] 4110 inv=FFFD len=2 #2 722b
2026-10-02 21:19:58.470 [OUT] 1F51 inv=FFFF len=4 #2 ffff511f
2026-10-02 21:19:58.533 [OP] 4F52 inv=FFFF len=0 #2 
2026-10-02 21:19:58.806 [OP] 4109 inv=FF27 len=216 #4 07c2392bca809426510bdcfaa32b1f809564510b02faccce2980076ffc0b02faf82b1f8017cd510b526ef82b1faa5b64517fdcfa4b531f802a64510bdcfaa32b1f805b64580bdcfae13b1f80c4c60e0bdcfaa32b1f805b64c927dcfa9b3b1f80c464580bdcc4a32b44aa5b6470d0dcfaa32b1f805b64510b7acaa32b09075b64fc0b90faa35359807fdf510b24caa32b1f805b64510bdcfae13b1f80f5cd510b
2026-10-02 21:19:58.910 [OP] 4111 inv=FFFD len=2 #4 6e64
2026-10-02 21:19:58.910 [OP] 4112 inv=FFFD len=2 #5 6fc4
2026-10-02 21:19:59.764 [SYS] #00FFFF#国庆节特别活动“红旗飘飘贺国庆”#00FF00#正式开启#00FFFF#，冒险者可以在逍遥西的#FF0000#大冒险活动官#00FFFF#处参加活动，收集喜庆用品装饰旗台，赢取丰富的属性及道具奖励，幸运的冒险者还将得到#FF0000#稀有奖励#FFFFFF#！
2026-10-02 21:20:03.539 [SETTLE] exp=1 gold=199368 len=403
2026-10-02 21:20:03.539 [OP] 472A inv=FE6C len=403 #1 b4b4de1faa5b64510bdcfaa32b1f805b64510bdce8a32b1f805b64510bdcfaa32b1f805b64510bdc83b72b1f805b64516bdcfaa32b1f805b64510bdcfaa32b1f805b64510bdcfaa32b1f805b64510bdcfaa32b1f805b64510bdcfaa32b1f805b64510bdcfaa32b1f805b64510bdcfaa32b1f805b64510bdcfaa32b1f805b64510bdcfaa32b1f805b64510bdc7af82b1fc3956451f16ffaa391ca805bd3580bdc
2026-10-02 21:20:03.638 [OP] 42CE inv=FFFB len=4 #1 c87f510b
2026-10-02 21:20:03.638 [OP] 4211 inv=FFF6 len=9 #1 aa5b6451803e22a34a
2026-10-02 21:20:03.638 [OP] 4211 inv=FFF6 len=9 #2 aa5b64515ca722a34a
2026-10-02 21:20:03.638 [OP] 4211 inv=FFF6 len=9 #3 aa5b64516d3e22a34a
2026-10-02 21:20:03.638 [OP] 4211 inv=FFF6 len=9 #4 aa5b645134a722a34a
2026-10-02 21:20:05.543 [OUT] 0048 inv=FFF7 len=12 #1 f7ff4800dcfaa32b1f1b9564
2026-10-02 21:20:05.619 [OP] 4721 inv=FFF7 len=8 #1 07c2392b1f1b9564
2026-10-02 21:20:10.647 [OP] 4100 inv=FFF9 len=6 #2 98aa167f457f
2026-10-02 21:20:10.759 [OUT] 1F51 inv=FFFF len=4 #3 ffff511f
2026-10-02 21:20:10.769 [OP] 4101 inv=FC35 len=970 #2 3ccdfc0b90faa32b1f805b64a552155aa32b1f805b64510bdcfaa32b1f805b64510bdcfaa32b1f80d0c6b2b2dcfa3dde1f805b64510b2a22a32b1f805b64510bdcfaa32b1f807aecfc0b52faa32b1f805b6416ffdcfa222a1f80dffc510bf0b3a32bc8d97b81a552155a4e78c8d91664510b155a4e78caa0ed3572a47db7854d1f805b64510bdcfaa33084805b64510bdca1b72b1f805b64510bdcfaa32b1f80
2026-10-02 21:20:10.827 [OP] 4F52 inv=FFFF len=0 #3 
2026-10-02 21:20:11.721 [OUT] 1001 inv=FFF9 len=10 #2 f9ff01101f805b64510b
2026-10-02 21:20:13.951 [OUT] 1005 inv=FFEF len=20 #2 efff0510a498fd53cf795c64fd0b0022a32b1f80
2026-10-02 21:20:14.153 [OP] 4110 inv=FFFD len=2 #3 222b
2026-10-02 21:20:14.475 [OP] 4109 inv=FFB7 len=72 #5 b907c464517f6fc4a32b1f805b64510b07faa32b62105b6487b1dcfa40ce1f80c0530e0b07faa32b39125b640e7566faa32b1f805b64fc298222a32b39125b64080b66faa32b1f80
2026-10-02 21:20:14.475 [OP] 4111 inv=FFFD len=2 #5 c364
2026-10-02 21:20:16.419 [OP] EFFE inv=FFFE len=1 #2 0b
2026-10-02 21:20:20.838 [OUT] 1F51 inv=FFFF len=4 #4 ffff511f
2026-10-02 21:20:20.906 [OP] 4F52 inv=FFFF len=0 #4 
2026-10-02 21:20:22.212 [OUT] 1004 inv=FFF3 len=16 #2 f3ff0410ebf36b2b59aac3642d0b59ae
2026-10-02 21:20:22.368 [OP] 4110 inv=FFFD len=2 #4 722b
2026-10-02 21:20:22.722 [OP] 46FE inv=FFFF len=0 #2 
2026-10-02 21:20:26.432 [OP] EFFE inv=FFFE len=1 #3 0b
2026-10-02 21:20:28.277 [SETTLE] exp=2 gold=199368 len=393
2026-10-02 21:20:28.277 [OP] 472A inv=FE76 len=393 #2 b4b4de1fc75b64510bdcfaa32b1f805b64510bdcc4a32b1f805b64510bdcfaa32b1f805b64510bdc83b72b1f805b64517edcfaa32b1f805b64510bdcfaa32b1f805b64510bdcfaa32b1f805b64510bdcfaa32b1f805b64510bdcfaa32b1f805b64510bdcfaa32b1f805b64510bdcfaa32b1f805b64510bdcfaa32b1f805b64510bdcfaa32b1f805b64510bdcb5a32b1f2c5b6451fa6ffaa3731f805bc7580bdc
2026-10-02 21:20:28.382 [OP] 42CE inv=FFFB len=4 #2 c87f510b
2026-10-02 21:20:28.382 [OP] 4211 inv=FFF6 len=9 #5 aa5b6451803e22a34a
2026-10-02 21:20:30.308 [OUT] 004E inv=FFFA len=9 #1 faff4e00e9580bdce8
2026-10-02 21:20:30.308 [OUT] 004E inv=FFFA len=9 #2 faff4e00e9580bdcf4
2026-10-02 21:20:30.379 [OP] 4029 inv=FFDF len=32 #1 3ccdfc0b069fa32b1f805b642fecdcfaa32b1f809464580b90c4872be2809564
2026-10-02 21:20:30.482 [OP] 4029 inv=FFDF len=32 #2 3ccdfc0bafc2a32b1f805b646975dcfaa32b1f80847f510b8bc4872b6a809564
2026-10-02 21:20:31.699 [OP] F005 inv=FFE7 len=24 #1 c2cc763c71faa32b1f805b64510bdcfaa32b5ebce6e36b08
2026-10-02 21:20:31.786 [OP] F005 inv=FFE7 len=24 #2 c2cc763c71faa32b1f805b64510bdcfaa32b5ebce6e36b08
2026-10-02 21:20:31.786 [OP] F005 inv=FFE7 len=24 #3 c2cc763c71faa32b1f805b64510bdcfaa32b5ebce6e36b08
2026-10-02 21:20:37.376 [OP] 4100 inv=FFF9 len=6 #3 98aae37f9d7f
2026-10-02 21:20:37.480 [OP] 4101 inv=FBC5 len=1082 #3 a63bad809464510bdcfaa32bc8d97b81510bdcfaa32b1f805b64510bdcfaa32b1f805b64510bdcfa22069dca5b6469d0dcfaa32b1f80727f510bdcfaa32b1f805b64510bdcfad85dad80c464510bdcfaa32b46925b648e90dcfac4181f807693510b155a4e78c8d97b81a552155a252b1f807b81a5526f30c2d41e5f544e191edcfaa32b1f805b648fa0c6faa32b1f805b4d310bdcfaa32b1f805b64510bdcfa
2026-10-02 21:20:37.480 [OUT] 1F51 inv=FFFF len=4 #5 ffff511f
2026-10-02 21:20:37.533 [OP] 4F52 inv=FFFF len=0 #5 
2026-10-02 21:20:38.462 [OUT] 1001 inv=FFF9 len=10 #3 f9ff01101f805b64510b
2026-10-02 21:20:40.717 [OUT] 1005 inv=FFEF len=20 #3 efff0510a498fd53cf795c64fd0b0022a32b1f80
2026-10-02 21:20:40.862 [OP] 4110 inv=FFFD len=2 #5 222b
2026-10-02 21:20:46.474 [OP] EFFE inv=FFFE len=1 #4 0b
2026-10-02 21:20:52.923 [OP] 46FE inv=FFFF len=0 #3 
2026-10-02 21:20:56.882 [OUT] 1004 inv=FFF3 len=16 #3 f3ff0410ebf36b2b5979c3642d0b59ae
2026-10-02 21:20:57.478 [OP] EFFE inv=FFFE len=1 #5 0b
2026-10-02 21:21:03.199 [SETTLE] exp=2 gold=199368 len=393
2026-10-02 21:21:03.200 [OP] 472A inv=FE76 len=393 #3 b4b4de1fc75b64510bdcfaa32b1f805b64510bdcc4a32b1f805b64510bdcfaa32b1f805b64510bdc83b72b1f805b6451756ffaa32b1f805b64510bdcfaa32b1f805b64510bdcfaa32b1f805b64510bdcfaa32b1f805b64510bdcfaa32b1f805b64510bdcfaa32b1f805b64510bdcfaa32b1f805b64510bdcfaa32b1f805b64510bdcfaa32b1f805b64510bdcbdf82b1f2c5b645153dcfaa3731f805b5c510bdc
2026-10-02 21:21:03.305 [OP] 42CE inv=FFFB len=4 #3 c87f510b
2026-10-02 21:21:07.354 [OP] 4100 inv=FFF9 len=6 #4 98aa5bf8c0ec
2026-10-02 21:21:07.512 [OP] 4101 inv=FBC5 len=1082 #4 a63bad809464510bdcfaa32bc8d97b81510bdcfaa32b1f805b64510bdcfaa32b1f805b64510bdcfa22069dca5b6469d0dcfaa32b1f80727f510bdcfaa32b1f805b64510bdcfad85dad80c464510bdcfaa32b46925b648e90dcfac4181f807693510b155a4e78c8d97b81a552155a252b1f807b81a5526f30c2d41e5f544e191edcfaa32b1f805b6451a0c6faa32b1f805b4d310bdcfaa32b1f805b64510bdcfa
2026-10-02 21:21:08.428 [OUT] 1001 inv=FFF9 len=10 #4 f9ff01101f805b64510b
2026-10-02 21:21:10.569 [OUT] 1005 inv=FFEF len=20 #4 efff0510a498fd53cf795c64fd0b0022a32b1f80
2026-10-02 21:21:20.949 [OUT] 1004 inv=FFF3 len=16 #4 f3ff0410ebf36b2b5979c3642d0b59ae
2026-10-02 21:21:23.235 [OP] 46FE inv=FFFF len=0 #4 
2026-10-02 21:21:25.731 [SETTLE] exp=2 gold=199368 len=393
2026-10-02 21:21:25.731 [OP] 472A inv=FE76 len=393 #4 b4b4de1fc75b64510bdcfaa32b1f805b64510bdcc4a32b1f805b64510bdcfaa32b1f805b64510bdc83b72b1f805b64516bdcfaa32b1f805b64510bdcfaa32b1f805b64510bdcfaa32b1f805b64510bdcfaa32b1f805b64510bdcfaa32b1f805b64510bdcfaa32b1f805b64510bdcfaa32b1f805b64510bdcfaa32b1f805b64510bdcfaa32b1f805b64510bdcbdf82b1fc3956451f16ffaa3731f805bd3580bdc
2026-10-02 21:21:25.825 [OP] 42CE inv=FFFB len=4 #4 c87f510b
2026-10-02 21:21:32.956 [OP] 4100 inv=FFF9 len=6 #5 98aaebf8237f
2026-10-02 21:21:33.055 [OP] 4101 inv=FC6D len=914 #5 a63bad809464510bdcfaa32bc8d97b81510bdcfaa32b1f805b64510bdcfaa32b1f805b64510bdcfa22069d4e5b6469d0dcfaa32b1f80727f510bdcfaa32b1f805b64510bdcfad85dad80c464510bdcfaa32b46925b648e90dcfac4181f807693510b155a4e78c8d97b81a552155a252b1f807b81a5526f30c2d41e5f544e191edcfaa32b1f805b6458a0c6faa32b1f805b4d310bdcfaa32b1f805b64510bdcfa
2026-10-02 21:21:34.039 [OUT] 1001 inv=FFF9 len=10 #5 f9ff01101f805b64510b
2026-10-02 21:21:36.298 [OUT] 1005 inv=FFEF len=20 #5 efff0510a498fd53cfc75c64fd0b0022a32b1f80
2026-10-02 21:21:42.417 [OUT] 1004 inv=FFF3 len=16 #5 f3ff0410ebf36b2b5980c3642d0b59ae
2026-10-02 21:21:45.874 [SETTLE] exp=1 gold=199368 len=403
2026-10-02 21:21:45.874 [OP] 472A inv=FE6C len=403 #5 b4b4de1faa5b64510bdcfaa32b1f805b64510bdcc4a32b1f805b64510bdcfaa32b1f805b64510bdc83b72b1f805b64517edcfaa32b1f805b64510bdcfaa32b1f805b64510bdcfaa32b1f805b64510bdcfaa32b1f805b64510bdcfaa32b1f805b64510bdcfaa32b1f805b64510bdcfaa32b1f805b64510bdcfaa32b1f805b64510bdcfaa32b1f805b64510bdc7af82b1f2c5b6451fa6ffaa3ccca805bc7580bdc
2026-10-02 21:21:45.966 [OP] 42CE inv=FFFB len=4 #5 c87f510b
2026-10-02 21:21:47.873 [OUT] 0048 inv=FFF7 len=12 #2 f7ff4800dcfaa32b1f1b9564
2026-10-02 21:21:47.925 [OUT] 004E inv=FFFA len=9 #3 faff4e00e9580bdce8
2026-10-02 21:21:48.029 [OP] 4721 inv=FFF7 len=8 #2 07c2392b1f1b9564
2026-10-02 21:21:48.120 [OP] 4029 inv=FFDF len=32 #3 3ccdfc0b069fa32b1f805b642fecdcfaa32b1f809470132c90c4872b3a809564
2026-10-02 21:21:53.440 [OP] 46FE inv=FFFF len=0 #5 
2026-10-02 21:22:06.632 [SETTLE] exp=2 gold=199368 len=393
2026-10-02 21:22:28.499 [SETTLE] exp=2 gold=199368 len=393
2026-10-02 21:22:51.551 [SETTLE] exp=2 gold=199368 len=403
2026-10-02 21:22:52.108 [OUT] 0048 inv=FFF7 len=12 #3 f7ff4800dcfaa32b1f1b9564
2026-10-02 21:22:52.204 [OP] 4721 inv=FFF7 len=8 #3 07c2392b1f1b9564
2026-10-02 21:23:18.897 [SETTLE] exp=1 gold=199368 len=393
2026-10-02 21:23:20.936 [OUT] 004E inv=FFFA len=9 #4 faff4e00e9580bdce8
2026-10-02 21:23:20.938 [OUT] 004E inv=FFFA len=9 #5 faff4e00e9580bdcf4
2026-10-02 21:23:21.150 [OP] 4029 inv=FFDF len=32 #4 3ccdfc0b069fa32b1f805b642fecdcfaa32b1f8094cabc6c90c4872bb3809564
2026-10-02 21:23:21.157 [OP] 4029 inv=FFDF len=32 #5 3ccdfc0bafc2a32b1f805b646975dcfaa32b1f80f57f510b8bc4872baa809564
2026-10-02 21:23:40.403 [SETTLE] exp=2 gold=199368 len=393
2026-10-02 21:24:05.165 [SETTLE] exp=1 gold=199368 len=403
2026-10-02 21:24:06.385 [OUT] 0048 inv=FFF7 len=12 #4 f7ff4800dcfaa32b1f1b9564
2026-10-02 21:24:06.512 [OP] 4721 inv=FFF7 len=8 #4 07c2392b1f1b9564
2026-10-02 21:24:27.115 [SETTLE] exp=2 gold=199368 len=403
2026-10-02 21:24:28.462 [OUT] 0048 inv=FFF7 len=12 #5 f7ff4800dcfaa32b1f1b9564
2026-10-02 21:24:28.633 [OP] 4721 inv=FFF7 len=8 #5 07c2392b1f1b9564
2026-10-02 21:24:46.588 [OP] F005 inv=FFE7 len=24 #4 c2cc763c71faa32b1f805b64510bdcfaa3ce7d805b64510b
2026-10-02 21:24:58.051 [SETTLE] exp=2 gold=199368 len=403
2026-10-02 21:25:25.370 [SETTLE] exp=2 gold=199368 len=403
2026-10-02 21:25:48.049 [SETTLE] exp=1 gold=199368 len=403
2026-10-02 21:25:48.124 [OP] F005 inv=FFE7 len=24 #5 26b35c3828d7512b1f805b64510bdcfaa3de1f80504d1db2
2026-10-02 21:26:08.354 [SETTLE] exp=2 gold=199368 len=393
2026-10-02 21:26:39.487 [SETTLE] exp=2 gold=199368 len=393
2026-10-02 21:27:00.846 [SETTLE] exp=1 gold=199368 len=393
2026-10-02 21:27:30.774 [SETTLE] exp=1 gold=199368 len=403
2026-10-02 21:27:58.361 [SETTLE] exp=2 gold=199368 len=393
2026-10-02 21:28:24.225 [SETTLE] exp=2 gold=199368 len=403
2026-10-02 21:28:43.348 [SETTLE] exp=1 gold=199368 len=393
2026-10-02 21:29:10.263 [SETTLE] exp=1 gold=199368 len=393
2026-10-02 21:29:37.234 [SETTLE] exp=1 gold=199368 len=393
2026-10-02 21:30:07.735 [SETTLE] exp=2 gold=199368 len=393
2026-10-02 21:30:39.923 [SETTLE] exp=1 gold=199368 len=393
2026-10-02 21:30:46.223 [SYS] #00FF00#1#00FFFF#分钟后逍遥村周围将掉落20个宝箱，捡取可获得意外惊喜喔！#FFFFFF#
2026-10-02 21:31:04.836 [SETTLE] exp=1 gold=199368 len=403
2026-10-02 21:31:26.592 [SETTLE] exp=2 gold=199368 len=393
2026-10-02 21:31:26.691 [OP] 4210 inv=FFF3 len=12 #1 710bdcfae82b1f8023ecfc0b
2026-10-02 21:31:49.771 [SETTLE] exp=2 gold=199368 len=403
2026-10-02 21:31:53.359 [OP] 4031 inv=FFE9 len=22 #1 fc0bfafa212b1f805b64520bdc5133f44dab7644780b
2026-10-02 21:32:23.600 [SETTLE] exp=2 gold=199368 len=393
2026-10-02 21:32:50.081 [SETTLE] exp=1 gold=199368 len=403
2026-10-02 21:33:19.020 [SETTLE] exp=1 gold=199368 len=393
2026-10-02 21:33:53.594 [SETTLE] exp=2 gold=199368 len=403
2026-10-02 21:34:15.480 [SETTLE] exp=2 gold=199368 len=403
2026-10-02 21:34:36.634 [SETTLE] exp=2 gold=199368 len=393
2026-10-02 21:34:38.735 [OP] 4018 inv=FFF0 len=15 #1 7c6b7f51e3a722a355adf29464510b
2026-10-02 21:35:07.381 [SETTLE] exp=1 gold=199368 len=403
2026-10-02 21:35:13.440 [SYS] #00FF00#1#00FFFF#分钟后逍遥村周围将掉落20个宝箱，捡取可获得意外惊喜喔！#FFFFFF#
2026-10-02 21:35:27.920 [SETTLE] exp=1 gold=199368 len=403
2026-10-02 21:35:56.472 [SETTLE] exp=1 gold=199368 len=403
2026-10-02 21:36:26.746 [SETTLE] exp=2 gold=199368 len=403
2026-10-02 21:36:50.793 [SETTLE] exp=2 gold=199368 len=403
2026-10-02 21:37:20.774 [SETTLE] exp=1 gold=199368 len=393
2026-10-02 21:37:44.544 [SETTLE] exp=1 gold=199368 len=403
2026-10-02 21:38:05.436 [SETTLE] exp=2 gold=199368 len=393
2026-10-02 21:38:32.024 [SETTLE] exp=2 gold=199368 len=393
2026-10-02 21:38:52.945 [SETTLE] exp=2 gold=199368 len=403
2026-10-02 21:39:17.775 [SETTLE] exp=1 gold=199368 len=403
2026-10-02 21:39:36.682 [SETTLE] exp=2 gold=199368 len=393
2026-10-02 21:39:54.522 [SYS] #FFF692#恭喜#FF8CF8#啾咪啾咪#FFF692#打造出#64FF7D#+10#FFF692#装备
2026-10-02 21:39:58.402 [SETTLE] exp=1 gold=199368 len=393
2026-10-02 21:40:30.015 [SETTLE] exp=1 gold=199368 len=403
2026-10-02 21:40:51.591 [SETTLE] exp=2 gold=199368 len=393
2026-10-02 21:41:12.538 [SETTLE] exp=1 gold=199368 len=393
2026-10-02 21:41:35.961 [SETTLE] exp=2 gold=199368 len=393
2026-10-02 21:41:56.887 [SETTLE] exp=2 gold=199368 len=393
2026-10-02 21:42:22.825 [SETTLE] exp=1 gold=199368 len=403
2026-10-02 21:42:46.159 [SETTLE] exp=1 gold=199368 len=393
2026-10-02 21:43:13.994 [SETTLE] exp=2 gold=199368 len=393
2026-10-02 21:43:37.324 [SETTLE] exp=1 gold=199368 len=403
2026-10-02 21:44:03.253 [SETTLE] exp=1 gold=199368 len=393
2026-10-02 21:44:27.415 [SETTLE] exp=1 gold=199368 len=393
2026-10-02 21:44:45.999 [SETTLE] exp=1 gold=199368 len=403
2026-10-02 21:44:46.096 [OP] 4210 inv=FFF3 len=12 #2 140bdcfaef2b1f807aecfc0b
2026-10-02 21:45:08.824 [SETTLE] exp=1 gold=199368 len=403
2026-10-02 21:45:32.230 [SETTLE] exp=1 gold=199368 len=393
2026-10-02 21:45:58.105 [SETTLE] exp=1 gold=199368 len=393
2026-10-02 21:46:22.340 [SETTLE] exp=2 gold=199368 len=403
2026-10-02 21:46:48.294 [SETTLE] exp=1 gold=199368 len=403
2026-10-02 21:47:13.604 [SYS] #00FF00#1#00FFFF#分钟后逍遥村周围将掉落20个宝箱，捡取可获得意外惊喜喔！#FFFFFF#
2026-10-02 21:47:15.732 [SETTLE] exp=2 gold=199368 len=403
2026-10-02 21:47:40.978 [SETTLE] exp=1 gold=199368 len=393
2026-10-02 21:48:06.527 [SETTLE] exp=2 gold=199368 len=403
2026-10-02 21:48:24.743 [SETTLE] exp=2 gold=199368 len=403
2026-10-02 21:48:50.141 [SETTLE] exp=2 gold=199368 len=393
2026-10-02 21:49:20.685 [SETTLE] exp=1 gold=199368 len=403
2026-10-02 21:49:45.241 [SETTLE] exp=1 gold=199368 len=393
2026-10-02 21:49:59.768 [SYS] #00FFFF#国庆节特别活动“红旗飘飘贺国庆”将于#00FF00#10#00FFFF#分钟后结束，装饰国旗将在活动结束#00FF00#30#00FFFF#分钟后关闭。请冒险者抓紧时间喔！#FFFFFF#
2026-10-02 21:50:15.303 [SETTLE] exp=1 gold=199368 len=403
2026-10-02 21:50:22.533 [SYS] #00FF00#1#00FFFF#分钟后逍遥村周围将掉落20个宝箱，捡取可获得意外惊喜喔！#FFFFFF#
2026-10-02 21:50:39.120 [SETTLE] exp=2 gold=199368 len=403
2026-10-02 21:51:00.448 [SETTLE] exp=2 gold=199368 len=393
2026-10-02 21:51:26.546 [SETTLE] exp=2 gold=199368 len=403
2026-10-02 21:51:50.078 [SETTLE] exp=1 gold=199368 len=403
2026-10-02 21:52:11.629 [SETTLE] exp=1 gold=199368 len=393
2026-10-02 21:52:42.092 [SETTLE] exp=1 gold=199368 len=393
2026-10-02 21:53:07.473 [SETTLE] exp=2 gold=199368 len=393
2026-10-02 21:53:17.648 [SYS] #FFF692#恭喜#FF8CF8#岚华骏铭#FFF692#在#00C8F8#国庆福袋#FFF692#中获得了#64FF7D#本命神宠-魔法
2026-10-02 21:53:35.317 [SETTLE] exp=1 gold=199368 len=403
2026-10-02 21:53:37.591 [OP] 4031 inv=FFDE len=33 #2 b05175dce8a32b1faa5be1aede8674c149b2e941d84cdea1faa3dd367f1a998a0b
2026-10-02 21:53:54.692 [SETTLE] exp=1 gold=199368 len=403
2026-10-02 21:54:17.958 [SETTLE] exp=2 gold=199368 len=393
2026-10-02 21:54:46.322 [SETTLE] exp=2 gold=199368 len=403
2026-10-02 21:54:46.417 [OP] 4707 inv=FFF3 len=12 #1 a63bad807aecfc0b17faa32b
2026-10-02 21:54:46.418 [OP] 4612 inv=FFF7 len=8 #1 ca805b64238052fa
2026-10-02 21:54:59.768 [SYS] #00FFFF#国庆节特别活动“红旗飘飘贺国庆”将于#00FF00#5#00FFFF#分钟后结束，装饰国旗将在活动结束#00FF00#30#00FFFF#分钟后关闭。请冒险者抓紧时间喔！#FFFFFF#
2026-10-02 21:55:07.930 [SETTLE] exp=1 gold=199368 len=403
2026-10-02 21:55:29.061 [OP] 4031 inv=FFDE len=33 #3 375127dcc6a32b1faa5b499fde866dd7b3c29e92eb030bdc5950b9315e8487650b
2026-10-02 21:55:33.443 [SETTLE] exp=1 gold=199368 len=393
2026-10-02 21:55:54.778 [SETTLE] exp=1 gold=199368 len=393
2026-10-02 21:56:23.493 [SETTLE] exp=2 gold=199368 len=393
2026-10-02 21:56:43.862 [SETTLE] exp=1 gold=199368 len=393
2026-10-02 21:57:08.582 [SETTLE] exp=1 gold=199368 len=393
2026-10-02 21:57:24.029 [OP] 4031 inv=FFDC len=35 #4 775bf15145dcfaa32b1f676f5b1360a201337a40e9e991740bdc80eb797136e4e5e20b
2026-10-02 21:57:36.240 [SETTLE] exp=2 gold=199368 len=393
2026-10-02 21:57:36.343 [OP] 4210 inv=FFF3 len=12 #3 140bdcfa2f2b1f8023ecfc0b
2026-10-02 21:58:01.305 [SETTLE] exp=2 gold=199368 len=403
2026-10-02 21:58:23.417 [SETTLE] exp=1 gold=199368 len=393
2026-10-02 21:58:27.890 [OP] 4031 inv=FFD7 len=40 #5 3bfa612b56805b64510b2c0b979c5fc2669b8793884e32ebe905b46451e42a2a2b3cc534be42b30b
2026-10-02 21:58:53.634 [SETTLE] exp=1 gold=199368 len=393
2026-10-02 21:58:59.770 [SYS] #00FFFF#国庆节特别活动“红旗飘飘贺国庆”将于#00FF00#1#00FFFF#分钟后结束，装饰国旗将在活动结束#00FF00#30#00FFFF#分钟后关闭。请冒险者抓紧时间喔！#FFFFFF#
2026-10-02 21:59:19.862 [SETTLE] exp=2 gold=199368 len=393
2026-10-02 21:59:44.351 [SETTLE] exp=1 gold=199368 len=393
2026-10-02 21:59:59.864 [SYS] #00FFFF#国庆焰火晚会开始了，冒险者可到旗台处参与燃放烟花，幸运者还可能得到稀有奖励喔！装饰国旗以及燃放烟花将在#00FF00#30#00FFFF#分钟后关闭，请冒险者抓紧时间喔！#FFFFFF#
2026-10-02 22:00:08.174 [SETTLE] exp=1 gold=199368 len=393
2026-10-02 22:00:35.791 [SETTLE] exp=1 gold=199368 len=393
2026-10-02 22:01:01.913 [SETTLE] exp=1 gold=199368 len=403
2026-10-02 22:01:25.749 [SETTLE] exp=1 gold=199368 len=403
2026-10-02 22:01:51.048 [SETTLE] exp=1 gold=199368 len=403
2026-10-02 22:02:16.755 [SETTLE] exp=2 gold=199368 len=403
2026-10-02 22:02:23.698 [OP] 4707 inv=FFF3 len=12 #2 a63bad8063cdfc0b17faa32b
2026-10-02 22:02:23.794 [OP] 43F1 inv=FFFA len=5 #1 33b4de1fc7
2026-10-02 22:02:23.794 [OP] 40E0 inv=FED1 len=302 #1 55b252fa1a7c1f805b64510bfbfaa32b1f805b64a9fddcfaa32b1f8080df510bdcfaa32b46455b64fc0bdcfa392b1f804864510ba7e8a32bad805b64b2ecdcfa082b1f80addf510bb6e8a32bad805b644e80dcfa53531f805764510b13c4a32bc74e5b64d4ecdcfae62b1f800d64510b8ffaa32b1f805b64510bdcfaa32b1f805b64510bdcfaa32b1f805b64430bdcfaa32b1f805b64510bdcfaa32b1f805b64
2026-10-02 22:02:23.794 [OP] 4612 inv=FFF7 len=8 #2 ca805b64b4b252fa
2026-10-02 22:02:23.818 [OUT] 0185 inv=FFF7 len=12 #1 f7ff8501dcfaa32bc8d97b81
2026-10-02 22:02:25.792 [OP] 4612 inv=FFF7 len=8 #3 ca805b6412b252fa
2026-10-02 22:02:27.818 [OUT] 0049 inv=FFEC len=23 #1 ecff49002b1f805b64510bdc5a4e78c8805b64510b68c4
2026-10-02 22:02:27.893 [OP] 4020 inv=FFE7 len=24 #1 55b252facd2bca8094a9510bc740a32bca809564450b3bfa
2026-10-02 22:02:27.907 [OUT] 0045 inv=FFF7 len=12 #1 f7ff4500510bdcfa972b1f80
2026-10-02 22:02:27.979 [OP] 40E0 inv=FED1 len=302 #2 55b252fa1a7c1f805b64510bfbfaa32b1f805b64a9fddcfaa32b1f8080df510bdcfaa32b46455b64fc0bdcfa392b1f804864510ba7e8a32bad805b64b2ecdcfa082b1f80addf510bb6e8a32bad805b644e80dcfa53531f805764510b13c4a32bc74e5b64d4ecdcfae62b1f800d64510b8ffaa32b1f805b64510bdcfaa32b1f805b64510bdcfaa32b1f805b64430bdcfaa32b1f805b64510bdcfaa32b1f805b64
2026-10-02 22:02:27.994 [OUT] 0185 inv=FFF7 len=12 #2 f7ff8501dcfaa32bc8d97b81
2026-10-02 22:02:28.042 [OP] 4202 inv=FFEF len=16 #1 230bdcfaa32b1f800ea9510b4a5ba32b
2026-10-02 22:02:28.042 [OP] 4055 inv=FFF7 len=8 #1 3ccdfc0bdcfaa378
2026-10-02 22:02:28.042 [OP] 40E3 inv=FFCF len=48 #1 b907c464af0b6ffac32bfd804764610bdefaf82babaa956490ecfafabf5384809fdf0b0b0022462b01cec464edd052fa
2026-10-02 22:02:28.042 [OP] 40E2 inv=FFF3 len=12 #1 3ccdfc0b6ffaf82b45809564
2026-10-02 22:02:28.042 [OP] 4232 inv=FF60 len=159 #1 c8afd0dce0a32b1f4f5b645127dcfaa3de1f805b6f510bdc1c462b1f805b64510bdcfaa32b1f805b64510bdcfaa32b1f805b64510bdcfaa3599d805b64510bdcb7f82b1f805b6451fb8bfaa32b1f805b4e580bdcfaa32b1f227a64517f52faa3edad805b7c510bdc25a32b1fef5b6451c4dcfaa3d4ad805bbc510bdc6ba32b1f0a5b64510bdcfaa32cd672eca2d661e2b05b931f805b64510bdcfaa32b1f80
2026-10-02 22:02:28.042 [OP] 4232 inv=FF60 len=159 #2 c8afd0dcaea32b1f8c5b6451fddcfaa3421f805b53510bdca5202b1f805b64510bdcfaa32b1f805b64510bdcfaa32b1f805b64510bdcfaa37834805b64510bdc6a392b1f805b6451c66afaa32b1f805b24b20bdcfaa32b1f9a236451ae52faa3b834805b0d510bdcbaa32b1fef5b6451c4dcfaa3db34805b02510bdceda32b1fd35b64510bdcfaa32cd672eca2d62ce2b05bde1f805bdf510bdcfaa32b1f80
2026-10-02 22:02:28.042 [OP] 4232 inv=FF60 len=159 #3 c8afd0dccaa32b1fc65b645144dcfaa3581f805b53510bdcc5312b1f805b64510bdcfaa32b1f805b64510bdcfaa32b1f805b64510bdcfaa3593c805b64510bdc4e202b1f805b645151a7faa32b1f805b42830bdcfaa32b1fe67a64519f52faa33f8a805b54580bdc65a32b1fef5b6451c4dcfaa327f3805b0b510bdc3ddb2b1f239564510bdcfaa32cd6725aaed6de49b05bceca8095f8510bdcfaa32b1f80
2026-10-02 22:02:28.099 [OP] 4613 inv=FFBE len=65 #1 c49c1c10aa4064291790104263bc7913195826e3c4a646d741550758ec6fc4a32bcaaa9564e55d4a300253ab809464510bdcfaf82b1f7926b35c3828d7972b1f80
2026-10-02 22:02:28.099 [OP] 40A0 inv=FCAF len=848 #1 3ccdfc0ba90e392bcdc75b647dd0dcfadb4a3826f012510bdcfaa32b1f805b64510bdcfaa32b1f805b64510bdcfaa32b1f805b64510bdcfaa32b1f80a237d475f6dcd62402c75b6440ecdcfadb4a3268bef22e60dcfaa32b1f805b64510bdcfaa32b1f805b64510bdcfaa32b1f805b64510bdcfaa32b1f80b7a9a675d2308f24f4c75b64d4c4dcfadb4a7caf33b4303ccdb38023db065b64510bdcfaa32b1f80
2026-10-02 22:02:28.099 [OP] 4613 inv=FC8B len=884 #2 2d010370f8d91f733cf86cbe9059d1243915940df67f6f51c293112cc3d003756fc4f8531f8095df580b93815d320faa496451d790faa32bca805bdd1e2e6974c766e50e5b6451377c70f8d91fb093f8628e89c2965bca9bd6df09661bde352ecaaa95df510b6fc4f82bf02a2fa943ec68fadb2b1f80c464580bdc5b16876c842d43520bdcfa361c10aa4064291790104223f33465df58e364a5810e3eaa95df
2026-10-02 22:02:28.101 [OP] 4025 inv=FFF5 len=10 #1 97533832c4df51ece2fa
2026-10-02 22:02:35.521 [OP] 4613 inv=FFBE len=65 #3 c48911e3aa40d95eb56ac4e09c50793b5c0e26e3c4509462b54a53cab56ac4f853ca805bdf58ecdc2c98652db3951a517fdcfaa3de1f805b64b2720c463c2b1f80
2026-10-02 22:02:35.636 [OP] 40EB inv=FFE7 len=24 #1 07c2392b41a0c464f30bdcc6a32b1f809564510b3dc0a32b
2026-10-02 22:02:35.737 [OP] 4613 inv=FFB9 len=70 #4 953ad9f86fe0a353ca0c2649af473894315330df95e85bccfa33023bcaaa95df5bc2e7faa353caaa5b731cad54a8f8541fc7333751c4dcc4a32becc266ef33409d80a82b1f80
2026-10-02 22:02:35.737 [OP] 4613 inv=FFB3 len=76 #5 6f275cc7ca4f1c351d7f6f695d24e5bcf14760cf6fc45230caaa95df580bdcc4f8531f895ea3fb316fc5a393a7455b7f51ecdcfa57dd141609e1aea47c9ff1f7a771af225ba6a150c7eb1f80
2026-10-02 22:02:37.375 [OP] 40EB inv=FFE7 len=24 #2 07c2392b40d39464f40bdcc6a32b1f809564510b45c0a32b
2026-10-02 22:02:44.196 [OP] 43F1 inv=FFFA len=5 #2 33b4de1faa
2026-10-02 22:02:44.300 [OP] 4704 inv=FFDE len=33 #1 e3a722a39ef3ce5b64510bdcfaa32b1f3cc83369938cc5a32b1f805b64510bdcfa
2026-10-02 22:02:44.317 [OUT] 0031 inv=FFCE len=53 #1 ceff31008a4eba6f33b4de1fc84d9f586fc441396dc7b695d976c96f245e182c1cd068fcd286033d6643d45b64510bdcfaa32b1f80
2026-10-02 22:02:44.423 [OP] 401B inv=FF33 len=204 #1 55b252fa392b1f807c64510befc2392b1a805b64450bdcfaf9061f805b64510b606ea32b1f805b64cf7fdcfaa32b1f809ef8510bdcfaa32b1c48bd42804d71faa32b1f805b64510bdcdc95065207c464530bdcfa972b1f80b1d9510bdcfaa32b45ca5b64510bdcfa95931f805b64510bdee8a32b1f805b64bc595ab12b21ac805b64510bdcfaa32b1f805b6455b252fada2b1f802964510b069fa32b1f805b64
2026-10-02 22:02:45.674 [OP] 4705 inv=FFB8 len=71 #1 7c6b7f5134a722a37d67ce5bd1b20bdcfaa32b1fcc1c64510bdcfaa30359805b64510bdcaadb2b1f805b645131dcfaa3141f805b2751a2da2bf061f1341a64510bdcfaa32b1f80
2026-10-02 22:02:46.971 [OP] 4705 inv=FFB8 len=71 #2 7c6b7f5134a722a35d67ce5b2dfc0bdcfaa32b1fbbc464510bdcfaa34759805b64510bdc9ddb2b1f805b645131dcfaa3141f805b5151a2da2bf0774b341a64510bdcfaa32b1f80
2026-10-02 22:02:48.882 [OP] 4612 inv=FFF7 len=8 #4 ca805b64432590fa
2026-10-02 22:02:56.501 [OP] 40A0 inv=FE8F len=368 #2 3ccdfc0be6fadb2bb8805b643875dcfadb4ab5c13cf2bc05b600f07f9aeb5b64510bdcfaa32b1f805b64510bdcfaa32b1f805b64510bdcfaa32b1f803cc690b1076ee64a4cc75b64190bdcfadb4a0bc1f055510bdcfaa32b1f805b64510bdcfaa32b1f805b64510bdcfaa32b1f805b64510bdcfaa32b1f801bc6a0b1a96e054a15c75b64317fdcfadb4a7caf855d3064288d4cb51f805b64510bdcfaa32b1f80
2026-10-02 22:02:57.404 [OP] 40A0 inv=FF07 len=248 #3 3ccdfc0b8b5ba32b3ec75b64950bdcfadb4a6c05c267510bdcfaa32b1f805b64510bdcfaa32b1f805b64510bdcfaa32b1f805b64510bdcfaa32b1f80b7d9dfd0d29fe1dee5c75b64237fdcfadb4adb2f6340510bdcfaa32b1f805b64510bdcfaa32b1f805b64510bdcfaa32b1f805b64510bdcfaa32b1f80f8d965d0329f41de1cc75b641ac4dcfadb4a429a24ca5c00cd974148b97a632a510bdcfaa32b1f80
2026-10-02 22:02:57.404 [OP] 4612 inv=FFDB len=36 #5 5c64510b6733db2b953c946413d290facf32ad8024010e0b0333db2ba57c946444cd52fa
2026-10-02 22:03:00.415 [OP] 40A0 inv=FF43 len=188 #4 3ccdfc0b52fadb2b7ac75b6453ecdcfadb4a363c3ee11e9edcfaa32b1f805b64510bdcfaa32b1f805b64510bdcfaa32b1f805b64510bdcfaa32b1f80cac6b97f106ec8932bc75b64c57fdcfadb4a121a2d40510bdcfaa32b1f805b64510bdcfaa32b1f805b64510bdcfaa32b1f805b64510bdcfaa32b1f8000c6527f956e519346c75b64e90bdcfadb4ac3fbdb22072f7d166aa11f805b64510bdcfaa32b1f80
2026-10-02 22:03:03.415 [OP] 40A0 inv=FF43 len=188 #5 3ccdfc0b5230392b24c75b64a67fdcfadb4a962f98da510bdcfaa32b1f805b64510bdcfaa32b1f805b64510bdcfaa32b1f805b64510bdcfaa32b1f80337ae4d0aa02a8de8dc75b6403d0dcfadb4ae49ee986960a5af1d47f722c3c49510bdcfaa32b1f805b64510bdcfaa32b1f805b64510bdcfaa32b1f8066be72d0584765de6cb65b6439ecdcfadb4a7caf33b4303c60d18b02b5d85b64510bdcfaa32b1f80
2026-10-02 22:03:07.541 [SYS] #FFF692#交纳传送费用#00CCFF#690#FFF692#金币！
2026-10-02 22:03:07.542 [SYS] #ff0000#您已进入野外区域，可能遭遇玩家间的自由对战，请注意安全！#ffffff#
2026-10-02 22:03:07.542 [CURRENCY] a=199368 b=884922
2026-10-02 22:03:07.542 [OP] 40E0 inv=FED1 len=302 #3 55b252fa1a7c1f805b64510bfbfaa32b1f805b64a9fddcfaa32b1f8080df510bdcfaa32b46455b64fc0bdcfa392b1f804864510ba7e8a32bad805b64b2ecdcfa082b1f80addf510bb6e8a32bad805b644e80dcfa53531f805764510b13c4a32bc74e5b64d4ecdcfae62b1f800d64510b8ffaa32b1f805b64510bdcfaa32b1f805b64510bdcfaa32b1f805b64430bdcfaa32b1f805b64510bdcfaa32b1f805b64
2026-10-02 22:03:07.542 [OP] 40E3 inv=FFCF len=48 #2 b907c464af0bdcfac32bfd804764610bdefaf82babaa956490ecfafabf5384809fdf0b0b0022462b01cec464edd052fa
2026-10-02 22:03:07.542 [OP] 40E2 inv=FFF3 len=12 #2 3ccdfc0b6ffaa32b45809564
2026-10-02 22:03:07.542 [OP] 4232 inv=FF60 len=159 #4 c8afd0dce0a32b1f4f5b645127dcfaa3de1f805b6f510bdc1c462b1f805b64510bdcfaa32b1f805b64510bdcfaa32b1f805b64510bdcfaa3599d805b64510bdcb7f82b1f805b6451fb8bfaa32b1f805b4e580bdcfaa32b1f227a64517f52faa3edad805b7c510bdc25a32b1fef5b6451c4dcfaa3d4ad805bbc510bdc6ba32b1f0a5b64510bdcfaa32cd672eca2d661e2b05b931f805b64510bdcfaa32b1f80
2026-10-02 22:03:07.542 [OP] 4232 inv=FF60 len=159 #5 c8afd0dcaea32b1f8c5b6451fddcfaa3421f805b53510bdca5202b1f805b64510bdcfaa32b1f805b64510bdcfaa32b1f805b64510bdcfaa37834805b64510bdc6a392b1f805b6451c66afaa32b1f805b24b20bdcfaa32b1f9a236451ae52faa3b834805b0d510bdcbaa32b1fef5b6451c4dcfaa3db34805b02510bdceda32b1fd35b64510bdcfaa32cd672eca2d62ce2b05bde1f805bdf510bdcfaa32b1f80
2026-10-02 22:03:07.542 [OP] 401B inv=FEB3 len=332 #2 a63bad800d64510b17faa32b7207c464530bdcfa972b1f80afc6510bdcfaa32be4c65b64510bdcfae9931f805b64510bffe8a32b1f805b64bc595ab12b219f805b64510bdcfaa32b1f80c16412b252fada2b1f802964510bac9fa32b1f805b6437fddcfaa32b1f8012f8510bdcfaa32be0c75b64510bdcfa16876c842d437f0bdcfaa32b1f805b64510bdcfaa63bad803564510b68faa32b53ca5b64510bdcfa
2026-10-02 22:03:07.562 [OUT] 0185 inv=FFF7 len=12 #3 f7ff8501dcfaa32bc8d97b81
2026-10-02 22:03:07.621 [OP] 4202 inv=FFEF len=16 #2 b7ecdcfa572b1f80f7df510b94c4a32b
2026-10-02 22:03:07.621 [OP] 4055 inv=FFF7 len=8 #2 3ccdfc0bdcfaa32b
2026-10-02 22:03:13.709 [SYS] #ff0000#您已进入野外区域，可能遭遇玩家间的自由对战，请注意安全！#ffffff#
2026-10-02 22:03:13.758 [OP] 40E0 inv=FED1 len=302 #4 55b252fa1a7c1f805b64510bfbfaa32b1f805b64a9fddcfaa32b1f8080df510bdcfaa32b46455b64fc0bdcfa392b1f804864510ba7e8a32bad805b64b2ecdcfa082b1f80addf510bb6e8a32bad805b644e80dcfa53531f805764510b13c4a32bc74e5b64d4ecdcfae62b1f800d64510b8ffaa32b1f805b64510bdcfaa32b1f805b64510bdcfaa32b1f805b64430bdcfaa32b1f805b64510bdcfaa32b1f805b64
2026-10-02 22:03:13.758 [OP] 40E3 inv=FFCF len=48 #3 b907c464af0bdcfac32bfd804764610bdefaf82babaa956490ecfafabf5384809fdf0b0b0022462b01cec464edd052fa
2026-10-02 22:03:13.758 [OP] 40E2 inv=FFF3 len=12 #3 3ccdfc0b6ffaa32b45809564
2026-10-02 22:03:13.760 [OP] 401B inv=FEB3 len=332 #3 a63bad800d64510b17faa32b7207c464530bdcfa972b1f80afc6510bdcfaa32be4c65b64510bdcfae9931f805b64510bffe8a32b1f805b64bc595ab12b219f805b64510bdcfaa32b1f41da4f12b252fada2b1f802964510bac9fa32b1f805b6437fddcfaa32b1f8012f8510bdcfaa32be0c75b64510bdcfa16876c842d437f0bdcfaa32b1f805b64510bdcfaa63bad803564510b68faa32b53ca5b64510bdcfa
2026-10-02 22:03:13.760 [OP] 4202 inv=FFEF len=16 #3 15ecdcfab42b1f8056df510bf5baa32b
2026-10-02 22:03:13.760 [OP] 4055 inv=FFF7 len=8 #3 3ccdfc0bdcfaa32b
2026-10-02 22:03:13.791 [OUT] 0185 inv=FFF7 len=12 #4 f7ff8501dcfaa32bc8d97b81
2026-10-02 22:03:27.701 [SYS] #00FF00#1#00FFFF#分钟后逍遥村周围将掉落20个宝箱，捡取可获得意外惊喜喔！#FFFFFF#
2026-10-02 22:03:41.726 [SETTLE] exp=2 gold=199368 len=403
2026-10-02 22:04:03.489 [SETTLE] exp=2 gold=199368 len=393
2026-10-02 22:04:20.741 [SETTLE] exp=1 gold=199368 len=393
2026-10-02 22:04:44.413 [SETTLE] exp=2 gold=199368 len=393
2026-10-02 22:04:47.755 [SYS] #FF8CF8#【岚华】#00FFFF#放了一个大炮仗，在逍遥村东区周围炸出红星券，大家快来抢哟！
2026-10-02 22:05:06.779 [SETTLE] exp=2 gold=199368 len=403
2026-10-02 22:05:30.258 [SETTLE] exp=2 gold=199368 len=403
2026-10-02 22:05:52.506 [SETTLE] exp=2 gold=199368 len=393
2026-10-02 22:06:14.455 [SETTLE] exp=1 gold=199368 len=403
2026-10-02 22:06:35.771 [SETTLE] exp=2 gold=199368 len=403
2026-10-02 22:06:54.080 [SETTLE] exp=2 gold=199368 len=403
2026-10-02 22:07:03.455 [QUESTION] {"type":"question","sock":2488,"qno":10,"field_a":77,"stem":"蚯蚓适合生活在什么样的环境里？","options":["1、太空里","2、天空里","3、水里","4、阴暗潮湿"]}
2026-10-02 22:07:04.458 [UI] auto dump on question qno=10
2026-10-02 22:07:04.458 [UI] ---- window dump begin (pid 22444) ----
2026-10-02 22:07:04.464 [UI] TOP=000309FA vis=1 cls=ATL:0132F210 rc=(555,102,1595,909) title=什么什么大冒险2(①逍遥村敬老院)-伏地魔3_Sep 24 2026《什么什么大冒险》制作委员会QQ群:515616289
2026-10-02 22:07:04.464 [UI] TOP=0016036C vis=0 cls=DIEmWin rc=(-1,-1,135,38) title=DIEmWin
2026-10-02 22:07:04.479 [UI] TOP=000309F4 vis=0 cls=MSCTFIME UI rc=(0,0,0,0) title=MSCTFIME UI
2026-10-02 22:07:04.497 [UI] TOP=00180A56 vis=0 cls=IME rc=(0,0,0,0) title=Default IME
2026-10-02 22:07:04.498 [UI] TOP=03DE07C8 vis=0 cls=IME rc=(0,0,0,0) title=Default IME
2026-10-02 22:07:04.498 [UI] ---- window dump end ----
2026-10-02 22:07:04.973 [SEND-ANSWER] qno=10 opt=3 ret=13 sock=2488
2026-10-02 22:07:05.031 [SYS] 测试通过！
2026-10-02 22:07:05.134 [SYS] 获得了#00FF00#100#FFF692#金币
2026-10-02 22:07:05.134 [CURRENCY] a=199368 b=885712
2026-10-02 22:07:18.670 [SETTLE] exp=1 gold=199368 len=393
2026-10-02 22:07:38.415 [SETTLE] exp=1 gold=199368 len=403
2026-10-02 22:08:05.404 [SETTLE] exp=1 gold=199368 len=403
2026-10-02 22:08:31.787 [SETTLE] exp=1 gold=199368 len=393
2026-10-02 22:08:53.554 [SETTLE] exp=2 gold=199368 len=403
2026-10-02 22:09:14.892 [SETTLE] exp=2 gold=199368 len=403
2026-10-02 22:09:24.423 [SYS] #FF8CF8#【岚华】#00FFFF#放了一个大炮仗，在逍遥村东区周围炸出红星券，大家快来抢哟！
2026-10-02 22:09:40.959 [SETTLE] exp=2 gold=199368 len=403
2026-10-02 22:10:03.164 [SETTLE] exp=1 gold=199368 len=393
2026-10-02 22:10:24.156 [SETTLE] exp=2 gold=199368 len=393
2026-10-02 22:10:32.575 [SYS] #FF8CF8#【岚华】#00FFFF#放了一个大炮仗，在逍遥村东区周围炸出红星券，大家快来抢哟！
2026-10-02 22:10:36.691 [OUT] 1F04 inv=FFF6 len=13 #1 f6ff041fce1f805bcd510bdcfa
2026-10-02 22:11:14.181 [SETTLE] exp=1 gold=199368 len=403
2026-10-02 22:11:39.880 [SETTLE] exp=2 gold=199368 len=393
2026-10-02 22:11:47.112 [SYS] #FF8CF8#【岚华】#00FFFF#放了一个大炮仗，在逍遥村东区周围炸出红星券，大家快来抢哟！
2026-10-02 22:12:10.670 [SETTLE] exp=1 gold=199368 len=403
2026-10-02 22:12:37.108 [SETTLE] exp=1 gold=199368 len=393
2026-10-02 22:13:02.089 [SETTLE] exp=2 gold=199368 len=403
2026-10-02 22:13:22.484 [SETTLE] exp=1 gold=199368 len=393
2026-10-02 22:13:44.751 [SETTLE] exp=2 gold=199368 len=393
2026-10-02 22:14:11.797 [SETTLE] exp=2 gold=199368 len=393
2026-10-02 22:14:36.084 [SETTLE] exp=2 gold=199368 len=393
2026-10-02 22:14:54.627 [SYS] #FF8CF8#【岚华】#00FFFF#放了一个大炮仗，在逍遥村东区周围炸出红星券，大家快来抢哟！
2026-10-02 22:15:04.873 [SETTLE] exp=2 gold=199368 len=393
2026-10-02 22:15:37.560 [SETTLE] exp=2 gold=199368 len=393
2026-10-02 22:16:03.224 [SYS] #FF8CF8#【岚华】#00FFFF#放了一个大炮仗，在逍遥村东区周围炸出红星券，大家快来抢哟！
2026-10-02 22:16:05.063 [SETTLE] exp=1 gold=199368 len=393
2026-10-02 22:16:23.755 [SETTLE] exp=1 gold=199368 len=403
2026-10-02 22:16:50.490 [SETTLE] exp=2 gold=199368 len=393
2026-10-02 22:17:12.480 [SETTLE] exp=2 gold=199368 len=403
2026-10-02 22:17:32.437 [SETTLE] exp=2 gold=199368 len=393
2026-10-02 22:17:58.452 [SETTLE] exp=2 gold=199368 len=403
2026-10-02 22:18:23.340 [SETTLE] exp=1 gold=199368 len=393
2026-10-02 22:18:49.939 [SETTLE] exp=2 gold=199368 len=393
2026-10-02 22:19:15.561 [SETTLE] exp=2 gold=199368 len=393
2026-10-02 22:19:42.107 [SETTLE] exp=2 gold=199368 len=403
2026-10-02 22:20:02.592 [SETTLE] exp=2 gold=199368 len=393
2026-10-02 22:20:30.601 [SETTLE] exp=1 gold=199368 len=393
2026-10-02 22:20:54.171 [SETTLE] exp=2 gold=199368 len=393
2026-10-02 22:20:58.849 [SYS] #FF8CF8#【岚华】#00FFFF#放了一个大炮仗，在逍遥村东区周围炸出红星券，大家快来抢哟！
2026-10-02 22:21:24.259 [SETTLE] exp=1 gold=199368 len=403
2026-10-02 22:21:50.539 [SETTLE] exp=2 gold=199368 len=403
2026-10-02 22:22:17.125 [SETTLE] exp=2 gold=199368 len=393
2026-10-02 22:22:38.452 [SETTLE] exp=1 gold=199368 len=393
2026-10-02 22:23:05.494 [SETTLE] exp=2 gold=199368 len=403
2026-10-02 22:23:08.772 [SYS] #FF8CF8#【岚华骏铭】#00FFFF#放了一个大炮仗，在逍遥村东区周围炸出红星券，大家快来抢哟！
2026-10-02 22:23:31.408 [SETTLE] exp=1 gold=199368 len=403
2026-10-02 22:23:36.456 [SYS] #FF8CF8#【岚华骏铭】#00FFFF#放了一个大炮仗，在逍遥村东区周围炸出红星券，大家快来抢哟！
2026-10-02 22:23:58.314 [SETTLE] exp=2 gold=199368 len=393
2026-10-02 22:24:25.994 [SETTLE] exp=2 gold=199368 len=403
2026-10-02 22:24:47.550 [SETTLE] exp=2 gold=199368 len=403
2026-10-02 22:25:11.417 [SETTLE] exp=1 gold=199368 len=403
2026-10-02 22:25:33.716 [SETTLE] exp=2 gold=199368 len=403
2026-10-02 22:25:56.840 [SETTLE] exp=2 gold=199368 len=393
2026-10-02 22:26:15.013 [SETTLE] exp=2 gold=199368 len=393
2026-10-02 22:26:36.507 [SETTLE] exp=1 gold=199368 len=393
2026-10-02 22:26:59.766 [SYS] #00FFFF#国庆焰火晚会开始了，冒险者可到旗台处参与燃放烟花，幸运者还可能得到稀有奖励喔！装饰国旗以及燃放烟花将在#00FF00#3#00FFFF#分钟后关闭，请冒险者抓紧时间喔！#FFFFFF#
2026-10-02 22:27:11.805 [SETTLE] exp=2 gold=199368 len=403
2026-10-02 22:27:30.968 [SYS] #FF8CF8#【岚华骏铭】#00FFFF#放了一个大炮仗，在逍遥村东区周围炸出红星券，大家快来抢哟！
2026-10-02 22:27:35.739 [SETTLE] exp=2 gold=199368 len=393
2026-10-02 22:28:01.531 [SETTLE] exp=1 gold=199368 len=403
2026-10-02 22:28:27.756 [SETTLE] exp=1 gold=199368 len=393
2026-10-02 22:28:49.135 [SETTLE] exp=2 gold=199368 len=393
2026-10-02 22:29:08.573 [SETTLE] exp=2 gold=199368 len=393
2026-10-02 22:29:32.053 [SETTLE] exp=2 gold=199368 len=393
2026-10-02 22:29:57.121 [SETTLE] exp=1 gold=199368 len=393
2026-10-02 22:29:59.762 [SYS] #00FFFF#国庆节特别活动“红旗飘飘贺国庆”以及国庆焰火晚会到此结束，谢谢各位冒险者的热情参与，祝所有冒险者国庆快乐！#FFFFFF#
2026-10-02 22:30:20.744 [SETTLE] exp=2 gold=199368 len=393
2026-10-02 22:30:37.834 [SETTLE] exp=2 gold=199368 len=393
2026-10-02 22:31:00.339 [SETTLE] exp=1 gold=199368 len=403
2026-10-02 22:31:00.436 [OP] 4210 inv=FFF3 len=12 #4 660bdcfa662b1f807aecfc0b
2026-10-02 22:31:22.657 [SETTLE] exp=2 gold=199368 len=393
2026-10-02 22:31:46.806 [SETTLE] exp=2 gold=199368 len=403
2026-10-02 22:32:20.447 [SETTLE] exp=2 gold=199368 len=403
2026-10-02 22:32:50.434 [SETTLE] exp=1 gold=199368 len=403
2026-10-02 22:33:14.404 [SETTLE] exp=1 gold=199368 len=403
2026-10-02 22:33:39.514 [SETTLE] exp=1 gold=199368 len=393
2026-10-02 22:34:03.938 [SETTLE] exp=2 gold=199368 len=403
2026-10-02 22:34:23.502 [SETTLE] exp=2 gold=199368 len=393
2026-10-02 22:34:45.260 [SETTLE] exp=1 gold=199368 len=393
2026-10-02 22:35:07.391 [SETTLE] exp=1 gold=199368 len=393
2026-10-02 22:35:28.137 [SETTLE] exp=1 gold=199368 len=393
2026-10-02 22:35:45.751 [SETTLE] exp=2 gold=199368 len=393
2026-10-02 22:36:08.424 [SETTLE] exp=1 gold=199368 len=403
2026-10-02 22:36:08.540 [OP] 4210 inv=FFF3 len=12 #5 660bdcfaef2b1f8023ecfc0b
2026-10-02 22:36:28.677 [SETTLE] exp=2 gold=199368 len=393
2026-10-02 22:36:46.350 [SETTLE] exp=2 gold=199368 len=403
2026-10-02 22:37:14.244 [SETTLE] exp=2 gold=199368 len=403
2026-10-02 22:37:40.400 [SETTLE] exp=1 gold=199368 len=393
2026-10-02 22:38:05.785 [SETTLE] exp=2 gold=199368 len=403
2026-10-02 22:38:25.807 [SETTLE] exp=2 gold=199368 len=403
2026-10-02 22:38:47.599 [SETTLE] exp=2 gold=199368 len=393
2026-10-02 22:39:05.464 [SETTLE] exp=1 gold=199368 len=393
2026-10-02 22:39:33.660 [SETTLE] exp=1 gold=199368 len=393
2026-10-02 22:39:51.853 [SETTLE] exp=2 gold=199368 len=393
2026-10-02 22:40:18.435 [SETTLE] exp=1 gold=199368 len=393
2026-10-02 22:40:39.876 [SETTLE] exp=2 gold=199368 len=393
2026-10-02 22:41:03.748 [SETTLE] exp=2 gold=199368 len=393
2026-10-02 22:41:28.822 [SETTLE] exp=2 gold=199368 len=403
2026-10-02 22:41:47.689 [SETTLE] exp=1 gold=199368 len=403
2026-10-02 22:42:17.687 [SETTLE] exp=1 gold=199368 len=393
2026-10-02 22:42:44.538 [SETTLE] exp=1 gold=199368 len=393
2026-10-02 22:43:07.357 [SETTLE] exp=2 gold=199368 len=403
2026-10-02 22:43:33.122 [SETTLE] exp=1 gold=199368 len=393
2026-10-02 22:44:02.270 [SETTLE] exp=2 gold=199368 len=393
2026-10-02 22:44:22.721 [SETTLE] exp=2 gold=199368 len=393
2026-10-02 22:44:47.611 [SETTLE] exp=1 gold=199368 len=403
2026-10-02 22:45:10.870 [SETTLE] exp=2 gold=199368 len=393
2026-10-02 22:45:37.031 [SETTLE] exp=1 gold=199368 len=403
2026-10-02 22:45:55.282 [SETTLE] exp=1 gold=199368 len=403
2026-10-02 22:46:20.921 [SETTLE] exp=1 gold=199368 len=403
2026-10-02 22:46:46.768 [SETTLE] exp=2 gold=199368 len=403
2026-10-02 22:47:11.504 [SETTLE] exp=1 gold=199368 len=393
2026-10-02 22:47:31.277 [SETTLE] exp=2 gold=199368 len=403
2026-10-02 22:47:59.801 [SETTLE] exp=1 gold=199368 len=393
2026-10-02 22:48:31.770 [SETTLE] exp=1 gold=199368 len=403
2026-10-02 22:48:56.484 [SETTLE] exp=2 gold=199368 len=393
2026-10-02 22:49:25.796 [SETTLE] exp=1 gold=199368 len=403
2026-10-02 22:49:50.516 [SETTLE] exp=2 gold=199368 len=393
2026-10-02 22:50:13.281 [SETTLE] exp=1 gold=199368 len=393
2026-10-02 22:50:34.951 [SETTLE] exp=2 gold=199368 len=393
2026-10-02 22:51:03.265 [SETTLE] exp=1 gold=199368 len=403
2026-10-02 22:51:26.635 [SETTLE] exp=1 gold=199368 len=393
2026-10-02 22:51:48.639 [SETTLE] exp=2 gold=199368 len=393
2026-10-02 22:52:17.002 [SETTLE] exp=1 gold=199368 len=393
2026-10-02 22:52:35.762 [SETTLE] exp=2 gold=199368 len=393
2026-10-02 22:52:59.499 [SETTLE] exp=1 gold=199368 len=403
2026-10-02 22:53:24.990 [SETTLE] exp=1 gold=199368 len=393
2026-10-02 22:53:51.230 [SETTLE] exp=2 gold=199368 len=403
2026-10-02 22:54:11.230 [SETTLE] exp=2 gold=199368 len=403
2026-10-02 22:54:26.405 [SETTLE] exp=1 gold=199368 len=393
2026-10-02 22:54:50.188 [SETTLE] exp=2 gold=199368 len=403
2026-10-02 22:55:20.515 [SETTLE] exp=2 gold=199368 len=403
2026-10-02 22:55:40.568 [SETTLE] exp=2 gold=199368 len=393
2026-10-02 22:56:00.155 [SETTLE] exp=1 gold=199368 len=393
2026-10-02 22:56:27.693 [SETTLE] exp=1 gold=199368 len=403
2026-10-02 22:56:50.438 [SETTLE] exp=2 gold=199368 len=403
2026-10-02 22:57:20.296 [SETTLE] exp=2 gold=199368 len=393
2026-10-02 22:57:47.273 [SETTLE] exp=2 gold=199368 len=403
2026-10-02 22:58:13.266 [SETTLE] exp=2 gold=199368 len=403
2026-10-02 22:58:38.530 [SETTLE] exp=1 gold=199368 len=403
2026-10-02 22:58:57.946 [SETTLE] exp=1 gold=199368 len=393
2026-10-02 22:59:21.966 [SETTLE] exp=1 gold=199368 len=393
2026-10-02 22:59:43.776 [SETTLE] exp=2 gold=199368 len=393
2026-10-02 23:00:08.533 [SETTLE] exp=1 gold=199368 len=393
2026-10-02 23:00:33.279 [SETTLE] exp=1 gold=199368 len=393
2026-10-02 23:00:56.609 [SETTLE] exp=1 gold=199368 len=403
2026-10-02 23:01:21.164 [SETTLE] exp=2 gold=199368 len=403
2026-10-02 23:01:47.354 [SETTLE] exp=2 gold=199368 len=393
2026-10-02 23:02:06.699 [SETTLE] exp=1 gold=199368 len=393
2026-10-02 23:02:28.123 [SETTLE] exp=1 gold=199368 len=393
2026-10-02 23:02:56.982 [SETTLE] exp=1 gold=199368 len=403
2026-10-02 23:03:23.503 [SETTLE] exp=2 gold=199368 len=403
2026-10-02 23:03:53.224 [SETTLE] exp=1 gold=199368 len=393
2026-10-02 23:04:19.638 [SETTLE] exp=1 gold=199368 len=403
2026-10-02 23:04:45.517 [SETTLE] exp=1 gold=199368 len=403
2026-10-02 23:05:14.434 [SETTLE] exp=2 gold=199368 len=403
2026-10-02 23:05:42.728 [SETTLE] exp=2 gold=199368 len=403
2026-10-02 23:06:04.925 [SETTLE] exp=1 gold=199368 len=393
2026-10-02 23:06:25.353 [SETTLE] exp=1 gold=199368 len=393
2026-10-02 23:06:53.840 [SETTLE] exp=2 gold=199368 len=393
2026-10-02 23:07:17.856 [SETTLE] exp=1 gold=199368 len=393
2026-10-02 23:07:46.901 [SETTLE] exp=2 gold=199368 len=403
2026-10-02 23:08:09.257 [SETTLE] exp=2 gold=199368 len=403
2026-10-02 23:08:11.626 [QUESTION] {"type":"question","sock":2488,"qno":16,"field_a":88,"stem":"人们在动物园里看到的俗称\"四不象\"的动物是?","options":["1、驯兽师","2、猩猩队长","3、麋鹿","4、霸天虎"]}
2026-10-02 23:08:12.627 [UI] auto dump on question qno=16
2026-10-02 23:08:12.627 [UI] ---- window dump begin (pid 22444) ----
2026-10-02 23:08:12.640 [UI] TOP=000309FA vis=1 cls=ATL:0132F210 rc=(555,102,1595,909) title=什么什么大冒险2(①逍遥村敬老院)-伏地魔3_Sep 24 2026《什么什么大冒险》制作委员会QQ群:515616289
2026-10-02 23:08:12.640 [UI] TOP=0016036C vis=0 cls=DIEmWin rc=(-1,-1,135,38) title=DIEmWin
2026-10-02 23:08:12.655 [UI] TOP=000309F4 vis=0 cls=MSCTFIME UI rc=(0,0,0,0) title=MSCTFIME UI
2026-10-02 23:08:12.672 [UI] TOP=00180A56 vis=0 cls=IME rc=(0,0,0,0) title=Default IME
2026-10-02 23:08:12.672 [UI] TOP=03DE07C8 vis=0 cls=IME rc=(0,0,0,0) title=Default IME
2026-10-02 23:08:12.673 [UI] ---- window dump end ----
2026-10-02 23:08:13.839 [SEND-ANSWER] qno=16 opt=2 ret=13 sock=2488
2026-10-02 23:08:13.894 [SYS] 测试通过！
2026-10-02 23:08:13.994 [SYS] 获得了#00FF00#100#FFF692#金币
2026-10-02 23:08:13.994 [CURRENCY] a=199368 b=885812
2026-10-02 23:08:35.537 [SETTLE] exp=1 gold=199368 len=393
2026-10-02 23:09:01.429 [SETTLE] exp=1 gold=199368 len=403
2026-10-02 23:09:30.285 [SETTLE] exp=2 gold=199368 len=393
2026-10-02 23:09:54.233 [SETTLE] exp=1 gold=199368 len=403
2026-10-02 23:10:14.738 [SETTLE] exp=2 gold=199368 len=393
2026-10-02 23:10:43.989 [SETTLE] exp=2 gold=199368 len=403
2026-10-02 23:11:20.301 [SETTLE] exp=1 gold=199368 len=393
2026-10-02 23:12:07.614 [CLOSE] main sock 2488 closed
2026-10-02 23:14:35.474 [CLOSE] main sock 4294967295 closed
2026-10-02 23:14:35.903 [CLOSE] main sock 4294967295 closed
2026-10-02 23:14:36.317 [CLOSE] main sock 4294967295 closed
2026-10-02 23:14:36.318 [CLOSE] main sock 4294967295 closed
2026-10-02 23:14:36.397 [INIT] dll unloaded
