2026-10-03 17:05:49.737 [INIT] dll loaded, pid=8116 (pure network mode)
2026-10-03 17:05:49.737 [INIT] codec loaded OK
2026-10-03 17:05:49.737 [INIT] iat hooks: recv=1 send=1 WSASend=1 connect=1 closesocket=1
2026-10-03 17:05:50.041 [PIPE] controller connected
2026-10-03 17:06:30.452 [CONNECT] sock 2512 -> port 8484
2026-10-03 17:06:32.040 [CONNECT] sock 2688 -> port 8485
2026-10-03 17:06:32.093 [MAIN-SOCK] identified game world sock 2688 (WSASend op=F001)
2026-10-03 17:07:42.019 [SETTLE] exp=1 gold=199368 len=393
2026-10-03 17:08:08.858 [SETTLE] exp=1 gold=199368 len=393
2026-10-03 17:08:36.771 [SETTLE] exp=1 gold=199368 len=393
2026-10-03 17:09:10.394 [SETTLE] exp=2 gold=199368 len=403
2026-10-03 17:09:42.152 [SETTLE] exp=2 gold=199368 len=393
2026-10-03 17:10:00.067 [SYS] #00FFFF#尊敬的冒险者们，今天是#FFFF00#力量之日#00FFFF#！#FFFF00#力量卡片#00FFFF#和少量稀有卡片已经散落在了梦境世界的各个角落，等待着它们的主人！赶快战斗吧，去寻找属于你的卡片！
2026-10-03 17:10:08.607 [SETTLE] exp=1 gold=199368 len=393
2026-10-03 17:10:40.802 [SETTLE] exp=1 gold=199368 len=393
2026-10-03 17:11:00.115 [SYS] #00FFFF#活动中获得的卡片可以在#00FF00#龙之都#00FFFF#的#FF0000#奥里雷西亚女士#00FFFF#处兑换其它卡片或者收藏品；打开锁着的藏宝箱得到的#FFFF00#武器大师礼券#00FFFF#可以在#00FF00#龙之都#00FFFF#的#FF0000#哼哼先生#00FFFF#处兑换锻造金色武器的原料。
2026-10-03 17:11:13.087 [SETTLE] exp=1 gold=199368 len=393
2026-10-03 17:11:37.232 [SETTLE] exp=1 gold=199368 len=393
2026-10-03 17:12:06.603 [SETTLE] exp=1 gold=199368 len=393
2026-10-03 17:12:44.408 [SETTLE] exp=1 gold=199368 len=393
2026-10-03 17:13:19.526 [SETTLE] exp=1 gold=199368 len=393
2026-10-03 17:13:54.761 [SETTLE] exp=1 gold=199368 len=393
2026-10-03 17:14:25.819 [SETTLE] exp=2 gold=199368 len=393
2026-10-03 17:14:50.477 [SETTLE] exp=1 gold=199368 len=393
2026-10-03 17:15:19.650 [SETTLE] exp=2 gold=199368 len=393
2026-10-03 17:15:54.415 [SETTLE] exp=1 gold=199368 len=393
2026-10-03 17:16:16.193 [SETTLE] exp=1 gold=199368 len=393
2026-10-03 17:16:40.101 [SETTLE] exp=2 gold=199368 len=393
2026-10-03 17:17:10.639 [SETTLE] exp=2 gold=199368 len=393
2026-10-03 17:17:34.956 [SETTLE] exp=1 gold=199368 len=393
2026-10-03 17:17:59.088 [SETTLE] exp=1 gold=199368 len=393
2026-10-03 17:18:25.538 [SETTLE] exp=2 gold=199368 len=393
2026-10-03 17:19:04.914 [SETTLE] exp=2 gold=199368 len=393
2026-10-03 17:19:32.594 [SETTLE] exp=1 gold=199368 len=393
2026-10-03 17:19:59.493 [SETTLE] exp=1 gold=199368 len=393
2026-10-03 17:20:00.065 [SYS] #00FFFF#尊敬的冒险者们，今天是#FFFF00#力量之日#00FFFF#！#FFFF00#力量卡片#00FFFF#和少量稀有卡片已经散落在了梦境世界的各个角落，等待着它们的主人！赶快战斗吧，去寻找属于你的卡片！
2026-10-03 17:20:39.588 [SETTLE] exp=1 gold=199368 len=393
2026-10-03 17:21:00.062 [SYS] #00FFFF#活动中获得的卡片可以在#00FF00#龙之都#00FFFF#的#FF0000#奥里雷西亚女士#00FFFF#处兑换其它卡片或者收藏品；打开锁着的藏宝箱得到的#FFFF00#武器大师礼券#00FFFF#可以在#00FF00#龙之都#00FFFF#的#FF0000#哼哼先生#00FFFF#处兑换锻造金色武器的原料。
2026-10-03 17:21:02.521 [SETTLE] exp=2 gold=199368 len=393
2026-10-03 17:21:26.010 [SETTLE] exp=1 gold=199368 len=393
2026-10-03 17:21:53.934 [SETTLE] exp=1 gold=199368 len=393
2026-10-03 17:22:22.107 [SETTLE] exp=1 gold=199368 len=393
2026-10-03 17:22:56.084 [SETTLE] exp=2 gold=199368 len=393
2026-10-03 17:23:22.669 [SETTLE] exp=2 gold=199368 len=393
2026-10-03 17:23:47.264 [SETTLE] exp=2 gold=199368 len=393
2026-10-03 17:24:11.023 [SETTLE] exp=1 gold=199368 len=393
2026-10-03 17:24:37.465 [SETTLE] exp=2 gold=199368 len=393
2026-10-03 17:25:05.691 [SETTLE] exp=2 gold=199368 len=393
2026-10-03 17:25:30.228 [SETTLE] exp=2 gold=199368 len=393
2026-10-03 17:25:57.153 [SETTLE] exp=1 gold=199368 len=393
2026-10-03 17:26:23.803 [SETTLE] exp=1 gold=199368 len=393
2026-10-03 17:27:04.196 [SETTLE] exp=1 gold=199368 len=393
2026-10-03 17:27:28.389 [SETTLE] exp=2 gold=199368 len=393
2026-10-03 17:27:50.777 [SETTLE] exp=1 gold=199368 len=403
2026-10-03 17:28:17.292 [SETTLE] exp=2 gold=199368 len=393
2026-10-03 17:29:03.381 [SETTLE] exp=1 gold=199368 len=393
2026-10-03 17:29:33.323 [SETTLE] exp=1 gold=199368 len=393
2026-10-03 17:30:00.067 [SYS] #00FFFF#尊敬的冒险者们，今天是#FFFF00#力量之日#00FFFF#！#FFFF00#力量卡片#00FFFF#和少量稀有卡片已经散落在了梦境世界的各个角落，等待着它们的主人！赶快战斗吧，去寻找属于你的卡片！
2026-10-03 17:30:11.362 [SETTLE] exp=2 gold=199368 len=393
2026-10-03 17:30:41.777 [SETTLE] exp=1 gold=199368 len=393
2026-10-03 17:31:00.069 [SYS] #00FFFF#活动中获得的卡片可以在#00FF00#龙之都#00FFFF#的#FF0000#奥里雷西亚女士#00FFFF#处兑换其它卡片或者收藏品；打开锁着的藏宝箱得到的#FFFF00#武器大师礼券#00FFFF#可以在#00FF00#龙之都#00FFFF#的#FF0000#哼哼先生#00FFFF#处兑换锻造金色武器的原料。
2026-10-03 17:31:17.486 [SETTLE] exp=1 gold=199368 len=393
2026-10-03 17:31:49.025 [SETTLE] exp=2 gold=199368 len=393
2026-10-03 17:32:19.078 [SETTLE] exp=1 gold=199368 len=393
2026-10-03 17:32:43.972 [SETTLE] exp=2 gold=199368 len=393
2026-10-03 17:33:21.646 [SETTLE] exp=1 gold=199368 len=393
2026-10-03 17:33:59.206 [SETTLE] exp=1 gold=199368 len=393
2026-10-03 17:34:21.571 [SETTLE] exp=1 gold=199368 len=393
2026-10-03 17:34:45.409 [SETTLE] exp=1 gold=199368 len=393
2026-10-03 17:35:25.163 [SETTLE] exp=2 gold=199368 len=403
2026-10-03 17:36:10.394 [SETTLE] exp=1 gold=199368 len=393
2026-10-03 17:36:37.348 [SETTLE] exp=1 gold=199368 len=393
2026-10-03 17:37:03.480 [SETTLE] exp=2 gold=199368 len=393
2026-10-03 17:37:49.556 [SETTLE] exp=2 gold=199368 len=393
2026-10-03 17:38:18.404 [SETTLE] exp=2 gold=199368 len=393
2026-10-03 17:38:44.368 [SETTLE] exp=1 gold=199368 len=393
2026-10-03 17:39:10.338 [SETTLE] exp=1 gold=199368 len=393
2026-10-03 17:39:34.367 [SETTLE] exp=1 gold=199368 len=393
2026-10-03 17:40:00.120 [SYS] #00FFFF#尊敬的冒险者们，今天是#FFFF00#力量之日#00FFFF#！#FFFF00#力量卡片#00FFFF#和少量稀有卡片已经散落在了梦境世界的各个角落，等待着它们的主人！赶快战斗吧，去寻找属于你的卡片！
2026-10-03 17:40:01.301 [SETTLE] exp=1 gold=199368 len=393
2026-10-03 17:40:28.799 [SETTLE] exp=1 gold=199368 len=393
2026-10-03 17:40:51.663 [SETTLE] exp=2 gold=199368 len=393
2026-10-03 17:41:00.079 [SYS] #00FFFF#活动中获得的卡片可以在#00FF00#龙之都#00FFFF#的#FF0000#奥里雷西亚女士#00FFFF#处兑换其它卡片或者收藏品；打开锁着的藏宝箱得到的#FFFF00#武器大师礼券#00FFFF#可以在#00FF00#龙之都#00FFFF#的#FF0000#哼哼先生#00FFFF#处兑换锻造金色武器的原料。
2026-10-03 17:41:28.265 [SETTLE] exp=2 gold=199368 len=393
2026-10-03 17:41:56.879 [SETTLE] exp=1 gold=199368 len=393
2026-10-03 17:42:25.157 [SETTLE] exp=2 gold=199368 len=393
2026-10-03 17:42:52.825 [SETTLE] exp=2 gold=199368 len=393
2026-10-03 17:43:15.317 [SETTLE] exp=1 gold=199368 len=393
2026-10-03 17:43:42.309 [SETTLE] exp=1 gold=199368 len=393
2026-10-03 17:44:14.622 [SETTLE] exp=1 gold=199368 len=393
2026-10-03 17:44:45.173 [SETTLE] exp=2 gold=199368 len=393
2026-10-03 17:45:13.111 [SETTLE] exp=2 gold=199368 len=393
2026-10-03 17:45:46.568 [SETTLE] exp=2 gold=199368 len=393
2026-10-03 17:46:15.950 [SETTLE] exp=2 gold=199368 len=393
2026-10-03 17:46:44.165 [SETTLE] exp=2 gold=199368 len=393
2026-10-03 17:47:15.784 [SETTLE] exp=1 gold=199368 len=393
2026-10-03 17:47:45.391 [SETTLE] exp=1 gold=199368 len=393
2026-10-03 17:48:13.580 [SETTLE] exp=1 gold=199368 len=393
2026-10-03 17:48:42.552 [SETTLE] exp=2 gold=199368 len=393
2026-10-03 17:49:09.275 [SETTLE] exp=1 gold=199368 len=393
2026-10-03 17:49:46.125 [SETTLE] exp=2 gold=199368 len=393
2026-10-03 17:50:00.073 [SYS] #00FFFF#尊敬的冒险者们，今天是#FFFF00#力量之日#00FFFF#！#FFFF00#力量卡片#00FFFF#和少量稀有卡片已经散落在了梦境世界的各个角落，等待着它们的主人！赶快战斗吧，去寻找属于你的卡片！
2026-10-03 17:50:11.903 [SETTLE] exp=2 gold=199368 len=393
2026-10-03 17:50:49.347 [SETTLE] exp=1 gold=199368 len=393
2026-10-03 17:51:00.074 [SYS] #00FFFF#活动中获得的卡片可以在#00FF00#龙之都#00FFFF#的#FF0000#奥里雷西亚女士#00FFFF#处兑换其它卡片或者收藏品；打开锁着的藏宝箱得到的#FFFF00#武器大师礼券#00FFFF#可以在#00FF00#龙之都#00FFFF#的#FF0000#哼哼先生#00FFFF#处兑换锻造金色武器的原料。
2026-10-03 17:51:12.587 [SETTLE] exp=2 gold=199368 len=393
2026-10-03 17:51:36.099 [SETTLE] exp=1 gold=199368 len=393
2026-10-03 17:52:01.872 [SETTLE] exp=2 gold=199368 len=393
2026-10-03 17:52:27.830 [SETTLE] exp=2 gold=199368 len=393
2026-10-03 17:52:50.131 [SETTLE] exp=2 gold=199368 len=393
2026-10-03 17:53:14.385 [SETTLE] exp=1 gold=199368 len=393
2026-10-03 17:53:37.599 [SETTLE] exp=1 gold=199368 len=393
2026-10-03 17:54:03.611 [SETTLE] exp=1 gold=199368 len=393
2026-10-03 17:54:23.522 [QUESTION] {"type":"question","sock":2512,"qno":16,"field_a":88,"stem":"人们在动物园里看到的俗称\"四不象\"的动物是?","options":["1、驯兽师","2、猩猩队长","3、麋鹿","4、霸天虎"]}
2026-10-03 17:54:25.657 [SETTLE] exp=2 gold=199368 len=393
2026-10-03 17:54:26.497 [SEND-ANSWER] qno=16 opt=2 ret=13 sock=2512
2026-10-03 17:54:26.542 [SYS] 测试通过！
2026-10-03 17:54:26.639 [SYS] 获得了#00FF00#100#FFF692#金币
2026-10-03 17:54:58.620 [SETTLE] exp=1 gold=199368 len=393
2026-10-03 17:55:21.624 [SETTLE] exp=1 gold=199368 len=393
2026-10-03 17:55:56.097 [SETTLE] exp=2 gold=199368 len=393
2026-10-03 17:56:25.229 [SETTLE] exp=1 gold=199368 len=403
2026-10-03 17:56:58.704 [SETTLE] exp=1 gold=199368 len=393
2026-10-03 17:57:29.719 [SETTLE] exp=1 gold=199368 len=393
2026-10-03 17:58:10.057 [SETTLE] exp=2 gold=199368 len=393
2026-10-03 17:58:29.826 [SETTLE] exp=1 gold=199368 len=393
2026-10-03 17:59:00.077 [SETTLE] exp=2 gold=199368 len=393
2026-10-03 17:59:25.577 [SETTLE] exp=1 gold=199368 len=393
2026-10-03 17:59:53.151 [SETTLE] exp=2 gold=199368 len=393
2026-10-03 17:59:59.997 [SYS] #00FFFF#到目前为止，已经有无数的卡片找到了它们的主人！#FFFF00#力量之日#00FFFF#活动到此暂告一段落，祝大家游戏快乐，好运连连。让我们一起期待下一个活动日的到来吧！
2026-10-03 18:00:29.703 [SETTLE] exp=2 gold=199368 len=393
2026-10-03 18:00:58.407 [SETTLE] exp=2 gold=199368 len=393
2026-10-03 18:01:25.346 [SETTLE] exp=2 gold=199368 len=393
2026-10-03 18:01:52.863 [SETTLE] exp=2 gold=199368 len=393
2026-10-03 18:02:19.089 [SETTLE] exp=2 gold=199368 len=393
2026-10-03 18:02:55.734 [SETTLE] exp=2 gold=199368 len=393
2026-10-03 18:03:24.508 [SETTLE] exp=2 gold=199368 len=393
2026-10-03 18:03:49.401 [SETTLE] exp=1 gold=199368 len=393
2026-10-03 18:04:29.134 [SETTLE] exp=1 gold=199368 len=393
2026-10-03 18:04:58.210 [SETTLE] exp=2 gold=199368 len=393
2026-10-03 18:05:25.812 [SETTLE] exp=2 gold=199368 len=393
2026-10-03 18:05:54.327 [SETTLE] exp=1 gold=199368 len=393
2026-10-03 18:06:21.070 [SETTLE] exp=1 gold=199368 len=393
2026-10-03 18:06:47.672 [SETTLE] exp=2 gold=199368 len=393
2026-10-03 18:07:37.497 [SETTLE] exp=2 gold=199368 len=393
2026-10-03 18:08:08.326 [SETTLE] exp=2 gold=199368 len=393
2026-10-03 18:08:35.268 [SETTLE] exp=2 gold=199368 len=393
2026-10-03 18:09:04.040 [SETTLE] exp=2 gold=199368 len=393
2026-10-03 18:09:42.169 [SETTLE] exp=1 gold=199368 len=393
2026-10-03 18:10:11.326 [SETTLE] exp=1 gold=199368 len=393
2026-10-03 18:10:42.218 [SETTLE] exp=1 gold=199368 len=393
2026-10-03 18:11:17.330 [SETTLE] exp=2 gold=199368 len=393
2026-10-03 18:11:45.127 [SETTLE] exp=2 gold=199368 len=393
2026-10-03 18:12:11.263 [SETTLE] exp=2 gold=199368 len=393
2026-10-03 18:12:33.036 [SETTLE] exp=2 gold=199368 len=393
2026-10-03 18:12:58.152 [SETTLE] exp=2 gold=199368 len=393
2026-10-03 18:13:37.859 [SETTLE] exp=1 gold=199368 len=393
2026-10-03 18:14:02.089 [SETTLE] exp=2 gold=199368 len=393
2026-10-03 18:14:43.739 [SETTLE] exp=1 gold=199368 len=393
2026-10-03 18:15:07.810 [SETTLE] exp=1 gold=199368 len=393
2026-10-03 18:15:54.717 [SETTLE] exp=1 gold=199368 len=393
2026-10-03 18:16:16.290 [SETTLE] exp=1 gold=199368 len=393
2026-10-03 18:16:39.335 [SETTLE] exp=1 gold=199368 len=393
2026-10-03 18:17:02.400 [SETTLE] exp=1 gold=199368 len=393
2026-10-03 18:17:29.978 [SETTLE] exp=2 gold=199368 len=393
2026-10-03 18:17:55.935 [SETTLE] exp=2 gold=199368 len=393
2026-10-03 18:18:33.837 [SETTLE] exp=1 gold=199368 len=393
2026-10-03 18:19:24.326 [SETTLE] exp=2 gold=199368 len=393
2026-10-03 18:20:11.409 [SETTLE] exp=2 gold=199368 len=393
2026-10-03 18:20:17.791 [SYS] #FFF692#恭喜#FF8CF8#情義丶聪爺#FFF692#在#00C8F8#珍稀特殊RP箱#FFF692#中获得了#64FF7D#特殊3阶宠装强化剂
2026-10-03 18:20:17.940 [SYS] #FFF692#恭喜#FF8CF8#情義丶聪爺#FFF692#在#00C8F8#珍稀特殊RP箱#FFF692#中获得了#64FF7D#特殊3阶宠装强化剂
2026-10-03 18:20:40.682 [SETTLE] exp=2 gold=199368 len=393
2026-10-03 18:21:07.907 [SETTLE] exp=2 gold=199368 len=393
2026-10-03 18:21:33.313 [SETTLE] exp=2 gold=199368 len=393
2026-10-03 18:22:23.402 [SETTLE] exp=1 gold=199368 len=393
2026-10-03 18:22:47.948 [SETTLE] exp=2 gold=199368 len=393
2026-10-03 18:23:09.548 [SETTLE] exp=2 gold=199368 len=393
2026-10-03 18:23:43.199 [SETTLE] exp=1 gold=199368 len=393
2026-10-03 18:24:07.249 [SETTLE] exp=1 gold=199368 len=393
2026-10-03 18:24:25.748 [SETTLE] exp=1 gold=199368 len=393
2026-10-03 18:25:06.278 [SETTLE] exp=2 gold=199368 len=393
2026-10-03 18:25:35.506 [SETTLE] exp=1 gold=199368 len=393
2026-10-03 18:26:02.212 [SETTLE] exp=2 gold=199368 len=393
2026-10-03 18:26:20.758 [SETTLE] exp=1 gold=199368 len=393
2026-10-03 18:26:44.691 [SETTLE] exp=1 gold=199368 len=393
2026-10-03 18:27:18.947 [SETTLE] exp=1 gold=199368 len=393
2026-10-03 18:27:48.593 [SETTLE] exp=2 gold=199368 len=393
2026-10-03 18:28:12.593 [SETTLE] exp=2 gold=199368 len=393
2026-10-03 18:28:50.788 [SETTLE] exp=2 gold=199368 len=393
2026-10-03 18:29:32.385 [SETTLE] exp=2 gold=199368 len=393
2026-10-03 18:29:55.895 [SETTLE] exp=1 gold=199368 len=393
2026-10-03 18:30:21.603 [SETTLE] exp=1 gold=199368 len=393
2026-10-03 18:30:46.554 [SETTLE] exp=1 gold=199368 len=393
2026-10-03 18:31:24.664 [SETTLE] exp=2 gold=199368 len=393
2026-10-03 18:31:50.036 [SETTLE] exp=1 gold=199368 len=393
2026-10-03 18:32:20.041 [SETTLE] exp=2 gold=199368 len=393
2026-10-03 18:32:45.026 [SETTLE] exp=1 gold=199368 len=393
2026-10-03 18:33:22.900 [SETTLE] exp=1 gold=199368 len=393
2026-10-03 18:34:03.559 [SETTLE] exp=1 gold=199368 len=393
2026-10-03 18:34:40.744 [SETTLE] exp=2 gold=199368 len=393
2026-10-03 18:35:17.041 [SETTLE] exp=2 gold=199368 len=393
2026-10-03 18:36:03.992 [SETTLE] exp=1 gold=199368 len=393
2026-10-03 18:36:46.397 [SETTLE] exp=1 gold=199368 len=393
2026-10-03 18:37:30.038 [SETTLE] exp=2 gold=199368 len=393
2026-10-03 18:38:07.482 [SETTLE] exp=1 gold=199368 len=393
2026-10-03 18:38:37.884 [SETTLE] exp=1 gold=199368 len=393
2026-10-03 18:39:09.273 [SETTLE] exp=1 gold=199368 len=393
2026-10-03 18:39:40.062 [SETTLE] exp=1 gold=199368 len=393
2026-10-03 18:40:11.380 [SETTLE] exp=2 gold=199368 len=393
2026-10-03 18:40:55.668 [SETTLE] exp=2 gold=199368 len=393
2026-10-03 18:41:39.384 [SETTLE] exp=1 gold=199368 len=393
2026-10-03 18:42:23.503 [SETTLE] exp=2 gold=199368 len=393
2026-10-03 18:42:50.617 [SETTLE] exp=2 gold=199368 len=393
2026-10-03 18:43:20.634 [SETTLE] exp=1 gold=199368 len=393
2026-10-03 18:44:10.559 [SETTLE] exp=2 gold=199368 len=393
2026-10-03 18:44:42.930 [QUESTION] {"type":"question","sock":2512,"qno":12,"field_a":82,"stem":"在杠杆上起到支撑作用的那一点叫做？","options":["1、支点","2、上午六点","3、晚上8点","4、少一点"]}
2026-10-03 18:44:45.465 [SEND-ANSWER] qno=12 opt=0 ret=13 sock=2512
2026-10-03 18:44:45.516 [SYS] 测试通过！
2026-10-03 18:44:45.606 [SYS] 获得了#00FF00#100#FFF692#金币
2026-10-03 18:44:45.925 [SETTLE] exp=1 gold=199368 len=393
2026-10-03 18:45:32.457 [SETTLE] exp=1 gold=199368 len=393
2026-10-03 18:46:02.929 [SETTLE] exp=2 gold=199368 len=403
2026-10-03 18:46:38.973 [SETTLE] exp=2 gold=199368 len=393
2026-10-03 18:47:14.076 [SETTLE] exp=1 gold=199368 len=393
2026-10-03 18:47:36.006 [SETTLE] exp=1 gold=199368 len=393
2026-10-03 18:48:00.208 [SETTLE] exp=1 gold=199368 len=393
2026-10-03 18:48:27.697 [SETTLE] exp=2 gold=199368 len=393
2026-10-03 18:48:51.165 [SETTLE] exp=1 gold=199368 len=393
2026-10-03 18:49:22.088 [SETTLE] exp=1 gold=199368 len=393
2026-10-03 18:49:50.035 [SETTLE] exp=2 gold=199368 len=393
2026-10-03 18:50:36.207 [SETTLE] exp=2 gold=199368 len=393
2026-10-03 18:50:58.019 [SETTLE] exp=2 gold=199368 len=393
2026-10-03 18:51:27.370 [SETTLE] exp=2 gold=199368 len=393
2026-10-03 18:52:12.174 [SETTLE] exp=2 gold=199368 len=393
2026-10-03 18:52:36.930 [SETTLE] exp=2 gold=199368 len=393
2026-10-03 18:53:22.410 [SETTLE] exp=2 gold=199368 len=393
2026-10-03 18:53:47.010 [SETTLE] exp=2 gold=199368 len=393
2026-10-03 18:54:30.273 [SETTLE] exp=1 gold=199368 len=393
2026-10-03 18:55:02.002 [SETTLE] exp=2 gold=199368 len=393
2026-10-03 18:55:31.876 [SETTLE] exp=2 gold=199368 len=393
2026-10-03 18:55:56.335 [SETTLE] exp=2 gold=199368 len=393
2026-10-03 18:56:24.689 [SETTLE] exp=1 gold=199368 len=393
2026-10-03 18:56:52.321 [SETTLE] exp=2 gold=199368 len=393
2026-10-03 18:57:34.593 [SETTLE] exp=2 gold=199368 len=393
2026-10-03 18:57:59.674 [SETTLE] exp=1 gold=199368 len=393
2026-10-03 18:58:26.421 [SETTLE] exp=2 gold=199368 len=393
2026-10-03 18:58:54.662 [SETTLE] exp=2 gold=199368 len=393
2026-10-03 18:59:23.188 [SETTLE] exp=2 gold=199368 len=393
2026-10-03 18:59:45.550 [SETTLE] exp=1 gold=199368 len=393
2026-10-03 19:00:30.219 [SETTLE] exp=1 gold=199368 len=393
2026-10-03 19:01:10.188 [SETTLE] exp=2 gold=199368 len=393
2026-10-03 19:01:48.876 [SETTLE] exp=2 gold=199368 len=393
2026-10-03 19:02:24.550 [SETTLE] exp=1 gold=199368 len=393
2026-10-03 19:03:01.062 [SETTLE] exp=1 gold=199368 len=393
2026-10-03 19:03:32.091 [SETTLE] exp=1 gold=199368 len=393
2026-10-03 19:03:57.661 [SETTLE] exp=2 gold=199368 len=393
2026-10-03 19:04:25.563 [SETTLE] exp=2 gold=199368 len=393
2026-10-03 19:04:48.788 [SETTLE] exp=2 gold=199368 len=393
2026-10-03 19:05:30.534 [SETTLE] exp=2 gold=199368 len=393
2026-10-03 19:05:57.550 [SETTLE] exp=2 gold=199368 len=393
2026-10-03 19:06:23.444 [SETTLE] exp=1 gold=199368 len=393
2026-10-03 19:07:06.271 [SETTLE] exp=2 gold=199368 len=393
2026-10-03 19:07:33.751 [SETTLE] exp=1 gold=199368 len=393
2026-10-03 19:07:58.284 [SETTLE] exp=1 gold=199368 len=393
2026-10-03 19:08:23.517 [SETTLE] exp=2 gold=199368 len=393
2026-10-03 19:08:58.513 [SETTLE] exp=1 gold=199368 len=393
2026-10-03 19:09:40.130 [SETTLE] exp=1 gold=199368 len=393
2026-10-03 19:10:08.121 [SETTLE] exp=2 gold=199368 len=393
2026-10-03 19:10:43.876 [SETTLE] exp=1 gold=199368 len=393
2026-10-03 19:11:11.091 [SETTLE] exp=2 gold=199368 len=393
2026-10-03 19:11:45.942 [SETTLE] exp=1 gold=199368 len=393
2026-10-03 19:12:24.165 [SETTLE] exp=1 gold=199368 len=393
2026-10-03 19:13:03.048 [SETTLE] exp=2 gold=199368 len=393
2026-10-03 19:13:31.352 [SETTLE] exp=2 gold=199368 len=393
2026-10-03 19:14:07.790 [SETTLE] exp=2 gold=199368 len=393
2026-10-03 19:14:35.397 [SETTLE] exp=1 gold=199368 len=393
2026-10-03 19:15:01.141 [SETTLE] exp=1 gold=199368 len=393
2026-10-03 19:15:31.221 [SETTLE] exp=2 gold=199368 len=393
2026-10-03 19:15:57.801 [SETTLE] exp=1 gold=199368 len=393
2026-10-03 19:16:27.108 [SETTLE] exp=2 gold=199368 len=393
2026-10-03 19:16:51.368 [SETTLE] exp=2 gold=199368 len=393
2026-10-03 19:17:14.141 [SETTLE] exp=2 gold=199368 len=393
2026-10-03 19:17:37.167 [SETTLE] exp=1 gold=199368 len=393
2026-10-03 19:18:08.545 [SETTLE] exp=1 gold=199368 len=393
2026-10-03 19:18:33.834 [SETTLE] exp=2 gold=199368 len=393
2026-10-03 19:18:58.081 [SETTLE] exp=1 gold=199368 len=393
2026-10-03 19:19:27.020 [SETTLE] exp=1 gold=199368 len=393
2026-10-03 19:20:00.394 [SETTLE] exp=2 gold=199368 len=393
2026-10-03 19:20:22.137 [SETTLE] exp=2 gold=199368 len=393
2026-10-03 19:20:53.061 [SETTLE] exp=1 gold=199368 len=393
2026-10-03 19:21:19.844 [SETTLE] exp=1 gold=199368 len=393
2026-10-03 19:21:48.137 [SETTLE] exp=2 gold=199368 len=393
2026-10-03 19:22:19.437 [SETTLE] exp=2 gold=199368 len=393
2026-10-03 19:22:44.130 [SETTLE] exp=2 gold=199368 len=393
2026-10-03 19:23:05.174 [SETTLE] exp=1 gold=199368 len=393
2026-10-03 19:23:39.574 [SETTLE] exp=1 gold=199368 len=393
2026-10-03 19:24:12.018 [SETTLE] exp=1 gold=199368 len=393
2026-10-03 19:24:38.649 [SETTLE] exp=2 gold=199368 len=393
2026-10-03 19:25:17.563 [SETTLE] exp=1 gold=199368 len=393
2026-10-03 19:25:48.903 [SETTLE] exp=1 gold=199368 len=393
2026-10-03 19:26:17.151 [SETTLE] exp=1 gold=199368 len=393
2026-10-03 19:26:57.196 [SETTLE] exp=1 gold=199368 len=393
2026-10-03 19:27:23.262 [SETTLE] exp=1 gold=199368 len=393
2026-10-03 19:27:47.287 [SETTLE] exp=1 gold=199368 len=393
2026-10-03 19:28:19.027 [SETTLE] exp=2 gold=199368 len=393
2026-10-03 19:28:44.090 [SETTLE] exp=2 gold=199368 len=393
2026-10-03 19:29:13.511 [SETTLE] exp=2 gold=199368 len=393
2026-10-03 19:29:33.997 [SETTLE] exp=2 gold=199368 len=393
2026-10-03 19:30:13.081 [SETTLE] exp=2 gold=199368 len=393
2026-10-03 19:30:50.590 [SETTLE] exp=2 gold=199368 len=393
2026-10-03 19:31:16.601 [SETTLE] exp=1 gold=199368 len=393
2026-10-03 19:31:40.848 [SETTLE] exp=1 gold=199368 len=393
2026-10-03 19:32:08.597 [SETTLE] exp=2 gold=199368 len=393
2026-10-03 19:32:36.913 [SETTLE] exp=1 gold=199368 len=393
2026-10-03 19:33:12.555 [SETTLE] exp=1 gold=199368 len=393
2026-10-03 19:33:44.870 [SETTLE] exp=1 gold=199368 len=393
2026-10-03 19:34:12.476 [SETTLE] exp=1 gold=199368 len=403
2026-10-03 19:34:36.661 [SETTLE] exp=1 gold=199368 len=403
2026-10-03 19:35:05.996 [SETTLE] exp=2 gold=199368 len=393
2026-10-03 19:35:45.341 [SETTLE] exp=2 gold=199368 len=393
2026-10-03 19:36:24.638 [SETTLE] exp=1 gold=199368 len=393
2026-10-03 19:36:50.558 [SETTLE] exp=2 gold=199368 len=393
2026-10-03 19:37:18.683 [SETTLE] exp=1 gold=199368 len=393
2026-10-03 19:37:49.620 [SETTLE] exp=1 gold=199368 len=393
2026-10-03 19:38:17.980 [SETTLE] exp=1 gold=199368 len=393
2026-10-03 19:38:40.532 [SETTLE] exp=2 gold=199368 len=393
2026-10-03 19:39:10.102 [SETTLE] exp=1 gold=199368 len=403
2026-10-03 19:39:51.682 [SETTLE] exp=1 gold=199368 len=393
2026-10-03 19:40:20.493 [SETTLE] exp=2 gold=199368 len=393
2026-10-03 19:40:46.646 [SETTLE] exp=1 gold=199368 len=393
2026-10-03 19:41:19.803 [SETTLE] exp=1 gold=199368 len=393
2026-10-03 19:41:43.660 [SETTLE] exp=1 gold=199368 len=393
2026-10-03 19:42:15.919 [SETTLE] exp=1 gold=199368 len=393
2026-10-03 19:42:52.423 [SETTLE] exp=1 gold=199368 len=393
2026-10-03 19:43:13.735 [SETTLE] exp=1 gold=199368 len=393
2026-10-03 19:43:43.426 [SETTLE] exp=1 gold=199368 len=393
2026-10-03 19:44:16.071 [SETTLE] exp=2 gold=199368 len=393
2026-10-03 19:44:38.384 [SETTLE] exp=1 gold=199368 len=393
2026-10-03 19:45:03.698 [SETTLE] exp=1 gold=199368 len=393
2026-10-03 19:45:32.115 [SETTLE] exp=2 gold=199368 len=393
2026-10-03 19:45:54.426 [SETTLE] exp=1 gold=199368 len=393
2026-10-03 19:46:40.268 [SETTLE] exp=1 gold=199368 len=393
2026-10-03 19:47:16.101 [SETTLE] exp=1 gold=199368 len=393
2026-10-03 19:47:43.862 [SETTLE] exp=2 gold=199368 len=393
2026-10-03 19:48:25.866 [SETTLE] exp=2 gold=199368 len=393
2026-10-03 19:49:05.704 [SETTLE] exp=2 gold=199368 len=393
2026-10-03 19:49:33.603 [SETTLE] exp=1 gold=199368 len=393
2026-10-03 19:49:59.967 [SYS] #00FFFF#国庆节特别活动“红旗飘飘贺国庆”将于#00FF00#10#00FFFF#分钟后开启，冒险者可以在逍遥西的#FF0000#大冒险活动官#00FFFF#处参加活动，收集喜庆用品装饰旗台，赢取丰富的属性及道具奖励，幸运的冒险者还将得到#FF0000#稀有奖励#FFFFFF#！
2026-10-03 19:50:20.322 [SETTLE] exp=1 gold=199368 len=403
2026-10-03 19:50:37.695 [SETTLE] exp=1 gold=199368 len=393
2026-10-03 19:51:15.526 [SETTLE] exp=2 gold=199368 len=393
2026-10-03 19:51:54.505 [SETTLE] exp=1 gold=199368 len=393
2026-10-03 19:52:38.991 [SETTLE] exp=2 gold=199368 len=393
2026-10-03 19:53:04.636 [SETTLE] exp=1 gold=199368 len=393
2026-10-03 19:53:41.661 [SETTLE] exp=2 gold=199368 len=393
2026-10-03 19:54:03.333 [SETTLE] exp=1 gold=199368 len=393
2026-10-03 19:54:33.542 [SETTLE] exp=1 gold=199368 len=393
2026-10-03 19:55:00.019 [SYS] #00FFFF#国庆节特别活动“红旗飘飘贺国庆”将于#00FF00#5#00FFFF#分钟后开启，冒险者可以在逍遥西的#FF0000#大冒险活动官#00FFFF#处参加活动，收集喜庆用品装饰旗台，赢取丰富的属性及道具奖励，幸运的冒险者还将得到#FF0000#稀有奖励#FFFFFF#！
2026-10-03 19:55:07.325 [SETTLE] exp=2 gold=199368 len=393
2026-10-03 19:55:34.307 [SETTLE] exp=1 gold=199368 len=393
2026-10-03 19:55:58.874 [SETTLE] exp=1 gold=199368 len=393
2026-10-03 19:56:38.304 [SETTLE] exp=1 gold=199368 len=393
2026-10-03 19:57:18.931 [SETTLE] exp=2 gold=199368 len=393
2026-10-03 19:57:59.594 [SETTLE] exp=1 gold=199368 len=393
2026-10-03 19:58:10.558 [QUESTION] {"type":"question","sock":2512,"qno":20,"field_a":105,"stem":"人们平时所说的“煤气中毒”是因为哪种有害气体吸入过多而引起的？","options":["1、二手烟","2、一氧化碳","3、生气","4、屁"]}
2026-10-03 19:58:11.139 [SEND-ANSWER] qno=20 opt=1 ret=13 sock=2512
2026-10-03 19:58:11.189 [SYS] 测试通过！
2026-10-03 19:58:11.289 [SYS] 获得了#00FF00#100#FFF692#金币
2026-10-03 19:58:23.207 [SETTLE] exp=2 gold=199368 len=393
2026-10-03 19:58:47.593 [SETTLE] exp=2 gold=199368 len=393
2026-10-03 19:59:15.568 [SETTLE] exp=2 gold=199368 len=393
2026-10-03 19:59:42.973 [SETTLE] exp=2 gold=199368 len=403
2026-10-03 19:59:59.972 [SYS] #00FFFF#国庆节特别活动“红旗飘飘贺国庆”#00FF00#正式开启#00FFFF#，冒险者可以在逍遥西的#FF0000#大冒险活动官#00FFFF#处参加活动，收集喜庆用品装饰旗台，赢取丰富的属性及道具奖励，幸运的冒险者还将得到#FF0000#稀有奖励#FFFFFF#！
2026-10-03 20:00:00.550 [SYS] 许愿池里多了一批新礼物，赶紧来许愿吧~
2026-10-03 20:00:13.990 [SETTLE] exp=1 gold=199368 len=393
2026-10-03 20:00:55.520 [SETTLE] exp=2 gold=199368 len=393
2026-10-03 20:01:35.006 [SETTLE] exp=1 gold=199368 len=393
2026-10-03 20:02:00.674 [SETTLE] exp=2 gold=199368 len=393
2026-10-03 20:02:27.889 [SETTLE] exp=1 gold=199368 len=393
2026-10-03 20:02:55.467 [SETTLE] exp=2 gold=199368 len=393
2026-10-03 20:03:36.782 [SETTLE] exp=1 gold=199368 len=393
2026-10-03 20:04:03.198 [SETTLE] exp=1 gold=199368 len=393
2026-10-03 20:04:33.940 [SETTLE] exp=1 gold=199368 len=393
2026-10-03 20:05:08.470 [SETTLE] exp=2 gold=199368 len=393
2026-10-03 20:05:50.127 [SETTLE] exp=1 gold=199368 len=393
2026-10-03 20:06:28.670 [SETTLE] exp=2 gold=199368 len=393
2026-10-03 20:06:52.204 [SETTLE] exp=1 gold=199368 len=393
2026-10-03 20:07:18.549 [SETTLE] exp=2 gold=199368 len=393
2026-10-03 20:07:45.859 [SETTLE] exp=2 gold=199368 len=393
2026-10-03 20:08:15.284 [SETTLE] exp=2 gold=199368 len=393
2026-10-03 20:09:03.926 [SETTLE] exp=2 gold=199368 len=393
2026-10-03 20:09:35.783 [SETTLE] exp=2 gold=199368 len=393
2026-10-03 20:10:15.127 [SETTLE] exp=1 gold=199368 len=393
2026-10-03 20:10:52.035 [SETTLE] exp=2 gold=199368 len=393
2026-10-03 20:11:36.092 [SETTLE] exp=2 gold=199368 len=393
2026-10-03 20:12:11.116 [SETTLE] exp=2 gold=199368 len=393
2026-10-03 20:12:15.792 [QUESTION] {"type":"question","sock":2512,"qno":13,"field_a":89,"stem":"光学物理上把能够自身发光的物体叫做？","options":["1、正能量","2、可能叫这个吧","3、阳光普照","4、光源"]}
2026-10-03 20:12:18.688 [SEND-ANSWER] qno=13 opt=3 ret=13 sock=2512
2026-10-03 20:12:18.737 [SYS] 测试通过！
2026-10-03 20:12:18.831 [SYS] 获得了#00FF00#100#FFF692#金币
2026-10-03 20:12:37.177 [SETTLE] exp=2 gold=199368 len=393
2026-10-03 20:13:05.485 [SETTLE] exp=1 gold=199368 len=393
2026-10-03 20:13:36.672 [SETTLE] exp=2 gold=199368 len=393
2026-10-03 20:14:09.434 [SETTLE] exp=2 gold=199368 len=393
2026-10-03 20:14:35.672 [SETTLE] exp=1 gold=199368 len=393
2026-10-03 20:15:07.807 [SETTLE] exp=1 gold=199368 len=393
2026-10-03 20:15:55.521 [SETTLE] exp=2 gold=199368 len=393
2026-10-03 20:16:21.420 [SETTLE] exp=1 gold=199368 len=393
2026-10-03 20:17:00.767 [SETTLE] exp=2 gold=199368 len=393
2026-10-03 20:17:32.517 [SETTLE] exp=1 gold=199368 len=393
2026-10-03 20:18:11.300 [SETTLE] exp=2 gold=199368 len=393
2026-10-03 20:18:47.257 [SETTLE] exp=2 gold=199368 len=393
2026-10-03 20:19:16.155 [SETTLE] exp=2 gold=199368 len=393
2026-10-03 20:19:47.574 [SETTLE] exp=2 gold=199368 len=393
2026-10-03 20:19:59.988 [SYS] #00FFFF#国庆节特别活动“红旗飘飘贺国庆”#00FF00#正式开启#00FFFF#，冒险者可以在逍遥西的#FF0000#大冒险活动官#00FFFF#处参加活动，收集喜庆用品装饰旗台，赢取丰富的属性及道具奖励，幸运的冒险者还将得到#FF0000#稀有奖励#FFFFFF#！
2026-10-03 20:20:33.341 [SETTLE] exp=2 gold=199368 len=393
2026-10-03 20:21:12.523 [SETTLE] exp=2 gold=199368 len=393
2026-10-03 20:21:38.954 [SETTLE] exp=2 gold=199368 len=393
2026-10-03 20:22:01.686 [SETTLE] exp=2 gold=199368 len=393
2026-10-03 20:22:25.852 [SETTLE] exp=1 gold=199368 len=393
2026-10-03 20:22:33.073 [SYS] #00FF00#平静海岸3区#FFF692#的妖王见无人能敌，冷笑一声，化作一道黑气消失在天际。！
2026-10-03 20:22:54.147 [SETTLE] exp=1 gold=199368 len=393
2026-10-03 20:23:21.517 [SETTLE] exp=2 gold=199368 len=393
2026-10-03 20:23:52.373 [SETTLE] exp=2 gold=199368 len=393
2026-10-03 20:24:27.259 [SETTLE] exp=1 gold=199368 len=393
2026-10-03 20:25:02.484 [SETTLE] exp=1 gold=199368 len=393
2026-10-03 20:25:34.154 [SETTLE] exp=1 gold=199368 len=393
2026-10-03 20:26:04.296 [SETTLE] exp=2 gold=199368 len=393
2026-10-03 20:26:41.791 [SETTLE] exp=1 gold=199368 len=393
2026-10-03 20:27:09.524 [SETTLE] exp=1 gold=199368 len=393
2026-10-03 20:27:46.593 [SETTLE] exp=1 gold=199368 len=393
2026-10-03 20:28:19.735 [SETTLE] exp=1 gold=199368 len=393
2026-10-03 20:28:41.285 [SETTLE] exp=1 gold=199368 len=393
2026-10-03 20:29:13.671 [SETTLE] exp=2 gold=199368 len=393
2026-10-03 20:29:56.567 [SETTLE] exp=1 gold=199368 len=393
2026-10-03 20:30:22.032 [SETTLE] exp=2 gold=199368 len=393
2026-10-03 20:30:45.258 [SETTLE] exp=1 gold=199368 len=393
2026-10-03 20:31:23.481 [SETTLE] exp=2 gold=199368 len=393
2026-10-03 20:31:46.976 [SETTLE] exp=2 gold=199368 len=393
2026-10-03 20:32:08.575 [SETTLE] exp=2 gold=199368 len=393
2026-10-03 20:32:51.448 [SETTLE] exp=2 gold=199368 len=393
2026-10-03 20:33:14.495 [SETTLE] exp=1 gold=199368 len=393
2026-10-03 20:33:48.981 [SETTLE] exp=2 gold=199368 len=393
2026-10-03 20:34:04.926 [SETTLE] exp=1 gold=199368 len=393
2026-10-03 20:34:49.496 [SETTLE] exp=2 gold=199368 len=393
2026-10-03 20:35:30.650 [SETTLE] exp=2 gold=199368 len=393
2026-10-03 20:35:58.362 [SETTLE] exp=1 gold=199368 len=393
2026-10-03 20:36:28.901 [SETTLE] exp=2 gold=199368 len=393
2026-10-03 20:37:17.673 [SETTLE] exp=1 gold=199368 len=393
2026-10-03 20:37:43.596 [SETTLE] exp=2 gold=199368 len=393
2026-10-03 20:38:11.464 [SETTLE] exp=2 gold=199368 len=393
2026-10-03 20:38:46.970 [SETTLE] exp=2 gold=199368 len=393
2026-10-03 20:39:30.287 [SETTLE] exp=1 gold=199368 len=393
2026-10-03 20:39:55.717 [SETTLE] exp=2 gold=199368 len=393
2026-10-03 20:39:59.973 [SYS] #00FFFF#国庆节特别活动“红旗飘飘贺国庆”#00FF00#正式开启#00FFFF#，冒险者可以在逍遥西的#FF0000#大冒险活动官#00FFFF#处参加活动，收集喜庆用品装饰旗台，赢取丰富的属性及道具奖励，幸运的冒险者还将得到#FF0000#稀有奖励#FFFFFF#！
2026-10-03 20:40:29.532 [SETTLE] exp=1 gold=199368 len=393
2026-10-03 20:40:59.031 [SETTLE] exp=1 gold=199368 len=393
2026-10-03 20:41:44.041 [SETTLE] exp=2 gold=199368 len=393
2026-10-03 20:42:30.887 [SETTLE] exp=1 gold=199368 len=393
2026-10-03 20:42:55.886 [SETTLE] exp=2 gold=199368 len=393
2026-10-03 20:43:25.929 [SETTLE] exp=1 gold=199368 len=393
2026-10-03 20:44:07.353 [SETTLE] exp=2 gold=199368 len=393
2026-10-03 20:44:42.003 [SETTLE] exp=1 gold=199368 len=393
2026-10-03 20:45:20.255 [SETTLE] exp=1 gold=199368 len=393
2026-10-03 20:45:46.744 [SETTLE] exp=2 gold=199368 len=393
2026-10-03 20:46:04.226 [SYS] #00FF00#1#00FFFF#分钟后逍遥村周围将掉落20个宝箱，捡取可获得意外惊喜喔！#FFFFFF#
2026-10-03 20:46:29.556 [SETTLE] exp=1 gold=199368 len=393
2026-10-03 20:47:05.005 [SETTLE] exp=2 gold=199368 len=393
2026-10-03 20:47:39.646 [SETTLE] exp=1 gold=199368 len=393
2026-10-03 20:48:17.975 [SETTLE] exp=1 gold=199368 len=393
2026-10-03 20:48:47.631 [SETTLE] exp=2 gold=199368 len=393
2026-10-03 20:49:29.696 [SETTLE] exp=2 gold=199368 len=393
2026-10-03 20:50:12.951 [SETTLE] exp=2 gold=199368 len=393
2026-10-03 20:50:38.882 [SYS] #00FF00#1#00FFFF#分钟后逍遥村周围将掉落20个宝箱，捡取可获得意外惊喜喔！#FFFFFF#
2026-10-03 20:50:38.970 [SYS] #00FFFF#10位玉女携带礼物参加国庆活动，#00FF00#5#00FFFF#分钟后将出现在夕阳草原，请各位冒险者前去保护她们免受BOSS骚扰#FF0000#（BOSS有一定几率携带稀有宝宝）。#FFFFFF#
2026-10-03 20:50:42.543 [SETTLE] exp=2 gold=199368 len=393
2026-10-03 20:51:15.153 [SETTLE] exp=1 gold=199368 len=393
2026-10-03 20:51:45.355 [SETTLE] exp=2 gold=199368 len=393
2026-10-03 20:52:22.743 [SETTLE] exp=2 gold=199368 len=393
2026-10-03 20:52:55.868 [SETTLE] exp=2 gold=199368 len=393
2026-10-03 20:53:29.698 [SETTLE] exp=2 gold=199368 len=393
2026-10-03 20:53:38.884 [SYS] #00FFFF#10位玉女携带礼物参加国庆活动，#00FF00#2#00FFFF#分钟后将出现在夕阳草原，请各位冒险者前去保护她们免受BOSS骚扰#FF0000#（BOSS有一定几率携带稀有宝宝）。#FFFFFF#
2026-10-03 20:54:06.270 [SETTLE] exp=2 gold=199368 len=393
2026-10-03 20:54:31.848 [SETTLE] exp=2 gold=199368 len=393
2026-10-03 20:54:38.886 [SYS] #00FFFF#10位玉女携带礼物参加国庆活动，#00FF00#1#00FFFF#分钟后将出现在夕阳草原，请各位冒险者前去保护她们免受BOSS骚扰#FF0000#（BOSS有一定几率携带稀有宝宝）。#FFFFFF#
2026-10-03 20:55:01.469 [SETTLE] exp=1 gold=199368 len=403
2026-10-03 20:55:38.690 [SETTLE] exp=2 gold=199368 len=393
2026-10-03 20:55:38.974 [SYS] #00FFFF#10位玉女携带礼物参加国庆活动，已经出现在夕阳草原，请各位冒险者前去保护她们免受BOSS骚扰（BOSS有一定几率携带稀有宝宝）。#FFFFFF#
2026-10-03 20:55:59.041 [SYS] #00FF00#1#00FFFF#分钟后逍遥村周围将掉落20个宝箱，捡取可获得意外惊喜喔！#FFFFFF#
2026-10-03 20:56:21.402 [SETTLE] exp=1 gold=199368 len=393
2026-10-03 20:56:57.587 [SETTLE] exp=2 gold=199368 len=393
2026-10-03 20:57:26.393 [SETTLE] exp=2 gold=199368 len=393
2026-10-03 20:57:53.150 [SETTLE] exp=1 gold=199368 len=393
2026-10-03 20:58:19.128 [SETTLE] exp=2 gold=199368 len=393
2026-10-03 20:58:46.425 [SETTLE] exp=2 gold=199368 len=393
2026-10-03 20:59:18.715 [SETTLE] exp=2 gold=199368 len=393
2026-10-03 20:59:41.771 [SETTLE] exp=1 gold=199368 len=393
2026-10-03 20:59:59.978 [SYS] #00FFFF#国庆节特别活动“红旗飘飘贺国庆”#00FF00#正式开启#00FFFF#，冒险者可以在逍遥西的#FF0000#大冒险活动官#00FFFF#处参加活动，收集喜庆用品装饰旗台，赢取丰富的属性及道具奖励，幸运的冒险者还将得到#FF0000#稀有奖励#FFFFFF#！
2026-10-03 21:00:16.762 [SETTLE] exp=2 gold=199368 len=393
2026-10-03 21:00:48.503 [SETTLE] exp=1 gold=199368 len=393
2026-10-03 21:01:20.459 [SETTLE] exp=2 gold=199368 len=393
2026-10-03 21:01:49.986 [SETTLE] exp=1 gold=199368 len=393
2026-10-03 21:02:26.364 [SETTLE] exp=2 gold=199368 len=393
2026-10-03 21:03:22.892 [SETTLE] exp=1 gold=199368 len=393
2026-10-03 21:03:49.854 [SETTLE] exp=2 gold=199368 len=393
2026-10-03 21:04:20.924 [SETTLE] exp=1 gold=199368 len=393
2026-10-03 21:04:58.441 [SETTLE] exp=1 gold=199368 len=393
2026-10-03 21:05:32.128 [SETTLE] exp=2 gold=199368 len=393
2026-10-03 21:06:08.222 [SETTLE] exp=1 gold=199368 len=393
2026-10-03 21:06:30.700 [SETTLE] exp=1 gold=199368 len=393
2026-10-03 21:07:01.484 [SETTLE] exp=2 gold=199368 len=393
2026-10-03 21:07:24.565 [SETTLE] exp=1 gold=199368 len=393
2026-10-03 21:07:28.074 [SYS] #00FF00#1#00FFFF#分钟后逍遥村周围将掉落20个宝箱，捡取可获得意外惊喜喔！#FFFFFF#
2026-10-03 21:07:28.163 [SYS] #00FFFF#10位玉女携带礼物参加国庆活动，#00FF00#5#00FFFF#分钟后将出现在夕阳草原，请各位冒险者前去保护她们免受BOSS骚扰#FF0000#（BOSS有一定几率携带稀有宝宝）。#FFFFFF#
2026-10-03 21:07:54.224 [SETTLE] exp=1 gold=199368 len=393
2026-10-03 21:08:32.506 [SETTLE] exp=1 gold=199368 len=393
2026-10-03 21:08:56.626 [SETTLE] exp=1 gold=199368 len=393
2026-10-03 21:09:32.091 [SETTLE] exp=1 gold=199368 len=393
2026-10-03 21:10:00.173 [SETTLE] exp=1 gold=199368 len=393
2026-10-03 21:10:28.080 [SYS] #00FFFF#10位玉女携带礼物参加国庆活动，#00FF00#2#00FFFF#分钟后将出现在夕阳草原，请各位冒险者前去保护她们免受BOSS骚扰#FF0000#（BOSS有一定几率携带稀有宝宝）。#FFFFFF#
2026-10-03 21:10:31.080 [SETTLE] exp=1 gold=199368 len=393
2026-10-03 21:10:58.101 [SETTLE] exp=2 gold=199368 len=393
2026-10-03 21:11:28.081 [SYS] #00FFFF#10位玉女携带礼物参加国庆活动，#00FF00#1#00FFFF#分钟后将出现在夕阳草原，请各位冒险者前去保护她们免受BOSS骚扰#FF0000#（BOSS有一定几率携带稀有宝宝）。#FFFFFF#
2026-10-03 21:11:31.249 [SETTLE] exp=2 gold=199368 len=393
2026-10-03 21:11:37.658 [SYS] #00FF00#1#00FFFF#分钟后逍遥村周围将掉落20个宝箱，捡取可获得意外惊喜喔！#FFFFFF#
2026-10-03 21:12:07.571 [SETTLE] exp=2 gold=199368 len=393
2026-10-03 21:12:28.085 [SYS] #00FFFF#10位玉女携带礼物参加国庆活动，已经出现在夕阳草原，请各位冒险者前去保护她们免受BOSS骚扰（BOSS有一定几率携带稀有宝宝）。#FFFFFF#
2026-10-03 21:12:43.121 [SETTLE] exp=1 gold=199368 len=393
2026-10-03 21:13:19.018 [SETTLE] exp=1 gold=199368 len=393
2026-10-03 21:13:39.433 [QUESTION] {"type":"question","sock":2512,"qno":18,"field_a":79,"stem":"以下属于我国珍惜保护动物的是？","options":["1、火麒麟","2、藏羚羊","3、猩猩队长","4、霸天虎"]}
2026-10-03 21:13:41.173 [SEND-ANSWER] qno=18 opt=1 ret=13 sock=2512
2026-10-03 21:13:41.225 [SYS] 测试通过！
2026-10-03 21:13:41.316 [SYS] 获得了#00FF00#100#FFF692#金币
2026-10-03 21:14:13.987 [SETTLE] exp=2 gold=199368 len=393
2026-10-03 21:14:34.061 [SETTLE] exp=2 gold=199368 len=393
2026-10-03 21:15:02.079 [SETTLE] exp=2 gold=199368 len=393
2026-10-03 21:15:23.161 [SETTLE] exp=2 gold=199368 len=393
2026-10-03 21:15:51.615 [SETTLE] exp=2 gold=199368 len=393
2026-10-03 21:16:06.869 [SYS] #00FF00#1#00FFFF#分钟后逍遥村周围将掉落20个宝箱，捡取可获得意外惊喜喔！#FFFFFF#
2026-10-03 21:16:41.084 [SETTLE] exp=1 gold=199368 len=393
2026-10-03 21:17:10.940 [SETTLE] exp=1 gold=199368 len=393
2026-10-03 21:17:38.304 [SETTLE] exp=1 gold=199368 len=393
2026-10-03 21:18:10.972 [SETTLE] exp=1 gold=199368 len=393
2026-10-03 21:18:54.052 [SETTLE] exp=2 gold=199368 len=393
2026-10-03 21:19:22.344 [SYS] #00FF00#1#00FFFF#分钟后逍遥村周围将掉落20个宝箱，捡取可获得意外惊喜喔！#FFFFFF#
2026-10-03 21:19:59.994 [SYS] #00FFFF#国庆节特别活动“红旗飘飘贺国庆”#00FF00#正式开启#00FFFF#，冒险者可以在逍遥西的#FF0000#大冒险活动官#00FFFF#处参加活动，收集喜庆用品装饰旗台，赢取丰富的属性及道具奖励，幸运的冒险者还将得到#FF0000#稀有奖励#FFFFFF#！
2026-10-03 21:20:24.080 [SETTLE] exp=2 gold=199368 len=393
2026-10-03 21:20:56.203 [SETTLE] exp=1 gold=199368 len=393
2026-10-03 21:21:37.875 [SETTLE] exp=1 gold=199368 len=393
2026-10-03 21:22:09.171 [SETTLE] exp=1 gold=199368 len=393
2026-10-03 21:22:35.165 [SETTLE] exp=2 gold=199368 len=393
2026-10-03 21:22:57.273 [SETTLE] exp=1 gold=199368 len=393
2026-10-03 21:23:37.110 [SETTLE] exp=1 gold=199368 len=393
2026-10-03 21:24:05.875 [SETTLE] exp=1 gold=199368 len=393
2026-10-03 21:24:32.470 [SETTLE] exp=1 gold=199368 len=393
2026-10-03 21:25:05.815 [SETTLE] exp=1 gold=199368 len=393
2026-10-03 21:25:35.982 [SETTLE] exp=2 gold=199368 len=393
2026-10-03 21:26:08.239 [SETTLE] exp=2 gold=199368 len=393
2026-10-03 21:26:30.442 [SETTLE] exp=1 gold=199368 len=393
2026-10-03 21:26:59.767 [SETTLE] exp=2 gold=199368 len=393
2026-10-03 21:27:25.378 [SYS] #00FF00#1#00FFFF#分钟后逍遥村周围将掉落20个宝箱，捡取可获得意外惊喜喔！#FFFFFF#
2026-10-03 21:27:27.984 [SETTLE] exp=1 gold=199368 len=403
2026-10-03 21:28:05.430 [SETTLE] exp=2 gold=199368 len=393
2026-10-03 21:28:42.991 [SETTLE] exp=2 gold=199368 len=393
2026-10-03 21:29:15.589 [SETTLE] exp=2 gold=199368 len=393
2026-10-03 21:29:41.217 [SETTLE] exp=1 gold=199368 len=393
2026-10-03 21:30:09.260 [SETTLE] exp=2 gold=199368 len=393
2026-10-03 21:30:35.713 [SETTLE] exp=1 gold=199368 len=393
2026-10-03 21:31:00.856 [SETTLE] exp=2 gold=199368 len=393
2026-10-03 21:31:23.948 [SETTLE] exp=2 gold=199368 len=393
2026-10-03 21:31:49.387 [SETTLE] exp=1 gold=199368 len=393
2026-10-03 21:32:22.072 [SETTLE] exp=1 gold=199368 len=393
2026-10-03 21:33:04.812 [SETTLE] exp=1 gold=199368 len=393
2026-10-03 21:33:30.281 [SETTLE] exp=1 gold=199368 len=393
2026-10-03 21:34:02.108 [SETTLE] exp=1 gold=199368 len=393
2026-10-03 21:34:32.704 [SETTLE] exp=2 gold=199368 len=393
2026-10-03 21:35:04.242 [SETTLE] exp=2 gold=199368 len=393
2026-10-03 21:35:49.958 [SETTLE] exp=1 gold=199368 len=393
2026-10-03 21:36:13.301 [SETTLE] exp=2 gold=199368 len=393
2026-10-03 21:36:40.114 [SETTLE] exp=1 gold=199368 len=393
2026-10-03 21:37:12.271 [SETTLE] exp=2 gold=199368 len=393
2026-10-03 21:37:48.522 [SETTLE] exp=1 gold=199368 len=403
2026-10-03 21:38:13.193 [SETTLE] exp=2 gold=199368 len=393
2026-10-03 21:38:42.852 [SETTLE] exp=1 gold=199368 len=393
