2026-10-01 20:14:13.342 [INIT] dll loaded, pid=4256
2026-10-01 20:14:13.343 [INIT] codec loaded OK
2026-10-01 20:14:13.343 [INIT] iat hooks: recv=1 send=1 WSASend=1 connect=1 closesocket=1
2026-10-01 20:14:14.338 [OP] 4105 inv=FFFE len=1 #1 c0
2026-10-01 20:14:14.339 [OP] 4104 inv=FFFB len=4 #1 18671f77
2026-10-01 20:14:14.339 [OP] 4105 inv=FFFE len=1 #2 af
2026-10-01 20:14:14.339 [OP] 4104 inv=FFFB len=4 #2 b9671fe7
2026-10-01 20:14:14.344 [OUT] 1005 inv=FFEF len=20 #1 efff0510a498f85367c75c640b0b0022a32b1f80
2026-10-01 20:14:14.439 [OP] 4106 inv=FFFC len=3 #1 e546ed
2026-10-01 20:14:14.542 [OP] 4106 inv=FFFC len=3 #2 b1fdcb
2026-10-01 20:14:14.542 [OP] 4110 inv=FFFD len=2 #1 4d2b
2026-10-01 20:14:14.645 [OP] 4105 inv=FFFE len=1 #3 0c
2026-10-01 20:14:14.645 [OP] 4104 inv=FFFB len=4 #3 cead1f10
2026-10-01 20:14:14.750 [OP] 4109 inv=FE7B len=388 #1 efc2392bca800d53510bdcfaa32b1f809564510b02faccce2980076ffc0b66faf82b1f8017cd510b5253a32b1fc75b6451ecdcfa4b531f802164510bdcfaa32b1f805b64e4ecdcfaccff9f875b64510ba506a32bca805b64dfb2dcfa39c4ca805b64510bdcfaa32bca805b64dfb2dcfa39c459805b64510bdcc4a32bca805b64dfb2dcfa39c4ad805b64510bdcfaa32bca805b64dfb2dcfa39c49d805b64510b
2026-10-01 20:14:14.751 [OP] 4106 inv=FFFD len=2 #3 a3c4
2026-10-01 20:14:14.751 [OP] 4111 inv=FFFD len=2 #1 c064
2026-10-01 20:14:14.751 [OP] 4112 inv=FFFD len=2 #1 dcc4
2026-10-01 20:14:14.751 [OP] 4104 inv=FFFA len=5 #4 e956a3c1aa
2026-10-01 20:14:14.751 [OP] 4104 inv=FFFA len=5 #5 e956a3c1c7
2026-10-01 20:14:15.785 [PIPE] controller connected
2026-10-01 20:14:17.567 [OP] 4105 inv=FFFE len=1 #4 d0
2026-10-01 20:14:17.751 [OP] 4109 inv=FDFF len=512 #2 7207c464580b8b25a3531f805b64510b6ffaa32ba580ea7f0b0b0022fd24e7809564510baeaea32b9de79564517fdcfaa3531f8062df510b06faa32b1f805b64510bdcfa71531f80df64510bdcfaa32b1f805b64580bdcfab6ce1f801c7a0e0bdcc4a32b1faa5b645decdcfac42b1f805b64510bdcfaa32bca805b645fc4dcfafdcbad805bdf510bdcc4a32bb6aa5b64710bdcfaa32b1f805b64510b6ffaa32b
2026-10-01 20:14:17.849 [OP] 4111 inv=FFFD len=2 #2 a164
2026-10-01 20:14:19.140 [OP] 4109 inv=FE3F len=448 #3 efc2392bca801cdd51ecdcfaa32b1f809564510be6fa8fdea580ea7fb2755efaf82b1f80a76f510b8bc6f82b1fc75b64510f71e84b531f809964510bdcfaa32b1f805b645decdcfad82b1f805b64510bdcfaa32bca805b645fc4dcfafded59805bdf510bdcc4a32bb6aa5b64230bdcfaa32b1f805b64510b6ffaa32bb7ef5b64b2c052faa3531f805bdf510b25c4a32b67805b64510bdcfaa32b1f809564510b
2026-10-01 20:14:19.248 [OP] 4111 inv=FFFD len=2 #3 5764
2026-10-01 20:14:19.248 [OP] 4112 inv=FFFD len=2 #2 52c4
2026-10-01 20:14:20.567 [OP] 4105 inv=FFFE len=1 #5 b2
2026-10-01 20:14:20.679 [OUT] 1004 inv=FFF3 len=16 #1 f3ff04103e35ca2b59c7c3642d0b59ae
2026-10-01 20:14:20.792 [OP] 4109 inv=FE83 len=380 #4 b4b252faf82bad8c5b64510bdcfaa32bca805b642d0b59ae722b6fefc464310b6ffaa32bf4075b64fcfd6ffaa3531f805bb652b2afc4a32b6e805b64510bdcfaa32b1f809564510b3fc2a32badca946451ecdcfaa3531f80e5df510b5989515d1f805b6479c9dcfaf82b1f8017cd510b529ffd2b1f805b6451ecdcfa70bb1f80c5cd510b52faf82b1faa94648fecdcfacdbb1f805b64510bdcfaa32bfa4e5b64
2026-10-01 20:14:20.907 [OP] 4106 inv=FFFD len=2 #4 a37c
2026-10-01 20:14:20.908 [OP] 4110 inv=FFFD len=2 #2 b72b
2026-10-01 20:14:20.908 [OP] 4111 inv=FFFD len=2 #4 27df
2026-10-01 20:14:20.908 [OP] 4112 inv=FFFD len=2 #3 6fc4
2026-10-01 20:14:20.910 [OP] 4112 inv=FFFD len=2 #4 90c4
2026-10-01 20:14:20.910 [OP] 4112 inv=FFFD len=2 #5 8bc4
2026-10-01 20:14:20.915 [OUT] 1004 inv=FFF3 len=16 #2 f3ff04103e35ca2b59c7c3642d0b59ae
2026-10-01 20:14:21.068 [OP] 4110 inv=FFFD len=2 #3 b793
2026-10-01 20:14:21.375 [OUT] 1F51 inv=FFFF len=4 #1 ffff511f
2026-10-01 20:14:21.429 [OP] 4F52 inv=FFFF len=0 #1 
2026-10-01 20:14:25.481 [OP] 4211 inv=FFF6 len=9 #1 aa5b6451af3e22a34a
2026-10-01 20:14:25.482 [OP] 4211 inv=FFF6 len=9 #2 aa5b64515ca722a34a
2026-10-01 20:14:25.482 [OP] 4211 inv=FFF6 len=9 #3 aa5b6451cd3e22a34a
2026-10-01 20:14:25.482 [OP] 4211 inv=FFF6 len=9 #4 aa5b6451c03e22a34a
2026-10-01 20:14:25.584 [OP] 472A inv=FE76 len=393 #1 33b4de1faa5b64510bdcfaa32b1f805b64510bdcc4a32b1f805b64510bdcfaa32b1f805b64510bdc4e722b1f805b6451f46ffaa32b1f805b64510bdcfaa32b1f805b64510bdcfaa32b1f805b64510bdcfaa32b1f805b64510bdcfaa32b1f805b64510bdcfaa32b1f805b64510bdcfaa32b1f805b64510bdcfaa32b1f805b64510bdcfaa32b1f805b64510bdc3cf82b1f23956451c36ffaa3deca805bc9580bdc
2026-10-01 20:14:25.586 [OP] 42CE inv=FFFB len=4 #1 c87f510b
2026-10-01 20:14:25.642 [OUT] 0022 inv=FFD5 len=46 #1 d5ff220034d37fd951ec59b2cc2552332764586d36aa0f7c1faacdf895b0c19fa353bcc7777dc0fddcc4eb4a43aa
2026-10-01 20:14:25.695 [OP] 4610 inv=FFFE len=1 #1 9e
2026-10-01 20:14:26.653 [OUT] 0022 inv=FFD4 len=47 #2 d4ff2200ce723327df5834e7e66d1944ca5bdffa3547ebb72bca9f959b58b0c19fa35350aa2cdf6001c6faf8209d62
2026-10-01 20:14:26.707 [OP] 4610 inv=FFFE len=1 #2 b0
2026-10-01 20:14:27.651 [OUT] 0022 inv=FFD7 len=44 #3 d7ff22000d018ffd6fc485960d6e4128310b6fc737032fca5bdfb971c8ebb72bca6c107dc0fddcc475de0dc7
2026-10-01 20:14:27.706 [OP] 4610 inv=FFFE len=1 #3 3b
2026-10-01 20:14:28.643 [OUT] 0022 inv=FFD5 len=46 #4 d5ff220034d37fd958ec10084cf352332764587085aa0f7c1faa2590f801c6faf8c659b4957dc0fddcc453930daa
2026-10-01 20:14:28.697 [OP] 4610 inv=FFFE len=1 #4 08
2026-10-01 20:14:29.234 [OP] EFFE inv=FFFE len=1 #1 0b
2026-10-01 20:14:29.642 [OUT] 0022 inv=FFD5 len=46 #5 d5ff220034d37fd958ecd581f6ec52332764587085aa0f7c1faa2590f801c6faf82759af957dc0fddcc4419399aa
2026-10-01 20:14:29.697 [OP] 4610 inv=FFFE len=1 #5 8c
2026-10-01 20:14:31.825 [OP] 46FE inv=FFFF len=0 #1 
2026-10-01 20:14:32.790 [OP] 4100 inv=FFF9 len=6 #1 98aa075367cd
2026-10-01 20:14:32.790 [OP] 4101 inv=FC6D len=914 #1 8b3bad809464510bdcfaa32bc8d97b81510bdcfaa32b1f805b64510bdcfaa32b1f805b64510bdcfa4d7c9d4e5b649fecdcfaa32b1f80acdf510bdcfaa32b1f805b64510bdcfa4d5dad80c464510b8bfaa32b55925b648e90dcfac27f1f80c831510b155a4e78c8d97b81a552155acb2b1f807b81a5526f30c2d41e5f3c93191edcfaa32b1f805b64dfa0c6faa32b1f805b4d310bdcfaa32b1f805b64510bdcfa
2026-10-01 20:14:32.996 [OUT] 1F51 inv=FFFF len=4 #2 ffff511f
2026-10-01 20:14:33.050 [OP] 4F52 inv=FFFF len=0 #2 
2026-10-01 20:14:33.846 [OUT] 1001 inv=FFF9 len=10 #1 f9ff01101f805b64510b
2026-10-01 20:14:33.905 [OP] 4108 inv=FFE3 len=28 #1 7207c464510bdcfa2153c8d9d8f8510bce4051421f805b64510bdcfa
2026-10-01 20:14:34.009 [OP] 4108 inv=FFE3 len=28 #2 7207c464510bdcfa4d531f80d8f8510bce4051ed1f805b64510bdcfa
2026-10-01 20:14:34.009 [OP] 4108 inv=FFF3 len=12 #3 efc2392b1f805b64510bdcfa
2026-10-01 20:14:34.009 [OP] 4108 inv=FFF3 len=12 #4 efc2392b1f805b64580b155a
2026-10-01 20:14:34.009 [OP] 4108 inv=FFF3 len=12 #5 efc2392b1f805b640e0bdcfa
2026-10-01 20:14:36.080 [OUT] 1005 inv=FFEF len=20 #2 efff0510a498f85367c75c640b0b0022a32b1f80
2026-10-01 20:14:36.171 [OP] 4106 inv=FFFC len=3 #5 e546ed
2026-10-01 20:14:36.171 [OP] 4110 inv=FFFD len=2 #4 4d2b
2026-10-01 20:14:36.478 [OP] 4109 inv=FE1B len=484 #5 7207c464580b8fc2a32b1f805b64510b6ffaa32b2980076f2d0b59ae392b8a809564510b3fc2a32bad105b6451ecdcfaa32b1f8062df510b40faa32b1f805b64510bdcfaf82b1f8017cd510b5253f82b1f805b645152155af82b1f8017cd510b5253db2b1f805b645152155af82b1f8017cd510b5253392b1f805b645101dcfaf82b1f8017cd510b5253fd2b1faa5b6451445efaa8531f80076e5280dcfaa32b
2026-10-01 20:14:36.478 [OP] 4111 inv=FFFD len=2 #5 c064
2026-10-01 20:14:39.242 [OP] EFFE inv=FFFE len=1 #2 0b
2026-10-01 20:14:42.946 [OP] 472A inv=FE6C len=403 #2 33b4de1faa5b64510bdcfaa32b1f805b64510bdce8a32b1f805b64510bdcfaa32b1f805b64510bdc4e722b1f805b645122dcfaa32b1f805b64510bdcfaa32b1f805b64510bdcfaa32b1f805b64510bdcfaa32b1f805b64510bdcfaa32b1f805b64510bdcfaa32b1f805b64510bdcfaa32b1f805b64510bdcfaa32b1f805b64510bdcfaa32b1f805b64510bdc3cf82b1f1b9564513e6ffaa3deca805b7f580bdc
2026-10-01 20:14:43.054 [OP] 42CE inv=FFFB len=4 #2 c87f510b
2026-10-01 20:14:43.054 [OP] 4211 inv=FFF6 len=9 #5 aa5b6451af3e22a34a
2026-10-01 20:14:44.023 [OUT] 0048 inv=FFF7 len=12 #1 f7ff4800dcfaa32b1fe19564
2026-10-01 20:14:44.192 [OP] 4721 inv=FFF7 len=8 #1 efc2392b1fe19564
2026-10-01 20:14:44.982 [OUT] 004E inv=FFFA len=9 #1 faff4e00e9580bdce8
2026-10-01 20:14:45.093 [OP] 4029 inv=FFDF len=32 #1 63cdfc0b606ea32b1f805b64cf7fdcfaa32b1f809464510b90c4002b7a809564
2026-10-01 20:14:50.178 [OP] 4100 inv=FFF9 len=6 #2 98aad108875f
2026-10-01 20:14:50.288 [OP] 4101 inv=FC6D len=914 #2 8b3bad809464510bdcfaa32bc8d97b81510bdcfaa32b1f805b64510bdcfaa32b1f805b64510bdcfa4d7c9d4e5b649fecdcfaa32b1f80acdf510bdcfaa32b1f805b64510bdcfa4d5dad80c464510b8bfaa32b55925b648e90dcfac27f1f80c831510b155a4e78c8d97b81a552155acb2b1f807b81a5526f30c2d41e5f3c93191edcfaa32b1f805b645da0c6faa32b1f805b4d310bdcfaa32b1f805b64510bdcfa
2026-10-01 20:14:50.415 [OUT] 1F51 inv=FFFF len=4 #3 ffff511f
2026-10-01 20:14:50.474 [OP] 4F52 inv=FFFF len=0 #3 
2026-10-01 20:14:51.238 [OUT] 1001 inv=FFF9 len=10 #2 f9ff01101f805b64510b
2026-10-01 20:14:53.419 [OUT] 1005 inv=FFEF len=20 #3 efff0510a498f85367c75c640b0b0022a32b1f80
2026-10-01 20:14:53.623 [OP] 4110 inv=FFFD len=2 #5 4d2b
2026-10-01 20:14:53.858 [OP] F005 inv=FFE7 len=24 #1 26b35c3828d7fb2b1f805b64510bdcfaa3de1f80031af30c
2026-10-01 20:14:53.964 [OP] F005 inv=FFE7 len=24 #2 26b35c3828d7fb2b1f805b64510bdcfaa3de1f80031af30c
2026-10-01 20:14:59.748 [OUT] 1004 inv=FFF3 len=16 #3 f3ff04103e35ca2b5980c3642d0b59ae
2026-10-01 20:15:00.482 [OUT] 1F51 inv=FFFF len=4 #4 ffff511f
2026-10-01 20:15:00.542 [OP] 4F52 inv=FFFF len=0 #4 
2026-10-01 20:15:02.033 [OP] 46FE inv=FFFF len=0 #2 
2026-10-01 20:15:04.280 [OP] EFFE inv=FFFE len=1 #3 0b
2026-10-01 20:15:04.516 [OP] 472A inv=FE6C len=403 #3 33b4de1faa5b64510bdcfaa32b1f805b64510bdce8a32b1f805b64510bdcfaa32b1f805b64510bdc4e722b1f805b64513c6ffaa32b1f805b64510bdcfaa32b1f805b64510bdcfaa32b1f805b64510bdcfaa32b1f805b64510bdcfaa32b1f805b64510bdcfaa32b1f805b64510bdcfaa32b1f805b64510bdcfaa32b1f805b64510bdcfaa32b1f805b64510bdc22f82b1fc4956451f16ffaa391ca805b7f580bdc
2026-10-01 20:15:04.609 [OP] 42CE inv=FFFB len=4 #3 c87f510b
2026-10-01 20:15:06.129 [OUT] 0048 inv=FFF7 len=12 #2 f7ff4800dcfaa32b1fe19564
2026-10-01 20:15:06.274 [OP] 4721 inv=FFF7 len=8 #2 efc2392b1fe19564
2026-10-01 20:15:06.564 [OUT] 004E inv=FFFA len=9 #2 faff4e00e9580bdcf4
2026-10-01 20:15:06.629 [OP] 4029 inv=FFDF len=32 #2 63cdfc0bfa53a32b1f805b64f208dcfaa32b1f80dd7f510b8bc4002b24809564
2026-10-01 20:15:10.724 [OP] 4100 inv=FFF9 len=6 #3 98aa7708b60c
2026-10-01 20:15:10.839 [OUT] 1F51 inv=FFFF len=4 #5 ffff511f
2026-10-01 20:15:10.895 [OP] 4F52 inv=FFFF len=0 #5 
2026-10-01 20:15:11.005 [OP] 4101 inv=FBFD len=1026 #3 b4b252fadb2b1f805b64510b155a4e781f805b64510bdcfaa32b1f805b64510bdcfaa32b1f805b6441fd8b53a32b88aa5b64510bdcfa10531f805b64510bdcfaa32b1f805b64418052fa392b1f801c64510bbba0a32b6d5d5b641e2bdcfa6ff51f807b81a552155a4e78c8d97b81f00bdcfa4e78c8d995a91e2e6974a6f2e50e5b64510bdcfaa32b1f532764510bdcfaa33084805b64510bdcfaa32b1f805b64
2026-10-01 20:15:11.798 [OUT] 1001 inv=FFF9 len=10 #3 f9ff01101f805b64510b
2026-10-01 20:15:14.024 [OUT] 1005 inv=FFEF len=20 #4 efff0510a498f85367795c640b0b0022a32b1f80
2026-10-01 20:15:14.290 [OP] EFFE inv=FFFE len=1 #4 0b
2026-10-01 20:15:21.868 [OP] 472A inv=FE6C len=403 #4 33b4de1fc75b64510bdcfaa32b1f805b64510bdcc4a32b1f805b64510bdcfaa32b1f805b64510bdc4e722b1f805b64513c6ffaa32b1f805b64510bdcfaa32b1f805b64510bdcfaa32b1f805b64510bdcfaa32b1f805b64510bdcfaa32b1f805b64510bdcfaa32b1f805b64510bdcfaa32b1f805b64510bdcfaa32b1f805b64510bdcfaa32b1f805b64510bdc7af82b1f1b9564513e6ffaa391ca805bd3580bdc
2026-10-01 20:15:21.999 [OP] 42CE inv=FFFB len=4 #4 c87f510b
2026-10-01 20:15:22.232 [OUT] 0048 inv=FFF7 len=12 #3 f7ff4800dcfaa32b1fe19564
2026-10-01 20:15:22.335 [OP] 4721 inv=FFF7 len=8 #3 efc2392b1fe19564
2026-10-01 20:15:24.135 [OP] 40A0 inv=FFBB len=68 #1 63cdfc0b6ffadb2b69605b6439ecdcfadb4ac3548a70b10543bbea0232805b64510bdcfaa32b1f805b64510bdcfaa32b1f805b64510bdcfaa32b1f8007dff1fd59c49a7c
2026-10-01 20:15:26.127 [OP] 4100 inv=FFF9 len=6 #4 98aa327faab2
2026-10-01 20:15:26.128 [OP] 4101 inv=FBC5 len=1082 #4 8b3bad809464510bdcfaa32bc8d97b81510bdcfaa32b1f805b64510bdcfaa32b1f805b64510bdcfa4d7c9dca5b649fecdcfaa32b1f80acdf510bdcfaa32b1f805b64510bdcfa4d5dad80c464510b8bfaa32b55925b648e90dcfac27f1f80c831510b155a4e78c8d97b81a552155acb2b1f807b81a5526f30c2d41e5f3c93191edcfaa32b1f805b64dfa0c6faa32b1f805b4d310bdcfaa32b1f805b64510bdcfa
2026-10-01 20:15:27.196 [OUT] 1001 inv=FFF9 len=10 #4 f9ff01101f805b64510b
2026-10-01 20:15:29.318 [OP] EFFE inv=FFFE len=1 #5 0b
2026-10-01 20:15:29.377 [OUT] 1005 inv=FFEF len=20 #5 efff0510a498f85367795c640b0b0022a32b1f80
2026-10-01 20:15:32.242 [OP] 46FE inv=FFFF len=0 #3 
2026-10-01 20:15:43.904 [OP] 472A inv=FE76 len=393 #5 33b4de1fc75b64510bdcfaa32b1f805b64510bdcc4a32b1f805b64510bdcfaa32b1f805b64510bdc4e722b1f805b64513c6ffaa32b1f805b64510bdcfaa32b1f805b64510bdcfaa32b1f805b64510bdcfaa32b1f805b64510bdcfaa32b1f805b64510bdcfaa32b1f805b64510bdcfaa32b1f805b64510bdcfaa32b1f805b64510bdcfaa32b1f805b64510bdc22f82b1fce956451d06ffaa3deca805b7f580bdc
2026-10-01 20:15:44.003 [OP] 42CE inv=FFFB len=4 #5 c87f510b
2026-10-01 20:15:47.109 [OP] 4100 inv=FFF9 len=6 #5 98aae2f8b0b2
2026-10-01 20:15:47.110 [OP] 4101 inv=FC6D len=914 #5 8b3bad809464510bdcfaa32bc8d97b81510bdcfaa32b1f805b64510bdcfaa32b1f805b64510bdcfa4d7c9d4e5b649fecdcfaa32b1f80acdf510bdcfaa32b1f805b64510bdcfa4d5dad80c464510b8bfaa32b55925b648e90dcfac27f1f80c831510b155a4e78c8d97b81a552155acb2b1f807b81a5526f30c2d41e5f3c93191edcfaa32b1f805b6451a0c6faa32b1f805b4d310bdcfaa32b1f805b64510bdcfa
2026-10-01 20:15:48.175 [OUT] 1001 inv=FFF9 len=10 #5 f9ff01101f805b64510b
2026-10-01 20:16:02.501 [OP] 46FE inv=FFFF len=0 #4 
2026-10-01 20:16:06.581 [OUT] 0048 inv=FFF7 len=12 #4 f7ff4800dcfaa32b1fe19564
2026-10-01 20:16:06.663 [OP] 4721 inv=FFF7 len=8 #4 efc2392b1fe19564
2026-10-01 20:16:10.540 [OP] F005 inv=FFE7 len=24 #3 26b35c3828d7512b1f805b64510bdcfaa3de948cf86a8c25
2026-10-01 20:16:30.752 [OUT] 0048 inv=FFF7 len=12 #5 f7ff4800dcfaa32b1fe19564
2026-10-01 20:16:30.829 [OP] 4721 inv=FFF7 len=8 #5 efc2392b1fe19564
2026-10-01 20:16:31.585 [OUT] 004E inv=FFFA len=9 #3 faff4e00e9580bdce8
2026-10-01 20:16:31.735 [OP] 4029 inv=FFDF len=32 #3 63cdfc0b606ea32b1f805b64cf7fdcfaa32b1f809464580b90c4002b09809564
2026-10-01 20:16:32.860 [OP] 46FE inv=FFFF len=0 #5 
2026-10-01 20:16:37.891 [OP] F005 inv=FFE7 len=24 #4 26b35c3828d7512b1f805b64510bdcfaa3ceb212ddee1bd0
2026-10-01 20:16:43.396 [OUT] 1004 inv=FFF3 len=16 #4 f3ff04103e35ca2b5979c3642d0b59ae
2026-10-01 20:17:36.040 [OP] 40A0 inv=FFBB len=68 #2 63cdfc0b6ffadb2b16605b6439ecdcfadb4ac3548a70b10541bbea0232805b64510bdcfaa32b1f805b64510bdcfaa32b1f805b64510bdcfaa32b1f806408c4ecfbe04853
2026-10-01 20:17:36.041 [OP] 4613 inv=FEBD len=322 #1 0d7de4bf6fe0a3d4c3c786d2dead6a43ba5330df95c8ff1f118cfc53caaa956451ec6fc4f880291c1c965894dce8892b1f795bdf580b6aef6febd9d54666510bdc13a84cca4f5b8d7a75b2b96fc1621c555382539049b553b931068a83ae195bf853caaa5b6458ec6fc4a2060a127cdfc20b90c79f2b6280956451d5088880344ba75b6451ee0370f8d91fa93cf858246f57ff93caaa07870ee3cbe835b959aa
2026-10-01 20:17:40.031 [OP] 40A0 inv=FFBB len=68 #3 63cdfc0b6fc2392b6e605b6439ecdcfadb4ac3548a70b10541bbea0232805b64510bdcfaa32b1f805b64510bdcfaa32b1f805b64510bdcfaa32b1f80ec6f5a0be2aed02b
2026-10-01 20:17:48.504 [OP] 47C0 inv=FFE1 len=30 #1 0faac4c88ffd6f5bdc0c764ee02831ec6acf003c3c3cadd95875a465ccbb
2026-10-01 20:17:48.504 [OP] 47C0 inv=FFEA len=21 #2 51cac7e02831ec6acf003c3c3cadd95875a465ccbb
2026-10-01 20:17:48.504 [OP] 47C0 inv=FFF3 len=12 #3 0253ca3cadd95875a465ccbb
2026-10-01 20:17:48.504 [OP] 47C0 inv=FFF3 len=12 #4 0253ca6badd95875a465ccbb
2026-10-01 20:17:48.504 [OP] 47C0 inv=FFF3 len=12 #5 0253ca5f7fd958755992686f
2026-10-01 20:17:51.516 [OP] 4612 inv=FFEF len=16 #1 c464510b07c2392bb507c464408052fa
2026-10-01 20:17:51.516 [OP] 4612 inv=FFF3 len=12 #2 90faa32bb507c464408052fa
2026-10-01 20:17:51.516 [OP] 4612 inv=FFF7 len=8 #3 ca805b64408052fa
2026-10-01 20:17:52.528 [OP] 4612 inv=FFF3 len=12 #4 90faa32b2e87c4640db252fa
2026-10-01 20:17:52.528 [OP] 4612 inv=FFF7 len=8 #5 ca805b640db252fa
2026-10-01 20:17:57.357 [OUT] 1004 inv=FFF3 len=16 #5 f3ff04103e35ca2b598cc3642d0b59ae
2026-10-01 20:18:04.383 [OP] 4613 inv=FEBD len=322 #2 0d7de4bf6fe0a3d4c3c786d2dead6a43ba5330df95c8ff1f118cfc53caaa956451ec6fc4f805ec0cc4965894dce8202b1f4f5bdf580b6aef6febd9d54666510bdc13a84cca4f5b8d7a75b2b96fc1621c555382539049b553b931068a83ae195bf853caaa5b6458ec6fc40abb6cce7cdfc20b90e0a32b6280956451d5088880344ba75b6451ee0370f8d91fa93cf858246f57ff93caaa07870ee3cbe835b959aa
2026-10-01 20:18:15.077 [OP] F005 inv=FFE7 len=24 #5 26b35c3828d7972b1f805b64510bdcfaa3de1f80897ea30c
2026-10-01 20:18:25.491 [OP] 40A0 inv=FF7F len=128 #4 63cdfc0b90fafd2b81605b6439ecdcfadb4ac3548a70b105d3bbea0232805b64510bdcfaa32b1f805b64510bdcfaa32b1f805b64510bdcfaa32b1f80b3f875ecc2e88e538e125b64637fdcfadb4a329abdea13f2dcfaa32b1f805b64510bdcfaa32b1f805b64510bdcfaa32b1f805b64510bdcfaa32b1f8039f80dd0d9e8f0de
2026-10-01 20:18:25.491 [OP] 4613 inv=FEBD len=322 #3 0d7de4bf6fe0a3d4c3c786d2dead6a43ba5330df95c8ff1f118cfc53caaa956451ec6fc4f8b8344c1c965894dce8a32b1fce5bdf580b6aef6febd9d54666510bdc13a84cca4f5b8d7a75b2b96fc1621c555382539049b553b931068a83ae195bf853caaa5b6458ec6fc4d34a9c127cdfc20b90c45b2b6280956451d5088880344ba75b6451ee0370f8d91fa93cf858246f57ff93caaa07870ee3cbe835b959aa
2026-10-01 20:18:26.285 [OUT] 004E inv=FFFA len=9 #4 faff4e00e9580bdce8
2026-10-01 20:18:26.350 [OP] 4029 inv=FFDF len=32 #4 63cdfc0b606ea32b1f805b64cf7fdcfaa32b1f805b64510b90c4002b2c809564
2026-10-01 20:19:14.303 [OP] 4613 inv=FEBD len=322 #4 0d7de4bf6fe0a3d4c3c786d2dead6a43ba5330df95c8ff1f118cfc53caaa956451ec6fc4f83429b21c965894dce8a32b1faa5bdf580b6aef6febd9d54666510bdc13a84cca4f5b8d7a75b2b96fc1621c555382539049b553b931068a83ae195bf853caaa5b6458ec6fc489060a127cdfc20b9022a32b6280956451d5088880344ba75b6451ee0370f8d91fa93cf858246f57ff93caaa07870ee3cbe835b959aa
2026-10-01 20:19:33.295 [OP] 4613 inv=FFBE len=65 #5 c49c1c10aa4064291790104263bc7913195826e3c4a646d741550758ec6fc4a32bcaaa9564864461f40253ab80944b510b8ffaf8531f7926b35c3828d7972b1f80
2026-10-01 20:20:00.162 [SYS] #00FFFF#国庆节特别活动“红旗飘飘贺国庆”#00FF00#正式开启#00FFFF#，冒险者可以在逍遥西的#FF0000#大冒险活动官#00FFFF#处参加活动，收集喜庆用品装饰旗台，赢取丰富的属性及道具奖励，幸运的冒险者还将得到#FF0000#稀有奖励#FFFFFF#！
2026-10-01 20:20:22.476 [OUT] 004E inv=FFFA len=9 #5 faff4e00e9580bdce8
2026-10-01 20:20:22.580 [OP] 4029 inv=FFDF len=32 #5 63cdfc0b606ea32b1f805b64cf7fdcfaa32b1f8094744c1190c4002bb8809564
2026-10-01 20:22:20.563 [OP] 4707 inv=FFF3 len=12 #1 8b3bad80a1ecfc0b17faa32b
2026-10-01 20:22:21.681 [OP] 4018 inv=FFF0 len=15 #1 d36b7f5134a722a3b1596a946451d0
2026-10-01 20:30:40.651 [SYS] #ff0000#您已进入野外区域，可能遭遇玩家间的自由对战，请注意安全！#ffffff#
2026-10-01 20:30:40.651 [OP] 4202 inv=FFEF len=16 #1 d5ecdcfab42b1f806adf510be4c4a32b
2026-10-01 20:30:40.651 [OP] 40E0 inv=FED1 len=302 #1 b4b252faf9061f805b64510b89c4a32b1f805b64135fdcfaa32b1f809ef8510bdcfaa32befa05b64fc0bdcfa392b1f804864510ba7e8a32bad805b64acecdcfa932b1f8033df510b17e8a32b8b805b6444c9dcfa59531f80e264510be9c4a32b384e5b648fecdcfa4f2b1f800d64510b8ffaa32b1f805b64510bdcfaa32b1f805b64510bdcfaa32b1f805b64430bdcfaa32b1f805b64510bdcfaa32b1f805b64
2026-10-01 20:30:40.651 [OP] 40E3 inv=FFCF len=48 #1 7207c464af0bdcfac32bfd80da64580b33fabc2be080956445ec6ffabf5384809fdf0b0b0022202b01cec464edd090fa
2026-10-01 20:30:40.652 [OP] 40E2 inv=FFF3 len=12 #1 63cdfc0b6f9fa32b45809564
2026-10-01 20:30:40.652 [OP] 4232 inv=FF60 len=159 #1 01afd0dce0a32b1f4f5b645127dcfaa3de1f805b6f510bdc1c462b1f805b64510bdcfaa32b1f805b64510bdcfaa32b1f805b64510bdcfaa3599d805b64510bdcb7f82b1f805b6451fb8bfaa32b1f805b4e580bdcfaa32b1f227a64516f52faa3edad805b7c510bdc25a32b1fef5b6451c4dcfaa3d4ad805bbc510bdc6ba32b1f0a5b64510bdcfaa32cd672eca2d661e2b05b931f805b64510bdcfaa32b1f80
2026-10-01 20:30:40.652 [OP] 4232 inv=FF60 len=159 #2 01afd0dcf4a32b1f4e5b6451b2dcfaa3321f805b53510bdc8d202b1f805b64510bdcfaa32b1f805b64510bdcfaa32b1f805b64510bdcfaa39b34805b64510bdcdafd2b1f805b645149e6faa32b1f805b0bb20bdcfaa32b1f4c2364516f52faa3b834805be8510bdc0ea32b1fef5b6451c4dcfaa36834805b02510bdc1ba32b1fd35b64510bdcfaa32cd672eca2d604e2b05bde1f805bdf510bdcfaa32b1f80
2026-10-01 20:30:40.652 [OP] 4232 inv=FF60 len=159 #3 01afd0dcf4a32b1f8c5b64513ddcfaa34c1f805bcd510bdcff312b1f805b64510bdcfaa32b1f805b64510bdcfaa32b1f805b64510bdcfaa3bb8a805b64510bdc29202b1f805b645127c6faa32b1f805bade60bdcfaa32b1f2e7a6451f652faa3ba8a805ba4510bdccea32b1fef5b6451c4dcfaa3db3c805b0b510bdcbcdb2b1f239564510bdcfaa32cd6725aaed6aea1b05bceca8095f8510bdcfaa32b1f80
2026-10-01 20:30:40.653 [OP] 401B inv=FEF3 len=268 #1 63cdfc0b8bfaa32b0f805b64b4b252fada2b1f802964510b606ea32b1f805b64135fdcfaa32b1f80e9df510bdcfaa32be6c75b64510bdcfa16876c842d43520bdcfaa32b1f805b645152155a603bad803564510b68faa32b45ca5b64510bdcfac37c1f805b64510b03faa32b1f805b64db7fdcfaa32b1f8026b35c3828d7fb2b1f805b64510bdcfaa32b91b0baecfc0bddfaa32bab805b6403c4dcfaa32b1f80
2026-10-01 20:30:40.759 [OP] 4055 inv=FFF7 len=8 #1 63cdfc0bdcfaa32b
2026-10-01 20:30:40.759 [OP] 40A0 inv=FF07 len=248 #5 63cdfc0b8b0e392b5e605b6439ecdcfadb4ac3548a70b105cd97600e1f805b64510bdcfaa32b1f805b64510bdcfaa32b1f805b64510bdcfaa32b1f8030dfced078c4b1deef125b64e07fdcfadb4ae4f1245d510bdcfaa32b1f805b64510bdcfaa32b1f805b64510bdcfaa32b1f805b64510bdcfaa32b1f806bf84bd0a7e8fcde6fce5b64a9d0dcfadb4a402fed6d510bdcfaa32b1f805b64510bdcfaa32b1f80
2026-10-01 20:30:40.834 [OUT] 0185 inv=FFF7 len=12 #1 f7ff8501dcfaa32bc8d97b81
2026-10-01 20:31:15.913 [SYS] #ff0000#您已进入野外区域，可能遭遇玩家间的自由对战，请注意安全！#ffffff#
2026-10-01 20:31:15.969 [OP] 40E0 inv=FED1 len=302 #2 b4b252faf9061f805b64510b89c4a32b1f805b64135fdcfaa32b1f809ef8510bdcfaa32befa05b64fc0bdcfa392b1f804864510ba7e8a32bad805b64acecdcfa932b1f8033df510b17e8a32b8b805b6444c9dcfa59531f80e264510be9c4a32b384e5b648fecdcfa4f2b1f800d64510b8ffaa32b1f805b64510bdcfaa32b1f805b64510bdcfaa32b1f805b64430bdcfaa32b1f805b64510bdcfaa32b1f805b64
2026-10-01 20:31:15.969 [OP] 40E3 inv=FFCF len=48 #2 7207c464af0bdcfac32bfd80da64580b33fabc2be080956445ec6ffabf5384809fdf0b0b0022202b01cec464edd090fa
2026-10-01 20:31:15.969 [OP] 40E2 inv=FFF3 len=12 #2 63cdfc0b6ffaa32b45809564
2026-10-01 20:31:15.969 [OP] 4232 inv=FF60 len=159 #4 01afd0dce0a32b1f4f5b645127dcfaa3de1f805b6f510bdc1c462b1f805b64510bdcfaa32b1f805b64510bdcfaa32b1f805b64510bdcfaa3599d805b64510bdcb7f82b1f805b6451fb8bfaa32b1f805b4e580bdcfaa32b1f227a64516f52faa3edad805b7c510bdc25a32b1fef5b6451c4dcfaa3d4ad805bbc510bdc6ba32b1f0a5b64510bdcfaa32cd672eca2d661e2b05b931f805b64510bdcfaa32b1f80
2026-10-01 20:31:15.970 [OP] 4232 inv=FF60 len=159 #5 01afd0dcf4a32b1f4e5b6451b2dcfaa3321f805b53510bdc8d202b1f805b64510bdcfaa32b1f805b64510bdcfaa32b1f805b64510bdcfaa39b34805b64510bdcdafd2b1f805b645149e6faa32b1f805b0bb20bdcfaa32b1f4c2364516f52faa3b834805be8510bdc0ea32b1fef5b6451c4dcfaa36834805b02510bdc1ba32b1fd35b64510bdcfaa32cd672eca2d604e2b05bde1f805bdf510bdcfaa32b1f80
2026-10-01 20:31:15.970 [OP] 401B inv=FEF3 len=268 #2 63cdfc0b8bfaa32b0f805b64b4b252fada2b1f802964510b606ea32b1f805b64135fdcfaa32b1f80e9df510bdcfaa32be6c75b64510bdcfa16876c842d43520bdcfaa32b1f805b6451ecdcfa603bad803564510b68faa32b45ca5b64510bdcfac37c1f805b64510b03faa32b1f805b64db7fdcfaa32b1f8026b35c3828d7fb2b1f805b64510bdcfaa3de1c48baecfc0bddfaa32bab805b6403c4dcfaa32b1f80
2026-10-01 20:31:15.970 [OP] 4202 inv=FFEF len=16 #2 feecdcfab42b1f8056df510bc3c4a32b
2026-10-01 20:31:15.970 [OP] 4055 inv=FFF7 len=8 #2 63cdfc0bdcfaa32b
2026-10-01 20:31:15.992 [OUT] 0185 inv=FFF7 len=12 #2 f7ff8501dcfaa32bc8d97b81
2026-10-01 20:35:41.309 [SYS] #ff0000#您已进入野外区域，可能遭遇玩家间的自由对战，请注意安全！#ffffff#
2026-10-01 20:35:41.309 [OP] 4202 inv=FFEF len=16 #3 95ecdcfab42b1f8072df510be4c4a32b
2026-10-01 20:35:41.310 [OP] 40E0 inv=FED1 len=302 #3 b4b252faf9061f805b64510b89c4a32b1f805b64135fdcfaa32b1f809ef8510bdcfaa32befa05b64fc0bdcfa392b1f804864510ba7e8a32bad805b64acecdcfa932b1f8033df510b17e8a32b8b805b6444c9dcfa59531f80e264510be9c4a32b384e5b648fecdcfa4f2b1f800d64510b8ffaa32b1f805b64510bdcfaa32b1f805b64510bdcfaa32b1f805b64430bdcfaa32b1f805b64510bdcfaa32b1f805b64
2026-10-01 20:35:41.310 [OP] 40E3 inv=FFCF len=48 #3 7207c464af0bdcfac32bfd80da64580b33fabc2be080956445ec6ffabf5384809fdf0b0b0022202b01cec464edd090fa
2026-10-01 20:35:41.310 [OP] 40E2 inv=FFF3 len=12 #3 63cdfc0b6ffaa32b45809564
2026-10-01 20:35:41.310 [OP] 401B inv=FEF3 len=268 #3 63cdfc0b8bfaa32b0f805b64b4b252fada2b1f802964510b606ea32b1f805b64135fdcfaa32b1f80e9df510bdcfaa32be6c75b64510bdcfa16876c842d43520bdcfaa32b1f805b645152155a603bad803564510b68faa32b45ca5b64510bdcfac37c1f805b64510b03faa32b1f805b64db7fdcfaa32b1f8026b35c3828d7fb2b1f805b64510bdcfaa34a91b0baecfc0bddfaa32bab805b6403c4dcfaa32b1f80
2026-10-01 20:35:41.407 [OP] 4055 inv=FFF7 len=8 #3 63cdfc0bdcfaa32b
2026-10-01 20:35:41.474 [OUT] 0185 inv=FFF7 len=12 #3 f7ff8501dcfaa32bc8d97b81
2026-10-01 20:35:47.567 [SYS] #ff0000#您已进入野外区域，可能遭遇玩家间的自由对战，请注意安全！#ffffff#
2026-10-01 20:35:47.640 [OP] 40E0 inv=FED1 len=302 #4 b4b252faf9061f805b64510b89c4a32b1f805b64135fdcfaa32b1f809ef8510bdcfaa32befa05b64fc0bdcfa392b1f804864510ba7e8a32bad805b64acecdcfa932b1f8033df510b17e8a32b8b805b6444c9dcfa59531f80e264510be9c4a32b384e5b648fecdcfa4f2b1f800d64510b8ffaa32b1f805b64510bdcfaa32b1f805b64510bdcfaa32b1f805b64430bdcfaa32b1f805b64510bdcfaa32b1f805b64
2026-10-01 20:35:47.640 [OP] 40E3 inv=FFCF len=48 #4 7207c464af0bdcfac32bfd80da64580b33fabc2be080956445ec6ffabf5384809fdf0b0b0022202b01cec464edd090fa
2026-10-01 20:35:47.640 [OP] 40E2 inv=FFF3 len=12 #4 63cdfc0b6ffaa32b45809564
2026-10-01 20:35:47.640 [OP] 401B inv=FEF3 len=268 #4 63cdfc0b8bfaa32b0f805b64b4b252fada2b1f802964510b606ea32b1f805b64135fdcfaa32b1f80e9df510bdcfaa32be6c75b64510bdcfa16876c842d43520bdcfaa32b1f805b6451ecdcfa603bad803564510b68faa32b45ca5b64510bdcfac37c1f805b64510b03faa32b1f805b64db7fdcfaa32b1f8026b35c3828d7fb2b1f805b64510bdcfaa32c1c48baecfc0bddfaa32bab805b6403c4dcfaa32b1f80
2026-10-01 20:35:47.642 [OP] 4202 inv=FFEF len=16 #4 feecdcfab42b1f80d07f510b2625a32b
2026-10-01 20:35:47.642 [OP] 4055 inv=FFF7 len=8 #4 63cdfc0bdcfaa32b
2026-10-01 20:35:47.657 [OUT] 0185 inv=FFF7 len=12 #4 f7ff8501dcfaa32bc8d97b81
2026-10-01 20:39:39.956 [SYS] #ff0000#您已进入野外区域，可能遭遇玩家间的自由对战，请注意安全！#ffffff#
2026-10-01 20:39:39.956 [OP] 40E0 inv=FED1 len=302 #5 b4b252faf9061f805b64510b89c4a32b1f805b64135fdcfaa32b1f809ef8510bdcfaa32befa05b64fc0bdcfa392b1f804864510ba7e8a32bad805b64acecdcfa932b1f8033df510b17e8a32b8b805b6444c9dcfa59531f80e264510be9c4a32b384e5b648fecdcfa4f2b1f800d64510b8ffaa32b1f805b64510bdcfaa32b1f805b64510bdcfaa32b1f805b64430bdcfaa32b1f805b64510bdcfaa32b1f805b64
2026-10-01 20:39:39.956 [OP] 40E3 inv=FFCF len=48 #5 7207c464af0bdcfac32bfd80da64580b33fabc2be080956445ec6ffabf5384809fdf0b0b0022202b01cec464edd090fa
2026-10-01 20:39:39.956 [OP] 40E2 inv=FFF3 len=12 #5 63cdfc0b6faea32b45809564
2026-10-01 20:39:39.956 [OP] 4202 inv=FFEF len=16 #5 b7ecdcfa572b1f80387f510b80c4a32b
2026-10-01 20:39:39.957 [OP] 4055 inv=FFF7 len=8 #5 63cdfc0bdcfaa32b
2026-10-01 20:39:39.957 [OP] 401B inv=FEF3 len=268 #5 63cdfc0b8bfaa32b0f805b64b4b252fada2b1f802964510b606ea32b1f805b64135fdcfaa32b1f80e9df510bdcfaa32be6c75b64510bdcfa16876c842d43520bdcfaa32b1f805b645152155a603bad803564510b68faa32b45ca5b64510bdcfac37c1f805b64510b59c4a32b1f805b64db7fdcfaa32b1f8026b35c3828d7fb2b1f805b64510bdcfaa32b91b0baecfc0bddfaa32bab805b6403c4dcfaa32b1f80
2026-10-01 20:39:39.979 [OUT] 0185 inv=FFF7 len=12 #5 f7ff8501dcfaa32bc8d97b81
2026-10-01 20:39:42.581 [OUT] 0030 inv=FFDE len=37 #1 deff3000af3e22a32b1f805ba0510bdcc5a32b1f3cc83369938c0ba32b1f805b64510bdcfa
2026-10-01 20:39:44.229 [OP] 4705 inv=FFB8 len=71 #1 d36b7f5134a722a3cb67ce5bfc580bdcfaa32b1f491c64510bdcfaa3a359805b64510bdcf3392b1f805b645131dcfaa32f1f805bac51a2da2bf0b3bb341a64510bdcfaa32b1f80
2026-10-01 20:39:45.100 [OUT] 0050 inv=FFF7 len=12 #1 f7ff5000a32b1f80857f510b
2026-10-01 20:39:45.165 [OP] 4019 inv=FF4B len=180 #1 7207c4645bd0dcfaf84a1f795d6465cacd97f0b3ff0ebd4e4de45d9109a3d00c83fd2511a2014134ff0fd206054b187404d4e50f859b29a307648034bf2e5444809b5b1832e7127c4f2a5c93f0d1851ed39941e14c382323046ebfa64f8d17a65ab7f959e9152cf92511a2014c509632bd4ed72a227f09a34b1de48c3001cd1eb00eb9d7c2c088cadccaa32b2980bde31d01db60c7882771418a51ec02fa8048
2026-10-01 20:39:46.090 [OUT] 0051 inv=FFF7 len=12 #1 f7ff51005b64510b90faa32b
2026-10-01 20:39:46.201 [SYS] #ff0000#您已进入野外区域，可能遭遇玩家间的自由对战，请注意安全！#ffffff#
2026-10-01 20:39:56.886 [QUESTION] {"type":"question","sock":2512,"qno":17,"field_a":91,"stem":"下列动物中哪个是我国特有的珍惜的哺乳动物？","options":["1、大熊猫","2、猩猩队长","3、火麒麟","4、霸天虎"]}
2026-10-01 20:39:57.889 [UI] auto dump on question qno=17
2026-10-01 20:39:57.890 [UI] ---- window dump begin (pid 4256) ----
2026-10-01 20:39:57.895 [UI] TOP=00130384 vis=1 cls=ATL:012FF210 rc=(1,19,1041,826) title=什么什么大冒险2(①逍遥村敬老院)-伏地魔1_Sep 24 2026《什么什么大冒险》制作委员会QQ群:515616289
2026-10-01 20:39:57.895 [UI] TOP=00060742 vis=0 cls=DIEmWin rc=(-1,-1,135,38) title=DIEmWin
2026-10-01 20:39:57.899 [UI] TOP=000807BA vis=0 cls=MSCTFIME UI rc=(0,0,0,0) title=MSCTFIME UI
2026-10-01 20:39:57.927 [UI] TOP=001805CE vis=0 cls=IME rc=(0,0,0,0) title=Default IME
2026-10-01 20:39:57.928 [UI] TOP=000707D6 vis=0 cls=IME rc=(0,0,0,0) title=Default IME
2026-10-01 20:39:57.928 [UI] ---- window dump end ----
2026-10-01 20:39:59.483 [SEND-ANSWER] qno=17 opt=0 ret=13 sock=2512
2026-10-01 20:39:59.537 [SYS] 测试通过！
2026-10-01 20:39:59.641 [SYS] 获得了#00FF00#100#FFF692#金币
2026-10-01 20:39:59.641 [CURRENCY] a=199366 b=1073442
2026-10-01 20:40:00.211 [SYS] #00FFFF#国庆节特别活动“红旗飘飘贺国庆”#00FF00#正式开启#00FFFF#，冒险者可以在逍遥西的#FF0000#大冒险活动官#00FFFF#处参加活动，收集喜庆用品装饰旗台，赢取丰富的属性及道具奖励，幸运的冒险者还将得到#FF0000#稀有奖励#FFFFFF#！
2026-10-01 20:40:01.296 [UI] auto-closing quiz frame: qno=17 opt=0
2026-10-01 20:40:15.913 [OP] 4031 inv=FF5C len=163 #1 39510cdc22a32b1faa5b5003b3a22d1d88ab6a30051648b0c54f67e87106671df42db834677c499871136a78ec4f67e88f138787e92a934f67c31663b97fb353001618b0a4a9e9744c6828349aa250a2d8899e38d5a8671213a96706a4b1ec34679694f3b3e1a6b6ccc29b40f32cce4d87f0775131a2b1f389f9140fb35120bb4c848980ef6e165119aeeb837bc06919740e23d0e4346451e49cfc58f33ee554
2026-10-01 20:40:17.330 [OUT] 1F04 inv=FFF6 len=13 #1 f6ff041fce1f805b7a510bdcfa
2026-10-01 20:41:00.032 [SYS] #00FF00#1#00FFFF#分钟后逍遥村周围将掉落20个宝箱，捡取可获得意外惊喜喔！#FFFFFF#
2026-10-01 20:42:07.870 [OP] 4210 inv=FFF3 len=12 #1 710bdcfab42b1f80baecfc0b
2026-10-01 20:43:26.226 [OP] 4210 inv=FFF3 len=12 #2 710bdcfaf62b1f8057ecfc0b
2026-10-01 20:43:49.412 [SYS] #00FF00#1#00FFFF#分钟后逍遥村周围将掉落20个宝箱，捡取可获得意外惊喜喔！#FFFFFF#
2026-10-01 20:43:49.515 [SYS] #00FFFF#10位玉女携带礼物参加国庆活动，#00FF00#5#00FFFF#分钟后将出现在夕阳草原，请各位冒险者前去保护她们免受BOSS骚扰#FF0000#（BOSS有一定几率携带稀有宝宝）。#FFFFFF#
2026-10-01 20:46:49.481 [SYS] #00FFFF#10位玉女携带礼物参加国庆活动，#00FF00#2#00FFFF#分钟后将出现在夕阳草原，请各位冒险者前去保护她们免受BOSS骚扰#FF0000#（BOSS有一定几率携带稀有宝宝）。#FFFFFF#
2026-10-01 20:47:39.898 [SYS] #00FF00#1#00FFFF#分钟后逍遥村周围将掉落20个宝箱，捡取可获得意外惊喜喔！#FFFFFF#
2026-10-01 20:47:49.394 [SYS] #00FFFF#10位玉女携带礼物参加国庆活动，#00FF00#1#00FFFF#分钟后将出现在夕阳草原，请各位冒险者前去保护她们免受BOSS骚扰#FF0000#（BOSS有一定几率携带稀有宝宝）。#FFFFFF#
2026-10-01 20:48:49.422 [SYS] #00FFFF#10位玉女携带礼物参加国庆活动，已经出现在夕阳草原，请各位冒险者前去保护她们免受BOSS骚扰（BOSS有一定几率携带稀有宝宝）。#FFFFFF#
2026-10-01 20:49:36.375 [OP] 4031 inv=FFCD len=50 #2 34fa5f2bf3805b64510b2c938a4eff719893bcf2d897a62796943027740a1e6d032b1fb16deb8860ef38c1acc526b36de20b
2026-10-01 20:53:58.436 [OP] 4031 inv=FFC9 len=54 #3 11647b0b0afaa32b1f80e9ea252e53d880661e131ab40646d897a6f7c66ae9ea5c935d23a32ba766edc0b114f8edf459400bfd8dc60b
2026-10-01 20:54:09.267 [OP] 4210 inv=FFF3 len=12 #3 710bdcfa822b1f80a1ecfc0b
2026-10-01 20:58:23.911 [SYS] #00FF00#1#00FFFF#分钟后逍遥村周围将掉落20个宝箱，捡取可获得意外惊喜喔！#FFFFFF#
2026-10-01 20:58:24.009 [SYS] #00FFFF#10位玉女携带礼物参加国庆活动，#00FF00#5#00FFFF#分钟后将出现在夕阳草原，请各位冒险者前去保护她们免受BOSS骚扰#FF0000#（BOSS有一定几率携带稀有宝宝）。#FFFFFF#
2026-10-01 21:00:00.154 [SYS] #00FFFF#国庆节特别活动“红旗飘飘贺国庆”#00FF00#正式开启#00FFFF#，冒险者可以在逍遥西的#FF0000#大冒险活动官#00FFFF#处参加活动，收集喜庆用品装饰旗台，赢取丰富的属性及道具奖励，幸运的冒险者还将得到#FF0000#稀有奖励#FFFFFF#！
2026-10-01 21:01:23.908 [SYS] #00FFFF#10位玉女携带礼物参加国庆活动，#00FF00#2#00FFFF#分钟后将出现在夕阳草原，请各位冒险者前去保护她们免受BOSS骚扰#FF0000#（BOSS有一定几率携带稀有宝宝）。#FFFFFF#
2026-10-01 21:01:37.500 [SYS] #00FF00#1#00FFFF#分钟后逍遥村周围将掉落20个宝箱，捡取可获得意外惊喜喔！#FFFFFF#
2026-10-01 21:02:23.922 [SYS] #00FFFF#10位玉女携带礼物参加国庆活动，#00FF00#1#00FFFF#分钟后将出现在夕阳草原，请各位冒险者前去保护她们免受BOSS骚扰#FF0000#（BOSS有一定几率携带稀有宝宝）。#FFFFFF#
2026-10-01 21:03:23.922 [SYS] #00FFFF#10位玉女携带礼物参加国庆活动，已经出现在夕阳草原，请各位冒险者前去保护她们免受BOSS骚扰（BOSS有一定几率携带稀有宝宝）。#FFFFFF#
2026-10-01 21:03:39.522 [SYS] #00FF00#1#00FFFF#分钟后逍遥村周围将掉落20个宝箱，捡取可获得意外惊喜喔！#FFFFFF#
2026-10-01 21:04:27.811 [SYS] #FFF692#恭喜#FF8CF8#Nnnnnn1#FFF692#在#00C8F8#国庆福袋#FFF692#中获得了#64FF7D#摄魂铃铛
2026-10-01 21:04:29.141 [SYS] #FFF692#恭喜#FF8CF8#Nnnnnn1#FFF692#在#00C8F8#国庆福袋#FFF692#中获得了#64FF7D#古老的袖里剑
2026-10-01 21:04:34.368 [SYS] #FFF692#恭喜#FF8CF8#Nnnnnn1#FFF692#在#00C8F8#国庆福袋#FFF692#中获得了#64FF7D#宠物印记
2026-10-01 21:05:59.552 [SYS] #FFF692#恭喜#FF8CF8#Nnnnnn1#FFF692#在#00C8F8#国庆福袋#FFF692#中获得了#64FF7D#宠物印记
2026-10-01 21:06:00.382 [SYS] #FFF692#恭喜#FF8CF8#Nnnnnn1#FFF692#在#00C8F8#国庆福袋#FFF692#中获得了#64FF7D#魔法命运骰子
2026-10-01 21:09:58.049 [SYS] #00FF00#1#00FFFF#分钟后逍遥村周围将掉落20个宝箱，捡取可获得意外惊喜喔！#FFFFFF#
2026-10-01 21:10:42.557 [OP] 4031 inv=FFE9 len=22 #4 fc0bfafa382b1f805b64520bdc640448827a7ee5e20b
2026-10-01 21:11:34.921 [OP] 4031 inv=FFE9 len=22 #5 fc0bfafaf82b1f8095647f0bdc3be37940c288673d0b
2026-10-01 21:12:31.520 [OP] 4707 inv=FFF3 len=12 #2 8b3bad8057ecfc0b17faa32b
2026-10-01 21:13:09.690 [QUESTION] {"type":"question","sock":2512,"qno":15,"field_a":83,"stem":"太阳是一颗自己能发热发光的星，它属于？","options":["1、恒星","2、正能量","3、烤肉用具","4、黑洞"]}
2026-10-01 21:13:10.692 [UI] auto dump on question qno=15
2026-10-01 21:13:10.692 [UI] ---- window dump begin (pid 4256) ----
2026-10-01 21:13:10.703 [UI] TOP=00130384 vis=1 cls=ATL:012FF210 rc=(1,19,1041,826) title=什么什么大冒险2(①逍遥村敬老院)-伏地魔1_Sep 24 2026《什么什么大冒险》制作委员会QQ群:515616289
2026-10-01 21:13:10.703 [UI] TOP=00060742 vis=0 cls=DIEmWin rc=(-1,-1,135,38) title=DIEmWin
2026-10-01 21:13:10.721 [SYS] #00FF00#1#00FFFF#分钟后逍遥村周围将掉落20个宝箱，捡取可获得意外惊喜喔！#FFFFFF#
2026-10-01 21:13:10.721 [UI] TOP=000807BA vis=0 cls=MSCTFIME UI rc=(0,0,0,0) title=MSCTFIME UI
2026-10-01 21:13:10.738 [UI] TOP=001805CE vis=0 cls=IME rc=(0,0,0,0) title=Default IME
2026-10-01 21:13:10.739 [UI] TOP=000707D6 vis=0 cls=IME rc=(0,0,0,0) title=Default IME
2026-10-01 21:13:10.739 [UI] ---- window dump end ----
2026-10-01 21:13:13.786 [SEND-ANSWER] qno=15 opt=0 ret=13 sock=2512
2026-10-01 21:13:13.890 [SYS] 测试通过！
2026-10-01 21:13:13.943 [SYS] 获得了#00FF00#100#FFF692#金币
2026-10-01 21:13:13.944 [CURRENCY] a=199366 b=1073542
2026-10-01 21:13:15.587 [UI] auto-closing quiz frame: qno=15 opt=0
2026-10-01 21:13:21.337 [OUT] 1F04 inv=FFF6 len=13 #2 f6ff041fce1f805ba9510bdcfa
2026-10-01 21:17:33.268 [SYS] #FFF692#恭喜#FF8CF8#白酒啤酒#FFF692#打造出#64FF7D#+10#FFF692#装备
2026-10-01 21:20:00.143 [SYS] #00FFFF#国庆节特别活动“红旗飘飘贺国庆”#00FF00#正式开启#00FFFF#，冒险者可以在逍遥西的#FF0000#大冒险活动官#00FFFF#处参加活动，收集喜庆用品装饰旗台，赢取丰富的属性及道具奖励，幸运的冒险者还将得到#FF0000#稀有奖励#FFFFFF#！
2026-10-01 21:23:38.865 [OP] 4210 inv=FFF3 len=12 #4 140bdcfab12b1f80a1ecfc0b
2026-10-01 21:25:46.602 [OP] 4210 inv=FFF3 len=12 #5 140bdcfa5f2b1f80baecfc0b
2026-10-01 21:27:10.265 [SYS] #ff0000#您已进入野外区域，可能遭遇玩家间的自由对战，请注意安全！#ffffff#
2026-10-01 21:27:17.549 [SYS] #ff0000#您已进入野外区域，可能遭遇玩家间的自由对战，请注意安全！#ffffff#
2026-10-01 21:29:31.074 [SYS] #00FF00#1#00FFFF#分钟后逍遥村周围将掉落20个宝箱，捡取可获得意外惊喜喔！#FFFFFF#
2026-10-01 21:30:00.127 [SYS] #FF0000#世界BOSS#00FFFF#将于#FFFF00#10#00FFFF#分钟后开始，大家赶紧到#00c2ff#龙之都#00FFFF#找#ff8dff#老刘(3666,1959)#00FFFF#报名！
2026-10-01 21:30:01.802 [SYS] #ff0000#您已进入野外区域，可能遭遇玩家间的自由对战，请注意安全！#ffffff#
2026-10-01 21:36:01.333 [SYS] #ff0000#您已进入野外区域，可能遭遇玩家间的自由对战，请注意安全！#ffffff#
2026-10-01 21:38:41.788 [SYS] #00FF00#1#00FFFF#分钟后逍遥村周围将掉落20个宝箱，捡取可获得意外惊喜喔！#FFFFFF#
2026-10-01 21:39:59.585 [SYS] #ff0000#您已进入野外区域，可能遭遇玩家间的自由对战，请注意安全！#ffffff#
2026-10-01 21:40:00.131 [SYS] #FF0000#世界BOSS#00FFFF#已经开始，请大家到相应的地图痛扁BOSS或到#00c2ff#龙之都#00FFFF#找#ff8dff#老刘(3666,1959)#00FFFF#报名！
2026-10-01 21:40:28.566 [OUT] 0050 inv=FFF7 len=12 #2 f7ff5000a32b1f80857f510b
2026-10-01 21:40:28.629 [OP] 4019 inv=FF4B len=180 #2 7207c4645bd0dcfaf84a1f4e5d6465cacd97f0b3ff0ebd4e4de45d9109a3d00c83fd2511a2014134ff0fd206054b187404d4e50f859b29a307648034bf2e5444809b5b1832e7127c4f2a5c93f0d1851ed39941e14c382323046ebfa64f8d17a65ab7f959e9152cf92511a2014c509632bd4ed72a227f09a34b1de48c3001cd1eb00eb9d7c2c088cadcfaa32b2980bde31d01db60c7882771418a51c502fa8048
2026-10-01 21:40:30.284 [OUT] 0051 inv=FFF7 len=12 #2 f7ff51005b64510b6ffaa32b
2026-10-01 21:40:30.435 [SYS] #ff0000#您已进入野外区域，可能遭遇玩家间的自由对战，请注意安全！#ffffff#
2026-10-01 21:41:26.547 [SYS] #ff0000#您已进入野外区域，可能遭遇玩家间的自由对战，请注意安全！#ffffff#
2026-10-01 21:41:32.823 [SYS] #00FFFF#世界BOSS已被#00FF00#[URL]超级恶霸龟龟酱[/URL]#00FFFF#首杀，活动即将结束，感谢大家的参与，请大家30分钟后到#00c2ff#龙之都#00FFFF#找#ff8dff#老刘(3666,1959)#00FFFF#领取活动奖励！
2026-10-01 21:41:33.168 [OUT] 0030 inv=FFDE len=37 #2 deff3000af3e22a32b1f805ba0510bdcc5a32b1f3cc83369938c0ba32b1f805b64510bdcfa
2026-10-01 21:41:33.228 [SYS] 你所邀请的对象已经在另外一个队伍里，无法接受你的邀请。
2026-10-01 21:41:52.753 [OUT] 0050 inv=FFF7 len=12 #3 f7ff5000a32b1f80857f510b
2026-10-01 21:41:52.808 [OP] 4019 inv=FF4B len=180 #3 7207c4645bd0dcfaf84a1f8c5d6465cacd97f0b3ff0ebd4e4de45d9109a3d00c83fd2511a2014134ff0fd206054b187404d4e50f859b29a307648034bf2e5444809b5b1832e7127c4f2a5c93f0d1851ed39941e14c382323046ebfa64f8d17a65ab7f959e9152cf92511a2014c509632bd4ed72a227f09a34b1de48c3001cd1eb00eb9d7c2c088cadcfaa32b2980bde31d01db60c7882771418a510b02fa8048
2026-10-01 21:41:53.929 [OUT] 0051 inv=FFF7 len=12 #3 f7ff51005b64510b6ffaa32b
2026-10-01 21:41:54.097 [SYS] #ff0000#您已进入野外区域，可能遭遇玩家间的自由对战，请注意安全！#ffffff#
2026-10-01 21:43:15.192 [OUT] 0030 inv=FFDE len=37 #3 deff3000c03e22a32b1f805ba0510bdcc5a32b1f3cc83369938c0ba32b1f805b64510bdcfa
2026-10-01 21:43:16.499 [OP] 4705 inv=FFB8 len=71 #2 d36b7f5134a722a3ed67ce5b670b0bdcfaa32b1f2b4064510bdcfaa31e1f805b64510bdc91a32b1f805b645131dcfaa34e1f805b6151a2da2bf00ad2341a64510bdcfaa32b1f80
2026-10-01 21:43:52.129 [SYS] #ff0000#您已进入野外区域，可能遭遇玩家间的自由对战，请注意安全！#ffffff#
2026-10-01 21:43:53.636 [OUT] 0050 inv=FFF7 len=12 #4 f7ff5000a32b1f80857f510b
2026-10-01 21:43:53.697 [OP] 4019 inv=FF4B len=180 #4 7207c4645bd0dcfaf84a1f805d6465cacd97f0b3ff0ebd4e4de45d9109a3d00c83fd2511a2014134ff0fd206054b187404d4e50f859b29a307648034bf2e5444809b5b1832e7127c4f2a5c93f0d1851ed39941e14c382323046ebfa64f8d17a65ab7f959e9152cf92511a2014c509632bd4ed72a227f09a34b1de48c3001cd1eb00eb9d7c2c088cadcfaa32b2980bde31d01db60c7882771418a510b02fa8048
2026-10-01 21:43:54.768 [OUT] 0051 inv=FFF7 len=12 #4 f7ff51005b64510b90faa32b
2026-10-01 21:43:54.967 [SYS] #ff0000#您已进入野外区域，可能遭遇玩家间的自由对战，请注意安全！#ffffff#
2026-10-01 21:45:26.027 [SYS] #00FF00#1#00FFFF#分钟后逍遥村周围将掉落20个宝箱，捡取可获得意外惊喜喔！#FFFFFF#
2026-10-01 21:50:00.134 [SYS] #00FFFF#国庆节特别活动“红旗飘飘贺国庆”将于#00FF00#10#00FFFF#分钟后结束，装饰国旗将在活动结束#00FF00#30#00FFFF#分钟后关闭。请冒险者抓紧时间喔！#FFFFFF#
2026-10-01 21:54:51.927 [SYS] #00FF00#1#00FFFF#分钟后逍遥村周围将掉落20个宝箱，捡取可获得意外惊喜喔！#FFFFFF#
2026-10-01 21:54:55.960 [SYS] #FFF692#恭喜#FF8CF8#全斗焕#FFF692#打造出#64FF7D#+10#FFF692#装备
2026-10-01 21:55:00.180 [SYS] #00FFFF#国庆节特别活动“红旗飘飘贺国庆”将于#00FF00#5#00FFFF#分钟后结束，装饰国旗将在活动结束#00FF00#30#00FFFF#分钟后关闭。请冒险者抓紧时间喔！#FFFFFF#
2026-10-01 21:57:40.731 [SYS] #FFF692#恭喜#FF8CF8#车圭宪#FFF692#打造出#64FF7D#+10#FFF692#装备
2026-10-01 21:58:54.085 [SYS] #FFF692#恭喜#FF8CF8#俞学圣#FFF692#打造出#64FF7D#+10#FFF692#装备
2026-10-01 21:58:59.218 [SYS] #FFF692#恭喜#FF8CF8#俞学圣#FFF692#打造出#64FF7D#+10#FFF692#装备
2026-10-01 21:59:00.177 [SYS] #00FFFF#国庆节特别活动“红旗飘飘贺国庆”将于#00FF00#1#00FFFF#分钟后结束，装饰国旗将在活动结束#00FF00#30#00FFFF#分钟后关闭。请冒险者抓紧时间喔！#FFFFFF#
2026-10-01 22:00:00.127 [SYS] #00FFFF#国庆焰火晚会开始了，冒险者可到旗台处参与燃放烟花，幸运者还可能得到稀有奖励喔！装饰国旗以及燃放烟花将在#00FF00#30#00FFFF#分钟后关闭，请冒险者抓紧时间喔！#FFFFFF#
2026-10-01 22:00:03.766 [SYS] #FF8CF8#【Nnnnnn1】#00FFFF#放了一个大炮仗，在逍遥村东区周围炸出红星券，大家快来抢哟！
2026-10-01 22:00:04.430 [SYS] #FF8CF8#【Nnnnnn1】#00FFFF#放了一个大炮仗，在逍遥村东区周围炸出红星券，大家快来抢哟！
2026-10-01 22:00:05.174 [SYS] #FF8CF8#【Nnnnnn1】#00FFFF#放了一个大炮仗，在逍遥村东区周围炸出红星券，大家快来抢哟！
2026-10-01 22:00:05.828 [SYS] #FF8CF8#【Nnnnnn1】#00FFFF#放了一个大炮仗，在逍遥村东区周围炸出红星券，大家快来抢哟！
2026-10-01 22:00:06.460 [SYS] #FF8CF8#【Nnnnnn1】#00FFFF#放了一个大炮仗，在逍遥村东区周围炸出红星券，大家快来抢哟！
2026-10-01 22:00:07.160 [SYS] #FF8CF8#【Nnnnnn1】#00FFFF#放了一个大炮仗，在逍遥村东区周围炸出红星券，大家快来抢哟！
2026-10-01 22:00:07.963 [SYS] #FF8CF8#【Nnnnnn1】#00FFFF#放了一个大炮仗，在逍遥村东区周围炸出红星券，大家快来抢哟！
2026-10-01 22:00:08.465 [SYS] #FF8CF8#【Nnnnnn1】#00FFFF#放了一个大炮仗，在逍遥村东区周围炸出红星券，大家快来抢哟！
2026-10-01 22:00:09.368 [SYS] #FF8CF8#【Nnnnnn1】#00FFFF#放了一个大炮仗，在逍遥村东区周围炸出红星券，大家快来抢哟！
2026-10-01 22:00:09.786 [SYS] #FF8CF8#【Nnnnnn1】#00FFFF#放了一个大炮仗，在逍遥村东区周围炸出红星券，大家快来抢哟！
2026-10-01 22:00:10.444 [SYS] #FF8CF8#【Nnnnnn1】#00FFFF#放了一个大炮仗，在逍遥村东区周围炸出红星券，大家快来抢哟！
2026-10-01 22:00:11.220 [SYS] #FF8CF8#【Nnnnnn1】#00FFFF#放了一个大炮仗，在逍遥村东区周围炸出红星券，大家快来抢哟！
2026-10-01 22:00:11.840 [SYS] #FF8CF8#【Nnnnnn1】#00FFFF#放了一个大炮仗，在逍遥村东区周围炸出红星券，大家快来抢哟！
2026-10-01 22:00:12.558 [SYS] #FF8CF8#【Nnnnnn1】#00FFFF#放了一个大炮仗，在逍遥村东区周围炸出红星券，大家快来抢哟！
2026-10-01 22:00:13.238 [SYS] #FF8CF8#【Nnnnnn1】#00FFFF#放了一个大炮仗，在逍遥村东区周围炸出红星券，大家快来抢哟！
2026-10-01 22:00:13.851 [SYS] #00FF00#1#00FFFF#分钟后逍遥村周围将掉落20个宝箱，捡取可获得意外惊喜喔！#FFFFFF#
2026-10-01 22:00:13.956 [SYS] #FF8CF8#【Nnnnnn1】#00FFFF#放了一个大炮仗，在逍遥村东区周围炸出红星券，大家快来抢哟！
2026-10-01 22:00:14.488 [SYS] #FF8CF8#【Nnnnnn1】#00FFFF#放了一个大炮仗，在逍遥村东区周围炸出红星券，大家快来抢哟！
2026-10-01 22:00:15.308 [SYS] #FF8CF8#【Nnnnnn1】#00FFFF#放了一个大炮仗，在逍遥村东区周围炸出红星券，大家快来抢哟！
2026-10-01 22:00:15.865 [SYS] #FF8CF8#【Nnnnnn1】#00FFFF#放了一个大炮仗，在逍遥村东区周围炸出红星券，大家快来抢哟！
2026-10-01 22:00:16.539 [SYS] #FF8CF8#【Nnnnnn1】#00FFFF#放了一个大炮仗，在逍遥村东区周围炸出红星券，大家快来抢哟！
2026-10-01 22:00:17.207 [SYS] #FF8CF8#【Nnnnnn1】#00FFFF#放了一个大炮仗，在逍遥村东区周围炸出红星券，大家快来抢哟！
2026-10-01 22:00:17.969 [SYS] #FF8CF8#【Nnnnnn1】#00FFFF#放了一个大炮仗，在逍遥村东区周围炸出红星券，大家快来抢哟！
2026-10-01 22:00:18.541 [SYS] #FF8CF8#【Nnnnnn1】#00FFFF#放了一个大炮仗，在逍遥村东区周围炸出红星券，大家快来抢哟！
2026-10-01 22:00:19.153 [SYS] #FF8CF8#【Nnnnnn1】#00FFFF#放了一个大炮仗，在逍遥村东区周围炸出红星券，大家快来抢哟！
2026-10-01 22:00:19.817 [SYS] #FF8CF8#【Nnnnnn1】#00FFFF#放了一个大炮仗，在逍遥村东区周围炸出红星券，大家快来抢哟！
2026-10-01 22:00:20.565 [SYS] #FF8CF8#【Nnnnnn1】#00FFFF#放了一个大炮仗，在逍遥村东区周围炸出红星券，大家快来抢哟！
2026-10-01 22:00:21.328 [SYS] #FF8CF8#【Nnnnnn1】#00FFFF#放了一个大炮仗，在逍遥村东区周围炸出红星券，大家快来抢哟！
2026-10-01 22:03:42.847 [SYS] #FF8CF8#【睡神本神】#00FFFF#放了一个大炮仗，在逍遥村东区周围炸出红星券，大家快来抢哟！
2026-10-01 22:03:43.518 [SYS] #FF8CF8#【睡神本神】#00FFFF#放了一个大炮仗，在逍遥村东区周围炸出红星券，大家快来抢哟！
2026-10-01 22:03:44.097 [SYS] #FF8CF8#【睡神本神】#00FFFF#放了一个大炮仗，在逍遥村东区周围炸出红星券，大家快来抢哟！
2026-10-01 22:03:44.493 [SYS] #FF8CF8#【睡神本神】#00FFFF#放了一个大炮仗，在逍遥村东区周围炸出红星券，大家快来抢哟！
2026-10-01 22:03:44.963 [SYS] #FF8CF8#【睡神本神】#00FFFF#放了一个大炮仗，在逍遥村东区周围炸出红星券，大家快来抢哟！
2026-10-01 22:03:45.422 [SYS] #FF8CF8#【睡神本神】#00FFFF#放了一个大炮仗，在逍遥村东区周围炸出红星券，大家快来抢哟！
2026-10-01 22:03:45.932 [SYS] #FF8CF8#【睡神本神】#00FFFF#放了一个大炮仗，在逍遥村东区周围炸出红星券，大家快来抢哟！
2026-10-01 22:03:46.752 [SYS] #FF8CF8#【睡神本神】#00FFFF#放了一个大炮仗，在逍遥村东区周围炸出红星券，大家快来抢哟！
2026-10-01 22:03:47.216 [SYS] #FF8CF8#【睡神本神】#00FFFF#放了一个大炮仗，在逍遥村东区周围炸出红星券，大家快来抢哟！
2026-10-01 22:03:47.690 [SYS] #FF8CF8#【睡神本神】#00FFFF#放了一个大炮仗，在逍遥村东区周围炸出红星券，大家快来抢哟！
2026-10-01 22:03:48.065 [SYS] #FF8CF8#【睡神本神】#00FFFF#放了一个大炮仗，在逍遥村东区周围炸出红星券，大家快来抢哟！
2026-10-01 22:03:48.410 [SYS] #FF8CF8#【睡神本神】#00FFFF#放了一个大炮仗，在逍遥村东区周围炸出红星券，大家快来抢哟！
2026-10-01 22:03:48.778 [SYS] #FF8CF8#【睡神本神】#00FFFF#放了一个大炮仗，在逍遥村东区周围炸出红星券，大家快来抢哟！
2026-10-01 22:03:49.130 [SYS] #00FF00#1#00FFFF#分钟后逍遥村周围将掉落20个宝箱，捡取可获得意外惊喜喔！#FFFFFF#
2026-10-01 22:03:49.234 [SYS] #FF8CF8#【睡神本神】#00FFFF#放了一个大炮仗，在逍遥村东区周围炸出红星券，大家快来抢哟！
2026-10-01 22:03:50.190 [SYS] #FF8CF8#【睡神本神】#00FFFF#放了一个大炮仗，在逍遥村东区周围炸出红星券，大家快来抢哟！
2026-10-01 22:03:50.572 [SYS] #FF8CF8#【睡神本神】#00FFFF#放了一个大炮仗，在逍遥村东区周围炸出红星券，大家快来抢哟！
2026-10-01 22:03:50.992 [SYS] #FF8CF8#【睡神本神】#00FFFF#放了一个大炮仗，在逍遥村东区周围炸出红星券，大家快来抢哟！
2026-10-01 22:03:51.460 [SYS] #FF8CF8#【睡神本神】#00FFFF#放了一个大炮仗，在逍遥村东区周围炸出红星券，大家快来抢哟！
2026-10-01 22:03:52.400 [SYS] #FF8CF8#【睡神本神】#00FFFF#放了一个大炮仗，在逍遥村东区周围炸出红星券，大家快来抢哟！
2026-10-01 22:03:52.781 [SYS] #FF8CF8#【睡神本神】#00FFFF#放了一个大炮仗，在逍遥村东区周围炸出红星券，大家快来抢哟！
2026-10-01 22:03:53.198 [SYS] #FF8CF8#【睡神本神】#00FFFF#放了一个大炮仗，在逍遥村东区周围炸出红星券，大家快来抢哟！
2026-10-01 22:03:54.522 [SYS] #FF8CF8#【睡神本神】#00FFFF#放了一个大炮仗，在逍遥村东区周围炸出红星券，大家快来抢哟！
2026-10-01 22:03:55.466 [SYS] #FF8CF8#【睡神本神】#00FFFF#放了一个大炮仗，在逍遥村东区周围炸出红星券，大家快来抢哟！
2026-10-01 22:03:56.023 [SYS] #FF8CF8#【睡神本神】#00FFFF#放了一个大炮仗，在逍遥村东区周围炸出红星券，大家快来抢哟！
2026-10-01 22:03:57.532 [SYS] #FF8CF8#【睡神本神】#00FFFF#放了一个大炮仗，在逍遥村东区周围炸出红星券，大家快来抢哟！
2026-10-01 22:03:58.047 [SYS] #FF8CF8#【睡神本神】#00FFFF#放了一个大炮仗，在逍遥村东区周围炸出红星券，大家快来抢哟！
2026-10-01 22:03:58.563 [SYS] #FF8CF8#【睡神本神】#00FFFF#放了一个大炮仗，在逍遥村东区周围炸出红星券，大家快来抢哟！
2026-10-01 22:03:59.011 [SYS] #FF8CF8#【睡神本神】#00FFFF#放了一个大炮仗，在逍遥村东区周围炸出红星券，大家快来抢哟！
2026-10-01 22:04:00.292 [SYS] #FF8CF8#【睡神本神】#00FFFF#放了一个大炮仗，在逍遥村东区周围炸出红星券，大家快来抢哟！
2026-10-01 22:04:00.699 [SYS] #FF8CF8#【睡神本神】#00FFFF#放了一个大炮仗，在逍遥村东区周围炸出红星券，大家快来抢哟！
2026-10-01 22:04:01.275 [SYS] #FF8CF8#【睡神本神】#00FFFF#放了一个大炮仗，在逍遥村东区周围炸出红星券，大家快来抢哟！
2026-10-01 22:04:01.584 [SYS] #FF8CF8#【睡神本神】#00FFFF#放了一个大炮仗，在逍遥村东区周围炸出红星券，大家快来抢哟！
2026-10-01 22:04:02.234 [SYS] #FF8CF8#【睡神本神】#00FFFF#放了一个大炮仗，在逍遥村东区周围炸出红星券，大家快来抢哟！
2026-10-01 22:04:02.777 [SYS] #FF8CF8#【睡神本神】#00FFFF#放了一个大炮仗，在逍遥村东区周围炸出红星券，大家快来抢哟！
2026-10-01 22:04:03.067 [SYS] #FF8CF8#【睡神本神】#00FFFF#放了一个大炮仗，在逍遥村东区周围炸出红星券，大家快来抢哟！
2026-10-01 22:04:03.469 [SYS] #FF8CF8#【睡神本神】#00FFFF#放了一个大炮仗，在逍遥村东区周围炸出红星券，大家快来抢哟！
2026-10-01 22:04:04.232 [SYS] #FF8CF8#【睡神本神】#00FFFF#放了一个大炮仗，在逍遥村东区周围炸出红星券，大家快来抢哟！
2026-10-01 22:04:04.921 [SYS] #FF8CF8#【睡神本神】#00FFFF#放了一个大炮仗，在逍遥村东区周围炸出红星券，大家快来抢哟！
2026-10-01 22:04:06.213 [SYS] #FF8CF8#【睡神本神】#00FFFF#放了一个大炮仗，在逍遥村东区周围炸出红星券，大家快来抢哟！
2026-10-01 22:05:55.500 [SYS] #00FF00#1#00FFFF#分钟后逍遥村周围将掉落20个宝箱，捡取可获得意外惊喜喔！#FFFFFF#
2026-10-01 22:11:32.820 [SYS] #00FFFF#厉害了我的大冒险玩家，本期的BOSS已经被击杀，BOSS会变得更强，敬请期待下期活动！！！
2026-10-01 22:14:03.744 [SYS] #FFF692#恭喜#FF8CF8#Kotori#FFF692#在#00C8F8#黄金宝箱#FFF692#中获得了#64FF7D#酷·灵气香肠棍
2026-10-01 22:18:28.507 [PIPE] controller disconnected
2026-10-01 22:18:48.316 [PIPE] controller connected
2026-10-01 22:18:48.316 [PIPE] controller disconnected
2026-10-01 22:19:07.686 [INIT] dll unloaded
2026-10-01 22:19:37.241 [INIT] dll loaded, pid=4256
2026-10-01 22:19:37.241 [INIT] codec loaded OK
2026-10-01 22:19:37.241 [INIT] iat hooks: recv=1 send=1 WSASend=1 connect=1 closesocket=1
2026-10-01 22:19:37.923 [OUT] 1F51 inv=FFFF len=4 #1 ffff511f
2026-10-01 22:19:37.976 [OP] 4F52 inv=FFFF len=0 #1 
2026-10-01 22:19:38.366 [OP] 4109 inv=FF63 len=156 #1 efc2392bcac795f851d0dcfaa32b1f809564510ba7fa8a53f380a0dfb20bdcfaf82b1f80be64510bdcbaa32ba94f5b644975dcfa872b5980be64510bbbaea32b9d80236451ecdcfaa32b1f8062df510b12faa32b1f805b64510bdcfab6ce1f80fe08510b8bfa872b1faa5b648fecdcfaa32b1f805b64510bdcfaa32bb7ef5b646ed5dcfafd2b9b805bdf51807cc4a32b7b19baec510bdcfa34c81f80
2026-10-01 22:19:38.461 [OP] 4111 inv=FFFD len=2 #1 5b64
2026-10-01 22:19:38.461 [OP] 4104 inv=FFFA len=5 #1 72c49bb84f
2026-10-01 22:19:38.461 [OP] 4104 inv=FFFB len=4 #2 3cae1f79
2026-10-01 22:19:38.461 [OP] 4104 inv=FFFA len=5 #3 5a671cb807
2026-10-01 22:19:38.461 [OP] 4104 inv=FFFA len=5 #4 699b9bb8ca
2026-10-01 22:19:38.461 [OP] 4104 inv=FFFA len=5 #5 8f9b9bb845
2026-10-01 22:19:40.274 [OP] EFFE inv=FFFE len=1 #1 0b
2026-10-01 22:19:40.274 [OP] 4105 inv=FFFE len=1 #1 b2
2026-10-01 22:19:40.274 [OP] 4105 inv=FFFE len=1 #2 44
2026-10-01 22:19:40.382 [OP] 4109 inv=FDFF len=512 #2 7207c464580b8b25a32b1f805b64510b6ffaa32ba580ea7f0b0b0022fd24e7809564510baeaea32b9de75b64517fdcfaa3531f8062df510b06faa32b1f805b64510bdcfa71531f801664510bdcfaa32b1f805b64580bdcfab6ce1f801c7afc0bdcc4a32b1fce5b645decdcfaab2b1f805b64510bdcfaa32bca805b645fc4dcfafdcba5805bdf510bdcfaa32bb6aa5b64fe0bdcfaa32b1f805b64510b6ffaa32b
2026-10-01 22:19:40.383 [OP] 4105 inv=FFFE len=1 #3 3d
2026-10-01 22:19:40.383 [OP] 4111 inv=FFFD len=2 #2 a164
2026-10-01 22:19:40.487 [OP] 4106 inv=FFFD len=2 #1 a342
2026-10-01 22:19:40.487 [OP] 4106 inv=FFFD len=2 #2 a33b
2026-10-01 22:19:40.627 [OP] 4106 inv=FFFC len=3 #3 9820ee
2026-10-01 22:19:41.838 [OP] 4109 inv=FFDF len=32 #3 7207c464510b6ffaa32b1f805b64510bd0c4a32b62451b64510bdcfaa32b1f80
2026-10-01 22:19:41.939 [OP] 4111 inv=FFFD len=2 #3 1b64
2026-10-01 22:19:42.221 [OP] 4109 inv=FFAB len=84 #4 8b3bad805bf858ec6fc4a32bb2ce5b6487b1dcfab42b1f80b8dd510bfdcaa32b1f0794ec87b1dcfa526f1f8094cd510bdcfaa32b1faa5b64dd75dcfa526f1f809b64510bdcfaa32b1f805b64ded0dcfadb3b1f80
2026-10-01 22:19:42.319 [OP] 4111 inv=FFFD len=2 #4 6b64
2026-10-01 22:19:43.330 [OP] 4613 inv=FFBA len=69 #1 dfb82fe7c4202b383fc3dc0259585b960e62830ff8cdcf6fb4a0d47079af8a83ec6fc4f82b1faa95df517c6a63fd51ca1e5bf8dc0bdce8a353ca804040986c2ab7d62b1f80
2026-10-01 22:19:44.388 [OP] 47C0 inv=FFF1 len=14 #1 17c4f86144ca94f817c0175bfd53
2026-10-01 22:19:44.389 [OP] 47C0 inv=FFEA len=21 #2 51cac73c2831ec8b695f31625f7fd958b1c2305024
2026-10-01 22:19:44.389 [OP] 4613 inv=FF7E len=129 #2 f8602fe7c4202b97b194dc026f4a5b965bcaa9d6df557663de352ecaaa95df510b6fc4f82b7f79aa7f43ec68fadb702f801c64580bdc5b16876c842d43450bdcfa0a1c10aa4064291790104223f31c75df84cf6fb4a06df1c7550758ec6fc4a32bcaaa95644a75f1220253ab8094d9510b8bfaf82b1f7926b35c3828d7e62b1f80
2026-10-01 22:19:44.390 [OP] 47C0 inv=FFF3 len=12 #3 0253ca5f7fd958b1c2305024
2026-10-01 22:19:44.390 [OP] 4613 inv=FFBE len=65 #3 c40a1c10aa4064291790104223f31c75df84cf6fb4a06df1c7550758ec6fc4a32bcaaa95644a75f1220253ab8094d9510b8bfaf82b1f7926b35c3828d7e62b1f80
2026-10-01 22:19:44.392 [OP] 47C0 inv=FFEA len=21 #4 51cac7b2da31ec8b2a729bec3cadd958b1db6e896f
2026-10-01 22:19:44.395 [OP] 47C0 inv=FFF3 len=12 #5 0253ca3cadd958b1db6e896f
2026-10-01 22:19:44.683 [OP] 4105 inv=FFFE len=1 #4 fd
2026-10-01 22:19:44.686 [OUT] 1004 inv=FFF3 len=16 #1 f3ff04103e35ca2b5979c3642d0b59ae
2026-10-01 22:19:44.784 [OP] 4111 inv=FFFD len=2 #5 5764
2026-10-01 22:19:44.895 [OP] 4109 inv=FE3F len=448 #5 efc2392bca801cdd510bdcfaa32b1f809564510be6fa8fdea580ea7fb2755efaf82b1f80a76f510b8bc6a32b1fc75b64510a1ae84b531f809964510bdcfaa32b1f805b645decdcfad82b1f805b64510bdcfaa32bca805b645fc4dcfafdedad805bdf510bdcc4a32bb6aa5b64230bdcfaa32b1f805b64510b6ffaa32bb7ef5b64b2c0e6faa3531f805b28fb7f25c4a32bb3805b64510bdcfaa32b1f809564510b
2026-10-01 22:19:44.896 [OP] 4112 inv=FFFD len=2 #1 e6c4
2026-10-01 22:19:44.896 [OP] 4112 inv=FFFD len=2 #2 6ac4
2026-10-01 22:19:44.896 [OP] 4106 inv=FFFD len=2 #4 a37c
2026-10-01 22:19:44.896 [OP] 4110 inv=FFFD len=2 #1 b72b
2026-10-01 22:19:45.291 [OP] 4613 inv=FFBC len=67 #4 ecd48d7a53a5803f8c83eca875233363c795df01a290b45c937026948c1ed06fc4f82b1faa95df51736acffd51ca505b647448dcf4a3531f8040ef555c8aa2fb2b1f80
2026-10-01 22:19:46.168 [OP] 4112 inv=FFFD len=2 #3 dcc4
2026-10-01 22:19:46.168 [OP] 4112 inv=FFFD len=2 #4 52c4
2026-10-01 22:19:46.298 [PIPE] controller connected
2026-10-01 22:19:47.290 [OP] 4612 inv=FFEF len=16 #1 c464510bb6c2392bb907c4640db252fa
2026-10-01 22:19:47.291 [OP] 4612 inv=FFF3 len=12 #2 90faa32bb907c4640db252fa
2026-10-01 22:19:47.291 [OP] 4612 inv=FFF7 len=8 #3 ca805b640db252fa
2026-10-01 22:19:47.292 [OP] 4211 inv=FFF6 len=9 #1 aa5b64511b3e22a3de
2026-10-01 22:19:47.992 [OUT] 1F51 inv=FFFF len=4 #2 ffff511f
2026-10-01 22:19:48.051 [OP] 4F52 inv=FFFF len=0 #2 
2026-10-01 22:19:50.777 [OP] 472A inv=FE76 len=393 #1 33b4de1faa5b64510bdcfaa32b1f805b64510bdce8a32b1f805b64510bdcfaa32b1f805b64510bdc4e722b1f805b645122dcfaa32b1f805b64510bdcfaa32b1f805b64510bdcfaa32b1f805b64510bdcfaa32b1f805b64510bdcfaa32b1f805b64510bdcfaa32b1f805b64510bdcfaa32b1f805b64510bdcfaa32b1f805b64510bdcfaa32b1f805b64510bdcbdf82b1f2c5b6451fa6ffaa3ccca805bd3580bdc
2026-10-01 22:19:50.832 [OUT] 0022 inv=FFD3 len=48 #1 d3ff2200469e44ca94dfaa0da4ca600484c7951cfcd9c19fdb53eaaa54dff801c6e8f8895917957dc0fd90c406938dc7
2026-10-01 22:19:50.883 [OP] 42CE inv=FFFB len=4 #1 c87f510b
2026-10-01 22:19:50.883 [OP] 4211 inv=FFF6 len=9 #2 aa5b6451af3e22a34a
2026-10-01 22:19:50.883 [OP] 4211 inv=FFF6 len=9 #3 aa5b64515ca722a34a
2026-10-01 22:19:50.883 [OP] 4211 inv=FFF6 len=9 #4 aa5b6451cd3e22a34a
2026-10-01 22:19:50.883 [OP] 4211 inv=FFF6 len=9 #5 aa5b6451c03e22a34a
2026-10-01 22:19:50.976 [OP] 4610 inv=FFFE len=1 #1 ed
2026-10-01 22:19:51.834 [OUT] 0022 inv=FFD2 len=49 #2 d2ff2200ae8b0484c795dc9da3fad9ee7c59aa6853a101c6e8db0359ac4cdfb7b0c19fdb53c2c71d7dc0fd90c4ebdef0c7
2026-10-01 22:19:51.890 [OP] 4610 inv=FFFE len=1 #2 c7
2026-10-01 22:19:52.809 [OUT] 004E inv=FFFA len=9 #1 faff4e00e9580bdce8
2026-10-01 22:19:52.836 [OUT] 0022 inv=FFD7 len=44 #3 d7ff22000d018ffd6ae802966f4ea161127cc6e8f8d8a5e8add90eec5e25b28384c795f58526c19fdb535a22
2026-10-01 22:19:52.906 [OP] 4029 inv=FFDF len=32 #1 63cdfc0b606ea32b1f805b64cf7fdcfaa32b1f8094e70e0b90c4172b73809564
2026-10-01 22:19:52.958 [OP] 4610 inv=FFFE len=1 #3 5e
2026-10-01 22:19:53.844 [OUT] 0022 inv=FFD6 len=45 #4 d6ff2200ef6328310b90510d333c5626df127cc6e8f82ea0e8add90eecf235b28384c795b0e626c19fdb536ac3
2026-10-01 22:19:53.899 [OP] 4610 inv=FFFE len=1 #4 9a
2026-10-01 22:19:54.842 [OUT] 0022 inv=FFD1 len=50 #5 d1ff22008f33ee7ca5c7079f6275ac0b600484c79561fcd9c19fdb5330aa99dff801c6e8f89ccaf5957dc0fd90c46a534daa
2026-10-01 22:19:54.900 [OP] 4610 inv=FFFE len=1 #5 b3
2026-10-01 22:19:56.031 [OP] 4613 inv=FEF8 len=263 #5 12f1fdfeece6fa9cb359aa0670832b425bf8536feb9425037519d8dbbc91ce95df580bdcc4f853ca3f40cbb2316f81a32b0f805b2651ecdcfa20b9b9969ce9520bdcfae21c10aa406417e76a1042875f79138a83875fe83689ca7cf9357a75608c2353caaa956451ec6fc4f8a5a54c1c96586edce8d82b1f4f5bdf580be6ef6febd9d54664510b1d507a53a58006f90e50ce435d24b2a8957dd1ec0782ef0b70
2026-10-01 22:19:56.990 [OP] 4100 inv=FFF9 len=6 #1 98aaf5266fec
2026-10-01 22:19:56.992 [OP] 4101 inv=FC6D len=914 #1 8b3bad809464510bdcfaa32bc8d97b81510bdcfaa32b1f805b64510bdcfaa32b1f805b64510bdcfa4d7c9d4e5b6491b1dcfaa32b1f804c26510bdcfaa32b1f805b64510bdcfa4d5dad80c464510b8bfaa32b55925b646f92dcfae4181f803293510b155a4e78c8d97b81a552155af52b1f807b81a5526f30c2d41e5f3c93191edcfaa32b1f805b64b2a0c6faa32b1f805b4d310bdcfaa32b1f805b64510bdcfa
2026-10-01 22:19:57.155 [OUT] 1F51 inv=FFFF len=4 #3 ffff511f
2026-10-01 22:19:57.208 [OP] 4F52 inv=FFFF len=0 #3 
2026-10-01 22:19:58.079 [OUT] 1001 inv=FFF9 len=10 #1 f9ff01101f805b64510b
2026-10-01 22:19:58.136 [OP] 4108 inv=FFE3 len=28 #1 7207c464510bdcfa21531f80d8f8510bce4051421f805b64510bdcfa
2026-10-01 22:19:58.245 [OP] 4108 inv=FFE3 len=28 #2 7207c464510bdcfa4d531f80d8f8510bce4051ed1f805b64510bdcfa
2026-10-01 22:19:58.245 [OP] 4108 inv=FFF3 len=12 #3 efc2392b1f805b64510bdcfa
2026-10-01 22:19:58.245 [OP] 4108 inv=FFF3 len=12 #4 efc2392b1f805b64580bdcfa
2026-10-01 22:19:58.245 [OP] 4108 inv=FFF3 len=12 #5 efc2392b1f805b640e0bdcfa
2026-10-01 22:20:00.296 [OP] EFFE inv=FFFE len=1 #2 0b
2026-10-01 22:20:00.324 [OP] 4105 inv=FFFE len=1 #5 c0
2026-10-01 22:20:00.326 [OUT] 1005 inv=FFEF len=20 #1 efff0510a498f85367c75c640b0b0022a32b1f80
2026-10-01 22:20:00.426 [OP] 4106 inv=FFFC len=3 #5 b1fdcb
2026-10-01 22:20:00.426 [OP] 4110 inv=FFFD len=2 #2 4d2b
2026-10-01 22:20:00.724 [OP] 4112 inv=FFFD len=2 #5 dcc4
2026-10-01 22:20:02.817 [OP] 46FE inv=FFFF len=0 #1 
2026-10-01 22:20:07.214 [OUT] 1F51 inv=FFFF len=4 #4 ffff511f
2026-10-01 22:20:07.269 [OP] 4F52 inv=FFFF len=0 #4 
2026-10-01 22:20:11.307 [OP] EFFE inv=FFFE len=1 #3 0b
2026-10-01 22:20:12.739 [OUT] 1004 inv=FFF3 len=16 #2 f3ff04103e35ca2b59c7c3642d0b59ae
2026-10-01 22:20:12.864 [OP] 4110 inv=FFFD len=2 #3 b72b
2026-10-01 22:20:17.282 [OUT] 1F51 inv=FFFF len=4 #5 ffff511f
2026-10-01 22:20:17.338 [OP] 4F52 inv=FFFF len=0 #5 
2026-10-01 22:20:18.812 [OP] 472A inv=FE76 len=393 #2 33b4de1faa5b64510bdcfaa32b1f805b64510bdce8a32b1f805b64510bdcfaa32b1f805b64510bdc4e722b1f805b64513c6ffaa32b1f805b64510bdcfaa32b1f805b64510bdcfaa32b1f805b64510bdcfaa32b1f805b64510bdcfaa32b1f805b64510bdcfaa32b1f805b64510bdcfaa32b1f805b64510bdcfaa32b1f805b64510bdcfaa32b1f805b64510bdcbdf82b1fc3956451fa6ffaa3731f805b5c510bdc
2026-10-01 22:20:18.919 [OP] 42CE inv=FFFB len=4 #2 c87f510b
2026-10-01 22:20:20.836 [OUT] 004E inv=FFFA len=9 #2 faff4e00e9580bdcf4
2026-10-01 22:20:20.986 [OP] 4029 inv=FFDF len=32 #2 63cdfc0bfa53a32b1f805b64f208dcfaa32b1f80f57f510b8bc4172b74809564
2026-10-01 22:20:22.023 [OP] 4100 inv=FFF9 len=6 #2 98aa84f8677f
2026-10-01 22:20:22.023 [OP] 4101 inv=FC6D len=914 #2 8b3bad809464510bdcfaa32bc8d97b81510bdcfaa32b1f805b64510bdcfaa32b1f805b64510bdcfa4d7c9d4e5b6491b1dcfaa32b1f804c26510bdcfaa32b1f805b64510bdcfa4d5dad80c464510b8bfaa32b55925b646f92dcfae4181f803293510b155a4e78c8d97b81a552155af52b1f807b81a5526f30c2d41e5f3c93191edcfaa32b1f805b6451a0c6faa32b1f805b4d310bdcfaa32b1f805b64510bdcfa
2026-10-01 22:20:23.099 [OUT] 1001 inv=FFF9 len=10 #2 f9ff01101f805b64510b
2026-10-01 22:20:25.297 [OUT] 1005 inv=FFEF len=20 #2 efff0510a498f85367c75c640b0b0022a32b1f80
2026-10-01 22:20:25.386 [OP] 4110 inv=FFFD len=2 #4 4d2b
2026-10-01 22:20:30.332 [OP] EFFE inv=FFFE len=1 #4 0b
2026-10-01 22:20:33.077 [OP] 46FE inv=FFFF len=0 #2 
2026-10-01 22:20:38.031 [OUT] 1004 inv=FFF3 len=16 #3 f3ff04103e35ca2b59cec3642d0b59ae
2026-10-01 22:20:38.185 [OP] 4110 inv=FFFD len=2 #5 b72b
2026-10-01 22:20:38.197 [OUT] 1004 inv=FFF3 len=16 #4 f3ff04103e35ca2b59cec3642d0b59ae
2026-10-01 22:20:40.346 [OP] EFFE inv=FFFE len=1 #5 0b
2026-10-01 22:20:42.828 [OP] 472A inv=FE76 len=393 #3 33b4de1fc75b64510bdcfaa32b1f805b64510bdce8a32b1f805b64510bdcfaa32b1f805b64510bdc4e722b1f805b6451f46ffaa32b1f805b64510bdcfaa32b1f805b64510bdcfaa32b1f805b64510bdcfaa32b1f805b64510bdcfaa32b1f805b64510bdcfaa32b1f805b64510bdcfaa32b1f805b64510bdcfaa32b1f805b64510bdcfaa32b1f805b64510bdcbdf82b1f2c5b6451fa6ffaa391ca805bc7580bdc
2026-10-01 22:20:42.829 [OP] 42CE inv=FFFB len=4 #3 c87f510b
2026-10-01 22:20:49.036 [OP] 4100 inv=FFF9 len=6 #3 98aa6b268cec
2026-10-01 22:20:49.138 [OP] 4101 inv=FC35 len=970 #3 63cdfc0b90faa32b1f805b64a552155aa32b1f805b64510bdcfaa32b1f805b64510bdcfaa32b1f80a1d9b2b2dcfad74a1f805b64510bbdf4a32b1f805b64510bdcfaa32b1f80a1ecfc0b52faa32b9d805b64a0ffdcfa18f21f80c6fc510b26b3a32bc8d97b81a552155a4e78c8d93164510b155a4e78caa0ed3572a407b3854d1f805b64510bdcfaa33084805b64510bdca1b72b1f805b64510bdcfaa32b1f80
2026-10-01 22:20:50.111 [OUT] 1001 inv=FFF9 len=10 #3 f9ff01101f805b64510b
2026-10-01 22:20:52.271 [OUT] 1005 inv=FFEF len=20 #3 efff0510a498f85367795c640b0b0022a32b1f80
2026-10-01 22:20:52.452 [OP] F005 inv=FFE7 len=24 #1 c2cc763c71faa32b1f805b64510bdcfaa3de411066198f0c
2026-10-01 22:21:02.626 [OP] 472A inv=FE76 len=393 #4 33b4de1fc75b64510bdcfaa32b1f805b64510bdce8a32b1f805b64510bdcfaa32b1f805b64510bdc4e722b1f805b645122dcfaa32b1f805b64510bdcfaa32b1f805b64510bdcfaa32b1f805b64510bdcfaa32b1f805b64510bdcfaa32b1f805b64510bdcfaa32b1f805b64510bdcfaa32b1f805b64510bdcfaa32b1f805b64510bdcfaa32b1f805b64510bdc7af82b1f2c5b6451fa6ffaa391ca805b5c510bdc
2026-10-01 22:21:02.727 [OP] 42CE inv=FFFB len=4 #4 c87f510b
2026-10-01 22:21:03.389 [OP] 46FE inv=FFFF len=0 #3 
2026-10-01 22:21:04.658 [OUT] 004E inv=FFFA len=9 #3 faff4e00e9580bdce8
2026-10-01 22:21:04.764 [OP] 4029 inv=FFDF len=32 #3 63cdfc0b606ea32b1f805b64cf7fdcfaa32b1f809464580b90c4172b98809564
2026-10-01 22:21:04.925 [OP] 4612 inv=FFE7 len=24 #4 fd0bdcfae45dad80e0cdfc0b07c2392b1207c464e38052fa
2026-10-01 22:21:06.833 [OP] 4100 inv=FFF9 len=6 #4 98aaec08587f
2026-10-01 22:21:06.833 [OP] 4101 inv=FC35 len=970 #4 63cdfc0b90faa32b1f805b64a552155aa32b1f805b64510bdcfaa32b1f805b64510bdcfaa32b1f80a1d9b2b2dcfad74a1f805b64510bbdf4a32b1f805b64510bdcfaa32b1f80a1ecfc0b52faa32b9d805b64a0ffdcfa18f21f80c6fc510b26b3a32bc8d97b81a552155a4e78c8d93164510b155a4e78caa0ed3572a407b3854d1f805b64510bdcfaee3084805b64510bdca1b72b1f805b64510bdcfaa32b1f80
2026-10-01 22:21:07.896 [OUT] 1001 inv=FFF9 len=10 #4 f9ff01101f805b64510b
2026-10-01 22:21:10.104 [OUT] 1005 inv=FFEF len=20 #4 efff0510a498f85367795c640b0b0022a32b1f80
2026-10-01 22:21:21.021 [OP] 4612 inv=FFF3 len=12 #5 90faa32bb507c46455b252fa
2026-10-01 22:21:23.141 [OUT] 1004 inv=FFF3 len=16 #5 f3ff04103e35ca2b5912c3642d0b59ae
2026-10-01 22:21:27.899 [OP] 472A inv=FE6C len=403 #5 33b4de1fc75b64510bdcfaa32b1f805b64510bdcc4a32b1f805b64510bdcfaa32b1f805b64510bdc4e722b1f805b64513c6ffaa32b1f805b64510bdcfaa32b1f805b64510bdcfaa32b1f805b64510bdcfaa32b1f805b64510bdcfaa32b1f805b64510bdcfaa32b1f805b64510bdcfaa32b1f805b64510bdcfaa32b1f805b64510bdcfaa32b1f805b64510bdcbdf82b1fc3956451fa6ffaa3731f805bc7580bdc
2026-10-01 22:21:27.990 [OP] 42CE inv=FFFB len=4 #5 c87f510b
2026-10-01 22:21:28.060 [OUT] 0048 inv=FFF7 len=12 #1 f7ff4800dcfaa32b1ffa9564
2026-10-01 22:21:28.196 [OP] 4721 inv=FFF7 len=8 #1 efc2392b1ffa9564
2026-10-01 22:21:33.592 [OP] 46FE inv=FFFF len=0 #4 
2026-10-01 22:21:34.094 [OP] 4100 inv=FFF9 len=6 #5 98aaea6f88ec
2026-10-01 22:21:34.094 [OP] 4101 inv=FBC5 len=1082 #5 8b3bad809464510bdcfaa32bc8d97b81510bdcfaa32b1f805b64510bdcfaa32b1f805b64510bdcfa4d7c9dca5b6491b1dcfaa32b1f804c26510bdcfaa32b1f805b64510bdcfa4d5dad80c464510b8bfaa32b55925b646f92dcfae4181f803293510b155a4e78c8d97b81a552155af52b1f807b81a5526f30c2d41e5f3c93191edcfaa32b1f805b6451a0c6faa32b1f805b4d310bdcfaa32b1f805b64510bdcfa
2026-10-01 22:21:35.129 [OUT] 1001 inv=FFF9 len=10 #5 f9ff01101f805b64510b
2026-10-01 22:21:37.274 [OUT] 1005 inv=FFEF len=20 #5 efff0510a498f85367795c640b0b0022a32b1f80
2026-10-01 22:21:58.152 [OUT] 0048 inv=FFF7 len=12 #2 f7ff4800dcfaa32b1ffa9564
2026-10-01 22:21:58.337 [OP] 4721 inv=FFF7 len=8 #2 efc2392b1ffa9564
2026-10-01 22:22:03.795 [OP] 46FE inv=FFFF len=0 #5 
2026-10-01 22:22:18.221 [OUT] 0048 inv=FFF7 len=12 #3 f7ff4800dcfaa32b1ffa9564
2026-10-01 22:22:18.289 [OP] 4721 inv=FFF7 len=8 #3 efc2392b1ffa9564
2026-10-01 22:22:27.826 [SYS] #FFF692#恭喜#FF8CF8#假面骑士V3#FFF692#在#00C8F8#结晶宝箱#FFF692#中获得了#64FF7D#羽翼结晶
2026-10-01 22:22:45.511 [PIPE] controller disconnected
2026-10-01 22:22:45.860 [OUT] 004E inv=FFFA len=9 #4 faff4e00e9580bdce8
2026-10-01 22:22:45.987 [OP] 4029 inv=FFDF len=32 #4 63cdfc0b606ea32b1f805b64cf7fdcfaa32b1f8094df510b90c4172b10809564
2026-10-01 22:22:53.091 [PIPE] controller connected
2026-10-01 22:23:12.428 [OUT] 0048 inv=FFF7 len=12 #4 f7ff4800dcfaa32b1ffa9564
2026-10-01 22:23:12.557 [OP] 4721 inv=FFF7 len=8 #4 efc2392b1ffa9564
2026-10-01 22:23:46.550 [OUT] 0048 inv=FFF7 len=12 #5 f7ff4800dcfaa32b1ffa9564
2026-10-01 22:23:46.674 [OP] 4721 inv=FFF7 len=8 #5 efc2392b1ffa9564
2026-10-01 22:23:47.900 [OUT] 004E inv=FFFA len=9 #5 faff4e00e9580bdcf4
2026-10-01 22:23:48.030 [OP] 4029 inv=FFDF len=32 #5 63cdfc0bfa53a32b1f805b64f208dcfaa32b1f801e7f510b8bc4172b8c809564
2026-10-01 22:23:51.906 [OP] 4031 inv=FFDC len=35 #1 455b615108dcfaa3531fe9022e98c810387599970e2d6451839fdd59c0c3e941876f0b
2026-10-01 22:24:20.190 [OP] 4031 inv=FF5C len=163 #2 39510cdc22a32b1faa5b5003b3a22d1d88ab6a30051648b0c54f67e87106671df42db834677c499871136a78ec4f67e88f138787e92a934f67c31663b97fb353001618b0a4a9e9744c6828349aa250a2d8899e38d5a8671213a96706a4b1ec34679694f3b3e1a6b6ccc29b40f32cce4d87f0775131a2b1f389f9140fb35120bb4c848980ef6e165119aeeb837bc06919740e23d0e4346451e49cfc58f33ee554
2026-10-01 22:25:55.403 [CAP] capture ON (pid 4256)
2026-10-01 22:26:55.451 [CAP] capture OFF frames=544
2026-10-01 22:27:00.175 [SYS] #00FFFF#国庆焰火晚会开始了，冒险者可到旗台处参与燃放烟花，幸运者还可能得到稀有奖励喔！装饰国旗以及燃放烟花将在#00FF00#3#00FFFF#分钟后关闭，请冒险者抓紧时间喔！#FFFFFF#
2026-10-01 22:28:35.068 [CAP] capture ON (pid 4256)
2026-10-01 22:29:08.580 [QUESTION] {"type":"question","sock":2512,"qno":16,"field_a":88,"stem":"人们在动物园里看到的俗称\"四不象\"的动物是?","options":["1、驯兽师","2、猩猩队长","3、麋鹿","4、霸天虎"]}
2026-10-01 22:29:09.583 [UI] auto dump on question qno=16
2026-10-01 22:29:09.583 [UI] ---- window dump begin (pid 4256) ----
2026-10-01 22:29:09.592 [UI] TOP=00130384 vis=1 cls=ATL:012FF210 rc=(1,19,1041,826) title=什么什么大冒险2(①逍遥村敬老院)-伏地魔1_Sep 24 2026《什么什么大冒险》制作委员会QQ群:515616289
2026-10-01 22:29:09.592 [UI] TOP=00060742 vis=0 cls=DIEmWin rc=(-1,-1,135,38) title=DIEmWin
2026-10-01 22:29:09.614 [UI] TOP=000807BA vis=0 cls=MSCTFIME UI rc=(0,0,0,0) title=MSCTFIME UI
2026-10-01 22:29:09.627 [UI] TOP=001805CE vis=0 cls=IME rc=(0,0,0,0) title=Default IME
2026-10-01 22:29:09.627 [UI] TOP=000707D6 vis=0 cls=IME rc=(0,0,0,0) title=Default IME
2026-10-01 22:29:09.630 [UI] ---- window dump end ----
2026-10-01 22:29:11.366 [SEND-ANSWER] qno=16 opt=2 ret=13 sock=2512
2026-10-01 22:29:11.526 [SYS] 测试通过！
2026-10-01 22:29:11.622 [SYS] 获得了#00FF00#100#FFF692#金币
2026-10-01 22:29:11.622 [CURRENCY] a=199366 b=1073642
2026-10-01 22:29:13.167 [UI] auto-closing quiz frame: qno=16 opt=2
2026-10-01 22:29:13.175 [UI] option 2 control NOT found — falling back to digit key
2026-10-01 22:29:16.449 [OUT] 1F04 inv=FFF6 len=13 #1 f6ff041fce1f805bb0510bdce8
2026-10-01 22:29:16.451 [OP] F005 inv=FFE7 len=24 #2 26b35c3828d7512b1f805b64510bdcfaa3ceb212ddee1bd0
2026-10-01 22:30:00.176 [SYS] #00FFFF#国庆节特别活动“红旗飘飘贺国庆”以及国庆焰火晚会到此结束，谢谢各位冒险者的热情参与，祝所有冒险者国庆快乐！#FFFFFF#
2026-10-01 22:32:16.406 [OP] F005 inv=FFE7 len=24 #3 26b35c3828d7512b1f805b64510bdcfaa3de1f80a26aa441
2026-10-01 22:33:33.941 [OP] 4031 inv=FFE1 len=30 #3 52fa4d2b1f805b64580b71faa3a87168fafb065ab080c2b39568fa06e20b
2026-10-01 22:34:46.748 [OP] 4210 inv=FFF3 len=12 #1 660bdcfac32b1f80a1ecfc0b
2026-10-01 22:36:06.911 [CAP] capture OFF frames=4096
2026-10-01 22:36:07.912 [CAP] capture ON (pid 4256)
2026-10-01 22:36:50.648 [CAP] capture ON (pid 4256)
2026-10-01 22:39:20.389 [OP] 4210 inv=FFF3 len=12 #2 660bdcfad82b1f80baecfc0b
2026-10-01 22:40:00.663 [OP] F005 inv=FFE7 len=24 #4 26b35c3828d7a32b1f805b64510bdcfaa3ce1f80508833b2
2026-10-01 22:40:00.773 [OP] F005 inv=FFE7 len=24 #5 26b35c3828d7a32b1f805b64510bdcfaa3ce1f80508833b2
2026-10-01 22:40:56.548 [OP] 4031 inv=FFDF len=32 #4 3b0b66faa32b1f8095645210710b51e29f18f4645134ad0303eb4b4c9333f60b
2026-10-01 22:41:20.743 [OP] 4033 inv=FFE4 len=27 #1 e0a3c41f805b6451ecdc195412f5805b01936cea032bebc34c0f64
2026-10-01 22:41:51.769 [OP] 4033 inv=FFE4 len=27 #2 e0a3c41f805b6451ecdcd9741976805b01936cea032bebc34c0f64
2026-10-01 22:46:50.896 [CAP] capture OFF frames=5285
2026-10-01 22:47:44.950 [OP] 4031 inv=FF5C len=163 #5 39510cdc22a32b1faa5b5003b3a22d1d88ab6a30051648b0c54f67e87106671df42db834677c499871136a78ec4f67e88f138787e92a934f67c31663b97fb353001618b0a4a9e9744c6828349aa250a2d8899e38d5a8671213a96706a4b1ec34679694f3b3e1a6b6ccc29b40f32cce4d87f0775131a2b1f389f9140fb35120bb4c848980ef6e165119aeeb837bc06919740e23d0e4346451e49cfc58f33ee554
2026-10-01 22:56:02.331 [OP] 4210 inv=FFF3 len=12 #3 660bdcfa402b1f8057ecfc0b
2026-10-01 23:02:14.368 [SYS] #FFF692#恭喜#FF8CF8#多人运动罗志祥zZ#FFF692#打造出#64FF7D#+10#FFF692#装备
2026-10-01 23:03:27.069 [PIPE] controller disconnected
2026-10-01 23:03:34.617 [PIPE] controller connected
2026-10-01 23:03:34.617 [PIPE] controller disconnected
2026-10-01 23:03:53.080 [INIT] dll unloaded
2026-10-01 23:04:11.201 [INIT] dll loaded, pid=4256
2026-10-01 23:04:11.201 [INIT] codec loaded OK
2026-10-01 23:04:11.201 [INIT] iat hooks: recv=1 send=1 WSASend=1 connect=1 closesocket=1
2026-10-01 23:04:11.208 [OV] overlay window ready
2026-10-01 23:04:11.216 [OUT] 0022 inv=FFF3 len=16 #1 f3ff2200cad37fd90b7f8d53e8bbd580
2026-10-01 23:04:11.269 [OP] 4610 inv=FFFE len=1 #1 9d
2026-10-01 23:04:11.375 [OP] 4100 inv=FFF9 len=6 #1 98aae6f8677f
2026-10-01 23:04:11.375 [OP] 4101 inv=FE11 len=494 #1 8b3bad809464510bdcfaa32bc8d97b81510bdcfaa32b1f805b64510bdcfaa32b1f805b64510bdcfa4d7c1f8c5b649fc4dcfaa32b1f80ac6f510bdcfaa32b1f805b64510bdcfa64531f80bb64510bdcfa6a85c8809564510baa7ea32bca805b64510bdcfaa32b88ef5b64510bdcfa10ce1f805b64510bdcfaa32b1f805b64e0ecdcfa272b1f805b64510b15c4f82b1f8006a8510bda7ea32ba7695b649c12955b
2026-10-01 23:04:11.488 [OUT] 1F51 inv=FFFF len=4 #1 ffff511f
2026-10-01 23:04:11.532 [OP] 4211 inv=FFF6 len=9 #1 aa5b64511b3e22a34a
2026-10-01 23:04:11.532 [OP] 4211 inv=FFF6 len=9 #2 aa5b6451e3a722a34a
2026-10-01 23:04:11.532 [OP] 4211 inv=FFF6 len=9 #3 aa5b6451a4a722a34a
2026-10-01 23:04:11.649 [OP] 4F52 inv=FFFF len=0 #1 
2026-10-01 23:04:11.649 [OP] 4211 inv=FFF6 len=9 #4 aa5b6451da3e22a34a
2026-10-01 23:04:11.649 [OP] 4211 inv=FFF6 len=9 #5 aa5b645140a722a34a
2026-10-01 23:04:11.649 [OP] 47C0 inv=FFF3 len=12 #1 0253ca277fd9587f04301524
2026-10-01 23:04:11.651 [OP] 47C0 inv=FFF3 len=12 #2 0253ca7c7fd958b15cdc116f
2026-10-01 23:04:11.651 [OP] 47C0 inv=FFE1 len=30 #3 0faac4e58ffd6ff41506cb8cb2da31ec8bc1728cec3cadd958b1a46ed06f
2026-10-01 23:04:11.651 [OP] 47C0 inv=FFEA len=21 #4 51cac7b2da31ec8bc1728cec3cadd958b1a46ed06f
2026-10-01 23:04:11.651 [OP] 47C0 inv=FFF3 len=12 #5 0253ca3cadd958b1a46ed06f
2026-10-01 23:04:12.437 [OUT] 1001 inv=FFF9 len=10 #1 f9ff01101f805b64510b
2026-10-01 23:04:12.495 [OP] 4108 inv=FFE3 len=28 #1 7207c464510bdcfa4d531f80d8f8510bce4051ed1f805b64510bdcfa
2026-10-01 23:04:12.592 [OP] 4108 inv=FFF3 len=12 #2 efc2392b1f805b64510bdcfa
2026-10-01 23:04:12.592 [OP] 4108 inv=FFF3 len=12 #3 efc2392b1f805b64580bdcfa
2026-10-01 23:04:12.592 [OP] 4108 inv=FFF3 len=12 #4 efc2392b1f805b640e0bdcfa
2026-10-01 23:04:12.593 [OP] 4108 inv=FFF3 len=12 #5 efc2392b1f805b64fc0bdcfa
2026-10-01 23:04:12.593 [OP] 4104 inv=FFFB len=4 #1 0a081f80
2026-10-01 23:04:12.593 [OP] 4104 inv=FFFB len=4 #2 0a081faa
2026-10-01 23:04:12.593 [OP] 4104 inv=FFFB len=4 #3 3cae1fc7
2026-10-01 23:04:12.593 [OP] 4104 inv=FFFB len=4 #4 0a081fce
2026-10-01 23:04:12.593 [OP] 4104 inv=FFFB len=4 #5 3cae1f12
2026-10-01 23:04:12.845 [OP] EFFE inv=FFFE len=1 #1 0b
2026-10-01 23:04:13.857 [PIPE] controller connected
2026-10-01 23:04:14.856 [OP] 4105 inv=FFFE len=1 #1 af
2026-10-01 23:04:14.878 [OUT] 1005 inv=FFEF len=20 #1 efff0510a498f85367795c640b0b0022a32b1f80
2026-10-01 23:04:15.020 [OP] 4109 inv=FF83 len=124 #1 8b3bad805bf80e7fdc5a4e781f805b64550bdcfa237c1f80b8dd510bfdcaa32b84799464550bdcfa1d4a1f809453310bdcfaa32b1f125b6487b1dcfa526f1f8094d9830bdcfaa32b1f805b64ded0dcfa1d4a1f809b64310bdcfaa32b82795b64b608dcfadb2b62805bdf51ec05c4a32b3faa5b64510bdcfaa32b1f80
2026-10-01 23:04:15.125 [OP] 4106 inv=FFFC len=3 #1 b1fdcb
2026-10-01 23:04:15.125 [OP] 4110 inv=FFFD len=2 #1 4d2b
2026-10-01 23:04:15.127 [OP] 4105 inv=FFFE len=1 #2 08
2026-10-01 23:04:15.127 [OP] 4106 inv=FFFD len=2 #2 f86f
2026-10-01 23:04:15.127 [OP] 4105 inv=FFFE len=1 #3 75
2026-10-01 23:04:15.127 [OP] 4106 inv=FFFD len=2 #3 a324
2026-10-01 23:04:15.127 [OP] 4105 inv=FFFE len=1 #4 d5
2026-10-01 23:04:15.127 [OP] 4106 inv=FFFD len=2 #4 a3d9
2026-10-01 23:04:15.127 [OP] 4105 inv=FFFE len=1 #5 b1
2026-10-01 23:04:15.127 [OP] 4106 inv=FFFD len=2 #5 f84a
2026-10-01 23:04:15.129 [OP] 4111 inv=FFFD len=2 #1 c364
2026-10-01 23:04:17.415 [OP] 4109 inv=FFB7 len=72 #2 7207c464517f6fc4a32b1f805b64510b07faa32ba5e75b6487b1dcfa40ce1f80a1080e0b07faa32b39125b640ed54ffaa32b1f805bdf510b8222a32b39125b64080b4ffaa32b1f80
2026-10-01 23:04:17.511 [OP] 4111 inv=FFFD len=2 #2 4064
2026-10-01 23:04:18.867 [OP] 4109 inv=FFB7 len=72 #3 7207c464517f6fc4a3931f805b64510b07faa32b59e75b6487b1dcfa40ce1f80a1f80e0b07faa32b39125b640e7f4ffaa32b1f805b64c7bd8222a32b39125b64080b4ffaa32b1f07
2026-10-01 23:04:18.973 [OP] 4111 inv=FFFD len=2 #3 9464
2026-10-01 23:04:20.248 [OP] 4109 inv=FF77 len=136 #4 efc2392bca8094f8510bdcfaa32b1f809564510b6afa384a62803d26b20b36faf82b1f80cbdd510b8b25b72b1f805b64510a1ae8f82b1f80cbdd510b8b254d2b1f805b64510bdcfa45241f80cbdd510b8bfab72b1faa5b64e4ecdcfa250f2d455b64510b7886a32b28795b648508dcfafd2be7805bdf510b7cc4a32baad6ba37510bdcfacd3a1f80
2026-10-01 23:04:20.355 [OP] 4111 inv=FFFD len=2 #4 5c64
2026-10-01 23:04:21.666 [OUT] 1F51 inv=FFFF len=4 #2 ffff511f
2026-10-01 23:04:21.720 [OP] 4F52 inv=FFFF len=0 #2 
2026-10-01 23:04:22.360 [OP] 4109 inv=FF77 len=136 #5 efc2392bca8094f8517fdcfaa32b1f809564510b6afa384a62803d26b20b8bfaf82b1f80cbdd510b8bf4b72b1f805b64519c1afaf82b1f80cbdd510b8bf44d2b1f805b64510bdcfa45241f80cbdd510b8bfab72b1faa5b64e4ecdcfa250f2d455b64510b7886a32b28795b648508dcfafd2be7805bdf510b7cc4a32baad6ba37510bdcfacd3a1f80
2026-10-01 23:04:22.499 [OP] 4111 inv=FFFD len=2 #5 1c64
2026-10-01 23:04:24.871 [OP] 46FE inv=FFFF len=0 #1 
2026-10-01 23:04:24.879 [OUT] 1004 inv=FFF3 len=16 #1 f3ff04103e35ca2b5979c3642d0b59ae
2026-10-01 23:04:25.000 [OP] 4110 inv=FFFD len=2 #2 b72b
2026-10-01 23:04:29.121 [OP] 4112 inv=FFFD len=2 #1 dcc4
2026-10-01 23:04:29.123 [OP] 4112 inv=FFFD len=2 #2 6fc4
2026-10-01 23:04:29.123 [OP] 4112 inv=FFFD len=2 #3 52c4
2026-10-01 23:04:29.123 [OP] 4112 inv=FFFD len=2 #4 e6c4
2026-10-01 23:04:30.867 [OP] EFFE inv=FFFE len=1 #2 0b
2026-10-01 23:04:31.752 [OUT] 1F51 inv=FFFF len=4 #3 ffff511f
2026-10-01 23:04:31.804 [OP] 4F52 inv=FFFF len=0 #3 
2026-10-01 23:04:32.006 [OP] 4112 inv=FFFD len=2 #5 6ac4
2026-10-01 23:04:36.440 [OUT] 1004 inv=FFF3 len=16 #2 f3ff04103e35ca2b59c7c3642d0b59ae
2026-10-01 23:04:36.594 [OP] 4110 inv=FFFD len=2 #3 b72b
2026-10-01 23:04:36.596 [OUT] 1004 inv=FFF3 len=16 #3 f3ff04103e35ca2b59c7c3642d0b59ae
2026-10-01 23:04:36.742 [OP] 4110 inv=FFFD len=2 #4 b793
2026-10-01 23:04:40.876 [OP] EFFE inv=FFFE len=1 #3 0b
2026-10-01 23:04:41.252 [OP] 472A inv=FE76 len=393 #1 33b4de1fc75b64510bdcfaa32b1f805b64510bdcc4a32b1f805b64510bdcfaa32b1f805b64510bdc4e722b1f805b645122dcfaa32b1f805b64510bdcfaa32b1f805b64510bdcfaa32b1f805b64510bdcfaa32b1f805b64510bdcfaa32b1f805b64510bdc5a4e78c8805b64510bdcfaa32b1f805b64510bdcfaa32b1f805b64510bdcfaa32b1f805b64510bdc7af82b1f1b956451fa6ffaa391ca805b5c510bdc
2026-10-01 23:04:41.284 [OUT] 0022 inv=FFF5 len=14 #2 f5ff220095018ffde6c4d13bf64e
2026-10-01 23:04:41.338 [OP] 42CE inv=FFFB len=4 #1 c87f510b
2026-10-01 23:04:41.438 [OP] 4610 inv=FFFE len=1 #2 99
2026-10-01 23:04:42.289 [OUT] 0022 inv=FFED len=22 #3 edff22005834059f23de380786f1eeecb7c4585326aa
2026-10-01 23:04:42.342 [OP] 4610 inv=FFFE len=1 #3 5f
2026-10-01 23:04:43.267 [OUT] 004E inv=FFFA len=9 #1 faff4e00e9580bdce8
2026-10-01 23:04:43.267 [OUT] 004E inv=FFFA len=9 #2 faff4e00e9580bdcf4
2026-10-01 23:04:43.297 [OUT] 0022 inv=FFF5 len=14 #4 f5ff220095018ffddcc43b6f6f4f
2026-10-01 23:04:43.366 [OP] 4029 inv=FFDF len=32 #1 63cdfc0b606ea32b1f805b64cf7fdcfaa32b1f8094ecfc0b90c42d2ba8809564
2026-10-01 23:04:43.418 [OP] 4610 inv=FFFE len=1 #4 ee
2026-10-01 23:04:43.525 [OP] 4029 inv=FFDF len=32 #2 63cdfc0b4ec2a32b1f805b64f208dcfaa32b1f80107f510b8bc42d2bbe809564
2026-10-01 23:04:44.298 [OUT] 0022 inv=FFF5 len=14 #5 f5ff220095018ffd52c4f1bb608c
2026-10-01 23:04:44.352 [OP] 4610 inv=FFFE len=1 #5 49
2026-10-01 23:04:48.437 [OP] 4100 inv=FFF9 len=6 #2 98aa86265bec
2026-10-01 23:04:48.438 [OP] 4101 inv=FE49 len=438 #2 b4b252fadb2b1f805b64510b155a4e781f805b64510bdcfaa32b1f805b64510bdcfaa32b1f805b6441fddc5ba32b93795b64510bdcfa64241f805b64510bdcfaa32b1f805b6438ecdcfa672b1f805b64510b15faf82b1f809ddf510bdcfaa32b1f805b64580b955ba32b1f805b64e075dcfaa32b1f805b64510bdcfaa32b8faa5b64a40bdcfaa32bf0aa7bdf580bdcfaa32b1f805b64510b7cc4a32bbda9cb6f
2026-10-01 23:04:48.537 [OUT] 1F51 inv=FFFF len=4 #4 ffff511f
2026-10-01 23:04:48.642 [OP] 4F52 inv=FFFF len=0 #4 
2026-10-01 23:04:49.503 [OUT] 1001 inv=FFF9 len=10 #2 f9ff01101f805b64510b
2026-10-01 23:04:51.706 [OUT] 1005 inv=FFEF len=20 #2 efff0510a498f85367795c640b0b0022a32b1f80
2026-10-01 23:04:51.796 [OP] 4110 inv=FFFD len=2 #5 4d2b
2026-10-01 23:04:55.108 [OP] 46FE inv=FFFF len=0 #2 
2026-10-01 23:04:58.660 [OUT] 1F51 inv=FFFF len=4 #5 ffff511f
2026-10-01 23:04:58.715 [OP] 4F52 inv=FFFF len=0 #5 
2026-10-01 23:05:00.902 [OP] EFFE inv=FFFE len=1 #4 0b
2026-10-01 23:05:02.525 [OUT] 1004 inv=FFF3 len=16 #4 f3ff04103e35ca2b5979c3642d0b59ae
2026-10-01 23:05:11.256 [OUT] 1004 inv=FFF3 len=16 #5 f3ff04103e35ca2b5979c3642d0b59ae
2026-10-01 23:05:11.923 [OP] EFFE inv=FFFE len=1 #5 0b
2026-10-01 23:05:16.076 [OP] 472A inv=FE6C len=403 #2 33b4de1fc75b64510bdcfaa32b1f805b64510bdce8a32b1f805b64510bdcfaa32b1f805b64510bdc4e722b1f805b6451a190faa32b1f805b64510bdcfaa32b1f805b64510bdcfaa32b1f805b64510bdcfaa32b1f805b64510bdcfaa32b1f805b64510bdcfaa32b1f805b64510bdcfaa32b1f805b64510bdcfaa32b1f805b64510bdcfaa32b1f805b64510bdcbdf82b1fc395645153dcfaa3ccca805bc7580bdc
2026-10-01 23:05:16.077 [OP] 42CE inv=FFFB len=4 #2 c87f510b
2026-10-01 23:05:16.668 [OUT] 0048 inv=FFF7 len=12 #1 f7ff4800dcfaa32b1ffa9564
2026-10-01 23:05:16.783 [OP] 4721 inv=FFF7 len=8 #1 efc2392b1ffa9564
2026-10-01 23:05:18.286 [OP] 4612 inv=FFE7 len=24 #1 fd0bdcfae45dad80e0cdfc0b07c2392b2e87c4640db252fa
2026-10-01 23:05:20.287 [OP] 4100 inv=FFF9 len=6 #3 98aa1708e77f
2026-10-01 23:05:20.288 [OP] 4101 inv=FE11 len=494 #3 8b3bad809464510bdcfaa32bc8d97b81510bdcfaa32b1f805b64510bdcfaa32b1f805b64510bdcfa4d7c1f8c5b649fc4dcfaa32b1f80ac6f510bdcfaa32b1f805b64510bdcfa64531f80bb64510b6ffaa353c8809564510b6cc4a32b1f805b64510bdcfaee53b0ef5b64510bdcfabfce1f805b64510bdcfaa32b1f805b64f60bdcfa672b1f805b64476b15c4f82b1f800779510bdcfaa32b1f805b64510b39ae
2026-10-01 23:05:21.361 [OUT] 1001 inv=FFF9 len=10 #3 f9ff01101f805b64510b
2026-10-01 23:05:23.724 [OUT] 1005 inv=FFEF len=20 #3 efff0510a498f85367795c640b0b0022a32b1f80
2026-10-01 23:05:25.439 [OP] 46FE inv=FFFF len=0 #3 
2026-10-01 23:05:45.508 [OP] 4613 inv=FFBA len=69 #1 dfb82fe7c4202b383fc3dc0259585b960e62830ff8cdcf6fb4a0d47079af8a83ec6fc4f82b1faa95df512a6ab33951ca1e5bf8dc0bdce8a353ca804040986c2ab7d62b1f80
2026-10-01 23:05:46.489 [OP] 4613 inv=FF7E len=129 #2 f8602fe7c4202b97b194dc026f4a5b965bcaa9d6df557663de352ecaaa95df510b6fc4f82b8879077f43ec68fadb677c801c64580bdc5b16876c842d43450bdcfa0a1c10aa4064291790104223f31c75df84cf6fb4a06df1c7550758ec6fc4a32bcaaa95649f7559220253ab809408510b8bfaf82b1f7926b35c3828d7e62b1f80
2026-10-01 23:05:46.489 [OP] 4613 inv=FFBE len=65 #3 c40a1c10aa4064291790104223f31c75df84cf6fb4a06df1c7550758ec6fc4a32bcaaa95649f7559220253ab809408510b8bfaf82b1f7926b35c3828d7e62b1f80
2026-10-01 23:05:47.495 [OP] 4613 inv=FFBC len=67 #4 ecd48d7a53a5803f8c83eca875233363c795df01a290b45c937026948c1ed06fc4f82b1faa95df514d6a8ffd51ca505b647448dcf4a3531f8040ef555c8aa2fb2b1f80
2026-10-01 23:05:49.498 [OP] 4612 inv=FFEF len=16 #2 c464510bb6c2392bb907c4640db252fa
2026-10-01 23:05:49.498 [OP] 4612 inv=FFF3 len=12 #3 90faa32bb907c4640db252fa
2026-10-01 23:05:49.498 [OP] 4612 inv=FFF7 len=8 #4 ca805b640db252fa
2026-10-01 23:05:51.417 [OP] 472A inv=FE6C len=403 #3 33b4de1faa5b64510bdcfaa32b1f805b64510bdcc4a32b1f805b64510bdcfaa32b1f805b64510bdc4e722b1f805b64513c6ffaa32b1f805b64510bdcfaa32b1f805b64510bdcfaa32b1f805b64510bdcfaa32b1f805b64510bdcfaa32b1f805b64510bdcfaa32b1f805b64510bdcfaa32b1f805b64510bdcfaa32b1f805b64510bdcfaa32b1f805b64510bdc7af82b1f2c5b6451f16ffaa3731f805bc7580bdc
2026-10-01 23:05:51.507 [OP] 42CE inv=FFFB len=4 #3 c87f510b
2026-10-01 23:05:52.821 [OUT] 0048 inv=FFF7 len=12 #2 f7ff4800dcfaa32b1ffa9564
2026-10-01 23:05:52.920 [OP] 4721 inv=FFF7 len=8 #2 efc2392b1ffa9564
2026-10-01 23:05:53.439 [OUT] 004E inv=FFFA len=9 #3 faff4e00e9580bdcf4
2026-10-01 23:05:53.515 [OP] 4029 inv=FFDF len=32 #3 63cdfc0b4ec2a32b1f805b64f208dcfaa32b1f80a97f510b8bc42d2b7d809564
2026-10-01 23:05:55.624 [OP] 46FE inv=FFFF len=0 #4 
2026-10-01 23:05:56.617 [OP] 4613 inv=FEF8 len=263 #5 12f1fdfeece6fa9cb359aa0670832b425bf8536feb9425037519d8dbbc91ce95df580bdcc4f853ca3f40cbb2316f81a32b6e4f5b2651ecdcfa20b9b9969ce9520bdcfae21c10aa406417e76a1042875f79138a83875fe83689ca7cf9357a75608c2353caaa956451ec6fc4f86da5f31c96586edce80c241f4f5bdf580be6ef6febd9d54664510b1d507a53a58006f90e50ce435d24b2a8957dd1ec0782ef0b70
2026-10-01 23:05:58.625 [OP] 4100 inv=FFF9 len=6 #4 98aa6e26eaec
2026-10-01 23:05:58.625 [OP] 4101 inv=FEB9 len=326 #4 efc2392b59805b64510bdcfa4e78c8d95b64510bdcfaa32b1f805b64510bdcfaa32b1f805b64510b4f9fa3ce1f800053510bdcfaa32b93795b64510bdcfaa32b1f805b64510ba0c4a32b2c805b64510bdcfa4e2bca805b64510bdcfaa32b1f805b64510bdcfa10ce1f805b64510b39aea32b1f805b64510bdcfaa32b1f8000df510b1ffaa32b1f805b64a5ec6ffaa32b08125b649cb1dcfa494a1f8009269fc4
2026-10-01 23:05:59.706 [OUT] 1001 inv=FFF9 len=10 #4 f9ff01101f805b64510b
2026-10-01 23:06:01.858 [OUT] 1005 inv=FFEF len=20 #4 efff0510a498f85367c75c640b0b0022a32b1f80
2026-10-01 23:06:22.415 [OP] 472A inv=FE76 len=393 #4 33b4de1faa5b64510bdcfaa32b1f805b64510bdce8a32b1f805b64510bdcfaa32b1f805b64510bdc4e722b1f805b64513c6ffaa32b1f805b64510bdcfaa32b1f805b64510bdcfaa32b1f805b64510bdcfaa32b1f805b64510bdcfaa32b1f805b64510bdcfaa32b1f805b64510bdcfaa32b1f805b64510bdcfaa32b1f805b64510bdcfaa32b1f805b64510bdcbdf82b1f1b956451f16ffaa3ccca805b5c510bdc
2026-10-01 23:06:22.501 [OP] 42CE inv=FFFB len=4 #4 c87f510b
2026-10-01 23:06:25.880 [OP] 46FE inv=FFFF len=0 #5 
2026-10-01 23:06:28.618 [OP] 4100 inv=FFF9 len=6 #5 98aaf3f8677f
2026-10-01 23:06:28.620 [OP] 4101 inv=FE11 len=494 #5 8b3bad809464510bdcfaa32bc8d97b81510bdcfaa32b1f805b64510bdcfaa32b1f805b64510bdcfa4d7c1f8c5b649fc4dcfaa32b1f80ac6f510bdcfaa32b1f805b64510bdcfa64531f80bb64510bdcfadb2bc88095640eed05c4a32b5d4f5b64510bdcfaa32bb0ef5b64510bdcfabfce1f805b64510bdcfaa32b1f805b64f60bdcfa672b1f8071c85e4115c4f82b1f805bc5140bdcfaa32b1f595b6451e0955b
2026-10-01 23:06:29.706 [OUT] 1001 inv=FFF9 len=10 #5 f9ff01101f805b64510b
2026-10-01 23:06:31.900 [OUT] 1005 inv=FFEF len=20 #5 efff0510a498f85367795c640b0b0022a32b1f80
2026-10-01 23:07:00.637 [OP] 472A inv=FE6C len=403 #5 33b4de1faa5b64510bdcfaa32b1f805b64510bdcc4a32b1f805b64510bdcfaa32b1f805b64510bdc4e722b1f805b645122dcfaa32b1f805b64510bdcfaa32b1f805b64510bdcfaa32b1f805b64510bdcfaa32b1f805b64510bdcfaa32b1f805b64510bdcfaa32b1f805b64510bdcfaa32b1f805b64510bdcfaa32b1f805b64510bdcfaa32b1f805b64510bdc7af82b1f2c5b6451fa6ffaa391ca805bc7580bdc
2026-10-01 23:07:00.720 [OP] 42CE inv=FFFB len=4 #5 c87f510b
2026-10-01 23:07:01.091 [OUT] 0048 inv=FFF7 len=12 #3 f7ff4800dcfaa32b1ffa9564
2026-10-01 23:07:01.182 [OP] 4721 inv=FFF7 len=8 #3 efc2392b1ffa9564
2026-10-01 23:07:02.663 [OUT] 004E inv=FFFA len=9 #4 faff4e00e9580bdce8
2026-10-01 23:07:02.663 [OUT] 004E inv=FFFA len=9 #5 faff4e00e9580bdcf4
2026-10-01 23:07:02.735 [OP] 4029 inv=FFDF len=32 #4 63cdfc0b606ea32b1f805b64cf7fdcfaa32b1f8094420e0b90c42d2b41809564
2026-10-01 23:07:02.895 [OP] 4029 inv=FFDF len=32 #5 63cdfc0bd9c2a32b1f805b64f208dcfaa32b1f80df7f510b8bc42d2b05809564
2026-10-01 23:07:28.616 [OP] 4612 inv=FFE7 len=24 #5 fd0bdcfae45dad80e0cdfc0b07c2392b1207c464e38052fa
2026-10-01 23:08:01.324 [OUT] 0048 inv=FFF7 len=12 #4 f7ff4800dcfaa32b1ffa9564
2026-10-01 23:08:01.443 [OP] 4721 inv=FFF7 len=8 #4 efc2392b1ffa9564
2026-10-01 23:09:11.608 [OUT] 0048 inv=FFF7 len=12 #5 f7ff4800dcfaa32b1ffa9564
2026-10-01 23:09:11.758 [OP] 4721 inv=FFF7 len=8 #5 efc2392b1ffa9564
2026-10-01 23:09:43.317 [OP] F005 inv=FFE7 len=24 #1 26b35c3828d7a32b1f805b64510bdcfaa3ce1f80508833b2
2026-10-01 23:09:43.416 [OP] F005 inv=FFE7 len=24 #2 26b35c3828d7a32b1f805b64510bdcfaa3ce1f80508833b2
2026-10-01 23:12:43.376 [OP] F005 inv=FFE7 len=24 #3 26b35c3828d7a32b1f805b64510bdcfaa3de1f80508833b2
2026-10-01 23:12:43.478 [OP] F005 inv=FFE7 len=24 #4 26b35c3828d7a32b1f805b64510bdcfaa3de1f80508833b2
2026-10-01 23:15:30.804 [OP] F005 inv=FFE7 len=24 #5 c2cc763c71faa32b1f805b64510bdcfaa3ce1f8066198f0c
2026-10-01 23:15:40.154 [OP] 4031 inv=FF5C len=163 #1 39510cdc22a32b1faa5b5003b3a22d1d88ab6a30051648b0c54f67e87106671df42db834677c499871136a78ec4f67e88f138787e92a934f67c31663b97fb353001618b0a4a9e9744c6828349aa250a2d8899e38d5a8671213a96706a4b1ec34679694f3b3e1a6b6ccc29b40f32cce4d87f0775131a2b1f389f9140fb35120bb4c848980ef6e165119aeeb837bc06919740e23d0e4346451e49cfc58f33ee554
2026-10-01 23:24:11.088 [OUT] 0030 inv=FFDE len=37 #1 deff30005ca722a32b1f805b64510bdcfaa32b1f3cc83369938c93a32b1f805b64510bdcfa
2026-10-01 23:24:13.040 [OP] F013 inv=FFCF len=48 #1 b2a2da2bf0e986341a64510bdcfaa32b1f80fa5374a60dca3d1f5d109564510b2a96d5c4c7805b64fe4864fa34bc5d4e
2026-10-01 23:24:19.358 [OUT] 0030 inv=FFDE len=37 #2 deff30005ca722a32b1f805b64510bdcfaa32b1f3cc83369938c93a32b1f805b64510bdcfa
2026-10-01 23:24:19.483 [OP] 4705 inv=FFB8 len=71 #1 d36b7f5134a722a319f3ce5b4d310bdcfaa32b1f532764510bdcfaa33c1f805b64510bdc45db2b1f805b645131dcfaa33a1f805b6651d286033d6643505b64510bdcfaa32b1f80
2026-10-01 23:24:24.444 [OUT] 0030 inv=FFDE len=37 #3 deff3000cd3e22a32b1f805ba0510bdcc5a32b1f3cc83369938c0ba32b1f805b64510bdcfa
2026-10-01 23:24:25.970 [OUT] 0030 inv=FFDE len=37 #4 deff3000af3e22a32b1f805ba0510bdcc5a32b1f3cc83369938c0ba32b1f805b64510bdcfa
2026-10-01 23:24:27.134 [OUT] 0030 inv=FFDE len=37 #5 deff3000c03e22a32b1f805ba0510bdcc5a32b1f3cc83369938c0ba32b1f805b64510bdcfa
2026-10-01 23:24:28.511 [OP] 4705 inv=FFB8 len=71 #2 d36b7f5134a722a3ed67ce5b7f830bdcfaa32b1fcec364510bdcfaa3731f805b64510bdcb5a32b1f805b645131dcfaa3d01f805b6151a2da2bf00ad2341a64510bdcfaa32b1f80
2026-10-01 23:24:31.499 [OP] 4705 inv=FFB8 len=71 #3 d36b7f5134a722a33267ce5b81fd0bdcfaa32b1fd90d64510bdcfaa3c11f805b64510bdc60a32b1f805b645131dcfaa3d01f805b6651a2da2bf0e986341a64510bdcfaa32b1f80
2026-10-01 23:24:32.747 [OP] F015 inv=FF8B len=116 #1 510bdcfaad53d980ed3572a4cd97854d1f805b64510bdcfaa302074c724ed410dcfaa32b1f805b64510b90bc9cde9c420635b90b0cd227d5e4805b64740bdcfaa153d9805b64510bdcfa3d2b1f805b644f0bdcfa342b1f806f7fd2b4dcfa3d2b1f805b64e951b4c0b9bbd98085f1690b2c7fc82b
2026-10-01 23:24:32.795 [OP] E003 inv=FFD7 len=40 #1 ed3572a4cd97854d1f805b64510bdcfaa32b34aa0d64510bdcfaa32b2d87c464d00c13faaef9df0f
2026-10-01 23:24:32.852 [OP] E060 inv=FFD3 len=44 #1 91b083e525115d23a32b1f805b64510bdc26f3da2d87c4646694dcfa5f3bca805b64510b8ffaa32b34aa4461
2026-10-01 23:24:34.222 [OP] 4705 inv=FFB8 len=71 #4 d36b7f5134a722a3cb67ce5b1db20bdcfaa32b1f941c64510bdcfaa35aad805b64510bdc20392b1f805b645131dcfaa3d01f805bac51a2da2bf0b3bb341a64510bdcfaa32b1f80
2026-10-01 23:24:48.590 [OP] 4707 inv=FFF3 len=12 #1 8b3bad8063cdfc0b17faa32b
2026-10-01 23:25:43.078 [OP] 4705 inv=FFB8 len=71 #5 d36b7f5134a722a319f3ce5b4d310bdcfaa32b1f532764510bdcfaa37b59805b64510bdc45db2b1f805b645131dcfaa33a1f805b6651d286033d6643505b64510bdcfaa32b1f80
2026-10-01 23:25:59.429 [OP] 4040 inv=FFE1 len=30 #1 efc2392b2d87c464660bdcfa9799974dbefb069661faa32b1f805b64510b
2026-10-01 23:26:02.158 [OUT] 0037 inv=FFF7 len=12 #1 f7ff3700a32b1f80baecfc0b
2026-10-01 23:26:02.316 [SYS] 与对方之间有障碍。
2026-10-01 23:26:25.138 [OP] 4040 inv=FFE1 len=30 #2 efc2392b2d87c464660bdcfa9799974dbefb069661faa32b1f805b64510b
2026-10-01 23:26:45.712 [OUT] 0037 inv=FFF7 len=12 #2 f7ff3700a32b1f80baecfc0b
2026-10-01 23:27:09.305 [OP] 4031 inv=FFE8 len=23 #2 dd51c4dcdca32b1faa5b6ddde37dd54a2b1f66bfeb220b
2026-10-01 23:27:15.434 [OP] 4031 inv=FF5C len=163 #3 39510cdc22a32b1faa5b5003b3a22d1d88ab6a30051648b0c54f67e87106671df42db834677c499871136a78ec4f67e88f138787e92a934f67c31663b97fb353001618b0a4a9e9744c6828349aa250a2d8899e38d5a8671213a96706a4b1ec34679694f3b3e1a6b6ccc29b40f32cce4d87f0775131a2b1f389f9140fb35120bb4c848980ef6e165119aeeb837bc06919740e23d0e4346451e49cfc58f33ee554
2026-10-01 23:45:38.236 [QUESTION] {"type":"question","sock":2512,"qno":13,"field_a":89,"stem":"光学物理上把能够自身发光的物体叫做？","options":["1、正能量","2、可能叫这个吧","3、阳光普照","4、光源"]}
2026-10-01 23:45:39.138 [SEND-ANSWER] qno=13 opt=3 ret=13 sock=2512
2026-10-01 23:45:39.193 [SYS] 测试通过！
2026-10-01 23:45:39.237 [UI] auto dump on question qno=13
2026-10-01 23:45:39.237 [UI] ---- window dump begin (pid 4256) ----
2026-10-01 23:45:39.299 [SYS] 获得了#00FF00#100#FFF692#金币
2026-10-01 23:45:39.299 [CURRENCY] a=199366 b=1073742
2026-10-01 23:45:40.941 [UI] auto-closing quiz frame: qno=13 opt=3
2026-10-01 23:45:44.589 [OUT] 1F04 inv=FFF6 len=13 #1 f6ff041fce1f805bc6510bdc22
2026-10-01 23:46:39.366 [OP] 4210 inv=FFF3 len=12 #1 ac0bdcfae82b1f80a0ecfc0b
2026-10-02 00:00:00.540 [SYS] #FFCC00#寄售行已打烊，暂停寄售交易，预计 02:00 恢复营业。
2026-10-02 00:00:00.966 [SYS] 今日的许愿已结束，下次开放时间12:00
2026-10-02 00:00:10.572 [OP] 4210 inv=FFF3 len=12 #2 ac0bdcfae82b1f80c6ecfc0b
2026-10-02 00:04:14.164 [PIPE] controller disconnected
2026-10-02 00:04:22.118 [PIPE] controller connected
2026-10-02 00:04:42.273 [INIT] dll unloaded
2026-10-02 00:04:44.499 [INIT] dll loaded, pid=4256
2026-10-02 00:04:44.499 [INIT] codec loaded OK
2026-10-02 00:04:44.499 [INIT] iat hooks: recv=1 send=1 WSASend=1 connect=1 closesocket=1
2026-10-02 00:04:44.504 [OV] overlay window ready
2026-10-02 00:04:49.784 [OP] F005 inv=FFE7 len=24 #1 ed3572a4cd97854d1f805b64510bdcfaa32b5ebc585046b2
