2026-10-03 00:14:20.908 [INIT] dll loaded, pid=10060
2026-10-03 00:14:20.908 [INIT] codec loaded OK
2026-10-03 00:14:20.908 [INIT] iat hooks: recv=1 send=1 WSASend=1 connect=1 closesocket=1 WSAEventSelect=1
2026-10-03 00:14:21.168 [OP] 47C0 inv=FFF3 len=12 #1 0253cad37fd958d5606ef16f
2026-10-03 00:14:21.168 [OP] 47C0 inv=FFD8 len=39 #2 b39526127cc6c4fd3c297c5cc88ffd6ff4d17c5b8c03da31ec8ba5b70eeceaadd958b1cd531abb
2026-10-03 00:14:21.168 [OP] 47C0 inv=FFE1 len=30 #3 0faac4c88ffd6ff4d17c5b8c03da31ec8ba5b70eeceaadd958b1cd531abb
2026-10-03 00:14:21.168 [OP] 47C0 inv=FFEA len=21 #4 51cac703da31ec8ba5b70eeceaadd958b1cd531abb
2026-10-03 00:14:21.169 [OP] 47C0 inv=FFF3 len=12 #5 0253caeaadd958b1cd531abb
2026-10-03 00:14:24.123 [OP] 4100 inv=FFF9 len=6 #1 98aa13dfb3ec
2026-10-03 00:14:24.226 [EVENT] sock=2528 hEvent=0000099C events=0x0
2026-10-03 00:14:24.227 [EVENT] sock=2528 hEvent=0000099C events=0x21
2026-10-03 00:14:24.230 [OP] 4101 inv=FC6D len=914 #1 603bad809464510bdcfaa32bc8d97b81510bdcfaa32b1f805b64510bdcfaa32b1f805b64510bdcfa21c49d4e5b64bed0dcfaa32b1f80697f510bdcfaa32b1f805b64510bdcfad85dad80c464510bdcfaa32b46925b648e90dcfac4181f807693510b155a4e78c8d97b81a552155a562b1f807b81a5526f30c2d41e5f544e191edcfaa32b1f805b64b2ae02faa32b1f805bd82d0bdcfaa32b1f805b64510bdcfa
2026-10-03 00:14:24.334 [OP] 4F52 inv=FFFF len=0 #1 
2026-10-03 00:14:25.165 [EVENT] sock=2528 hEvent=0000099C events=0x0
2026-10-03 00:14:25.165 [EVENT] sock=2528 hEvent=0000099C events=0x21
2026-10-03 00:14:25.354 [OP] 4108 inv=FFE3 len=28 #1 5207c464510bdcfa21531f80d8f8510bce4051421f805b64510bdcfa
2026-10-03 00:14:25.437 [OP] 4108 inv=FFE3 len=28 #2 5207c464510bdcfa4d531f80d8f8510bce4051ed1f805b64510bdcfa
2026-10-03 00:14:25.437 [OP] 4108 inv=FFE3 len=28 #3 5207c464510bdcfa22531f80d8f8510bce40515d1f805b64510bdcfa
2026-10-03 00:14:25.437 [OP] 4108 inv=FFF3 len=12 #4 74c2392b1f805b64510bdcfa
2026-10-03 00:14:25.437 [OP] 4108 inv=FFF3 len=12 #5 74c2392b1f805b64580bdcfa
2026-10-03 00:14:25.437 [OP] 4104 inv=FFFB len=4 #1 3cae1f80
2026-10-03 00:14:25.437 [OP] 4104 inv=FFFB len=4 #2 3cae1faa
2026-10-03 00:14:25.437 [OP] 4104 inv=FFFB len=4 #3 3cae1fc7
2026-10-03 00:14:25.438 [OP] 4104 inv=FFFB len=4 #4 3cae1fce
2026-10-03 00:14:25.438 [OP] 4104 inv=FFFB len=4 #5 0a081f12
2026-10-03 00:14:27.004 [EVENT] sock=2692 hEvent=00000A80 events=0x0
2026-10-03 00:14:27.004 [EVENT] sock=2692 hEvent=00000A80 events=0x21
2026-10-03 00:14:27.643 [OP] 4105 inv=FFFE len=1 #1 3d
2026-10-03 00:14:27.643 [OP] 4105 inv=FFFE len=1 #2 c0
2026-10-03 00:14:27.643 [OP] 4105 inv=FFFE len=1 #3 af
2026-10-03 00:14:27.646 [EVENT] sock=2528 hEvent=0000099C events=0x0
2026-10-03 00:14:27.646 [EVENT] sock=2528 hEvent=0000099C events=0x21
2026-10-03 00:14:27.789 [OP] 4106 inv=FFFC len=3 #1 b1fdcb
2026-10-03 00:14:27.789 [OP] 4106 inv=FFFC len=3 #2 a539ee
2026-10-03 00:14:27.790 [OP] 4105 inv=FFFE len=1 #4 0c
2026-10-03 00:14:27.799 [EVENT] sock=2528 hEvent=0000099C events=0x0
2026-10-03 00:14:27.799 [EVENT] sock=2528 hEvent=0000099C events=0x21
2026-10-03 00:14:27.846 [OP] 4109 inv=FE3B len=452 #1 41cdfc0b6ffa46bb1f795b64510bdcfaf82b1f806e6401c402facccead80c064580bdcfae13b1f80c461510bdcc4a32b1fb5a82677ecdcfa8d2b1f805b64510bdcfaa32bca805b64dfb2dcfa39c4ca805bdf510bdcfaa32b23aa5b6401ba710ea32b1f801e9f510b6ffaa32bf4075b64fc0c90faa32b1f805b64510b6ffaa32bf4075b64fc0c52faa32b1f805b64510b6ffaa32bf4075b64fc0c8bfaa32b1f80
2026-10-03 00:14:27.945 [OP] 4106 inv=FFFC len=3 #3 e546ed
2026-10-03 00:14:27.945 [OP] 4110 inv=FFFD len=2 #1 212b
2026-10-03 00:14:27.945 [OP] 4106 inv=FFFD len=2 #4 a3c4
2026-10-03 00:14:27.945 [OP] 4110 inv=FFFD len=2 #2 612b
2026-10-03 00:14:27.945 [OP] 4111 inv=FFFD len=2 #1 c064
2026-10-03 00:14:28.035 [OP] 4112 inv=FFFD len=2 #1 90c4
2026-10-03 00:14:30.682 [OP] 4109 inv=FFB7 len=72 #2 5207c464517f6fc4a3ee1f805b64510b07faa32bca105b6487b1dcfa40ce1f80c0df0e0b07faa32b39125b640eec66faa32b1f805bdf510b8222a32b39125b64080b66faa32b1f80
2026-10-03 00:14:30.782 [OP] 4105 inv=FFFE len=1 #5 0b
2026-10-03 00:14:30.783 [OP] 4106 inv=FFFD len=2 #5 f82b
2026-10-03 00:14:30.783 [OP] 4111 inv=FFFD len=2 #2 9564
2026-10-03 00:14:31.214 [OP] 4033 inv=FFE8 len=23 #1 8c5b6f51b1dcfaa32b1fb0c835985c46faa35a4569da64
2026-10-03 00:14:32.035 [OP] 4109 inv=FF0F len=240 #3 41cdfc0b6ffafd4a1f805b64510bdcfaf82b1f80c36446b16afa384a9d805b64580bdcfabf6f1f801c64af0bdcfaa32b1f805b64580bdcfabf6f1f801c643b0bdcfaa32b1f8058f2580bdcfabf6f1f801c64310bdcfaa32b1f80e4f0580bdcfabf6f1f801c647b0bdcfaa32b1f80b7642c75dcfabf6f1f801c64af0bdcc4a32b23aa5b64715e54dca32b1f803000510bab5ba32bb08c5b64b20b66faa3531f80
2026-10-03 00:14:32.121 [OP] 4111 inv=FFFD len=2 #3 5b64
2026-10-03 00:14:34.121 [OP] 4109 inv=FF0F len=240 #4 41cdfc0b6ffafd4a1faa5b64510bdcfaf82b1f80c36446b16afa384a9d80c464580bdcfabf6f1f801c7faf0bdcfaa32b1f805b64580bdcfabf6f1f801c7f3b0bdcfaa32b1f801c8a580bdcfabf6f1f801c7f310bdcfaa32b1f80a6bb580bdcfabf6f1f801c7f7b0bdcfaa32b1f8008642c75dcfabf6f1f801c64af0bdcc4a32b23aa5b64715e54dca32b1f803000510bab5ba32bb08c5b64b20b66faa3531f80
2026-10-03 00:14:34.213 [OP] 4111 inv=FFFD len=2 #4 c464
2026-10-03 00:14:34.357 [EVENT] sock=2528 hEvent=0000099C events=0x0
2026-10-03 00:14:34.358 [EVENT] sock=2528 hEvent=0000099C events=0x21
2026-10-03 00:14:34.399 [OP] 4F52 inv=FFFF len=0 #2 
2026-10-03 00:14:36.002 [OP] 46FE inv=FFFF len=0 #1 
2026-10-03 00:14:36.499 [OP] 4109 inv=FE9F len=352 #5 41cdfc0b6ffafd241f805b64510bdcfaf82b1f806e6401c402facccead806e64580bdcfae13b1f80c4c6510bdcc4a32b1f805b6477ecdcfae02b1f805b64510bdcfaa32bca805b64dfb2dcfa3906ca805b64510bdcc4a32bca805b64dfb2dcfa3906ad805b64510bdcfaa32bca805b64dfb2dcfa39069d805b64510bdc6ef82bfa4e5b64d5b2dcfa392b1f805bdf510b05c4a32bfbce5b64510bdcfaa32b1f80
2026-10-03 00:14:36.595 [OP] 4111 inv=FFFD len=2 #5 6edf
2026-10-03 00:14:36.595 [OP] 4112 inv=FFFD len=2 #2 dcc4
2026-10-03 00:14:36.595 [OP] 4112 inv=FFFD len=2 #3 52c4
2026-10-03 00:14:36.595 [OP] 4112 inv=FFFD len=2 #4 8bc4
2026-10-03 00:14:37.759 [OP] EFFE inv=FFFE len=1 #1 0b
2026-10-03 00:14:39.265 [OP] 4112 inv=FFFD len=2 #5 6fc4
2026-10-03 00:14:41.840 [OP] 4033 inv=FFEB len=20 #2 fd0b8ffafd2b1f805b64002de9faa35a4569da64
2026-10-03 00:14:43.040 [OP] 4031 inv=FFE0 len=31 #1 fddccaa3ed1f805b6451e416f163829055542a300bdc39d0349a7150d8ee0b
2026-10-03 00:14:43.877 [SETTLE] exp=2 gold=199367 len=403
2026-10-03 00:14:43.878 [OP] 472A inv=FE6C len=403 #1 d9b4de1fc75b64510bdcfaa32b1f805b64510bdcc4a32b1f805b64510bdcfaa32b1f805b64510bdca1b72b1f805b6451a790faa32b1f805b64510bdcfaa32b1f805b64510bdcfaa32b1f805b64510bdcfaa32b1f805b64510bdcfaa32b1f805b64510bdcfaa32b1f805b64510bdcfaa32b1f805b64510bdcfaa32b1f805b64510bdcfaa32b1f805b64510bdcb5a32b1fc3956451fa6ffaa3731f805bd3580bdc
2026-10-03 00:14:43.976 [OP] 42CE inv=FFFB len=4 #1 c87f510b
2026-10-03 00:14:44.069 [OP] 4211 inv=FFF6 len=9 #1 aa5b6451803e22a34a
2026-10-03 00:14:44.069 [OP] 4211 inv=FFF6 len=9 #2 aa5b6451e3a722a34a
2026-10-03 00:14:44.069 [OP] 4211 inv=FFF6 len=9 #3 aa5b64516d3e22a34a
2026-10-03 00:14:44.069 [OP] 4211 inv=FFF6 len=9 #4 aa5b645134a722a34a
2026-10-03 00:14:45.144 [EVENT] sock=2528 hEvent=0000099C events=0x0
2026-10-03 00:14:45.144 [EVENT] sock=2528 hEvent=0000099C events=0x21
2026-10-03 00:14:45.296 [OP] 4721 inv=FFF7 len=8 #1 74c2392b1fc39564
2026-10-03 00:14:47.772 [OP] EFFE inv=FFFE len=1 #2 0b
2026-10-03 00:14:47.969 [OP] 4100 inv=FFF9 len=6 #2 98aa437f417f
2026-10-03 00:14:48.076 [EVENT] sock=2528 hEvent=0000099C events=0x0
2026-10-03 00:14:48.076 [EVENT] sock=2528 hEvent=0000099C events=0x21
2026-10-03 00:14:48.122 [OP] 4101 inv=FC35 len=970 #2 41cdfc0b90faa32b1f805b64a552155aa32b1f805b64510bdcfaa32b1f805b64510bdcfaa32b1f805761b2b2dcfa86de1f805b64510b9d22a32b1f805b64510bdcfaa32b1f807aecfc0b52faa32b1f805b6416ffdcfa222a1f80dffc510bf0b3a32bc8d97b81a552155a4e78c8d96c64510b155a4e78caa0ed3572a47db7854d1f805b64510bdcfa8ec229805b64510bdc4e722b1f805b64510bdcfaa32b1f80
2026-10-03 00:14:48.219 [OP] 4F52 inv=FFFF len=0 #3 
2026-10-03 00:14:49.002 [EVENT] sock=2528 hEvent=0000099C events=0x0
2026-10-03 00:14:49.002 [EVENT] sock=2528 hEvent=0000099C events=0x21
2026-10-03 00:14:51.257 [EVENT] sock=2528 hEvent=0000099C events=0x0
2026-10-03 00:14:51.257 [EVENT] sock=2528 hEvent=0000099C events=0x21
2026-10-03 00:14:51.354 [OP] 4110 inv=FFFD len=2 #3 212b
2026-10-03 00:14:51.555 [EVENT] sock=2528 hEvent=0000099C events=0x0
2026-10-03 00:14:51.555 [EVENT] sock=2528 hEvent=0000099C events=0x21
2026-10-03 00:14:51.696 [OP] 4110 inv=FFFD len=2 #4 612b
2026-10-03 00:14:57.005 [EVENT] sock=2692 hEvent=00000A80 events=0x0
2026-10-03 00:14:57.005 [EVENT] sock=2692 hEvent=00000A80 events=0x21
2026-10-03 00:14:58.241 [EVENT] sock=2528 hEvent=0000099C events=0x0
2026-10-03 00:14:58.241 [EVENT] sock=2528 hEvent=0000099C events=0x21
2026-10-03 00:14:58.377 [OP] 4F52 inv=FFFF len=0 #4 
2026-10-03 00:15:00.448 [OP] F005 inv=FFE7 len=24 #1 26b35c3828d7512b1f805b64510bdcfaa3de1f8091dc8db2
2026-10-03 00:15:00.452 [OP] F005 inv=FFE7 len=24 #2 26b35c3828d7512b1f805b64510bdcfaa3de1f8091dc8db2
2026-10-03 00:15:02.918 [SETTLE] exp=2 gold=199367 len=393
2026-10-03 00:15:02.918 [OP] 472A inv=FE76 len=393 #2 d9b4de1fc75b64510bdcfaa32b1f805b64510bdcc4a32b1f805b64510bdcfaa32b1f805b64510bdca1b72b1f805b6451a790faa32b1f805b64510bdcfaa32b1f805b64510bdcfaa32b1f805b64510bdcfaa32b1f805b64510bdcfaa32b1f805b64510bdcfaa32b1f805b64510bdcfaa32b1f805b64510bdcfaa32b1f805b64510bdcfaa32b1f805b64510bdcbdf82b1f2c5b6451fa6ffaa391ca805b5c510bdc
2026-10-03 00:15:03.013 [OP] 42CE inv=FFFB len=4 #2 c87f510b
2026-10-03 00:15:03.013 [OP] 4211 inv=FFF6 len=9 #5 aa5b6451803e22a34a
2026-10-03 00:15:06.498 [OP] 46FE inv=FFFF len=0 #2 
2026-10-03 00:15:08.536 [PIPE] controller connected
2026-10-03 00:15:09.236 [OP] 4100 inv=FFF9 len=6 #3 98aa61f8a47f
2026-10-03 00:15:09.332 [EVENT] sock=2528 hEvent=0000099C events=0x0
2026-10-03 00:15:09.332 [EVENT] sock=2528 hEvent=0000099C events=0x21
2026-10-03 00:15:09.584 [OP] 4101 inv=FC35 len=970 #3 41cdfc0b90faa32b1f805b64a552155aa32b1f805b64510bdcfaa32b1f805b64510bdcfaa32b1f805761b2b2dcfa86de1f805b64510b9d22a32b1f805b64510bdcfaa32b1f807aecfc0b52faa32b1f805b6416ffdcfa222a1f80dffc510bf0b3a32bc8d97b81a552155a4e78c8d96c64510b155a4e78caa0ed3572a47db7854d1f805b64510bdcfa71c229805b64510bdc4e722b1f805b64510bdcfaa32b1f80
2026-10-03 00:15:09.659 [OP] 4F52 inv=FFFF len=0 #5 
2026-10-03 00:15:10.303 [EVENT] sock=2528 hEvent=0000099C events=0x0
2026-10-03 00:15:10.304 [EVENT] sock=2528 hEvent=0000099C events=0x21
2026-10-03 00:15:10.833 [OP] EFFE inv=FFFE len=1 #3 0b
2026-10-03 00:15:12.982 [EVENT] sock=2528 hEvent=0000099C events=0x0
2026-10-03 00:15:12.982 [EVENT] sock=2528 hEvent=0000099C events=0x21
2026-10-03 00:15:13.115 [OP] 4110 inv=FFFD len=2 #5 212b
2026-10-03 00:15:13.223 [EVENT] sock=2528 hEvent=0000099C events=0x0
2026-10-03 00:15:13.223 [EVENT] sock=2528 hEvent=0000099C events=0x21
2026-10-03 00:15:19.681 [EVENT] sock=2528 hEvent=0000099C events=0x0
2026-10-03 00:15:19.683 [EVENT] sock=2528 hEvent=0000099C events=0x21
2026-10-03 00:15:21.809 [OP] EFFE inv=FFFE len=1 #4 0b
2026-10-03 00:15:23.766 [OP] 4031 inv=FFD8 len=39 #2 47a3c41f805b6451ecdc2b6cb91c363ed8893ca224290a71d546645134222aca668805af48de0b
2026-10-03 00:15:26.591 [SETTLE] exp=1 gold=199367 len=393
2026-10-03 00:15:26.591 [OP] 472A inv=FE76 len=393 #3 d9b4de1faa5b64510bdcfaa32b1f805b64510bdcc4a32b1f805b64510bdcfaa32b1f805b64510bdca1b72b1f805b6451a790faa32b1f805b64510bdcfaa32b1f805b64510bdcfaa32b1f805b64510bdcfaa32b1f805b64510bdcfaa32b1f805b64510bdcfaa32b1f805b64510bdcfaa32b1f805b64510bdcfaa32b1f805b64510bdcfaa32b1f805b64510bdcb5a32b1f2c5b645153dcfaa3731f805bd3580bdc
2026-10-03 00:15:26.677 [OP] 42CE inv=FFFB len=4 #3 c87f510b
2026-10-03 00:15:27.005 [EVENT] sock=2692 hEvent=00000A80 events=0x0
2026-10-03 00:15:27.005 [EVENT] sock=2692 hEvent=00000A80 events=0x21
2026-10-03 00:15:30.444 [PIPE] controller disconnected
2026-10-03 00:15:30.699 [OP] 4100 inv=FFF9 len=6 #4 98aa34f8677f
2026-10-03 00:15:30.793 [OP] 4101 inv=FBFD len=1026 #4 12b252fadb2b1f805b64510b155a4e781f805b64510bdcfaa32b1f805b64510bdcfaa32b1f805b647b0c8b53a32bc9ce5b64510bdcfa86de1f805b64510bdcfaa32b1f805b64238052fa392b1f805b64510bc2a0a32b6d5d5b64da64dcfa33f21f807b81a552155a4e78c8d97b81660bdcfa4e78c8d995a91e2e6974c766e50e5b64510bdcfaa32b39e96e64510bdcfaa3c229805b64510bdcfaa32b1f805b64
2026-10-03 00:15:30.799 [EVENT] sock=2528 hEvent=0000099C events=0x0
2026-10-03 00:15:30.799 [EVENT] sock=2528 hEvent=0000099C events=0x21
2026-10-03 00:15:31.765 [EVENT] sock=2528 hEvent=0000099C events=0x0
2026-10-03 00:15:31.765 [EVENT] sock=2528 hEvent=0000099C events=0x21
2026-10-03 00:15:34.079 [EVENT] sock=2528 hEvent=0000099C events=0x0
2026-10-03 00:15:34.079 [EVENT] sock=2528 hEvent=0000099C events=0x21
2026-10-03 00:15:34.396 [EVENT] sock=2528 hEvent=0000099C events=0x0
2026-10-03 00:15:34.396 [EVENT] sock=2528 hEvent=0000099C events=0x21
2026-10-03 00:15:36.405 [OP] 46FE inv=FFFF len=0 #3 
2026-10-03 00:15:38.276 [OP] EFFE inv=FFFE len=1 #5 0b
2026-10-03 00:15:40.949 [EVENT] sock=2528 hEvent=0000099C events=0x0
2026-10-03 00:15:40.950 [EVENT] sock=2528 hEvent=0000099C events=0x21
2026-10-03 00:15:51.035 [EVENT] sock=2528 hEvent=0000099C events=0x0
2026-10-03 00:15:51.035 [EVENT] sock=2528 hEvent=0000099C events=0x21
2026-10-03 00:15:54.591 [SETTLE] exp=2 gold=199367 len=393
2026-10-03 00:15:54.592 [OP] 472A inv=FE76 len=393 #4 d9b4de1fc75b64510bdcfaa32b1f805b64510bdcc4a32b1f805b64510bdcfaa32b1f805b64510bdca1b72b1f805b6451ef6ffaa32b1f805b64510bdcfaa32b1f805b64510bdcfaa32b1f805b64510bdcfaa32b1f805b64510bdcfaa32b1f805b64510bdcfaa32b1f805b64510bdcfaa32b1f805b64510bdcfaa32b1f805b64510bdcfaa32b1f805b64510bdcb5a32b1f2c5b6451fa6ffaa3ccca805b5c510bdc
2026-10-03 00:15:54.682 [OP] 42CE inv=FFFB len=4 #4 c87f510b
2026-10-03 00:15:56.609 [EVENT] sock=2528 hEvent=0000099C events=0x0
2026-10-03 00:15:56.609 [EVENT] sock=2528 hEvent=0000099C events=0x21
2026-10-03 00:15:56.743 [OP] 4029 inv=FFDF len=32 #1 41cdfc0b2d53a32b1f805b64aa75dcfaa32b1f80847f510b8bc4d92b84809564
2026-10-03 00:15:57.006 [EVENT] sock=2692 hEvent=00000A80 events=0x0
2026-10-03 00:15:57.006 [EVENT] sock=2692 hEvent=00000A80 events=0x21
2026-10-03 00:16:00.683 [OP] 4100 inv=FFF9 len=6 #5 98aa437f417f
2026-10-03 00:16:00.793 [EVENT] sock=2528 hEvent=0000099C events=0x0
2026-10-03 00:16:00.793 [EVENT] sock=2528 hEvent=0000099C events=0x21
2026-10-03 00:16:00.834 [OP] 4101 inv=FC35 len=970 #5 41cdfc0b90faa32b1f805b64a552155aa32b1f805b64510bdcfaa32b1f805b64510bdcfaa32b1f805761b2b2dcfa86de1f805b64510b9d22a32b1f805b64510bdcfaa32b1f807aecfc0b52faa32b1f805b6416ffdcfa222a1f80dffc510bf0b3a32bc8d97b81a552155a4e78c8d96c64510b155a4e78caa0ed3572a47db7854d1f805b64510bdcfae1c229805b64510bdc4e722b1f805b64510bdcfaa32b1f80
2026-10-03 00:16:01.766 [EVENT] sock=2528 hEvent=0000099C events=0x0
2026-10-03 00:16:01.766 [EVENT] sock=2528 hEvent=0000099C events=0x21
2026-10-03 00:16:04.063 [EVENT] sock=2528 hEvent=0000099C events=0x0
2026-10-03 00:16:04.063 [EVENT] sock=2528 hEvent=0000099C events=0x21
2026-10-03 00:16:04.362 [EVENT] sock=2528 hEvent=0000099C events=0x0
2026-10-03 00:16:04.362 [EVENT] sock=2528 hEvent=0000099C events=0x21
2026-10-03 00:16:06.676 [OP] 46FE inv=FFFF len=0 #4 
2026-10-03 00:16:10.943 [EVENT] sock=2528 hEvent=0000099C events=0x0
2026-10-03 00:16:10.943 [EVENT] sock=2528 hEvent=0000099C events=0x21
2026-10-03 00:16:17.803 [SETTLE] exp=2 gold=199367 len=393
2026-10-03 00:16:17.804 [OP] 472A inv=FE76 len=393 #5 d9b4de1fc75b64510bdcfaa32b1f805b64510bdcc4a32b1f805b64510bdcfaa32b1f805b64510bdca1b72b1f805b6451ef6ffaa32b1f805b64510bdcfaa32b1f805b64510bdcfaa32b1f805b64510bdcfaa32b1f805b64510bdcfaa32b1f805b64510bdcfaa32b1f805b64510bdcfaa32b1f805b64510bdcfaa32b1f805b64510bdcfaa32b1f805b64510bdcb5a32b1f1b95645153dcfaa3731f805b5c510bdc
2026-10-03 00:16:17.891 [OP] 42CE inv=FFFB len=4 #5 c87f510b
2026-10-03 00:16:24.983 [EVENT] sock=2528 hEvent=0000099C events=0x0
2026-10-03 00:16:24.985 [EVENT] sock=2528 hEvent=0000099C events=0x21
2026-10-03 00:16:25.963 [EVENT] sock=2528 hEvent=0000099C events=0x0
2026-10-03 00:16:25.964 [EVENT] sock=2528 hEvent=0000099C events=0x21
2026-10-03 00:16:27.007 [EVENT] sock=2692 hEvent=00000A80 events=0x0
2026-10-03 00:16:27.007 [EVENT] sock=2692 hEvent=00000A80 events=0x21
2026-10-03 00:16:28.156 [OP] 4031 inv=FFCD len=50 #3 00fa462b9d805b64510b2c93e6dd8227f8fdf97df8ee2b02527eca6dd785086dd72746340b9193a45cac652b1fc0b1a8420b
2026-10-03 00:16:28.245 [EVENT] sock=2528 hEvent=0000099C events=0x0
2026-10-03 00:16:28.245 [EVENT] sock=2528 hEvent=0000099C events=0x21
2026-10-03 00:16:28.547 [EVENT] sock=2528 hEvent=0000099C events=0x0
2026-10-03 00:16:28.547 [EVENT] sock=2528 hEvent=0000099C events=0x21
2026-10-03 00:16:35.090 [EVENT] sock=2528 hEvent=0000099C events=0x0
2026-10-03 00:16:35.091 [EVENT] sock=2528 hEvent=0000099C events=0x21
2026-10-03 00:16:36.862 [OP] 46FE inv=FFFF len=0 #5 
2026-10-03 00:16:43.700 [SETTLE] exp=2 gold=199367 len=393
2026-10-03 00:16:47.865 [EVENT] sock=2528 hEvent=0000099C events=0x0
2026-10-03 00:16:47.865 [EVENT] sock=2528 hEvent=0000099C events=0x21
2026-10-03 00:16:48.853 [EVENT] sock=2528 hEvent=0000099C events=0x0
2026-10-03 00:16:48.853 [EVENT] sock=2528 hEvent=0000099C events=0x21
2026-10-03 00:16:51.115 [EVENT] sock=2528 hEvent=0000099C events=0x0
2026-10-03 00:16:51.115 [EVENT] sock=2528 hEvent=0000099C events=0x21
2026-10-03 00:16:51.466 [EVENT] sock=2528 hEvent=0000099C events=0x0
2026-10-03 00:16:51.466 [EVENT] sock=2528 hEvent=0000099C events=0x21
2026-10-03 00:16:51.719 [EVENT] sock=2528 hEvent=0000099C events=0x0
2026-10-03 00:16:51.719 [EVENT] sock=2528 hEvent=0000099C events=0x21
2026-10-03 00:16:52.429 [OP] 4031 inv=FFD5 len=42 #4 b70bfafa212b1f805b640063434edc6e994de63354def41d182794eb26a1680bdc39d0349a7150d8ee0b
2026-10-03 00:16:57.007 [EVENT] sock=2692 hEvent=00000A80 events=0x0
2026-10-03 00:16:57.007 [EVENT] sock=2692 hEvent=00000A80 events=0x21
2026-10-03 00:16:57.700 [OP] F005 inv=FFE7 len=24 #3 26b35c3828d7972b1f805b64510bdcfaa3de9b10b41a3d0c
2026-10-03 00:16:57.939 [EVENT] sock=2528 hEvent=0000099C events=0x0
2026-10-03 00:16:57.941 [EVENT] sock=2528 hEvent=0000099C events=0x21
2026-10-03 00:17:07.997 [EVENT] sock=2528 hEvent=0000099C events=0x0
2026-10-03 00:17:07.997 [EVENT] sock=2528 hEvent=0000099C events=0x21
2026-10-03 00:17:08.797 [SETTLE] exp=1 gold=199367 len=403
2026-10-03 00:17:09.685 [EVENT] sock=2528 hEvent=0000099C events=0x0
2026-10-03 00:17:09.685 [EVENT] sock=2528 hEvent=0000099C events=0x21
2026-10-03 00:17:10.092 [OP] 4721 inv=FFF7 len=8 #2 74c2392b1fc39564
2026-10-03 00:17:15.993 [EVENT] sock=2528 hEvent=0000099C events=0x0
2026-10-03 00:17:15.994 [EVENT] sock=2528 hEvent=0000099C events=0x21
2026-10-03 00:17:16.938 [EVENT] sock=2528 hEvent=0000099C events=0x0
2026-10-03 00:17:16.939 [EVENT] sock=2528 hEvent=0000099C events=0x21
2026-10-03 00:17:19.215 [EVENT] sock=2528 hEvent=0000099C events=0x0
2026-10-03 00:17:19.215 [EVENT] sock=2528 hEvent=0000099C events=0x21
2026-10-03 00:17:19.504 [EVENT] sock=2528 hEvent=0000099C events=0x0
2026-10-03 00:17:19.504 [EVENT] sock=2528 hEvent=0000099C events=0x21
2026-10-03 00:17:19.657 [EVENT] sock=2528 hEvent=0000099C events=0x0
2026-10-03 00:17:19.657 [EVENT] sock=2528 hEvent=0000099C events=0x21
2026-10-03 00:17:26.053 [EVENT] sock=2528 hEvent=0000099C events=0x0
2026-10-03 00:17:26.053 [EVENT] sock=2528 hEvent=0000099C events=0x21
2026-10-03 00:17:27.009 [EVENT] sock=2692 hEvent=00000A80 events=0x0
2026-10-03 00:17:27.009 [EVENT] sock=2692 hEvent=00000A80 events=0x21
2026-10-03 00:17:30.344 [OP] 4031 inv=FFDC len=35 #5 775bf151c0dcfaa32b1f36b0eb689350ccce826805987b050bdc39d0349a7150d8ee0b
2026-10-03 00:17:31.511 [SETTLE] exp=2 gold=199367 len=403
2026-10-03 00:17:31.787 [EVENT] sock=2528 hEvent=0000099C events=0x0
2026-10-03 00:17:31.789 [EVENT] sock=2528 hEvent=0000099C events=0x21
2026-10-03 00:17:31.934 [OP] 4721 inv=FFF7 len=8 #3 74c2392b1fc39564
2026-10-03 00:17:33.537 [EVENT] sock=2528 hEvent=0000099C events=0x0
2026-10-03 00:17:33.539 [EVENT] sock=2528 hEvent=0000099C events=0x21
2026-10-03 00:17:33.641 [OP] 4029 inv=FFDF len=32 #2 41cdfc0b2d53a32b1f805b64aa75dcfaa32b1f80f87f510b8bc4d92b8a809564
2026-10-03 00:17:37.719 [EVENT] sock=2528 hEvent=0000099C events=0x0
2026-10-03 00:17:37.720 [EVENT] sock=2528 hEvent=0000099C events=0x21
2026-10-03 00:17:38.701 [EVENT] sock=2528 hEvent=0000099C events=0x0
2026-10-03 00:17:38.701 [EVENT] sock=2528 hEvent=0000099C events=0x21
2026-10-03 00:17:41.027 [EVENT] sock=2528 hEvent=0000099C events=0x0
2026-10-03 00:17:41.027 [EVENT] sock=2528 hEvent=0000099C events=0x21
2026-10-03 00:17:41.272 [EVENT] sock=2528 hEvent=0000099C events=0x0
2026-10-03 00:17:41.273 [EVENT] sock=2528 hEvent=0000099C events=0x21
2026-10-03 00:17:47.872 [EVENT] sock=2528 hEvent=0000099C events=0x0
2026-10-03 00:17:47.872 [EVENT] sock=2528 hEvent=0000099C events=0x21
2026-10-03 00:17:50.496 [SETTLE] exp=2 gold=199367 len=403
2026-10-03 00:17:51.844 [EVENT] sock=2528 hEvent=0000099C events=0x0
2026-10-03 00:17:51.845 [EVENT] sock=2528 hEvent=0000099C events=0x21
2026-10-03 00:17:51.914 [OP] 4721 inv=FFF7 len=8 #4 74c2392b1fc39564
2026-10-03 00:17:54.696 [EVENT] sock=2528 hEvent=0000099C events=0x0
2026-10-03 00:17:54.696 [EVENT] sock=2528 hEvent=0000099C events=0x21
2026-10-03 00:17:55.654 [EVENT] sock=2528 hEvent=0000099C events=0x0
2026-10-03 00:17:55.654 [EVENT] sock=2528 hEvent=0000099C events=0x21
2026-10-03 00:17:57.009 [EVENT] sock=2692 hEvent=00000A80 events=0x0
2026-10-03 00:17:57.009 [EVENT] sock=2692 hEvent=00000A80 events=0x21
2026-10-03 00:17:57.921 [EVENT] sock=2528 hEvent=0000099C events=0x0
2026-10-03 00:17:57.921 [EVENT] sock=2528 hEvent=0000099C events=0x21
2026-10-03 00:17:58.224 [EVENT] sock=2528 hEvent=0000099C events=0x0
2026-10-03 00:17:58.225 [EVENT] sock=2528 hEvent=0000099C events=0x21
2026-10-03 00:18:04.764 [EVENT] sock=2528 hEvent=0000099C events=0x0
2026-10-03 00:18:04.764 [EVENT] sock=2528 hEvent=0000099C events=0x21
2026-10-03 00:18:12.767 [SETTLE] exp=1 gold=199367 len=393
2026-10-03 00:18:22.236 [EVENT] sock=2528 hEvent=0000099C events=0x0
2026-10-03 00:18:22.236 [EVENT] sock=2528 hEvent=0000099C events=0x21
2026-10-03 00:18:23.136 [EVENT] sock=2528 hEvent=0000099C events=0x0
2026-10-03 00:18:23.136 [EVENT] sock=2528 hEvent=0000099C events=0x21
2026-10-03 00:18:23.513 [QUESTION] {"type":"question","sock":2528,"qno":1,"field_a":59,"stem":"以下不属于马的动物？","options":["1、海马","2、赤兔","3、白马","4、红马"]}
2026-10-03 00:18:23.513 [UPGRADE] sock 2528 upgraded to filtered mode at clean frame boundary
2026-10-03 00:18:24.514 [UI] auto dump on question qno=1
2026-10-03 00:18:24.514 [UI] ---- window dump begin (pid 10060) ----
2026-10-03 00:18:24.534 [UI] TOP=001706DA vis=1 cls=ATL:0062F210 rc=(-9,22,1031,829) title=什么什么大冒险2(①逍遥村敬老院)-伏地魔2_Sep 24 2026《什么什么大冒险》制作委员会QQ群:515616289
2026-10-03 00:18:24.535 [UI] TOP=00410550 vis=0 cls=DIEmWin rc=(-1,-1,135,38) title=DIEmWin
2026-10-03 00:18:24.551 [UI] TOP=000D0AD6 vis=0 cls=MSCTFIME UI rc=(0,0,0,0) title=MSCTFIME UI
2026-10-03 00:18:24.568 [UI] TOP=00160846 vis=0 cls=IME rc=(0,0,0,0) title=Default IME
2026-10-03 00:18:24.569 [UI] TOP=0007088E vis=0 cls=IME rc=(0,0,0,0) title=Default IME
2026-10-03 00:18:24.569 [UI] ---- window dump end ----
2026-10-03 00:18:25.384 [MODE] sock=2528 filtered (len=39 flags=0)
2026-10-03 00:18:25.386 [EVENT] sock=2528 hEvent=0000099C events=0x0
2026-10-03 00:18:25.386 [OUT] 1005 inv=FFEF len=20 #1 efff0510a498e62b84c75c640b0b0022a32b1f80
2026-10-03 00:18:25.386 [EVENT] sock=2528 hEvent=0000099C events=0x21
2026-10-03 00:18:25.788 [EVENT] sock=2528 hEvent=0000099C events=0x0
2026-10-03 00:18:25.788 [OUT] 1004 inv=FFF3 len=16 #1 f3ff0410c6b0832b59c7c3642d0b59ae
2026-10-03 00:18:25.788 [EVENT] sock=2528 hEvent=0000099C events=0x21
2026-10-03 00:18:27.009 [EVENT] sock=2692 hEvent=00000A80 events=0x0
2026-10-03 00:18:27.009 [EVENT] sock=2692 hEvent=00000A80 events=0x21
2026-10-03 00:18:28.732 [EVENT] sock=2528 hEvent=0000099C events=0x0
2026-10-03 00:18:28.732 [OUT] 1004 inv=FFF3 len=16 #2 f3ff0410c6b0832b59c7c3642d0b59ae
2026-10-03 00:18:28.732 [EVENT] sock=2528 hEvent=0000099C events=0x21
2026-10-03 00:18:30.000 [OP] 4033 inv=FFE6 len=25 #3 3b1fef5b64510bdcfaa3d44e7c025088487dfaa3490dd5d364
2026-10-03 00:18:32.311 [EVENT] sock=2528 hEvent=0000099C events=0x0
2026-10-03 00:18:32.311 [OUT] 1F51 inv=FFFF len=4 #1 ffff511f
2026-10-03 00:18:32.311 [EVENT] sock=2528 hEvent=0000099C events=0x21
2026-10-03 00:18:41.047 [SETTLE] exp=1 gold=199367 len=403
2026-10-03 00:18:42.042 [EVENT] sock=2528 hEvent=0000099C events=0x0
2026-10-03 00:18:42.042 [OUT] 0048 inv=FFF7 len=12 #1 f7ff4800dcfaa32b1fc39564
2026-10-03 00:18:42.042 [EVENT] sock=2528 hEvent=0000099C events=0x21
2026-10-03 00:18:42.108 [OP] 4721 inv=FFF7 len=8 #5 74c2392b1fc39564
2026-10-03 00:18:45.258 [EVENT] sock=2528 hEvent=0000099C events=0x0
2026-10-03 00:18:45.258 [OUT] 1F51 inv=FFFF len=4 #2 ffff511f
2026-10-03 00:18:45.258 [EVENT] sock=2528 hEvent=0000099C events=0x21
2026-10-03 00:18:46.236 [EVENT] sock=2528 hEvent=0000099C events=0x0
2026-10-03 00:18:46.236 [OUT] 1001 inv=FFF9 len=10 #1 f9ff01101f805b64510b
2026-10-03 00:18:46.236 [EVENT] sock=2528 hEvent=0000099C events=0x21
2026-10-03 00:18:48.774 [EVENT] sock=2528 hEvent=0000099C events=0x0
2026-10-03 00:18:48.774 [OUT] 1005 inv=FFEF len=20 #2 efff0510a498e62b84795c640b0b0022a32b1f80
2026-10-03 00:18:48.774 [EVENT] sock=2528 hEvent=0000099C events=0x21
2026-10-03 00:18:48.963 [EVENT] sock=2528 hEvent=0000099C events=0x0
2026-10-03 00:18:48.969 [OUT] 1004 inv=FFF3 len=16 #3 f3ff0410c6b0832b5979c3642d0b59ae
2026-10-03 00:18:48.969 [EVENT] sock=2528 hEvent=0000099C events=0x21
2026-10-03 00:18:55.360 [EVENT] sock=2528 hEvent=0000099C events=0x0
2026-10-03 00:18:55.360 [OUT] 1F51 inv=FFFF len=4 #3 ffff511f
2026-10-03 00:18:55.360 [EVENT] sock=2528 hEvent=0000099C events=0x21
2026-10-03 00:18:57.010 [EVENT] sock=2692 hEvent=00000A80 events=0x0
2026-10-03 00:18:57.010 [EVENT] sock=2692 hEvent=00000A80 events=0x21
2026-10-03 00:19:05.410 [EVENT] sock=2528 hEvent=0000099C events=0x0
2026-10-03 00:19:05.410 [OUT] 1F51 inv=FFFF len=4 #4 ffff511f
2026-10-03 00:19:05.410 [EVENT] sock=2528 hEvent=0000099C events=0x21
2026-10-03 00:19:07.512 [SETTLE] exp=1 gold=199367 len=393
2026-10-03 00:19:07.601 [OP] 4210 inv=FFF3 len=12 #1 ac0bdcfaf32b1f807aecfc0b
2026-10-03 00:19:09.525 [EVENT] sock=2528 hEvent=0000099C events=0x0
2026-10-03 00:19:09.525 [OUT] 004E inv=FFFA len=9 #1 faff4e00e9580bdcf4
2026-10-03 00:19:09.525 [EVENT] sock=2528 hEvent=0000099C events=0x21
2026-10-03 00:19:09.579 [OP] 4029 inv=FFDF len=32 #3 41cdfc0b2d53a32b1f805b64aa75dcfaa32b1f80f57f510b8bc4d92bf3809564
2026-10-03 00:19:17.541 [EVENT] sock=2528 hEvent=0000099C events=0x0
2026-10-03 00:19:17.541 [OUT] 1F51 inv=FFFF len=4 #5 ffff511f
2026-10-03 00:19:17.541 [EVENT] sock=2528 hEvent=0000099C events=0x21
2026-10-03 00:19:27.011 [EVENT] sock=2692 hEvent=00000A80 events=0x0
2026-10-03 00:19:27.011 [EVENT] sock=2692 hEvent=00000A80 events=0x21
2026-10-03 00:19:27.603 [EVENT] sock=2528 hEvent=0000099C events=0x0
2026-10-03 00:19:27.603 [EVENT] sock=2528 hEvent=0000099C events=0x21
2026-10-03 00:19:37.657 [EVENT] sock=2528 hEvent=0000099C events=0x0
2026-10-03 00:19:37.658 [EVENT] sock=2528 hEvent=0000099C events=0x21
2026-10-03 00:19:44.042 [OP] F005 inv=FFE7 len=24 #4 c2cc763c71faa32b1f805b64510bdcfaa3de9b10e990eeb2
2026-10-03 00:19:44.140 [OP] F005 inv=FFE7 len=24 #5 c2cc763c71faa32b1f805b64510bdcfaa3de9b10e990eeb2
2026-10-03 00:19:47.713 [EVENT] sock=2528 hEvent=0000099C events=0x0
2026-10-03 00:19:47.713 [EVENT] sock=2528 hEvent=0000099C events=0x21
2026-10-03 00:19:57.011 [EVENT] sock=2692 hEvent=00000A80 events=0x0
2026-10-03 00:19:57.011 [EVENT] sock=2692 hEvent=00000A80 events=0x21
2026-10-03 00:19:57.770 [EVENT] sock=2528 hEvent=0000099C events=0x0
2026-10-03 00:19:57.770 [EVENT] sock=2528 hEvent=0000099C events=0x21
2026-10-03 00:20:07.823 [EVENT] sock=2528 hEvent=0000099C events=0x0
2026-10-03 00:20:07.823 [EVENT] sock=2528 hEvent=0000099C events=0x21
2026-10-03 00:20:17.882 [EVENT] sock=2528 hEvent=0000099C events=0x0
2026-10-03 00:20:17.883 [EVENT] sock=2528 hEvent=0000099C events=0x21
2026-10-03 00:20:27.012 [EVENT] sock=2692 hEvent=00000A80 events=0x0
2026-10-03 00:20:27.012 [EVENT] sock=2692 hEvent=00000A80 events=0x21
2026-10-03 00:20:27.944 [EVENT] sock=2528 hEvent=0000099C events=0x0
2026-10-03 00:20:27.944 [EVENT] sock=2528 hEvent=0000099C events=0x21
2026-10-03 00:20:38.003 [EVENT] sock=2528 hEvent=0000099C events=0x0
2026-10-03 00:20:38.004 [EVENT] sock=2528 hEvent=0000099C events=0x21
2026-10-03 00:20:48.065 [EVENT] sock=2528 hEvent=0000099C events=0x0
2026-10-03 00:20:48.066 [EVENT] sock=2528 hEvent=0000099C events=0x21
2026-10-03 00:20:57.013 [EVENT] sock=2692 hEvent=00000A80 events=0x0
2026-10-03 00:20:57.014 [EVENT] sock=2692 hEvent=00000A80 events=0x21
2026-10-03 00:20:58.126 [EVENT] sock=2528 hEvent=0000099C events=0x0
2026-10-03 00:20:58.128 [EVENT] sock=2528 hEvent=0000099C events=0x21
2026-10-03 00:21:08.187 [EVENT] sock=2528 hEvent=0000099C events=0x0
2026-10-03 00:21:08.188 [EVENT] sock=2528 hEvent=0000099C events=0x21
2026-10-03 00:21:18.259 [EVENT] sock=2528 hEvent=0000099C events=0x0
2026-10-03 00:21:18.259 [EVENT] sock=2528 hEvent=0000099C events=0x21
2026-10-03 00:21:27.015 [EVENT] sock=2692 hEvent=00000A80 events=0x0
2026-10-03 00:21:27.015 [EVENT] sock=2692 hEvent=00000A80 events=0x21
2026-10-03 00:21:28.318 [EVENT] sock=2528 hEvent=0000099C events=0x0
2026-10-03 00:21:28.318 [EVENT] sock=2528 hEvent=0000099C events=0x21
2026-10-03 00:21:38.371 [EVENT] sock=2528 hEvent=0000099C events=0x0
2026-10-03 00:21:38.372 [EVENT] sock=2528 hEvent=0000099C events=0x21
2026-10-03 00:21:48.421 [EVENT] sock=2528 hEvent=0000099C events=0x0
2026-10-03 00:21:48.421 [EVENT] sock=2528 hEvent=0000099C events=0x21
2026-10-03 00:21:57.015 [EVENT] sock=2692 hEvent=00000A80 events=0x0
2026-10-03 00:21:57.015 [EVENT] sock=2692 hEvent=00000A80 events=0x21
2026-10-03 00:21:58.494 [EVENT] sock=2528 hEvent=0000099C events=0x0
2026-10-03 00:21:58.494 [EVENT] sock=2528 hEvent=0000099C events=0x21
2026-10-03 00:22:08.555 [EVENT] sock=2528 hEvent=0000099C events=0x0
2026-10-03 00:22:08.556 [EVENT] sock=2528 hEvent=0000099C events=0x21
2026-10-03 00:22:18.610 [EVENT] sock=2528 hEvent=0000099C events=0x0
2026-10-03 00:22:18.610 [EVENT] sock=2528 hEvent=0000099C events=0x21
2026-10-03 00:22:27.015 [EVENT] sock=2692 hEvent=00000A80 events=0x0
2026-10-03 00:22:27.015 [EVENT] sock=2692 hEvent=00000A80 events=0x21
2026-10-03 00:22:28.667 [EVENT] sock=2528 hEvent=0000099C events=0x0
2026-10-03 00:22:28.668 [EVENT] sock=2528 hEvent=0000099C events=0x21
2026-10-03 00:22:38.722 [EVENT] sock=2528 hEvent=0000099C events=0x0
2026-10-03 00:22:38.722 [EVENT] sock=2528 hEvent=0000099C events=0x21
2026-10-03 00:22:48.776 [EVENT] sock=2528 hEvent=0000099C events=0x0
2026-10-03 00:22:48.776 [EVENT] sock=2528 hEvent=0000099C events=0x21
2026-10-03 00:22:57.018 [EVENT] sock=2692 hEvent=00000A80 events=0x0
2026-10-03 00:22:57.019 [EVENT] sock=2692 hEvent=00000A80 events=0x21
2026-10-03 00:22:58.833 [EVENT] sock=2528 hEvent=0000099C events=0x0
2026-10-03 00:22:58.833 [EVENT] sock=2528 hEvent=0000099C events=0x21
2026-10-03 00:23:08.883 [EVENT] sock=2528 hEvent=0000099C events=0x0
2026-10-03 00:23:08.885 [EVENT] sock=2528 hEvent=0000099C events=0x21
2026-10-03 00:23:18.932 [EVENT] sock=2528 hEvent=0000099C events=0x0
2026-10-03 00:23:18.933 [EVENT] sock=2528 hEvent=0000099C events=0x21
2026-10-03 00:23:27.019 [EVENT] sock=2692 hEvent=00000A80 events=0x0
2026-10-03 00:23:27.019 [EVENT] sock=2692 hEvent=00000A80 events=0x21
2026-10-03 00:23:28.983 [EVENT] sock=2528 hEvent=0000099C events=0x0
2026-10-03 00:23:28.983 [EVENT] sock=2528 hEvent=0000099C events=0x21
2026-10-03 00:23:39.302 [EVENT] sock=2528 hEvent=0000099C events=0x0
2026-10-03 00:23:39.302 [EVENT] sock=2528 hEvent=0000099C events=0x21
2026-10-03 00:23:49.360 [EVENT] sock=2528 hEvent=0000099C events=0x0
2026-10-03 00:23:49.363 [EVENT] sock=2528 hEvent=0000099C events=0x21
2026-10-03 00:23:57.021 [EVENT] sock=2692 hEvent=00000A80 events=0x0
2026-10-03 00:23:57.021 [EVENT] sock=2692 hEvent=00000A80 events=0x21
2026-10-03 00:23:59.413 [EVENT] sock=2528 hEvent=0000099C events=0x0
2026-10-03 00:23:59.413 [EVENT] sock=2528 hEvent=0000099C events=0x21
2026-10-03 00:24:09.479 [EVENT] sock=2528 hEvent=0000099C events=0x0
2026-10-03 00:24:09.480 [EVENT] sock=2528 hEvent=0000099C events=0x21
2026-10-03 00:24:19.537 [EVENT] sock=2528 hEvent=0000099C events=0x0
2026-10-03 00:24:19.537 [EVENT] sock=2528 hEvent=0000099C events=0x21
2026-10-03 00:24:27.023 [EVENT] sock=2692 hEvent=00000A80 events=0x0
2026-10-03 00:24:27.023 [EVENT] sock=2692 hEvent=00000A80 events=0x21
2026-10-03 00:24:29.612 [EVENT] sock=2528 hEvent=0000099C events=0x0
2026-10-03 00:24:29.614 [EVENT] sock=2528 hEvent=0000099C events=0x21
2026-10-03 00:24:39.668 [EVENT] sock=2528 hEvent=0000099C events=0x0
2026-10-03 00:24:39.669 [EVENT] sock=2528 hEvent=0000099C events=0x21
2026-10-03 00:24:49.734 [EVENT] sock=2528 hEvent=0000099C events=0x0
2026-10-03 00:24:49.734 [EVENT] sock=2528 hEvent=0000099C events=0x21
2026-10-03 00:24:57.023 [EVENT] sock=2692 hEvent=00000A80 events=0x0
2026-10-03 00:24:57.023 [EVENT] sock=2692 hEvent=00000A80 events=0x21
2026-10-03 00:24:59.806 [EVENT] sock=2528 hEvent=0000099C events=0x0
2026-10-03 00:24:59.806 [EVENT] sock=2528 hEvent=0000099C events=0x21
2026-10-03 00:25:09.902 [EVENT] sock=2528 hEvent=0000099C events=0x0
2026-10-03 00:25:09.903 [EVENT] sock=2528 hEvent=0000099C events=0x21
2026-10-03 00:25:20.138 [EVENT] sock=2528 hEvent=0000099C events=0x0
2026-10-03 00:25:20.138 [EVENT] sock=2528 hEvent=0000099C events=0x21
2026-10-03 00:25:27.023 [EVENT] sock=2692 hEvent=00000A80 events=0x0
2026-10-03 00:25:27.023 [EVENT] sock=2692 hEvent=00000A80 events=0x21
2026-10-03 00:25:30.275 [EVENT] sock=2528 hEvent=0000099C events=0x0
2026-10-03 00:25:30.276 [EVENT] sock=2528 hEvent=0000099C events=0x21
2026-10-03 00:25:40.327 [EVENT] sock=2528 hEvent=0000099C events=0x0
2026-10-03 00:25:40.328 [EVENT] sock=2528 hEvent=0000099C events=0x21
2026-10-03 00:25:50.376 [EVENT] sock=2528 hEvent=0000099C events=0x0
2026-10-03 00:25:50.376 [EVENT] sock=2528 hEvent=0000099C events=0x21
2026-10-03 00:25:57.023 [EVENT] sock=2692 hEvent=00000A80 events=0x0
2026-10-03 00:25:57.024 [EVENT] sock=2692 hEvent=00000A80 events=0x21
2026-10-03 00:26:00.430 [EVENT] sock=2528 hEvent=0000099C events=0x0
2026-10-03 00:26:00.431 [EVENT] sock=2528 hEvent=0000099C events=0x21
2026-10-03 00:26:10.487 [EVENT] sock=2528 hEvent=0000099C events=0x0
2026-10-03 00:26:10.487 [EVENT] sock=2528 hEvent=0000099C events=0x21
2026-10-03 00:26:20.538 [EVENT] sock=2528 hEvent=0000099C events=0x0
2026-10-03 00:26:20.538 [EVENT] sock=2528 hEvent=0000099C events=0x21
2026-10-03 00:26:27.026 [EVENT] sock=2692 hEvent=00000A80 events=0x0
2026-10-03 00:26:27.028 [EVENT] sock=2692 hEvent=00000A80 events=0x21
2026-10-03 00:26:30.592 [EVENT] sock=2528 hEvent=0000099C events=0x0
2026-10-03 00:26:30.592 [EVENT] sock=2528 hEvent=0000099C events=0x21
2026-10-03 00:26:40.644 [EVENT] sock=2528 hEvent=0000099C events=0x0
2026-10-03 00:26:40.644 [EVENT] sock=2528 hEvent=0000099C events=0x21
2026-10-03 00:26:50.703 [EVENT] sock=2528 hEvent=0000099C events=0x0
2026-10-03 00:26:50.704 [EVENT] sock=2528 hEvent=0000099C events=0x21
2026-10-03 00:26:57.029 [EVENT] sock=2692 hEvent=00000A80 events=0x0
2026-10-03 00:26:57.029 [EVENT] sock=2692 hEvent=00000A80 events=0x21
2026-10-03 00:27:00.759 [EVENT] sock=2528 hEvent=0000099C events=0x0
2026-10-03 00:27:00.759 [EVENT] sock=2528 hEvent=0000099C events=0x21
2026-10-03 00:27:10.810 [EVENT] sock=2528 hEvent=0000099C events=0x0
2026-10-03 00:27:10.810 [EVENT] sock=2528 hEvent=0000099C events=0x21
2026-10-03 00:27:20.870 [EVENT] sock=2528 hEvent=0000099C events=0x0
2026-10-03 00:27:20.870 [EVENT] sock=2528 hEvent=0000099C events=0x21
2026-10-03 00:27:27.030 [EVENT] sock=2692 hEvent=00000A80 events=0x0
2026-10-03 00:27:27.030 [EVENT] sock=2692 hEvent=00000A80 events=0x21
2026-10-03 00:27:30.955 [EVENT] sock=2528 hEvent=0000099C events=0x0
2026-10-03 00:27:30.955 [EVENT] sock=2528 hEvent=0000099C events=0x21
2026-10-03 00:27:41.007 [EVENT] sock=2528 hEvent=0000099C events=0x0
2026-10-03 00:27:41.009 [EVENT] sock=2528 hEvent=0000099C events=0x21
2026-10-03 00:27:51.187 [EVENT] sock=2528 hEvent=0000099C events=0x0
2026-10-03 00:27:51.187 [EVENT] sock=2528 hEvent=0000099C events=0x21
2026-10-03 00:27:57.031 [EVENT] sock=2692 hEvent=00000A80 events=0x0
2026-10-03 00:27:57.031 [EVENT] sock=2692 hEvent=00000A80 events=0x21
2026-10-03 00:28:01.241 [EVENT] sock=2528 hEvent=0000099C events=0x0
2026-10-03 00:28:01.243 [EVENT] sock=2528 hEvent=0000099C events=0x21
2026-10-03 00:28:11.292 [EVENT] sock=2528 hEvent=0000099C events=0x0
2026-10-03 00:28:11.292 [EVENT] sock=2528 hEvent=0000099C events=0x21
2026-10-03 00:28:21.343 [EVENT] sock=2528 hEvent=0000099C events=0x0
2026-10-03 00:28:21.344 [EVENT] sock=2528 hEvent=0000099C events=0x21
2026-10-03 00:28:27.031 [EVENT] sock=2692 hEvent=00000A80 events=0x0
2026-10-03 00:28:27.031 [EVENT] sock=2692 hEvent=00000A80 events=0x21
2026-10-03 00:28:31.390 [EVENT] sock=2528 hEvent=0000099C events=0x0
2026-10-03 00:28:31.391 [EVENT] sock=2528 hEvent=0000099C events=0x21
2026-10-03 00:28:41.439 [EVENT] sock=2528 hEvent=0000099C events=0x0
2026-10-03 00:28:41.439 [EVENT] sock=2528 hEvent=0000099C events=0x21
2026-10-03 00:28:51.623 [EVENT] sock=2528 hEvent=0000099C events=0x0
2026-10-03 00:28:51.623 [EVENT] sock=2528 hEvent=0000099C events=0x21
2026-10-03 00:28:57.032 [EVENT] sock=2692 hEvent=00000A80 events=0x0
2026-10-03 00:28:57.033 [EVENT] sock=2692 hEvent=00000A80 events=0x21
2026-10-03 00:29:01.684 [EVENT] sock=2528 hEvent=0000099C events=0x0
2026-10-03 00:29:01.684 [EVENT] sock=2528 hEvent=0000099C events=0x21
2026-10-03 00:29:11.731 [EVENT] sock=2528 hEvent=0000099C events=0x0
2026-10-03 00:29:11.731 [EVENT] sock=2528 hEvent=0000099C events=0x21
2026-10-03 00:29:21.791 [EVENT] sock=2528 hEvent=0000099C events=0x0
2026-10-03 00:29:21.792 [EVENT] sock=2528 hEvent=0000099C events=0x21
2026-10-03 00:29:27.033 [EVENT] sock=2692 hEvent=00000A80 events=0x0
2026-10-03 00:29:27.033 [EVENT] sock=2692 hEvent=00000A80 events=0x21
2026-10-03 00:29:31.839 [EVENT] sock=2528 hEvent=0000099C events=0x0
2026-10-03 00:29:31.840 [EVENT] sock=2528 hEvent=0000099C events=0x21
2026-10-03 00:29:41.889 [EVENT] sock=2528 hEvent=0000099C events=0x0
2026-10-03 00:29:41.890 [EVENT] sock=2528 hEvent=0000099C events=0x21
2026-10-03 00:29:51.954 [EVENT] sock=2528 hEvent=0000099C events=0x0
2026-10-03 00:29:51.954 [EVENT] sock=2528 hEvent=0000099C events=0x21
2026-10-03 00:29:57.033 [EVENT] sock=2692 hEvent=00000A80 events=0x0
2026-10-03 00:29:57.033 [EVENT] sock=2692 hEvent=00000A80 events=0x21
2026-10-03 00:30:02.020 [EVENT] sock=2528 hEvent=0000099C events=0x0
2026-10-03 00:30:02.020 [EVENT] sock=2528 hEvent=0000099C events=0x21
2026-10-03 00:30:12.070 [EVENT] sock=2528 hEvent=0000099C events=0x0
2026-10-03 00:30:12.071 [EVENT] sock=2528 hEvent=0000099C events=0x21
2026-10-03 00:30:22.121 [EVENT] sock=2528 hEvent=0000099C events=0x0
2026-10-03 00:30:22.121 [EVENT] sock=2528 hEvent=0000099C events=0x21
2026-10-03 00:30:27.033 [EVENT] sock=2692 hEvent=00000A80 events=0x0
2026-10-03 00:30:27.033 [EVENT] sock=2692 hEvent=00000A80 events=0x21
2026-10-03 00:30:32.174 [EVENT] sock=2528 hEvent=0000099C events=0x0
2026-10-03 00:30:32.174 [EVENT] sock=2528 hEvent=0000099C events=0x21
2026-10-03 00:30:42.316 [EVENT] sock=2528 hEvent=0000099C events=0x0
2026-10-03 00:30:42.317 [EVENT] sock=2528 hEvent=0000099C events=0x21
2026-10-03 00:30:52.373 [EVENT] sock=2528 hEvent=0000099C events=0x0
2026-10-03 00:30:52.374 [EVENT] sock=2528 hEvent=0000099C events=0x21
2026-10-03 00:30:57.034 [EVENT] sock=2692 hEvent=00000A80 events=0x0
2026-10-03 00:30:57.035 [EVENT] sock=2692 hEvent=00000A80 events=0x21
2026-10-03 00:31:02.432 [EVENT] sock=2528 hEvent=0000099C events=0x0
2026-10-03 00:31:02.432 [EVENT] sock=2528 hEvent=0000099C events=0x21
2026-10-03 00:31:12.484 [EVENT] sock=2528 hEvent=0000099C events=0x0
2026-10-03 00:31:12.485 [EVENT] sock=2528 hEvent=0000099C events=0x21
2026-10-03 00:31:22.530 [EVENT] sock=2528 hEvent=0000099C events=0x0
2026-10-03 00:31:22.531 [EVENT] sock=2528 hEvent=0000099C events=0x21
2026-10-03 00:31:27.042 [EVENT] sock=2692 hEvent=00000A80 events=0x0
2026-10-03 00:31:27.042 [EVENT] sock=2692 hEvent=00000A80 events=0x21
2026-10-03 00:31:32.581 [EVENT] sock=2528 hEvent=0000099C events=0x0
2026-10-03 00:31:32.582 [EVENT] sock=2528 hEvent=0000099C events=0x21
2026-10-03 00:31:42.633 [EVENT] sock=2528 hEvent=0000099C events=0x0
2026-10-03 00:31:42.634 [EVENT] sock=2528 hEvent=0000099C events=0x21
2026-10-03 00:31:53.063 [EVENT] sock=2528 hEvent=0000099C events=0x0
2026-10-03 00:31:53.063 [EVENT] sock=2528 hEvent=0000099C events=0x21
2026-10-03 00:31:57.042 [EVENT] sock=2692 hEvent=00000A80 events=0x0
2026-10-03 00:31:57.042 [EVENT] sock=2692 hEvent=00000A80 events=0x21
2026-10-03 00:32:03.110 [EVENT] sock=2528 hEvent=0000099C events=0x0
2026-10-03 00:32:03.111 [EVENT] sock=2528 hEvent=0000099C events=0x21
2026-10-03 00:32:13.157 [EVENT] sock=2528 hEvent=0000099C events=0x0
2026-10-03 00:32:13.163 [EVENT] sock=2528 hEvent=0000099C events=0x21
2026-10-03 00:32:23.210 [EVENT] sock=2528 hEvent=0000099C events=0x0
2026-10-03 00:32:23.211 [EVENT] sock=2528 hEvent=0000099C events=0x21
2026-10-03 00:32:27.043 [EVENT] sock=2692 hEvent=00000A80 events=0x0
2026-10-03 00:32:27.043 [EVENT] sock=2692 hEvent=00000A80 events=0x21
2026-10-03 00:32:33.842 [EVENT] sock=2528 hEvent=0000099C events=0x0
2026-10-03 00:32:33.843 [EVENT] sock=2528 hEvent=0000099C events=0x21
2026-10-03 00:32:43.903 [EVENT] sock=2528 hEvent=0000099C events=0x0
2026-10-03 00:32:43.905 [EVENT] sock=2528 hEvent=0000099C events=0x21
2026-10-03 00:32:53.961 [EVENT] sock=2528 hEvent=0000099C events=0x0
2026-10-03 00:32:53.961 [EVENT] sock=2528 hEvent=0000099C events=0x21
2026-10-03 00:32:57.043 [EVENT] sock=2692 hEvent=00000A80 events=0x0
2026-10-03 00:32:57.043 [EVENT] sock=2692 hEvent=00000A80 events=0x21
2026-10-03 00:33:04.019 [EVENT] sock=2528 hEvent=0000099C events=0x0
2026-10-03 00:33:04.019 [EVENT] sock=2528 hEvent=0000099C events=0x21
2026-10-03 00:33:14.068 [EVENT] sock=2528 hEvent=0000099C events=0x0
2026-10-03 00:33:14.068 [EVENT] sock=2528 hEvent=0000099C events=0x21
2026-10-03 00:33:24.129 [EVENT] sock=2528 hEvent=0000099C events=0x0
2026-10-03 00:33:24.130 [EVENT] sock=2528 hEvent=0000099C events=0x21
2026-10-03 00:33:27.043 [EVENT] sock=2692 hEvent=00000A80 events=0x0
2026-10-03 00:33:27.043 [EVENT] sock=2692 hEvent=00000A80 events=0x21
2026-10-03 00:33:34.219 [EVENT] sock=2528 hEvent=0000099C events=0x0
2026-10-03 00:33:34.220 [EVENT] sock=2528 hEvent=0000099C events=0x21
2026-10-03 00:33:46.268 [EVENT] sock=2528 hEvent=0000099C events=0x0
2026-10-03 00:33:46.269 [EVENT] sock=2528 hEvent=0000099C events=0x21
2026-10-03 00:33:56.436 [EVENT] sock=2528 hEvent=0000099C events=0x0
2026-10-03 00:33:56.436 [EVENT] sock=2528 hEvent=0000099C events=0x21
2026-10-03 00:33:57.044 [EVENT] sock=2692 hEvent=00000A80 events=0x0
2026-10-03 00:33:57.044 [EVENT] sock=2692 hEvent=00000A80 events=0x21
2026-10-03 00:34:06.489 [EVENT] sock=2528 hEvent=0000099C events=0x0
2026-10-03 00:34:06.490 [EVENT] sock=2528 hEvent=0000099C events=0x21
2026-10-03 00:34:16.547 [EVENT] sock=2528 hEvent=0000099C events=0x0
2026-10-03 00:34:16.548 [EVENT] sock=2528 hEvent=0000099C events=0x21
2026-10-03 00:34:26.605 [EVENT] sock=2528 hEvent=0000099C events=0x0
2026-10-03 00:34:26.606 [EVENT] sock=2528 hEvent=0000099C events=0x21
2026-10-03 00:34:27.044 [EVENT] sock=2692 hEvent=00000A80 events=0x0
2026-10-03 00:34:27.044 [EVENT] sock=2692 hEvent=00000A80 events=0x21
2026-10-03 00:34:36.662 [EVENT] sock=2528 hEvent=0000099C events=0x0
2026-10-03 00:34:36.662 [EVENT] sock=2528 hEvent=0000099C events=0x21
2026-10-03 00:34:46.729 [EVENT] sock=2528 hEvent=0000099C events=0x0
2026-10-03 00:34:46.729 [EVENT] sock=2528 hEvent=0000099C events=0x21
2026-10-03 00:34:56.788 [EVENT] sock=2528 hEvent=0000099C events=0x0
2026-10-03 00:34:56.789 [EVENT] sock=2528 hEvent=0000099C events=0x21
2026-10-03 00:34:57.049 [EVENT] sock=2692 hEvent=00000A80 events=0x0
2026-10-03 00:34:57.050 [EVENT] sock=2692 hEvent=00000A80 events=0x21
2026-10-03 00:35:06.888 [EVENT] sock=2528 hEvent=0000099C events=0x0
2026-10-03 00:35:06.889 [EVENT] sock=2528 hEvent=0000099C events=0x21
2026-10-03 00:35:16.935 [EVENT] sock=2528 hEvent=0000099C events=0x0
2026-10-03 00:35:16.935 [EVENT] sock=2528 hEvent=0000099C events=0x21
2026-10-03 00:35:17.601 [PIPE] controller connected
2026-10-03 00:35:26.984 [EVENT] sock=2528 hEvent=0000099C events=0x0
2026-10-03 00:35:26.986 [EVENT] sock=2528 hEvent=0000099C events=0x21
2026-10-03 00:35:27.051 [EVENT] sock=2692 hEvent=00000A80 events=0x0
2026-10-03 00:35:27.053 [EVENT] sock=2692 hEvent=00000A80 events=0x21
2026-10-03 00:35:37.035 [EVENT] sock=2528 hEvent=0000099C events=0x0
2026-10-03 00:35:37.035 [EVENT] sock=2528 hEvent=0000099C events=0x21
2026-10-03 00:35:41.702 [PIPE] controller disconnected
2026-10-03 00:35:47.085 [EVENT] sock=2528 hEvent=0000099C events=0x0
2026-10-03 00:35:47.085 [EVENT] sock=2528 hEvent=0000099C events=0x21
2026-10-03 00:35:57.054 [EVENT] sock=2692 hEvent=00000A80 events=0x0
2026-10-03 00:35:57.054 [EVENT] sock=2692 hEvent=00000A80 events=0x21
2026-10-03 00:35:57.131 [EVENT] sock=2528 hEvent=0000099C events=0x0
2026-10-03 00:35:57.131 [EVENT] sock=2528 hEvent=0000099C events=0x21
2026-10-03 00:36:07.184 [EVENT] sock=2528 hEvent=0000099C events=0x0
2026-10-03 00:36:07.184 [EVENT] sock=2528 hEvent=0000099C events=0x21
2026-10-03 00:36:17.233 [EVENT] sock=2528 hEvent=0000099C events=0x0
2026-10-03 00:36:17.233 [EVENT] sock=2528 hEvent=0000099C events=0x21
2026-10-03 00:36:27.054 [EVENT] sock=2692 hEvent=00000A80 events=0x0
2026-10-03 00:36:27.054 [EVENT] sock=2692 hEvent=00000A80 events=0x21
2026-10-03 00:36:27.281 [EVENT] sock=2528 hEvent=0000099C events=0x0
2026-10-03 00:36:27.281 [EVENT] sock=2528 hEvent=0000099C events=0x21
2026-10-03 00:36:37.337 [EVENT] sock=2528 hEvent=0000099C events=0x0
2026-10-03 00:36:37.337 [EVENT] sock=2528 hEvent=0000099C events=0x21
2026-10-03 00:36:40.029 [PIPE] controller connected
2026-10-03 00:36:47.390 [EVENT] sock=2528 hEvent=0000099C events=0x0
2026-10-03 00:36:47.390 [EVENT] sock=2528 hEvent=0000099C events=0x21
2026-10-03 00:36:55.481 [EVENT] sock=2692 hEvent=00000A80 events=0x0
2026-10-03 00:36:55.482 [EVENT] sock=2692 hEvent=00000A80 events=0x21
2026-10-03 00:36:56.538 [EVENT] sock=2528 hEvent=0000099C events=0x0
2026-10-03 00:36:56.538 [OUT] 1F04 inv=FFF6 len=13 #1 f6ff041fce1f805bdf510bdcc4
2026-10-03 00:36:56.538 [EVENT] sock=2528 hEvent=0000099C events=0x21
2026-10-03 00:36:56.581 [QUESTION] {"type":"question","sock":2528,"qno":14,"field_a":103,"stem":"当发现有人触电后，抢救他的正确方法是？","options":["1、找个能插的电源","2、给手机充电","3、切断电源","4、也一起触电"]}
2026-10-03 00:36:56.582 [SHIELD] withhold question qno=14 — popup suppressed
2026-10-03 00:36:57.448 [EVENT] sock=2528 hEvent=0000099C events=0x0
2026-10-03 00:36:57.448 [EVENT] sock=2528 hEvent=0000099C events=0x21
2026-10-03 00:36:57.583 [UI] auto dump on question qno=14
2026-10-03 00:36:57.583 [UI] ---- window dump begin (pid 10060) ----
2026-10-03 00:36:57.586 [UI] TOP=001706DA vis=1 cls=ATL:0062F210 rc=(-9,22,1031,829) title=什么什么大冒险2(①逍遥村敬老院)-伏地魔2_Sep 24 2026《什么什么大冒险》制作委员会QQ群:515616289
2026-10-03 00:36:57.586 [UI] TOP=00410550 vis=0 cls=DIEmWin rc=(-1,-1,135,38) title=DIEmWin
2026-10-03 00:36:57.599 [UI] TOP=000D0AD6 vis=0 cls=MSCTFIME UI rc=(0,0,0,0) title=MSCTFIME UI
2026-10-03 00:36:57.600 [UI] TOP=00160846 vis=0 cls=IME rc=(0,0,0,0) title=Default IME
2026-10-03 00:36:57.600 [UI] TOP=0007088E vis=0 cls=IME rc=(0,0,0,0) title=Default IME
2026-10-03 00:36:57.600 [UI] ---- window dump end ----
2026-10-03 00:36:59.156 [SEND-ANSWER] qno=14 opt=2 ret=13 sock=2528
2026-10-03 00:36:59.157 [SHIELD] consumed held question qno=14 after answer
2026-10-03 00:36:59.203 [SYS] 测试通过！
2026-10-03 00:36:59.299 [SYS] 获得了#00FF00#100#FFF692#金币
2026-10-03 00:36:59.300 [CURRENCY] a=199367 b=970242
2026-10-03 00:37:07.662 [EVENT] sock=2528 hEvent=0000099C events=0x0
2026-10-03 00:37:07.663 [EVENT] sock=2528 hEvent=0000099C events=0x21
2026-10-03 00:37:11.688 [EVENT] sock=2528 hEvent=0000099C events=0x0
2026-10-03 00:37:11.688 [EVENT] sock=2528 hEvent=0000099C events=0x21
2026-10-03 00:37:12.676 [EVENT] sock=2528 hEvent=0000099C events=0x0
2026-10-03 00:37:12.676 [OUT] 1001 inv=FFF9 len=10 #2 f9ff01101f805b64510b
2026-10-03 00:37:12.676 [EVENT] sock=2528 hEvent=0000099C events=0x21
2026-10-03 00:37:15.074 [EVENT] sock=2528 hEvent=0000099C events=0x0
2026-10-03 00:37:15.074 [OUT] 1005 inv=FFEF len=20 #3 efff0510a498e62b84c75c640b0b0022a32b1f80
2026-10-03 00:37:15.074 [EVENT] sock=2528 hEvent=0000099C events=0x21
2026-10-03 00:37:15.276 [EVENT] sock=2528 hEvent=0000099C events=0x0
2026-10-03 00:37:15.276 [OUT] 1004 inv=FFF3 len=16 #4 f3ff0410c6b0832b59c7c3642d0b59ae
2026-10-03 00:37:15.276 [EVENT] sock=2528 hEvent=0000099C events=0x21
2026-10-03 00:37:15.495 [EVENT] sock=2528 hEvent=0000099C events=0x0
2026-10-03 00:37:15.495 [OUT] 1004 inv=FFF3 len=16 #5 f3ff0410c6b0832b59c7c3642d0b59ae
2026-10-03 00:37:15.495 [EVENT] sock=2528 hEvent=0000099C events=0x21
2026-10-03 00:37:21.787 [EVENT] sock=2528 hEvent=0000099C events=0x0
2026-10-03 00:37:21.787 [EVENT] sock=2528 hEvent=0000099C events=0x21
2026-10-03 00:37:22.727 [SETTLE] exp=1 gold=199367 len=403
2026-10-03 00:37:23.911 [EVENT] sock=2528 hEvent=0000099C events=0x0
2026-10-03 00:37:23.911 [OUT] 0048 inv=FFF7 len=12 #2 f7ff4800dcfaa32b1fc39564
2026-10-03 00:37:23.911 [EVENT] sock=2528 hEvent=0000099C events=0x21
2026-10-03 00:37:27.055 [EVENT] sock=2692 hEvent=00000A80 events=0x0
2026-10-03 00:37:27.056 [EVENT] sock=2692 hEvent=00000A80 events=0x21
2026-10-03 00:37:30.954 [EVENT] sock=2528 hEvent=0000099C events=0x0
2026-10-03 00:37:30.954 [EVENT] sock=2528 hEvent=0000099C events=0x21
2026-10-03 00:37:31.929 [EVENT] sock=2528 hEvent=0000099C events=0x0
2026-10-03 00:37:31.929 [OUT] 1001 inv=FFF9 len=10 #3 f9ff01101f805b64510b
2026-10-03 00:37:31.929 [EVENT] sock=2528 hEvent=0000099C events=0x21
2026-10-03 00:37:34.226 [EVENT] sock=2528 hEvent=0000099C events=0x0
2026-10-03 00:37:34.226 [OUT] 1005 inv=FFEF len=20 #4 efff0510a498e62b84795c640b0b0022a32b1f80
2026-10-03 00:37:34.227 [EVENT] sock=2528 hEvent=0000099C events=0x21
2026-10-03 00:37:34.696 [EVENT] sock=2528 hEvent=0000099C events=0x0
2026-10-03 00:37:34.697 [EVENT] sock=2528 hEvent=0000099C events=0x21
2026-10-03 00:37:41.001 [EVENT] sock=2528 hEvent=0000099C events=0x0
2026-10-03 00:37:41.001 [EVENT] sock=2528 hEvent=0000099C events=0x21
2026-10-03 00:37:49.989 [SETTLE] exp=2 gold=199367 len=393
2026-10-03 00:37:55.316 [EVENT] sock=2528 hEvent=0000099C events=0x0
2026-10-03 00:37:55.316 [HB-OUT] op=0001 #1 len=4 sock=2528
2026-10-03 00:37:55.316 [EVENT] sock=2528 hEvent=0000099C events=0x21
2026-10-03 00:37:57.059 [EVENT] sock=2692 hEvent=00000A80 events=0x0
2026-10-03 00:37:57.060 [EVENT] sock=2692 hEvent=00000A80 events=0x21
2026-10-03 00:37:57.182 [EVENT] sock=2528 hEvent=0000099C events=0x0
2026-10-03 00:37:57.182 [EVENT] sock=2528 hEvent=0000099C events=0x21
2026-10-03 00:37:58.167 [EVENT] sock=2528 hEvent=0000099C events=0x0
2026-10-03 00:37:58.167 [OUT] 1001 inv=FFF9 len=10 #4 f9ff01101f805b64510b
2026-10-03 00:37:58.167 [EVENT] sock=2528 hEvent=0000099C events=0x21
2026-10-03 00:38:00.392 [EVENT] sock=2528 hEvent=0000099C events=0x0
2026-10-03 00:38:00.393 [OUT] 1005 inv=FFEF len=20 #5 efff0510a498e62b84c75c640b0b0022a32b1f80
2026-10-03 00:38:00.393 [EVENT] sock=2528 hEvent=0000099C events=0x21
2026-10-03 00:38:00.804 [EVENT] sock=2528 hEvent=0000099C events=0x0
2026-10-03 00:38:00.804 [EVENT] sock=2528 hEvent=0000099C events=0x21
2026-10-03 00:38:07.291 [EVENT] sock=2528 hEvent=0000099C events=0x0
2026-10-03 00:38:07.291 [EVENT] sock=2528 hEvent=0000099C events=0x21
2026-10-03 00:38:12.659 [SETTLE] exp=2 gold=199367 len=393
2026-10-03 00:38:16.839 [EVENT] sock=2528 hEvent=0000099C events=0x0
2026-10-03 00:38:16.840 [EVENT] sock=2528 hEvent=0000099C events=0x21
2026-10-03 00:38:17.814 [EVENT] sock=2528 hEvent=0000099C events=0x0
2026-10-03 00:38:17.814 [OUT] 1001 inv=FFF9 len=10 #5 f9ff01101f805b64510b
2026-10-03 00:38:17.814 [EVENT] sock=2528 hEvent=0000099C events=0x21
2026-10-03 00:38:20.138 [EVENT] sock=2528 hEvent=0000099C events=0x0
2026-10-03 00:38:20.139 [EVENT] sock=2528 hEvent=0000099C events=0x21
2026-10-03 00:38:20.574 [EVENT] sock=2528 hEvent=0000099C events=0x0
2026-10-03 00:38:20.574 [EVENT] sock=2528 hEvent=0000099C events=0x21
2026-10-03 00:38:26.935 [EVENT] sock=2528 hEvent=0000099C events=0x0
2026-10-03 00:38:26.937 [EVENT] sock=2528 hEvent=0000099C events=0x21
2026-10-03 00:38:27.061 [EVENT] sock=2692 hEvent=00000A80 events=0x0
2026-10-03 00:38:27.061 [EVENT] sock=2692 hEvent=00000A80 events=0x21
2026-10-03 00:38:32.347 [SETTLE] exp=1 gold=199367 len=393
2026-10-03 00:38:34.378 [EVENT] sock=2528 hEvent=0000099C events=0x0
2026-10-03 00:38:34.378 [OUT] 004E inv=FFFA len=9 #2 faff4e00e9580bdcf4
2026-10-03 00:38:34.380 [EVENT] sock=2528 hEvent=0000099C events=0x21
2026-10-03 00:38:34.479 [OP] 4029 inv=FFDF len=32 #4 41cdfc0b2d53a32b1f805b64aa75dcfaa32b1f80187f510b8bc4d92b3c809564
2026-10-03 00:38:40.574 [EVENT] sock=2528 hEvent=0000099C events=0x0
2026-10-03 00:38:40.575 [EVENT] sock=2528 hEvent=0000099C events=0x21
2026-10-03 00:38:41.502 [EVENT] sock=2528 hEvent=0000099C events=0x0
2026-10-03 00:38:41.502 [EVENT] sock=2528 hEvent=0000099C events=0x21
2026-10-03 00:38:43.824 [EVENT] sock=2528 hEvent=0000099C events=0x0
2026-10-03 00:38:43.824 [EVENT] sock=2528 hEvent=0000099C events=0x21
2026-10-03 00:38:44.114 [EVENT] sock=2528 hEvent=0000099C events=0x0
2026-10-03 00:38:44.114 [EVENT] sock=2528 hEvent=0000099C events=0x21
2026-10-03 00:38:44.257 [EVENT] sock=2528 hEvent=0000099C events=0x0
2026-10-03 00:38:44.257 [EVENT] sock=2528 hEvent=0000099C events=0x21
2026-10-03 00:38:50.649 [EVENT] sock=2528 hEvent=0000099C events=0x0
2026-10-03 00:38:50.651 [EVENT] sock=2528 hEvent=0000099C events=0x21
2026-10-03 00:38:54.738 [SETTLE] exp=2 gold=199367 len=403
2026-10-03 00:38:56.251 [EVENT] sock=2528 hEvent=0000099C events=0x0
2026-10-03 00:38:56.252 [OUT] 0048 inv=FFF7 len=12 #3 f7ff4800dcfaa32b1fc39564
2026-10-03 00:38:56.252 [EVENT] sock=2528 hEvent=0000099C events=0x21
2026-10-03 00:38:57.063 [EVENT] sock=2692 hEvent=00000A80 events=0x0
2026-10-03 00:38:57.063 [EVENT] sock=2692 hEvent=00000A80 events=0x21
2026-10-03 00:39:01.934 [EVENT] sock=2528 hEvent=0000099C events=0x0
2026-10-03 00:39:01.934 [EVENT] sock=2528 hEvent=0000099C events=0x21
2026-10-03 00:39:02.919 [EVENT] sock=2528 hEvent=0000099C events=0x0
2026-10-03 00:39:02.919 [EVENT] sock=2528 hEvent=0000099C events=0x21
2026-10-03 00:39:05.197 [EVENT] sock=2528 hEvent=0000099C events=0x0
2026-10-03 00:39:05.197 [EVENT] sock=2528 hEvent=0000099C events=0x21
2026-10-03 00:39:05.495 [EVENT] sock=2528 hEvent=0000099C events=0x0
2026-10-03 00:39:05.495 [EVENT] sock=2528 hEvent=0000099C events=0x21
2026-10-03 00:39:05.638 [EVENT] sock=2528 hEvent=0000099C events=0x0
2026-10-03 00:39:05.638 [EVENT] sock=2528 hEvent=0000099C events=0x21
2026-10-03 00:39:12.037 [EVENT] sock=2528 hEvent=0000099C events=0x0
2026-10-03 00:39:12.037 [EVENT] sock=2528 hEvent=0000099C events=0x21
2026-10-03 00:39:18.554 [SETTLE] exp=1 gold=199367 len=403
2026-10-03 00:39:20.355 [EVENT] sock=2528 hEvent=0000099C events=0x0
2026-10-03 00:39:20.355 [OUT] 0048 inv=FFF7 len=12 #4 f7ff4800dcfaa32b1fc39564
2026-10-03 00:39:20.355 [EVENT] sock=2528 hEvent=0000099C events=0x21
2026-10-03 00:39:22.738 [EVENT] sock=2528 hEvent=0000099C events=0x0
2026-10-03 00:39:22.738 [EVENT] sock=2528 hEvent=0000099C events=0x21
2026-10-03 00:39:23.713 [EVENT] sock=2528 hEvent=0000099C events=0x0
2026-10-03 00:39:23.713 [EVENT] sock=2528 hEvent=0000099C events=0x21
2026-10-03 00:39:25.962 [EVENT] sock=2528 hEvent=0000099C events=0x0
2026-10-03 00:39:25.963 [EVENT] sock=2528 hEvent=0000099C events=0x21
2026-10-03 00:39:26.361 [EVENT] sock=2528 hEvent=0000099C events=0x0
2026-10-03 00:39:26.361 [EVENT] sock=2528 hEvent=0000099C events=0x21
2026-10-03 00:39:27.064 [EVENT] sock=2692 hEvent=00000A80 events=0x0
2026-10-03 00:39:27.064 [EVENT] sock=2692 hEvent=00000A80 events=0x21
2026-10-03 00:39:32.834 [EVENT] sock=2528 hEvent=0000099C events=0x0
2026-10-03 00:39:32.834 [EVENT] sock=2528 hEvent=0000099C events=0x21
2026-10-03 00:39:42.268 [SETTLE] exp=2 gold=199367 len=403
2026-10-03 00:39:42.452 [EVENT] sock=2528 hEvent=0000099C events=0x0
2026-10-03 00:39:42.454 [OUT] 0048 inv=FFF7 len=12 #5 f7ff4800dcfaa32b1fc39564
2026-10-03 00:39:42.454 [EVENT] sock=2528 hEvent=0000099C events=0x21
2026-10-03 00:39:44.285 [EVENT] sock=2528 hEvent=0000099C events=0x0
2026-10-03 00:39:44.285 [OUT] 004E inv=FFFA len=9 #3 faff4e00e9580bdcf4
2026-10-03 00:39:44.285 [EVENT] sock=2528 hEvent=0000099C events=0x21
2026-10-03 00:39:44.388 [OP] 4029 inv=FFDF len=32 #5 41cdfc0b2d53a32b1f805b64aa75dcfaa32b1f801e7f510b8bc4d92bec809564
2026-10-03 00:39:50.467 [EVENT] sock=2528 hEvent=0000099C events=0x0
2026-10-03 00:39:50.467 [EVENT] sock=2528 hEvent=0000099C events=0x21
2026-10-03 00:39:51.453 [EVENT] sock=2528 hEvent=0000099C events=0x0
2026-10-03 00:39:51.454 [EVENT] sock=2528 hEvent=0000099C events=0x21
2026-10-03 00:39:53.827 [EVENT] sock=2528 hEvent=0000099C events=0x0
2026-10-03 00:39:53.827 [EVENT] sock=2528 hEvent=0000099C events=0x21
2026-10-03 00:39:54.019 [EVENT] sock=2528 hEvent=0000099C events=0x0
2026-10-03 00:39:54.020 [EVENT] sock=2528 hEvent=0000099C events=0x21
2026-10-03 00:39:54.257 [EVENT] sock=2528 hEvent=0000099C events=0x0
2026-10-03 00:39:54.257 [EVENT] sock=2528 hEvent=0000099C events=0x21
2026-10-03 00:39:56.868 [EVENT] sock=2528 hEvent=0000099C events=0x0
2026-10-03 00:39:56.868 [EVENT] sock=2528 hEvent=0000099C events=0x21
2026-10-03 00:39:57.065 [EVENT] sock=2692 hEvent=00000A80 events=0x0
2026-10-03 00:39:57.065 [EVENT] sock=2692 hEvent=00000A80 events=0x21
2026-10-03 00:39:58.297 [EVENT] sock=2692 hEvent=00000A80 events=0x0
2026-10-03 00:39:58.297 [EVENT] sock=2692 hEvent=00000A80 events=0x21
2026-10-03 00:39:59.572 [EVENT] sock=2528 hEvent=0000099C events=0x0
2026-10-03 00:39:59.572 [EVENT] sock=2528 hEvent=0000099C events=0x21
2026-10-03 00:40:00.540 [EVENT] sock=2528 hEvent=0000099C events=0x0
2026-10-03 00:40:00.542 [EVENT] sock=2528 hEvent=0000099C events=0x21
2026-10-03 00:40:04.176 [SETTLE] exp=2 gold=199367 len=403
2026-10-03 00:40:04.530 [EVENT] sock=2528 hEvent=0000099C events=0x0
2026-10-03 00:40:04.531 [EVENT] sock=2528 hEvent=0000099C events=0x21
2026-10-03 00:40:12.458 [EVENT] sock=2528 hEvent=0000099C events=0x0
2026-10-03 00:40:12.458 [EVENT] sock=2528 hEvent=0000099C events=0x21
2026-10-03 00:40:13.404 [EVENT] sock=2528 hEvent=0000099C events=0x0
2026-10-03 00:40:13.405 [EVENT] sock=2528 hEvent=0000099C events=0x21
2026-10-03 00:40:15.608 [EVENT] sock=2528 hEvent=0000099C events=0x0
2026-10-03 00:40:15.608 [EVENT] sock=2528 hEvent=0000099C events=0x21
2026-10-03 00:40:15.944 [EVENT] sock=2528 hEvent=0000099C events=0x0
2026-10-03 00:40:15.946 [EVENT] sock=2528 hEvent=0000099C events=0x21
2026-10-03 00:40:16.145 [EVENT] sock=2528 hEvent=0000099C events=0x0
2026-10-03 00:40:16.145 [EVENT] sock=2528 hEvent=0000099C events=0x21
2026-10-03 00:40:18.813 [EVENT] sock=2528 hEvent=0000099C events=0x0
2026-10-03 00:40:18.813 [EVENT] sock=2528 hEvent=0000099C events=0x21
2026-10-03 00:40:22.520 [EVENT] sock=2528 hEvent=0000099C events=0x0
2026-10-03 00:40:22.520 [EVENT] sock=2528 hEvent=0000099C events=0x21
2026-10-03 00:40:26.100 [SETTLE] exp=1 gold=199367 len=403
2026-10-03 00:40:26.590 [EVENT] sock=2528 hEvent=0000099C events=0x0
2026-10-03 00:40:26.590 [EVENT] sock=2528 hEvent=0000099C events=0x21
2026-10-03 00:40:27.066 [EVENT] sock=2692 hEvent=00000A80 events=0x0
2026-10-03 00:40:27.066 [EVENT] sock=2692 hEvent=00000A80 events=0x21
2026-10-03 00:40:28.121 [EVENT] sock=2528 hEvent=0000099C events=0x0
2026-10-03 00:40:28.122 [OUT] 004E inv=FFFA len=9 #4 faff4e00e9580bdcf4
2026-10-03 00:40:28.122 [EVENT] sock=2528 hEvent=0000099C events=0x21
2026-10-03 00:40:34.312 [EVENT] sock=2528 hEvent=0000099C events=0x0
2026-10-03 00:40:34.312 [EVENT] sock=2528 hEvent=0000099C events=0x21
2026-10-03 00:40:35.267 [EVENT] sock=2528 hEvent=0000099C events=0x0
2026-10-03 00:40:35.268 [EVENT] sock=2528 hEvent=0000099C events=0x21
2026-10-03 00:40:37.573 [EVENT] sock=2528 hEvent=0000099C events=0x0
2026-10-03 00:40:37.574 [EVENT] sock=2528 hEvent=0000099C events=0x21
2026-10-03 00:40:37.872 [EVENT] sock=2528 hEvent=0000099C events=0x0
2026-10-03 00:40:37.873 [EVENT] sock=2528 hEvent=0000099C events=0x21
2026-10-03 00:40:44.384 [EVENT] sock=2528 hEvent=0000099C events=0x0
2026-10-03 00:40:44.384 [EVENT] sock=2528 hEvent=0000099C events=0x21
2026-10-03 00:40:52.008 [SETTLE] exp=2 gold=199367 len=393
2026-10-03 00:40:55.321 [EVENT] sock=2528 hEvent=0000099C events=0x0
2026-10-03 00:40:55.322 [HB-OUT] op=0001 #2 len=4 sock=2528
2026-10-03 00:40:55.322 [EVENT] sock=2528 hEvent=0000099C events=0x21
2026-10-03 00:40:57.066 [EVENT] sock=2692 hEvent=00000A80 events=0x0
2026-10-03 00:40:57.067 [EVENT] sock=2692 hEvent=00000A80 events=0x21
2026-10-03 00:41:00.229 [EVENT] sock=2528 hEvent=0000099C events=0x0
2026-10-03 00:41:00.230 [EVENT] sock=2528 hEvent=0000099C events=0x21
2026-10-03 00:41:01.213 [EVENT] sock=2528 hEvent=0000099C events=0x0
2026-10-03 00:41:01.213 [EVENT] sock=2528 hEvent=0000099C events=0x21
2026-10-03 00:41:03.450 [EVENT] sock=2528 hEvent=0000099C events=0x0
2026-10-03 00:41:03.450 [EVENT] sock=2528 hEvent=0000099C events=0x21
2026-10-03 00:41:03.751 [EVENT] sock=2528 hEvent=0000099C events=0x0
2026-10-03 00:41:03.752 [EVENT] sock=2528 hEvent=0000099C events=0x21
2026-10-03 00:41:10.331 [EVENT] sock=2528 hEvent=0000099C events=0x0
2026-10-03 00:41:10.331 [EVENT] sock=2528 hEvent=0000099C events=0x21
2026-10-03 00:41:18.222 [SETTLE] exp=1 gold=199367 len=403
2026-10-03 00:41:18.786 [EVENT] sock=2528 hEvent=0000099C events=0x0
2026-10-03 00:41:18.786 [EVENT] sock=2528 hEvent=0000099C events=0x21
2026-10-03 00:41:22.430 [EVENT] sock=2528 hEvent=0000099C events=0x0
2026-10-03 00:41:22.430 [EVENT] sock=2528 hEvent=0000099C events=0x21
2026-10-03 00:41:23.396 [EVENT] sock=2528 hEvent=0000099C events=0x0
2026-10-03 00:41:23.396 [EVENT] sock=2528 hEvent=0000099C events=0x21
2026-10-03 00:41:25.663 [EVENT] sock=2528 hEvent=0000099C events=0x0
2026-10-03 00:41:25.663 [EVENT] sock=2528 hEvent=0000099C events=0x21
2026-10-03 00:41:26.013 [EVENT] sock=2528 hEvent=0000099C events=0x0
2026-10-03 00:41:26.014 [EVENT] sock=2528 hEvent=0000099C events=0x21
2026-10-03 00:41:27.067 [EVENT] sock=2692 hEvent=00000A80 events=0x0
2026-10-03 00:41:27.067 [EVENT] sock=2692 hEvent=00000A80 events=0x21
2026-10-03 00:41:32.594 [EVENT] sock=2528 hEvent=0000099C events=0x0
2026-10-03 00:41:32.595 [EVENT] sock=2528 hEvent=0000099C events=0x21
2026-10-03 00:41:38.586 [SETTLE] exp=2 gold=199367 len=403
2026-10-03 00:41:38.849 [EVENT] sock=2528 hEvent=0000099C events=0x0
2026-10-03 00:41:38.850 [EVENT] sock=2528 hEvent=0000099C events=0x21
2026-10-03 00:41:45.765 [EVENT] sock=2528 hEvent=0000099C events=0x0
2026-10-03 00:41:45.765 [EVENT] sock=2528 hEvent=0000099C events=0x21
2026-10-03 00:41:46.752 [EVENT] sock=2528 hEvent=0000099C events=0x0
2026-10-03 00:41:46.752 [EVENT] sock=2528 hEvent=0000099C events=0x21
2026-10-03 00:41:49.076 [EVENT] sock=2528 hEvent=0000099C events=0x0
2026-10-03 00:41:49.076 [EVENT] sock=2528 hEvent=0000099C events=0x21
2026-10-03 00:41:49.376 [EVENT] sock=2528 hEvent=0000099C events=0x0
2026-10-03 00:41:49.376 [EVENT] sock=2528 hEvent=0000099C events=0x21
2026-10-03 00:41:50.959 [EVENT] sock=2528 hEvent=0000099C events=0x0
2026-10-03 00:41:50.960 [EVENT] sock=2528 hEvent=0000099C events=0x21
2026-10-03 00:41:55.844 [EVENT] sock=2528 hEvent=0000099C events=0x0
2026-10-03 00:41:55.845 [EVENT] sock=2528 hEvent=0000099C events=0x21
2026-10-03 00:41:57.067 [EVENT] sock=2692 hEvent=00000A80 events=0x0
2026-10-03 00:41:57.067 [EVENT] sock=2692 hEvent=00000A80 events=0x21
2026-10-03 00:41:58.223 [SETTLE] exp=2 gold=199367 len=393
2026-10-03 00:42:00.242 [EVENT] sock=2528 hEvent=0000099C events=0x0
2026-10-03 00:42:00.242 [OUT] 004E inv=FFFA len=9 #5 faff4e00e9580bdcf4
2026-10-03 00:42:00.242 [EVENT] sock=2528 hEvent=0000099C events=0x21
2026-10-03 00:42:05.447 [EVENT] sock=2528 hEvent=0000099C events=0x0
2026-10-03 00:42:05.447 [EVENT] sock=2528 hEvent=0000099C events=0x21
2026-10-03 00:42:06.390 [EVENT] sock=2528 hEvent=0000099C events=0x0
2026-10-03 00:42:06.390 [EVENT] sock=2528 hEvent=0000099C events=0x21
2026-10-03 00:42:08.619 [EVENT] sock=2528 hEvent=0000099C events=0x0
2026-10-03 00:42:08.619 [EVENT] sock=2528 hEvent=0000099C events=0x21
2026-10-03 00:42:09.021 [EVENT] sock=2528 hEvent=0000099C events=0x0
2026-10-03 00:42:09.021 [EVENT] sock=2528 hEvent=0000099C events=0x21
2026-10-03 00:42:15.522 [EVENT] sock=2528 hEvent=0000099C events=0x0
2026-10-03 00:42:15.523 [EVENT] sock=2528 hEvent=0000099C events=0x21
2026-10-03 00:42:24.622 [CLOSE] main sock 2528 closed
2026-10-03 00:42:27.069 [EVENT] sock=2692 hEvent=00000A80 events=0x0
2026-10-03 00:42:27.070 [EVENT] sock=2692 hEvent=00000A80 events=0x21
2026-10-03 00:42:55.989 [EVENT] sock=2692 hEvent=00000A80 events=0x0
2026-10-03 00:42:55.989 [EVENT] sock=2692 hEvent=00000A80 events=0x21
2026-10-03 00:42:56.034 [NET-E] sock=2692 bypass r=-1 err=10058
2026-10-03 00:49:40.238 [CONNECT] sock 1856 -> port 8484
2026-10-03 00:49:40.294 [EVENT] sock=1856 hEvent=00000728 events=0x10
2026-10-03 00:49:40.295 [EVENT] sock=1856 hEvent=00000728 events=0x21
2026-10-03 00:49:40.295 [EVENT] sock=1856 hEvent=00000728 events=0x0
2026-10-03 00:49:40.296 [EVENT] sock=1856 hEvent=00000728 events=0x21
2026-10-03 00:49:40.572 [MODE] sock=1856 filtered (len=120 flags=0)
2026-10-03 00:49:40.572 [OP] 4002 inv=FF8B len=116 #1 95589c3f40de8d55e253f4e07f674193bf6cac53eca2c98a7628e6712e53f7e0d68a71de603bad80c464510bdcfaa32bd13b5b646244dcfa83931f80807a510b155a4e78c8d97b81510bdcfada2b1f809564510ba7faa32b98aa5b645894dcfadb02074c724ed463dcfaa32b1f805b64510bdcfa
2026-10-03 00:49:41.515 [EVENT] sock=1856 hEvent=00000728 events=0x0
2026-10-03 00:49:41.516 [EVENT] sock=1856 hEvent=00000728 events=0x21
2026-10-03 00:49:41.582 [OP] 4014 inv=FFEA len=21 #1 0cca805bcd510bdc6bb930297c866e517a10e0a32b
2026-10-03 00:49:41.595 [CONNECT] sock 2688 -> port 8485
2026-10-03 00:49:41.650 [EVENT] sock=2688 hEvent=00000AD0 events=0x10
2026-10-03 00:49:41.650 [EVENT] sock=2688 hEvent=00000AD0 events=0x21
2026-10-03 00:49:41.650 [EVENT] sock=2688 hEvent=00000AD0 events=0x0
2026-10-03 00:49:41.650 [MAIN-SOCK] identified game world sock 2688 (WSASend op=F001)
2026-10-03 00:49:41.651 [OUT] F001 inv=FE5F len=260 #1 5ffe01f003caa32b5207c464bc595ab12b21ac805b64510bdcfaa32b1fbcf2c197ddd7faa32b1f805b64510bdcfaa32b1f805b64510bdcfaa32b1f805b64510bdcfaa32b1f805b64510bdcfaa32b1f805b64510bdcfaa32b1f805b64510bdcfaa32b1f805b64510bdcfaa32b1f805b64510bdcfaa32b1f805b64510bdcfaa32b1f805b64510bdcfaa32b1f805b64510bdcfaa32b1f805b64510bdcfaa32b8541213457a07193fbe4b050cbe97fa0e2b07071ace3a904e3a076935b719f415b64510bdcfaa32b1f805b64510bdcfaa32b1f805b64510bdcfaa32b1f805b64510bdcfaa32b1f805b64510bdcfaa32b1f805b64510bdcfaa32b1f805b64510bdcfaa32b1f80
2026-10-03 00:49:41.651 [EVENT] sock=2688 hEvent=00000AD0 events=0x21
2026-10-03 00:49:41.777 [MODE] sock=2688 filtered (len=7168 flags=0)
2026-10-03 00:49:41.777 [NET-E] sock=2688 r=-1 err=10053
2026-10-03 00:49:41.777 [CLOSE] main sock 2688 closed
2026-10-03 00:49:41.782 [CONNECT] sock 3332 -> port 8485
2026-10-03 00:49:41.826 [EVENT] sock=3332 hEvent=00000740 events=0x10
2026-10-03 00:49:41.826 [EVENT] sock=3332 hEvent=00000740 events=0x21
2026-10-03 00:49:41.826 [EVENT] sock=3332 hEvent=00000740 events=0x0
2026-10-03 00:49:41.827 [MAIN-SOCK] identified game world sock 3332 (WSASend op=F001)
2026-10-03 00:49:41.827 [OUT] F001 inv=FE5F len=260 #2 5ffe01f003caa32b5207c464bc595ab12b21ac805b64510bdcfaa32b1fbcf2c197ddd7faa32b1f805b64510bdcfaa32b1f805b64510bdcfaa32b1f805b64510bdcfaa32b1f805b64510bdcfaa32b1f805b64510bdcfaa32b1f805b64510bdcfaa32b1f805b64510bdcfaa32b1f805b64510bdcfaa32b1f805b64510bdcfaa32b1f805b64510bdcfaa32b1f805b64510bdcfaa32b1f805b64510bdcfaa32b8541213457a07193fbe4b050cbe97fa0e2b07071ace3a904e3a076935b719f415b64510bdcfaa32b1f805b64510bdcfaa32b1f805b64510bdcfaa32b1f805b64510bdcfaa32b1f805b64510bdcfaa32b1f805b64510bdcfaa32b1f805b64510bdcfaa32b1f80
2026-10-03 00:49:41.827 [EVENT] sock=3332 hEvent=00000740 events=0x21
2026-10-03 00:49:41.940 [MODE] sock=3332 filtered (len=84 flags=0)
2026-10-03 00:49:41.940 [OP] E001 inv=FFAF len=80 #1 58ece8a3a32b1f80b77cb9b3ebffc88a0c5c5a4da476a3a1c95ee6c51d4d2439242070384597fb57d5b3bf5f24463e3bd83dbc595ab12b21ac6016897110e95497cdc6215b64d6666ffaa32b1f805b64
2026-10-03 00:49:41.941 [EVENT] sock=3332 hEvent=00000740 events=0x0
2026-10-03 00:49:41.941 [OUT] F041 inv=FFE7 len=28 #1 e7ff41f026b35c3828d7fb2b1f805b64510bdcfaa32780b6d9455a0b
2026-10-03 00:49:41.941 [EVENT] sock=3332 hEvent=00000740 events=0x21
2026-10-03 00:49:41.942 [EVENT] sock=3332 hEvent=00000740 events=0x0
2026-10-03 00:49:41.942 [OUT] F003 inv=FFF7 len=12 #1 f7ff03f0101856649865a8d3
2026-10-03 00:49:41.942 [EVENT] sock=3332 hEvent=00000740 events=0x21
2026-10-03 00:49:41.988 [OP] E062 inv=FFCD len=50 #1 9564510bbafa7f3b6c1d985c5579b6947349b2274cf9bc85b1032b25a8ed96784c181874c2d4d0f1d73f332b0b7873baa880
2026-10-03 00:49:41.988 [OP] E062 inv=FFDB len=36 #2 90faa32bee80eecd052a78b83467e8a4f369c5ce4dd0cb56fef33ab76de3b664c159bf80
2026-10-03 00:49:41.988 [OP] E062 inv=FFD6 len=41 #3 ce5b64516edcc0b44bd3a4302774b37803306ed87c542e911708d8c1c6127e0648f7caa14edf3c9780
2026-10-03 00:49:41.988 [OP] E062 inv=FFBD len=66 #4 8bfaa32b2180eecd052a78b83467e8a4f369c56648a6e72307f33ab76d5c192bceebd9b1e97b6f2e14b753eb4b4c723354115f2b04230737be87299ce0ac5c311c80
2026-10-03 00:49:41.988 [OP] E062 inv=FFD2 len=45 #5 aea32b1ffc5b3eaf205bb83467e8a43005939c08e9a1339602fe15472a7ccbe7c0c371aa87299ce0ccce36a780
2026-10-03 00:49:42.029 [OP] E014 inv=FF97 len=104 #1 088880344ba7f764510bdcfaa32b1f805b9f0d5fdc907c2b1056b764f2eb796e352b1f805b64510bdcfaa32b1f805b64510bdcfaa32b1f805b64510bdcfaa32b1f805b64510bdcfaa32b1f805b64510bdcfaa32b1f805b64510bdcfaa32b1f805b64375f1a8a1ebb
2026-10-03 00:49:42.138 [OP] E004 inv=FDCD len=562 #1 610ba1914133409e335513f2dcfaa32b1f805b7ffd0be6faa32b1f805b64580bdcfaa32b1f805b64510b696479020e0f840a2913dcfaa32b1f805b26fdecc4faa32b1f805b64580bdcfaa32b1f805b64510be4ea9330b118f464510bdcfaa32b1f805b6451ec3bfaa32b1f805b647ffd52faa32b1f805b64510b62e250491f805b64510bdcfaa32b1f805b6451ecdcfaa32b1f805b64415f52faa32b1f805b64
2026-10-03 00:50:11.828 [EVENT] sock=3332 hEvent=00000740 events=0x0
2026-10-03 00:50:11.828 [HB-OUT] op=0001 #3 len=4 sock=3332
2026-10-03 00:50:11.828 [EVENT] sock=3332 hEvent=00000740 events=0x21
2026-10-03 00:50:12.983 [EVENT] sock=3332 hEvent=00000740 events=0x0
2026-10-03 00:50:12.983 [HB-OUT] op=F005 #1 len=28 sock=3332
2026-10-03 00:50:12.983 [EVENT] sock=3332 hEvent=00000740 events=0x21
2026-10-03 00:50:13.984 [CLOSE] main sock 3332 closed
2026-10-03 00:50:36.826 [CONNECT] sock 2044 -> port 8484
2026-10-03 00:50:36.890 [EVENT] sock=2044 hEvent=00000794 events=0x10
2026-10-03 00:50:36.890 [EVENT] sock=2044 hEvent=00000794 events=0x21
2026-10-03 00:50:36.891 [EVENT] sock=2044 hEvent=00000794 events=0x0
2026-10-03 00:50:36.891 [EVENT] sock=2044 hEvent=00000794 events=0x21
2026-10-03 00:50:37.171 [MODE] sock=2044 filtered (len=120 flags=0)
2026-10-03 00:50:37.171 [OP] 4002 inv=FF8B len=116 #2 9556fa0c40de8d55e253f4e07f674193bf6cac53eca2c98a7628e6712e53f7e0d68a71de603bad80c464510bdcfaa32bd13b5b646244dcfa83931f80807a510b155a4e78c8d97b81510bdcfada2b1f809564510ba7faa32b98aa5b645894dcfadb02074c724ed463dcfaa32b1f805b64510bdcfa
2026-10-03 00:50:38.222 [EVENT] sock=2044 hEvent=00000794 events=0x0
2026-10-03 00:50:38.223 [EVENT] sock=2044 hEvent=00000794 events=0x21
2026-10-03 00:50:38.294 [OP] 4014 inv=FFEA len=21 #2 0cca805bcd510bdcd54b0b29b7d66e511eb55ba32b
2026-10-03 00:50:38.306 [CONNECT] sock 3444 -> port 8485
2026-10-03 00:50:38.356 [EVENT] sock=3444 hEvent=00000BB4 events=0x10
2026-10-03 00:50:38.356 [EVENT] sock=3444 hEvent=00000BB4 events=0x21
2026-10-03 00:50:38.356 [EVENT] sock=3444 hEvent=00000BB4 events=0x0
2026-10-03 00:50:38.356 [MAIN-SOCK] identified game world sock 3444 (WSASend op=F001)
2026-10-03 00:50:38.356 [OUT] F001 inv=FE5F len=260 #3 5ffe01f003caa32b5207c464bc595ab12b21ac805b64510bdcfaa32b1fbcf2c197ddd7faa32b1f805b64510bdcfaa32b1f805b64510bdcfaa32b1f805b64510bdcfaa32b1f805b64510bdcfaa32b1f805b64510bdcfaa32b1f805b64510bdcfaa32b1f805b64510bdcfaa32b1f805b64510bdcfaa32b1f805b64510bdcfaa32b1f805b64510bdcfaa32b1f805b64510bdcfaa32b1f805b64510bdcfaa32b8541213457a07193fbe4b050cbe97fa0e2b07071ace3a904e3a076935b719f415b64510bdcfaa32b1f805b64510bdcfaa32b1f805b64510bdcfaa32b1f805b64510bdcfaa32b1f805b64510bdcfaa32b1f805b64510bdcfaa32b1f805b64510bdcfaa32b1f80
2026-10-03 00:50:38.357 [EVENT] sock=3444 hEvent=00000BB4 events=0x21
2026-10-03 00:50:38.485 [MODE] sock=3444 filtered (len=84 flags=0)
2026-10-03 00:50:38.485 [OP] E001 inv=FFAF len=80 #2 58ece8a3a32b1f80b77cb9b3ebffc88a0c5c5a4da476a3a1c95ee6c51d4d2439242070384597fb57d5b3bf5f24463e3bd83dbc595ab12b21ac6016897110e95497cdc6215b64d6666ffaa32b1f805b64
2026-10-03 00:50:38.559 [EVENT] sock=3444 hEvent=00000BB4 events=0x0
2026-10-03 00:50:38.559 [OUT] F041 inv=FFE7 len=28 #2 e7ff41f026b35c3828d7fb2b1f805b64510bdcfaa32780b6d9455a0b
2026-10-03 00:50:38.559 [EVENT] sock=3444 hEvent=00000BB4 events=0x21
2026-10-03 00:50:38.559 [EVENT] sock=3444 hEvent=00000BB4 events=0x0
2026-10-03 00:50:38.559 [OUT] F003 inv=FFF7 len=12 #2 f7ff03f01018566498fc8dd3
2026-10-03 00:50:38.559 [EVENT] sock=3444 hEvent=00000BB4 events=0x21
2026-10-03 00:50:38.634 [OP] E014 inv=FF97 len=104 #2 088880344ba7f764510bdcfaa32b1f805b64510bdcfaa32b1f805b64510bdcfaa32b1f805b64510bdcfaa32b1f805b64510bdcfaa32b1f805b64510bdcfaa32b1f805b64510bdcfaa32b1f805b64510bdcfaa32b1f805b64510bdcfaa32b1f805b64425f0301c2bb
2026-10-03 00:50:38.724 [OP] E004 inv=FDCD len=562 #2 610ba1914133409e335513f2dcfaa32b1f805b7ffd0be6faa32b1f805b64580bdcfaa32b1f805b64510b696479020e0f840a2913dcfaa32b1f805b26fdecc4faa32b1f805b64580bdcfaa32b1f805b64510be4ea9330b118f464510bdcfaa32b1f805b6451ec3bfaa32b1f805b647ffd52faa32b1f805b64510b62e250491f805b64510bdcfaa32b1f805b6451ecdcfaa32b1f805b64415f52faa32b1f805b64
2026-10-03 00:50:50.138 [EVENT] sock=3444 hEvent=00000BB4 events=0x0
2026-10-03 00:50:50.138 [HB-OUT] op=F005 #2 len=28 sock=3444
2026-10-03 00:50:50.138 [EVENT] sock=3444 hEvent=00000BB4 events=0x21
2026-10-03 00:50:50.189 [NET-E] sock=3444 r=-1 err=10058
2026-10-03 00:50:50.189 [CLOSE] main sock 3444 closed
2026-10-03 00:50:52.186 [CLOSE] main sock 4294967295 closed
2026-10-03 00:50:52.354 [CLOSE] main sock 4294967295 closed
2026-10-03 00:50:52.782 [CLOSE] main sock 4294967295 closed
2026-10-03 00:50:52.782 [CLOSE] main sock 4294967295 closed
2026-10-03 00:50:52.838 [INIT] dll unloaded
