2026-10-02 23:14:54.212 [INIT] dll loaded, pid=16392
2026-10-02 23:14:54.213 [INIT] codec loaded OK
2026-10-02 23:14:54.213 [INIT] iat hooks: recv=1 send=1 WSASend=1 connect=1 closesocket=1
2026-10-02 23:15:06.050 [PIPE] controller connected
2026-10-02 23:15:18.056 [CONNECT] main sock 2512 -> 8484
2026-10-02 23:15:18.107 [OUT] 0FFF inv=FBC6 len=260 #1 c6fbff0f61975ee409edcd1f805b64510bdcfaa32ba5805b64fb0bdcfaa32b1f80de3d051ee17e0fc81f805b64510bdcfa572b1f80ba64510bdcfaa32b1760d22a3012c186a32b1f805b64510b36faa32b2d805b64510bdcfa2a306ea3f779e3fcdcfaa32b1f805b64510bdcfaa32b1f805b64510bdcfaa32b1f805b64510bdcfaa32b1f805bbb3ca07aad5b2b69805b3e580bdcfaa3d91f805ba9510bdcf1493c69a4a5ef79db7acced52b60a9564510bdcc6a87684b69564510bdcfaa32b1f805bf7ed79a5ce087769b987497930424eed33f0df956404893653770f5abc1e10510bdcfaa32b1f805b640b0bdcfa5f2b1f805b64510b45d35e4dd069ad00510bdcfaa3
2026-10-02 23:15:18.366 [OP] 4007 inv=FFE6 len=25 #1 8aa5521502a32b1f9e549bf911d4d51f31bc869805ade308fa
2026-10-02 23:15:20.539 [CLOSE] main sock 2512 closed
2026-10-02 23:15:23.004 [CONNECT] main sock 2516 -> 8484
2026-10-02 23:15:23.055 [OUT] 0FFF inv=FBC6 len=260 #2 c6fbff0f61975ee409edcd1f805b64510bdcfaa32ba5805b64fb0bdcfaa32b1f800b7b5191e17e0fc81f805b64510bdcfa212b1f802264510bdcfaa32ba8e45bb63012c186a32b1f805b64510b5efaa32bd5805b64510bdcfa2a306ea3f779e3fcdcfaa32b1f805b64510bdcfaa32b1f805b64510bdcfaa32b1f805b64510bdcfaa32b1f805b04ab8a719397afb0285b3e580bdcfaa3bb1f805ba9510bdcf1493c69a4a5ef79db7acced52b60a9564510bdcc6a87684b69564510bdcfaa32b1f805bf7ed79a5ce087769b987497930424eed33f0df956404893653770f5abc1e10510bdcfaa32b1f805b640b0bdcfa5f2b1f805b64510b381da3d3d069ad00510bdcfaa3
2026-10-02 23:15:23.417 [OP] 4002 inv=FF8B len=116 #1 9556fa0cd728c3cd58d4294f85da40ec76714a41a01be3a0e2938d0b8541da89aba0acb08b3bad80c464510bdcfaa32bd13b5b646244dcfa83931f80807a510b155a4e78c8d97b81510bdcfada2b1f809564510ba7faa32b98aa5b645894dcfadb02074c724ed410dcfaa32b1f805b64510bdcfa
2026-10-02 23:15:24.397 [OUT] 0004 inv=FDD2 len=260 #1 d2fd04000cdcfaa3355ad665c4180bdcfaa32b1f805b6451d5dcfaa3321f805b64510bdc45dd2bc15eccda440bdcfaa32b1f805bb0510bdc84a32b1f805b6451dd9ffa080afa54b764510bdcfaa32b1f775b645182dcfaa32b1f805b0e480b4cfaa32b1f805b64510bdcfaa3671f805bb5510bdcfaa32b1f7dcd74fc9f1de2395151b4c464510bdcfaa32b1f43fc4d18f468c58175c65b9f34abfc1154bfdb4572f74b426711de51714553ec64510bdcfaa32b1f805b64510bdcfaa32b1f805b64510bdcfaa32b1f805b64510bdcfaa32b1f805b64510bdcfaa32b1f805b64510bdcfaa32b1f805b64510bdcfaa32b1f805b64510bdcfaa32b1f805b64510bdcfaa32b1f
2026-10-02 23:15:24.479 [OP] 4014 inv=FFEA len=21 #1 0cca805bcd510bdcfaf7322950e14e0ee9ace7db2b
2026-10-02 23:15:24.479 [CLOSE] main sock 2516 closed
2026-10-02 23:15:24.541 [OUT] F001 inv=FE5F len=260 #1 5ffe01f003caa32b7207c464bc595ab12b219f805b64510bdcfaa32b1fbcf2c197ddd3faa32b1f805b64510bdcfaa32b1f805b64510bdcfaa32b1f805b64510bdcfaa32b1f805b64510bdcfaa32b1f805b64510bdcfaa32b1f805b64510bdcfaa32b1f805b64510bdcfaa32b1f805b64510bdcfaa32b1f805b64510bdcfaa32b1f805b64510bdcfaa32b1f805b64510bdcfaa32b1f805b64510bdcfaa32bc6e3b110909468debf378528fc0418f5e93a8a30d650214fdcf5110b133045725b64510bdcfaa32b1f805b64510bdcfaa32b1f805b64510bdcfaa32b1f805b64510bdcfaa32b1f805b64510bdcfaa32b1f805b64510bdcfaa32b1f805b64510bdcfaa32b1f80
2026-10-02 23:15:24.666 [OP] E001 inv=FFAF len=80 #1 580be8a3a32b1f80b77cb9b3ebffc88a0c5c5a4da476a3a1c95ee6c51d4d2439242070384597fb57d5b3bf5f24463e3bd83dbc595ab12b219f6016897110e95497cd4a215b64d6666ffaa32b1f805b64
2026-10-02 23:15:24.756 [OP] E062 inv=FFCD len=50 #1 9564510bbafa7f3b6c1d985c5579b6947349b2274cf9bc85b1032b25a8ed96784c181874c2d4d0f1d73f332b0b7873baa880
2026-10-02 23:15:24.756 [OP] E062 inv=FFDB len=36 #2 90faa32bee80eecd052a78b83467e8a4f369c5ce4dd0cb56fef33ab76de3b664c159bf80
2026-10-02 23:15:24.756 [OP] E062 inv=FFD6 len=41 #3 ce5b64516edcc0b44bd3a4302774b37803306ed87c542e911708d8c1c6127e0648f7caa14edf3c9780
2026-10-02 23:15:24.756 [OP] E062 inv=FFBD len=66 #4 8bfaa32b2180eecd052a78b83467e8a4f369c56648a6e72307f33ab76d5c192bceebd9b1e97b6f2e14b753eb4b4c723354115f2b04230737be87299ce0ac5c311c80
2026-10-02 23:15:24.756 [OP] E062 inv=FFD2 len=45 #5 aea32b1ffc5b3eaf205bb83467e8a43005939c08e9a1339602fe15472a7ccbe7c0c371aa87299ce0ccce36a780
2026-10-02 23:15:25.242 [OUT] F041 inv=FFE7 len=28 #1 e7ff41f026b35c3828d7512b1f805b64510bdcfaa32b1f805b64510b
2026-10-02 23:15:25.242 [OUT] F003 inv=FFF7 len=12 #1 f7ff03f038ed24646a14d7a4
2026-10-02 23:15:25.290 [OP] E014 inv=FF97 len=104 #1 088880344ba7f464510bdcfaa32b1f805b64510b19b5a5bb4f55cf64b3e564fae82b1f805b64510bdcfaa32b1f805b64510bdcfaa32b1f805b64510bdcfaa32b1f805b64510bdcfaa32b1f805b64510bdcfaa32b1f805b64510bdcfaa32b1f805b64fb5fa28ca5bb
2026-10-02 23:15:25.340 [OP] E004 inv=FD05 len=762 #1 7c0ba1914133409e335513f2dcfaa32b1f805b7ffd0be6faa32b1f805b64580bdcfaa32b1f805b64510b696479020e0f840a2913dcfaa32b1f805b26fdecc4faa32b1f805b64580bdcfaa32b1f805b64510be4ea9330b118f464510bdcfaa32b1f805b6451ec3bfaa32b1f805b647ffd52faa32b1f805b64510b62e250491f805b64510bdcfaa32b1f805b6451ecdcfaa32b1f805b64415f52faa32b1f805b64
2026-10-02 23:15:35.353 [OP] EFFE inv=FFFE len=1 #1 0b
2026-10-02 23:15:46.362 [OP] EFFE inv=FFFE len=1 #2 0b
2026-10-02 23:15:56.512 [CLOSE] main sock 2700 closed
2026-10-02 23:16:47.307 [CLOSE] main sock 4294967295 closed
2026-10-02 23:16:47.403 [CLOSE] main sock 4294967295 closed
2026-10-02 23:16:47.813 [CLOSE] main sock 4294967295 closed
2026-10-02 23:16:47.813 [CLOSE] main sock 4294967295 closed
2026-10-02 23:16:47.841 [INIT] dll unloaded
