2026-10-01 20:14:13.350 [INIT] dll loaded, pid=25564
2026-10-01 20:14:13.350 [INIT] codec loaded OK
2026-10-01 20:14:13.350 [INIT] iat hooks: recv=1 send=1 WSASend=1 connect=1 closesocket=1
2026-10-01 20:14:14.331 [OP] 4105 inv=FFFE len=1 #1 c0
2026-10-01 20:14:14.331 [OP] 4104 inv=FFFB len=4 #1 18671f77
2026-10-01 20:14:14.331 [OP] 4105 inv=FFFE len=1 #2 af
2026-10-01 20:14:14.331 [OP] 4104 inv=FFFB len=4 #2 b9671fe7
2026-10-01 20:14:14.333 [OUT] 1005 inv=FFEF len=20 #1 efff0510a498f85397c75c640b0b0022a32b1f80
2026-10-01 20:14:14.433 [OP] 4106 inv=FFFC len=3 #1 e546ed
2026-10-01 20:14:14.433 [OP] 4110 inv=FFFD len=2 #1 212b
2026-10-01 20:14:14.535 [OP] 4106 inv=FFFC len=3 #2 b1fdcb
2026-10-01 20:14:14.637 [OP] 4105 inv=FFFE len=1 #3 0c
2026-10-01 20:14:14.639 [OP] 4104 inv=FFFB len=4 #3 cead1f10
2026-10-01 20:14:14.643 [OUT] 1004 inv=FFF3 len=16 #1 f3ff0410da76632b59c7c3642d0b59ae
2026-10-01 20:14:14.688 [OP] 4109 inv=FE7B len=388 #1 74c2392bca800d53510bdcfaa32b1f809564510b02faccce2980076ffc0b66faf82b1f8017cd510b5253a32b1fc75b6451ecdcfa4b531f802164510bdcfaa32b1f805b64e4ecdcfaccff9f875b64510ba506a32bca805b64dfb2dcfa39c4ca805b64510bdcfaa32bca805b64dfb2dcfa39c459805b64510bdcc4a32bca805b64dfb2dcfa39c4ad805b64510bdcfaa32bca805b64dfb2dcfa39c49d805b64510b
2026-10-01 20:14:14.771 [OP] 4106 inv=FFFD len=2 #3 a3c4
2026-10-01 20:14:14.771 [OP] 4110 inv=FFFD len=2 #2 612b
2026-10-01 20:14:14.771 [OP] 4111 inv=FFFD len=2 #1 c064
2026-10-01 20:14:14.771 [OP] 4112 inv=FFFD len=2 #1 dcc4
2026-10-01 20:14:14.771 [OP] 4104 inv=FFFA len=5 #4 e956a3c1aa
2026-10-01 20:14:14.771 [OP] 4104 inv=FFFA len=5 #5 e956a3c1c7
2026-10-01 20:14:17.556 [OP] 4105 inv=FFFE len=1 #4 d0
2026-10-01 20:14:17.747 [OP] 4109 inv=FDFF len=512 #2 5207c464580b8b25a3531f805b64510b6ffaa32ba580ea7f0b0b0022fd24e7809564510baeaea32b9de79564517fdcfaa3531f8062df510b06faa32b1f805b64510bdcfa71531f80df64510bdcfaa32b1f805b64580bdcfab6ce1f801c7a0e0bdcc4a32b1faa5b645decdcfac42b1f805b64510bdcfaa32bca805b645fc4dcfafdcbad805bdf510bdcc4a32bb6aa5b64710bdcfaa32b1f805b64510b6ffaa32b
2026-10-01 20:14:17.845 [OP] 4111 inv=FFFD len=2 #2 a164
2026-10-01 20:14:18.800 [PIPE] controller connected
2026-10-01 20:14:19.140 [OP] 4109 inv=FE3F len=448 #3 74c2392bca801cdd51ecdcfaa32b1f809564510be6fa8fdea580ea7fb2755efaf82b1f80a76f510b8bc6f82b1fc75b64510f71e84b531f809964510bdcfaa32b1f805b645decdcfad82b1f805b64510bdcfaa32bca805b645fc4dcfafded59805bdf510bdcc4a32bb6aa5b64230bdcfaa32b1f805b64510b6ffaa32bb7ef5b64b2c052faa3531f805bdf510b25c4a32b67805b64510bdcfaa32b1f809564510b
2026-10-01 20:14:19.240 [OP] 4111 inv=FFFD len=2 #3 5764
2026-10-01 20:14:19.242 [OP] 4112 inv=FFFD len=2 #2 52c4
2026-10-01 20:14:20.560 [OP] 4105 inv=FFFE len=1 #5 b2
2026-10-01 20:14:20.777 [OP] 4109 inv=FE83 len=380 #4 12b252faf82bad8c5b64510bdcfaa32bca805b642d0b59ae722b6fefc464310b6ffaa32bf4075b64fcfd6ffaa3531f805bb652b2afc4a32b6e805b64510bdcfaa32b1f809564510b3fc2a32badca946451ecdcfaa3531f80e5df510b5989515d1f805b6479c9dcfaf82b1f8017cd510b529ffd2b1f805b6451ecdcfa70bb1f80c5cd510b52faf82b1faa94648fecdcfacdbb1f805b64510bdcfaa32bfa4e5b64
2026-10-01 20:14:20.877 [OP] 4106 inv=FFFD len=2 #4 a37c
2026-10-01 20:14:20.877 [OP] 4111 inv=FFFD len=2 #4 27df
2026-10-01 20:14:20.877 [OP] 4112 inv=FFFD len=2 #3 6fc4
2026-10-01 20:14:20.877 [OP] 4112 inv=FFFD len=2 #4 90c4
2026-10-01 20:14:20.877 [OP] 4112 inv=FFFD len=2 #5 8bc4
2026-10-01 20:14:21.245 [OUT] 1F51 inv=FFFF len=4 #1 ffff511f
2026-10-01 20:14:21.296 [OP] 4F52 inv=FFFF len=0 #1 
2026-10-01 20:14:25.457 [OP] 472A inv=FE6C len=403 #1 d9b4de1fc75b64510bdcfaa32b1f805b64510bdcc4a32b1f805b64510bdcfaa32b1f805b64510bdca1b72b1f805b645183dcfaa32b1f805b64510bdcfaa32b1f805b64510bdcfaa32b1f805b64510bdcfaa32b1f805b64510bdcfaa32b1f805b64510bdcfaa32b1f805b64510bdcfaa32b1f805b64510bdcfaa32b1f805b64510bdcfaa32b1f805b64510bdc3cf82b1f23956451c36ffaa3deca805bc9580bdc
2026-10-01 20:14:25.552 [OP] 42CE inv=FFFB len=4 #1 c87f510b
2026-10-01 20:14:25.552 [OP] 4211 inv=FFF6 len=9 #1 aa5b6451af3e22a34a
2026-10-01 20:14:25.552 [OP] 4211 inv=FFF6 len=9 #2 aa5b6451cd3e22a34a
2026-10-01 20:14:25.552 [OP] 4211 inv=FFF6 len=9 #3 aa5b6451c03e22a34a
2026-10-01 20:14:25.648 [OP] 4211 inv=FFF6 len=9 #4 aa5b645134a722a34a
2026-10-01 20:14:25.776 [OP] 47C0 inv=FFEA len=21 #1 51cac7632831ecdc51ab0503967fd9580bdbb29625
2026-10-01 20:14:25.776 [OP] 47C0 inv=FFF3 len=12 #2 0253ca967fd9580bdbb29625
2026-10-01 20:14:25.777 [OP] 47C0 inv=FFF3 len=12 #3 0253cae8add9580b030ef125
2026-10-01 20:14:25.777 [OP] 47C0 inv=FFEA len=21 #4 51cac7b5da31ecdce2879f03a9add9580b6e47f1cc
2026-10-01 20:14:25.777 [OP] 47C0 inv=FFF3 len=12 #5 0253caa9add9580b6e47f1cc
2026-10-01 20:14:26.032 [OUT] 0048 inv=FFF7 len=12 #1 f7ff4800dcfaa32b1fc99564
2026-10-01 20:14:26.079 [OP] 4721 inv=FFF7 len=8 #1 74c2392b1fc99564
2026-10-01 20:14:27.477 [OUT] 004E inv=FFFA len=9 #1 faff4e00e9580bdcf4
2026-10-01 20:14:27.581 [OP] 4029 inv=FFDF len=32 #1 41cdfc0bedcaa32b1f805b64aa75dcfaa32b1f80af7f510b8bc47a2b3d809564
2026-10-01 20:14:31.893 [OP] 46FE inv=FFFF len=0 #1 
2026-10-01 20:14:32.223 [OP] EFFE inv=FFFE len=1 #1 0b
2026-10-01 20:14:32.691 [OP] 4100 inv=FFF9 len=6 #1 98aa075367cd
2026-10-01 20:14:32.782 [OP] 4101 inv=FC6D len=914 #1 603bad809464510bdcfaa32bc8d97b81510bdcfaa32b1f805b64510bdcfaa32b1f805b64510bdcfa21c49d4e5b649fecdcfaa32b1f80acdf510bdcfaa32b1f805b64510bdcfa4d5dad80c464510b8bfaa32b55925b648e90dcfac27f1f80c831510b155a4e78c8d97b81a552155acb2b1f807b81a5526f30c2d41e5f3c93191edcfaa32b1f805b64dfae02faa32b1f805bd82d0bdcfaa32b1f805b64510bdcfa
2026-10-01 20:14:32.916 [OUT] 1F51 inv=FFFF len=4 #2 ffff511f
2026-10-01 20:14:32.964 [OP] 4F52 inv=FFFF len=0 #2 
2026-10-01 20:14:33.771 [OUT] 1001 inv=FFF9 len=10 #1 f9ff01101f805b64510b
2026-10-01 20:14:33.898 [OP] 4108 inv=FFE3 len=28 #1 5207c464510bdcfa2153c8d9d8f8510bce4051421f805b64510bdcfa
2026-10-01 20:14:33.998 [OP] 4108 inv=FFE3 len=28 #2 5207c464510bdcfa4d531f80d8f8510bce4051ed1f805b64510bdcfa
2026-10-01 20:14:33.999 [OP] 4108 inv=FFF3 len=12 #3 74c2392b1f805b64510bdcfa
2026-10-01 20:14:33.999 [OP] 4108 inv=FFF3 len=12 #4 74c2392b1f805b64580b155a
2026-10-01 20:14:33.999 [OP] 4108 inv=FFF3 len=12 #5 74c2392b1f805b640e0bdcfa
2026-10-01 20:14:36.066 [OUT] 1005 inv=FFEF len=20 #2 efff0510a498f85397c75c640b0b0022a32b1f80
2026-10-01 20:14:36.163 [OP] 4106 inv=FFFC len=3 #5 e546ed
2026-10-01 20:14:36.163 [OP] 4110 inv=FFFD len=2 #3 212b
2026-10-01 20:14:36.374 [OUT] 1004 inv=FFF3 len=16 #2 f3ff0410da76632b59c7c3642d0b59ae
2026-10-01 20:14:36.423 [OP] 4109 inv=FE1B len=484 #5 5207c464580b8fc2a32b1f805b64510b6ffaa32b2980076f2d0b59ae392b8a809564510b3fc2a32bad105b6451ecdcfaa32b1f8062df510b40faa32b1f805b64510bdcfaf82b1f8017cd510b5253f82b1f805b645152155af82b1f8017cd510b5253db2b1f805b645152155af82b1f8017cd510b5253392b1f805b645101dcfaf82b1f8017cd510b5253fd2b1faa5b6451445efaa8531f80076e5280dcfaa32b
2026-10-01 20:14:36.508 [OP] 4110 inv=FFFD len=2 #4 612b
2026-10-01 20:14:36.508 [OP] 4111 inv=FFFD len=2 #5 c064
2026-10-01 20:14:42.241 [OP] EFFE inv=FFFE len=1 #2 0b
2026-10-01 20:14:42.939 [OP] 472A inv=FE6C len=403 #2 d9b4de1faa5b64510bdcfaa32b1f805b64510bdce8a32b1f805b64510bdcfaa32b1f805b64510bdca1b72b1f805b645183dcfaa32b1f805b64510bdcfaa32b1f805b64510bdcfaa32b1f805b64510bdcfaa32b1f805b64510bdcfaa32b1f805b64510bdcfaa32b1f805b64510bdcfaa32b1f805b64510bdcfaa32b1f805b64510bdcfaa32b1f805b64510bdc3cf82b1f1b9564513e6ffaa3deca805b7f580bdc
2026-10-01 20:14:43.042 [OP] 42CE inv=FFFB len=4 #2 c87f510b
2026-10-01 20:14:43.042 [OP] 4211 inv=FFF6 len=9 #5 aa5b6451af3e22a34a
2026-10-01 20:14:44.138 [OUT] 0048 inv=FFF7 len=12 #2 f7ff4800dcfaa32b1fc99564
2026-10-01 20:14:44.286 [OP] 4721 inv=FFF7 len=8 #2 74c2392b1fc99564
2026-10-01 20:14:50.073 [OP] 4100 inv=FFF9 len=6 #2 98aad108875f
2026-10-01 20:14:50.260 [OP] 4101 inv=FC6D len=914 #2 603bad809464510bdcfaa32bc8d97b81510bdcfaa32b1f805b64510bdcfaa32b1f805b64510bdcfa21c49d4e5b649fecdcfaa32b1f80acdf510bdcfaa32b1f805b64510bdcfa4d5dad80c464510b8bfaa32b55925b648e90dcfac27f1f80c831510b155a4e78c8d97b81a552155acb2b1f807b81a5526f30c2d41e5f3c93191edcfaa32b1f805b645dae02faa32b1f805bd82d0bdcfaa32b1f805b64510bdcfa
2026-10-01 20:14:50.320 [OUT] 1F51 inv=FFFF len=4 #3 ffff511f
2026-10-01 20:14:50.365 [OP] 4F52 inv=FFFF len=0 #3 
2026-10-01 20:14:51.148 [OUT] 1001 inv=FFF9 len=10 #2 f9ff01101f805b64510b
2026-10-01 20:14:53.410 [OUT] 1005 inv=FFEF len=20 #3 efff0510a498f85397c75c640b0b0022a32b1f80
2026-10-01 20:14:53.509 [OP] 4110 inv=FFFD len=2 #5 212b
2026-10-01 20:14:53.725 [OUT] 1004 inv=FFF3 len=16 #3 f3ff0410da76632b59c7c3642d0b59ae
2026-10-01 20:14:53.859 [OP] F005 inv=FFE7 len=24 #1 26b35c3828d7fb2b1f805b64510bdcfaa3de1f80c7c08535
2026-10-01 20:14:53.964 [OP] F005 inv=FFE7 len=24 #2 ed3572a4e10f854d1f805b64510bdcfaa3de1f8028a14db2
2026-10-01 20:15:00.388 [OUT] 1F51 inv=FFFF len=4 #4 ffff511f
2026-10-01 20:15:00.434 [OP] 4F52 inv=FFFF len=0 #4 
2026-10-01 20:15:02.030 [OP] 46FE inv=FFFF len=0 #2 
2026-10-01 20:15:04.270 [OP] EFFE inv=FFFE len=1 #3 0b
2026-10-01 20:15:04.514 [OP] 472A inv=FE76 len=393 #3 d9b4de1faa5b64510bdcfaa32b1f805b64510bdcc4a32b1f805b64510bdcfaa32b1f805b64510bdca1b72b1f805b64513edcfaa32b1f805b64510bdcfaa32b1f805b64510bdcfaa32b1f805b64510bdcfaa32b1f805b64510bdcfaa32b1f805b64510bdcfaa32b1f805b64510bdcfaa32b1f805b64510bdcfaa32b1f805b64510bdcfaa32b1f805b64510bdc22f82b1fc4956451f16ffaa391ca805b7f580bdc
2026-10-01 20:15:04.601 [OP] 42CE inv=FFFB len=4 #3 c87f510b
2026-10-01 20:15:06.564 [OUT] 004E inv=FFFA len=9 #2 faff4e00e9580bdce8
2026-10-01 20:15:06.623 [OP] 4029 inv=FFDF len=32 #2 41cdfc0bac9fa32b1f805b64db7fdcfaa32b1f809464510b90c47a2bee809564
2026-10-01 20:15:10.619 [OP] 4100 inv=FFF9 len=6 #3 98aa7708b60c
2026-10-01 20:15:10.784 [OUT] 1F51 inv=FFFF len=4 #5 ffff511f
2026-10-01 20:15:10.828 [OP] 4F52 inv=FFFF len=0 #5 
2026-10-01 20:15:10.924 [OP] 4101 inv=FBFD len=1026 #3 12b252fadb2b1f805b64510b155a4e781f805b64510bdcfaa32b1f805b64510bdcfaa32b1f805b647b0c8b53a32b88aa5b64510bdcfa10531f805b64510bdcfaa32b1f805b64418052fa392b1f801c64510bbba0a32b6d5d5b641e2bdcfa6ff51f807b81a552155a4e78c8d97b81f00bdcfa4e78c8d995a91e2e6974a6f2e50e5b64510bdcfaa32b1fe96e64510bdcfaa3c229805b64510bdcfaa32b1f805b64
2026-10-01 20:15:11.660 [OUT] 1001 inv=FFF9 len=10 #3 f9ff01101f805b64510b
2026-10-01 20:15:14.009 [OUT] 1005 inv=FFEF len=20 #4 efff0510a498f85397795c640b0b0022a32b1f80
2026-10-01 20:15:14.284 [OP] EFFE inv=FFFE len=1 #4 0b
2026-10-01 20:15:14.302 [OUT] 1004 inv=FFF3 len=16 #4 f3ff0410da76632b5979c3642d0b59ae
2026-10-01 20:15:14.437 [OUT] 1004 inv=FFF3 len=16 #5 f3ff0410da76632b5979c3642d0b59ae
2026-10-01 20:15:21.869 [OP] 472A inv=FE6C len=403 #4 d9b4de1faa5b64510bdcfaa32b1f805b64510bdcc4a32b1f805b64510bdcfaa32b1f805b64510bdca1b72b1f805b6451a790faa32b1f805b64510bdcfaa32b1f805b64510bdcfaa32b1f805b64510bdcfaa32b1f805b64510bdcfaa32b1f805b64510bdcfaa32b1f805b64510bdcfaa32b1f805b64510bdcfaa32b1f805b64510bdcfaa32b1f805b64510bdc7af82b1f1b9564513e6ffaa391ca805bd3580bdc
2026-10-01 20:15:22.005 [OP] 42CE inv=FFFB len=4 #4 c87f510b
2026-10-01 20:15:22.504 [OUT] 0048 inv=FFF7 len=12 #3 f7ff4800dcfaa32b1fc99564
2026-10-01 20:15:22.625 [OP] 4721 inv=FFF7 len=8 #3 74c2392b1fc99564
2026-10-01 20:15:24.035 [OP] 40A0 inv=FFBB len=68 #1 41cdfc0b6ffa392b69605b6439ecdcfadb4ac3548a70b10543bbea0232805b64510bdcfaa32b1f805b64510bdcfaa32b1f805b64510bdcfaa32b1f8007dff1fd59c49a7c
2026-10-01 20:15:26.026 [OP] 4100 inv=FFF9 len=6 #4 98aa327faab2
2026-10-01 20:15:26.120 [OP] 4101 inv=FBC5 len=1082 #4 603bad809464510bdcfaa32bc8d97b81510bdcfaa32b1f805b64510bdcfaa32b1f805b64510bdcfa21c49dca5b649fecdcfaa32b1f80acdf510bdcfaa32b1f805b64510bdcfa4d5dad80c464510b8bfaa32b55925b648e90dcfac27f1f80c831510b155a4e78c8d97b81a552155acb2b1f807b81a5526f30c2d41e5f3c93191edcfaa32b1f805b64dfae02faa32b1f805bd82d0bdcfaa32b1f805b64510bdcfa
2026-10-01 20:15:27.108 [OUT] 1001 inv=FFF9 len=10 #4 f9ff01101f805b64510b
2026-10-01 20:15:29.362 [OUT] 1005 inv=FFEF len=20 #5 efff0510a498f85397795c640b0b0022a32b1f80
2026-10-01 20:15:32.238 [OP] 46FE inv=FFFF len=0 #3 
2026-10-01 20:15:32.319 [OP] EFFE inv=FFFE len=1 #5 0b
2026-10-01 20:15:43.893 [OP] 472A inv=FE6C len=403 #5 d9b4de1fc75b64510bdcfaa32b1f805b64510bdce8a32b1f805b64510bdcfaa32b1f805b64510bdca1b72b1f805b6451a790faa32b1f805b64510bdcfaa32b1f805b64510bdcfaa32b1f805b64510bdcfaa32b1f805b64510bdcfaa32b1f805b64510bdcfaa32b1f805b64510bdcfaa32b1f805b64510bdcfaa32b1f805b64510bdcfaa32b1f805b64510bdc22f82b1fce956451d06ffaa3deca805b7f580bdc
2026-10-01 20:15:43.999 [OP] 42CE inv=FFFB len=4 #5 c87f510b
2026-10-01 20:15:44.639 [OUT] 0048 inv=FFF7 len=12 #4 f7ff4800dcfaa32b1fc99564
2026-10-01 20:15:44.706 [OP] 4721 inv=FFF7 len=8 #4 74c2392b1fc99564
2026-10-01 20:15:45.916 [OUT] 004E inv=FFFA len=9 #3 faff4e00e9580bdcf4
2026-10-01 20:15:46.001 [OP] 4029 inv=FFDF len=32 #3 41cdfc0bedcaa32b1f805b64aa75dcfaa32b1f808b7f510b8bc47a2b73809564
2026-10-01 20:15:47.010 [OP] 4100 inv=FFF9 len=6 #5 98aae2f8b0b2
2026-10-01 20:15:47.095 [OP] 4101 inv=FC6D len=914 #5 603bad809464510bdcfaa32bc8d97b81510bdcfaa32b1f805b64510bdcfaa32b1f805b64510bdcfa21c49d4e5b649fecdcfaa32b1f80acdf510bdcfaa32b1f805b64510bdcfa4d5dad80c464510b8bfaa32b55925b648e90dcfac27f1f80c831510b155a4e78c8d97b81a552155acb2b1f807b81a5526f30c2d41e5f3c93191edcfaa32b1f805b6451ae02faa32b1f805bd82d0bdcfaa32b1f805b64510bdcfa
2026-10-01 20:15:48.085 [OUT] 1001 inv=FFF9 len=10 #5 f9ff01101f805b64510b
2026-10-01 20:16:02.523 [OP] 46FE inv=FFFF len=0 #4 
2026-10-01 20:16:10.536 [OP] F005 inv=FFE7 len=24 #3 26b35c3828d7512b1f805b64510bdcfaa3de8f1091f419b2
2026-10-01 20:16:30.877 [OUT] 0048 inv=FFF7 len=12 #5 f7ff4800dcfaa32b1fc99564
2026-10-01 20:16:31.029 [OP] 4721 inv=FFF7 len=8 #5 74c2392b1fc99564
2026-10-01 20:16:32.860 [OP] 46FE inv=FFFF len=0 #5 
2026-10-01 20:16:37.891 [OP] F005 inv=FFE7 len=24 #4 26b35c3828d7512b1f805b64510bdcfaa3ce8e0791f419b2
2026-10-01 20:17:13.669 [OUT] 004E inv=FFFA len=9 #4 faff4e00e9580bdcf4
2026-10-01 20:17:13.752 [OP] 4029 inv=FFDF len=32 #4 41cdfc0bedcaa32b1f805b64aa75dcfaa32b1f80f87f510b8bc47a2b74809564
2026-10-01 20:17:36.004 [OP] 40A0 inv=FFBB len=68 #2 41cdfc0b6ffa462b16605b6439ecdcfadb4ac3548a70b10541bbea0232805b64510bdcfaa32b1f805b64510bdcfaa32b1f805b64510bdcfaa32b1f806408c4ecfbe04853
2026-10-01 20:17:36.004 [OP] 4613 inv=FEBD len=322 #1 0d7de4bf6fe0a3d4c3c786d2dead6a43ba5330df95c8ff1f118cfc53caaa956451ec6fc4f880291c1c965894dce8892b1f795bdf580b6aef6febd9d54666510bdc13a84cca4f5b8d7a75b2b96fc1621c555382539049b553b931068a83ae195bf853caaa5b6458ec6fc4a2060a127cdfc20b90c79f2b6280956451d5088880344ba75b6451ee0370f8d91fa93cf858246f57ff93caaa07870ee3cbe835b959aa
2026-10-01 20:17:36.004 [OP] 4613 inv=FEBD len=322 #2 0d7de4bf6fe0a3d4c3c786d2dead6a43ba5330df95c8ff1f118cfc53caaa956451ec6fc4f880291c1c965894dce8a32b1f795bdf580b6aef6febd9d54666510bdc13a84cca4f5b8d7a75b2b96fc1621c555382539049b553b931068a83ae195bf853caaa5b6458ec6fc4a2060a127cdfc20b90faa32b6280956451d5088880344ba75b6451ee0370f8d91fa93cf858246f57ff93caaa07870ee3cbe835b959aa
2026-10-01 20:17:39.968 [OP] 40A0 inv=FFBB len=68 #3 41cdfc0b6ffadb2b6e605b6439ecdcfadb4ac3548a70b10541bbea0232805b64510bdcfaa32b1f805b64510bdcfaa32b1f805b64510bdcfaa32b1f80ec6f5a0be2aed02b
2026-10-01 20:17:51.516 [OP] 4612 inv=FFEF len=16 #1 c464510b07c2392bb507c464408052fa
2026-10-01 20:17:51.517 [OP] 4612 inv=FFF3 len=12 #2 90faa32bb507c464408052fa
2026-10-01 20:17:51.517 [OP] 4612 inv=FFF7 len=8 #3 ca805b64408052fa
2026-10-01 20:17:52.517 [OP] 4612 inv=FFF3 len=12 #4 90faa32b2e87c4640db252fa
2026-10-01 20:17:52.517 [OP] 4612 inv=FFF7 len=8 #5 ca805b640db252fa
2026-10-01 20:18:04.170 [OUT] 004E inv=FFFA len=9 #5 faff4e00e9580bdc22
2026-10-01 20:18:04.286 [OP] 4029 inv=FFDF len=32 #5 41cdfc0bb653a32b1f805b646cd5dcfaa32b1f80b87f510b52c4a32b41809464
2026-10-01 20:18:04.286 [OP] 4613 inv=FEBD len=322 #3 0d7de4bf6fe0a3d4c3c786d2dead6a43ba5330df95c8ff1f118cfc53caaa956451ec6fc4f805ec0cc4965894dce8202b1f4f5bdf580b6aef6febd9d54666510bdc13a84cca4f5b8d7a75b2b96fc1621c555382539049b553b931068a83ae195bf853caaa5b6458ec6fc40abb6cce7cdfc20b90e0a32b6280956451d5088880344ba75b6451ee0370f8d91fa93cf858246f57ff93caaa07870ee3cbe835b959aa
2026-10-01 20:18:04.286 [OP] 4613 inv=FEBD len=322 #4 0d7de4bf6fe0a3d4c3c786d2dead6a43ba5330df95c8ff1f118cfc53caaa956451ec6fc4f805ec0cc4965894dce8a32b1f4f5bdf580b6aef6febd9d54666510bdc13a84cca4f5b8d7a75b2b96fc1621c555382539049b553b931068a83ae195bf853caaa5b6458ec6fc40abb6cce7cdfc20b90faa32b6280956451d5088880344ba75b6451ee0370f8d91fa93cf858246f57ff93caaa07870ee3cbe835b959aa
2026-10-01 20:18:09.865 [OP] F005 inv=FFE7 len=24 #5 ed3572a4e10f854d1f805b64510bdcfaa3cef40728a14db2
2026-10-01 20:18:25.440 [OP] 40A0 inv=FF7F len=128 #4 41cdfc0b90fa462b81605b6439ecdcfadb4ac3548a70b105d3bbea0232805b64510bdcfaa32b1f805b64510bdcfaa32b1f805b64510bdcfaa32b1f80b3f875ecc2e88e538e125b64637fdcfadb4a329abdea13f2dcfaa32b1f805b64510bdcfaa32b1f805b64510bdcfaa32b1f805b64510bdcfaa32b1f8039f80dd0d9e8f0de
2026-10-01 20:18:25.440 [OP] 4613 inv=FEBD len=322 #5 0d7de4bf6fe0a3d4c3c786d2dead6a43ba5330df95c8ff1f118cfc53caaa956451ec6fc4f8b8344c1c965894dce8a32b1fce5bdf580b6aef6febd9d54666510bdc13a84cca4f5b8d7a75b2b96fc1621c555382539049b553b931068a83ae195bf853caaa5b6458ec6fc4d34a9c127cdfc20b90c45b2b6280956451d5088880344ba75b6451ee0370f8d91fa93cf858246f57ff93caaa07870ee3cbe835b959aa
2026-10-01 20:20:00.159 [SYS] #00FFFF#国庆节特别活动“红旗飘飘贺国庆”#00FF00#正式开启#00FFFF#，冒险者可以在逍遥西的#FF0000#大冒险活动官#00FFFF#处参加活动，收集喜庆用品装饰旗台，赢取丰富的属性及道具奖励，幸运的冒险者还将得到#FF0000#稀有奖励#FFFFFF#！
2026-10-01 20:22:20.552 [OP] 4707 inv=FFF3 len=12 #1 603bad80a1ecfc0b17faa32b
2026-10-01 20:22:21.605 [OP] 4018 inv=FFF0 len=15 #1 966b7f515ca722a39259079464510b
2026-10-01 20:28:52.677 [QUESTION] {"type":"question","sock":2240,"qno":1,"field_a":59,"stem":"以下不属于马的动物？","options":["1、海马","2、赤兔","3、白马","4、红马"]}
2026-10-01 20:28:53.681 [UI] auto dump on question qno=1
2026-10-01 20:28:53.682 [UI] ---- window dump begin (pid 25564) ----
2026-10-01 20:28:53.691 [UI] TOP=00050786 vis=1 cls=ATL:012FF210 rc=(193,106,1233,913) title=什么什么大冒险2(①逍遥村敬老院)-伏地魔2_Sep 24 2026《什么什么大冒险》制作委员会QQ群:515616289
2026-10-01 20:28:53.693 [UI] TOP=000A075C vis=0 cls=DIEmWin rc=(-1,-1,135,38) title=DIEmWin
2026-10-01 20:28:53.708 [UI] TOP=001D010A vis=0 cls=MSCTFIME UI rc=(0,0,0,0) title=MSCTFIME UI
2026-10-01 20:28:53.731 [UI] TOP=00250E60 vis=0 cls=IME rc=(0,0,0,0) title=Default IME
2026-10-01 20:28:53.731 [UI] TOP=001105CA vis=0 cls=IME rc=(0,0,0,0) title=Default IME
2026-10-01 20:28:53.732 [UI] ---- window dump end ----
2026-10-01 20:28:56.106 [SEND-ANSWER] qno=1 opt=0 ret=13 sock=2240
2026-10-01 20:28:56.154 [SYS] 测试通过！
2026-10-01 20:28:56.247 [SYS] 获得了#00FF00#100#FFF692#金币
2026-10-01 20:28:56.247 [CURRENCY] a=199367 b=989402
2026-10-01 20:28:57.917 [UI] auto-closing quiz frame: qno=1 opt=0
2026-10-01 20:29:21.375 [OUT] 1F04 inv=FFF6 len=13 #1 f6ff041fce1f805bdf510bdc22
2026-10-01 20:30:40.559 [SYS] #ff0000#您已进入野外区域，可能遭遇玩家间的自由对战，请注意安全！#ffffff#
2026-10-01 20:30:40.651 [OP] 4202 inv=FFEF len=16 #1 d5ecdcfab42b1f806adf510be4c4a32b
2026-10-01 20:30:40.651 [OP] 4055 inv=FFF7 len=8 #1 41cdfc0bdcfaa32b
2026-10-01 20:30:40.651 [OP] 40E0 inv=FED1 len=302 #1 12b252fac37c1f805b64510b03faa32b1f805b6437fddcfaa32b1f8012f8510bdcfaa32baca05b64fc0bdcfa392b1f804864510ba7e8a32bad805b64d70bdcfaed2b1f80f6df510bc1e8a32b2c805b64eaf8dcfad6531f806c64510b78c4a32b998c5b64b6ecdcfa732b1f800d64510b8ffaa32b1f805b64510bdcfaa32b1f805b64510bdcfaa32b1f805b64430bdcfaa32b1f805b64510bdcfaa32b1f805b64
2026-10-01 20:30:40.651 [OP] 40E3 inv=FFD3 len=44 #1 12b252fa312b1f80b164610b33fabc2be080956445ec6ffabf5384809fdf0b0b0022202b01cec464edd090fa
2026-10-01 20:30:40.651 [OP] 40E2 inv=FFF3 len=12 #1 41cdfc0b6f8bb42b45809564
2026-10-01 20:30:40.652 [OP] 4232 inv=FF60 len=159 #1 22afd0dce0a32b1f4f5b645127dcfaa3de1f805b6f510bdc1c462b1f805b64510bdcfaa32b1f805b64510bdcfaa32b1f805b64510bdcfaa3599d805b64510bdcb7f82b1f805b6451fb8bfaa32b1f805b4e580bdcfaa32b1f227a64519c52faa3edad805b7c510bdc25a32b1fef5b6451c4dcfaa3d4ad805bbc510bdc6ba32b1f0a5b64510bdcfaa32cd672eca2d661e2b05b931f805b64510bdcfaa32b1f80
2026-10-01 20:30:40.653 [OP] 4232 inv=FF60 len=159 #2 22afd0dce0a32b1f4e5b6451b2dcfaa3321f805b08510bdc7e232b1f805b64510bdcfaa32b1f805b64510bdcfaa32b1f805b64510bdcfaa386a5805b64510bdcef392b1f805b645118e6faa32b1f805b06b20bdcfaa32b1f332364515090faa3b834805b6b510bdcbaa32b1fef5b6451c4dcfaa30ca5805b02510bdcb5a32b1fd35b64510bdcfaa32cd672eca2d61ee2b05bde1f805bdf510bdcfaa32b1f80
2026-10-01 20:30:40.653 [OP] 4232 inv=FF60 len=159 #3 22afd0dc25a32b1fca5b64513ddcfaa36b1f805b08510bdc95572b1f805b64510bdcfaa32b1f805b64510bdcfaa32b1f805b64510bdcfaa36c8a805b64510bdc2a202b1f805b64514066faa32b1f805b1d830bdcfaa32b1f97d064512e52faa33f8a805bcd580bdc06a32b1fef5b6451c4dcfaa3ea3c805bf1580bdcb2db2b1f239564510bdcfaa32cd6724852d6dea1b05b4aca8095f8510bdcfaa32b1f80
2026-10-01 20:30:40.654 [OP] 401B inv=FEF3 len=268 #1 41cdfc0b8bfaa32b0f805b64b4b252fada2b1f802964510b606ea32b1f805b64135fdcfaa32b1f80e9df510bdcfaa32be6c75b64510bdcfa16876c842d43520bdcfaa32b1f805b64517fdcfa603bad803564510b68faa32b45ca5b64510bdcfac37c1f805b64510b03faa32b1f805b64db7fdcfaa32b1f8026b35c3828d7fb2b1f805b64510bdcfaa32b1f80baecfc0bddfaa32bab805b6403c4dcfaa32b1f80
2026-10-01 20:30:40.745 [OP] 40A0 inv=FF07 len=248 #5 41cdfc0b8b0e392b5e605b6439ecdcfadb4ac3548a70b105cd97600e1f805b64510bdcfaa32b1f805b64510bdcfaa32b1f805b64510bdcfaa32b1f8030dfced078c4b1deef125b64e07fdcfadb4ae4f1245d510bdcfaa32b1f805b64510bdcfaa32b1f805b64510bdcfaa32b1f805b64510bdcfaa32b1f806bf84bd0a7e8fcde6fce5b64a9d0dcfadb4a402fed6d510bdcfaa32b1f805b64510bdcfaa32b1f80
2026-10-01 20:30:40.820 [OUT] 0185 inv=FFF7 len=12 #1 f7ff8501dcfaa32bc8d97b81
2026-10-01 20:31:15.936 [SYS] #ff0000#您已进入野外区域，可能遭遇玩家间的自由对战，请注意安全！#ffffff#
2026-10-01 20:31:15.938 [OP] 40E0 inv=FED1 len=302 #2 12b252fac37c1f805b64510b03faa32b1f805b6437fddcfaa32b1f8012f8510bdcfaa32baca05b64fc0bdcfa392b1f804864510ba7e8a32bad805b64d70bdcfaed2b1f80f6df510bc1e8a32b2c805b64eaf8dcfad6531f806c64510b78c4a32b998c5b64b6ecdcfa732b1f800d64510b8ffaa32b1f805b64510bdcfaa32b1f805b64510bdcfaa32b1f805b64430bdcfaa32b1f805b64510bdcfaa32b1f805b64
2026-10-01 20:31:15.938 [OP] 40E3 inv=FFD3 len=44 #2 12b252fa312b1f80b164610b33fabc2be080956445ec6ffabf5384809fdf0b0b0022202b01cec464edd090fa
2026-10-01 20:31:15.938 [OP] 40E2 inv=FFF3 len=12 #2 41cdfc0b6ffaa32b45809564
2026-10-01 20:31:15.938 [OP] 4232 inv=FF60 len=159 #4 22afd0dce0a32b1f4f5b645127dcfaa3de1f805b6f510bdc1c462b1f805b64510bdcfaa32b1f805b64510bdcfaa32b1f805b64510bdcfaa3599d805b64510bdcb7f82b1f805b6451fb8bfaa32b1f805b4e580bdcfaa32b1f227a64519c52faa3edad805b7c510bdc25a32b1fef5b6451c4dcfaa3d4ad805bbc510bdc6ba32b1f0a5b64510bdcfaa32cd672eca2d661e2b05b931f805b64510bdcfaa32b1f80
2026-10-01 20:31:15.938 [OP] 4232 inv=FF60 len=159 #5 22afd0dce0a32b1f4e5b6451b2dcfaa3321f805b08510bdc7e232b1f805b64510bdcfaa32b1f805b64510bdcfaa32b1f805b64510bdcfaa386a5805b64510bdcef392b1f805b645118e6faa32b1f805b06b20bdcfaa32b1f332364515090faa3b834805b6b510bdcbaa32b1fef5b6451c4dcfaa30ca5805b02510bdcb5a32b1fd35b64510bdcfaa32cd672eca2d61ee2b05bde1f805bdf510bdcfaa32b1f80
2026-10-01 20:31:15.938 [OP] 401B inv=FEF3 len=268 #2 41cdfc0b8bfaa32b0f805b64b4b252fada2b1f802964510b606ea32b1f805b64135fdcfaa32b1f80e9df510bdcfaa32be6c75b64510bdcfa16876c842d43520bdcfaa32b1f805b645152155a603bad803564510b68faa32b45ca5b64510bdcfac37c1f805b64510b03faa32b1f805b64db7fdcfaa32b1f8026b35c3828d7fb2b1f805b64510bdcfaa32b1c48baecfc0bddfaa32bab805b6403c4dcfaa32b1f80
2026-10-01 20:31:15.962 [OUT] 0185 inv=FFF7 len=12 #2 f7ff8501dcfaa32bc8d97b81
2026-10-01 20:31:16.008 [OP] 4202 inv=FFEF len=16 #2 feecdcfab42b1f8056df510bc3c4a32b
2026-10-01 20:31:16.008 [OP] 4055 inv=FFF7 len=8 #2 41cdfc0bdcfaa32b
2026-10-01 20:35:41.205 [SYS] #ff0000#您已进入野外区域，可能遭遇玩家间的自由对战，请注意安全！#ffffff#
2026-10-01 20:35:41.301 [OP] 4202 inv=FFEF len=16 #3 95ecdcfab42b1f8072df510be4c4a32b
2026-10-01 20:35:41.301 [OP] 40E0 inv=FED1 len=302 #3 12b252fac37c1f805b64510b03faa32b1f805b6437fddcfaa32b1f8012f8510bdcfaa32baca05b64fc0bdcfa392b1f804864510ba7e8a32bad805b64d70bdcfaed2b1f80f6df510bc1e8a32b2c805b64eaf8dcfad6531f806c64510b78c4a32b998c5b64b6ecdcfa732b1f800d64510b8ffaa32b1f805b64510bdcfaa32b1f805b64510bdcfaa32b1f805b64430bdcfaa32b1f805b64510bdcfaa32b1f805b64
2026-10-01 20:35:41.301 [OP] 40E3 inv=FFD3 len=44 #3 12b252fa312b1f80b164610b33fabc2be080956445ec6ffabf5384809fdf0b0b0022202b01cec464edd090fa
2026-10-01 20:35:41.301 [OP] 40E2 inv=FFF3 len=12 #3 41cdfc0b6ffaa32b45809564
2026-10-01 20:35:41.301 [OP] 401B inv=FEF3 len=268 #3 41cdfc0b8bfaa32b0f805b64b4b252fada2b1f802964510b606ea32b1f805b64135fdcfaa32b1f80e9df510bdcfaa32be6c75b64510bdcfa16876c842d43520bdcfaa32b1f805b64517fdcfa603bad803564510b68faa32b45ca5b64510bdcfac37c1f805b64510b03faa32b1f805b64db7fdcfaa32b1f8026b35c3828d7fb2b1f805b64510bdcfaa34ac354baecfc0bddfaa32bab805b6403c4dcfaa32b1f80
2026-10-01 20:35:41.395 [OP] 4055 inv=FFF7 len=8 #3 41cdfc0bdcfaa32b
2026-10-01 20:35:41.471 [OUT] 0185 inv=FFF7 len=12 #3 f7ff8501dcfaa32bc8d97b81
2026-10-01 20:35:47.631 [SYS] #ff0000#您已进入野外区域，可能遭遇玩家间的自由对战，请注意安全！#ffffff#
2026-10-01 20:35:47.631 [OP] 40E0 inv=FED1 len=302 #4 12b252fac37c1f805b64510b03faa32b1f805b6437fddcfaa32b1f8012f8510bdcfaa32baca05b64fc0bdcfa392b1f804864510ba7e8a32bad805b64d70bdcfaed2b1f80f6df510bc1e8a32b2c805b64eaf8dcfad6531f806c64510b78c4a32b998c5b64b6ecdcfa732b1f800d64510b8ffaa32b1f805b64510bdcfaa32b1f805b64510bdcfaa32b1f805b64430bdcfaa32b1f805b64510bdcfaa32b1f805b64
2026-10-01 20:35:47.631 [OP] 40E3 inv=FFD3 len=44 #4 12b252fa312b1f80b164610b33fabc2be080956445ec6ffabf5384809fdf0b0b0022202b01cec464edd090fa
2026-10-01 20:35:47.631 [OP] 40E2 inv=FFF3 len=12 #4 41cdfc0b6ffaa32b45809564
2026-10-01 20:35:47.631 [OP] 401B inv=FEF3 len=268 #4 41cdfc0b8bfaa32b0f805b64b4b252fada2b1f802964510b606ea32b1f805b64135fdcfaa32b1f80e9df510bdcfaa32be6c75b64510bdcfa16876c842d43520bdcfaa32b1f805b6451ecdcfa603bad803564510b68faa32b45ca5b64510bdcfac37c1f805b64510b03faa32b1f805b64db7fdcfaa32b1f8026b35c3828d7fb2b1f805b64510bdcfaa32c1c48baecfc0bddfaa32bab805b6403c4dcfaa32b1f80
2026-10-01 20:35:47.656 [OUT] 0185 inv=FFF7 len=12 #4 f7ff8501dcfaa32bc8d97b81
2026-10-01 20:35:47.703 [OP] 4202 inv=FFEF len=16 #4 feecdcfab42b1f80d07f510b2625a32b
2026-10-01 20:35:47.703 [OP] 4055 inv=FFF7 len=8 #4 41cdfc0bdcfaa32b
2026-10-01 20:39:39.841 [SYS] #ff0000#您已进入野外区域，可能遭遇玩家间的自由对战，请注意安全！#ffffff#
2026-10-01 20:39:39.943 [OP] 40E0 inv=FED1 len=302 #5 12b252fac37c1f805b64510b59c4a32b1f805b6437fddcfaa32b1f8012f8510bdcfaa32baca05b64fc0bdcfa392b1f804864510ba7e8a32bad805b64d70bdcfaed2b1f80f6df510bc1e8a32b2c805b64eaf8dcfad6531f806c64510b78c4a32b998c5b64b6ecdcfa732b1f800d64510b8ffaa32b1f805b64510bdcfaa32b1f805b64510bdcfaa32b1f805b64430bdcfaa32b1f805b64510bdcfaa32b1f805b64
2026-10-01 20:39:39.943 [OP] 40E3 inv=FFD3 len=44 #5 12b252fa312b1f80b164610b33fabc2be080956445ec6ffabf5384809fdf0b0b0022202b01cec464edd090fa
2026-10-01 20:39:39.943 [OP] 40E2 inv=FFF3 len=12 #5 41cdfc0b6f5a4e7845809564
2026-10-01 20:39:39.943 [OP] 4202 inv=FFEF len=16 #5 b7ecdcfa572b1f80387f510b80c4a32b
2026-10-01 20:39:39.943 [OP] 4055 inv=FFF7 len=8 #5 41cdfc0bdcfaa32b
2026-10-01 20:39:39.943 [OP] 401B inv=FEF3 len=268 #5 41cdfc0b8bfaa32b0f805b64b4b252fada2b1f802964510b606ea32b1f805b64135fdcfaa32b1f80e9df510bdcfaa32be6c75b64510bdcfa16876c842d43520bdcfaa32b1f805b64517fdcfa603bad803564510b68faa32b45ca5b64510bdcfac37c1f805b64510b59c4a32b1f805b64db7fdcfaa32b1f8026b35c3828d7fb2b1f805b64510bdcfaa32b1f80baecfc0bddfaa32bab805b6403c4dcfaa32b1f80
2026-10-01 20:39:39.967 [OUT] 0185 inv=FFF7 len=12 #5 f7ff8501dcfaa32bc8d97b81
2026-10-01 20:39:44.216 [OP] 4705 inv=FFB8 len=71 #1 966b7f5134a722a3cb67ce5bfc580bdcfaa32b1f491c64510bdcfaa3a359805b64510bdcf3392b1f805b645131dcfaa32f1f805bac51a2da2bf0b3bb341a64510bdcfaa32b1f80
2026-10-01 20:39:46.190 [SYS] #ff0000#您已进入野外区域，可能遭遇玩家间的自由对战，请注意安全！#ffffff#
2026-10-01 20:40:00.203 [SYS] #00FFFF#国庆节特别活动“红旗飘飘贺国庆”#00FF00#正式开启#00FFFF#，冒险者可以在逍遥西的#FF0000#大冒险活动官#00FFFF#处参加活动，收集喜庆用品装饰旗台，赢取丰富的属性及道具奖励，幸运的冒险者还将得到#FF0000#稀有奖励#FFFFFF#！
2026-10-01 20:40:15.904 [OP] 4031 inv=FF5C len=163 #1 39510cdc22a32b1faa5b5003b3a22d1d88ab6a30051648b0c54f67e87106671df42db834677c499871136a78ec4f67e88f138787e92a934f67c31663b97fb353001618b0a4a9e9744c6828349aa250a2d8899e38d5a8671213a96706a4b1ec34679694f3b3e1a6b6ccc29b40f32cce4d87f0775131a2b1f389f9140fb35120bb4c848980ef6e165119aeeb837bc06919740e23d0e4346451e49cfc58f33ee554
2026-10-01 20:41:00.015 [SYS] #00FF00#1#00FFFF#分钟后逍遥村周围将掉落20个宝箱，捡取可获得意外惊喜喔！#FFFFFF#
2026-10-01 20:42:07.843 [OP] 4210 inv=FFF3 len=12 #1 710bdcfab42b1f80baecfc0b
2026-10-01 20:43:26.205 [OP] 4210 inv=FFF3 len=12 #2 710bdcfaf62b1f8057ecfc0b
2026-10-01 20:43:49.412 [SYS] #00FF00#1#00FFFF#分钟后逍遥村周围将掉落20个宝箱，捡取可获得意外惊喜喔！#FFFFFF#
2026-10-01 20:43:49.513 [SYS] #00FFFF#10位玉女携带礼物参加国庆活动，#00FF00#5#00FFFF#分钟后将出现在夕阳草原，请各位冒险者前去保护她们免受BOSS骚扰#FF0000#（BOSS有一定几率携带稀有宝宝）。#FFFFFF#
2026-10-01 20:46:49.432 [SYS] #00FFFF#10位玉女携带礼物参加国庆活动，#00FF00#2#00FFFF#分钟后将出现在夕阳草原，请各位冒险者前去保护她们免受BOSS骚扰#FF0000#（BOSS有一定几率携带稀有宝宝）。#FFFFFF#
2026-10-01 20:47:39.898 [SYS] #00FF00#1#00FFFF#分钟后逍遥村周围将掉落20个宝箱，捡取可获得意外惊喜喔！#FFFFFF#
2026-10-01 20:47:49.389 [SYS] #00FFFF#10位玉女携带礼物参加国庆活动，#00FF00#1#00FFFF#分钟后将出现在夕阳草原，请各位冒险者前去保护她们免受BOSS骚扰#FF0000#（BOSS有一定几率携带稀有宝宝）。#FFFFFF#
2026-10-01 20:48:49.396 [SYS] #00FFFF#10位玉女携带礼物参加国庆活动，已经出现在夕阳草原，请各位冒险者前去保护她们免受BOSS骚扰（BOSS有一定几率携带稀有宝宝）。#FFFFFF#
2026-10-01 20:49:36.370 [OP] 4031 inv=FFCD len=50 #2 34fa5f2bf3805b64510b2c938a4eff719893bcf2d897a62796943027740a1e6d032b1fb16deb8860ef38c1acc526b36de20b
2026-10-01 20:53:58.435 [OP] 4031 inv=FFC9 len=54 #3 11647b0b0afaa32b1f80e9ea252e53d880661e131ab40646d897a6f7c66ae9ea5c935d23a32ba766edc0b114f8edf459400bfd8dc60b
2026-10-01 20:54:09.337 [OP] 4210 inv=FFF3 len=12 #3 710bdcfa822b1f80a1ecfc0b
2026-10-01 20:58:23.905 [SYS] #00FF00#1#00FFFF#分钟后逍遥村周围将掉落20个宝箱，捡取可获得意外惊喜喔！#FFFFFF#
2026-10-01 20:58:24.004 [SYS] #00FFFF#10位玉女携带礼物参加国庆活动，#00FF00#5#00FFFF#分钟后将出现在夕阳草原，请各位冒险者前去保护她们免受BOSS骚扰#FF0000#（BOSS有一定几率携带稀有宝宝）。#FFFFFF#
2026-10-01 21:00:00.142 [SYS] #00FFFF#国庆节特别活动“红旗飘飘贺国庆”#00FF00#正式开启#00FFFF#，冒险者可以在逍遥西的#FF0000#大冒险活动官#00FFFF#处参加活动，收集喜庆用品装饰旗台，赢取丰富的属性及道具奖励，幸运的冒险者还将得到#FF0000#稀有奖励#FFFFFF#！
2026-10-01 21:01:23.903 [SYS] #00FFFF#10位玉女携带礼物参加国庆活动，#00FF00#2#00FFFF#分钟后将出现在夕阳草原，请各位冒险者前去保护她们免受BOSS骚扰#FF0000#（BOSS有一定几率携带稀有宝宝）。#FFFFFF#
2026-10-01 21:01:37.500 [SYS] #00FF00#1#00FFFF#分钟后逍遥村周围将掉落20个宝箱，捡取可获得意外惊喜喔！#FFFFFF#
2026-10-01 21:02:23.920 [SYS] #00FFFF#10位玉女携带礼物参加国庆活动，#00FF00#1#00FFFF#分钟后将出现在夕阳草原，请各位冒险者前去保护她们免受BOSS骚扰#FF0000#（BOSS有一定几率携带稀有宝宝）。#FFFFFF#
2026-10-01 21:03:23.912 [SYS] #00FFFF#10位玉女携带礼物参加国庆活动，已经出现在夕阳草原，请各位冒险者前去保护她们免受BOSS骚扰（BOSS有一定几率携带稀有宝宝）。#FFFFFF#
2026-10-01 21:03:39.520 [SYS] #00FF00#1#00FFFF#分钟后逍遥村周围将掉落20个宝箱，捡取可获得意外惊喜喔！#FFFFFF#
2026-10-01 21:04:27.788 [SYS] #FFF692#恭喜#FF8CF8#Nnnnnn1#FFF692#在#00C8F8#国庆福袋#FFF692#中获得了#64FF7D#摄魂铃铛
2026-10-01 21:04:29.131 [SYS] #FFF692#恭喜#FF8CF8#Nnnnnn1#FFF692#在#00C8F8#国庆福袋#FFF692#中获得了#64FF7D#古老的袖里剑
2026-10-01 21:04:34.363 [SYS] #FFF692#恭喜#FF8CF8#Nnnnnn1#FFF692#在#00C8F8#国庆福袋#FFF692#中获得了#64FF7D#宠物印记
2026-10-01 21:05:59.543 [SYS] #FFF692#恭喜#FF8CF8#Nnnnnn1#FFF692#在#00C8F8#国庆福袋#FFF692#中获得了#64FF7D#宠物印记
2026-10-01 21:06:00.370 [SYS] #FFF692#恭喜#FF8CF8#Nnnnnn1#FFF692#在#00C8F8#国庆福袋#FFF692#中获得了#64FF7D#魔法命运骰子
2026-10-01 21:09:58.049 [SYS] #00FF00#1#00FFFF#分钟后逍遥村周围将掉落20个宝箱，捡取可获得意外惊喜喔！#FFFFFF#
2026-10-01 21:10:42.554 [OP] 4031 inv=FFE9 len=22 #4 fc0bfafa382b1f805b64520bdc640448827a7ee5e20b
2026-10-01 21:11:34.914 [OP] 4031 inv=FFE9 len=22 #5 fc0bfafaf82b1f8095647f0bdc3be37940c288673d0b
2026-10-01 21:12:31.517 [OP] 4707 inv=FFF3 len=12 #2 603bad8057ecfc0b17faa32b
2026-10-01 21:13:10.716 [SYS] #00FF00#1#00FFFF#分钟后逍遥村周围将掉落20个宝箱，捡取可获得意外惊喜喔！#FFFFFF#
2026-10-01 21:17:33.263 [SYS] #FFF692#恭喜#FF8CF8#白酒啤酒#FFF692#打造出#64FF7D#+10#FFF692#装备
2026-10-01 21:20:00.135 [SYS] #00FFFF#国庆节特别活动“红旗飘飘贺国庆”#00FF00#正式开启#00FFFF#，冒险者可以在逍遥西的#FF0000#大冒险活动官#00FFFF#处参加活动，收集喜庆用品装饰旗台，赢取丰富的属性及道具奖励，幸运的冒险者还将得到#FF0000#稀有奖励#FFFFFF#！
2026-10-01 21:23:38.855 [OP] 4210 inv=FFF3 len=12 #4 140bdcfab12b1f80a1ecfc0b
2026-10-01 21:25:46.598 [OP] 4210 inv=FFF3 len=12 #5 140bdcfa5f2b1f80baecfc0b
2026-10-01 21:27:10.162 [SYS] #ff0000#您已进入野外区域，可能遭遇玩家间的自由对战，请注意安全！#ffffff#
2026-10-01 21:27:17.559 [SYS] #ff0000#您已进入野外区域，可能遭遇玩家间的自由对战，请注意安全！#ffffff#
2026-10-01 21:29:31.070 [SYS] #00FF00#1#00FFFF#分钟后逍遥村周围将掉落20个宝箱，捡取可获得意外惊喜喔！#FFFFFF#
2026-10-01 21:30:00.127 [SYS] #FF0000#世界BOSS#00FFFF#将于#FFFF00#10#00FFFF#分钟后开始，大家赶紧到#00c2ff#龙之都#00FFFF#找#ff8dff#老刘(3666,1959)#00FFFF#报名！
2026-10-01 21:30:01.704 [SYS] #ff0000#您已进入野外区域，可能遭遇玩家间的自由对战，请注意安全！#ffffff#
2026-10-01 21:36:01.339 [SYS] #ff0000#您已进入野外区域，可能遭遇玩家间的自由对战，请注意安全！#ffffff#
2026-10-01 21:38:04.299 [QUESTION] {"type":"question","sock":2240,"qno":13,"field_a":89,"stem":"光学物理上把能够自身发光的物体叫做？","options":["1、正能量","2、可能叫这个吧","3、阳光普照","4、光源"]}
2026-10-01 21:38:04.942 [SEND-ANSWER] qno=13 opt=3 ret=13 sock=2240
2026-10-01 21:38:04.989 [SYS] 测试通过！
2026-10-01 21:38:05.083 [SYS] 获得了#00FF00#100#FFF692#金币
2026-10-01 21:38:05.084 [CURRENCY] a=199367 b=989502
2026-10-01 21:38:05.301 [UI] auto dump on question qno=13
2026-10-01 21:38:05.303 [UI] ---- window dump begin (pid 25564) ----
2026-10-01 21:38:05.320 [UI] TOP=00050786 vis=1 cls=ATL:012FF210 rc=(193,106,1233,913) title=什么什么大冒险2(①逍遥村敬老院)-伏地魔2_Sep 24 2026《什么什么大冒险》制作委员会QQ群:515616289
2026-10-01 21:38:05.321 [UI] TOP=000A075C vis=0 cls=DIEmWin rc=(-1,-1,135,38) title=DIEmWin
2026-10-01 21:38:05.334 [UI] TOP=001D010A vis=0 cls=MSCTFIME UI rc=(0,0,0,0) title=MSCTFIME UI
2026-10-01 21:38:05.354 [UI] TOP=00250E60 vis=0 cls=IME rc=(0,0,0,0) title=Default IME
2026-10-01 21:38:05.356 [UI] TOP=001105CA vis=0 cls=IME rc=(0,0,0,0) title=Default IME
2026-10-01 21:38:05.356 [UI] ---- window dump end ----
2026-10-01 21:38:06.743 [UI] auto-closing quiz frame: qno=13 opt=3
2026-10-01 21:38:06.756 [UI] option 3 control NOT found — falling back to digit key
2026-10-01 21:38:09.633 [OUT] 1F04 inv=FFF6 len=13 #2 f6ff041fce1f805bc6510bdc22
2026-10-01 21:38:41.748 [SYS] #00FF00#1#00FFFF#分钟后逍遥村周围将掉落20个宝箱，捡取可获得意外惊喜喔！#FFFFFF#
2026-10-01 21:39:59.491 [SYS] #ff0000#您已进入野外区域，可能遭遇玩家间的自由对战，请注意安全！#ffffff#
2026-10-01 21:40:00.131 [SYS] #FF0000#世界BOSS#00FFFF#已经开始，请大家到相应的地图痛扁BOSS或到#00c2ff#龙之都#00FFFF#找#ff8dff#老刘(3666,1959)#00FFFF#报名！
2026-10-01 21:40:30.417 [SYS] #ff0000#您已进入野外区域，可能遭遇玩家间的自由对战，请注意安全！#ffffff#
2026-10-01 21:41:26.499 [SYS] #ff0000#您已进入野外区域，可能遭遇玩家间的自由对战，请注意安全！#ffffff#
2026-10-01 21:41:32.823 [SYS] #00FFFF#世界BOSS已被#00FF00#[URL]超级恶霸龟龟酱[/URL]#00FFFF#首杀，活动即将结束，感谢大家的参与，请大家30分钟后到#00c2ff#龙之都#00FFFF#找#ff8dff#老刘(3666,1959)#00FFFF#领取活动奖励！
2026-10-01 21:41:54.083 [SYS] #ff0000#您已进入野外区域，可能遭遇玩家间的自由对战，请注意安全！#ffffff#
2026-10-01 21:43:16.494 [OP] 4705 inv=FFB8 len=71 #2 966b7f5134a722a3ed67ce5b670b0bdcfaa32b1f2b4064510bdcfaa31e1f805b64510bdc91a32b1f805b645131dcfaa34e1f805b6151a2da2bf00ad2341a64510bdcfaa32b1f80
2026-10-01 21:43:52.033 [SYS] #ff0000#您已进入野外区域，可能遭遇玩家间的自由对战，请注意安全！#ffffff#
2026-10-01 21:43:54.956 [SYS] #ff0000#您已进入野外区域，可能遭遇玩家间的自由对战，请注意安全！#ffffff#
2026-10-01 21:45:26.019 [SYS] #00FF00#1#00FFFF#分钟后逍遥村周围将掉落20个宝箱，捡取可获得意外惊喜喔！#FFFFFF#
2026-10-01 21:50:00.126 [SYS] #00FFFF#国庆节特别活动“红旗飘飘贺国庆”将于#00FF00#10#00FFFF#分钟后结束，装饰国旗将在活动结束#00FF00#30#00FFFF#分钟后关闭。请冒险者抓紧时间喔！#FFFFFF#
2026-10-01 21:54:51.920 [SYS] #00FF00#1#00FFFF#分钟后逍遥村周围将掉落20个宝箱，捡取可获得意外惊喜喔！#FFFFFF#
2026-10-01 21:54:55.960 [SYS] #FFF692#恭喜#FF8CF8#全斗焕#FFF692#打造出#64FF7D#+10#FFF692#装备
2026-10-01 21:55:00.170 [SYS] #00FFFF#国庆节特别活动“红旗飘飘贺国庆”将于#00FF00#5#00FFFF#分钟后结束，装饰国旗将在活动结束#00FF00#30#00FFFF#分钟后关闭。请冒险者抓紧时间喔！#FFFFFF#
2026-10-01 21:57:40.723 [SYS] #FFF692#恭喜#FF8CF8#车圭宪#FFF692#打造出#64FF7D#+10#FFF692#装备
2026-10-01 21:58:54.079 [SYS] #FFF692#恭喜#FF8CF8#俞学圣#FFF692#打造出#64FF7D#+10#FFF692#装备
2026-10-01 21:58:59.212 [SYS] #FFF692#恭喜#FF8CF8#俞学圣#FFF692#打造出#64FF7D#+10#FFF692#装备
2026-10-01 21:59:00.177 [SYS] #00FFFF#国庆节特别活动“红旗飘飘贺国庆”将于#00FF00#1#00FFFF#分钟后结束，装饰国旗将在活动结束#00FF00#30#00FFFF#分钟后关闭。请冒险者抓紧时间喔！#FFFFFF#
2026-10-01 22:00:00.123 [SYS] #00FFFF#国庆焰火晚会开始了，冒险者可到旗台处参与燃放烟花，幸运者还可能得到稀有奖励喔！装饰国旗以及燃放烟花将在#00FF00#30#00FFFF#分钟后关闭，请冒险者抓紧时间喔！#FFFFFF#
2026-10-01 22:00:03.759 [SYS] #FF8CF8#【Nnnnnn1】#00FFFF#放了一个大炮仗，在逍遥村东区周围炸出红星券，大家快来抢哟！
2026-10-01 22:00:04.424 [SYS] #FF8CF8#【Nnnnnn1】#00FFFF#放了一个大炮仗，在逍遥村东区周围炸出红星券，大家快来抢哟！
2026-10-01 22:00:05.164 [SYS] #FF8CF8#【Nnnnnn1】#00FFFF#放了一个大炮仗，在逍遥村东区周围炸出红星券，大家快来抢哟！
2026-10-01 22:00:05.812 [SYS] #FF8CF8#【Nnnnnn1】#00FFFF#放了一个大炮仗，在逍遥村东区周围炸出红星券，大家快来抢哟！
2026-10-01 22:00:06.442 [SYS] #FF8CF8#【Nnnnnn1】#00FFFF#放了一个大炮仗，在逍遥村东区周围炸出红星券，大家快来抢哟！
2026-10-01 22:00:07.160 [SYS] #FF8CF8#【Nnnnnn1】#00FFFF#放了一个大炮仗，在逍遥村东区周围炸出红星券，大家快来抢哟！
2026-10-01 22:00:07.958 [SYS] #FF8CF8#【Nnnnnn1】#00FFFF#放了一个大炮仗，在逍遥村东区周围炸出红星券，大家快来抢哟！
2026-10-01 22:00:08.497 [SYS] #FF8CF8#【Nnnnnn1】#00FFFF#放了一个大炮仗，在逍遥村东区周围炸出红星券，大家快来抢哟！
2026-10-01 22:00:09.309 [SYS] #FF8CF8#【Nnnnnn1】#00FFFF#放了一个大炮仗，在逍遥村东区周围炸出红星券，大家快来抢哟！
2026-10-01 22:00:09.775 [SYS] #FF8CF8#【Nnnnnn1】#00FFFF#放了一个大炮仗，在逍遥村东区周围炸出红星券，大家快来抢哟！
2026-10-01 22:00:10.435 [SYS] #FF8CF8#【Nnnnnn1】#00FFFF#放了一个大炮仗，在逍遥村东区周围炸出红星券，大家快来抢哟！
2026-10-01 22:00:11.214 [SYS] #FF8CF8#【Nnnnnn1】#00FFFF#放了一个大炮仗，在逍遥村东区周围炸出红星券，大家快来抢哟！
2026-10-01 22:00:11.834 [SYS] #FF8CF8#【Nnnnnn1】#00FFFF#放了一个大炮仗，在逍遥村东区周围炸出红星券，大家快来抢哟！
2026-10-01 22:00:12.546 [SYS] #FF8CF8#【Nnnnnn1】#00FFFF#放了一个大炮仗，在逍遥村东区周围炸出红星券，大家快来抢哟！
2026-10-01 22:00:13.229 [SYS] #FF8CF8#【Nnnnnn1】#00FFFF#放了一个大炮仗，在逍遥村东区周围炸出红星券，大家快来抢哟！
2026-10-01 22:00:13.851 [SYS] #00FF00#1#00FFFF#分钟后逍遥村周围将掉落20个宝箱，捡取可获得意外惊喜喔！#FFFFFF#
2026-10-01 22:00:13.948 [SYS] #FF8CF8#【Nnnnnn1】#00FFFF#放了一个大炮仗，在逍遥村东区周围炸出红星券，大家快来抢哟！
2026-10-01 22:00:14.478 [SYS] #FF8CF8#【Nnnnnn1】#00FFFF#放了一个大炮仗，在逍遥村东区周围炸出红星券，大家快来抢哟！
2026-10-01 22:00:15.291 [SYS] #FF8CF8#【Nnnnnn1】#00FFFF#放了一个大炮仗，在逍遥村东区周围炸出红星券，大家快来抢哟！
2026-10-01 22:00:15.856 [SYS] #FF8CF8#【Nnnnnn1】#00FFFF#放了一个大炮仗，在逍遥村东区周围炸出红星券，大家快来抢哟！
2026-10-01 22:00:16.530 [SYS] #FF8CF8#【Nnnnnn1】#00FFFF#放了一个大炮仗，在逍遥村东区周围炸出红星券，大家快来抢哟！
2026-10-01 22:00:17.196 [SYS] #FF8CF8#【Nnnnnn1】#00FFFF#放了一个大炮仗，在逍遥村东区周围炸出红星券，大家快来抢哟！
2026-10-01 22:00:17.932 [SYS] #FF8CF8#【Nnnnnn1】#00FFFF#放了一个大炮仗，在逍遥村东区周围炸出红星券，大家快来抢哟！
2026-10-01 22:00:18.527 [SYS] #FF8CF8#【Nnnnnn1】#00FFFF#放了一个大炮仗，在逍遥村东区周围炸出红星券，大家快来抢哟！
2026-10-01 22:00:19.141 [SYS] #FF8CF8#【Nnnnnn1】#00FFFF#放了一个大炮仗，在逍遥村东区周围炸出红星券，大家快来抢哟！
2026-10-01 22:00:19.813 [SYS] #FF8CF8#【Nnnnnn1】#00FFFF#放了一个大炮仗，在逍遥村东区周围炸出红星券，大家快来抢哟！
2026-10-01 22:00:20.556 [SYS] #FF8CF8#【Nnnnnn1】#00FFFF#放了一个大炮仗，在逍遥村东区周围炸出红星券，大家快来抢哟！
2026-10-01 22:00:21.328 [SYS] #FF8CF8#【Nnnnnn1】#00FFFF#放了一个大炮仗，在逍遥村东区周围炸出红星券，大家快来抢哟！
2026-10-01 22:03:42.826 [SYS] #FF8CF8#【睡神本神】#00FFFF#放了一个大炮仗，在逍遥村东区周围炸出红星券，大家快来抢哟！
2026-10-01 22:03:43.502 [SYS] #FF8CF8#【睡神本神】#00FFFF#放了一个大炮仗，在逍遥村东区周围炸出红星券，大家快来抢哟！
2026-10-01 22:03:44.097 [SYS] #FF8CF8#【睡神本神】#00FFFF#放了一个大炮仗，在逍遥村东区周围炸出红星券，大家快来抢哟！
2026-10-01 22:03:44.492 [SYS] #FF8CF8#【睡神本神】#00FFFF#放了一个大炮仗，在逍遥村东区周围炸出红星券，大家快来抢哟！
2026-10-01 22:03:44.950 [SYS] #FF8CF8#【睡神本神】#00FFFF#放了一个大炮仗，在逍遥村东区周围炸出红星券，大家快来抢哟！
2026-10-01 22:03:45.419 [SYS] #FF8CF8#【睡神本神】#00FFFF#放了一个大炮仗，在逍遥村东区周围炸出红星券，大家快来抢哟！
2026-10-01 22:03:45.926 [SYS] #FF8CF8#【睡神本神】#00FFFF#放了一个大炮仗，在逍遥村东区周围炸出红星券，大家快来抢哟！
2026-10-01 22:03:46.752 [SYS] #FF8CF8#【睡神本神】#00FFFF#放了一个大炮仗，在逍遥村东区周围炸出红星券，大家快来抢哟！
2026-10-01 22:03:47.216 [SYS] #FF8CF8#【睡神本神】#00FFFF#放了一个大炮仗，在逍遥村东区周围炸出红星券，大家快来抢哟！
2026-10-01 22:03:47.684 [SYS] #FF8CF8#【睡神本神】#00FFFF#放了一个大炮仗，在逍遥村东区周围炸出红星券，大家快来抢哟！
2026-10-01 22:03:48.060 [SYS] #FF8CF8#【睡神本神】#00FFFF#放了一个大炮仗，在逍遥村东区周围炸出红星券，大家快来抢哟！
2026-10-01 22:03:48.396 [SYS] #FF8CF8#【睡神本神】#00FFFF#放了一个大炮仗，在逍遥村东区周围炸出红星券，大家快来抢哟！
2026-10-01 22:03:48.769 [SYS] #FF8CF8#【睡神本神】#00FFFF#放了一个大炮仗，在逍遥村东区周围炸出红星券，大家快来抢哟！
2026-10-01 22:03:49.127 [SYS] #00FF00#1#00FFFF#分钟后逍遥村周围将掉落20个宝箱，捡取可获得意外惊喜喔！#FFFFFF#
2026-10-01 22:03:49.210 [SYS] #FF8CF8#【睡神本神】#00FFFF#放了一个大炮仗，在逍遥村东区周围炸出红星券，大家快来抢哟！
2026-10-01 22:03:50.181 [SYS] #FF8CF8#【睡神本神】#00FFFF#放了一个大炮仗，在逍遥村东区周围炸出红星券，大家快来抢哟！
2026-10-01 22:03:50.561 [SYS] #FF8CF8#【睡神本神】#00FFFF#放了一个大炮仗，在逍遥村东区周围炸出红星券，大家快来抢哟！
2026-10-01 22:03:51.034 [SYS] #FF8CF8#【睡神本神】#00FFFF#放了一个大炮仗，在逍遥村东区周围炸出红星券，大家快来抢哟！
2026-10-01 22:03:51.446 [SYS] #FF8CF8#【睡神本神】#00FFFF#放了一个大炮仗，在逍遥村东区周围炸出红星券，大家快来抢哟！
2026-10-01 22:03:52.392 [SYS] #FF8CF8#【睡神本神】#00FFFF#放了一个大炮仗，在逍遥村东区周围炸出红星券，大家快来抢哟！
2026-10-01 22:03:52.772 [SYS] #FF8CF8#【睡神本神】#00FFFF#放了一个大炮仗，在逍遥村东区周围炸出红星券，大家快来抢哟！
2026-10-01 22:03:53.171 [SYS] #FF8CF8#【睡神本神】#00FFFF#放了一个大炮仗，在逍遥村东区周围炸出红星券，大家快来抢哟！
2026-10-01 22:03:54.513 [SYS] #FF8CF8#【睡神本神】#00FFFF#放了一个大炮仗，在逍遥村东区周围炸出红星券，大家快来抢哟！
2026-10-01 22:03:55.457 [SYS] #FF8CF8#【睡神本神】#00FFFF#放了一个大炮仗，在逍遥村东区周围炸出红星券，大家快来抢哟！
2026-10-01 22:03:56.009 [SYS] #FF8CF8#【睡神本神】#00FFFF#放了一个大炮仗，在逍遥村东区周围炸出红星券，大家快来抢哟！
2026-10-01 22:03:57.529 [SYS] #FF8CF8#【睡神本神】#00FFFF#放了一个大炮仗，在逍遥村东区周围炸出红星券，大家快来抢哟！
2026-10-01 22:03:58.047 [SYS] #FF8CF8#【睡神本神】#00FFFF#放了一个大炮仗，在逍遥村东区周围炸出红星券，大家快来抢哟！
2026-10-01 22:03:58.559 [SYS] #FF8CF8#【睡神本神】#00FFFF#放了一个大炮仗，在逍遥村东区周围炸出红星券，大家快来抢哟！
2026-10-01 22:03:59.009 [SYS] #FF8CF8#【睡神本神】#00FFFF#放了一个大炮仗，在逍遥村东区周围炸出红星券，大家快来抢哟！
2026-10-01 22:04:00.289 [SYS] #FF8CF8#【睡神本神】#00FFFF#放了一个大炮仗，在逍遥村东区周围炸出红星券，大家快来抢哟！
2026-10-01 22:04:00.694 [SYS] #FF8CF8#【睡神本神】#00FFFF#放了一个大炮仗，在逍遥村东区周围炸出红星券，大家快来抢哟！
2026-10-01 22:04:01.242 [SYS] #FF8CF8#【睡神本神】#00FFFF#放了一个大炮仗，在逍遥村东区周围炸出红星券，大家快来抢哟！
2026-10-01 22:04:01.569 [SYS] #FF8CF8#【睡神本神】#00FFFF#放了一个大炮仗，在逍遥村东区周围炸出红星券，大家快来抢哟！
2026-10-01 22:04:02.268 [SYS] #FF8CF8#【睡神本神】#00FFFF#放了一个大炮仗，在逍遥村东区周围炸出红星券，大家快来抢哟！
2026-10-01 22:04:02.771 [SYS] #FF8CF8#【睡神本神】#00FFFF#放了一个大炮仗，在逍遥村东区周围炸出红星券，大家快来抢哟！
2026-10-01 22:04:03.060 [SYS] #FF8CF8#【睡神本神】#00FFFF#放了一个大炮仗，在逍遥村东区周围炸出红星券，大家快来抢哟！
2026-10-01 22:04:03.463 [SYS] #FF8CF8#【睡神本神】#00FFFF#放了一个大炮仗，在逍遥村东区周围炸出红星券，大家快来抢哟！
2026-10-01 22:04:04.224 [SYS] #FF8CF8#【睡神本神】#00FFFF#放了一个大炮仗，在逍遥村东区周围炸出红星券，大家快来抢哟！
2026-10-01 22:04:04.918 [SYS] #FF8CF8#【睡神本神】#00FFFF#放了一个大炮仗，在逍遥村东区周围炸出红星券，大家快来抢哟！
2026-10-01 22:04:06.208 [SYS] #FF8CF8#【睡神本神】#00FFFF#放了一个大炮仗，在逍遥村东区周围炸出红星券，大家快来抢哟！
2026-10-01 22:05:55.500 [SYS] #00FF00#1#00FFFF#分钟后逍遥村周围将掉落20个宝箱，捡取可获得意外惊喜喔！#FFFFFF#
2026-10-01 22:11:32.819 [SYS] #00FFFF#厉害了我的大冒险玩家，本期的BOSS已经被击杀，BOSS会变得更强，敬请期待下期活动！！！
2026-10-01 22:14:03.736 [SYS] #FFF692#恭喜#FF8CF8#Kotori#FFF692#在#00C8F8#黄金宝箱#FFF692#中获得了#64FF7D#酷·灵气香肠棍
2026-10-01 22:18:28.513 [PIPE] controller disconnected
2026-10-01 22:18:49.175 [PIPE] controller connected
2026-10-01 22:18:49.175 [PIPE] controller disconnected
2026-10-01 22:19:07.872 [INIT] dll unloaded
2026-10-01 22:19:37.246 [INIT] dll loaded, pid=25564
2026-10-01 22:19:37.246 [INIT] codec loaded OK
2026-10-01 22:19:37.246 [INIT] iat hooks: recv=1 send=1 WSASend=1 connect=1 closesocket=1
2026-10-01 22:19:37.836 [OUT] 1F51 inv=FFFF len=4 #1 ffff511f
2026-10-01 22:19:37.879 [OP] 4F52 inv=FFFF len=0 #1 
2026-10-01 22:19:38.361 [OP] 4109 inv=FF63 len=156 #1 74c2392bcac795f851d0dcfaa32b1f809564510ba7fa8a53f380a0dfb20bdcfaf82b1f80be64510bdcbaa32ba94f5b644975dcfa872b5980be64510bbbaea32b9d80236451ecdcfaa32b1f8062df510b12faa32b1f805b64510bdcfab6ce1f80fe08510b8bfa872b1faa5b648fecdcfaa32b1f805b64510bdcfaa32bb7ef5b646ed5dcfafd2b9b805bdf51807cc4a32b7b19baec510bdcfa34c81f80
2026-10-01 22:19:38.447 [OP] 4111 inv=FFFD len=2 #1 5b64
2026-10-01 22:19:38.447 [OP] 4104 inv=FFFA len=5 #1 72c49bb84f
2026-10-01 22:19:38.447 [OP] 4104 inv=FFFB len=4 #2 3cae1f79
2026-10-01 22:19:38.448 [OP] 4104 inv=FFFA len=5 #3 5a671cb807
2026-10-01 22:19:38.448 [OP] 4104 inv=FFFA len=5 #4 699b9bb8ca
2026-10-01 22:19:38.448 [OP] 4104 inv=FFFA len=5 #5 8f9b9bb845
2026-10-01 22:19:40.274 [OP] 4105 inv=FFFE len=1 #1 b2
2026-10-01 22:19:40.276 [OP] 4105 inv=FFFE len=1 #2 44
2026-10-01 22:19:40.362 [OP] 4109 inv=FDFF len=512 #2 5207c464580b8b25a32b1f805b64510b6ffaa32ba580ea7f0b0b0022fd24e7809564510baeaea32b9de75b64517fdcfaa3531f8062df510b06faa32b1f805b64510bdcfa71531f801664510bdcfaa32b1f805b64580bdcfab6ce1f801c7afc0bdcc4a32b1fce5b645decdcfaab2b1f805b64510bdcfaa32bca805b645fc4dcfafdcba5805bdf510bdcfaa32bb6aa5b64fe0bdcfaa32b1f805b64510b6ffaa32b
2026-10-01 22:19:40.454 [OP] 4105 inv=FFFE len=1 #3 3d
2026-10-01 22:19:40.454 [OP] 4111 inv=FFFD len=2 #2 a164
2026-10-01 22:19:40.538 [OP] 4106 inv=FFFD len=2 #1 a342
2026-10-01 22:19:40.538 [OP] 4106 inv=FFFD len=2 #2 a33b
2026-10-01 22:19:40.631 [OP] 4106 inv=FFFC len=3 #3 9820ee
2026-10-01 22:19:41.834 [OP] 4109 inv=FFDF len=32 #3 5207c464510b6ffaa32b1f805b64510bd0c4a32b62451b64510bdcfaa32b1f80
2026-10-01 22:19:41.927 [OP] 4111 inv=FFFD len=2 #3 1b64
2026-10-01 22:19:42.213 [OP] 4109 inv=FFAB len=84 #4 603bad805bf858ec6fc4a32bb2ce5b6487b1dcfab42b1f80b8dd510bfdcaa32b1f0794ec87b1dcfa526f1f8094cd510bdcfaa32b1faa5b64dd75dcfa526f1f809b64510bdcfaa32b1f805b64ded0dcfadb3b1f80
2026-10-01 22:19:42.318 [OP] 4111 inv=FFFD len=2 #4 6b64
2026-10-01 22:19:43.271 [OP] EFFE inv=FFFE len=1 #1 0b
2026-10-01 22:19:43.324 [OP] 4613 inv=FFBA len=69 #1 dfb82fe7c4202b383fc3dc0259585b960e62830ff8cdcf6fb4a0d47079af8a83ec6fc4f82b1faa95df517c6a63fd51ca1e5bf8dc0bdce8a353ca804040986c2ab7d62b1f80
2026-10-01 22:19:44.374 [OP] 47C0 inv=FFF1 len=14 #1 17c4f86144ca94f817c0175bfd53
2026-10-01 22:19:44.374 [OP] 47C0 inv=FFEA len=21 #2 51cac73c2831ec8b695f31625f7fd958b1c2305024
2026-10-01 22:19:44.374 [OP] 4613 inv=FF7E len=129 #2 f8602fe7c4202b97b194dc026f4a5b965bcaa9d6df557663de352ecaaa95df510b6fc4f82b7f79aa7f43ec68fadb702f801c64580bdc5b16876c842d43450bdcfa0a1c10aa4064291790104223f31c75df84cf6fb4a06df1c7550758ec6fc4a32bcaaa95644a75f1220253ab8094d9510b8bfaf82b1f7926b35c3828d7e62b1f80
2026-10-01 22:19:44.374 [OP] 47C0 inv=FFF3 len=12 #3 0253ca5f7fd958b1c2305024
2026-10-01 22:19:44.374 [OP] 4613 inv=FFBE len=65 #3 c40a1c10aa4064291790104223f31c75df84cf6fb4a06df1c7550758ec6fc4a32bcaaa95644a75f1220253ab8094d9510b8bfaf82b1f7926b35c3828d7e62b1f80
2026-10-01 22:19:44.374 [OP] 47C0 inv=FFEA len=21 #4 51cac7b2da31ec8b2a729bec3cadd958b1db6e896f
2026-10-01 22:19:44.374 [OP] 47C0 inv=FFF3 len=12 #5 0253ca3cadd958b1db6e896f
2026-10-01 22:19:44.680 [OP] 4105 inv=FFFE len=1 #4 fd
2026-10-01 22:19:44.777 [OP] 4111 inv=FFFD len=2 #5 5764
2026-10-01 22:19:44.868 [OP] 4109 inv=FE3F len=448 #5 74c2392bca801cdd510bdcfaa32b1f809564510be6fa8fdea580ea7fb2755efaf82b1f80a76f510b8bc6a32b1fc75b64510a1ae84b531f809964510bdcfaa32b1f805b645decdcfad82b1f805b64510bdcfaa32bca805b645fc4dcfafdedad805bdf510bdcc4a32bb6aa5b64230bdcfaa32b1f805b64510b6ffaa32bb7ef5b64b2c0e6faa3531f805b28fb7f25c4a32bb3805b64510bdcfaa32b1f809564510b
2026-10-01 22:19:44.958 [OP] 4112 inv=FFFD len=2 #1 e6c4
2026-10-01 22:19:44.958 [OP] 4112 inv=FFFD len=2 #2 6ac4
2026-10-01 22:19:44.958 [OP] 4106 inv=FFFD len=2 #4 a37c
2026-10-01 22:19:45.281 [OP] 4613 inv=FFBC len=67 #4 ecd48d7a53a5803f8c83eca875233363c795df01a290b45c937026948c1ed06fc4f82b1faa95df51736acffd51ca505b647448dcf4a3531f8040ef555c8aa2fb2b1f80
2026-10-01 22:19:46.157 [OP] 4112 inv=FFFD len=2 #3 dcc4
2026-10-01 22:19:46.157 [OP] 4112 inv=FFFD len=2 #4 52c4
2026-10-01 22:19:46.300 [PIPE] controller connected
2026-10-01 22:19:47.290 [OP] 4612 inv=FFEF len=16 #1 c464510bb6c2392bb907c4640db252fa
2026-10-01 22:19:47.290 [OP] 4612 inv=FFF3 len=12 #2 90faa32bb907c4640db252fa
2026-10-01 22:19:47.291 [OP] 4612 inv=FFF7 len=8 #3 ca805b640db252fa
2026-10-01 22:19:47.292 [OP] 4211 inv=FFF6 len=9 #1 aa5b64511b3e22a3de
2026-10-01 22:19:47.895 [OUT] 1F51 inv=FFFF len=4 #2 ffff511f
2026-10-01 22:19:47.946 [OP] 4F52 inv=FFFF len=0 #2 
2026-10-01 22:19:50.766 [OP] 472A inv=FE76 len=393 #1 d9b4de1faa5b64510bdcfaa32b1f805b64510bdce8a32b1f805b64510bdcfaa32b1f805b64510bdca1b72b1f805b64513edcfaa32b1f805b64510bdcfaa32b1f805b64510bdcfaa32b1f805b64510bdcfaa32b1f805b64510bdcfaa32b1f805b64510bdcfaa32b1f805b64510bdcfaa32b1f805b64510bdcfaa32b1f805b64510bdcfaa32b1f805b64510bdcbdf82b1f2c5b6451fa6ffaa3ccca805bd3580bdc
2026-10-01 22:19:50.854 [OP] 42CE inv=FFFB len=4 #1 c87f510b
2026-10-01 22:19:50.854 [OP] 4211 inv=FFF6 len=9 #2 aa5b6451af3e22a34a
2026-10-01 22:19:50.854 [OP] 4211 inv=FFF6 len=9 #3 aa5b6451cd3e22a34a
2026-10-01 22:19:50.854 [OP] 4211 inv=FFF6 len=9 #4 aa5b6451c03e22a34a
2026-10-01 22:19:50.854 [OP] 4211 inv=FFF6 len=9 #5 aa5b645134a722a34a
2026-10-01 22:19:52.792 [OUT] 004E inv=FFFA len=9 #1 faff4e00e9580bdce8
2026-10-01 22:19:52.899 [OP] 4029 inv=FFDF len=32 #1 41cdfc0bac9fa32b1f805b64db7fdcfaa32b1f8094e70e0b90c40d2b98809564
2026-10-01 22:19:56.898 [OP] 4100 inv=FFF9 len=6 #1 98aaf5266fec
2026-10-01 22:19:56.983 [OP] 4613 inv=FEF8 len=263 #5 12f1fdfeece6fa9cb359aa0670832b425bf8536feb9425037519d8dbbc91ce95df580bdcc4f853ca3f40cbb2316f81a32b1fd45b2651ecdcfa20b9b9969ce9520bdcfae21c10aa406417e76a1042875f79138a83875fe83689ca7cf9357a75608c2353caaa956451ec6fc4f8a5a54c1c96586edce8a32b1f4f5bdf580be6ef6febd9d54664510b1d507a53a58006f90e50ce435d24b2a8957dd1ec0782ef0b70
2026-10-01 22:19:56.983 [OP] 4101 inv=FC6D len=914 #1 603bad809464510bdcfaa32bc8d97b81510bdcfaa32b1f805b64510bdcfaa32b1f805b64510bdcfa21c49d4e5b6491b1dcfaa32b1f804c26510bdcfaa32b1f805b64510bdcfa4d5dad80c464510b8bfaa32b55925b646f92dcfae4181f803293510b155a4e78c8d97b81a552155af52b1f807b81a5526f30c2d41e5f3c93191edcfaa32b1f805b64b2ae02faa32b1f805bd82d0bdcfaa32b1f805b64510bdcfa
2026-10-01 22:19:57.089 [OUT] 1F51 inv=FFFF len=4 #3 ffff511f
2026-10-01 22:19:57.134 [OP] 4F52 inv=FFFF len=0 #3 
2026-10-01 22:19:57.965 [OUT] 1001 inv=FFF9 len=10 #1 f9ff01101f805b64510b
2026-10-01 22:19:58.132 [OP] 4108 inv=FFE3 len=28 #1 5207c464510bdcfa21531f80d8f8510bce4051421f805b64510bdcfa
2026-10-01 22:19:58.219 [OP] 4108 inv=FFE3 len=28 #2 5207c464510bdcfa4d531f80d8f8510bce4051ed1f805b64510bdcfa
2026-10-01 22:19:58.219 [OP] 4108 inv=FFF3 len=12 #3 74c2392b1f805b64510bdcfa
2026-10-01 22:19:58.220 [OP] 4108 inv=FFF3 len=12 #4 74c2392b1f805b64580bdcfa
2026-10-01 22:19:58.220 [OP] 4108 inv=FFF3 len=12 #5 74c2392b1f805b640e0bdcfa
2026-10-01 22:20:00.320 [OP] 4105 inv=FFFE len=1 #5 c0
2026-10-01 22:20:00.335 [OUT] 1005 inv=FFEF len=20 #1 efff0510a498f85397c75c640b0b0022a32b1f80
2026-10-01 22:20:00.421 [OP] 4106 inv=FFFC len=3 #5 b1fdcb
2026-10-01 22:20:00.422 [OP] 4110 inv=FFFD len=2 #1 212b
2026-10-01 22:20:00.540 [OUT] 1004 inv=FFF3 len=16 #1 f3ff0410da76632b59c7c3642d0b59ae
2026-10-01 22:20:00.715 [OP] 4110 inv=FFFD len=2 #2 612b
2026-10-01 22:20:00.715 [OP] 4112 inv=FFFD len=2 #5 dcc4
2026-10-01 22:20:02.815 [OP] 46FE inv=FFFF len=0 #1 
2026-10-01 22:20:03.297 [OP] EFFE inv=FFFE len=1 #2 0b
2026-10-01 22:20:07.153 [OUT] 1F51 inv=FFFF len=4 #4 ffff511f
2026-10-01 22:20:07.201 [OP] 4F52 inv=FFFF len=0 #4 
2026-10-01 22:20:13.306 [OP] EFFE inv=FFFE len=1 #3 0b
2026-10-01 22:20:17.222 [OUT] 1F51 inv=FFFF len=4 #5 ffff511f
2026-10-01 22:20:17.267 [OP] 4F52 inv=FFFF len=0 #5 
2026-10-01 22:20:18.802 [OP] 472A inv=FE6C len=403 #2 d9b4de1fc75b64510bdcfaa32b1f805b64510bdcc4a32b1f805b64510bdcfaa32b1f805b64510bdca1b72b1f805b6451ef6ffaa32b1f805b64510bdcfaa32b1f805b64510bdcfaa32b1f805b64510bdcfaa32b1f805b64510bdcfaa32b1f805b64510bdcfaa32b1f805b64510bdcfaa32b1f805b64510bdcfaa32b1f805b64510bdcfaa32b1f805b64510bdcbdf82b1fc3956451fa6ffaa3731f805b5c510bdc
2026-10-01 22:20:18.907 [OP] 42CE inv=FFFB len=4 #2 c87f510b
2026-10-01 22:20:20.049 [OUT] 0048 inv=FFF7 len=12 #1 f7ff4800dcfaa32b1fb79564
2026-10-01 22:20:20.177 [OP] 4721 inv=FFF7 len=8 #1 74c2392b1fb79564
2026-10-01 22:20:21.917 [OP] 4100 inv=FFF9 len=6 #2 98aa84f8677f
2026-10-01 22:20:22.012 [OP] 4101 inv=FC6D len=914 #2 603bad809464510bdcfaa32bc8d97b81510bdcfaa32b1f805b64510bdcfaa32b1f805b64510bdcfa21c49d4e5b6491b1dcfaa32b1f804c26510bdcfaa32b1f805b64510bdcfa4d5dad80c464510b8bfaa32b55925b646f92dcfae4181f803293510b155a4e78c8d97b81a552155af52b1f807b81a5526f30c2d41e5f3c93191edcfaa32b1f805b6451ae02faa32b1f805bd82d0bdcfaa32b1f805b64510bdcfa
2026-10-01 22:20:22.984 [OUT] 1001 inv=FFF9 len=10 #2 f9ff01101f805b64510b
2026-10-01 22:20:25.280 [OUT] 1005 inv=FFEF len=20 #2 efff0510a498f85397c75c640b0b0022a32b1f80
2026-10-01 22:20:25.378 [OP] 4110 inv=FFFD len=2 #3 212b
2026-10-01 22:20:25.581 [OUT] 1004 inv=FFF3 len=16 #2 f3ff0410da76632b59c7c3642d0b59ae
2026-10-01 22:20:25.731 [OP] 4110 inv=FFFD len=2 #4 612b
2026-10-01 22:20:33.074 [OP] 46FE inv=FFFF len=0 #2 
2026-10-01 22:20:33.330 [OP] EFFE inv=FFFE len=1 #4 0b
2026-10-01 22:20:42.821 [OP] 472A inv=FE6C len=403 #3 d9b4de1fc75b64510bdcfaa32b1f805b64510bdce8a32b1f805b64510bdcfaa32b1f805b64510bdca1b72b1f805b6451a56ffaa32b1f805b64510bdcfaa32b1f805b64510bdcfaa32b1f805b64510bdcfaa32b1f805b64510bdcfaa32b1f805b64510bdcfaa32b1f805b64510bdcfaa32b1f805b64510bdcfaa32b1f805b64510bdcfaa32b1f805b64510bdcbdf82b1f2c5b6451fa6ffaa391ca805bc7580bdc
2026-10-01 22:20:42.822 [OP] 42CE inv=FFFB len=4 #3 c87f510b
2026-10-01 22:20:43.343 [OP] EFFE inv=FFFE len=1 #5 0b
2026-10-01 22:20:44.161 [OUT] 0048 inv=FFF7 len=12 #2 f7ff4800dcfaa32b1fb79564
2026-10-01 22:20:44.235 [OP] 4721 inv=FFF7 len=8 #2 74c2392b1fb79564
2026-10-01 22:20:48.934 [OP] 4100 inv=FFF9 len=6 #3 98aa6b268cec
2026-10-01 22:20:49.108 [OP] 4101 inv=FC35 len=970 #3 41cdfc0b90faa32b1f805b64a552155aa32b1f805b64510bdcfaa32b1f805b64510bdcfaa32b1f805761b2b2dcfad74a1f805b64510bbdf4a32b1f805b64510bdcfaa32b1f80a1ecfc0b52faa32b9d805b64a0ffdcfa18f21f80c6fc510b26b3a32bc8d97b81a552155a4e78c8d93164510b155a4e78caa0ed3572a407b3854d1f805b64510bdcfaa3c229805b64510bdc4e722b1f805b64510bdcfaa32b1f80
2026-10-01 22:20:50.001 [OUT] 1001 inv=FFF9 len=10 #3 f9ff01101f805b64510b
2026-10-01 22:20:52.271 [OUT] 1005 inv=FFEF len=20 #3 efff0510a498f85397795c640b0b0022a32b1f80
2026-10-01 22:20:52.359 [OP] 4110 inv=FFFD len=2 #5 212b
2026-10-01 22:20:52.452 [OP] F005 inv=FFE7 len=24 #1 c2cc763c71faa32b1f805b64510bdcfaa3de411066198f0c
2026-10-01 22:20:52.570 [OUT] 1004 inv=FFF3 len=16 #3 f3ff0410da76632b5979c3642d0b59ae
2026-10-01 22:21:02.625 [OP] 472A inv=FE76 len=393 #4 d9b4de1fc75b64510bdcfaa32b1f805b64510bdce8a32b1f805b64510bdcfaa32b1f805b64510bdca1b72b1f805b645183dcfaa32b1f805b64510bdcfaa32b1f805b64510bdcfaa32b1f805b64510bdcfaa32b1f805b64510bdcfaa32b1f805b64510bdcfaa32b1fd97b81a50bdcfaa32b1f805b64510bdcfaa32b1f805b64510bdcfaa32b1f805b64510bdc7af82b1f2c5b6451fa6ffaa391ca805b5c510bdc
2026-10-01 22:21:02.716 [OP] 42CE inv=FFFB len=4 #4 c87f510b
2026-10-01 22:21:03.389 [OP] 46FE inv=FFFF len=0 #3 
2026-10-01 22:21:05.769 [OP] 4612 inv=FFE7 len=24 #4 fd0bdcfae45dad80e0cdfc0b07c2392b1207c464e38052fa
2026-10-01 22:21:06.739 [OP] 4100 inv=FFF9 len=6 #4 98aaec08587f
2026-10-01 22:21:06.824 [OP] 4101 inv=FC35 len=970 #4 41cdfc0b90faa32b1f805b64a552155aa32b1f805b64510bdcfaa32b1f805b64510bdcfaa32b1f805761b2b2dcfad74a1f805b64510bbdf4a32b1f805b64510bdcfaa32b1f80a1ecfc0b52faa32b9d805b64a0ffdcfa18f21f80c6fc510b26b3a32bc8d97b81a552155a4e78c8d93164510b155a4e78caa0ed3572a407b3854d1f805b64510bdcfaeec229805b64510bdc4e722b1f805b64510bdcfaa32b1f80
2026-10-01 22:21:07.810 [OUT] 1001 inv=FFF9 len=10 #4 f9ff01101f805b64510b
2026-10-01 22:21:10.086 [OUT] 1005 inv=FFEF len=20 #4 efff0510a498f85397795c640b0b0022a32b1f80
2026-10-01 22:21:10.393 [OUT] 1004 inv=FFF3 len=16 #4 f3ff0410da76632b5979c3642d0b59ae
2026-10-01 22:21:21.021 [OP] 4612 inv=FFF3 len=12 #5 90faa32bb507c46455b252fa
2026-10-01 22:21:27.890 [OP] 472A inv=FE76 len=393 #5 d9b4de1fc75b64510bdcfaa32b1f805b64510bdcc4a32b1f805b64510bdcfaa32b1f805b64510bdca1b72b1f805b64513edcfaa32b1f805b64510bdcfaa32b1f805b64510bdcfaa32b1f805b64510bdcfaa32b1f805b64510bdcfaa32b1f805b64510bdcfaa32b1fd97b81a50bdcfaa32b1f805b64510bdcfaa32b1f805b64510bdcfaa32b1f805b64510bdcbdf82b1fc3956451fa6ffaa3731f805bc7580bdc
2026-10-01 22:21:27.979 [OP] 42CE inv=FFFB len=4 #5 c87f510b
2026-10-01 22:21:29.925 [OUT] 004E inv=FFFA len=9 #2 faff4e00e9580bdce8
2026-10-01 22:21:29.926 [OUT] 004E inv=FFFA len=9 #3 faff4e00e9580bdcf4
2026-10-01 22:21:30.029 [OP] 4029 inv=FFDF len=32 #2 41cdfc0bac9fa32b1f805b64db7fdcfaa32b1f8094cdfc0b90c40d2b10809564
2026-10-01 22:21:30.127 [OP] 4029 inv=FFDF len=32 #3 41cdfc0bb653a32b1f805b64aa75dcfaa32b1f80847f510b8bc40d2b8c809564
2026-10-01 22:21:33.585 [OP] 46FE inv=FFFF len=0 #4 
2026-10-01 22:21:34.000 [OP] 4100 inv=FFF9 len=6 #5 98aaea6f88ec
2026-10-01 22:21:34.085 [OP] 4101 inv=FBC5 len=1082 #5 603bad809464510bdcfaa32bc8d97b81510bdcfaa32b1f805b64510bdcfaa32b1f805b64510bdcfa21c49dca5b6491b1dcfaa32b1f804c26510bdcfaa32b1f805b64510bdcfa4d5dad80c464510b8bfaa32b55925b646f92dcfae4181f803293510b155a4e78c8d97b81a552155af52b1f807b81a5526f30c2d41e5f3c93191edcfaa32b1f805b6451ae02faa32b1f805bd82d0bdcfaa32b1f805b64510bdcfa
2026-10-01 22:21:35.078 [OUT] 1001 inv=FFF9 len=10 #5 f9ff01101f805b64510b
2026-10-01 22:21:37.258 [OUT] 1005 inv=FFEF len=20 #5 efff0510a498f85397795c640b0b0022a32b1f80
2026-10-01 22:21:37.556 [OUT] 1004 inv=FFF3 len=16 #5 f3ff0410da76632b5979c3642d0b59ae
2026-10-01 22:21:58.438 [OUT] 0048 inv=FFF7 len=12 #3 f7ff4800dcfaa32b1fb79564
2026-10-01 22:21:58.526 [OP] 4721 inv=FFF7 len=8 #3 74c2392b1fb79564
2026-10-01 22:22:03.790 [OP] 46FE inv=FFFF len=0 #5 
2026-10-01 22:22:27.848 [SYS] #FFF692#恭喜#FF8CF8#假面骑士V3#FFF692#在#00C8F8#结晶宝箱#FFF692#中获得了#64FF7D#羽翼结晶
2026-10-01 22:22:44.610 [OUT] 0048 inv=FFF7 len=12 #4 f7ff4800dcfaa32b1fb79564
2026-10-01 22:22:44.876 [OP] 4721 inv=FFF7 len=8 #4 74c2392b1fb79564
2026-10-01 22:22:45.511 [PIPE] controller disconnected
2026-10-01 22:22:45.875 [OUT] 004E inv=FFFA len=9 #4 faff4e00e9580bdcf4
2026-10-01 22:22:45.980 [OP] 4029 inv=FFDF len=32 #4 41cdfc0bb653a32b1f805b64aa75dcfaa32b1f806d7f510b8bc40d2be3809564
2026-10-01 22:22:53.091 [PIPE] controller connected
2026-10-01 22:23:46.864 [OUT] 0048 inv=FFF7 len=12 #5 f7ff4800dcfaa32b1fb79564
2026-10-01 22:23:46.967 [OP] 4721 inv=FFF7 len=8 #5 74c2392b1fb79564
2026-10-01 22:23:47.915 [OUT] 004E inv=FFFA len=9 #5 faff4e00e9580bdce8
2026-10-01 22:23:48.030 [OP] 4029 inv=FFDF len=32 #5 41cdfc0bac9fa32b1f805b64db7fdcfaa32b1f801e7f510b90c40d2b5c809564
2026-10-01 22:23:51.903 [OP] 4031 inv=FFDC len=35 #1 455b615108dcfaa3531fe9022e98c810387599970e2d6451839fdd59c0c3e941876f0b
2026-10-01 22:24:20.183 [OP] 4031 inv=FF5C len=163 #2 39510cdc22a32b1faa5b5003b3a22d1d88ab6a30051648b0c54f67e87106671df42db834677c499871136a78ec4f67e88f138787e92a934f67c31663b97fb353001618b0a4a9e9744c6828349aa250a2d8899e38d5a8671213a96706a4b1ec34679694f3b3e1a6b6ccc29b40f32cce4d87f0775131a2b1f389f9140fb35120bb4c848980ef6e165119aeeb837bc06919740e23d0e4346451e49cfc58f33ee554
2026-10-01 22:25:55.403 [CAP] capture ON (pid 25564)
2026-10-01 22:26:55.451 [CAP] capture OFF frames=595
2026-10-01 22:27:00.173 [SYS] #00FFFF#国庆焰火晚会开始了，冒险者可到旗台处参与燃放烟花，幸运者还可能得到稀有奖励喔！装饰国旗以及燃放烟花将在#00FF00#3#00FFFF#分钟后关闭，请冒险者抓紧时间喔！#FFFFFF#
2026-10-01 22:28:35.068 [CAP] capture ON (pid 25564)
2026-10-01 22:29:16.451 [OP] F005 inv=FFE7 len=24 #2 26b35c3828d7512b1f805b64510bdcfaa3ce1f8091f419b2
2026-10-01 22:30:00.165 [SYS] #00FFFF#国庆节特别活动“红旗飘飘贺国庆”以及国庆焰火晚会到此结束，谢谢各位冒险者的热情参与，祝所有冒险者国庆快乐！#FFFFFF#
2026-10-01 22:32:16.400 [OP] F005 inv=FFE7 len=24 #3 26b35c3828d7512b1f805b64510bdcfaa3de610791f419b2
2026-10-01 22:33:33.922 [OP] 4031 inv=FFE1 len=30 #3 52fa4d2b1f805b64580b71faa3a87168fafb065ab080c2b39568fa06e20b
2026-10-01 22:34:46.733 [OP] 4210 inv=FFF3 len=12 #1 660bdcfac32b1f80a1ecfc0b
2026-10-01 22:35:49.075 [OP] F005 inv=FFE7 len=24 #4 ed3572a4e10f854d1f805b64510bdcfaa3ce1f8028a14db2
2026-10-01 22:36:06.911 [CAP] capture OFF frames=4503
2026-10-01 22:36:07.912 [CAP] capture ON (pid 25564)
2026-10-01 22:36:50.648 [CAP] capture ON (pid 25564)
2026-10-01 22:38:49.532 [OP] F005 inv=FFE7 len=24 #5 ed3572a4e10f854d1f805b64510bdcfaa3de1f8028a14db2
2026-10-01 22:39:20.377 [OP] 4210 inv=FFF3 len=12 #2 660bdcfad82b1f80baecfc0b
2026-10-01 22:40:56.539 [OP] 4031 inv=FFDF len=32 #4 3b0b66faa32b1f8095645210710b51e29f18f4645134ad0303eb4b4c9333f60b
2026-10-01 22:41:20.738 [OP] 4033 inv=FFE4 len=27 #1 e0a3c41f805b6451ecdc195412f5805b01936cea032bebc34c0f64
2026-10-01 22:41:51.769 [OP] 4033 inv=FFE4 len=27 #2 e0a3c41f805b6451ecdcd9741976805b01936cea032bebc34c0f64
2026-10-01 22:46:50.896 [CAP] capture OFF frames=5878
2026-10-01 22:47:44.940 [OP] 4031 inv=FF5C len=163 #5 39510cdc22a32b1faa5b5003b3a22d1d88ab6a30051648b0c54f67e87106671df42db834677c499871136a78ec4f67e88f138787e92a934f67c31663b97fb353001618b0a4a9e9744c6828349aa250a2d8899e38d5a8671213a96706a4b1ec34679694f3b3e1a6b6ccc29b40f32cce4d87f0775131a2b1f389f9140fb35120bb4c848980ef6e165119aeeb837bc06919740e23d0e4346451e49cfc58f33ee554
2026-10-01 22:56:02.305 [OP] 4210 inv=FFF3 len=12 #3 660bdcfa402b1f8057ecfc0b
2026-10-01 23:00:35.806 [QUESTION] {"type":"question","sock":2240,"qno":1,"field_a":59,"stem":"以下不属于马的动物？","options":["1、海马","2、赤兔","3、白马","4、红马"]}
2026-10-01 23:00:36.807 [UI] auto dump on question qno=1
2026-10-01 23:00:36.807 [UI] ---- window dump begin (pid 25564) ----
2026-10-01 23:00:36.817 [UI] TOP=00050786 vis=1 cls=ATL:012FF210 rc=(193,106,1233,913) title=什么什么大冒险2(①逍遥村敬老院)-伏地魔2_Sep 24 2026《什么什么大冒险》制作委员会QQ群:515616289
2026-10-01 23:00:36.818 [UI] TOP=000A075C vis=0 cls=DIEmWin rc=(-1,-1,135,38) title=DIEmWin
2026-10-01 23:00:36.833 [UI] TOP=001D010A vis=0 cls=MSCTFIME UI rc=(0,0,0,0) title=MSCTFIME UI
2026-10-01 23:00:36.851 [UI] TOP=00250E60 vis=0 cls=IME rc=(0,0,0,0) title=Default IME
2026-10-01 23:00:36.854 [UI] TOP=001105CA vis=0 cls=IME rc=(0,0,0,0) title=Default IME
2026-10-01 23:00:36.854 [UI] ---- window dump end ----
2026-10-01 23:00:38.062 [SEND-ANSWER] qno=1 opt=0 ret=13 sock=2240
2026-10-01 23:00:38.109 [SYS] 测试通过！
2026-10-01 23:00:38.195 [SYS] 获得了#00FF00#100#FFF692#金币
2026-10-01 23:00:38.195 [CURRENCY] a=199367 b=989602
2026-10-01 23:00:39.864 [UI] auto-closing quiz frame: qno=1 opt=0
2026-10-01 23:00:44.183 [OUT] 1F04 inv=FFF6 len=13 #1 f6ff041fce1f805bdf510bdcfa
2026-10-01 23:02:14.359 [SYS] #FFF692#恭喜#FF8CF8#多人运动罗志祥zZ#FFF692#打造出#64FF7D#+10#FFF692#装备
2026-10-01 23:03:27.069 [PIPE] controller disconnected
2026-10-01 23:03:34.634 [PIPE] controller connected
2026-10-01 23:03:53.320 [INIT] dll unloaded
