2026-10-02 21:19:47.089 [INIT] dll loaded, pid=4644
2026-10-02 21:19:47.089 [INIT] codec loaded OK
2026-10-02 21:19:47.089 [INIT] iat hooks: recv=1 send=1 WSASend=1 connect=1 closesocket=1
2026-10-02 21:19:47.247 [OP] 47C0 inv=FFCC len=51 #1 51caef6328317f906d61703ce59551127cc6c4a3f1847d5cc88ffd6ffae27c0a8c03da31ecdc6a3176eceaadd9580b10c2156f
2026-10-02 21:19:47.248 [OP] 47C0 inv=FFD8 len=39 #2 b39526127cc6c4a3f1847d5cc88ffd6ffae27c0a8c03da31ecdc6a3176eceaadd9580b10c2156f
2026-10-02 21:19:47.248 [OP] 47C0 inv=FFE1 len=30 #3 0faac4c88ffd6ffae27c0a8c03da31ecdc6a3176eceaadd9580b10c2156f
2026-10-02 21:19:47.248 [OP] 47C0 inv=FFEA len=21 #4 51cac703da31ecdc6a3176eceaadd9580b10c2156f
2026-10-02 21:19:47.248 [OP] 47C0 inv=FFF3 len=12 #5 0253caeaadd9580b10c2156f
2026-10-02 21:19:47.555 [PIPE] controller connected
2026-10-02 21:19:48.281 [OP] 4100 inv=FFF9 len=6 #1 98aae37f9d7f
2026-10-02 21:19:48.391 [OP] 4101 inv=FC35 len=970 #1 7aecfc0bdcfaa32b1f805b64a552155aa32b1f805b64510bdcfaa32b1f805b64510bdcfaa32b1f80bacdb2b2dcfac37c1f805b64510bac9fa32b1f805b64510bdcfaa32b1f8041cdfc0b52faa32b1f805b646244dcfaf7f51f8056f8510b9b02a32bc8d97b81a552155a4e78c8d93564510b155a4e78ca7726b35c3828d7fb2b1f805b64510bdcfaf8c229805b64510bdc4e722b1f805b64510bdcfaa32b1f80
2026-10-02 21:19:48.424 [OUT] 1F51 inv=FFFF len=4 #1 ffff511f
2026-10-02 21:19:48.474 [OP] 4F52 inv=FFFF len=0 #1 
2026-10-02 21:19:49.353 [OUT] 1001 inv=FFF9 len=10 #1 f9ff01101f805b64510b
2026-10-02 21:19:49.886 [OP] 4108 inv=FFE3 len=28 #1 6787c464510bdcfa2153c8d9d8f8510bce4051421f805b64510bdcfa
2026-10-02 21:19:49.989 [OP] 4108 inv=FFE3 len=28 #2 6787c464510bdcfa4d531f80d8f8510bce4051ed1f805b64510bdcfa
2026-10-02 21:19:49.991 [OP] 4108 inv=FFE3 len=28 #3 6787c464510bdcfa22531f80d8f8510bce40515d1f805b64510bdcfa
2026-10-02 21:19:49.991 [OP] 4108 inv=FFF3 len=12 #4 3e0e392b1f805b64510bdcfa
2026-10-02 21:19:49.991 [OP] 4108 inv=FFF3 len=12 #5 3e0e392b1f805b64580bdcfa
2026-10-02 21:19:49.993 [OP] 4104 inv=FFFB len=4 #1 0a081f80
2026-10-02 21:19:49.993 [OP] 4104 inv=FFFB len=4 #2 3cae1faa
2026-10-02 21:19:49.993 [OP] 4104 inv=FFFB len=4 #3 0a081fc7
2026-10-02 21:19:49.993 [OP] 4104 inv=FFFB len=4 #4 0a081fce
2026-10-02 21:19:49.993 [OP] 4104 inv=FFFB len=4 #5 0a081f12
2026-10-02 21:19:51.612 [OP] 4105 inv=FFFE len=1 #1 3d
2026-10-02 21:19:51.612 [OP] 4105 inv=FFFE len=1 #2 c0
2026-10-02 21:19:51.612 [OP] 4105 inv=FFFE len=1 #3 af
2026-10-02 21:19:51.760 [OP] 4106 inv=FFFC len=3 #1 e546ed
2026-10-02 21:19:51.760 [OP] 4106 inv=FFFC len=3 #2 b1fdcb
2026-10-02 21:19:51.760 [OP] 4106 inv=FFFC len=3 #3 e239ee
2026-10-02 21:19:51.858 [OP] 4105 inv=FFFE len=1 #4 0c
2026-10-02 21:19:51.973 [OP] 4109 inv=FD97 len=616 #1 3e0e392bca8040c6510bdcfaa32b1f809564510b02faccce2980076ffc0b66faf82b1f8017cd510b5253a32b1fc75b6451d5dcfa4b531f802164510bdcfaa32b1f805b64e4ecdcfaccff9f875b64510ba506a32bca805b64dfb2dcfa39c4ca805b64510bdcc4392bca805b64dfb2dcfa39c459805b64510bdc22a32bca805b64dfb2dcfa39c4ad805bdf510bdc71269323aa5b6401ba710ea32b1f801e9f510b
2026-10-02 21:19:52.072 [OP] 4106 inv=FFFD len=2 #4 a3c4
2026-10-02 21:19:52.072 [OP] 4111 inv=FFFD len=2 #1 c064
2026-10-02 21:19:52.072 [OP] 4112 inv=FFFD len=2 #1 dcc4
2026-10-02 21:19:52.072 [OP] 4112 inv=FFFD len=2 #2 52c4
2026-10-02 21:19:52.072 [OP] 4112 inv=FFFD len=2 #3 8bc4
2026-10-02 21:19:54.703 [OP] 4109 inv=FF7B len=132 #2 6787c464580b6fc4a32b1f805b64510b6ffaa32b3480fcdffd0bb8c4fd2bca809564510b61caa32b9daac06451ecdcfaa3ae9f8762df510b43faa32b1f805b64510bdcfa0e6f1f801af1510b8bfa612b1fce5b64957fdcfaa52b1f805b64510bdcfaa32b44aa5b64510bdcfaa32b1f805b64510b7cc4a32b1619bacd510bdcfaa91f1f80
2026-10-02 21:19:54.800 [OP] 4105 inv=FFFE len=1 #5 ec
2026-10-02 21:19:54.800 [OP] 4106 inv=FFFD len=2 #5 f853
2026-10-02 21:19:54.800 [OP] 4111 inv=FFFD len=2 #2 9564
2026-10-02 21:19:57.488 [OP] 4109 inv=FE73 len=396 #3 d85dad809564fc75dcfaa32b1f805b64580bdcfa462bf7ce0d64a6d08b5b222bca805b645fc4dcfafdeeca805bf8510bdcfaa32b92aa5b64c70bdcfaa32b1f805b64510b25c4a32b9b805b64510bdcfaa32b1f809564510baeaea32b9d5a946451ecdcfaa32b1f80d1df510bbafaa32b1f805b64510bdcfaf82b1f80a76f510b8b47232b1faa5b6451ecdcfa71531f80df64510bdcfaa32b1f805b644db1dcfa
2026-10-02 21:19:57.488 [OP] 4111 inv=FFFD len=2 #3 d064
2026-10-02 21:19:57.488 [OP] 4112 inv=FFFD len=2 #4 6ac4
2026-10-02 21:19:58.386 [OP] EFFE inv=FFFE len=1 #1 0b
2026-10-02 21:19:58.505 [OUT] 1F51 inv=FFFF len=4 #2 ffff511f
2026-10-02 21:19:58.565 [OP] 4F52 inv=FFFF len=0 #2 
2026-10-02 21:19:58.806 [OP] 4109 inv=FF27 len=216 #4 3e0e392bca809426510bdcfaa32b1f809564510b02faccce2980076ffc0b02faf82b1f8017cd510b526ef82b1faa5b64517fdcfa4b531f802a64510bdcfaa32b1f805b64580bdcfae13b1f80c4c60e0bdcfaa32b1f805b64c927dcfa9b3b1f80c464580bdcc4a32b44aa5b6470d0dcfaa32b1f805b64510b7acaa32b09075b64fc0b90faa35359807fdf510b24caa32b1f805b64510bdcfae13b1f80f5cd510b
2026-10-02 21:19:58.909 [OP] 4111 inv=FFFD len=2 #4 6e64
2026-10-02 21:19:58.910 [OP] 4112 inv=FFFD len=2 #5 6fc4
2026-10-02 21:19:59.764 [SYS] #00FFFF#国庆节特别活动“红旗飘飘贺国庆”#00FF00#正式开启#00FFFF#，冒险者可以在逍遥西的#FF0000#大冒险活动官#00FFFF#处参加活动，收集喜庆用品装饰旗台，赢取丰富的属性及道具奖励，幸运的冒险者还将得到#FF0000#稀有奖励#FFFFFF#！
2026-10-02 21:20:02.568 [OP] 46FE inv=FFFF len=0 #1 
2026-10-02 21:20:03.531 [SETTLE] exp=8001 gold=201748 len=393
2026-10-02 21:20:03.531 [OP] 472A inv=FE76 len=393 #1 0ed8de1f642264510bdcfaa32b1f805b64510bdce9d82b1f805b6451d5dcfaa32934805b64510bdcb1392b1f805b64512290faa32b1f805b6ea10bdcfaa32b1f794664510bdcfaa32b1f805b64510bdcfaa32b1f805b64510bdcfaa32b1f805b64510bdcfaa32b1f805b64510bdcfaa32b1f805b64510bdcfaa32b1f805b64510bdcfaa32b1f805b64510bdc7af82b1fc3956451f16ffaa391ca805bd3580bdc
2026-10-02 21:20:03.638 [OP] 42CE inv=FFFB len=4 #1 c87f510b
2026-10-02 21:20:03.638 [OP] 4211 inv=FFF6 len=9 #1 aa5b64515ca722a34a
2026-10-02 21:20:03.638 [OP] 4211 inv=FFF6 len=9 #2 aa5b6451e3a722a34a
2026-10-02 21:20:03.638 [OP] 4211 inv=FFF6 len=9 #3 aa5b64516d3e22a34a
2026-10-02 21:20:03.638 [OP] 4211 inv=FFF6 len=9 #4 aa5b645134a722a34a
2026-10-02 21:20:08.407 [OP] EFFE inv=FFFE len=1 #2 0b
2026-10-02 21:20:10.647 [OP] 4100 inv=FFF9 len=6 #2 98aa167f457f
2026-10-02 21:20:10.750 [OUT] 1F51 inv=FFFF len=4 #3 ffff511f
2026-10-02 21:20:10.769 [OP] 4101 inv=FC35 len=970 #2 7aecfc0bdcfaa32b1f805b64a552155aa32b1f805b64510bdcfaa32b1f805b64510bdcfaa32b1f80bacdb2b2dcfac37c1f805b64510bac9fa32b1f805b64510bdcfaa32b1f8041cdfc0b52faa32b1f805b646244dcfaf7f51f8056f8510b9b02a32bc8d97b81a552155a4e78c8d93564510b155a4e78ca7726b35c3828d7fb2b1f805b64510bdcfafdc229805b64510bdc4e722b1f805b64510bdcfaa32b1f80
2026-10-02 21:20:10.825 [OP] 4F52 inv=FFFF len=0 #3 
2026-10-02 21:20:11.298 [OP] F005 inv=FFE7 len=24 #1 c2cc763c76faa32b1f805b64510bdcfaa3de8410899f4c0c
2026-10-02 21:20:11.440 [OP] F005 inv=FFE7 len=24 #2 c2cc763c76faa32b1f805b64510bdcfaa3de8410899f4c0c
2026-10-02 21:20:11.440 [OP] F005 inv=FFE7 len=24 #3 c2cc763c76faa32b1f805b64510bdcfaa3de8410899f4c0c
2026-10-02 21:20:11.440 [OP] F005 inv=FFE7 len=24 #4 c2cc763c76faa32b1f805b64510bdcfaa3de8410899f4c0c
2026-10-02 21:20:11.440 [OP] F005 inv=FFE7 len=24 #5 c2cc763c76faa32b1f805b64510bdcfaa3de8410899f4c0c
2026-10-02 21:20:11.726 [OUT] 1001 inv=FFF9 len=10 #2 f9ff01101f805b64510b
2026-10-02 21:20:14.463 [OP] 4109 inv=FFB7 len=72 #5 6787c464517f6fc4a32b1f805b64510b07faa32b62105b6487b1dcfa40ce1f80c0530e0b07faa32b39125b640e7566faa32b1f805b64fc298222a32b39125b64080b66faa32b1f80
2026-10-02 21:20:14.463 [OP] 4111 inv=FFFD len=2 #5 c364
2026-10-02 21:20:20.834 [OUT] 1F51 inv=FFFF len=4 #4 ffff511f
2026-10-02 21:20:20.906 [OP] 4F52 inv=FFFF len=0 #4 
2026-10-02 21:20:28.261 [SETTLE] exp=8856 gold=201748 len=393
2026-10-02 21:20:28.261 [OP] 472A inv=FE76 len=393 #2 0ed8de1f208264510bdcfaa32b1f805b64510bdcc6aa2b1f805b6451d5dcfaa372a5805b64510bdcb1392b1f805b64512290faa32b1f805b6ea10bdcfaa32b1f794664510bdcfaa32b1f805b64510bdcfaa32b1f805b64510bdcfaa32b1f805b64510bdcfaa32b1f805b64510bdcfaa32b1f805b64510bdcfaa32b1f805b64510bdcfaa32b1f805b64510bdcb5a32b1f2c5b6451fa6ffaa3731f805bc7580bdc
2026-10-02 21:20:28.361 [OP] 42CE inv=FFFB len=4 #2 c87f510b
2026-10-02 21:20:28.361 [OP] 4211 inv=FFF6 len=9 #5 aa5b64515ca722a34a
2026-10-02 21:20:28.436 [OP] EFFE inv=FFFE len=1 #3 0b
2026-10-02 21:20:32.781 [OP] 46FE inv=FFFF len=0 #2 
2026-10-02 21:20:37.373 [OP] 4100 inv=FFF9 len=6 #3 98aae37f9d7f
2026-10-02 21:20:37.480 [OP] 4101 inv=FBC5 len=1082 #3 d85dad805b64510bdcfaa32bc8d97b81510bdcfaa32b1f805b64510bdcfaa32b1f805b64510bdcfa5f3b9dca5b6437fddcfaa32b1f80b1d9510bdcfaa32b1f805b64510bdcfa603bad80c464510bdcfaa32bf6455b645943dcfa83931f80807a510b155a4e78c8d97b81a552155ada2b1f807b81a5526fc616876c842d437f0bdcfaa32b1f805b648fae02faa32b1f805bd82d0bdcfaa32b1f805b64510bdcfa
2026-10-02 21:20:37.483 [OUT] 1F51 inv=FFFF len=4 #5 ffff511f
2026-10-02 21:20:37.533 [OP] 4F52 inv=FFFF len=0 #5 
2026-10-02 21:20:38.456 [OUT] 1001 inv=FFF9 len=10 #3 f9ff01101f805b64510b
2026-10-02 21:20:43.461 [OP] EFFE inv=FFFE len=1 #4 0b
2026-10-02 21:20:58.480 [OP] EFFE inv=FFFE len=1 #5 0b
2026-10-02 21:21:02.992 [OP] 46FE inv=FFFF len=0 #3 
2026-10-02 21:21:03.199 [SETTLE] exp=11487 gold=201748 len=393
2026-10-02 21:21:03.199 [OP] 472A inv=FE76 len=393 #3 0ed8de1f061664510bdcfaa32b1f805b64510bdc9a472b1f805b6451d5dcfaa3eaec805b64510bdcb1392b1f805b64512290faa32b1f805b6ea10bdcfaa32b1f794664510bdcfaa32b1f805b64510bdcfaa32b1f805b64510bdcfaa32b1f805b64510bdcfaa32b1f805b64510bdcfaa32b1f805b64510bdcfaa32b1f805b64510bdcfaa32b1f805b64510bdcbdf82b1f2c5b645153dcfaa3731f805b5c510bdc
2026-10-02 21:21:03.310 [OP] 42CE inv=FFFB len=4 #3 c87f510b
2026-10-02 21:21:07.351 [OP] 4100 inv=FFF9 len=6 #4 98aa5bf8c0ec
2026-10-02 21:21:07.512 [OP] 4101 inv=FBC5 len=1082 #4 d85dad805b64510bdcfaa32bc8d97b81510bdcfaa32b1f805b64510bdcfaa32b1f805b64510bdcfa5f3b9dca5b6437fddcfaa32b1f80b1d9510bdcfaa32b1f805b64510bdcfa603bad80c464510bdcfaa32bf6455b645943dcfa83931f80807a510b155a4e78c8d97b81a552155ada2b1f807b81a5526fc616876c842d437f0bdcfaa32b1f805b6451ae02faa32b1f805bd82d0bdcfaa32b1f805b64510bdcfa
2026-10-02 21:21:08.428 [OUT] 1001 inv=FFF9 len=10 #4 f9ff01101f805b64510b
2026-10-02 21:21:21.061 [OUT] 1004 inv=FFF3 len=16 #1 f3ff0410dcfaa32b1f790d64510bdcfa
2026-10-02 21:21:21.193 [OP] 4110 inv=FFFD len=2 #1 b493
2026-10-02 21:21:25.722 [SETTLE] exp=12048 gold=201748 len=403
2026-10-02 21:21:25.724 [OP] 472A inv=FE6C len=403 #4 0ed8de1f770a64510bdcfaa32b1f805b64510bdcf3bd2b1f805b6451d5dcfaa381ec805b64510bdcb1392b1f805b64512290faa32b1f805b6ea10bdcfaa32b1f794664510bdcfaa32b1f805b64510bdcfaa32b1f805b64510bdcfaa32b1f805b64510bdcfaa32b1f805b64510bdcfaa32b1f805b64510bdcfaa32b1f805b64510bdcfaa32b1f805b64510bdcbdf82b1fc3956451f16ffaa3731f805bd3580bdc
2026-10-02 21:21:25.814 [OP] 42CE inv=FFFB len=4 #4 c87f510b
2026-10-02 21:21:32.954 [OP] 4100 inv=FFF9 len=6 #5 98aaebf8237f
2026-10-02 21:21:33.054 [OP] 4101 inv=FC6D len=914 #5 d85dad805b64510bdcfaa32bc8d97b81510bdcfaa32b1f805b64510bdcfaa32b1f805b64510bdcfa5f3b9d4e5b6437fddcfaa32b1f80b1d9510bdcfaa32b1f805b64510bdcfa603bad80c464510bdcfaa32bf6455b645943dcfa83931f80807a510b155a4e78c8d97b81a552155ada2b1f807b81a5526fc616876c842d437f0bdcfaa32b1f805b6451ae02faa32b1f805bd82d0bdcfaa32b1f805b64510bdcfa
2026-10-02 21:21:33.303 [OP] 46FE inv=FFFF len=0 #4 
2026-10-02 21:21:34.037 [OUT] 1001 inv=FFF9 len=10 #5 f9ff01101f805b64510b
2026-10-02 21:21:45.466 [OUT] 1F04 inv=FFF6 len=13 #1 f6ff041fce1f805b61510bdce8
2026-10-02 21:21:45.517 [QUESTION] {"type":"question","sock":2516,"qno":13,"field_a":89,"stem":"光学物理上把能够自身发光的物体叫做？","options":["1、正能量","2、可能叫这个吧","3、阳光普照","4、光源"]}
2026-10-02 21:21:45.852 [SETTLE] exp=7728 gold=201748 len=403
2026-10-02 21:21:45.852 [OP] 472A inv=FE6C len=403 #5 0ed8de1f6a5e64510bdcfaa32b1f805b64510bdcb8d82b1f805b6451d5dcfaa3e334805b64510bdcb1392b1f805b64512290faa32b1f805b6ea10bdcfaa32b1f794664510bdcfaa32b1f805b64510bdcfaa32b1f805b64510bdcfaa32b1f805b64510bdcfaa32b1f805b64510bdcfaa32b1f805b64510bdcfaa32b1f805b64510bdcfaa32b1f805b64510bdc7af82b1f2c5b6451fa6ffaa3ccca805bc7580bdc
2026-10-02 21:21:45.958 [OP] 42CE inv=FFFB len=4 #5 c87f510b
2026-10-02 21:21:46.522 [UI] auto dump on question qno=13
2026-10-02 21:21:46.522 [UI] ---- window dump begin (pid 4644) ----
2026-10-02 21:21:46.527 [UI] TOP=000609BA vis=1 cls=ATL:0132F210 rc=(162,43,1202,990) title=什么什么大冒险2(①逍遥村敬老院)-自由四号_Sep 24 2026《什么什么大冒险》制作委员会QQ群:515616289
2026-10-02 21:21:46.527 [UI] TOP=000709E6 vis=0 cls=DIEmWin rc=(-1,-1,135,38) title=DIEmWin
2026-10-02 21:21:46.544 [UI] TOP=00030A00 vis=0 cls=MSCTFIME UI rc=(0,0,0,0) title=MSCTFIME UI
2026-10-02 21:21:46.552 [UI] TOP=00030A06 vis=0 cls=IME rc=(0,0,0,0) title=Default IME
2026-10-02 21:21:46.552 [UI] TOP=00190668 vis=0 cls=IME rc=(0,0,0,0) title=Default IME
2026-10-02 21:21:46.552 [UI] ---- window dump end ----
2026-10-02 21:21:46.933 [SEND-ANSWER] qno=13 opt=3 ret=13 sock=2516
2026-10-02 21:21:46.987 [SYS] 测试通过！
2026-10-02 21:21:47.083 [SYS] 获得了#00FF00#100#FFF692#金币
2026-10-02 21:21:47.083 [CURRENCY] a=201748 b=276971
2026-10-02 21:21:57.300 [OUT] 1F04 inv=FFF6 len=13 #2 f6ff041fce1f805bc6510bdce8
2026-10-02 21:22:02.018 [OUT] 1004 inv=FFF3 len=16 #2 f3ff0410dcfaa32b1fce0d64510bdcfa
2026-10-02 21:22:02.159 [OP] 4110 inv=FFFD len=2 #2 b493
2026-10-02 21:22:03.512 [OP] 46FE inv=FFFF len=0 #5 
2026-10-02 21:22:06.632 [SETTLE] exp=6525 gold=201748 len=393
2026-10-02 21:22:28.493 [SETTLE] exp=10410 gold=201748 len=393
2026-10-02 21:22:51.551 [SETTLE] exp=8991 gold=201748 len=393
2026-10-02 21:23:18.892 [SETTLE] exp=7593 gold=201748 len=393
2026-10-02 21:23:37.088 [OUT] 1004 inv=FFF3 len=16 #3 f3ff0410dcfaa32b1f120d64510bdcfa
2026-10-02 21:23:37.230 [OP] 4110 inv=FFFD len=2 #3 b493
2026-10-02 21:23:40.401 [SETTLE] exp=9900 gold=201748 len=393
2026-10-02 21:23:59.094 [OUT] 1004 inv=FFF3 len=16 #4 f3ff0410dcfaa32b1f790d64510bdcfa
2026-10-02 21:23:59.357 [OP] 4110 inv=FFFD len=2 #4 b42b
2026-10-02 21:24:05.154 [SETTLE] exp=7839 gold=201748 len=403
2026-10-02 21:24:27.106 [SETTLE] exp=11913 gold=201748 len=393
2026-10-02 21:24:58.051 [SETTLE] exp=10545 gold=201748 len=393
2026-10-02 21:25:25.356 [SETTLE] exp=10680 gold=201748 len=393
2026-10-02 21:25:42.135 [OUT] 1004 inv=FFF3 len=16 #5 f3ff0410dcfaa32b1f790d64510bdcfa
2026-10-02 21:25:42.323 [OP] 4110 inv=FFFD len=2 #5 b42b
2026-10-02 21:25:48.042 [SETTLE] exp=9228 gold=201748 len=393
2026-10-02 21:26:08.350 [SETTLE] exp=10731 gold=201748 len=403
2026-10-02 21:26:39.534 [SETTLE] exp=8586 gold=201748 len=403
2026-10-02 21:27:00.842 [SETTLE] exp=6525 gold=201748 len=403
2026-10-02 21:27:30.770 [SETTLE] exp=8535 gold=201748 len=393
2026-10-02 21:27:58.361 [SETTLE] exp=8265 gold=201748 len=393
2026-10-02 21:28:24.223 [SETTLE] exp=9228 gold=201748 len=403
2026-10-02 21:28:43.346 [SETTLE] exp=10410 gold=201748 len=393
2026-10-02 21:29:10.263 [SETTLE] exp=10356 gold=201748 len=393
2026-10-02 21:29:37.231 [SETTLE] exp=12048 gold=201748 len=403
2026-10-02 21:30:07.733 [SETTLE] exp=11859 gold=201748 len=403
2026-10-02 21:30:39.920 [SETTLE] exp=12636 gold=201748 len=403
2026-10-02 21:30:46.226 [SYS] #00FF00#1#00FFFF#分钟后逍遥村周围将掉落20个宝箱，捡取可获得意外惊喜喔！#FFFFFF#
2026-10-02 21:31:04.836 [SETTLE] exp=10866 gold=201748 len=403
2026-10-02 21:31:26.586 [SETTLE] exp=7404 gold=201748 len=393
2026-10-02 21:31:26.681 [OP] 4210 inv=FFF3 len=12 #1 710bdcfae82b1f8023ecfc0b
2026-10-02 21:31:49.764 [SETTLE] exp=7593 gold=201748 len=403
2026-10-02 21:31:53.359 [OP] 4031 inv=FFE9 len=22 #1 fc0bfafa212b1f805b64520bdc5133f44dab7644780b
2026-10-02 21:32:23.589 [SETTLE] exp=11994 gold=201748 len=393
2026-10-02 21:32:50.081 [SETTLE] exp=10224 gold=201748 len=393
2026-10-02 21:33:19.020 [SETTLE] exp=11859 gold=201748 len=393
2026-10-02 21:33:53.584 [SETTLE] exp=12825 gold=201748 len=393
2026-10-02 21:34:15.479 [SETTLE] exp=6525 gold=201748 len=403
2026-10-02 21:34:36.632 [SETTLE] exp=7914 gold=201748 len=403
2026-10-02 21:34:38.735 [OP] 4018 inv=FFF0 len=15 #1 877a7f51803e22a36fadcf9464510b
2026-10-02 21:35:07.373 [SETTLE] exp=7914 gold=201748 len=403
2026-10-02 21:35:13.440 [SYS] #00FF00#1#00FFFF#分钟后逍遥村周围将掉落20个宝箱，捡取可获得意外惊喜喔！#FFFFFF#
2026-10-02 21:35:27.915 [SETTLE] exp=10749 gold=201748 len=403
2026-10-02 21:35:56.472 [SETTLE] exp=10302 gold=201748 len=403
2026-10-02 21:36:26.743 [SETTLE] exp=12825 gold=201748 len=403
2026-10-02 21:36:50.790 [SETTLE] exp=9363 gold=201748 len=393
2026-10-02 21:37:20.633 [SETTLE] exp=8856 gold=201748 len=403
2026-10-02 21:37:44.491 [SETTLE] exp=7914 gold=201748 len=393
2026-10-02 21:38:05.436 [SETTLE] exp=9363 gold=201748 len=393
2026-10-02 21:38:31.853 [SETTLE] exp=11403 gold=201748 len=403
2026-10-02 21:38:52.945 [SETTLE] exp=10866 gold=201748 len=393
2026-10-02 21:39:17.775 [SETTLE] exp=12048 gold=201748 len=403
2026-10-02 21:39:36.676 [SETTLE] exp=6405 gold=201748 len=393
2026-10-02 21:39:54.524 [SYS] #FFF692#恭喜#FF8CF8#啾咪啾咪#FFF692#打造出#64FF7D#+10#FFF692#装备
2026-10-02 21:39:58.402 [SETTLE] exp=11673 gold=201748 len=393
2026-10-02 21:40:30.015 [SETTLE] exp=11859 gold=201748 len=393
2026-10-02 21:40:51.575 [SETTLE] exp=12555 gold=201748 len=393
2026-10-02 21:41:12.524 [SETTLE] exp=10467 gold=201748 len=393
2026-10-02 21:41:35.837 [SETTLE] exp=10731 gold=201748 len=403
2026-10-02 21:41:56.769 [SETTLE] exp=9042 gold=201748 len=403
2026-10-02 21:42:22.818 [SETTLE] exp=8772 gold=201748 len=393
2026-10-02 21:42:46.155 [SETTLE] exp=7728 gold=201748 len=413
2026-10-02 21:43:13.988 [SETTLE] exp=9900 gold=201748 len=393
2026-10-02 21:43:37.313 [SETTLE] exp=9552 gold=201748 len=393
2026-10-02 21:44:03.253 [SETTLE] exp=10731 gold=201748 len=403
2026-10-02 21:44:27.414 [SETTLE] exp=7404 gold=201748 len=403
2026-10-02 21:44:45.941 [SETTLE] exp=9228 gold=201748 len=403
2026-10-02 21:44:46.038 [OP] 40E6 inv=FFF3 len=12 #1 d85dad808451510bdcfaa32b
2026-10-02 21:44:46.039 [OP] 40E0 inv=FED1 len=302 #1 238052fa49de1f805b64510be0e8a32b1f805b649cd0dcfaa32b1f807ef8510bdcfaa32b7d035b64fc0bdcfad82b1f809e64510b52faa32bad805b64fc0bdcfa7a2b1f804b64510b52faa32b6d805b64e17fdcfa6c2b1f803164510b87faa32bb3aa5b64580bdcfa312b1f800d64510b8ffaa32b1f805b64510bdcfaa32b1f805b64510bdcfaa32b1f805b64430bdcfaa32b1f805b64510bdcfaa32b1f805b64
2026-10-02 21:44:46.040 [OP] 40E3 inv=FFDF len=32 #1 3e0e392ba51e5b64370b6afa812b62801264830be4fa232b6980c364970be6fa
2026-10-02 21:44:46.040 [OP] 40E2 inv=FF97 len=104 #1 6787c464fe0bb3fac32bca800664830b72c4232be2aa406452ec52fafb53ca8029df580b43c4232bb0aac46418ec6afae4539d80fcdfb20be9c4462b21aa1c64e9ec8bfa3e539d808fdfb20b85c4fd2bceaa1c64e0ec6ffad553ca8058df580b40c4f82ba0aa9564
2026-10-02 21:44:46.040 [OP] 4233 inv=FFFA len=5 #1 877a7f510b
2026-10-02 21:44:46.040 [OP] 40F6 inv=FFEF len=16 #1 d85dad808b26510bdcfaa32b1f80c364
2026-10-02 21:44:46.040 [OP] 4232 inv=FF60 len=159 #1 ec23d0dce0a32b1f4f5b645127dcfaa3de1f805b6f510bdc1c462b1f805b64510bdcfaa32b1f805b64510bdcfaa32b1f805b64510bdcfaa30ead805b64510bdc5df82b1f805b6451e752faa32b1f805bf6580bdcfaa32b1f477a64516f52faa318ca805b5e510bdc25a32b1fef5b6451c4dcfaa3c7ad805ba5510bdc1aa32b1f8e5b64510bdcfaa32cd672eca2d661e2b05b931f805b64510bdcfaa32b1f80
2026-10-02 21:44:46.040 [OP] 4210 inv=FFF3 len=12 #2 140bdcfaef2b1f807aecfc0b
2026-10-02 21:45:08.816 [SETTLE] exp=8076 gold=201748 len=403
2026-10-02 21:45:32.225 [SETTLE] exp=5253 gold=201748 len=393
2026-10-02 21:45:58.101 [SETTLE] exp=10377 gold=201748 len=393
2026-10-02 21:46:22.340 [SETTLE] exp=8238 gold=201748 len=403
2026-10-02 21:46:48.290 [SETTLE] exp=6159 gold=201748 len=403
2026-10-02 21:47:13.604 [SYS] #00FF00#1#00FFFF#分钟后逍遥村周围将掉落20个宝箱，捡取可获得意外惊喜喔！#FFFFFF#
2026-10-02 21:47:15.726 [SETTLE] exp=9462 gold=201748 len=403
2026-10-02 21:47:40.978 [SETTLE] exp=8826 gold=201748 len=403
2026-10-02 21:48:06.526 [SETTLE] exp=7749 gold=201748 len=393
2026-10-02 21:48:24.743 [SETTLE] exp=8076 gold=201748 len=403
2026-10-02 21:48:50.137 [SETTLE] exp=7677 gold=201748 len=393
2026-10-02 21:49:20.685 [SETTLE] exp=10212 gold=201748 len=393
2026-10-02 21:49:45.241 [SETTLE] exp=8076 gold=201748 len=403
2026-10-02 21:49:59.768 [SYS] #00FFFF#国庆节特别活动“红旗飘飘贺国庆”将于#00FF00#10#00FFFF#分钟后结束，装饰国旗将在活动结束#00FF00#30#00FFFF#分钟后关闭。请冒险者抓紧时间喔！#FFFFFF#
2026-10-02 21:50:15.303 [SETTLE] exp=9225 gold=201748 len=393
2026-10-02 21:50:22.543 [SYS] #00FF00#1#00FFFF#分钟后逍遥村周围将掉落20个宝箱，捡取可获得意外惊喜喔！#FFFFFF#
2026-10-02 21:50:38.938 [SETTLE] exp=9507 gold=201748 len=393
2026-10-02 21:51:00.448 [SETTLE] exp=8316 gold=201748 len=393
2026-10-02 21:51:26.546 [SETTLE] exp=9345 gold=201748 len=393
2026-10-02 21:51:50.064 [SETTLE] exp=5349 gold=201748 len=403
2026-10-02 21:52:11.626 [SETTLE] exp=8781 gold=201748 len=393
2026-10-02 21:52:42.091 [SETTLE] exp=9744 gold=201748 len=403
2026-10-02 21:53:07.473 [SETTLE] exp=8946 gold=201748 len=403
2026-10-02 21:53:17.648 [SYS] #FFF692#恭喜#FF8CF8#岚华骏铭#FFF692#在#00C8F8#国庆福袋#FFF692#中获得了#64FF7D#本命神宠-魔法
2026-10-02 21:53:35.205 [SETTLE] exp=8076 gold=201748 len=393
2026-10-02 21:53:37.591 [OP] 4031 inv=FFDE len=33 #2 b05175dce8a32b1faa5be1aede8674c149b2e941d84cdea1faa3dd367f1a998a0b
2026-10-02 21:53:54.560 [SETTLE] exp=7959 gold=201748 len=393
2026-10-02 21:54:17.958 [SETTLE] exp=10704 gold=201748 len=403
2026-10-02 21:54:46.315 [SETTLE] exp=-15012 gold=201748 len=393
2026-10-02 21:54:46.363 [OP] 4707 inv=FFF3 len=12 #1 d85dad807aecfc0b17faa32b
2026-10-02 21:54:46.363 [OP] 40E0 inv=FED1 len=302 #2 238052fa49de1f805b64510be0e8a32b1f805b649cd0dcfaa32b1f807ef8510bdcfaa32b7d035b64fc0bdcfad82b1f809e64510b52faa32bad805b64fc0bdcfa7a2b1f804b64510b52faa32b6d805b64e17fdcfa6c2b1f803164510b87faa32bb3aa5b64580bdcfa312b1f800d64510b8ffaa32b1f805b64510bdcfaa32b1f805b64510bdcfaa32b1f805b64430bdcfaa32b1f805b64510bdcfaa32b1f805b64
2026-10-02 21:54:46.363 [OP] 40E3 inv=FFDF len=32 #2 3e0e392ba5d97b81370b6afa812b62801264830be4fa232b6980c364970be6fa
2026-10-02 21:54:46.363 [OP] 40E2 inv=FF97 len=104 #2 6787c464feb252fac32bca800664830b72c4232be2aa406452ec52fafb53ca8029df580b43c4232bb0aac46418ec6afae4539d80fcdfb20be9c4462b21aa1c64e9ec8bfa3e539d808fdfb20b85c4fd2bceaa1c64e0ec6ffad553ca8058df580b40c4f82ba0aa9564
2026-10-02 21:54:46.363 [OP] 4232 inv=FF60 len=159 #2 ec23d0dce0a32b1f4f5b645127dcfaa3de1f805b6f510bdc1c462b1f805b64510bdcfaa32b1f805b64510bdcfaa32b1f805b64510bdcfaa30ead805b64510bdc5df82b1f805b6451e752faa32b1f805bf6580bdcfaa32b1f477a6451f552faa318ca805b5e510bdc25a32b1fef5b6451c4dcfaa3c7ad805ba5510bdc1aa32b1f8e5b64510bdcfaa32cd672eca2d661e2b05b931f805b64510bdcfaa32b1f80
2026-10-02 21:54:46.363 [OP] 4232 inv=FF60 len=159 #3 ec23d0dcaea32b1f8c5b6451b2dcfaa3061f805b08510bdccd202b1f805b64510bdcfaa32b1f805b64510bdcfaa32b1f805b64510bdcfaa3281f805b64510bdcb2a32b1f805b6451d7dcfaa32b1f805b11510bdcfaa32b1f007a6451e3dcfaa3931f805b7f510bdce0a32b1fef5b6451c4dcfaa37c1f805bf8510bdce0a32b1f4f5b64510bdcfaa32cd672eca2d661e2b05b2b1f805bdf510bdcfaa32b1f80
2026-10-02 21:54:46.365 [OP] 4202 inv=FFEF len=16 #1 230bdcfaa32b1f800ea9510b4a5ba32b
2026-10-02 21:54:46.365 [OP] 4055 inv=FFF7 len=8 #1 7aecfc0bdcfaa32b
2026-10-02 21:54:46.365 [OP] 4613 inv=FFB8 len=71 #1 aaadfdfeece6faddb359c24cf829246a57ff93182c94df01a2905e5924eda6c3df58ec6ffaa353caaa5b731cad5498f8ef1f805b64510bdcc4a32beceb066d0d7928bbea2b1f80
2026-10-02 21:54:46.365 [OP] 40A0 inv=FCAF len=848 #1 7aecfc0ba9c6392bcdc75b647dd0dcfadb4a3826f012510bdcfaa32b1f805b64510bdcfaa32b1f805b64510bdcfaa32b1f805b64510bdcfaa32b1f80a237d475f6dcd62402c75b6440ecdcfadb4a3268bef22e60dcfaa32b1f805b64510bdcfaa32b1f805b64510bdcfaa32b1f805b64510bdcfaa32b1f80b7a9a675d2308f24f4c75b64d4c4dcfadb4a7caf33b4303ccdb38023db065b64510bdcfaa32b1f80
2026-10-02 21:54:46.365 [OP] 4613 inv=FD57 len=680 #2 a7a5414cd0ce40cd623fb2b98b65622e555358ec888c23e970793ef558ec6fc4a32bcaaa9564e55d4a3002535c805b08510b90faa32b1f8cbe552ef3aae6d1821f805bdaddbf6fe0a376b9c78a6c0e2e585b1df759630ff858ef23e84c7362fb2b5358ec6fc4a32bcaaa9564e55d4a30025325805b64510bdcfaf82b1f8ced3572a47db7854d1f805bcf43806fe020957a30a03c10273057b4644fa9d6df1962
2026-10-02 21:54:58.736 [OP] 4612 inv=FFF7 len=8 #1 ca805b6449b790fa
2026-10-02 21:54:59.774 [SYS] #00FFFF#国庆节特别活动“红旗飘飘贺国庆”将于#00FF00#5#00FFFF#分钟后结束，装饰国旗将在活动结束#00FF00#30#00FFFF#分钟后关闭。请冒险者抓紧时间喔！#FFFFFF#
2026-10-02 21:55:29.061 [OP] 4031 inv=FFDE len=33 #3 375127dcc6a32b1faa5b499fde866dd7b3c29e92eb030bdc5950b9315e8487650b
2026-10-02 21:55:43.385 [OP] 4613 inv=FF2A len=213 #3 deba340e8c58d5c6c4f8533832ab61eb881b7df8708620c0384eaefac44c98adaa9535debfdcfaf853ca80f382c0fd60c4902b59805b640e0bdcc4a3d902d6f2c1e866c63b304386e941eb03a4b1971d2b1fb860afa4d5dc5e56882ec22f53de951db5db7400aaaf24b6a0caa36398adaa95df510b6fc4f82bd2b750d943ec68faf82b1f80c464580bdcca5497027b68fd05e958faa32b18340e0e0b0b6fc4b9
2026-10-02 21:55:43.385 [OP] 4613 inv=FF7B len=132 #4 59b860afa4d5dc5e56882ec22f53de951db5db7400aaaf24b6a0caa36398adaa95df510b6fc4f82bd2b750d943ec68faf82b1f80c464580bdcca5497027b68fd05e958faa32b18340e0e0b0b6fc4b93b1440b85c0e77e3c4ef16534195dfea1a52c4f82b1faa95df5105e7cdb751cad45bdfdb81dc22a3531f8040c9e85ee414922b1f80
2026-10-02 21:55:43.385 [OP] 4613 inv=FFC0 len=63 #5 5318340e0e0b0b6fc4b93b1440b85c0e77e3c4ef16534195dfea1a52c4f82b1faa95df5105e7cdb751cad45bdfdb81dc22a3531f8040c9e85ee414922b1f80
2026-10-02 21:56:19.994 [OP] 4612 inv=FFF7 len=8 #2 ca805b6470ee90fa
2026-10-02 21:56:20.896 [OP] 4612 inv=FFEF len=16 #3 c464510b4a30392b652d94647d1c6ffa
2026-10-02 21:56:20.897 [OP] 4612 inv=FFF3 len=12 #4 90faa32b652d94647d1c6ffa
2026-10-02 21:56:20.897 [OP] 4612 inv=FFF7 len=8 #5 ca805b647d1c6ffa
2026-10-02 21:57:24.031 [OP] 4031 inv=FFDC len=35 #4 775bf15145dcfaa32b1f676f5b1360a201337a40e9e991740bdc80eb797136e4e5e20b
2026-10-02 21:58:27.890 [OP] 4031 inv=FFD7 len=40 #5 3bfa612b56805b64510b2c0b979c5fc2669b8793884e32ebe905b46451e42a2a2b3cc534be42b30b
2026-10-02 21:58:39.112 [OP] 43F1 inv=FFFA len=5 #1 f5b4de1faa
2026-10-02 21:58:59.772 [SYS] #00FFFF#国庆节特别活动“红旗飘飘贺国庆”将于#00FF00#1#00FFFF#分钟后结束，装饰国旗将在活动结束#00FF00#30#00FFFF#分钟后关闭。请冒险者抓紧时间喔！#FFFFFF#
2026-10-02 21:59:33.877 [OP] 43F1 inv=FFFA len=5 #2 3043931faa
2026-10-02 21:59:59.775 [SYS] #00FFFF#国庆焰火晚会开始了，冒险者可到旗台处参与燃放烟花，幸运者还可能得到稀有奖励喔！装饰国旗以及燃放烟花将在#00FF00#30#00FFFF#分钟后关闭，请冒险者抓紧时间喔！#FFFFFF#
2026-10-02 22:01:33.951 [OP] 43F1 inv=FFFA len=5 #3 3043931faa
2026-10-02 22:02:35.636 [OP] 40EB inv=FFE7 len=24 #1 3e0e392b41a0c464f30bdcc6a32b1f809564510b3dc0a32b
2026-10-02 22:02:37.375 [OP] 40EB inv=FFE7 len=24 #2 3e0e392b40d39464f40bdcc6a32b1f809564510b45c0a32b
2026-10-02 22:02:44.186 [OP] 43F1 inv=FFFA len=5 #4 33b4de1faa
2026-10-02 22:02:44.279 [OP] 4704 inv=FFDE len=33 #1 803e22a39ef3ce5b92510bdc4fa32b1feb066d0d7928bbea2b1f805b64510bdcfa
2026-10-02 22:02:46.828 [OUT] 0031 inv=FFCE len=53 #1 ceff31006451e09033b4de1f4f5b6451b9dcfaa32b1f805b75510bdce8a32b1f805b6451a2da2bf0774b341a64510bdcfaa32b1f80
2026-10-02 22:02:46.971 [OP] 401B inv=FEB3 len=332 #1 d85dad800d64510b17faa32b7207c464530bdcfa972b1f80afc6510bdcfaa32be4c65b64510bdcfae9931f805b64510bffe8a32b1f805b64bc595ab12b219f805b64510bdcfaa32b1fd3946412b252fada2b1f802964510bac9fa32b1f805b6437fddcfaa32b1f8012f8510bdcfaa32be0c75b64510bdcfa16876c842d437f0bdcfaa32b1f805b6451cd52faa63bad803564510b68faa32b53ca5b64510bdcfa
2026-10-02 22:02:57.400 [OP] 40A0 inv=FE8F len=368 #2 7aecfc0be633db2bb8805b643875dcfadb4ab5c13cf2bc05b600f07f9aeb5b64510bdcfaa32b1f805b64510bdcfaa32b1f805b64510bdcfaa32b1f803cc690b1076ee64a4cc75b64190bdcfadb4a0bc1f055510bdcfaa32b1f805b64510bdcfaa32b1f805b64510bdcfaa32b1f805b64510bdcfaa32b1f801bc6a0b1a96e054a15c75b64317fdcfadb4a7caf855d3064288d4cb51f805b64510bdcfaa32b1f80
2026-10-02 22:02:58.399 [OP] 40A0 inv=FF07 len=248 #3 7aecfc0b8bfadb2b3ec75b64950bdcfadb4a6c05c267510bdcfaa32b1f805b64510bdcfaa32b1f805b64510bdcfaa32b1f805b64510bdcfaa32b1f80b7d9dfd0d29fe1dee5c75b64237fdcfadb4adb2f6340510bdcfaa32b1f805b64510bdcfaa32b1f805b64510bdcfaa32b1f805b64510bdcfaa32b1f80f8d965d0329f41de1cc75b641ac4dcfadb4a429a24ca5c00cd974148b97a632a510bdcfaa32b1f80
2026-10-02 22:03:02.410 [OP] 40A0 inv=FF43 len=188 #4 7aecfc0b525ba32b7ac75b6453ecdcfadb4a363c3ee11e9edcfaa32b1f805b64510bdcfaa32b1f805b64510bdcfaa32b1f805b64510bdcfaa32b1f80cac6b97f106ec8932bc75b64c57fdcfadb4a121a2d40510bdcfaa32b1f805b64510bdcfaa32b1f805b64510bdcfaa32b1f805b64510bdcfaa32b1f8000c6527f956e519346c75b64e90bdcfadb4ac3fbdb22072f7d166aa11f805b64510bdcfaa32b1f80
2026-10-02 22:03:04.427 [OP] 40A0 inv=FF43 len=188 #5 7aecfc0b525ba32b24c75b64a67fdcfadb4a962f98da510bdcfaa32b1f805b64510bdcfaa32b1f805b64510bdcfaa32b1f805b64510bdcfaa32b1f80337ae4d0aa02a8de8dc75b6403d0dcfadb4ae49ee986960a5af1d47f722c3c49510bdcfaa32b1f805b64510bdcfaa32b1f805b64510bdcfaa32b1f8066be72d0584765de6cb65b6439ecdcfadb4a7caf33b4303c60d18b02b5d85b64510bdcfaa32b1f80
2026-10-02 22:03:07.537 [SYS] #FFF692#交纳传送费用#00CCFF#690#FFF692#金币！
2026-10-02 22:03:07.537 [SYS] #ff0000#您已进入野外区域，可能遭遇玩家间的自由对战，请注意安全！#ffffff#
2026-10-02 22:03:07.537 [CURRENCY] a=201748 b=276281
2026-10-02 22:03:07.537 [OP] 40E0 inv=FED1 len=302 #3 238052fa49de1f805b64510be0e8a32b1f805b649cd0dcfaa32b1f807ef8510bdcfaa32b7d035b64fc0bdcfad82b1f809e64510b52faa32bad805b64fc0bdcfa7a2b1f804b64510b52faa32b6d805b64e17fdcfa6c2b1f803164510b87faa32bb3aa5b64580bdcfa312b1f800d64510b8ffaa32b1f805b64510bdcfaa32b1f805b64510bdcfaa32b1f805b64430bdcfaa32b1f805b64510bdcfaa32b1f805b64
2026-10-02 22:03:07.537 [OP] 40E3 inv=FFDF len=32 #3 3e0e392ba5d97b81370b6afa812b62801264830be4fa232b6980c364970be6fa
2026-10-02 22:03:07.540 [OP] 40E2 inv=FF97 len=104 #3 6787c464fe0b52fac32bca800664830b72c4232be2aa406452ec52fafb53ca8029df580b43c4232bb0aac46418ec6afae4539d80fcdfb20be9c4462b21aa1c64e9ec8bfa3e539d808fdfb20b85c4fd2bceaa1c64e0ec6ffad553ca8058df580b40c4f82ba0aa9564
2026-10-02 22:03:07.540 [OP] 4232 inv=FF60 len=159 #4 ec23d0dce0a32b1f4f5b645127dcfaa3de1f805b6f510bdc1c462b1f805b64510bdcfaa32b1f805b64510bdcfaa32b1f805b64510bdcfaa30ead805b64510bdc5df82b1f805b6451e752faa32b1f805bf6580bdcfaa32b1f477a6451f552faa318ca805b5e510bdc25a32b1fef5b6451c4dcfaa3c7ad805ba5510bdc1aa32b1f8e5b64510bdcfaa32cd672eca2d661e2b05b931f805b64510bdcfaa32b1f80
2026-10-02 22:03:07.541 [OP] 4232 inv=FF60 len=159 #5 ec23d0dcaea32b1f8c5b6451b2dcfaa3061f805b08510bdccd202b1f805b64510bdcfaa32b1f805b64510bdcfaa32b1f805b64510bdcfaa3281f805b64510bdcb2a32b1f805b6451d7dcfaa32b1f805b11510bdcfaa32b1f007a6451e3dcfaa3931f805b7f510bdce0a32b1fef5b6451c4dcfaa37c1f805bf8510bdce0a32b1f4f5b64510bdcfaa32cd672eca2d661e2b05b2b1f805bdf510bdcfaa32b1f80
2026-10-02 22:03:07.541 [OP] 401B inv=FEB3 len=332 #2 d85dad800d64510b17faa32b7207c464530bdcfa972b1f80afc6510bdcfaa32be4c65b64510bdcfae9931f805b64510bffe8a32b1f805b64bc595ab12b219f805b64510bdcfaa32b1faa5b6412b252fada2b1f802964510bac9fa32b1f805b6437fddcfaa32b1f8012f8510bdcfaa32be0c75b64510bdcfa16876c842d437f0bdcfaa32b1f805b64510bdcfaa63bad803564510b68faa32b53ca5b64510bdcfa
2026-10-02 22:03:07.642 [OP] 4202 inv=FFEF len=16 #2 b7ecdcfa572b1f80f7df510b94c4a32b
2026-10-02 22:03:07.642 [OP] 4055 inv=FFF7 len=8 #2 7aecfc0bdcfaa32b
2026-10-02 22:03:13.698 [SYS] #ff0000#您已进入野外区域，可能遭遇玩家间的自由对战，请注意安全！#ffffff#
2026-10-02 22:03:13.752 [OP] 40E0 inv=FED1 len=302 #4 238052fa49de1f805b64510be0e8a32b1f805b649cd0dcfaa32b1f807ef8510bdcfaa32b7d035b64fc0bdcfad82b1f809e64510b52faa32bad805b64fc0bdcfa7a2b1f804b64510b52faa32b6d805b64e17fdcfa6c2b1f803164510b87faa32bb3aa5b64580bdcfa312b1f800d64510b8ffaa32b1f805b64510bdcfaa32b1f805b64510bdcfaa32b1f805b64430bdcfaa32b1f805b64510bdcfaa32b1f805b64
2026-10-02 22:03:13.752 [OP] 40E3 inv=FFDF len=32 #4 3e0e392ba5d97b81370b6afa812b62801264830be4fa232b6980c364970be6fa
2026-10-02 22:03:13.752 [OP] 40E2 inv=FF97 len=104 #4 6787c464fe0b52fac32bca800664830b72c4232be2aa406452ec52fafb53ca8029df580b43c4232bb0aac46418ec6afae4539d80fcdfb20be9c4462b21aa1c64e9ec8bfa3e539d808fdfb20b85c4fd2bceaa1c64e0ec6ffad553ca8058df580b40c4f82ba0aa9564
2026-10-02 22:03:13.752 [OP] 401B inv=FEB3 len=332 #3 d85dad800d64510b17faa32b7207c464530bdcfa972b1f80afc6510bdcfaa32be4c65b64510bdcfae9931f805b64510bffe8a32b1f805b64bc595ab12b219f805b64510bdcfaa32b1f41da4f12b252fada2b1f802964510bac9fa32b1f805b6437fddcfaa32b1f8012f8510bdcfaa32be0c75b64510bdcfa16876c842d437f0bdcfaa32b1f805b64510bdcfaa63bad803564510b68faa32b53ca5b64510bdcfa
2026-10-02 22:03:13.752 [OP] 4202 inv=FFEF len=16 #3 15ecdcfab42b1f8056df510bf5baa32b
2026-10-02 22:03:13.752 [OP] 4055 inv=FFF7 len=8 #3 7aecfc0bdcfaa32b
2026-10-02 22:03:27.701 [SYS] #00FF00#1#00FFFF#分钟后逍遥村周围将掉落20个宝箱，捡取可获得意外惊喜喔！#FFFFFF#
2026-10-02 22:03:41.726 [SETTLE] exp=5802 gold=201748 len=393
2026-10-02 22:04:03.487 [SETTLE] exp=5484 gold=201748 len=393
2026-10-02 22:04:20.741 [SETTLE] exp=7764 gold=201748 len=393
2026-10-02 22:04:44.469 [SETTLE] exp=4545 gold=201748 len=403
2026-10-02 22:04:47.752 [SYS] #FF8CF8#【岚华】#00FFFF#放了一个大炮仗，在逍遥村东区周围炸出红星券，大家快来抢哟！
2026-10-02 22:05:06.779 [SETTLE] exp=5397 gold=201748 len=403
2026-10-02 22:05:30.259 [SETTLE] exp=5328 gold=201748 len=403
2026-10-02 22:05:30.359 [OP] 4235 inv=FFFA len=5 #1 5d67ce5b64
2026-10-02 22:05:52.506 [SETTLE] exp=5958 gold=201748 len=393
2026-10-02 22:06:14.455 [SETTLE] exp=5823 gold=201748 len=403
2026-10-02 22:06:35.762 [SETTLE] exp=3852 gold=201748 len=403
2026-10-02 22:06:54.080 [SETTLE] exp=5085 gold=201748 len=403
2026-10-02 22:07:18.669 [SETTLE] exp=6687 gold=201748 len=393
2026-10-02 22:07:38.415 [SETTLE] exp=5901 gold=201748 len=393
2026-10-02 22:08:05.402 [SETTLE] exp=8370 gold=201748 len=403
2026-10-02 22:08:31.787 [SETTLE] exp=7167 gold=201748 len=393
2026-10-02 22:08:53.703 [SETTLE] exp=7335 gold=201748 len=403
2026-10-02 22:09:14.892 [SETTLE] exp=8313 gold=201748 len=403
2026-10-02 22:09:24.423 [SYS] #FF8CF8#【岚华】#00FFFF#放了一个大炮仗，在逍遥村东区周围炸出红星券，大家快来抢哟！
2026-10-02 22:09:40.959 [SETTLE] exp=10422 gold=201748 len=403
2026-10-02 22:10:03.161 [SETTLE] exp=7350 gold=201748 len=403
2026-10-02 22:10:24.308 [SETTLE] exp=7065 gold=201748 len=403
2026-10-02 22:10:32.576 [SYS] #FF8CF8#【岚华】#00FFFF#放了一个大炮仗，在逍遥村东区周围炸出红星券，大家快来抢哟！
2026-10-02 22:11:14.172 [SETTLE] exp=10821 gold=201748 len=393
2026-10-02 22:11:39.880 [SETTLE] exp=7959 gold=201748 len=393
2026-10-02 22:11:47.112 [SYS] #FF8CF8#【岚华】#00FFFF#放了一个大炮仗，在逍遥村东区周围炸出红星券，大家快来抢哟！
2026-10-02 22:12:10.664 [SETTLE] exp=10776 gold=201748 len=393
2026-10-02 22:12:37.108 [SETTLE] exp=6198 gold=201748 len=393
2026-10-02 22:13:02.089 [SETTLE] exp=6315 gold=201748 len=393
2026-10-02 22:13:22.484 [SETTLE] exp=10986 gold=201748 len=403
2026-10-02 22:13:44.751 [SETTLE] exp=6363 gold=201748 len=393
2026-10-02 22:14:11.788 [SETTLE] exp=9624 gold=201748 len=393
2026-10-02 22:14:36.083 [SETTLE] exp=8358 gold=201748 len=403
2026-10-02 22:14:54.627 [SYS] #FF8CF8#【岚华】#00FFFF#放了一个大炮仗，在逍遥村东区周围炸出红星券，大家快来抢哟！
2026-10-02 22:15:04.873 [SETTLE] exp=9345 gold=201748 len=393
2026-10-02 22:15:37.554 [SETTLE] exp=10659 gold=201748 len=403
2026-10-02 22:16:03.277 [SYS] #FF8CF8#【岚华】#00FFFF#放了一个大炮仗，在逍遥村东区周围炸出红星券，大家快来抢哟！
2026-10-02 22:16:05.057 [SETTLE] exp=8946 gold=201748 len=393
2026-10-02 22:16:23.697 [SETTLE] exp=7191 gold=201748 len=403
2026-10-02 22:16:50.490 [SETTLE] exp=8031 gold=201748 len=393
2026-10-02 22:17:12.478 [SETTLE] exp=4905 gold=201748 len=393
2026-10-02 22:17:32.443 [SETTLE] exp=8238 gold=201748 len=403
2026-10-02 22:17:58.452 [SETTLE] exp=8076 gold=201748 len=393
2026-10-02 22:18:23.340 [SETTLE] exp=8826 gold=201748 len=403
2026-10-02 22:18:49.939 [SETTLE] exp=10212 gold=201748 len=393
2026-10-02 22:19:15.561 [SETTLE] exp=8076 gold=201748 len=403
2026-10-02 22:19:42.091 [SETTLE] exp=8076 gold=201748 len=403
2026-10-02 22:19:42.091 [SYS] 获得了#00FF00#1#FFF692#个#64FF7D#黄玉葫芦
2026-10-02 22:19:42.091 [OP] 4020 inv=FFE7 len=24 #1 238052fa672bca8094cdfc0bcea7a32bca8095641c0b6ffa
2026-10-02 22:19:42.143 [OUT] 0045 inv=FFF7 len=12 #1 f7ff4500510bdcfa982b1f80
2026-10-02 22:19:42.290 [OP] 4025 inv=FFF5 len=10 #1 98533832c4df51ece2fa
2026-10-02 22:20:02.592 [SETTLE] exp=8547 gold=201748 len=393
2026-10-02 22:20:30.601 [SETTLE] exp=6762 gold=201748 len=403
2026-10-02 22:20:54.170 [SETTLE] exp=8901 gold=201748 len=403
2026-10-02 22:20:58.847 [SYS] #FF8CF8#【岚华】#00FFFF#放了一个大炮仗，在逍遥村东区周围炸出红星券，大家快来抢哟！
2026-10-02 22:21:24.259 [SETTLE] exp=8076 gold=201748 len=403
2026-10-02 22:21:50.539 [SETTLE] exp=9108 gold=201748 len=403
2026-10-02 22:22:17.090 [SETTLE] exp=9108 gold=201748 len=393
2026-10-02 22:22:38.452 [SETTLE] exp=6081 gold=201748 len=403
2026-10-02 22:23:05.494 [SETTLE] exp=9183 gold=201748 len=393
2026-10-02 22:23:08.760 [SYS] #FF8CF8#【岚华骏铭】#00FFFF#放了一个大炮仗，在逍遥村东区周围炸出红星券，大家快来抢哟！
2026-10-02 22:23:31.408 [SETTLE] exp=7284 gold=201748 len=393
2026-10-02 22:23:36.460 [SYS] #FF8CF8#【岚华骏铭】#00FFFF#放了一个大炮仗，在逍遥村东区周围炸出红星券，大家快来抢哟！
2026-10-02 22:23:58.313 [SETTLE] exp=9225 gold=201748 len=393
2026-10-02 22:24:25.995 [SETTLE] exp=8358 gold=201748 len=403
2026-10-02 22:24:47.647 [SYS] 获得了#00FF00#1#FFF692#个#64FF7D#碧玉葫芦
2026-10-02 22:24:47.647 [SETTLE] exp=10095 gold=201748 len=393
2026-10-02 22:24:47.748 [OP] 4020 inv=FFE7 len=24 #2 238052fa672bca8094cdfc0b91a7a32bca809564630b6ffa
2026-10-02 22:24:47.761 [OUT] 0045 inv=FFF7 len=12 #2 f7ff4500510bdcfabd2b1f80
2026-10-02 22:24:47.850 [OP] 4025 inv=FFF5 len=10 #2 bd533832c4df51ece2fa
2026-10-02 22:25:11.417 [SETTLE] exp=9225 gold=201748 len=393
2026-10-02 22:25:33.715 [SETTLE] exp=6597 gold=201748 len=393
2026-10-02 22:25:56.840 [SETTLE] exp=7677 gold=201748 len=403
2026-10-02 22:26:15.013 [SETTLE] exp=6924 gold=201748 len=403
2026-10-02 22:26:36.509 [SETTLE] exp=9390 gold=201748 len=403
2026-10-02 22:26:59.766 [SYS] #00FFFF#国庆焰火晚会开始了，冒险者可到旗台处参与燃放烟花，幸运者还可能得到稀有奖励喔！装饰国旗以及燃放烟花将在#00FF00#3#00FFFF#分钟后关闭，请冒险者抓紧时间喔！#FFFFFF#
2026-10-02 22:27:11.805 [SETTLE] exp=9624 gold=201748 len=403
2026-10-02 22:27:30.968 [SYS] #FF8CF8#【岚华骏铭】#00FFFF#放了一个大炮仗，在逍遥村东区周围炸出红星券，大家快来抢哟！
2026-10-02 22:27:35.737 [SETTLE] exp=6378 gold=201748 len=403
2026-10-02 22:28:01.530 [SETTLE] exp=8946 gold=201748 len=403
2026-10-02 22:28:27.756 [SETTLE] exp=9225 gold=201748 len=403
2026-10-02 22:28:49.135 [SETTLE] exp=7677 gold=201748 len=403
2026-10-02 22:29:08.566 [SETTLE] exp=7512 gold=201748 len=393
2026-10-02 22:29:32.053 [SETTLE] exp=5127 gold=201748 len=403
2026-10-02 22:29:57.121 [SETTLE] exp=9507 gold=201748 len=403
2026-10-02 22:29:59.762 [SYS] #00FFFF#国庆节特别活动“红旗飘飘贺国庆”以及国庆焰火晚会到此结束，谢谢各位冒险者的热情参与，祝所有冒险者国庆快乐！#FFFFFF#
2026-10-02 22:30:20.744 [SETTLE] exp=6315 gold=201748 len=393
2026-10-02 22:30:37.824 [SETTLE] exp=10143 gold=201748 len=403
2026-10-02 22:31:00.339 [SETTLE] exp=6480 gold=201748 len=403
2026-10-02 22:31:00.436 [OP] 40E6 inv=FFF3 len=12 #2 d85dad80f6b0510bdcfaa32b
2026-10-02 22:31:00.436 [OP] 40E0 inv=FED1 len=302 #5 238052fa86de1f805b64510bd8e8a32b1f805b64bed0dcfaa32b1f80d7f8510bdcfaa32b7d035b64fc0bdcfad82b1f809e64510b52faa32bad805b64fc0bdcfa7a2b1f804b64510b52faa32b6d805b645c7fdcfa6c2b1f803164510b87faa32bacaa5b64580bdcfa312b1f800d64510b8ffaa32b1f805b64510bdcfaa32b1f805b64510bdcfaa32b1f805b64430bdcfaa32b1f805b64510bdcfaa32b1f805b64
2026-10-02 22:31:00.436 [OP] 40E3 inv=FFDF len=32 #5 3e0e392ba5775b64370b6afa812b62801264830be4fa232b6980c364970be6fa
2026-10-02 22:31:00.436 [OP] 40E2 inv=FF97 len=104 #5 6787c464fe0b87fac32bca800664830b72c4232be2aa406452ec52fafb53ca8029df580b43c4232bb0aac46418ec6afae4539d80fcdfb20be9c4462b21aa1c64e9ec8bfa3e539d808fdfb20b85c4fd2bceaa1c64e0ec6ffad553ca8058df580b40c4f82ba0aa9564
2026-10-02 22:31:00.436 [OP] 4233 inv=FFFA len=5 #2 877a7f510b
2026-10-02 22:31:00.436 [OP] 40F6 inv=FFEF len=16 #2 d85dad80b0c6510bdcfaa32b1f80c364
2026-10-02 22:31:00.436 [OP] 4210 inv=FFF3 len=12 #3 660bdcfa662b1f807aecfc0b
2026-10-02 22:31:22.657 [SETTLE] exp=7248 gold=201748 len=393
2026-10-02 22:31:46.806 [SETTLE] exp=7377 gold=201748 len=403
2026-10-02 22:32:20.447 [SETTLE] exp=7029 gold=201748 len=393
2026-10-02 22:32:50.434 [SETTLE] exp=6123 gold=201748 len=393
2026-10-02 22:33:14.404 [SETTLE] exp=5091 gold=201748 len=393
2026-10-02 22:33:39.514 [SETTLE] exp=6216 gold=201748 len=403
2026-10-02 22:34:03.935 [SETTLE] exp=5091 gold=201748 len=403
2026-10-02 22:34:23.502 [SETTLE] exp=4410 gold=201748 len=403
2026-10-02 22:34:45.260 [SETTLE] exp=6309 gold=201748 len=403
2026-10-02 22:35:07.390 [SETTLE] exp=4776 gold=201748 len=393
2026-10-02 22:35:28.137 [SETTLE] exp=5994 gold=201748 len=393
2026-10-02 22:35:28.240 [SYS] 获得了#00FF00#1#FFF692#个#64FF7D#碧玉葫芦
2026-10-02 22:35:28.240 [OP] 4020 inv=FFE7 len=24 #3 238052fa672bca8094cdfc0b91a7a32bca809564630b90fa
2026-10-02 22:35:28.255 [OUT] 0045 inv=FFF7 len=12 #3 f7ff4500510bdcfabd2b1f80
2026-10-02 22:35:28.406 [OP] 4025 inv=FFF5 len=10 #3 bd533832c4df51ece2fa
2026-10-02 22:35:45.744 [SETTLE] exp=3729 gold=201748 len=393
2026-10-02 22:36:08.424 [SETTLE] exp=7377 gold=201748 len=403
2026-10-02 22:36:08.529 [SYS] 获得了#00FF00#1#FFF692#个#64FF7D#紫金红葫芦
2026-10-02 22:36:08.529 [OP] 4210 inv=FFF3 len=12 #4 660bdcfaef2b1f8023ecfc0b
2026-10-02 22:36:08.529 [OP] 4020 inv=FFE7 len=24 #4 238052fa672bca8094cdfc0be9a7a32bca809564740b6ffa
2026-10-02 22:36:08.540 [OUT] 0045 inv=FFF7 len=12 #4 f7ff4500510bdcfa342b1f80
2026-10-02 22:36:08.683 [OP] 4025 inv=FFF5 len=10 #4 34533832c4df51ece2fa
2026-10-02 22:36:28.677 [SETTLE] exp=5091 gold=201748 len=393
2026-10-02 22:36:28.779 [SYS] 获得了#00FF00#1#FFF692#个#64FF7D#碧玉葫芦
2026-10-02 22:36:28.779 [OP] 4020 inv=FFE7 len=24 #5 238052fa672bca8094cdfc0b91a7a32bca809564630b52fa
2026-10-02 22:36:28.789 [OUT] 0045 inv=FFF7 len=12 #5 f7ff4500510bdcfabd2b1f80
2026-10-02 22:36:28.936 [OP] 4025 inv=FFF5 len=10 #5 bd533832c4df51ece2fa
2026-10-02 22:36:44.958 [QUESTION] {"type":"question","sock":2516,"qno":11,"field_a":81,"stem":"蚊子发出的“嗡嗡”的声音是由于？","options":["1、翅膀振动","2、有鼻音","3、在唱歌","4、放的屁"]}
2026-10-02 22:36:45.963 [UI] auto dump on question qno=11
2026-10-02 22:36:45.963 [UI] ---- window dump begin (pid 4644) ----
2026-10-02 22:36:45.972 [UI] TOP=000609BA vis=1 cls=ATL:0132F210 rc=(737,38,1777,985) title=什么什么大冒险2(①逍遥村敬老院)-自由四号_Sep 24 2026《什么什么大冒险》制作委员会QQ群:515616289
2026-10-02 22:36:45.972 [UI] TOP=000709E6 vis=0 cls=DIEmWin rc=(-1,-1,135,38) title=DIEmWin
2026-10-02 22:36:45.977 [UI] TOP=00030A00 vis=0 cls=MSCTFIME UI rc=(0,0,0,0) title=MSCTFIME UI
2026-10-02 22:36:45.999 [UI] TOP=00030A06 vis=0 cls=IME rc=(0,0,0,0) title=Default IME
2026-10-02 22:36:45.999 [UI] TOP=00190668 vis=0 cls=IME rc=(0,0,0,0) title=Default IME
2026-10-02 22:36:45.999 [UI] ---- window dump end ----
2026-10-02 22:36:46.350 [SETTLE] exp=3660 gold=201748 len=393
2026-10-02 22:36:51.872 [SEND-ANSWER] qno=11 opt=0 ret=13 sock=2516
2026-10-02 22:36:51.927 [SYS] 测试通过！
2026-10-02 22:36:52.020 [SYS] 获得了#00FF00#100#FFF692#金币
2026-10-02 22:36:52.020 [CURRENCY] a=201748 b=277071
2026-10-02 22:37:14.244 [SETTLE] exp=5439 gold=201748 len=403
2026-10-02 22:37:14.347 [SYS] 获得了#00FF00#1#FFF692#个#64FF7D#紫金红葫芦
2026-10-02 22:37:40.400 [SETTLE] exp=5313 gold=201748 len=403
2026-10-02 22:38:05.785 [SETTLE] exp=7470 gold=201748 len=403
2026-10-02 22:38:25.804 [SETTLE] exp=8409 gold=201748 len=393
2026-10-02 22:38:47.600 [SETTLE] exp=8409 gold=201748 len=403
2026-10-02 22:39:05.457 [SETTLE] exp=3729 gold=201748 len=393
2026-10-02 22:39:33.660 [SETTLE] exp=6936 gold=201748 len=403
2026-10-02 22:39:51.853 [SETTLE] exp=7896 gold=201748 len=393
2026-10-02 22:40:18.439 [SETTLE] exp=7803 gold=201748 len=403
2026-10-02 22:40:39.876 [SETTLE] exp=6123 gold=201748 len=403
2026-10-02 22:41:03.748 [SETTLE] exp=6345 gold=201748 len=403
2026-10-02 22:41:28.822 [SETTLE] exp=6345 gold=201748 len=403
2026-10-02 22:41:47.688 [SETTLE] exp=6807 gold=201748 len=393
2026-10-02 22:42:17.687 [SETTLE] exp=5298 gold=201748 len=403
2026-10-02 22:42:44.538 [SETTLE] exp=8373 gold=201748 len=403
2026-10-02 22:43:07.357 [SETTLE] exp=5886 gold=201748 len=403
2026-10-02 22:43:33.122 [SETTLE] exp=5184 gold=201748 len=393
2026-10-02 22:44:02.270 [SETTLE] exp=7215 gold=201748 len=403
2026-10-02 22:44:22.713 [SETTLE] exp=6216 gold=201748 len=403
2026-10-02 22:44:47.609 [SETTLE] exp=7599 gold=201748 len=393
2026-10-02 22:45:10.870 [SETTLE] exp=5403 gold=201748 len=393
2026-10-02 22:45:37.031 [SETTLE] exp=5532 gold=201748 len=403
2026-10-02 22:45:55.282 [SETTLE] exp=5136 gold=201748 len=403
2026-10-02 22:46:20.921 [SETTLE] exp=7377 gold=201748 len=403
2026-10-02 22:46:46.768 [SETTLE] exp=7248 gold=201748 len=393
2026-10-02 22:47:11.500 [SETTLE] exp=7248 gold=201748 len=403
2026-10-02 22:47:31.277 [SETTLE] exp=7029 gold=201748 len=393
2026-10-02 22:47:59.773 [SETTLE] exp=6936 gold=201748 len=393
2026-10-02 22:48:31.770 [SETTLE] exp=7341 gold=201748 len=393
2026-10-02 22:48:56.484 [SETTLE] exp=5313 gold=201748 len=393
2026-10-02 22:49:25.844 [SETTLE] exp=6030 gold=201748 len=393
2026-10-02 22:49:50.519 [SETTLE] exp=6936 gold=201748 len=403
2026-10-02 22:50:13.281 [SETTLE] exp=7599 gold=201748 len=403
2026-10-02 22:50:34.951 [SETTLE] exp=5901 gold=201748 len=393
2026-10-02 22:51:03.257 [SETTLE] exp=7029 gold=201748 len=403
2026-10-02 22:51:26.632 [SETTLE] exp=5994 gold=201748 len=393
2026-10-02 22:51:48.639 [SETTLE] exp=6090 gold=201748 len=403
2026-10-02 22:52:16.993 [SETTLE] exp=5460 gold=201748 len=403
2026-10-02 22:52:35.762 [SETTLE] exp=4740 gold=201748 len=393
2026-10-02 22:52:59.495 [SETTLE] exp=5091 gold=201748 len=393
2026-10-02 22:53:24.886 [SETTLE] exp=7746 gold=201748 len=393
2026-10-02 22:53:51.230 [SETTLE] exp=5313 gold=201748 len=393
2026-10-02 22:54:11.228 [SETTLE] exp=5313 gold=201748 len=403
2026-10-02 22:54:11.319 [SYS] 获得了#00FF00#1#FFF692#个#64FF7D#黄玉葫芦
2026-10-02 22:54:26.405 [SETTLE] exp=5136 gold=201748 len=393
2026-10-02 22:54:50.185 [SETTLE] exp=8154 gold=201748 len=403
2026-10-02 22:55:20.515 [SETTLE] exp=7470 gold=201748 len=393
2026-10-02 22:55:40.568 [SETTLE] exp=6216 gold=201748 len=403
2026-10-02 22:56:00.155 [SETTLE] exp=4869 gold=201748 len=403
2026-10-02 22:56:27.693 [SETTLE] exp=5184 gold=201748 len=393
2026-10-02 22:56:50.438 [SETTLE] exp=4479 gold=201748 len=403
2026-10-02 22:57:20.293 [SETTLE] exp=7029 gold=201748 len=393
2026-10-02 22:57:47.273 [SETTLE] exp=7029 gold=201748 len=393
2026-10-02 22:58:13.258 [SETTLE] exp=8724 gold=201748 len=403
2026-10-02 22:58:38.530 [SETTLE] exp=5532 gold=201748 len=393
2026-10-02 22:58:57.942 [SETTLE] exp=6210 gold=201748 len=403
2026-10-02 22:59:22.058 [SETTLE] exp=8631 gold=201748 len=403
2026-10-02 22:59:25.143 [OUT] 1F04 inv=FFF6 len=13 #3 f6ff041fce1f805b61510bdce8
2026-10-02 22:59:43.789 [SETTLE] exp=6123 gold=201748 len=403
2026-10-02 23:00:08.523 [SETTLE] exp=5091 gold=201748 len=393
2026-10-02 23:00:33.279 [SETTLE] exp=8409 gold=201748 len=393
2026-10-02 23:00:56.606 [SETTLE] exp=3888 gold=201748 len=393
2026-10-02 23:01:21.203 [SETTLE] exp=5886 gold=201748 len=403
2026-10-02 23:01:47.350 [SETTLE] exp=5091 gold=201748 len=393
2026-10-02 23:02:06.697 [SETTLE] exp=5403 gold=201748 len=403
2026-10-02 23:02:28.123 [SETTLE] exp=5994 gold=201748 len=393
2026-10-02 23:02:56.973 [SETTLE] exp=8025 gold=201748 len=393
2026-10-02 23:03:23.484 [SETTLE] exp=8502 gold=201748 len=393
2026-10-02 23:03:53.224 [SETTLE] exp=5868 gold=201748 len=393
2026-10-02 23:04:19.638 [SETTLE] exp=8409 gold=201748 len=393
2026-10-02 23:04:45.517 [SETTLE] exp=5403 gold=201748 len=403
2026-10-02 23:05:14.434 [SETTLE] exp=8595 gold=201748 len=403
2026-10-02 23:05:42.738 [SETTLE] exp=7692 gold=201748 len=403
2026-10-02 23:06:04.923 [SETTLE] exp=8061 gold=201748 len=403
2026-10-02 23:06:25.353 [SETTLE] exp=5901 gold=201748 len=393
2026-10-02 23:06:53.834 [SETTLE] exp=7155 gold=201748 len=393
2026-10-02 23:07:17.856 [SETTLE] exp=7248 gold=201748 len=403
2026-10-02 23:07:46.901 [SETTLE] exp=7029 gold=201748 len=403
2026-10-02 23:08:09.256 [SETTLE] exp=8061 gold=201748 len=393
2026-10-02 23:08:35.537 [SETTLE] exp=7710 gold=201748 len=393
2026-10-02 23:09:01.429 [SETTLE] exp=6123 gold=201748 len=393
2026-10-02 23:09:30.281 [SETTLE] exp=8154 gold=201748 len=403
2026-10-02 23:09:54.255 [SETTLE] exp=4572 gold=201748 len=393
2026-10-02 23:10:14.738 [SETTLE] exp=7029 gold=201748 len=403
2026-10-02 23:10:43.990 [SETTLE] exp=8154 gold=201748 len=403
2026-10-02 23:11:20.301 [SETTLE] exp=8118 gold=201748 len=393
2026-10-02 23:12:08.670 [OP] E001 inv=FFAF len=80 #1 580be8a3722b1f80b77cb9b3ebffc88a0c5c5a4da476a3a1c95ee6c51d4d2439242070384597fb57d5b3bf5f24463e3bd83d1e2e6974c766e50ebb98523976a2513758e3c56451666ffaa32b29805b64
2026-10-02 23:12:08.670 [CLOSE] main sock 2516 closed
2026-10-02 23:12:08.675 [OUT] F041 inv=FFE7 len=28 #1 e7ff41f0ed3572a47db7854d1f805b64510bdcfaa3d5b321f387f4ec
2026-10-02 23:12:08.676 [OUT] F003 inv=FFF7 len=12 #1 f7ff03f0878cdb7f9882b6a4
2026-10-02 23:12:08.741 [OP] E062 inv=FFCD len=50 #1 9564510bbafa7f3b6c1d985c5579b6947349b2274cf9bc85b1032b25a8ed96784c181874c2d4d0f1d73f332b0b7873baa880
2026-10-02 23:12:08.742 [OP] E062 inv=FFDB len=36 #2 90faa32bee80eecd052a78b83467e8a4f369c5ce4dd0cb56fef33ab76de3b664c159bf80
2026-10-02 23:12:08.742 [OP] E062 inv=FFD6 len=41 #3 ce5b64516edcc0b44bd3a4302774b37803306ed87c542e911708d8c1c6127e0648f7caa14edf3c9780
2026-10-02 23:12:08.742 [OP] E062 inv=FFBD len=66 #4 8bfaa32b2180eecd052a78b83467e8a4f369c56648a6e72307f33ab76d5c192bceebd9b1e97b6f2e14b753eb4b4c723354115f2b04230737be87299ce0ac5c311c80
2026-10-02 23:12:08.742 [OP] E062 inv=FFD2 len=45 #5 aea32b1ffc5b3eaf205bb83467e8a43005939c08e9a1339602fe15472a7ccbe7c0c371aa87299ce0ccce36a780
2026-10-02 23:12:08.790 [OP] E014 inv=FF97 len=104 #1 2359657995d52c2a510bdcfaa32b1f805b64510b5e01c2bb4f55cf64b3e564fa522b1f805b64510bdcfaa32b1f805b64510bdcfaa32b1f805b64510bdcfaa32b1f805b64510bdcfaa32b1f805b64510bdcfaa32b1f805b64510bdcfaa32b1f805b64315f0301c2bb
2026-10-02 23:12:08.890 [OP] E004 inv=FEE5 len=282 #1 830ba1914133409e335513f2dcfaa32b1f805b7ffd0be6faa32b1f805b64580bdcfaa32b1f805b64510b696479020e0f840a2913dcfaa32b1f805b26fdecc4faa32b1f805b64580bdcfaa32b1f805b64510b088880344ba7f464510bdcfaa32b1f805b64fcecdcfaa32b1f805b64b4b252faa32b1f805b64510b0cc17923ac805b64510bdcfaa32b1f805b64fc0bdcfaa32b1f805b64fda690faa32b1f805b64
2026-10-02 23:12:40.681 [CLOSE] main sock 3444 closed
2026-10-02 23:14:37.710 [CLOSE] main sock 4294967295 closed
2026-10-02 23:14:38.104 [CLOSE] main sock 4294967295 closed
2026-10-02 23:14:38.514 [CLOSE] main sock 4294967295 closed
2026-10-02 23:14:38.515 [CLOSE] main sock 4294967295 closed
2026-10-02 23:14:38.559 [INIT] dll unloaded
