2026-10-01 17:35:37.690 [INIT] dll loaded, pid=4636
2026-10-01 17:35:37.691 [INIT] codec loaded OK
2026-10-01 17:35:37.692 [INIT] iat hooks: recv=1 send=1 WSASend=1 connect=1 closesocket=1
2026-10-01 17:36:02.421 [PIPE] controller connected
2026-10-01 17:47:31.331 [SYS] 神圣而伟大的#FF8CF8#朝简#FFF692#上线了，大家快来膜拜哟！！！
2026-10-01 17:48:22.031 [QUESTION] {"type":"question","sock":2832,"qno":19,"field_a":101,"stem":"我国自己研制的火箭，已经多次成功的把什么送上太空？","options":["1、哈士奇","2、嫦娥","3、人造卫星","4、另一个太阳"]}
2026-10-01 17:48:28.568 [SYS] 测试通过！
2026-10-01 17:48:28.660 [SYS] 获得了#00FF00#100#FFF692#金币
2026-10-01 17:48:28.674 [CURRENCY] a=201783 b=101342
2026-10-01 17:48:35.518 [QUESTION] {"type":"question","sock":2832,"qno":14,"field_a":103,"stem":"当发现有人触电后，抢救他的正确方法是？","options":["1、找个能插的电源","2、给手机充电","3、切断电源","4、也一起触电"]}
2026-10-01 17:54:01.345 [PIPE] controller disconnected
2026-10-01 18:00:01.423 [PIPE] controller connected
2026-10-01 18:01:56.925 [SYS] #FFF692#恭喜#FF8CF8#睡神本神#FFF692#在#00C8F8#国庆福袋#FFF692#中获得了#64FF7D#传说骑士的佩剑
2026-10-01 18:01:59.135 [SYS] #FFF692#恭喜#FF8CF8#睡神本神#FFF692#在#00C8F8#国庆福袋#FFF692#中获得了#64FF7D#古老的袖里剑
2026-10-01 18:02:19.263 [SYS] #FFF692#恭喜#FF8CF8#睡神本神#FFF692#在#00C8F8#国庆福袋#FFF692#中获得了#64FF7D#宠物印记
2026-10-01 18:02:31.738 [SYS] #FFF692#恭喜#FF8CF8#睡神本神#FFF692#在#00C8F8#国庆福袋#FFF692#中获得了#64FF7D#魔法命运骰子
2026-10-01 18:05:29.748 [SYS] 获得了#00FF00#1#FFF692#个#64FF7D#黄玉葫芦
2026-10-01 18:09:50.674 [SYS] 测试通过！
2026-10-01 18:09:50.757 [SYS] 获得了#00FF00#100#FFF692#金币
2026-10-01 18:09:50.757 [CURRENCY] a=201783 b=101442
2026-10-01 18:10:24.698 [PIPE] controller disconnected
2026-10-01 18:10:33.101 [PIPE] controller connected
2026-10-01 18:15:29.739 [INIT] dll unloaded
