2026-10-02 21:19:47.095 [INIT] dll loaded, pid=13972
2026-10-02 21:19:47.095 [INIT] codec loaded OK
2026-10-02 21:19:47.095 [INIT] iat hooks: recv=1 send=1 WSASend=1 connect=1 closesocket=1
2026-10-02 21:19:47.247 [OP] 47C0 inv=FFCC len=51 #1 51caef6328317f906d61703ce59551127cc6c4a3f1847d5cc88ffd6ffae27c0a8c03da31ecdc6a3176eceaadd9580b10c2156f
2026-10-02 21:19:47.247 [OP] 47C0 inv=FFD8 len=39 #2 b39526127cc6c4a3f1847d5cc88ffd6ffae27c0a8c03da31ecdc6a3176eceaadd9580b10c2156f
2026-10-02 21:19:47.248 [OP] 47C0 inv=FFE1 len=30 #3 0faac4c88ffd6ffae27c0a8c03da31ecdc6a3176eceaadd9580b10c2156f
2026-10-02 21:19:47.248 [OP] 47C0 inv=FFEA len=21 #4 51cac703da31ecdc6a3176eceaadd9580b10c2156f
2026-10-02 21:19:47.248 [OP] 47C0 inv=FFF3 len=12 #5 0253caeaadd9580b10c2156f
2026-10-02 21:19:47.555 [PIPE] controller connected
2026-10-02 21:19:48.281 [OP] 4100 inv=FFF9 len=6 #1 98aae37f9d7f
2026-10-02 21:19:48.391 [OP] 4101 inv=FC35 len=970 #1 23ecfc0bdcfaa32b1f805b64a552155aa32b1f805b64510bdcfaa32b1f805b64510bdcfaa32b1f802337b2b2dcfa3dde1f805b64510b2a22a32b1f805b64510bdcfaa32b1f807aecfc0b52faa32b1f805b6416ffdcfa222a1f80dffc510bf0b3a32bc8d97b81a552155a4e78c8d91664510b155a4e78caa0ed3572a47db7854d1f805b64510bdcfaa33084805b64510bdca1b72b1f805b64510bdcfaa32b1f80
2026-10-02 21:19:48.441 [OUT] 1F51 inv=FFFF len=4 #1 ffff511f
2026-10-02 21:19:48.485 [OP] 4F52 inv=FFFF len=0 #1 
2026-10-02 21:19:49.342 [OUT] 1001 inv=FFF9 len=10 #1 f9ff01101f805b64510b
2026-10-02 21:19:49.886 [OP] 4108 inv=FFE3 len=28 #1 9b87c464510bdcfa2153c8d9d8f8510bce4051421f805b64510bdcfa
2026-10-02 21:19:49.991 [OP] 4108 inv=FFE3 len=28 #2 9b87c464510bdcfa4d531f80d8f8510bce4051ed1f805b64510bdcfa
2026-10-02 21:19:49.991 [OP] 4108 inv=FFE3 len=28 #3 9b87c464510bdcfa22531f80d8f8510bce40515d1f805b64510bdcfa
2026-10-02 21:19:49.991 [OP] 4108 inv=FFF3 len=12 #4 3b0e392b1f805b64510bdcfa
2026-10-02 21:19:49.991 [OP] 4108 inv=FFF3 len=12 #5 3b0e392b1f805b64580bdcfa
2026-10-02 21:19:49.993 [OP] 4104 inv=FFFB len=4 #1 0a081f80
2026-10-02 21:19:49.993 [OP] 4104 inv=FFFB len=4 #2 3cae1faa
2026-10-02 21:19:49.993 [OP] 4104 inv=FFFB len=4 #3 0a081fc7
2026-10-02 21:19:49.993 [OP] 4104 inv=FFFB len=4 #4 0a081fce
2026-10-02 21:19:49.993 [OP] 4104 inv=FFFB len=4 #5 0a081f12
2026-10-02 21:19:51.612 [OP] 4105 inv=FFFE len=1 #1 3d
2026-10-02 21:19:51.612 [OP] 4105 inv=FFFE len=1 #2 c0
2026-10-02 21:19:51.612 [OP] 4105 inv=FFFE len=1 #3 af
2026-10-02 21:19:51.760 [OP] 4106 inv=FFFC len=3 #1 e546ed
2026-10-02 21:19:51.760 [OP] 4106 inv=FFFC len=3 #2 b1fdcb
2026-10-02 21:19:51.760 [OP] 4106 inv=FFFC len=3 #3 e239ee
2026-10-02 21:19:51.858 [OP] 4105 inv=FFFE len=1 #4 0c
2026-10-02 21:19:51.982 [OP] 4109 inv=FD97 len=616 #1 3b0e392bca8040c6510bdcfaa32b1f809564510b02faccce2980076ffc0b66faf82b1f8017cd510b5253a32b1fc75b6451d5dcfa4b531f802164510bdcfaa32b1f805b64e4ecdcfaccff9f875b64510ba506a32bca805b64dfb2dcfa39c4ca805b64510bdcc4392bca805b64dfb2dcfa39c459805b64510bdc22a32bca805b64dfb2dcfa39c4ad805bdf510bdc71269323aa5b6401ba710ea32b1f801e9f510b
2026-10-02 21:19:52.084 [OP] 4106 inv=FFFD len=2 #4 a3c4
2026-10-02 21:19:52.084 [OP] 4111 inv=FFFD len=2 #1 c064
2026-10-02 21:19:52.084 [OP] 4112 inv=FFFD len=2 #1 dcc4
2026-10-02 21:19:52.084 [OP] 4112 inv=FFFD len=2 #2 52c4
2026-10-02 21:19:52.086 [OP] 4112 inv=FFFD len=2 #3 8bc4
2026-10-02 21:19:54.704 [OP] 4109 inv=FF7B len=132 #2 9b87c464580b6fc4a32b1f805b64510b6ffaa32b3480fcdffd0bb8c4fd2bca809564510b61caa32b9daac06451ecdcfaa3ae9f8762df510b43faa32b1f805b64510bdcfa0e6f1f801af1510b8bfa612b1fce5b64957fdcfaa52b1f805b64510bdcfaa32b44aa5b64510bdcfaa32b1f805b64510b7cc4a32b1619bacd510bdcfaa91f1f80
2026-10-02 21:19:54.800 [OP] 4105 inv=FFFE len=1 #5 ec
2026-10-02 21:19:54.800 [OP] 4106 inv=FFFD len=2 #5 f853
2026-10-02 21:19:54.800 [OP] 4111 inv=FFFD len=2 #2 9564
2026-10-02 21:19:57.488 [OP] 4109 inv=FE73 len=396 #3 875dad809564fc75dcfaa32b1f805b64580bdcfa462bf7ce0d64a6d08b5b222bca805b645fc4dcfafdeeca805bf8510bdcfaa32b92aa5b64c70bdcfaa32b1f805b64510b25c4a32b9b805b64510bdcfaa32b1f809564510baeaea32b9d5a946451ecdcfaa32b1f80d1df510bbafaa32b1f805b64510bdcfaf82b1f80a76f510b8b47232b1faa5b6451ecdcfa71531f80df64510bdcfaa32b1f805b644db1dcfa
2026-10-02 21:19:57.488 [OP] 4111 inv=FFFD len=2 #3 d064
2026-10-02 21:19:57.488 [OP] 4112 inv=FFFD len=2 #4 6ac4
2026-10-02 21:19:58.501 [OUT] 1F51 inv=FFFF len=4 #2 ffff511f
2026-10-02 21:19:58.555 [OP] 4F52 inv=FFFF len=0 #2 
2026-10-02 21:19:58.806 [OP] 4109 inv=FF27 len=216 #4 3b0e392bca809426510bdcfaa32b1f809564510b02faccce2980076ffc0b02faf82b1f8017cd510b526ef82b1faa5b64517fdcfa4b531f802a64510bdcfaa32b1f805b64580bdcfae13b1f80c4c60e0bdcfaa32b1f805b64c927dcfa9b3b1f80c464580bdcc4a32b44aa5b6470d0dcfaa32b1f805b64510b7acaa32b09075b64fc0b90faa35359807fdf510b24caa32b1f805b64510bdcfae13b1f80f5cd510b
2026-10-02 21:19:58.910 [OP] 4111 inv=FFFD len=2 #4 6e64
2026-10-02 21:19:58.910 [OP] 4112 inv=FFFD len=2 #5 6fc4
2026-10-02 21:19:59.773 [SYS] #00FFFF#国庆节特别活动“红旗飘飘贺国庆”#00FF00#正式开启#00FFFF#，冒险者可以在逍遥西的#FF0000#大冒险活动官#00FFFF#处参加活动，收集喜庆用品装饰旗台，赢取丰富的属性及道具奖励，幸运的冒险者还将得到#FF0000#稀有奖励#FFFFFF#！
2026-10-02 21:20:03.539 [SETTLE] exp=9144 gold=201747 len=403
2026-10-02 21:20:03.539 [OP] 472A inv=FE6C len=403 #1 bad8de1fb5ea64510bdcfaa32b1f805b64510bdc8daa2b1f805b645144dcfaa35c9d805b64510bdca1fd2b1f805b64517a90faa32b1f805b36460bdcfaa32b1fd43364510bdcfaa32b1f805b64510bdcfaa32b1f805b64510bdcfaa32b1f805b64510bdcfaa32b1f805b64510bdcfaa32b1f805b64510bdcfaa32b1f805b64510bdcfaa32b1f805b64510bdc7af82b1fc3956451f16ffaa391ca805bd3580bdc
2026-10-02 21:20:03.638 [OP] 4235 inv=FFFA len=5 #1 7d67ce5b64
2026-10-02 21:20:03.638 [OP] 42CE inv=FFFB len=4 #1 c87f510b
2026-10-02 21:20:03.638 [OP] 4211 inv=FFF6 len=9 #1 aa5b6451803e22a34a
2026-10-02 21:20:03.638 [OP] 4211 inv=FFF6 len=9 #2 aa5b64515ca722a34a
2026-10-02 21:20:03.638 [OP] 4211 inv=FFF6 len=9 #3 aa5b6451e3a722a34a
2026-10-02 21:20:03.638 [OP] 4211 inv=FFF6 len=9 #4 aa5b645134a722a34a
2026-10-02 21:20:06.407 [OP] EFFE inv=FFFE len=1 #1 0b
2026-10-02 21:20:10.647 [OP] 4100 inv=FFF9 len=6 #2 98aa167f457f
2026-10-02 21:20:10.750 [OUT] 1F51 inv=FFFF len=4 #3 ffff511f
2026-10-02 21:20:10.769 [OP] 4101 inv=FC35 len=970 #2 23ecfc0bdcfaa32b1f805b64a552155aa32b1f805b64510bdcfaa32b1f805b64510bdcfaa32b1f802337b2b2dcfa3dde1f805b64510b2a22a32b1f805b64510bdcfaa32b1f807aecfc0b52faa32b1f805b6416ffdcfa222a1f80dffc510bf0b3a32bc8d97b81a552155a4e78c8d91664510b155a4e78caa0ed3572a47db7854d1f805b64510bdcfaa33084805b64510bdca1b72b1f805b64510bdcfaa32b1f80
2026-10-02 21:20:10.827 [OP] 4F52 inv=FFFF len=0 #3 
2026-10-02 21:20:11.723 [OUT] 1001 inv=FFF9 len=10 #2 f9ff01101f805b64510b
2026-10-02 21:20:12.646 [OP] 46FE inv=FFFF len=0 #1 
2026-10-02 21:20:14.463 [OP] 4109 inv=FFB7 len=72 #5 9b87c464517f6fc4a32b1f805b64510b07faa32b62105b6487b1dcfa40ce1f80c0530e0b07faa32b39125b640e7566faa32b1f805b64fc298222a32b39125b64080b66faa32b1f80
2026-10-02 21:20:14.463 [OP] 4111 inv=FFFD len=2 #5 c364
2026-10-02 21:20:17.417 [OP] EFFE inv=FFFE len=1 #2 0b
2026-10-02 21:20:20.833 [OUT] 1F51 inv=FFFF len=4 #4 ffff511f
2026-10-02 21:20:20.906 [OP] 4F52 inv=FFFF len=0 #4 
2026-10-02 21:20:28.277 [SETTLE] exp=9963 gold=201747 len=403
2026-10-02 21:20:28.277 [OP] 472A inv=FE6C len=403 #2 bad8de1f178764510bdcfaa32b1f805b64510bdc290d2b1f805b645144dcfaa3cf9d805b64510bdca1fd2b1f805b64517a90faa32b1f805b36460bdcfaa32b1fd43364510bdcfaa32b1f805b64510bdcfaa32b1f805b64510bdcfaa32b1f805b64510bdcfaa32b1f805b64510bdcfaa32b1f805b64510bdcfaa32b1f805b64510bdcfaa32b1f805b64510bdcb5a32b1f2c5b6451fa6ffaa3731f805bc7580bdc
2026-10-02 21:20:28.379 [OP] 4211 inv=FFF6 len=9 #5 aa5b6451803e22a34a
2026-10-02 21:20:28.379 [OP] 42CE inv=FFFB len=4 #2 c87f510b
2026-10-02 21:20:32.327 [OP] F005 inv=FFE7 len=24 #1 c2cc763c68faa32b1f805b64510bdcfaa32b5ebcf3a8f20c
2026-10-02 21:20:32.416 [OP] F005 inv=FFE7 len=24 #2 c2cc763c68faa32b1f805b64510bdcfaa32b5ebcf3a8f20c
2026-10-02 21:20:32.416 [OP] F005 inv=FFE7 len=24 #3 c2cc763c68faa32b1f805b64510bdcfaa32b5ebcf3a8f20c
2026-10-02 21:20:32.416 [OP] F005 inv=FFE7 len=24 #4 c2cc763c68faa32b1f805b64510bdcfaa32b5ebcf3a8f20c
2026-10-02 21:20:32.416 [OP] F005 inv=FFE7 len=24 #5 c2cc763c68faa32b1f805b64510bdcfaa32b5ebcf3a8f20c
2026-10-02 21:20:37.376 [OP] 4100 inv=FFF9 len=6 #3 98aae37f9d7f
2026-10-02 21:20:37.463 [OUT] 1F51 inv=FFFF len=4 #5 ffff511f
2026-10-02 21:20:37.480 [OP] 4101 inv=FBC5 len=1082 #3 875dad805b64510bdcfaa32bc8d97b81510bdcfaa32b1f805b64510bdcfaa32b1f805b64510bdcfa87429dca5b6469d0dcfaa32b1f80727f510bdcfaa32b1f805b64510bdcfad85dad80c464510bdcfaa32b46925b648e90dcfac4181f807693510b155a4e78c8d97b81a552155a252b1f807b81a5526f30c2d41e5f544e191edcfaa32b1f805b648fa0c6faa32b1f805b4d310bdcfaa32b1f805b64510bdcfa
2026-10-02 21:20:37.568 [OP] 4F52 inv=FFFF len=0 #5 
2026-10-02 21:20:38.443 [OUT] 1001 inv=FFF9 len=10 #3 f9ff01101f805b64510b
2026-10-02 21:20:42.459 [OP] EFFE inv=FFFE len=1 #3 0b
2026-10-02 21:20:42.850 [OP] 46FE inv=FFFF len=0 #2 
2026-10-02 21:20:52.478 [OP] EFFE inv=FFFE len=1 #4 0b
2026-10-02 21:21:03.199 [SETTLE] exp=12924 gold=201747 len=403
2026-10-02 21:21:03.200 [OP] 472A inv=FE6C len=403 #3 bad8de1f8df764510bdcfaa32b1f805b64510bdceb902b1f805b645144dcfaa341a5805b64510bdca1fd2b1f805b64517a90faa32b1f805b36460bdcfaa32b1fd43364510bdcfaa32b1f805b64510bdcfaa32b1f805b64510bdcfaa32b1f805b64510bdcfaa32b1f805b64510bdcfaa32b1f805b64510bdcfaa32b1f805b64510bdcfaa32b1f805b64510bdcbdf82b1f2c5b645153dcfaa3731f805b5c510bdc
2026-10-02 21:21:03.304 [OP] 42CE inv=FFFB len=4 #3 c87f510b
2026-10-02 21:21:06.496 [OP] EFFE inv=FFFE len=1 #5 0b
2026-10-02 21:21:07.354 [OP] 4100 inv=FFF9 len=6 #4 98aa5bf8c0ec
2026-10-02 21:21:07.518 [OP] 4101 inv=FBC5 len=1082 #4 875dad805b64510bdcfaa32bc8d97b81510bdcfaa32b1f805b64510bdcfaa32b1f805b64510bdcfa87429dca5b6469d0dcfaa32b1f80727f510bdcfaa32b1f805b64510bdcfad85dad80c464510bdcfaa32b46925b648e90dcfac4181f807693510b155a4e78c8d97b81a552155a252b1f807b81a5526f30c2d41e5f544e191edcfaa32b1f805b6451a0c6faa32b1f805b4d310bdcfaa32b1f805b64510bdcfa
2026-10-02 21:21:08.401 [OUT] 1001 inv=FFF9 len=10 #4 f9ff01101f805b64510b
2026-10-02 21:21:13.166 [OP] 46FE inv=FFFF len=0 #3 
2026-10-02 21:21:21.155 [OUT] 1004 inv=FFF3 len=16 #1 f3ff0410dcfaa32b1f790d64510bdcfa
2026-10-02 21:21:21.346 [OP] 4110 inv=FFFD len=2 #1 bc93
2026-10-02 21:21:25.855 [SETTLE] exp=13554 gold=201747 len=403
2026-10-02 21:21:25.855 [OP] 472A inv=FE6C len=403 #4 bad8de1f94a964510bdcfaa32b1f805b64510bdc348f2b1f805b645144dcfaa313a5805b64510bdca1fd2b1f805b64517a90faa32b1f805b36460bdcfaa32b1fd43364510bdcfaa32b1f805b64510bdcfaa32b1f805b64510bdcfaa32b1f805b64510bdcfaa32b1f805b64510bdcfaa32b1f805b64510bdcfaa32b1f805b64510bdcfaa32b1f805b64510bdcbdf82b1fc3956451f16ffaa3731f805bd3580bdc
2026-10-02 21:21:25.855 [OP] 42CE inv=FFFB len=4 #4 c87f510b
2026-10-02 21:21:32.956 [OP] 4100 inv=FFF9 len=6 #5 98aaebf8237f
2026-10-02 21:21:33.055 [OP] 4101 inv=FC6D len=914 #5 875dad805b64510bdcfaa32bc8d97b81510bdcfaa32b1f805b64510bdcfaa32b1f805b64510bdcfa87429d4e5b6469d0dcfaa32b1f80727f510bdcfaa32b1f805b64510bdcfad85dad80c464510bdcfaa32b46925b648e90dcfac4181f807693510b155a4e78c8d97b81a552155a252b1f807b81a5526f30c2d41e5f544e191edcfaa32b1f805b6458a0c6faa32b1f805b4d310bdcfaa32b1f805b64510bdcfa
2026-10-02 21:21:34.037 [OUT] 1001 inv=FFF9 len=10 #5 f9ff01101f805b64510b
2026-10-02 21:21:43.374 [OP] 46FE inv=FFFF len=0 #4 
2026-10-02 21:21:45.874 [SETTLE] exp=8694 gold=201747 len=393
2026-10-02 21:21:45.874 [OP] 472A inv=FE76 len=393 #5 bad8de1fa64964510bdcfaa32b1f805b64510bdccdab2b1f805b645144dcfaa3429d805b64510bdca1fd2b1f805b64517a90faa32b1f805b36460bdcfaa32b1fd43364510bdcfaa32b1f805b64510bdcfaa32b1f805b64510bdcfaa32b1f805b64510bdcfaa32b1f805b64510bdcfaa32b1f805b64510bdcfaa32b1f805b64510bdcfaa32b1f805b64510bdc7af82b1f2c5b6451fa6ffaa3ccca805bc7580bdc
2026-10-02 21:21:45.966 [OP] 42CE inv=FFFB len=4 #5 c87f510b
2026-10-02 21:22:02.028 [OUT] 1004 inv=FFF3 len=16 #2 f3ff0410dcfaa32b1fce0d64510bdcfa
2026-10-02 21:22:02.166 [OP] 4110 inv=FFFD len=2 #2 bc93
2026-10-02 21:22:06.632 [SETTLE] exp=7458 gold=201747 len=403
2026-10-02 21:22:13.584 [OP] 46FE inv=FFFF len=0 #5 
2026-10-02 21:22:28.499 [SETTLE] exp=11712 gold=201747 len=403
2026-10-02 21:22:51.551 [SETTLE] exp=10275 gold=201747 len=393
2026-10-02 21:23:18.897 [SETTLE] exp=8541 gold=201747 len=393
2026-10-02 21:23:37.092 [OUT] 1004 inv=FFF3 len=16 #3 f3ff0410dcfaa32b1f120d64510bdcfa
2026-10-02 21:23:37.234 [OP] 4110 inv=FFFD len=2 #3 bc93
2026-10-02 21:23:40.402 [SETTLE] exp=11139 gold=201747 len=403
2026-10-02 21:23:59.104 [OUT] 1004 inv=FFF3 len=16 #4 f3ff0410dcfaa32b1f790d64510bdcfa
2026-10-02 21:23:59.346 [OP] 4110 inv=FFFD len=2 #4 bc2b
2026-10-02 21:24:05.166 [SETTLE] exp=8958 gold=201747 len=403
2026-10-02 21:24:27.115 [SETTLE] exp=13401 gold=201747 len=393
2026-10-02 21:24:58.051 [SETTLE] exp=11862 gold=201747 len=403
2026-10-02 21:25:25.370 [SETTLE] exp=12015 gold=201747 len=393
2026-10-02 21:25:42.134 [OUT] 1004 inv=FFF3 len=16 #5 f3ff0410dcfaa32b1f790d64510bdcfa
2026-10-02 21:25:42.325 [OP] 4110 inv=FFFD len=2 #5 bc2b
2026-10-02 21:25:48.058 [SETTLE] exp=10383 gold=201747 len=403
2026-10-02 21:26:08.354 [SETTLE] exp=12072 gold=201747 len=393
2026-10-02 21:26:39.487 [SETTLE] exp=9660 gold=201747 len=393
2026-10-02 21:27:00.846 [SETTLE] exp=7458 gold=201747 len=403
2026-10-02 21:27:30.774 [SETTLE] exp=9603 gold=201747 len=393
2026-10-02 21:27:58.361 [SETTLE] exp=9297 gold=201747 len=403
2026-10-02 21:28:24.225 [SETTLE] exp=10383 gold=201747 len=393
2026-10-02 21:28:43.348 [SETTLE] exp=11712 gold=201747 len=403
2026-10-02 21:29:10.263 [SETTLE] exp=11652 gold=201747 len=403
2026-10-02 21:29:37.234 [SETTLE] exp=13554 gold=201747 len=393
2026-10-02 21:29:37.328 [OP] 40E1 inv=FFED len=18 #1 23ecfc0b6ffadb91ca809564580b6ffaf82b
2026-10-02 21:29:37.328 [OP] 40E0 inv=FED1 len=302 #1 7c8052fac34a1f805b64510b84e8a32b1f805b6437b1dcfaa32b1f804bf8510bdcfaa32b85035b64fc0bdcfa2d2b1f80fe64510b52faa32bad805b647c0bdcfaf52b1f80d264510b52faa32b6d805b640ed0dcfa46531f80f464510bb8faa32b22aa5b64580bdcfa572b1f800d64510b8ffaa32b1f805b64510bdcfaa32b1f805b64510bdcfaa32b1f805b64430bdcfaa32b1f805b64510bdcfaa32b1f805b64
2026-10-02 21:29:37.328 [OP] 40E3 inv=FFDF len=32 #1 3b0e392ba5ce5b64370b36fa812bec801264830be4fa572b69805c64970b6afa
2026-10-02 21:29:37.328 [OP] 40E2 inv=FFA7 len=88 #1 3b0e392b675d2364370b6ffa6a2b62800adf830b2dc4202b9faac4647fec6ffa9753ca80a9df830b41c4392b4aaac36440ec8bfa76539d80a0dffd0bcec4fd2b33aa1c6421ec8bfaa7539d8010dfb20b55c4fd2b4caa9564
2026-10-02 21:29:37.350 [OUT] 0185 inv=FFF7 len=12 #1 f7ff8501dcfaa32bc8d97b81
2026-10-02 21:30:07.735 [SETTLE] exp=13341 gold=201747 len=403
2026-10-02 21:30:39.923 [SETTLE] exp=14217 gold=201747 len=403
2026-10-02 21:30:46.226 [SYS] #00FF00#1#00FFFF#分钟后逍遥村周围将掉落20个宝箱，捡取可获得意外惊喜喔！#FFFFFF#
2026-10-02 21:31:04.836 [SETTLE] exp=12225 gold=201747 len=393
2026-10-02 21:31:26.595 [SETTLE] exp=8331 gold=201747 len=403
2026-10-02 21:31:26.691 [OP] 40E6 inv=FFF3 len=12 #1 875dad8048af510bdcfaa32b
2026-10-02 21:31:26.691 [OP] 40E0 inv=FED1 len=302 #2 7c8052fa954a1f805b64510bdfe8a32b1f805b64dbb1dcfaa32b1f8091f8510bdcfaa32b85035b64fc0bdcfa2d2b1f80fe64510b52faa32bad805b647c0bdcfaf52b1f80d264510b52faa32b6d805b64b2d0dcfa46531f80f464510bb8faa32b03aa5b64580bdcfa572b1f800d64510b8ffaa32b1f805b64510bdcfaa32b1f805b64510bdcfaa32b1f805b64430bdcfaa32b1f805b64510bdcfaa32b1f805b64
2026-10-02 21:31:26.691 [OP] 40E3 inv=FFDF len=32 #2 3b0e392ba5b75b64370b36fa812bec801264830be4fa572b69805c64970b6afa
2026-10-02 21:31:26.691 [OP] 40E2 inv=FFA7 len=88 #2 3b0e392b67801664370b6ffa6a2b62800adf830b2dc4202b9faac4647fec6ffa9753ca80a9df830b41c4392b4aaac36440ec8bfa76539d80a0dffd0bcec4fd2b33aa1c6421ec8bfaa7539d8010dfb20b55c4fd2b4caa9564
2026-10-02 21:31:26.691 [OP] 4233 inv=FFFA len=5 #1 d17a7f510b
2026-10-02 21:31:26.691 [OP] 40F6 inv=FFEF len=16 #1 875dad8026f8510bdcfaa32b1f805c64
2026-10-02 21:31:26.691 [OP] 4232 inv=FF60 len=159 #1 3223d0dce0a32b1f4f5b645127dcfaa3de1f805b6f510bdc1c462b1f805b64510bdcfaa32b1f805b64510bdcfaa32b1f805b64510bdcfaa3daad805b64510bdc0cf82b1f805b64514752faa32b1f805b14580bdcfaa32b1f9b7a64516f52faa31aca805bc7510bdc25a32b1fef5b6451c4dcfaa3f259805b95510bdc42a32b1fe15b64510bdcfaa32cd672eca2d661e2b05b931f805b64510bdcfaa32b1f80
2026-10-02 21:31:26.691 [OP] 4210 inv=FFF3 len=12 #1 710bdcfae82b1f8023ecfc0b
2026-10-02 21:31:26.703 [OUT] 0185 inv=FFF7 len=12 #2 f7ff8501dcfaa32bc8d97b81
2026-10-02 21:31:49.829 [SETTLE] exp=7593 gold=201747 len=393
2026-10-02 21:31:53.361 [OP] 4031 inv=FFE9 len=22 #1 fc0bfafa212b1f805b64520bdc5133f44dab7644780b
2026-10-02 21:32:23.600 [SETTLE] exp=11994 gold=201747 len=393
2026-10-02 21:32:50.081 [SETTLE] exp=10224 gold=201747 len=403
2026-10-02 21:33:19.020 [SETTLE] exp=11859 gold=201747 len=393
2026-10-02 21:33:53.598 [SETTLE] exp=12825 gold=201747 len=403
2026-10-02 21:34:15.489 [SETTLE] exp=6525 gold=201747 len=393
2026-10-02 21:34:36.636 [SETTLE] exp=7914 gold=201747 len=403
2026-10-02 21:34:38.735 [OP] 4018 inv=FFF0 len=15 #1 d17a7f516d3e22a36bad289464510b
2026-10-02 21:35:07.390 [SETTLE] exp=7914 gold=201747 len=403
2026-10-02 21:35:13.440 [SYS] #00FF00#1#00FFFF#分钟后逍遥村周围将掉落20个宝箱，捡取可获得意外惊喜喔！#FFFFFF#
2026-10-02 21:35:27.920 [SETTLE] exp=10749 gold=201747 len=403
2026-10-02 21:35:51.449 [QUESTION] {"type":"question","sock":2384,"qno":12,"field_a":82,"stem":"在杠杆上起到支撑作用的那一点叫做？","options":["1、支点","2、上午六点","3、晚上8点","4、少一点"]}
2026-10-02 21:35:52.450 [UI] auto dump on question qno=12
2026-10-02 21:35:52.450 [UI] ---- window dump begin (pid 13972) ----
2026-10-02 21:35:52.467 [UI] TOP=00070A3E vis=1 cls=ATL:0132F210 rc=(-7,0,967,1039) title=什么什么大冒险2(①逍遥村敬老院)-自由五号_Sep 24 2026《什么什么大冒险》制作委员会QQ群:515616289
2026-10-02 21:35:52.468 [UI] TOP=000A04CE vis=0 cls=DIEmWin rc=(-1,-1,135,38) title=DIEmWin
2026-10-02 21:35:52.484 [UI] TOP=00120A36 vis=0 cls=MSCTFIME UI rc=(0,0,0,0) title=MSCTFIME UI
2026-10-02 21:35:52.500 [UI] TOP=00040A32 vis=0 cls=IME rc=(0,0,0,0) title=Default IME
2026-10-02 21:35:52.500 [UI] TOP=0013021C vis=0 cls=IME rc=(0,0,0,0) title=Default IME
2026-10-02 21:35:52.500 [UI] ---- window dump end ----
2026-10-02 21:35:56.472 [SETTLE] exp=10302 gold=201747 len=403
2026-10-02 21:36:00.254 [SEND-ANSWER] qno=12 opt=0 ret=13 sock=2384
2026-10-02 21:36:00.307 [SYS] 测试通过！
2026-10-02 21:36:00.423 [SYS] 获得了#00FF00#100#FFF692#金币
2026-10-02 21:36:00.425 [CURRENCY] a=201747 b=292894
2026-10-02 21:36:26.746 [SETTLE] exp=12825 gold=201747 len=403
2026-10-02 21:36:50.793 [SETTLE] exp=9363 gold=201747 len=393
2026-10-02 21:37:20.779 [SETTLE] exp=8856 gold=201747 len=403
2026-10-02 21:37:44.544 [SETTLE] exp=7914 gold=201747 len=393
2026-10-02 21:38:05.436 [SETTLE] exp=9363 gold=201747 len=393
2026-10-02 21:38:32.017 [SETTLE] exp=11403 gold=201747 len=393
2026-10-02 21:38:52.945 [SETTLE] exp=10866 gold=201747 len=403
2026-10-02 21:39:17.775 [SETTLE] exp=12048 gold=201747 len=393
2026-10-02 21:39:36.683 [SETTLE] exp=6405 gold=201747 len=403
2026-10-02 21:39:54.526 [SYS] #FFF692#恭喜#FF8CF8#啾咪啾咪#FFF692#打造出#64FF7D#+10#FFF692#装备
2026-10-02 21:39:58.455 [SETTLE] exp=11673 gold=201747 len=403
2026-10-02 21:40:22.052 [OUT] 1F04 inv=FFF6 len=13 #1 f6ff041fce1f805bd9510bdcc4
2026-10-02 21:40:30.015 [SETTLE] exp=11859 gold=201747 len=393
2026-10-02 21:40:51.591 [SETTLE] exp=12555 gold=201747 len=403
2026-10-02 21:41:12.538 [SETTLE] exp=10467 gold=201747 len=403
2026-10-02 21:41:35.961 [SETTLE] exp=10731 gold=201747 len=393
2026-10-02 21:41:56.882 [SETTLE] exp=9042 gold=201747 len=393
2026-10-02 21:42:22.833 [SETTLE] exp=8772 gold=201747 len=403
2026-10-02 21:42:46.159 [SETTLE] exp=7728 gold=201747 len=403
2026-10-02 21:43:13.994 [SETTLE] exp=9900 gold=201747 len=393
2026-10-02 21:43:37.324 [SETTLE] exp=9552 gold=201747 len=393
2026-10-02 21:44:03.253 [SETTLE] exp=10731 gold=201747 len=393
2026-10-02 21:44:27.415 [SETTLE] exp=7404 gold=201747 len=393
2026-10-02 21:44:45.999 [SETTLE] exp=9228 gold=201747 len=403
2026-10-02 21:44:46.093 [OP] 4210 inv=FFF3 len=12 #2 140bdcfaef2b1f807aecfc0b
2026-10-02 21:45:08.829 [SETTLE] exp=9228 gold=201747 len=403
2026-10-02 21:45:32.231 [SETTLE] exp=6687 gold=201747 len=393
2026-10-02 21:45:58.105 [SETTLE] exp=11859 gold=201747 len=403
2026-10-02 21:46:22.341 [SETTLE] exp=9417 gold=201747 len=403
2026-10-02 21:46:48.294 [SETTLE] exp=7839 gold=201747 len=393
2026-10-02 21:47:13.613 [SYS] #00FF00#1#00FFFF#分钟后逍遥村周围将掉落20个宝箱，捡取可获得意外惊喜喔！#FFFFFF#
2026-10-02 21:47:15.734 [SETTLE] exp=10815 gold=201747 len=403
2026-10-02 21:47:40.978 [SETTLE] exp=10089 gold=201747 len=403
2026-10-02 21:48:06.527 [SETTLE] exp=8856 gold=201747 len=393
2026-10-02 21:48:24.750 [SETTLE] exp=9228 gold=201747 len=403
2026-10-02 21:48:50.197 [SETTLE] exp=8772 gold=201747 len=403
2026-10-02 21:49:20.685 [SETTLE] exp=11673 gold=201747 len=403
2026-10-02 21:49:45.241 [SETTLE] exp=9228 gold=201747 len=393
2026-10-02 21:49:59.773 [SYS] #00FFFF#国庆节特别活动“红旗飘飘贺国庆”将于#00FF00#10#00FFFF#分钟后结束，装饰国旗将在活动结束#00FF00#30#00FFFF#分钟后关闭。请冒险者抓紧时间喔！#FFFFFF#
2026-10-02 21:50:15.303 [SETTLE] exp=10545 gold=201747 len=393
2026-10-02 21:50:22.543 [SYS] #00FF00#1#00FFFF#分钟后逍遥村周围将掉落20个宝箱，捡取可获得意外惊喜喔！#FFFFFF#
2026-10-02 21:50:39.119 [SETTLE] exp=10866 gold=201747 len=403
2026-10-02 21:51:00.448 [SETTLE] exp=10584 gold=201747 len=403
2026-10-02 21:51:26.546 [SETTLE] exp=10680 gold=201747 len=393
2026-10-02 21:51:50.083 [SETTLE] exp=6807 gold=201747 len=403
2026-10-02 21:52:11.635 [SETTLE] exp=10035 gold=201747 len=403
2026-10-02 21:52:42.092 [SETTLE] exp=11136 gold=201747 len=403
2026-10-02 21:53:07.473 [SETTLE] exp=10224 gold=201747 len=393
2026-10-02 21:53:17.648 [SYS] #FFF692#恭喜#FF8CF8#岚华骏铭#FFF692#在#00C8F8#国庆福袋#FFF692#中获得了#64FF7D#本命神宠-魔法
2026-10-02 21:53:35.315 [SETTLE] exp=9228 gold=201747 len=403
2026-10-02 21:53:37.591 [OP] 4031 inv=FFDE len=33 #2 b05175dce8a32b1faa5be1aede8674c149b2e941d84cdea1faa3dd367f1a998a0b
2026-10-02 21:53:54.685 [SETTLE] exp=9096 gold=201747 len=403
2026-10-02 21:54:17.958 [SETTLE] exp=12234 gold=201747 len=403
2026-10-02 21:54:46.322 [SETTLE] exp=11091 gold=201747 len=393
2026-10-02 21:54:46.413 [OP] 4707 inv=FFF3 len=12 #1 875dad807aecfc0b17faa32b
2026-10-02 21:54:46.413 [OP] 4612 inv=FFF7 len=8 #1 ca805b64238052fa
2026-10-02 21:54:59.774 [SYS] #00FFFF#国庆节特别活动“红旗飘飘贺国庆”将于#00FF00#5#00FFFF#分钟后结束，装饰国旗将在活动结束#00FF00#30#00FFFF#分钟后关闭。请冒险者抓紧时间喔！#FFFFFF#
2026-10-02 21:55:07.930 [SETTLE] exp=8832 gold=201747 len=403
2026-10-02 21:55:29.061 [OP] 4031 inv=FFDE len=33 #3 375127dcc6a32b1faa5b499fde866dd7b3c29e92eb030bdc5950b9315e8487650b
2026-10-02 21:55:33.443 [SETTLE] exp=7158 gold=201747 len=403
2026-10-02 21:55:54.767 [SETTLE] exp=7209 gold=201747 len=403
2026-10-02 21:56:23.484 [SETTLE] exp=12264 gold=201747 len=393
2026-10-02 21:56:43.851 [SETTLE] exp=7527 gold=201747 len=403
2026-10-02 21:57:08.582 [SETTLE] exp=9285 gold=201747 len=393
2026-10-02 21:57:24.031 [OP] 4031 inv=FFDC len=35 #4 775bf15145dcfaa32b1f676f5b1360a201337a40e9e991740bdc80eb797136e4e5e20b
2026-10-02 21:57:36.232 [SETTLE] exp=10773 gold=201747 len=393
2026-10-02 21:57:36.324 [OP] 40E6 inv=FFF3 len=12 #2 875dad80fadf510bdcfaa32b
2026-10-02 21:57:36.324 [OP] 40E0 inv=FED1 len=302 #3 7c8052fa844a1f805b64510b47e8a32b1f805b64d3b1dcfaa32b1f80cdf8510bdcfaa32b85035b64fc0bdcfa2d2b1f80fe64510b52faa32bad805b647c0bdcfaf52b1f80d264510b52faa32b6d805b640bd0dcfa46531f80f764510bb8faa32b41aa5b64580bdcfa572b1f800d64510b8ffaa32b1f805b64510bdcfaa32b1f805b64510bdcfaa32b1f805b64430bdcfaa32b1f805b64510bdcfaa32b1f805b64
2026-10-02 21:57:36.325 [OP] 40E3 inv=FFDF len=32 #3 3b0e392ba5aa5b64370b36fa812bec801264830be4fa572b69805c64970b6afa
2026-10-02 21:57:36.326 [OP] 40E2 inv=FFA7 len=88 #3 3b0e392b67803164370b6ffa6a2b62800adf830b2dc4202b9faac4647fec6ffa9753ca80a9df830b41c4392b4aaac36440ec8bfa76539d80a0dffd0bcec4fd2b33aa1c6421ec8bfaa7539d8010dfb20b55c4fd2b4caa9564
2026-10-02 21:57:36.326 [OP] 4233 inv=FFFA len=5 #2 d17a7f510b
2026-10-02 21:57:36.326 [OP] 40F6 inv=FFEF len=16 #2 875dad80417a510bdcfaa32b1f805c64
2026-10-02 21:57:36.326 [OP] 4232 inv=FF60 len=159 #2 3223d0dce0a32b1f4f5b645127dcfaa3de1f805b6f510bdc1c462b1f805b64510bdcfaa32b1f805b64510bdcfaa32b1f805b64510bdcfaa30ead805b64510bdc5df82b1f805b6451e752faa32b1f805bf6580bdcfaa32b1f477a64516f52faa318ca805b5e510bdc25a32b1fef5b6451c4dcfaa3c7ad805ba5510bdc1aa32b1f8e5b64510bdcfaa32cd672eca2d661e2b05b931f805b64510bdcfaa32b1f80
2026-10-02 21:57:36.326 [OP] 4210 inv=FFF3 len=12 #3 140bdcfa2f2b1f8023ecfc0b
2026-10-02 21:57:36.351 [OUT] 0185 inv=FFF7 len=12 #3 f7ff8501dcfaa32bc8d97b81
2026-10-02 21:58:01.305 [SETTLE] exp=5301 gold=201747 len=403
2026-10-02 21:58:23.417 [SETTLE] exp=6819 gold=201747 len=403
2026-10-02 21:58:27.893 [OP] 4031 inv=FFD7 len=40 #5 3bfa612b56805b64510b2c0b979c5fc2669b8793884e32ebe905b46451e42a2a2b3cc534be42b30b
2026-10-02 21:58:53.686 [SETTLE] exp=6819 gold=201747 len=403
2026-10-02 21:58:59.774 [SYS] #00FFFF#国庆节特别活动“红旗飘飘贺国庆”将于#00FF00#1#00FFFF#分钟后结束，装饰国旗将在活动结束#00FF00#30#00FFFF#分钟后关闭。请冒险者抓紧时间喔！#FFFFFF#
2026-10-02 21:59:19.858 [SETTLE] exp=6426 gold=201747 len=403
2026-10-02 21:59:44.342 [SETTLE] exp=10332 gold=201747 len=393
2026-10-02 21:59:59.860 [SYS] #00FFFF#国庆焰火晚会开始了，冒险者可到旗台处参与燃放烟花，幸运者还可能得到稀有奖励喔！装饰国旗以及燃放烟花将在#00FF00#30#00FFFF#分钟后关闭，请冒险者抓紧时间喔！#FFFFFF#
2026-10-02 22:00:08.172 [SETTLE] exp=7683 gold=201747 len=403
2026-10-02 22:00:35.783 [SETTLE] exp=9543 gold=201747 len=403
2026-10-02 22:01:01.913 [SETTLE] exp=6306 gold=201747 len=403
2026-10-02 22:01:25.749 [SETTLE] exp=7566 gold=201747 len=393
2026-10-02 22:01:51.048 [SETTLE] exp=10332 gold=201747 len=393
2026-10-02 22:02:16.747 [SETTLE] exp=10611 gold=201747 len=393
2026-10-02 22:02:23.698 [OP] 4707 inv=FFF3 len=12 #2 875dad8063cdfc0b17faa32b
2026-10-02 22:02:23.787 [OP] 43F1 inv=FFFA len=5 #1 33b4de1fc7
2026-10-02 22:02:23.792 [OP] 40E0 inv=FED1 len=302 #4 7c8052fa844a1f805b64510b47e8a32b1f805b64d3b1dcfaa32b1f80cdf8510bdcfaa32b85035b64fc0bdcfa2d2b1f80fe64510b52faa32bad805b647c0bdcfaf52b1f80d264510b52faa32b6d805b640bd0dcfa46531f80f764510bb8faa32b41aa5b64580bdcfa572b1f800d64510b8ffaa32b1f805b64510bdcfaa32b1f805b64510bdcfaa32b1f805b64430bdcfaa32b1f805b64510bdcfaa32b1f805b64
2026-10-02 22:02:23.792 [OP] 4612 inv=FFF7 len=8 #2 ca805b64b4b252fa
2026-10-02 22:02:23.803 [OUT] 0185 inv=FFF7 len=12 #4 f7ff8501dcfaa32bc8d97b81
2026-10-02 22:02:25.797 [OP] 4612 inv=FFF7 len=8 #3 ca805b6412b252fa
2026-10-02 22:02:27.994 [OP] 4612 inv=FFF7 len=8 #4 ca805b6455b252fa
2026-10-02 22:02:37.785 [OUT] 0049 inv=FFEC len=23 #1 ecff49002b1f805b64510bdc5a4e78c8805b64510b66c4
2026-10-02 22:02:37.855 [OP] 40E0 inv=FED1 len=302 #5 7c8052fa844a1f805b64510b47e8a32b1f805b64d3b1dcfaa32b1f80cdf8510bdcfaa32b85035b64fc0bdcfa2d2b1f80fe64510b52faa32bad805b647c0bdcfaf52b1f80d264510b52faa32b6d805b640bd0dcfa46531f80f764510bb8faa32b41aa5b64580bdcfa572b1f800d64510b8ffaa32b1f805b64510bdcfaa32b1f805b64510bdcfaa32b1f805b64430bdcfaa32b1f805b64510bdcfaa32b1f805b64
2026-10-02 22:02:37.866 [OUT] 0185 inv=FFF7 len=12 #5 f7ff8501dcfaa32bc8d97b81
2026-10-02 22:02:37.919 [OP] 40E3 inv=FFDF len=32 #4 3b0e392ba5809464370b36fa812bec801264830be4fa572b69805c64970b6afa
2026-10-02 22:02:37.919 [OP] 40E2 inv=FFA7 len=88 #4 3b0e392b6787c464370b6ffa6a2b62800adf830b2dc4202b9faac4647fec6ffa9753ca80a9df830b41c4392b4aaac36440ec8bfa76539d80a0dffd0bcec4fd2b33aa1c6421ec8bfaa7539d8010dfb20b55c4fd2b4caa9564
2026-10-02 22:02:37.919 [OP] 4232 inv=FF60 len=159 #3 3223d0dce0a32b1f4f5b645127dcfaa3de1f805b6f510bdc1c462b1f805b64510bdcfaa32b1f805b64510bdcfaa32b1f805b64510bdcfaa30ead805b64510bdc5df82b1f805b6451e752faa32b1f805bf6580bdcfaa32b1f477a64517352faa318ca805b5e510bdc25a32b1fef5b6451c4dcfaa3c7ad805ba5510bdc1aa32b1f8e5b64510bdcfaa32cd672eca2d661e2b05b931f805b64510bdcfaa32b1f80
2026-10-02 22:02:37.919 [OP] 4232 inv=FF60 len=159 #4 3223d0dcaea32b1f8c5b6451b2dcfaa3061f805b08510bdccd202b1f805b64510bdcfaa32b1f805b64510bdcfaa32b1f805b64510bdcfaa3281f805b64510bdcb2a32b1f805b6451d7dcfaa32b1f805b11510bdcfaa32b1f007a6451e3dcfaa3931f805b7f510bdce0a32b1fef5b6451c4dcfaa37c1f805bf8510bdce0a32b1f4f5b64510bdcfaa32cd672eca2d661e2b05b2b1f805bdf510bdcfaa32b1f80
2026-10-02 22:02:37.930 [OP] 4020 inv=FFE7 len=24 #1 7c8052fa672bca8094a9510bc740a32bca8095643b0b52fa
2026-10-02 22:02:37.930 [OP] 4202 inv=FFEF len=16 #1 230bdcfaa32b1f800ea9510b4a5ba32b
2026-10-02 22:02:37.930 [OP] 4055 inv=FFF7 len=8 #1 23ecfc0bdcfaa378
2026-10-02 22:02:37.930 [OP] 4613 inv=FFB9 len=70 #1 95f3ddbf6fe02298bd798a6c0e2e585b68a9182c94df55536a6d8d503ea6ed7f58ec6ffaa353caaa5b731cad5498f8671f808637510bdcfaa32beceb066d0d4079bbea2b1f80
2026-10-02 22:02:37.930 [OP] 40A0 inv=FCAF len=848 #1 23ecfc0ba90e392bcdc75b647dd0dcfadb4a3826f012510bdcfaa32b1f805b64510bdcfaa32b1f805b64510bdcfaa32b1f805b64510bdcfaa32b1f80a237d475f6dcd62402c75b6440ecdcfadb4a3268bef22e60dcfaa32b1f805b64510bdcfaa32b1f805b64510bdcfaa32b1f805b64510bdcfaa32b1f80b7a9a675d2308f24f4c75b64d4c4dcfadb4a7caf33b4303ccdb38023db065b64510bdcfaa32b1f80
2026-10-02 22:02:37.930 [OP] 4613 inv=FA18 len=1511 #2 11c083e7c4202bdc7c942b917fda60233363c7915c0eec59acdbc0d879928c83ec6fc4f82b1faa95df51bb6d755f51ca1e5b640b0bdcfaa3531f805c87299e53802b8f36805b64092fe7c4202b97b194dc023ca743ba5337df950d4777118cfc53caaa956451ec6fc4a3298017ba965894dce83d061fce5bdf510b6aef6febd9d54689510bdc49a84cca4f5b351d7fb2b9b93be5bc95df55761dde352ecaaa95
2026-10-02 22:02:37.937 [OUT] 0045 inv=FFF7 len=12 #1 f7ff4500510bdcfa612b1f80
2026-10-02 22:02:38.026 [OP] 4025 inv=FFF5 len=10 #1 61533832c4df51ece2fa
2026-10-02 22:02:41.144 [OP] 4613 inv=FFB5 len=74 #3 f85994d19508b247883361760ac7e916e1b25d57b4644faa28280d0c9e98b46905aa95df5bc2e7faa353caaa5b731cad54a8f8c41fc75b6451ecdcc4a32becd52450127253d56c2b1f80
2026-10-02 22:02:44.196 [OP] 43F1 inv=FFFA len=5 #2 33b4de1faa
2026-10-02 22:02:44.287 [OP] 4704 inv=FFDE len=33 #1 6d3e22a39ef3ce5b5a510bdcb8a32b1feb066d0d4079bbea2b1f805b64510bdcfa
2026-10-02 22:02:45.619 [OUT] 0031 inv=FFCE len=53 #1 ceff31006451316f33b4de1f4f5b6451b9dcfaa32b1f805b75510bdce8a32b1f805b6451a2da2bf061f1341a64510bdcfaa32b1f80
2026-10-02 22:02:45.674 [OP] 401B inv=FEF3 len=268 #1 23ecfc0b8bfaa32b0f805b64b4b252fada2b1f802964510b606ea32b1f805b64135fdcfaa32b1f809ef8510bdcfaa32be6c75b64510bdcfa16876c842d43520bdcfaa32b1f805b645152155a603bad803564510b68faa32b45ca5b64510bdcfac37c1f805b64510bdee8a32b1f805b64db7fdcfaa32b1f8026b35c3828d7fb2b1f805b64510bdcfaa3e91f803ccdfc0b37faa32bab805b64a9fddcfaa32b1f80
2026-10-02 22:02:46.971 [OP] 4705 inv=FFB8 len=71 #1 d17a7f5134a722a35d67ce5b2dfc0bdcfaa32b1fbbc464510bdcfaa34759805b64510bdc9ddb2b1f805b645131dcfaa3141f805b5151a2da2bf0774b341a64510bdcfaa32b1f80
2026-10-02 22:02:48.882 [OP] 4612 inv=FFF7 len=8 #5 ca805b64432590fa
2026-10-02 22:02:56.501 [OP] 40A0 inv=FE8F len=368 #2 23ecfc0be6fadb2bb8805b643875dcfadb4ab5c13cf2bc05b600f07f9aeb5b64510bdcfaa32b1f805b64510bdcfaa32b1f805b64510bdcfaa32b1f803cc690b1076ee64a4cc75b64190bdcfadb4a0bc1f055510bdcfaa32b1f805b64510bdcfaa32b1f805b64510bdcfaa32b1f805b64510bdcfaa32b1f801bc6a0b1a96e054a15c75b64317fdcfadb4a7caf855d3064288d4cb51f805b64510bdcfaa32b1f80
2026-10-02 22:02:56.501 [OP] 4613 inv=FEE8 len=279 #4 b1493b7a53a507e8c80eec58c41df759aa95381e7f072ddb0e40c795df58ecdcfaf853ca80b8d4292717c44e2b1f166364fc0bdcfaa3d9a716b26b72d6dcfaa30d08ac2bdf0bfd6fc46f69950756a31e271d10dfc0caaa3f4889272764dcbbcaaa95df07a3e7faa353caaa86264e82a2c2ea53ab80c4fd0e0be6faa32b1fcae0fb6c2f22754cea891af049510bdc66b04cca4f407d557f6fc41df759aa95381e
2026-10-02 22:02:56.604 [OP] 4613 inv=FEE8 len=279 #5 b1493b7a53a507e8c80eec58c41df759aa95381e7f072ddb0e40c795df58ecdcfaf853ca80b8d4292717c44e2b1fce5b64fc0bdcfaa3d9a716b26b72d6dcfaa30d08ac2bdf0bfd6fc46f69950756a31e271d10dfc0caaa3f4889272764dcbbcaaa95df07a3e7faa353caaa86264e82a2c2ea53ab80c408510be6faa32b1fcae0fb6c2f22754cea891af049510bdc66b04cca4f407d557f6fc41df759aa95381e
2026-10-02 22:02:58.410 [OP] 40A0 inv=FF07 len=248 #3 23ecfc0b8bfa392b3ec75b64950bdcfadb4a6c05c267510bdcfaa32b1f805b64510bdcfaa32b1f805b64510bdcfaa32b1f805b64510bdcfaa32b1f80b7d9dfd0d29fe1dee5c75b64237fdcfadb4adb2f6340510bdcfaa32b1f805b64510bdcfaa32b1f805b64510bdcfaa32b1f805b64510bdcfaa32b1f80f8d965d0329f41de1cc75b641ac4dcfadb4a429a24ca5c00cd974148b97a632a510bdcfaa32b1f80
2026-10-02 22:03:01.419 [OP] 40A0 inv=FF43 len=188 #4 23ecfc0b5230392b7ac75b6453ecdcfadb4a363c3ee11e9edcfaa32b1f805b64510bdcfaa32b1f805b64510bdcfaa32b1f805b64510bdcfaa32b1f80cac6b97f106ec8932bc75b64c57fdcfadb4a121a2d40510bdcfaa32b1f805b64510bdcfaa32b1f805b64510bdcfaa32b1f805b64510bdcfaa32b1f8000c6527f956e519346c75b64e90bdcfadb4ac3fbdb22072f7d166aa11f805b64510bdcfaa32b1f80
2026-10-02 22:03:03.415 [OP] 40A0 inv=FF43 len=188 #5 23ecfc0b52fadb2b24c75b64a67fdcfadb4a962f98da510bdcfaa32b1f805b64510bdcfaa32b1f805b64510bdcfaa32b1f805b64510bdcfaa32b1f80337ae4d0aa02a8de8dc75b6403d0dcfadb4ae49ee986960a5af1d47f722c3c49510bdcfaa32b1f805b64510bdcfaa32b1f805b64510bdcfaa32b1f8066be72d0584765de6cb65b6439ecdcfadb4a7caf33b4303c60d18b02b5d85b64510bdcfaa32b1f80
2026-10-02 22:03:07.537 [SYS] #FFF692#交纳传送费用#00CCFF#690#FFF692#金币！
2026-10-02 22:03:07.537 [SYS] #ff0000#您已进入野外区域，可能遭遇玩家间的自由对战，请注意安全！#ffffff#
2026-10-02 22:03:07.537 [CURRENCY] a=201747 b=292204
2026-10-02 22:03:07.537 [OP] 40E3 inv=FFDF len=32 #5 3b0e392ba5805b64370b36fa812bec801264830be4fa572b69805c64970b6afa
2026-10-02 22:03:07.537 [OP] 40E2 inv=FFA7 len=88 #5 3b0e392b67d97b81370b6ffa6a2b62800adf830b2dc4202b9faac4647fec6ffa9753ca80a9df830b41c4392b4aaac36440ec8bfa76539d80a0dffd0bcec4fd2b33aa1c6421ec8bfaa7539d8010dfb20b55c4fd2b4caa9564
2026-10-02 22:03:07.540 [OP] 4232 inv=FF60 len=159 #5 3223d0dce0a32b1f4f5b645127dcfaa3de1f805b6f510bdc1c462b1f805b64510bdcfaa32b1f805b64510bdcfaa32b1f805b64510bdcfaa30ead805b64510bdc5df82b1f805b6451e752faa32b1f805bf6580bdcfaa32b1f477a64517352faa318ca805b5e510bdc25a32b1fef5b6451c4dcfaa3c7ad805ba5510bdc1aa32b1f8e5b64510bdcfaa32cd672eca2d661e2b05b931f805b64510bdcfaa32b1f80
2026-10-02 22:03:07.540 [OP] 401B inv=FEB3 len=332 #2 875dad800d64510b17faa32b7207c464530bdcfa972b1f80afc6510bdcfaa32be4c65b64510bdcfae9931f805b64510bffe8a32b1f805b64bc595ab12b219f805b64510bdcfaa32b1f80a3f012b252fada2b1f802964510bac9fa32b1f805b6437fddcfaa32b1f8012f8510bdcfaa32be0c75b64510bdcfa16876c842d437f0bdcfaa32b1f805b64510b0ee4a63bad803564510b68faa32b53ca5b64510bdcfa
2026-10-02 22:03:07.605 [OP] 4202 inv=FFEF len=16 #2 b7ecdcfa572b1f80f7df510b94c4a32b
2026-10-02 22:03:07.605 [OP] 4055 inv=FFF7 len=8 #2 23ecfc0bdcfaa32b
2026-10-02 22:03:13.709 [SYS] #ff0000#您已进入野外区域，可能遭遇玩家间的自由对战，请注意安全！#ffffff#
2026-10-02 22:03:13.758 [OP] 401B inv=FEB3 len=332 #3 875dad800d64510b17faa32b7207c464530bdcfa972b1f80afc6510bdcfaa32be4c65b64510bdcfae9931f805b64510bffe8a32b1f805b64bc595ab12b219f805b64510bdcfaa32b1f41da4f12b252fada2b1f802964510bac9fa32b1f805b6437fddcfaa32b1f8012f8510bdcfaa32be0c75b64510bdcfa16876c842d437f0bdcfaa32b1f805b64510bdcfaa63bad803564510b68faa32b53ca5b64510bdcfa
2026-10-02 22:03:13.758 [OP] 4202 inv=FFEF len=16 #3 15ecdcfab42b1f8056df510bf5baa32b
2026-10-02 22:03:13.758 [OP] 4055 inv=FFF7 len=8 #3 23ecfc0bdcfaa32b
2026-10-02 22:03:27.701 [SYS] #00FF00#1#00FFFF#分钟后逍遥村周围将掉落20个宝箱，捡取可获得意外惊喜喔！#FFFFFF#
2026-10-02 22:03:41.726 [SETTLE] exp=5802 gold=201747 len=403
2026-10-02 22:04:03.433 [SETTLE] exp=5484 gold=201747 len=393
2026-10-02 22:04:09.302 [OUT] 1005 inv=FFEF len=20 #1 efff0510a22c39ad8ba04064fc0b71c4a32b1f80
2026-10-02 22:04:20.730 [SETTLE] exp=7764 gold=201747 len=403
2026-10-02 22:04:44.403 [SETTLE] exp=4545 gold=201747 len=403
2026-10-02 22:04:47.752 [SYS] #FF8CF8#【岚华】#00FFFF#放了一个大炮仗，在逍遥村东区周围炸出红星券，大家快来抢哟！
2026-10-02 22:05:06.771 [SETTLE] exp=5397 gold=201747 len=403
2026-10-02 22:05:30.246 [SETTLE] exp=5328 gold=201747 len=403
2026-10-02 22:05:52.500 [SETTLE] exp=5958 gold=201747 len=403
2026-10-02 22:06:14.455 [SETTLE] exp=5823 gold=201747 len=403
2026-10-02 22:06:35.771 [SETTLE] exp=3852 gold=201747 len=403
2026-10-02 22:06:54.073 [SETTLE] exp=5085 gold=201747 len=393
2026-10-02 22:07:18.670 [SETTLE] exp=6687 gold=201747 len=403
2026-10-02 22:07:38.403 [SETTLE] exp=5901 gold=201747 len=403
2026-10-02 22:08:05.402 [SETTLE] exp=8370 gold=201747 len=403
2026-10-02 22:08:31.787 [SETTLE] exp=7167 gold=201747 len=393
2026-10-02 22:08:53.551 [SETTLE] exp=7335 gold=201747 len=393
2026-10-02 22:09:14.887 [SETTLE] exp=8313 gold=201747 len=403
2026-10-02 22:09:24.430 [SYS] #FF8CF8#【岚华】#00FFFF#放了一个大炮仗，在逍遥村东区周围炸出红星券，大家快来抢哟！
2026-10-02 22:09:40.953 [SETTLE] exp=10422 gold=201747 len=403
2026-10-02 22:10:03.164 [SETTLE] exp=7350 gold=201747 len=393
2026-10-02 22:10:24.151 [SETTLE] exp=7065 gold=201747 len=403
2026-10-02 22:10:32.577 [SYS] #FF8CF8#【岚华】#00FFFF#放了一个大炮仗，在逍遥村东区周围炸出红星券，大家快来抢哟！
2026-10-02 22:11:14.167 [SETTLE] exp=10821 gold=201747 len=403
2026-10-02 22:11:39.870 [SETTLE] exp=7959 gold=201747 len=403
2026-10-02 22:11:47.112 [SYS] #FF8CF8#【岚华】#00FFFF#放了一个大炮仗，在逍遥村东区周围炸出红星券，大家快来抢哟！
2026-10-02 22:12:10.670 [SETTLE] exp=10776 gold=201747 len=393
2026-10-02 22:12:37.108 [SETTLE] exp=6198 gold=201747 len=403
2026-10-02 22:13:02.089 [SETTLE] exp=6315 gold=201747 len=393
2026-10-02 22:13:22.479 [SETTLE] exp=10986 gold=201747 len=403
2026-10-02 22:13:44.744 [SETTLE] exp=6363 gold=201747 len=403
2026-10-02 22:14:11.791 [SETTLE] exp=9624 gold=201747 len=393
2026-10-02 22:14:36.084 [SETTLE] exp=8358 gold=201747 len=393
2026-10-02 22:14:54.631 [SYS] #FF8CF8#【岚华】#00FFFF#放了一个大炮仗，在逍遥村东区周围炸出红星券，大家快来抢哟！
2026-10-02 22:15:04.873 [SETTLE] exp=9345 gold=201747 len=403
2026-10-02 22:15:37.560 [SETTLE] exp=10659 gold=201747 len=393
2026-10-02 22:15:37.659 [OP] 40E1 inv=FFED len=18 #2 23ecfc0b6ffadb91ca809564580b6ffaf82b
2026-10-02 22:16:03.279 [SYS] #FF8CF8#【岚华】#00FFFF#放了一个大炮仗，在逍遥村东区周围炸出红星券，大家快来抢哟！
2026-10-02 22:16:05.008 [SETTLE] exp=8946 gold=201747 len=393
2026-10-02 22:16:23.644 [SETTLE] exp=7191 gold=201747 len=393
2026-10-02 22:16:50.490 [SETTLE] exp=8031 gold=201747 len=403
2026-10-02 22:17:12.479 [SETTLE] exp=4905 gold=201747 len=393
2026-10-02 22:17:32.429 [SETTLE] exp=8238 gold=201747 len=403
2026-10-02 22:17:58.452 [SETTLE] exp=8076 gold=201747 len=413
2026-10-02 22:18:23.339 [SETTLE] exp=8826 gold=201747 len=403
2026-10-02 22:18:49.930 [SETTLE] exp=10212 gold=201747 len=393
2026-10-02 22:19:15.554 [SETTLE] exp=8076 gold=201747 len=403
2026-10-02 22:19:15.645 [OP] 4235 inv=FFFA len=5 #2 7d67ce5b64
2026-10-02 22:19:41.942 [SETTLE] exp=8076 gold=201747 len=403
2026-10-02 22:20:02.592 [SETTLE] exp=8547 gold=201747 len=403
2026-10-02 22:20:30.601 [SETTLE] exp=6762 gold=201747 len=403
2026-10-02 22:20:54.170 [SETTLE] exp=8901 gold=201747 len=393
2026-10-02 22:20:58.847 [SYS] #FF8CF8#【岚华】#00FFFF#放了一个大炮仗，在逍遥村东区周围炸出红星券，大家快来抢哟！
2026-10-02 22:21:24.259 [SETTLE] exp=8076 gold=201747 len=403
2026-10-02 22:21:50.539 [SETTLE] exp=9108 gold=201747 len=393
2026-10-02 22:22:17.115 [SETTLE] exp=9108 gold=201747 len=403
2026-10-02 22:22:38.442 [SETTLE] exp=6081 gold=201747 len=393
2026-10-02 22:23:05.494 [SETTLE] exp=9183 gold=201747 len=393
2026-10-02 22:23:08.760 [SYS] #FF8CF8#【岚华骏铭】#00FFFF#放了一个大炮仗，在逍遥村东区周围炸出红星券，大家快来抢哟！
2026-10-02 22:23:31.408 [SETTLE] exp=7284 gold=201747 len=393
2026-10-02 22:23:36.463 [SYS] #FF8CF8#【岚华骏铭】#00FFFF#放了一个大炮仗，在逍遥村东区周围炸出红星券，大家快来抢哟！
2026-10-02 22:23:58.301 [SETTLE] exp=9225 gold=201747 len=403
2026-10-02 22:24:25.987 [SETTLE] exp=8358 gold=201747 len=393
2026-10-02 22:24:47.550 [SETTLE] exp=10095 gold=201747 len=393
2026-10-02 22:25:11.412 [SETTLE] exp=9225 gold=201747 len=403
2026-10-02 22:25:33.716 [SETTLE] exp=6597 gold=201747 len=393
2026-10-02 22:25:56.829 [SETTLE] exp=7677 gold=201747 len=403
2026-10-02 22:26:15.005 [SETTLE] exp=6924 gold=201747 len=403
2026-10-02 22:26:36.502 [SETTLE] exp=9390 gold=201747 len=403
2026-10-02 22:26:59.767 [SYS] #00FFFF#国庆焰火晚会开始了，冒险者可到旗台处参与燃放烟花，幸运者还可能得到稀有奖励喔！装饰国旗以及燃放烟花将在#00FF00#3#00FFFF#分钟后关闭，请冒险者抓紧时间喔！#FFFFFF#
2026-10-02 22:27:11.805 [SETTLE] exp=9624 gold=201747 len=403
2026-10-02 22:27:30.968 [SYS] #FF8CF8#【岚华骏铭】#00FFFF#放了一个大炮仗，在逍遥村东区周围炸出红星券，大家快来抢哟！
2026-10-02 22:27:35.739 [SETTLE] exp=6378 gold=201747 len=403
2026-10-02 22:28:01.478 [SETTLE] exp=8946 gold=201747 len=393
2026-10-02 22:28:27.756 [SETTLE] exp=9225 gold=201747 len=393
2026-10-02 22:28:49.135 [SETTLE] exp=7677 gold=201747 len=403
2026-10-02 22:29:08.573 [SETTLE] exp=7512 gold=201747 len=403
2026-10-02 22:29:32.046 [SETTLE] exp=5127 gold=201747 len=403
2026-10-02 22:29:56.972 [SETTLE] exp=9507 gold=201747 len=403
2026-10-02 22:29:59.768 [SYS] #00FFFF#国庆节特别活动“红旗飘飘贺国庆”以及国庆焰火晚会到此结束，谢谢各位冒险者的热情参与，祝所有冒险者国庆快乐！#FFFFFF#
2026-10-02 22:30:20.744 [SETTLE] exp=6315 gold=201747 len=403
2026-10-02 22:30:37.834 [SETTLE] exp=10143 gold=201747 len=403
2026-10-02 22:31:00.339 [SETTLE] exp=6480 gold=201747 len=393
2026-10-02 22:31:00.431 [SYS] 获得了#00FF00#1#FFF692#个#64FF7D#紫金红葫芦
2026-10-02 22:31:00.527 [OP] 4020 inv=FFE7 len=24 #2 7c8052fa672bca8094cdfc0be9a7a32bca809564fc0b8bfa
2026-10-02 22:31:00.527 [OP] 4210 inv=FFF3 len=12 #4 660bdcfa662b1f807aecfc0b
2026-10-02 22:31:00.547 [OUT] 0045 inv=FFF7 len=12 #2 f7ff4500510bdcfa392b1f80
2026-10-02 22:31:00.637 [OP] 4025 inv=FFF5 len=10 #2 39533832c4df51ece2fa
2026-10-02 22:31:22.657 [SETTLE] exp=9225 gold=201747 len=393
2026-10-02 22:31:46.806 [SETTLE] exp=9390 gold=201747 len=393
2026-10-02 22:32:20.437 [SETTLE] exp=8946 gold=201747 len=393
2026-10-02 22:32:50.434 [SETTLE] exp=7794 gold=201747 len=403
2026-10-02 22:33:14.404 [SETTLE] exp=6480 gold=201747 len=393
2026-10-02 22:33:39.506 [SETTLE] exp=7911 gold=201747 len=403
2026-10-02 22:34:03.938 [SETTLE] exp=6480 gold=201747 len=403
2026-10-02 22:34:23.502 [SETTLE] exp=6066 gold=201747 len=403
2026-10-02 22:34:45.260 [SETTLE] exp=8031 gold=201747 len=393
2026-10-02 22:35:07.391 [SETTLE] exp=6081 gold=201747 len=403
2026-10-02 22:35:28.073 [SETTLE] exp=7629 gold=201747 len=403
2026-10-02 22:35:45.751 [SETTLE] exp=5127 gold=201747 len=403
2026-10-02 22:36:08.424 [SETTLE] exp=9390 gold=201747 len=403
2026-10-02 22:36:08.529 [OP] 40E6 inv=FFF3 len=12 #3 875dad8083d9510bdcfaa32b
2026-10-02 22:36:08.529 [OP] 4233 inv=FFFA len=5 #3 d17a7f510b
2026-10-02 22:36:08.529 [OP] 40F6 inv=FFEF len=16 #3 875dad8010d9510bdcfaa32b1f805c64
2026-10-02 22:36:08.529 [OP] 4210 inv=FFF3 len=12 #5 660bdcfaef2b1f8023ecfc0b
2026-10-02 22:36:28.677 [SETTLE] exp=5091 gold=201747 len=403
2026-10-02 22:36:46.341 [SETTLE] exp=3660 gold=201747 len=393
2026-10-02 22:37:14.228 [SETTLE] exp=5439 gold=201747 len=403
2026-10-02 22:37:40.400 [SETTLE] exp=5313 gold=201747 len=403
2026-10-02 22:38:05.778 [SETTLE] exp=7470 gold=201747 len=393
2026-10-02 22:38:25.807 [SETTLE] exp=8409 gold=201747 len=393
2026-10-02 22:38:47.592 [SETTLE] exp=8409 gold=201747 len=403
2026-10-02 22:39:05.453 [SETTLE] exp=3729 gold=201747 len=403
2026-10-02 22:39:33.658 [SETTLE] exp=6936 gold=201747 len=403
2026-10-02 22:39:51.835 [SETTLE] exp=7896 gold=201747 len=393
2026-10-02 22:40:18.435 [SETTLE] exp=7803 gold=201747 len=403
2026-10-02 22:40:39.876 [SETTLE] exp=6123 gold=201747 len=403
2026-10-02 22:41:03.744 [SETTLE] exp=6345 gold=201747 len=393
2026-10-02 22:41:28.815 [SETTLE] exp=6345 gold=201747 len=403
2026-10-02 22:41:47.682 [SETTLE] exp=6807 gold=201747 len=403
2026-10-02 22:42:17.677 [SETTLE] exp=5298 gold=201747 len=393
2026-10-02 22:42:44.528 [SETTLE] exp=8373 gold=201747 len=403
2026-10-02 22:43:07.357 [SETTLE] exp=5886 gold=201747 len=403
2026-10-02 22:43:33.122 [SETTLE] exp=5184 gold=201747 len=393
2026-10-02 22:44:02.227 [SETTLE] exp=7215 gold=201747 len=403
2026-10-02 22:44:22.721 [SETTLE] exp=6216 gold=201747 len=393
2026-10-02 22:44:47.611 [SETTLE] exp=7599 gold=201747 len=403
2026-10-02 22:45:10.870 [SETTLE] exp=5403 gold=201747 len=393
2026-10-02 22:45:37.029 [SETTLE] exp=5532 gold=201747 len=393
2026-10-02 22:45:55.329 [SETTLE] exp=5136 gold=201747 len=393
2026-10-02 22:46:20.916 [SETTLE] exp=7377 gold=201747 len=403
2026-10-02 22:46:46.768 [SETTLE] exp=7248 gold=201747 len=393
2026-10-02 22:47:11.448 [SETTLE] exp=7248 gold=201747 len=403
2026-10-02 22:47:31.272 [SETTLE] exp=7029 gold=201747 len=393
2026-10-02 22:47:59.773 [SETTLE] exp=6936 gold=201747 len=393
2026-10-02 22:48:31.770 [SETTLE] exp=7341 gold=201747 len=393
2026-10-02 22:48:56.484 [SETTLE] exp=5313 gold=201747 len=403
2026-10-02 22:49:25.791 [SETTLE] exp=6030 gold=201747 len=393
2026-10-02 22:49:50.516 [SETTLE] exp=6936 gold=201747 len=393
2026-10-02 22:50:13.275 [SETTLE] exp=7599 gold=201747 len=403
2026-10-02 22:50:20.001 [QUESTION] {"type":"question","sock":2384,"qno":19,"field_a":101,"stem":"我国自己研制的火箭，已经多次成功的把什么送上太空？","options":["1、哈士奇","2、嫦娥","3、人造卫星","4、另一个太阳"]}
2026-10-02 22:50:21.019 [UI] auto dump on question qno=19
2026-10-02 22:50:21.019 [UI] ---- window dump begin (pid 13972) ----
2026-10-02 22:50:21.031 [UI] TOP=00070A3E vis=1 cls=ATL:0132F210 rc=(-9,22,1031,829) title=什么什么大冒险2(①逍遥村敬老院)-自由五号_Sep 24 2026《什么什么大冒险》制作委员会QQ群:515616289
2026-10-02 22:50:21.031 [UI] TOP=000A04CE vis=0 cls=DIEmWin rc=(-1,-1,135,38) title=DIEmWin
2026-10-02 22:50:21.043 [UI] TOP=00120A36 vis=0 cls=MSCTFIME UI rc=(0,0,0,0) title=MSCTFIME UI
2026-10-02 22:50:21.051 [SEND-ANSWER] qno=19 opt=2 ret=13 sock=2384
2026-10-02 22:50:21.064 [UI] TOP=00040A32 vis=0 cls=IME rc=(0,0,0,0) title=Default IME
2026-10-02 22:50:21.066 [UI] TOP=0013021C vis=0 cls=IME rc=(0,0,0,0) title=Default IME
2026-10-02 22:50:21.066 [UI] ---- window dump end ----
2026-10-02 22:50:21.104 [SYS] 测试通过！
2026-10-02 22:50:21.202 [SYS] 获得了#00FF00#100#FFF692#金币
2026-10-02 22:50:21.202 [CURRENCY] a=201747 b=292994
2026-10-02 22:50:34.944 [SETTLE] exp=5901 gold=201747 len=393
2026-10-02 22:51:03.265 [SETTLE] exp=7029 gold=201747 len=403
2026-10-02 22:51:26.635 [SETTLE] exp=5994 gold=201747 len=393
2026-10-02 22:51:48.639 [SETTLE] exp=6090 gold=201747 len=393
2026-10-02 22:52:17.002 [SETTLE] exp=5460 gold=201747 len=403
2026-10-02 22:52:35.762 [SETTLE] exp=4740 gold=201747 len=403
2026-10-02 22:52:59.495 [SETTLE] exp=5091 gold=201747 len=393
2026-10-02 22:53:24.879 [SETTLE] exp=7746 gold=201747 len=393
2026-10-02 22:53:51.230 [SETTLE] exp=5313 gold=201747 len=403
2026-10-02 22:54:11.115 [SETTLE] exp=5313 gold=201747 len=393
2026-10-02 22:54:26.398 [SETTLE] exp=5136 gold=201747 len=403
2026-10-02 22:54:50.187 [SETTLE] exp=8154 gold=201747 len=393
2026-10-02 22:55:20.515 [SETTLE] exp=7470 gold=201747 len=403
2026-10-02 22:55:40.568 [SETTLE] exp=6216 gold=201747 len=403
2026-10-02 22:56:00.149 [SETTLE] exp=4869 gold=201747 len=403
2026-10-02 22:56:27.693 [SETTLE] exp=5184 gold=201747 len=403
2026-10-02 22:56:50.438 [SETTLE] exp=4479 gold=201747 len=393
2026-10-02 22:57:20.290 [SETTLE] exp=7029 gold=201747 len=403
2026-10-02 22:57:47.273 [SETTLE] exp=7029 gold=201747 len=403
2026-10-02 22:58:13.266 [SETTLE] exp=8724 gold=201747 len=403
2026-10-02 22:58:38.524 [SETTLE] exp=5532 gold=201747 len=393
2026-10-02 22:58:57.948 [SETTLE] exp=6210 gold=201747 len=403
2026-10-02 22:59:21.957 [SETTLE] exp=8631 gold=201747 len=403
2026-10-02 22:59:30.392 [OUT] 1F04 inv=FFF6 len=13 #2 f6ff041fce1f805b32510bdcc4
2026-10-02 22:59:43.772 [SETTLE] exp=6123 gold=201747 len=403
2026-10-02 23:00:08.520 [SETTLE] exp=5091 gold=201747 len=403
2026-10-02 23:00:33.279 [SETTLE] exp=8409 gold=201747 len=403
2026-10-02 23:00:56.608 [SETTLE] exp=3888 gold=201747 len=403
2026-10-02 23:01:21.163 [SETTLE] exp=5886 gold=201747 len=393
2026-10-02 23:01:47.352 [SETTLE] exp=5091 gold=201747 len=393
2026-10-02 23:01:47.450 [SYS] 获得了#00FF00#1#FFF692#个#64FF7D#黄玉葫芦
2026-10-02 23:01:47.450 [OP] 4020 inv=FFE7 len=24 #3 7c8052fa672bca8094cdfc0bcea7a32bca809564a60b6ffa
2026-10-02 23:01:47.460 [OUT] 0045 inv=FFF7 len=12 #3 f7ff4500510bdcfa8f2b1f80
2026-10-02 23:01:47.524 [OP] 4025 inv=FFF5 len=10 #3 8f533832c4df51ece2fa
2026-10-02 23:02:06.699 [SETTLE] exp=5403 gold=201747 len=403
2026-10-02 23:02:28.113 [SETTLE] exp=5994 gold=201747 len=403
2026-10-02 23:02:56.982 [SETTLE] exp=8025 gold=201747 len=393
2026-10-02 23:03:23.493 [SETTLE] exp=8502 gold=201747 len=403
2026-10-02 23:03:53.224 [SETTLE] exp=5868 gold=201747 len=393
2026-10-02 23:04:19.628 [SETTLE] exp=8409 gold=201747 len=403
2026-10-02 23:04:45.503 [SETTLE] exp=5403 gold=201747 len=403
2026-10-02 23:05:14.424 [SETTLE] exp=8595 gold=201747 len=403
2026-10-02 23:05:42.720 [SETTLE] exp=7692 gold=201747 len=403
2026-10-02 23:06:04.925 [SETTLE] exp=8061 gold=201747 len=393
2026-10-02 23:06:25.346 [SETTLE] exp=5901 gold=201747 len=403
2026-10-02 23:06:53.828 [SETTLE] exp=7155 gold=201747 len=393
2026-10-02 23:07:17.845 [SETTLE] exp=7248 gold=201747 len=403
2026-10-02 23:07:46.897 [SETTLE] exp=7029 gold=201747 len=403
2026-10-02 23:08:09.252 [SETTLE] exp=8061 gold=201747 len=403
2026-10-02 23:08:35.531 [SETTLE] exp=7710 gold=201747 len=393
2026-10-02 23:09:01.420 [SETTLE] exp=6123 gold=201747 len=393
2026-10-02 23:09:30.285 [SETTLE] exp=8154 gold=201747 len=393
2026-10-02 23:09:54.115 [SETTLE] exp=4572 gold=201747 len=403
2026-10-02 23:10:14.593 [SETTLE] exp=7029 gold=201747 len=403
2026-10-02 23:10:14.688 [SYS] 获得了#00FF00#1#FFF692#个#64FF7D#碧玉葫芦
2026-10-02 23:10:14.688 [OP] 4020 inv=FFE7 len=24 #4 7c8052fa672bca8094cdfc0b91a7a32bca809564000b6ffa
2026-10-02 23:10:14.698 [OUT] 0045 inv=FFF7 len=12 #4 f7ff4500510bdcfac02b1f80
2026-10-02 23:10:14.844 [OP] 4025 inv=FFF5 len=10 #4 c0533832c4df51ece2fa
2026-10-02 23:10:43.981 [SETTLE] exp=8154 gold=201747 len=393
2026-10-02 23:11:20.301 [SETTLE] exp=8118 gold=201747 len=403
2026-10-02 23:12:08.590 [CLOSE] main sock 2384 closed
2026-10-02 23:12:15.917 [OUT] F001 inv=FE5F len=260 #1 5ffe01f003caa32b9b87c4641e2e69746c45e50e5b64510bdcfaa32b1fe0c9e9850bdcfaa32b1f805b64510bdcfaa32b1f805b64510bdcfaa32b1f805b64510bdcfaa32b1f805b64510bdcfaa32b1f805b64510bdcfaa32b1f805b64510bdcfaa32b1f805b64510bdcfaa32b1f805b64510bdcfaa32b1f805b64510bdcfaa32b1f805b64510bdcfaa32b1f805b64510bdcfaa32b1f805b64510bdcfaa32b4a72c64de3672dec7685b0e3fce085f5e97ebf2cc641f71b7fa9b83ae4af45505b64510bdcfaa32b1f805b64510bdcfaa32b1f805b64510bdcfaa32b1f805b64510bdcfaa32b1f805b64510bdcfaa32b1f805b64510bdcfaa32b1f805b64510bdcfaa32b1f80
2026-10-02 23:12:16.045 [OP] E001 inv=FFAF len=80 #1 580be8a3bc2b1f80b77cb9b3ebffc88a0c5c5a4da476a3a1c95ee6c51d4d2439242070384597fb57d5b3bf5f24463e3bd83d1e2e69746c45e50ebb98573976a251375843c56451666ffaa32bfd805b64
2026-10-02 23:12:16.046 [OUT] F041 inv=FFE7 len=28 #1 e7ff41f0ed3572a4b607854d1f805b64510bdcfaa31dc2b60b09a20b
2026-10-02 23:12:16.046 [OUT] F003 inv=FFF7 len=12 #1 f7ff03f0878cae7f29a1d2a4
2026-10-02 23:12:16.204 [OP] E062 inv=FFCD len=50 #1 9564510bbafa7f3b6c1d985c5579b6947349b2274cf9bc85b1032b25a8ed96784c181874c2d4d0f1d73f332b0b7873baa880
2026-10-02 23:12:16.204 [OP] E062 inv=FFDB len=36 #2 90faa32bee80eecd052a78b83467e8a4f369c5ce4dd0cb56fef33ab76de3b664c159bf80
2026-10-02 23:12:16.205 [OP] E062 inv=FFD6 len=41 #3 ce5b64516edcc0b44bd3a4302774b37803306ed87c542e911708d8c1c6127e0648f7caa14edf3c9780
2026-10-02 23:12:16.205 [OP] E062 inv=FFBD len=66 #4 8bfaa32b2180eecd052a78b83467e8a4f369c56648a6e72307f33ab76d5c192bceebd9b1e97b6f2e14b753eb4b4c723354115f2b04230737be87299ce0ac5c311c80
2026-10-02 23:12:16.205 [OP] E062 inv=FFD2 len=45 #5 aea32b1ffc5b3eaf205bb83467e8a43005939c08e9a1339602fe15472a7ccbe7c0c371aa87299ce0ccce36a780
2026-10-02 23:12:16.249 [OP] E014 inv=FF97 len=104 #1 23596579b5702c2a510bdcfaa32b1f805b64510b5e01c2bb4f55cf64b3e564fa522b1f805b64510bdcfaa32b1f805b64510bdcfaa32b1f805b64510bdcfaa32b1f805b64510bdcfaa32b1f805b64510bdcfaa32b1f805b64510bdcfaa32b1f805b64315f0301c2bb
2026-10-02 23:12:16.564 [OP] E004 inv=FEE5 len=282 #1 830ba1914133409e335513f2dcfaa32b1f805b7ffd0be6faa32b1f805b64580bdcfaa32b1f805b64510b696479020e0f840a2913dcfaa32b1f805b26fdecc4faa32b1f805b64580bdcfaa32b1f805b64510b088880344ba7f464510bdcfaa32b1f805b64fdecdcfaa32b1f805b64b4b252faa32b1f805b64510b0cc17923ab805b64510bdcfaa32b1f805b64fcecdcfaa32b1f805b640ba690faa32b1f805b64
2026-10-02 23:12:40.975 [CLOSE] main sock 3748 closed
2026-10-02 23:14:12.259 [CONNECT] main sock 2444 -> 8484
2026-10-02 23:14:12.308 [OUT] 0FFF inv=FBC6 len=260 #1 c6fbff0f61dbf62d3aa32b1f805b64510bdcfaa32b9d805b64fb0bdcfaa32b1f8047e9acec79144e2d1f805b64510bdcfa572b1f80ba64510bdcfaa32bd46a0adf6b5e15f5a32b1f805b64510b36faa32b2d805b64510bdcfa2a306ea3f779e3fcdcfaa32b1f805b64510bdcfaa32b1f805b64510bdcfaa32b1f805b64510bdcfaa32b1f805bbb3ca07aad5b2b69805bda510bdcfaa3d91f805ba9510bdcf1493c69a4a5ef79db7acced2beb115b64510bdc10802584b69564510bdcfaa32b1f805bf7ed79a5ce087769b987497930424eed33b0fc5c785bfec6539540e2085b64510bdcfaa32b1f805b64b20bdcfa5f2b1f805b64510b33a27353f1d67b3a510bdcfaa3
2026-10-02 23:14:12.566 [OP] 4002 inv=FF8B len=116 #1 95be4a43d3b0e4302e5b6f109412412876c5b041a0a88561d7defb75ac08fc1b40f4ac93875dad80c464510bfafaa32bccad5b6416ffdcfac4181f80f27a510b155a4e78c8d97b81510bdcfa562b1f805b64510bdcfaa32b98aa5b6451b3dcfaa399974dbe2e6b9661faa32b1f805b64510bdcfa
2026-10-02 23:14:13.850 [OUT] 0004 inv=FDD2 len=260 #1 d2fd04000cdcfaa37b7b6acb64510bdcfaa32b1f805b6451b1dcfaa3321f805b64510bdc4b4fa7ca70f281d20bdcfaa32b1f805bdd510bdc30a32b1f805b6451212df7f8455ad92064510bdcfaa32b1f8c5b6451cddcfaa32b1f805beb4d4173faa32b1f805b64510bdcfaa3671f805bb5510bdcfaa32b1f7dcd94fc9f1d2639515102c464510bdcfaa32b1f28ec65371b40a25555fa08fc347fa911547075d643dae085634128bf375853f764510bdcfaa32b1f805b64510bdcfaa32b1f805b64510bdcfaa32b1f805b64510bdcfaa32b1f805b64510bdcfaa32b1f805b64510bdcfaa32b1f805b64510bdcfaa32b1f805b64510bdcfaa32b1f805b64510bdcfaa32b1f
2026-10-02 23:14:13.964 [OP] 4014 inv=FFEA len=21 #1 0cca805bcd510bdc132a4229db79515823ae77f82b
2026-10-02 23:14:13.964 [CLOSE] main sock 2444 closed
2026-10-02 23:14:14.031 [OUT] F001 inv=FE5F len=260 #2 5ffe01f003caa32b9b87c4641e2e69746c45e50e5b64510bdcfaa32b1fe0c9e9850bdcfaa32b1f805b64510bdcfaa32b1f805b64510bdcfaa32b1f805b64510bdcfaa32b1f805b64510bdcfaa32b1f805b64510bdcfaa32b1f805b64510bdcfaa32b1f805b64510bdcfaa32b1f805b64510bdcfaa32b1f805b64510bdcfaa32b1f805b64510bdcfaa32b1f805b64510bdcfaa32b1f805b64510bdcfaa32b4a72c64de3672dec7685b0e3fce085f5e97ebf2cc641f71b7fa9b83ae4af45505b64510bdcfaa32b1f805b64510bdcfaa32b1f805b64510bdcfaa32b1f805b64510bdcfaa32b1f805b64510bdcfaa32b1f805b64510bdcfaa32b1f805b64510bdcfaa32b1f80
2026-10-02 23:14:14.156 [CLOSE] main sock 1700 closed
2026-10-02 23:14:14.206 [OUT] F001 inv=FE5F len=260 #3 5ffe01f003caa32b9b87c4641e2e69746c45e50e5b64510bdcfaa32b1fe0c9e9850bdcfaa32b1f805b64510bdcfaa32b1f805b64510bdcfaa32b1f805b64510bdcfaa32b1f805b64510bdcfaa32b1f805b64510bdcfaa32b1f805b64510bdcfaa32b1f805b64510bdcfaa32b1f805b64510bdcfaa32b1f805b64510bdcfaa32b1f805b64510bdcfaa32b1f805b64510bdcfaa32b1f805b64510bdcfaa32b4a72c64de3672dec7685b0e3fce085f5e97ebf2cc641f71b7fa9b83ae4af45505b64510bdcfaa32b1f805b64510bdcfaa32b1f805b64510bdcfaa32b1f805b64510bdcfaa32b1f805b64510bdcfaa32b1f805b64510bdcfaa32b1f805b64510bdcfaa32b1f80
2026-10-02 23:14:14.331 [OP] E001 inv=FFAF len=80 #2 580be8a3bc2b1f80b77cb9b3ebffc88a0c5c5a4da476a3a1c95ee6c51d4d2439242070384597fb57d5b3bf5f24463e3bd83d1e2e69746c45e50ebb98573976a251375843c56451666ffaa32bfd805b64
2026-10-02 23:14:14.339 [OUT] F041 inv=FFE7 len=28 #2 e7ff41f0ed3572a4b607854d1f805b64510bdcfaa31dc2b6d909a20b
2026-10-02 23:14:14.339 [OUT] F003 inv=FFF7 len=12 #2 f7ff03f08bc5456429d4b4a4
2026-10-02 23:14:14.431 [OP] E014 inv=FF97 len=104 #2 23596579b5702c2a510bdcfaa32b1f805b91ff0bc6faa32b38a0b9649e4e0dcae82b1f805b64510bdcfaa32b1f805b64510bdcfaa32b1f805b64510bdcfaa32b1f805b64510bdcfaa32b1f805b64510bdcfaa32b1f805b64510bdcfaa32b1f805b64615f7801d5bb
2026-10-02 23:14:14.528 [OP] E004 inv=FEE5 len=282 #2 830ba1914133409e335513f2dcfaa32b1f805b7ffd0be6faa32b1f805b64580bdcfaa32b1f805b64510b696479020e0f840a2913dcfaa32b1f805b26fdecc4faa32b1f805b64580bdcfaa32b1f805b64510b088880344ba7f464510bdcfaa32b1f805b6451ecdcfaa32b1f805b64b4b252faa32b1f805b64510b0cc17923ab805b64510bdcfaa32b1f805b64fcecdcfaa32b1f805b640ba690faa32b1f805b64
2026-10-02 23:14:42.124 [CLOSE] main sock 2848 closed
2026-10-02 23:14:43.469 [CLOSE] main sock 4294967295 closed
2026-10-02 23:14:43.852 [CLOSE] main sock 4294967295 closed
2026-10-02 23:14:44.265 [CLOSE] main sock 4294967295 closed
2026-10-02 23:14:44.266 [CLOSE] main sock 4294967295 closed
2026-10-02 23:14:44.319 [INIT] dll unloaded
