2026-10-02 20:41:44.048 [INIT] dll loaded, pid=35072
2026-10-02 20:41:44.048 [INIT] codec loaded OK
2026-10-02 20:41:44.048 [INIT] iat hooks: recv=1 send=1 WSASend=1 connect=1 closesocket=1
2026-10-02 20:41:54.768 [PIPE] controller connected
2026-10-02 20:42:43.263 [CONNECT] main sock 2396 -> 8484
2026-10-02 20:42:43.318 [OUT] 0FFF inv=FBC6 len=260 #1 c6fbff0f61dbf62dc3a32b1f805b64510bdcfaa32b9d805b64fb0bdcfaa32b1f80ce20ac98686c81211f805b64510bdcfa572b1f80ba64510bdcfaa32bfb9f0a3d45e811d7a32b1f805b64510b36faa32b2d805b64510bdcfa2a306ea3f779e3fcdcfaa32b1f805b64510bdcfaa32b1f805b64510bdcfaa32b1f805b64510bdcfaa32b1f805bbb3ca07aad5b2b69805ba4510bdcfaa3d91f805ba9510bdcf1493c69a4a5ef79db7acced6c18d85b64510bdc451d8a84b69564510bdcfaa32b1f805bf7ed79a5ce087769b987497930424eed336c155b6459c2dc539540e2f25b64510bdcfaa32b1f805b64b20bdcfa5f2b1f805b64510bb5db73aeab7bda43510bdcfaa3
2026-10-02 20:42:43.595 [OP] 4002 inv=FF8B len=116 #1 95079c3fb87681759f41a04d908ae2a1512cb053f44fab2dac5476e44543689ce3b9d7c3d85dad80c464510bdcfaa32b6d5d5b6416ffdcfac4181f807693510b155a4e78c8d97b81510bdcfacb2b1f805b64510bdcfaa32b67805b64586edcfaa399974dbe49809661faa32b1f805b64510bdcfa
2026-10-02 20:43:00.822 [OUT] 0004 inv=FDD2 len=260 #1 d2fd04000cdcfaa37b7b6aa964510bdcfaa32b1f805b6451b1dcfaa3321f805b64510bdcab3fa7b8d4344fd40bdcfaa32b1f805bdd510bdc30a32b1f805b645155d6f72754f5414664510bdcfaa32b1f8c5b6451cddcfaa32b1f805b0e22be73faa32b1f805b64510bdcfaa3671f805bb5510bdcfaa32b1f7dcd55fc9f1d2f395151afc464510bdcfaa32b1fe3214f85101154c3afa072b189d6a9ac0b81718b53a034dca0d7358adbe243a964510bdcfaa32b1f805b64510bdcfaa32b1f805b64510bdcfaa32b1f805b64510bdcfaa32b1f805b64510bdcfaa32b1f805b64510bdcfaa32b1f805b64510bdcfaa32b1f805b64510bdcfaa32b1f805b64510bdcfaa32b1f
2026-10-02 20:43:00.887 [OP] 4014 inv=FFEA len=21 #1 5d1f805bf8510bdcd715a5844088f351a7702cf82b
2026-10-02 20:43:00.887 [CLOSE] main sock 2396 closed
2026-10-02 20:43:00.955 [OUT] F001 inv=FE5F len=260 #1 5ffe01f003caa32b6787c4641e2e6974c766e50e5b64510bdcfaa32b1fe0c9e9900bdcfaa32b1f805b64510bdcfaa32b1f805b64510bdcfaa32b1f805b64510bdcfaa32b1f805b64510bdcfaa32b1f805b64510bdcfaa32b1f805b64510bdcfaa32b1f805b64510bdcfaa32b1f805b64510bdcfaa32b1f805b64510bdcfaa32b1f805b64510bdcfaa32b1f805b64510bdcfaa32b1f805b64510bdcfaa32b8b5bda1b52f5e9a1e671d653f4a285a071de13554567fc4b37dafe548a6cc6f25b64510bdcfaa32b1f805b64510bdcfaa32b1f805b64510bdcfaa32b1f805b64510bdcfaa32b1f805b64510bdcfaa32b1f805b64510bdcfaa32b1f805b64510bdcfaa32b1f80
2026-10-02 20:43:01.080 [OP] E001 inv=FFAF len=80 #1 580be8a3722b1f80b77cb9b3ebffc88a0c5c5a4da476a3a1c95ee6c51d4d2439242070384597fb57d5b3bf5f24463e3bd83d1e2e6974c766e50ebb98523976a2513758e3c56451666ffaa32b29805b64
2026-10-02 20:43:01.178 [OP] E062 inv=FFCD len=50 #1 9564510bbafa7f3b6c1d985c5579b6947349b2274cf9bc85b1032b25a8ed96784c181874c2d4d0f1d73f332b0b7873baa880
2026-10-02 20:43:01.178 [OP] E062 inv=FFDB len=36 #2 90faa32bee80eecd052a78b83467e8a4f369c5ce4dd0cb56fef33ab76de3b664c159bf80
2026-10-02 20:43:01.179 [OP] E062 inv=FFD6 len=41 #3 ce5b64516edcc0b44bd3a4302774b37803306ed87c542e911708d8c1c6127e0648f7caa14edf3c9780
2026-10-02 20:43:01.179 [OP] E062 inv=FFBD len=66 #4 8bfaa32b2180eecd052a78b83467e8a4f369c56648a6e72307f33ab76d5c192bceebd9b1e97b6f2e14b753eb4b4c723354115f2b04230737be87299ce0ac5c311c80
2026-10-02 20:43:01.179 [OP] E062 inv=FFD2 len=45 #5 aea32b1ffc5b3eaf205bb83467e8a43005939c08e9a1339602fe15472a7ccbe7c0c371aa87299ce0ccce36a780
2026-10-02 20:43:01.779 [OUT] F041 inv=FFE7 len=28 #1 e7ff41f0ed3572a47db7854d1f805b64510bdcfaa32b1f806e64510b
2026-10-02 20:43:01.779 [OUT] F003 inv=FFF7 len=12 #1 f7ff03f02ff77e6490e2bea4
2026-10-02 20:43:01.825 [OP] E014 inv=FF97 len=104 #1 2359657995d52c2a510bdcfaa32b1f805b64510bb88cb7bb4f55cf64b3e564fa0f2b1f805b64510bdcfaa32b1f805b64510bdcfaa32b1f805b64510bdcfaa32b1f805b64510bdcfaa32b1f805b64510bdcfaa32b1f805b64510bdcfaa32b1f805b640ffd198cb7bb
2026-10-02 20:43:01.870 [OP] E004 inv=FF0D len=242 #1 0b0ba1914133409e335513f2dcfaa32b1f805b7ffd0be6faa32b1f805b64580bdcfaa32b1f805b64510b696479020e0f840a2913dcfaa32b1f805b26fdecc4faa32b1f805b64580bdcfaa32b1f805b64510b0cc17923ac805b64510bdcfaa32b1f805b64fc0bdcfaa32b1f805b64fda690faa32b1f805b64510b23596579d0302c2a510bdcfaa32b1f805b6451ec6afaa32b1f805b647b8052faa32b1f805b64
2026-10-02 20:43:02.944 [OP] F005 inv=FFE7 len=24 #1 ed3572a4b607854d1f805b64510bdcfaa3ce7d80e93aff0b
2026-10-02 20:43:13.042 [OP] EFFE inv=FFFE len=1 #1 0b
2026-10-02 20:43:24.060 [OP] EFFE inv=FFFE len=1 #2 0b
2026-10-02 20:43:33.065 [CLOSE] main sock 2604 closed
2026-10-02 20:45:42.653 [PIPE] controller disconnected
2026-10-02 20:46:47.881 [CLOSE] main sock 4294967295 closed
2026-10-02 20:46:47.985 [CLOSE] main sock 4294967295 closed
2026-10-02 20:46:48.401 [CLOSE] main sock 4294967295 closed
2026-10-02 20:46:48.401 [CLOSE] main sock 4294967295 closed
2026-10-02 20:46:48.439 [INIT] dll unloaded
