2026-10-03 13:51:04.275 [INIT] dll loaded, pid=9156 (pure network mode)
2026-10-03 13:51:04.275 [INIT] codec loaded OK
2026-10-03 13:51:04.275 [INIT] iat hooks: recv=1 send=1 WSASend=1 connect=1 closesocket=1
2026-10-03 13:51:04.579 [PIPE] controller connected
2026-10-03 13:51:04.711 [SETTLE] exp=3652 gold=201747 len=393
2026-10-03 13:51:34.849 [SETTLE] exp=3774 gold=201747 len=413
2026-10-03 13:52:04.880 [SETTLE] exp=3024 gold=201747 len=403
2026-10-03 13:52:06.971 [SYS] #ff0000#您已进入野外区域，可能遭遇玩家间的自由对战，请注意安全！#ffffff#
2026-10-03 13:56:21.334 [SYS] #FFF692#交纳传送费用#00CCFF#1810#FFF692#金币！
2026-10-03 13:56:26.242 [SYS] #FFF692#交纳传送费用#00CCFF#1370#FFF692#金币！
2026-10-03 14:03:23.683 [SYS] 减少了#00FF00#40000#FFF692#金币
2026-10-03 14:03:53.029 [SYS] #ff0000#您已进入野外区域，可能遭遇玩家间的自由对战，请注意安全！#ffffff#
2026-10-03 14:04:50.927 [SETTLE] exp=3382 gold=201747 len=393
2026-10-03 14:05:29.231 [SETTLE] exp=4253 gold=201747 len=393
2026-10-03 14:05:29.331 [SYS] 获得了#00FF00#1#FFF692#个#64FF7D#碧玉葫芦
2026-10-03 14:06:39.696 [SETTLE] exp=4185 gold=201747 len=393
2026-10-03 14:07:15.082 [SETTLE] exp=3528 gold=201747 len=393
2026-10-03 14:07:34.181 [PIPE] controller disconnected
2026-10-03 14:07:39.435 [PIPE] controller connected
2026-10-03 14:07:39.436 [PIPE] controller disconnected
2026-10-03 14:08:00.159 [SETTLE] exp=3348 gold=201747 len=393
2026-10-03 14:08:11.561 [PIPE] controller connected
2026-10-03 14:08:26.210 [SETTLE] exp=3382 gold=201747 len=393
2026-10-03 14:08:39.239 [PIPE] controller disconnected
2026-10-03 14:08:56.617 [SETTLE] exp=3528 gold=201747 len=393
2026-10-03 14:09:29.338 [PIPE] controller connected
2026-10-03 14:10:53.895 [SETTLE] exp=4253 gold=201747 len=393
2026-10-03 14:11:22.276 [SETTLE] exp=3528 gold=201747 len=393
2026-10-03 14:12:02.834 [SETTLE] exp=4253 gold=201747 len=393
2026-10-03 14:13:59.542 [SETTLE] exp=4437 gold=201747 len=393
2026-10-03 14:14:52.194 [SETTLE] exp=4056 gold=201747 len=393
2026-10-03 14:15:18.427 [SETTLE] exp=3382 gold=201747 len=393
2026-10-03 14:16:01.342 [SETTLE] exp=3233 gold=201747 len=413
2026-10-03 14:16:31.369 [SETTLE] exp=4401 gold=201747 len=393
2026-10-03 14:17:17.257 [SETTLE] exp=4219 gold=201747 len=393
2026-10-03 14:17:52.646 [SETTLE] exp=4056 gold=201747 len=393
2026-10-03 14:18:28.349 [SETTLE] exp=3233 gold=201747 len=393
2026-10-03 14:19:07.927 [SETTLE] exp=4253 gold=201747 len=393
2026-10-03 14:19:42.429 [SETTLE] exp=4056 gold=201747 len=393
2026-10-03 14:20:14.407 [SETTLE] exp=4056 gold=201747 len=393
2026-10-03 14:20:43.554 [SETTLE] exp=3297 gold=201747 len=393
2026-10-03 14:21:20.821 [SETTLE] exp=4356 gold=201747 len=403
2026-10-03 14:21:47.738 [SETTLE] exp=4056 gold=201747 len=393
2026-10-03 14:22:41.305 [SETTLE] exp=3264 gold=201747 len=393
2026-10-03 14:23:13.681 [SETTLE] exp=4253 gold=201747 len=393
2026-10-03 14:23:46.509 [SETTLE] exp=3450 gold=201747 len=393
2026-10-03 14:24:16.987 [SETTLE] exp=4089 gold=201747 len=393
2026-10-03 14:25:04.630 [SETTLE] exp=4322 gold=201747 len=393
2026-10-03 14:25:32.490 [SETTLE] exp=3450 gold=201747 len=393
2026-10-03 14:26:05.165 [SETTLE] exp=3264 gold=201747 len=393
2026-10-03 14:26:45.537 [SETTLE] exp=3450 gold=201747 len=393
2026-10-03 14:27:21.916 [SETTLE] exp=4089 gold=201747 len=393
2026-10-03 14:28:05.818 [SETTLE] exp=4322 gold=201747 len=393
2026-10-03 14:29:23.618 [SETTLE] exp=4219 gold=201747 len=393
2026-10-03 14:29:54.068 [SETTLE] exp=4437 gold=201747 len=393
2026-10-03 14:29:54.166 [SYS] 获得了#00FF00#1#FFF692#个#64FF7D#紫金红葫芦
2026-10-03 14:30:00.567 [SYS] #00FFFF#根据最权威最公正的大赛组委会评定，本届#FF0000#超级书生大赛决赛的录取分数线#00FFFF#为#00FF00#45分#00FFFF#，请广大上线的冒险者赶快去找在出现乌龙或逍遥村子里的#FFF692#PP鸡主考官#00FFFF#参加决赛，决赛的战鼓已经敲响！
2026-10-03 14:30:26.396 [SETTLE] exp=3382 gold=201747 len=393
2026-10-03 14:30:50.725 [SETTLE] exp=4219 gold=201747 len=393
2026-10-03 14:31:00.570 [SYS] #00FFFF#根据最权威最公正的大赛组委会评定，本届#FF0000#超级书生大赛决赛的录取分数线#00FFFF#为#00FF00#45分#00FFFF#，请广大上线的冒险者赶快去找在出现乌龙或逍遥村子里的#FFF692#PP鸡主考官#00FFFF#参加决赛，决赛正在激烈的进行中
2026-10-03 14:31:24.265 [SETTLE] exp=3264 gold=201747 len=393
2026-10-03 14:31:51.053 [SETTLE] exp=4089 gold=201747 len=393
2026-10-03 14:32:33.459 [SETTLE] exp=3484 gold=201747 len=393
2026-10-03 14:33:01.490 [SETTLE] exp=3416 gold=201747 len=393
2026-10-03 14:33:31.979 [SETTLE] exp=4287 gold=201747 len=393
2026-10-03 14:34:00.664 [SETTLE] exp=3484 gold=201747 len=393
2026-10-03 14:34:37.616 [SETTLE] exp=4356 gold=201747 len=393
2026-10-03 14:35:21.198 [SETTLE] exp=4436 gold=201747 len=393
2026-10-03 14:35:54.482 [SETTLE] exp=3527 gold=201747 len=393
2026-10-03 14:36:00.580 [SYS] #00FFFF#根据最权威最公正的大赛组委会评定，本届#FF0000#超级书生大赛决赛的录取分数线#00FFFF#为#00FF00#45分#00FFFF#，请广大上线的冒险者赶快去找在出现乌龙或逍遥村子里的#FFF692#PP鸡主考官#00FFFF#参加决赛，决赛正在激烈的进行中
2026-10-03 14:36:08.717 [QUESTION] {"type":"question","sock":2504,"qno":20,"field_a":105,"stem":"人们平时所说的“煤气中毒”是因为哪种有害气体吸入过多而引起的？","options":["1、二手烟","2、一氧化碳","3、生气","4、屁"]}
2026-10-03 14:36:13.698 [SEND-ANSWER] qno=20 opt=1 ret=13 sock=2504
2026-10-03 14:36:13.748 [SYS] 测试通过！
2026-10-03 14:36:13.850 [SYS] 获得了#00FF00#100#FFF692#金币
2026-10-03 14:36:23.302 [SETTLE] exp=3450 gold=201747 len=393
2026-10-03 14:36:53.071 [SETTLE] exp=3416 gold=201747 len=393
2026-10-03 14:37:39.248 [SETTLE] exp=4321 gold=201747 len=393
2026-10-03 14:38:12.576 [SETTLE] exp=4436 gold=201747 len=393
2026-10-03 14:38:43.664 [SETTLE] exp=3416 gold=201747 len=393
2026-10-03 14:39:23.791 [SETTLE] exp=3416 gold=201747 len=393
2026-10-03 14:39:52.691 [SETTLE] exp=3416 gold=201747 len=393
2026-10-03 14:40:36.873 [SETTLE] exp=3450 gold=201747 len=393
2026-10-03 14:41:00.611 [SYS] #00FFFF#根据最权威最公正的大赛组委会评定，本届#FF0000#超级书生大赛决赛的录取分数线#00FFFF#为#00FF00#45分#00FFFF#，请广大上线的冒险者赶快去找在出现乌龙或逍遥村子里的#FFF692#PP鸡主考官#00FFFF#参加决赛，决赛正在激烈的进行中
2026-10-03 14:41:05.632 [SETTLE] exp=3450 gold=201747 len=393
2026-10-03 14:41:33.922 [SETTLE] exp=3450 gold=201747 len=393
2026-10-03 14:42:03.670 [SETTLE] exp=3450 gold=201747 len=393
2026-10-03 14:42:28.605 [SETTLE] exp=3450 gold=201747 len=393
2026-10-03 14:43:04.397 [SETTLE] exp=4321 gold=201747 len=393
2026-10-03 14:43:32.233 [SETTLE] exp=3450 gold=201747 len=393
2026-10-03 14:44:01.818 [SETTLE] exp=3484 gold=201747 len=393
2026-10-03 14:44:28.714 [SETTLE] exp=3450 gold=201747 len=393
2026-10-03 14:44:50.677 [SETTLE] exp=3416 gold=201747 len=393
2026-10-03 14:45:18.399 [SETTLE] exp=3450 gold=201747 len=393
2026-10-03 14:46:00.319 [SETTLE] exp=4321 gold=201747 len=393
2026-10-03 14:46:00.627 [SYS] #00FFFF#根据最权威最公正的大赛组委会评定，本届#FF0000#超级书生大赛决赛的录取分数线#00FFFF#为#00FF00#45分#00FFFF#，请广大上线的冒险者赶快去找在出现乌龙或逍遥村子里的#FFF692#PP鸡主考官#00FFFF#参加决赛，决赛正在激烈的进行中
2026-10-03 14:46:32.270 [SETTLE] exp=4436 gold=201747 len=393
2026-10-03 14:47:16.829 [SETTLE] exp=3416 gold=201747 len=393
2026-10-03 14:47:47.513 [SETTLE] exp=3450 gold=201747 len=393
2026-10-03 14:48:18.805 [SETTLE] exp=3484 gold=201747 len=403
2026-10-03 14:48:43.569 [SETTLE] exp=4321 gold=201747 len=393
2026-10-03 14:49:18.286 [SETTLE] exp=4287 gold=201747 len=393
2026-10-03 14:49:23.220 [SYS] #FFF692#恭喜#FF8CF8#情義丶聪爺#FFF692#在#00C8F8#珍稀特殊RP箱#FFF692#中获得了#64FF7D#洗髓丹
2026-10-03 14:49:24.850 [SYS] #FFF692#恭喜#FF8CF8#情義丶聪爺#FFF692#在#00C8F8#珍稀特殊RP箱#FFF692#中获得了#64FF7D#特殊5阶宠武试管
2026-10-03 14:49:25.038 [SYS] #FFF692#恭喜#FF8CF8#情義丶聪爺#FFF692#在#00C8F8#珍稀特殊RP箱#FFF692#中获得了#64FF7D#高级恶魔果实
2026-10-03 14:50:02.475 [SETTLE] exp=4436 gold=201747 len=393
2026-10-03 14:50:32.355 [SETTLE] exp=4287 gold=201747 len=393
2026-10-03 14:51:00.644 [SYS] #00FFFF#根据最权威最公正的大赛组委会评定，本届#FF0000#超级书生大赛决赛的录取分数线#00FFFF#为#00FF00#45分#00FFFF#，请广大上线的冒险者赶快去找在出现乌龙或逍遥村子里的#FFF692#PP鸡主考官#00FFFF#参加决赛，决赛正在激烈的进行中
2026-10-03 14:51:04.554 [SETTLE] exp=4321 gold=201747 len=393
2026-10-03 14:51:34.791 [SETTLE] exp=3416 gold=201747 len=393
2026-10-03 14:52:03.152 [SETTLE] exp=4287 gold=201747 len=393
2026-10-03 14:52:32.423 [SETTLE] exp=3450 gold=201747 len=393
2026-10-03 14:53:03.214 [SETTLE] exp=3416 gold=201747 len=393
2026-10-03 14:53:33.868 [SETTLE] exp=4287 gold=201747 len=393
2026-10-03 14:54:03.524 [SETTLE] exp=4287 gold=201747 len=393
2026-10-03 14:54:31.870 [SETTLE] exp=3450 gold=201747 len=403
2026-10-03 14:55:01.761 [SETTLE] exp=4287 gold=201747 len=393
2026-10-03 14:55:30.403 [SETTLE] exp=3484 gold=201747 len=393
2026-10-03 14:56:00.666 [SYS] #00FFFF#十万火急，超级书生大赛决赛将于#00FF00#5分钟#00FFFF#后结束，真正到了分秒必争的时刻了，冒险者们加油啊！！
2026-10-03 14:56:06.114 [SETTLE] exp=3450 gold=201747 len=393
2026-10-03 14:56:35.771 [SETTLE] exp=3450 gold=201747 len=393
2026-10-03 14:57:00.675 [SYS] #00FFFF#十万火急，超级书生大赛决赛将于#00FF00#4分钟#00FFFF#后结束，真正到了分秒必争的时刻了，冒险者们加油啊！！
2026-10-03 14:57:02.909 [SETTLE] exp=4287 gold=201747 len=393
2026-10-03 14:57:31.333 [SETTLE] exp=3450 gold=201747 len=393
2026-10-03 14:58:00.677 [SYS] #00FFFF#十万火急，超级书生大赛决赛将于#00FF00#3分钟#00FFFF#后结束，真正到了分秒必争的时刻了，冒险者们加油啊！！
2026-10-03 14:58:03.663 [SETTLE] exp=4287 gold=201747 len=393
2026-10-03 14:58:28.177 [SETTLE] exp=3484 gold=201747 len=393
2026-10-03 14:58:59.588 [SETTLE] exp=3450 gold=201747 len=393
2026-10-03 14:59:00.681 [SYS] #00FFFF#十万火急，超级书生大赛决赛将于#00FF00#2分钟#00FFFF#后结束，真正到了分秒必争的时刻了，冒险者们加油啊！！
