2026-10-03 01:08:58.725 [INIT] dll loaded, pid=1400
2026-10-03 01:08:58.725 [INIT] codec loaded OK
2026-10-03 01:08:58.727 [INIT] iat hooks: recv=1 send=1 WSASend=1 connect=1 closesocket=1 WSAEventSelect=1 WSAEnumNetworkEvents=1 ioctlsocket=1
2026-10-03 01:08:58.874 [PIPE] controller connected
2026-10-03 01:08:58.977 [EVENT] sock=2572 hEvent=00000A10 events=0x0
2026-10-03 01:08:58.977 [EVENT] sock=2572 hEvent=00000A10 events=0x21
2026-10-03 01:08:59.322 [EVENT] sock=2492 hEvent=00000564 events=0x0
2026-10-03 01:08:59.322 [EVENT] sock=2492 hEvent=00000564 events=0x21
2026-10-03 01:08:59.515 [OP] 4108 inv=FFE3 len=28 #1 9b87c464510bdcfa5f531f80d8f8510bce40515d1f805b64510bdcfa
2026-10-03 01:08:59.602 [OP] 4108 inv=FFE3 len=28 #2 9b87c464510bdcfa21531f80d8f8510bce4051421f805b64510bdcfa
2026-10-03 01:08:59.611 [OP] 4108 inv=FFE3 len=28 #3 9b87c464510bdcfa4d531f80d8f8510bce4051ed1f805b64510bdcfa
2026-10-03 01:08:59.611 [OP] 4108 inv=FFF3 len=12 #4 3b0e392b1f805b64510bdcfa
2026-10-03 01:08:59.611 [OP] 4108 inv=FFF3 len=12 #5 3b0e392b1f805b64580bdcfa
2026-10-03 01:08:59.696 [OP] 4104 inv=FFFB len=4 #1 50d01f80
2026-10-03 01:08:59.696 [OP] 4104 inv=FFFB len=4 #2 29d31faa
2026-10-03 01:08:59.696 [OP] 4104 inv=FFFB len=4 #3 29d31fc7
2026-10-03 01:08:59.696 [OP] 4104 inv=FFFB len=4 #4 0bd31fce
2026-10-03 01:08:59.696 [OP] 4104 inv=FFFB len=4 #5 29d31f12
2026-10-03 01:09:00.699 [OP] 46FE inv=FFFF len=0 #1 
2026-10-03 01:09:01.623 [OP] 4105 inv=FFFE len=1 #1 cd
2026-10-03 01:09:01.725 [OP] 4105 inv=FFFE len=1 #2 c0
2026-10-03 01:09:01.725 [OP] 4105 inv=FFFE len=1 #3 af
2026-10-03 01:09:01.725 [OP] 4106 inv=FFFC len=3 #1 a53932
2026-10-03 01:09:01.726 [OP] 4106 inv=FFFC len=3 #2 e546ed
2026-10-03 01:09:01.824 [OP] 4106 inv=FFFC len=3 #3 b1fdcb
2026-10-03 01:09:02.048 [OP] 4109 inv=FFB7 len=72 #1 9b87c464517f6fc4a32b1f805b64510b07faa32bada05b6487b1dcfa40ce1f80ba7f0e0b07faa32b39125b640ed054faa32b1f805b64f4808222a32b39125b64080b54faa32b1f1c
2026-10-03 01:09:02.142 [OP] 4105 inv=FFFE len=1 #4 0c
2026-10-03 01:09:02.142 [OP] 4105 inv=FFFE len=1 #5 d0
2026-10-03 01:09:02.142 [OP] 4106 inv=FFFD len=2 #4 a3de
2026-10-03 01:09:02.142 [OP] 4106 inv=FFFD len=2 #5 a34a
2026-10-03 01:09:02.142 [OP] 4111 inv=FFFD len=2 #1 c464
2026-10-03 01:09:03.428 [OP] 4109 inv=FFB7 len=72 #2 9b87c464517f6fc4a32b1f805b64510b07faa32b9d105b6487b1dcfa40ce1f80c0260e0b07faa32b39125b640eb166faa32b1f805b64f4808222a32b39125b64080b66faa32b1f80
2026-10-03 01:09:03.576 [OP] 4111 inv=FFFD len=2 #2 1c64
2026-10-03 01:09:04.839 [OP] 4109 inv=FFA7 len=88 #3 7c8052faa393caaa5bdf510bdcfaa32bb9805b64586ddcfa1d4a1f80646f510b3bc4db2bb9805b6487b1dcfadb539b805b64510bdcc4a32bb2ce5b6487b1dcfadb2b9b805bdf510b05c4a32b7eaa5b64510bdcfaa32b1f80
2026-10-03 01:09:05.296 [OP] 4111 inv=FFFD len=2 #3 9564
2026-10-03 01:09:07.013 [OP] 4109 inv=FE9B len=356 #4 875dad809564fdd5dcc4a32b1f805b64580bdcfa722b6fef6e6401c452fa612bca805b64dfb2dcfa39c41f805bf8510bdcfaa32b92aa5b64dc0bdcfaa32b1f805b64510b7cc4a32b6ffcf4ec510bdcfaed6b1f809564510b3fc2a32bad109564510bdcfaa32b1f809564510b3fc2a32bad109464510bdcfaa32b1f809564510b3fc2a32bad10c464510bdcfaa34a1f809564510b3fc2a32bad101c64510bdcfa
2026-10-03 01:09:07.108 [OP] 4111 inv=FFFD len=2 #4 c0df
2026-10-03 01:09:08.411 [EVENT] sock=2492 hEvent=00000564 events=0x0
2026-10-03 01:09:08.411 [EVENT] sock=2492 hEvent=00000564 events=0x21
2026-10-03 01:09:08.456 [OP] 4F52 inv=FFFF len=0 #1 
2026-10-03 01:09:08.934 [OP] 4109 inv=FFA3 len=92 #5 9b87c464587f6fc4a3ee1f805b64510b6ffaa32b598001260e0b83f4fd2b59809564510b53faa32b59775b64ac27dcfa59bb1f8057f80e0b53faa32b6a4e5b64b27f5efaa32b1f805b6e52805225a32b958c5b64080b5efaa32b1f80
2026-10-03 01:09:09.024 [OP] 4111 inv=FFFD len=2 #5 9464
2026-10-03 01:09:09.556 [OP] EFFE inv=FFFE len=1 #1 0b
2026-10-03 01:09:11.590 [OP] 4112 inv=FFFD len=2 #1 6fc4
2026-10-03 01:09:11.590 [OP] 4112 inv=FFFD len=2 #2 90c4
2026-10-03 01:09:11.590 [OP] 4112 inv=FFFD len=2 #3 52c4
2026-10-03 01:09:14.615 [OP] 4112 inv=FFFD len=2 #4 dcc4
2026-10-03 01:09:14.618 [EVENT] sock=2492 hEvent=00000564 events=0x0
2026-10-03 01:09:14.618 [EVENT] sock=2492 hEvent=00000564 events=0x21
2026-10-03 01:09:14.823 [OP] 4110 inv=FFFD len=2 #1 722b
2026-10-03 01:09:17.287 [OP] 4112 inv=FFFD len=2 #5 8bc4
2026-10-03 01:09:18.485 [EVENT] sock=2492 hEvent=00000564 events=0x0
2026-10-03 01:09:18.485 [EVENT] sock=2492 hEvent=00000564 events=0x21
2026-10-03 01:09:18.529 [OP] 4F52 inv=FFFF len=0 #2 
2026-10-03 01:09:20.555 [SETTLE] exp=3684 gold=201747 len=393
2026-10-03 01:09:20.555 [OP] 472A inv=FE76 len=393 #1 bad8de1f721b64510bdcfaa32b1f805b64510bdcb0bc2b1f805b6451b2dcfaa32f59805b64510bdc09fd2b1f805b64517c90faa32b1f805bc6150bdcfaa32b1fd43364510bdcfaa32b1f805b64510bdcfaa32b1f805b64510bdcfaa32b1f805b64510bdcfaa32b1f805b64510bdcfaa32b1f805b64510bdcfaa32b1f805b64510bdcfaa32b1f805b64510bdc03f82b1fa79564514d6ffaa326ca805b43580bdc
2026-10-03 01:09:20.567 [OP] EFFE inv=FFFE len=1 #2 0b
2026-10-03 01:09:20.654 [OP] 42CE inv=FFFB len=4 #1 c87f510b
2026-10-03 01:09:20.654 [OP] 4211 inv=FFF6 len=9 #1 aa5b6451e3a722a34a
2026-10-03 01:09:20.654 [OP] 4211 inv=FFF6 len=9 #2 aa5b64515ca722a34a
2026-10-03 01:09:20.654 [OP] 4211 inv=FFF6 len=9 #3 aa5b6451803e22a34a
2026-10-03 01:09:20.654 [OP] 4211 inv=FFF6 len=9 #4 aa5b645134a722a34a
2026-10-03 01:09:20.748 [OP] 47C0 inv=FFE8 len=23 #1 98f893723327df511a6bc46914523327df58246bc4e214
2026-10-03 01:09:20.748 [OP] 47C0 inv=FFF2 len=13 #2 98f853523327df58246bc4e214
2026-10-03 01:09:20.748 [OP] 47C0 inv=FFDE len=33 #3 98f8deb65427df587d6bc4a64eb93327df582604c4a62fdf5427df587204c41f2f
2026-10-03 01:09:20.748 [OP] 47C0 inv=FFE8 len=23 #4 98f893b93327df582604c4a62fdf5427df587204c41f2f
2026-10-03 01:09:20.748 [OP] 47C0 inv=FFF2 len=13 #5 98f853df5427df587204c41f2f
2026-10-03 01:09:27.786 [OP] 4100 inv=FFF9 len=6 #1 0512a8517b0c
2026-10-03 01:09:27.787 [OP] 4101 inv=FCA5 len=858 #1 7c8052faa32b1f805b64510b155a4e781f805b64510bdcfaa32b1f805b64510bdcfaa32b1f805b648e5f8b25a32b53ca5b64510bdcfa1a7c1f805b64510bdcfaa32b1f805b6455b252fa392b1f805b64510bb2dca32bd13b5b648a2bdcfa5acb1f807b81a552155a4e78c8d97b81530bdcfa4e78c8d995a9bc595ab12b21ab805b64510bdcfaa32bb6532764510bdcfaa33084805b64510bdcfaa32b1f805b64
2026-10-03 01:09:27.914 [EVENT] sock=2492 hEvent=00000564 events=0x0
2026-10-03 01:09:27.914 [EVENT] sock=2492 hEvent=00000564 events=0x21
2026-10-03 01:09:27.960 [OP] 4F52 inv=FFFF len=0 #3 
2026-10-03 01:09:28.839 [EVENT] sock=2492 hEvent=00000564 events=0x0
2026-10-03 01:09:28.839 [EVENT] sock=2492 hEvent=00000564 events=0x21
2026-10-03 01:09:28.978 [EVENT] sock=2572 hEvent=00000A10 events=0x0
2026-10-03 01:09:28.978 [EVENT] sock=2572 hEvent=00000A10 events=0x21
2026-10-03 01:09:30.900 [OP] 46FE inv=FFFF len=0 #2 
2026-10-03 01:09:37.987 [EVENT] sock=2492 hEvent=00000564 events=0x0
2026-10-03 01:09:37.987 [EVENT] sock=2492 hEvent=00000564 events=0x21
2026-10-03 01:09:38.032 [OP] 4F52 inv=FFFF len=0 #4 
2026-10-03 01:09:39.590 [OP] EFFE inv=FFFE len=1 #3 0b
2026-10-03 01:09:44.628 [EVENT] sock=2492 hEvent=00000564 events=0x0
2026-10-03 01:09:44.628 [EVENT] sock=2492 hEvent=00000564 events=0x21
2026-10-03 01:09:44.735 [OP] 4110 inv=FFFD len=2 #2 722b
2026-10-03 01:09:48.036 [EVENT] sock=2492 hEvent=00000564 events=0x0
2026-10-03 01:09:48.037 [EVENT] sock=2492 hEvent=00000564 events=0x21
2026-10-03 01:09:48.082 [OP] 4F52 inv=FFFF len=0 #5 
2026-10-03 01:09:49.600 [OP] EFFE inv=FFFE len=1 #4 0b
2026-10-03 01:09:53.526 [SETTLE] exp=3024 gold=201747 len=393
2026-10-03 01:09:53.529 [OP] 472A inv=FE76 len=393 #2 bad8de1f16c064510bdcfaa32b1f805b64510bdc8d612b1f805b6451b2dcfaa331ca805b64510bdc09fd2b1f805b64517c90faa32b1f805b4bb70bdcfaa32b1fd43364510bdcfaa32b1f805b64510bdcfaa32b1f805b64510bdcfaa32b1f805b64510bdcfaa32b1f805b64510bdcfaa32b1f805b64510bdcfaa32b1f805b64510bdcfaa32b1f805b64510bdc03f82b1f85956451416ffaa326ca805b81a55215
2026-10-03 01:09:53.618 [SYS] 获得了#00FF00#1#FFF692#个#64FF7D#碧玉葫芦
2026-10-03 01:09:53.618 [OP] 42CE inv=FFFB len=4 #2 c87f510b
2026-10-03 01:09:53.618 [OP] 4211 inv=FFF6 len=9 #5 aa5b6451e3a722a34a
2026-10-03 01:09:53.618 [OP] 4020 inv=FFE7 len=24 #1 7c8052fa672bca8094ecfc0b91a7a32bca809564a60b6ffa
2026-10-03 01:09:53.629 [EVENT] sock=2492 hEvent=00000564 events=0x0
2026-10-03 01:09:53.629 [EVENT] sock=2492 hEvent=00000564 events=0x21
2026-10-03 01:09:53.770 [OP] 4025 inv=FFF5 len=10 #1 8f533832c4df51ece2fa
2026-10-03 01:09:58.979 [EVENT] sock=2572 hEvent=00000A10 events=0x0
2026-10-03 01:09:58.979 [EVENT] sock=2572 hEvent=00000A10 events=0x21
2026-10-03 01:10:00.637 [OP] 4100 inv=FFF9 len=6 #2 05123e2707b2
2026-10-03 01:10:00.732 [OP] 4101 inv=FCA5 len=858 #2 7c8052faa32b1f805b64510b155a4e781f805b64510bdcfaa32b1f805b64510bdcfaa32b1f805b648e5f8b25a32b53ca5b64510bdcfa1a7c1f805b64510bdcfaa32b1f805b6455b252fa392b1f805b64510bb2dca32bd13b5b648a2bdcfa5acb1f807b81a552155a4e78c8d97b81530bdcfa4e78c8d995a9bc595ab12b21ab805b64510bdcfaa32b1f532764510bdcfaa33084805b64510bdcfaa32b1f805b64
2026-10-03 01:10:00.766 [EVENT] sock=2492 hEvent=00000564 events=0x0
2026-10-03 01:10:00.766 [EVENT] sock=2492 hEvent=00000564 events=0x21
2026-10-03 01:10:01.203 [OP] 46FE inv=FFFF len=0 #3 
2026-10-03 01:10:01.724 [EVENT] sock=2492 hEvent=00000564 events=0x0
2026-10-03 01:10:01.724 [EVENT] sock=2492 hEvent=00000564 events=0x21
2026-10-03 01:10:09.673 [OP] EFFE inv=FFFE len=1 #5 0b
2026-10-03 01:10:10.835 [EVENT] sock=2492 hEvent=00000564 events=0x0
2026-10-03 01:10:10.835 [EVENT] sock=2492 hEvent=00000564 events=0x21
2026-10-03 01:10:12.454 [EVENT] sock=2492 hEvent=00000564 events=0x0
2026-10-03 01:10:12.454 [EVENT] sock=2492 hEvent=00000564 events=0x21
2026-10-03 01:10:12.630 [OP] 4110 inv=FFFD len=2 #3 722b
2026-10-03 01:10:20.899 [EVENT] sock=2492 hEvent=00000564 events=0x0
2026-10-03 01:10:20.899 [EVENT] sock=2492 hEvent=00000564 events=0x21
2026-10-03 01:10:23.751 [SETTLE] exp=2995 gold=201747 len=393
2026-10-03 01:10:23.751 [OP] 472A inv=FE76 len=393 #3 bad8de1f8fc064510bdcfaa32b1f805b64510bdcd1612b1f805b6451b2dcfaa359ca805b64510bdc09fd2b1f805b64517c90faa32b1f805b4bb70bdcfaa32b1fd43364510bdcfaa32b1f805b64510bdcfaa32b1f805b64510bdcfaa32b1f805b64510bdcfaa32b1f805b64510bdcfaa32b1f805b64510bdcfaa32b1f805b64510bdcfaa32b1f805b64510bdcd7f82b1f85956451416ffaa3ebca805b81a55215
2026-10-03 01:10:23.752 [OP] 42CE inv=FFFB len=4 #3 c87f510b
2026-10-03 01:10:27.836 [OP] 4100 inv=FFF9 len=6 #3 05129051640c
2026-10-03 01:10:27.929 [EVENT] sock=2492 hEvent=00000564 events=0x0
2026-10-03 01:10:27.929 [EVENT] sock=2492 hEvent=00000564 events=0x21
2026-10-03 01:10:27.936 [OP] 4101 inv=FC6D len=914 #3 875dad805b64510bdcfaa32bc8d97b81510bdcfaa32b1f805b64510bdcfaa32b1f805b64510bdcfa22069d4e5b64a9fddcfaa32b1f8099d9510bdcfaa32b1f805b64510bdcfaa63bad80c464510bdcfaa32bf6455b645943dcfadf7f1f80807a510b155a4e78c8d97b81a552155ada2b1f807b81a5526f3016876c842d43450bdcfaa32b1f805b6451a0c6faa32b1f805b4d310bdcfaa32b1f805b64510bdcfa
2026-10-03 01:10:28.899 [EVENT] sock=2492 hEvent=00000564 events=0x0
2026-10-03 01:10:28.899 [EVENT] sock=2492 hEvent=00000564 events=0x21
2026-10-03 01:10:28.980 [EVENT] sock=2572 hEvent=00000A10 events=0x0
2026-10-03 01:10:28.980 [EVENT] sock=2572 hEvent=00000A10 events=0x21
2026-10-03 01:10:31.403 [OP] 46FE inv=FFFF len=0 #4 
2026-10-03 01:10:37.986 [EVENT] sock=2492 hEvent=00000564 events=0x0
2026-10-03 01:10:37.986 [EVENT] sock=2492 hEvent=00000564 events=0x21
2026-10-03 01:10:48.043 [EVENT] sock=2492 hEvent=00000564 events=0x0
2026-10-03 01:10:48.044 [EVENT] sock=2492 hEvent=00000564 events=0x21
2026-10-03 01:10:49.571 [SETTLE] exp=3743 gold=201747 len=403
2026-10-03 01:10:49.571 [OP] 472A inv=FE6C len=403 #4 bad8de1f741b64510bdcfaa32b1f805b64510bdc61bc2b1f805b6451b2dcfaa36c59805b64510bdc09fd2b1f805b64517c90faa32b1f805b61390bdcfaa32b1fd43364510bdcfaa32b1f805b64510bdcfaa32b1f805b64510bdcfaa32b1f805b64510bdcfaa32b1f805b64510bdcfaa32b1f805b64510bdcfaa32b1f805b64510bdcfaa32b1f805b64510bdc03f82b1f85956451416ffaa321ca805bc5580bdc
2026-10-03 01:10:49.660 [OP] 42CE inv=FFFB len=4 #4 c87f510b
2026-10-03 01:10:54.726 [OP] 4100 inv=FFF9 len=6 #4 05128d513b0c
2026-10-03 01:10:54.813 [OP] 4101 inv=FC6D len=914 #4 875dad805b64510bdcfaa32bc8d97b81510bdcfaa32b1f805b64510bdcfaa32b1f805b64510bdcfa22069d4e5b64a9fddcfaa32b1f8099d9510bdcfaa32b1f805b64510bdcfaa63bad80c464510bdcfaa32bf6455b645943dcfadf7f1f80807a510b155a4e78c8d97b81a552155ada2b1f807b81a5526f3016876c842d43450bdcfaa32b1f805b64dda0c6faa32b1f805b4d310bdcfaa32b1f805b64510bdcfa
2026-10-03 01:10:54.846 [EVENT] sock=2492 hEvent=00000564 events=0x0
2026-10-03 01:10:54.847 [EVENT] sock=2492 hEvent=00000564 events=0x21
2026-10-03 01:10:55.803 [EVENT] sock=2492 hEvent=00000564 events=0x0
2026-10-03 01:10:55.803 [EVENT] sock=2492 hEvent=00000564 events=0x21
2026-10-03 01:10:58.980 [EVENT] sock=2572 hEvent=00000A10 events=0x0
2026-10-03 01:10:58.980 [EVENT] sock=2572 hEvent=00000A10 events=0x21
2026-10-03 01:11:01.661 [OP] 46FE inv=FFFF len=0 #5 
2026-10-03 01:11:04.999 [EVENT] sock=2492 hEvent=00000564 events=0x0
2026-10-03 01:11:04.999 [EVENT] sock=2492 hEvent=00000564 events=0x21
2026-10-03 01:11:15.048 [EVENT] sock=2492 hEvent=00000564 events=0x0
2026-10-03 01:11:15.049 [EVENT] sock=2492 hEvent=00000564 events=0x21
2026-10-03 01:11:15.223 [SETTLE] exp=3713 gold=201747 len=393
2026-10-03 01:11:15.223 [OP] 472A inv=FE76 len=393 #5 bad8de1fdf1b64510bdcfaa32b1f805b64510bdc7dbc2b1f805b6451b2dcfaa31459805b64510bdc09fd2b1f805b64517c90faa32b1f805b61390bdcfaa32b1fd43364510bdcfaa32b1f805b64510bdcfaa32b1f805b64510bdcfaa32b1f805b64510bdcfaa32b1f805b64510bdcfaa32b1f805b64510bdcfaa32b1f805b64510bdcfaa32b1f805b64510bdce4f82b1fa79564516c6ffaa326ca805b43580bdc
2026-10-03 01:11:15.323 [OP] 42CE inv=FFFB len=4 #5 c87f510b
2026-10-03 01:11:22.312 [OP] 4100 inv=FFF9 len=6 #5 05129051640c
2026-10-03 01:11:22.413 [EVENT] sock=2492 hEvent=00000564 events=0x0
2026-10-03 01:11:22.413 [EVENT] sock=2492 hEvent=00000564 events=0x21
2026-10-03 01:11:22.460 [OP] 4101 inv=FC6D len=914 #5 875dad805b64510bdcfaa32bc8d97b81510bdcfaa32b1f805b64510bdcfaa32b1f805b64510bdcfa22069d4e5b64a9fddcfaa32b1f8099d9510bdcfaa32b1f805b64510bdcfaa63bad80c464510bdcfaa32bf6455b645943dcfadf7f1f80807a510b155a4e78c8d97b81a552155ada2b1f807b81a5526f3016876c842d43450bdcfaa32b1f805b645fa0c6faa32b1f805b4d310bdcfaa32b1f805b64510bdcfa
2026-10-03 01:11:23.400 [EVENT] sock=2492 hEvent=00000564 events=0x0
2026-10-03 01:11:23.400 [EVENT] sock=2492 hEvent=00000564 events=0x21
2026-10-03 01:11:28.980 [EVENT] sock=2572 hEvent=00000A10 events=0x0
2026-10-03 01:11:28.980 [EVENT] sock=2572 hEvent=00000A10 events=0x21
2026-10-03 01:11:32.569 [EVENT] sock=2492 hEvent=00000564 events=0x0
2026-10-03 01:11:32.569 [EVENT] sock=2492 hEvent=00000564 events=0x21
2026-10-03 01:11:38.838 [EVENT] sock=2492 hEvent=00000564 events=0x0
2026-10-03 01:11:38.838 [EVENT] sock=2492 hEvent=00000564 events=0x21
2026-10-03 01:11:39.116 [OP] 4110 inv=FFFD len=2 #4 722b
2026-10-03 01:11:39.728 [OP] F005 inv=FFE7 len=24 #1 ed3572a47db7854d1f805b64510bdcfaa3de1f80061a29b2
2026-10-03 01:11:39.819 [OP] F005 inv=FFE7 len=24 #2 ed3572a47db7854d1f805b64510bdcfaa3de1f80061a29b2
2026-10-03 01:11:43.056 [EVENT] sock=2492 hEvent=00000564 events=0x0
2026-10-03 01:11:43.056 [EVENT] sock=2492 hEvent=00000564 events=0x21
2026-10-03 01:11:48.654 [EVENT] sock=2572 hEvent=00000A10 events=0x0
2026-10-03 01:11:48.654 [EVENT] sock=2572 hEvent=00000A10 events=0x21
2026-10-03 01:11:48.700 [OP] F005 inv=FFE7 len=24 #3 ed3572a4b607854d1f805b64510bdcfaa3de1f802721c342
2026-10-03 01:11:53.155 [EVENT] sock=2492 hEvent=00000564 events=0x0
2026-10-03 01:11:53.155 [EVENT] sock=2492 hEvent=00000564 events=0x21
2026-10-03 01:11:56.275 [SETTLE] exp=3684 gold=201747 len=393
2026-10-03 01:11:58.981 [EVENT] sock=2572 hEvent=00000A10 events=0x0
2026-10-03 01:11:58.981 [EVENT] sock=2572 hEvent=00000A10 events=0x21
2026-10-03 01:12:03.453 [EVENT] sock=2492 hEvent=00000564 events=0x0
2026-10-03 01:12:03.453 [EVENT] sock=2492 hEvent=00000564 events=0x21
2026-10-03 01:12:04.435 [EVENT] sock=2492 hEvent=00000564 events=0x0
2026-10-03 01:12:04.436 [EVENT] sock=2492 hEvent=00000564 events=0x21
2026-10-03 01:12:13.596 [EVENT] sock=2492 hEvent=00000564 events=0x0
2026-10-03 01:12:13.596 [EVENT] sock=2492 hEvent=00000564 events=0x21
2026-10-03 01:12:14.448 [SETTLE] exp=3026 gold=201747 len=393
2026-10-03 01:12:19.624 [EVENT] sock=2492 hEvent=00000564 events=0x0
2026-10-03 01:12:19.624 [EVENT] sock=2492 hEvent=00000564 events=0x21
2026-10-03 01:12:20.611 [EVENT] sock=2492 hEvent=00000564 events=0x0
2026-10-03 01:12:20.611 [EVENT] sock=2492 hEvent=00000564 events=0x21
2026-10-03 01:12:28.981 [EVENT] sock=2572 hEvent=00000A10 events=0x0
2026-10-03 01:12:28.981 [EVENT] sock=2572 hEvent=00000A10 events=0x21
2026-10-03 01:12:29.692 [EVENT] sock=2492 hEvent=00000564 events=0x0
2026-10-03 01:12:29.692 [EVENT] sock=2492 hEvent=00000564 events=0x21
2026-10-03 01:12:33.198 [EVENT] sock=2492 hEvent=00000564 events=0x0
2026-10-03 01:12:33.199 [EVENT] sock=2492 hEvent=00000564 events=0x21
2026-10-03 01:12:33.383 [OP] 4110 inv=FFFD len=2 #5 722b
2026-10-03 01:12:39.744 [EVENT] sock=2492 hEvent=00000564 events=0x0
2026-10-03 01:12:39.745 [EVENT] sock=2492 hEvent=00000564 events=0x21
2026-10-03 01:12:43.462 [SETTLE] exp=3743 gold=201747 len=393
2026-10-03 01:12:48.664 [EVENT] sock=2492 hEvent=00000564 events=0x0
2026-10-03 01:12:48.665 [EVENT] sock=2492 hEvent=00000564 events=0x21
2026-10-03 01:12:49.631 [EVENT] sock=2492 hEvent=00000564 events=0x0
2026-10-03 01:12:49.633 [EVENT] sock=2492 hEvent=00000564 events=0x21
2026-10-03 01:12:58.726 [EVENT] sock=2492 hEvent=00000564 events=0x0
2026-10-03 01:12:58.726 [EVENT] sock=2492 hEvent=00000564 events=0x21
2026-10-03 01:12:58.981 [EVENT] sock=2572 hEvent=00000A10 events=0x0
2026-10-03 01:12:58.981 [EVENT] sock=2572 hEvent=00000A10 events=0x21
2026-10-03 01:12:59.576 [EVENT] sock=2492 hEvent=00000564 events=0x0
2026-10-03 01:12:59.576 [EVENT] sock=2492 hEvent=00000564 events=0x21
2026-10-03 01:13:02.159 [EVENT] sock=2572 hEvent=00000A10 events=0x0
2026-10-03 01:13:02.160 [EVENT] sock=2572 hEvent=00000A10 events=0x21
2026-10-03 01:13:02.205 [OP] F005 inv=FFE7 len=24 #4 ed3572a4b607854d1f805b64510bdcfaa3ce7712ddee35ec
2026-10-03 01:13:02.794 [OP] F005 inv=FFE7 len=24 #5 26b35c3828d7512b1f805b64510bdcfaa3de1f8091f433b2
2026-10-03 01:13:08.850 [EVENT] sock=2492 hEvent=00000564 events=0x0
2026-10-03 01:13:08.850 [EVENT] sock=2492 hEvent=00000564 events=0x21
2026-10-03 01:13:11.268 [SETTLE] exp=2965 gold=201747 len=393
2026-10-03 01:13:17.484 [EVENT] sock=2492 hEvent=00000564 events=0x0
2026-10-03 01:13:17.484 [EVENT] sock=2492 hEvent=00000564 events=0x21
2026-10-03 01:13:18.460 [EVENT] sock=2492 hEvent=00000564 events=0x0
2026-10-03 01:13:18.460 [EVENT] sock=2492 hEvent=00000564 events=0x21
2026-10-03 01:13:27.550 [EVENT] sock=2492 hEvent=00000564 events=0x0
2026-10-03 01:13:27.550 [EVENT] sock=2492 hEvent=00000564 events=0x21
2026-10-03 01:13:28.982 [EVENT] sock=2572 hEvent=00000A10 events=0x0
2026-10-03 01:13:28.982 [EVENT] sock=2572 hEvent=00000A10 events=0x21
2026-10-03 01:13:32.846 [EVENT] sock=2492 hEvent=00000564 events=0x0
2026-10-03 01:13:32.846 [EVENT] sock=2492 hEvent=00000564 events=0x21
2026-10-03 01:13:37.611 [EVENT] sock=2492 hEvent=00000564 events=0x0
2026-10-03 01:13:37.611 [EVENT] sock=2492 hEvent=00000564 events=0x21
2026-10-03 01:13:41.695 [SETTLE] exp=3835 gold=201747 len=393
2026-10-03 01:13:44.881 [EVENT] sock=2492 hEvent=00000564 events=0x0
2026-10-03 01:13:44.881 [EVENT] sock=2492 hEvent=00000564 events=0x21
2026-10-03 01:13:45.853 [EVENT] sock=2492 hEvent=00000564 events=0x0
2026-10-03 01:13:45.854 [EVENT] sock=2492 hEvent=00000564 events=0x21
2026-10-03 01:13:54.988 [EVENT] sock=2492 hEvent=00000564 events=0x0
2026-10-03 01:13:54.989 [EVENT] sock=2492 hEvent=00000564 events=0x21
2026-10-03 01:13:58.982 [EVENT] sock=2572 hEvent=00000A10 events=0x0
2026-10-03 01:13:58.982 [EVENT] sock=2572 hEvent=00000A10 events=0x21
2026-10-03 01:14:04.582 [EVENT] sock=2492 hEvent=00000564 events=0x0
2026-10-03 01:14:04.582 [EVENT] sock=2492 hEvent=00000564 events=0x21
2026-10-03 01:14:05.060 [EVENT] sock=2492 hEvent=00000564 events=0x0
2026-10-03 01:14:05.061 [EVENT] sock=2492 hEvent=00000564 events=0x21
2026-10-03 01:14:07.781 [SETTLE] exp=3774 gold=201747 len=393
2026-10-03 01:14:11.080 [EVENT] sock=2492 hEvent=00000564 events=0x0
2026-10-03 01:14:11.081 [EVENT] sock=2492 hEvent=00000564 events=0x21
2026-10-03 01:14:12.047 [EVENT] sock=2492 hEvent=00000564 events=0x0
2026-10-03 01:14:12.047 [EVENT] sock=2492 hEvent=00000564 events=0x21
2026-10-03 01:14:21.141 [EVENT] sock=2492 hEvent=00000564 events=0x0
2026-10-03 01:14:21.142 [EVENT] sock=2492 hEvent=00000564 events=0x21
2026-10-03 01:14:28.983 [EVENT] sock=2572 hEvent=00000A10 events=0x0
2026-10-03 01:14:28.983 [EVENT] sock=2572 hEvent=00000A10 events=0x21
2026-10-03 01:14:29.291 [SETTLE] exp=2995 gold=201747 len=393
2026-10-03 01:14:36.512 [EVENT] sock=2492 hEvent=00000564 events=0x0
2026-10-03 01:14:36.513 [EVENT] sock=2492 hEvent=00000564 events=0x21
2026-10-03 01:14:37.454 [EVENT] sock=2492 hEvent=00000564 events=0x0
2026-10-03 01:14:37.454 [EVENT] sock=2492 hEvent=00000564 events=0x21
2026-10-03 01:14:46.671 [EVENT] sock=2492 hEvent=00000564 events=0x0
2026-10-03 01:14:46.671 [EVENT] sock=2492 hEvent=00000564 events=0x21
2026-10-03 01:14:56.722 [EVENT] sock=2492 hEvent=00000564 events=0x0
2026-10-03 01:14:56.722 [EVENT] sock=2492 hEvent=00000564 events=0x21
2026-10-03 01:14:58.984 [EVENT] sock=2572 hEvent=00000A10 events=0x0
2026-10-03 01:14:58.984 [EVENT] sock=2572 hEvent=00000A10 events=0x21
2026-10-03 01:14:59.491 [SETTLE] exp=2995 gold=201747 len=393
2026-10-03 01:15:08.863 [EVENT] sock=2492 hEvent=00000564 events=0x0
2026-10-03 01:15:08.863 [EVENT] sock=2492 hEvent=00000564 events=0x21
2026-10-03 01:15:09.845 [EVENT] sock=2492 hEvent=00000564 events=0x0
2026-10-03 01:15:09.846 [EVENT] sock=2492 hEvent=00000564 events=0x21
2026-10-03 01:15:19.036 [EVENT] sock=2492 hEvent=00000564 events=0x0
2026-10-03 01:15:19.037 [EVENT] sock=2492 hEvent=00000564 events=0x21
2026-10-03 01:15:23.392 [EVENT] sock=2492 hEvent=00000564 events=0x0
2026-10-03 01:15:23.392 [EVENT] sock=2492 hEvent=00000564 events=0x21
2026-10-03 01:15:28.985 [EVENT] sock=2572 hEvent=00000A10 events=0x0
2026-10-03 01:15:28.985 [EVENT] sock=2572 hEvent=00000A10 events=0x21
2026-10-03 01:15:29.085 [EVENT] sock=2492 hEvent=00000564 events=0x0
2026-10-03 01:15:29.085 [EVENT] sock=2492 hEvent=00000564 events=0x21
2026-10-03 01:15:33.814 [SETTLE] exp=2995 gold=201747 len=393
2026-10-03 01:15:33.906 [OP] 40E1 inv=FFED len=18 #1 23ecfc0b6ffadb91ca809564580b6ffaf82b
2026-10-03 01:15:33.907 [OP] 40E0 inv=FED1 len=302 #1 7c8052fa774a1f805b64510b05e8a32b1f805b6497b1dcfaa32b1f807ff8510bdcfaa32b85035b64fc0bdcfa2d2b1f80fe64510b52faa32bad805b647c0bdcfaf52b1f80d264510b52faa32b6d805b64afd0dcfa46531f80f764510bb8faa32b3faa5b64580bdcfa572b1f800d64510b8ffaa32b1f805b64510bdcfaa32b1f805b64510bdcfaa32b1f805b64430bdcfaa32b1f805b64510bdcfaa32b1f805b64
2026-10-03 01:15:33.907 [OP] 40E3 inv=FFDF len=32 #1 3b0e392ba5227a64370b36fa812bec801264830be4fa572b69805c64970b6afa
2026-10-03 01:15:33.907 [OP] 40E2 inv=FFA7 len=88 #1 3b0e392b67227a64370b6ffa6a2b62800adf830b2dc4202b9faac4647fec6ffa9753ca80a9df830b41c4392b4aaac36440ec8bfa76539d80a0dffd0bcec4fd2b33aa1c6421ec8bfaa7539d8010dfb20b55c4fd2b4caa9564
2026-10-03 01:15:33.919 [EVENT] sock=2492 hEvent=00000564 events=0x0
2026-10-03 01:15:33.920 [EVENT] sock=2492 hEvent=00000564 events=0x21
2026-10-03 01:15:42.045 [EVENT] sock=2492 hEvent=00000564 events=0x0
2026-10-03 01:15:42.046 [EVENT] sock=2492 hEvent=00000564 events=0x21
2026-10-03 01:15:43.005 [EVENT] sock=2492 hEvent=00000564 events=0x0
2026-10-03 01:15:43.005 [EVENT] sock=2492 hEvent=00000564 events=0x21
2026-10-03 01:15:52.112 [EVENT] sock=2492 hEvent=00000564 events=0x0
2026-10-03 01:15:52.112 [EVENT] sock=2492 hEvent=00000564 events=0x21
2026-10-03 01:15:56.171 [EVENT] sock=2492 hEvent=00000564 events=0x0
2026-10-03 01:15:56.172 [EVENT] sock=2492 hEvent=00000564 events=0x21
2026-10-03 01:15:58.985 [EVENT] sock=2572 hEvent=00000A10 events=0x0
2026-10-03 01:15:58.986 [EVENT] sock=2572 hEvent=00000A10 events=0x21
2026-10-03 01:16:02.162 [EVENT] sock=2492 hEvent=00000564 events=0x0
2026-10-03 01:16:02.162 [EVENT] sock=2492 hEvent=00000564 events=0x21
2026-10-03 01:16:04.535 [OP] 46E0 inv=FDF7 len=520 #1 23ecfc0b6ffaa32bb907c464580bdcfaa24d1f809464f50ba954bc2bd62f8823f3ac90c02006ad8066b2c80bdcfa9d2bfd671b649c266ffa392b5980d37d580b0cd6751369805b64fc0b9822232b1f801c640fd0bba5f82b8b5648646738d8f40f8ed1805b64510bdc08a32bbf9a356f830bdcfaf1c11aef0b47c80b6e109d2be0f62037438bc3fa2d87bbce1e4cc80b0be243ce0aec48642f648a2268e5f98b
2026-10-03 01:16:04.624 [SETTLE] exp=3805 gold=201747 len=393
2026-10-03 01:16:11.807 [EVENT] sock=2492 hEvent=00000564 events=0x0
2026-10-03 01:16:11.807 [EVENT] sock=2492 hEvent=00000564 events=0x21
2026-10-03 01:16:12.792 [EVENT] sock=2492 hEvent=00000564 events=0x0
2026-10-03 01:16:12.792 [EVENT] sock=2492 hEvent=00000564 events=0x21
2026-10-03 01:16:21.861 [EVENT] sock=2492 hEvent=00000564 events=0x0
2026-10-03 01:16:21.862 [EVENT] sock=2492 hEvent=00000564 events=0x21
2026-10-03 01:16:24.008 [EVENT] sock=2492 hEvent=00000564 events=0x0
2026-10-03 01:16:24.009 [EVENT] sock=2492 hEvent=00000564 events=0x21
2026-10-03 01:16:28.373 [EVENT] sock=2572 hEvent=00000A10 events=0x0
2026-10-03 01:16:28.373 [EVENT] sock=2572 hEvent=00000A10 events=0x21
2026-10-03 01:16:31.933 [EVENT] sock=2492 hEvent=00000564 events=0x0
2026-10-03 01:16:31.934 [EVENT] sock=2492 hEvent=00000564 events=0x21
2026-10-03 01:16:35.267 [SETTLE] exp=2996 gold=201747 len=393
2026-10-03 01:16:44.489 [EVENT] sock=2492 hEvent=00000564 events=0x0
2026-10-03 01:16:44.489 [EVENT] sock=2492 hEvent=00000564 events=0x21
2026-10-03 01:16:45.449 [EVENT] sock=2492 hEvent=00000564 events=0x0
2026-10-03 01:16:45.449 [EVENT] sock=2492 hEvent=00000564 events=0x21
2026-10-03 01:16:54.058 [EVENT] sock=2492 hEvent=00000564 events=0x0
2026-10-03 01:16:54.058 [EVENT] sock=2492 hEvent=00000564 events=0x21
2026-10-03 01:16:54.643 [EVENT] sock=2492 hEvent=00000564 events=0x0
2026-10-03 01:16:54.643 [EVENT] sock=2492 hEvent=00000564 events=0x21
2026-10-03 01:16:58.987 [EVENT] sock=2572 hEvent=00000A10 events=0x0
2026-10-03 01:16:58.987 [EVENT] sock=2572 hEvent=00000A10 events=0x21
2026-10-03 01:17:04.698 [EVENT] sock=2492 hEvent=00000564 events=0x0
2026-10-03 01:17:04.698 [EVENT] sock=2492 hEvent=00000564 events=0x21
2026-10-03 01:17:05.600 [SETTLE] exp=2965 gold=201747 len=393
2026-10-03 01:17:09.879 [EVENT] sock=2492 hEvent=00000564 events=0x0
2026-10-03 01:17:09.879 [EVENT] sock=2492 hEvent=00000564 events=0x21
2026-10-03 01:17:10.865 [EVENT] sock=2492 hEvent=00000564 events=0x0
2026-10-03 01:17:10.865 [EVENT] sock=2492 hEvent=00000564 events=0x21
2026-10-03 01:17:20.088 [EVENT] sock=2492 hEvent=00000564 events=0x0
2026-10-03 01:17:20.088 [EVENT] sock=2492 hEvent=00000564 events=0x21
2026-10-03 01:17:28.987 [EVENT] sock=2572 hEvent=00000A10 events=0x0
2026-10-03 01:17:28.987 [EVENT] sock=2572 hEvent=00000A10 events=0x21
2026-10-03 01:17:30.148 [EVENT] sock=2492 hEvent=00000564 events=0x0
2026-10-03 01:17:30.148 [EVENT] sock=2492 hEvent=00000564 events=0x21
2026-10-03 01:17:33.880 [SETTLE] exp=3713 gold=201747 len=393
2026-10-03 01:17:38.086 [EVENT] sock=2492 hEvent=00000564 events=0x0
2026-10-03 01:17:38.086 [EVENT] sock=2492 hEvent=00000564 events=0x21
2026-10-03 01:17:39.041 [EVENT] sock=2492 hEvent=00000564 events=0x0
2026-10-03 01:17:39.042 [EVENT] sock=2492 hEvent=00000564 events=0x21
2026-10-03 01:17:48.205 [EVENT] sock=2492 hEvent=00000564 events=0x0
2026-10-03 01:17:48.205 [EVENT] sock=2492 hEvent=00000564 events=0x21
2026-10-03 01:17:54.956 [SETTLE] exp=3055 gold=201747 len=393
2026-10-03 01:17:58.988 [EVENT] sock=2572 hEvent=00000A10 events=0x0
2026-10-03 01:17:58.988 [EVENT] sock=2572 hEvent=00000A10 events=0x21
2026-10-03 01:18:04.182 [EVENT] sock=2492 hEvent=00000564 events=0x0
2026-10-03 01:18:04.183 [EVENT] sock=2492 hEvent=00000564 events=0x21
2026-10-03 01:18:05.141 [EVENT] sock=2492 hEvent=00000564 events=0x0
2026-10-03 01:18:05.141 [EVENT] sock=2492 hEvent=00000564 events=0x21
2026-10-03 01:18:14.254 [EVENT] sock=2492 hEvent=00000564 events=0x0
2026-10-03 01:18:14.254 [EVENT] sock=2492 hEvent=00000564 events=0x21
2026-10-03 01:18:17.641 [EVENT] sock=2492 hEvent=00000564 events=0x0
2026-10-03 01:18:17.643 [EVENT] sock=2492 hEvent=00000564 events=0x21
2026-10-03 01:18:24.308 [EVENT] sock=2492 hEvent=00000564 events=0x0
2026-10-03 01:18:24.308 [EVENT] sock=2492 hEvent=00000564 events=0x21
2026-10-03 01:18:28.989 [EVENT] sock=2572 hEvent=00000A10 events=0x0
2026-10-03 01:18:28.989 [EVENT] sock=2572 hEvent=00000A10 events=0x21
2026-10-03 01:18:29.409 [SETTLE] exp=3652 gold=201747 len=393
2026-10-03 01:18:34.764 [EVENT] sock=2492 hEvent=00000564 events=0x0
2026-10-03 01:18:34.766 [EVENT] sock=2492 hEvent=00000564 events=0x21
2026-10-03 01:18:35.734 [EVENT] sock=2492 hEvent=00000564 events=0x0
2026-10-03 01:18:35.734 [EVENT] sock=2492 hEvent=00000564 events=0x21
2026-10-03 01:18:44.979 [EVENT] sock=2492 hEvent=00000564 events=0x0
2026-10-03 01:18:44.980 [EVENT] sock=2492 hEvent=00000564 events=0x21
2026-10-03 01:18:47.041 [EVENT] sock=2492 hEvent=00000564 events=0x0
2026-10-03 01:18:47.041 [EVENT] sock=2492 hEvent=00000564 events=0x21
2026-10-03 01:18:55.039 [EVENT] sock=2492 hEvent=00000564 events=0x0
2026-10-03 01:18:55.040 [EVENT] sock=2492 hEvent=00000564 events=0x21
2026-10-03 01:18:58.989 [EVENT] sock=2572 hEvent=00000A10 events=0x0
2026-10-03 01:18:58.989 [EVENT] sock=2572 hEvent=00000A10 events=0x21
2026-10-03 01:19:00.322 [SETTLE] exp=3805 gold=201747 len=393
2026-10-03 01:19:00.410 [OP] 4235 inv=FFFA len=5 #1 7d67ce5b64
2026-10-03 01:19:04.643 [EVENT] sock=2492 hEvent=00000564 events=0x0
2026-10-03 01:19:04.645 [EVENT] sock=2492 hEvent=00000564 events=0x21
2026-10-03 01:19:05.616 [EVENT] sock=2492 hEvent=00000564 events=0x0
2026-10-03 01:19:05.616 [EVENT] sock=2492 hEvent=00000564 events=0x21
2026-10-03 01:19:14.746 [EVENT] sock=2492 hEvent=00000564 events=0x0
2026-10-03 01:19:14.747 [EVENT] sock=2492 hEvent=00000564 events=0x21
2026-10-03 01:19:21.575 [EVENT] sock=2492 hEvent=00000564 events=0x0
2026-10-03 01:19:21.576 [EVENT] sock=2492 hEvent=00000564 events=0x21
2026-10-03 01:19:24.815 [EVENT] sock=2492 hEvent=00000564 events=0x0
2026-10-03 01:19:24.815 [EVENT] sock=2492 hEvent=00000564 events=0x21
2026-10-03 01:19:28.990 [EVENT] sock=2572 hEvent=00000A10 events=0x0
2026-10-03 01:19:28.990 [EVENT] sock=2572 hEvent=00000A10 events=0x21
2026-10-03 01:19:31.785 [SETTLE] exp=3713 gold=201747 len=393
2026-10-03 01:19:35.967 [EVENT] sock=2492 hEvent=00000564 events=0x0
2026-10-03 01:19:35.967 [EVENT] sock=2492 hEvent=00000564 events=0x21
2026-10-03 01:19:36.953 [EVENT] sock=2492 hEvent=00000564 events=0x0
2026-10-03 01:19:36.953 [EVENT] sock=2492 hEvent=00000564 events=0x21
2026-10-03 01:19:46.042 [EVENT] sock=2492 hEvent=00000564 events=0x0
2026-10-03 01:19:46.044 [EVENT] sock=2492 hEvent=00000564 events=0x21
2026-10-03 01:19:47.179 [EVENT] sock=2492 hEvent=00000564 events=0x0
2026-10-03 01:19:47.179 [EVENT] sock=2492 hEvent=00000564 events=0x21
2026-10-03 01:19:56.099 [EVENT] sock=2492 hEvent=00000564 events=0x0
2026-10-03 01:19:56.100 [EVENT] sock=2492 hEvent=00000564 events=0x21
2026-10-03 01:19:57.392 [SETTLE] exp=2995 gold=201747 len=403
2026-10-03 01:19:58.991 [EVENT] sock=2572 hEvent=00000A10 events=0x0
2026-10-03 01:19:58.991 [EVENT] sock=2572 hEvent=00000A10 events=0x21
2026-10-03 01:20:02.861 [EVENT] sock=2492 hEvent=00000564 events=0x0
2026-10-03 01:20:02.861 [EVENT] sock=2492 hEvent=00000564 events=0x21
2026-10-03 01:20:03.851 [EVENT] sock=2492 hEvent=00000564 events=0x0
2026-10-03 01:20:03.852 [EVENT] sock=2492 hEvent=00000564 events=0x21
2026-10-03 01:20:12.979 [EVENT] sock=2492 hEvent=00000564 events=0x0
2026-10-03 01:20:12.979 [EVENT] sock=2492 hEvent=00000564 events=0x21
2026-10-03 01:20:14.343 [EVENT] sock=2492 hEvent=00000564 events=0x0
2026-10-03 01:20:14.343 [EVENT] sock=2492 hEvent=00000564 events=0x21
2026-10-03 01:20:20.221 [SETTLE] exp=2963 gold=201747 len=393
2026-10-03 01:20:27.236 [EVENT] sock=2492 hEvent=00000564 events=0x0
2026-10-03 01:20:27.236 [EVENT] sock=2492 hEvent=00000564 events=0x21
2026-10-03 01:20:28.388 [EVENT] sock=2492 hEvent=00000564 events=0x0
2026-10-03 01:20:28.388 [EVENT] sock=2492 hEvent=00000564 events=0x21
2026-10-03 01:20:28.992 [EVENT] sock=2572 hEvent=00000A10 events=0x0
2026-10-03 01:20:28.993 [EVENT] sock=2572 hEvent=00000A10 events=0x21
2026-10-03 01:20:29.374 [EVENT] sock=2492 hEvent=00000564 events=0x0
2026-10-03 01:20:29.374 [EVENT] sock=2492 hEvent=00000564 events=0x21
2026-10-03 01:20:38.472 [EVENT] sock=2492 hEvent=00000564 events=0x0
2026-10-03 01:20:38.472 [EVENT] sock=2492 hEvent=00000564 events=0x21
2026-10-03 01:20:46.695 [SETTLE] exp=2965 gold=201747 len=393
2026-10-03 01:20:53.943 [EVENT] sock=2492 hEvent=00000564 events=0x0
2026-10-03 01:20:53.943 [EVENT] sock=2492 hEvent=00000564 events=0x21
2026-10-03 01:20:54.222 [EVENT] sock=2572 hEvent=00000A10 events=0x0
2026-10-03 01:20:54.222 [EVENT] sock=2572 hEvent=00000A10 events=0x21
2026-10-03 01:20:54.867 [EVENT] sock=2492 hEvent=00000564 events=0x0
2026-10-03 01:20:54.867 [EVENT] sock=2492 hEvent=00000564 events=0x21
2026-10-03 01:21:04.000 [EVENT] sock=2492 hEvent=00000564 events=0x0
2026-10-03 01:21:04.001 [EVENT] sock=2492 hEvent=00000564 events=0x21
2026-10-03 01:21:06.327 [EVENT] sock=2492 hEvent=00000564 events=0x0
2026-10-03 01:21:06.327 [EVENT] sock=2492 hEvent=00000564 events=0x21
2026-10-03 01:21:14.222 [EVENT] sock=2492 hEvent=00000564 events=0x0
2026-10-03 01:21:14.222 [EVENT] sock=2492 hEvent=00000564 events=0x21
2026-10-03 01:21:18.063 [SETTLE] exp=3743 gold=201747 len=403
2026-10-03 01:21:27.237 [EVENT] sock=2492 hEvent=00000564 events=0x0
2026-10-03 01:21:27.237 [EVENT] sock=2492 hEvent=00000564 events=0x21
2026-10-03 01:21:28.097 [EVENT] sock=2492 hEvent=00000564 events=0x0
2026-10-03 01:21:28.097 [EVENT] sock=2492 hEvent=00000564 events=0x21
2026-10-03 01:21:28.994 [EVENT] sock=2572 hEvent=00000A10 events=0x0
2026-10-03 01:21:28.994 [EVENT] sock=2572 hEvent=00000A10 events=0x21
2026-10-03 01:21:38.153 [EVENT] sock=2492 hEvent=00000564 events=0x0
2026-10-03 01:21:38.153 [EVENT] sock=2492 hEvent=00000564 events=0x21
2026-10-03 01:21:49.677 [EVENT] sock=2492 hEvent=00000564 events=0x0
2026-10-03 01:21:49.677 [EVENT] sock=2492 hEvent=00000564 events=0x21
2026-10-03 01:21:50.794 [EVENT] sock=2492 hEvent=00000564 events=0x0
2026-10-03 01:21:50.794 [EVENT] sock=2492 hEvent=00000564 events=0x21
2026-10-03 01:21:58.994 [EVENT] sock=2572 hEvent=00000A10 events=0x0
2026-10-03 01:21:58.994 [EVENT] sock=2572 hEvent=00000A10 events=0x21
2026-10-03 01:21:59.807 [EVENT] sock=2492 hEvent=00000564 events=0x0
2026-10-03 01:21:59.807 [EVENT] sock=2492 hEvent=00000564 events=0x21
2026-10-03 01:22:09.893 [EVENT] sock=2492 hEvent=00000564 events=0x0
2026-10-03 01:22:09.894 [EVENT] sock=2492 hEvent=00000564 events=0x21
2026-10-03 01:22:09.954 [SETTLE] exp=3713 gold=201747 len=393
2026-10-03 01:22:17.139 [EVENT] sock=2492 hEvent=00000564 events=0x0
2026-10-03 01:22:17.140 [EVENT] sock=2492 hEvent=00000564 events=0x21
2026-10-03 01:22:18.144 [EVENT] sock=2492 hEvent=00000564 events=0x0
2026-10-03 01:22:18.153 [EVENT] sock=2492 hEvent=00000564 events=0x21
2026-10-03 01:22:27.232 [EVENT] sock=2492 hEvent=00000564 events=0x0
2026-10-03 01:22:27.232 [EVENT] sock=2492 hEvent=00000564 events=0x21
2026-10-03 01:22:28.995 [EVENT] sock=2572 hEvent=00000A10 events=0x0
2026-10-03 01:22:28.995 [EVENT] sock=2572 hEvent=00000A10 events=0x21
2026-10-03 01:22:37.279 [EVENT] sock=2492 hEvent=00000564 events=0x0
2026-10-03 01:22:37.279 [EVENT] sock=2492 hEvent=00000564 events=0x21
2026-10-03 01:22:38.863 [EVENT] sock=2492 hEvent=00000564 events=0x0
2026-10-03 01:22:38.863 [EVENT] sock=2492 hEvent=00000564 events=0x21
2026-10-03 01:22:42.912 [OP] 46E0 inv=FDF7 len=520 #2 23ecfc0b6ffaa32b5207c464580bdcfa68121f80e955add09a5b7d351f804864510bdcfa9c1d24108a55add0815b7d353078df61510bdcfa3d7fbbce09a457ec1dbec4c4842b9c7f2525bac49c1d24101c64510b78e03fce29ccdfdf11aebb7f4fc4b8ef9564510b155a4e7869489c7fced62dc44e78c8d980b3add0489bc453bcb1d305c0fb62ae4fc4b8ef7860daec90faa32b29805b64510bdcfaf82b1f80
2026-10-03 01:22:43.013 [SETTLE] exp=3713 gold=201747 len=393
2026-10-03 01:22:49.191 [EVENT] sock=2492 hEvent=00000564 events=0x0
2026-10-03 01:22:49.192 [EVENT] sock=2492 hEvent=00000564 events=0x21
2026-10-03 01:22:50.178 [EVENT] sock=2492 hEvent=00000564 events=0x0
2026-10-03 01:22:50.178 [EVENT] sock=2492 hEvent=00000564 events=0x21
2026-10-03 01:22:58.884 [EVENT] sock=2492 hEvent=00000564 events=0x0
2026-10-03 01:22:58.885 [EVENT] sock=2492 hEvent=00000564 events=0x21
2026-10-03 01:22:58.996 [EVENT] sock=2572 hEvent=00000A10 events=0x0
2026-10-03 01:22:58.996 [EVENT] sock=2572 hEvent=00000A10 events=0x21
2026-10-03 01:22:59.310 [EVENT] sock=2492 hEvent=00000564 events=0x0
2026-10-03 01:22:59.310 [EVENT] sock=2492 hEvent=00000564 events=0x21
2026-10-03 01:23:09.363 [EVENT] sock=2492 hEvent=00000564 events=0x0
2026-10-03 01:23:09.365 [EVENT] sock=2492 hEvent=00000564 events=0x21
2026-10-03 01:23:11.863 [SETTLE] exp=3774 gold=201747 len=393
2026-10-03 01:23:16.047 [EVENT] sock=2492 hEvent=00000564 events=0x0
2026-10-03 01:23:16.048 [EVENT] sock=2492 hEvent=00000564 events=0x21
2026-10-03 01:23:17.032 [EVENT] sock=2492 hEvent=00000564 events=0x0
2026-10-03 01:23:17.032 [EVENT] sock=2492 hEvent=00000564 events=0x21
2026-10-03 01:23:26.173 [EVENT] sock=2492 hEvent=00000564 events=0x0
2026-10-03 01:23:26.174 [EVENT] sock=2492 hEvent=00000564 events=0x21
2026-10-03 01:23:28.996 [EVENT] sock=2572 hEvent=00000A10 events=0x0
2026-10-03 01:23:28.996 [EVENT] sock=2572 hEvent=00000A10 events=0x21
2026-10-03 01:23:36.238 [EVENT] sock=2492 hEvent=00000564 events=0x0
2026-10-03 01:23:36.239 [EVENT] sock=2492 hEvent=00000564 events=0x21
2026-10-03 01:23:37.989 [SETTLE] exp=3026 gold=201747 len=393
2026-10-03 01:23:45.196 [EVENT] sock=2492 hEvent=00000564 events=0x0
2026-10-03 01:23:45.196 [EVENT] sock=2492 hEvent=00000564 events=0x21
2026-10-03 01:23:46.138 [EVENT] sock=2492 hEvent=00000564 events=0x0
2026-10-03 01:23:46.139 [EVENT] sock=2492 hEvent=00000564 events=0x21
2026-10-03 01:23:55.263 [EVENT] sock=2492 hEvent=00000564 events=0x0
2026-10-03 01:23:55.263 [EVENT] sock=2492 hEvent=00000564 events=0x21
2026-10-03 01:23:58.728 [EVENT] sock=2492 hEvent=00000564 events=0x0
2026-10-03 01:23:58.728 [EVENT] sock=2492 hEvent=00000564 events=0x21
2026-10-03 01:23:58.997 [EVENT] sock=2572 hEvent=00000A10 events=0x0
2026-10-03 01:23:58.997 [EVENT] sock=2572 hEvent=00000A10 events=0x21
2026-10-03 01:24:05.317 [EVENT] sock=2492 hEvent=00000564 events=0x0
2026-10-03 01:24:05.317 [EVENT] sock=2492 hEvent=00000564 events=0x21
2026-10-03 01:24:07.833 [SETTLE] exp=3774 gold=201747 len=403
2026-10-03 01:24:11.165 [EVENT] sock=2572 hEvent=00000A10 events=0x0
2026-10-03 01:24:11.165 [EVENT] sock=2572 hEvent=00000A10 events=0x21
2026-10-03 01:24:14.218 [EVENT] sock=2492 hEvent=00000564 events=0x0
2026-10-03 01:24:14.219 [EVENT] sock=2492 hEvent=00000564 events=0x21
2026-10-03 01:24:15.160 [EVENT] sock=2492 hEvent=00000564 events=0x0
2026-10-03 01:24:15.160 [EVENT] sock=2492 hEvent=00000564 events=0x21
2026-10-03 01:24:24.276 [EVENT] sock=2492 hEvent=00000564 events=0x0
2026-10-03 01:24:24.276 [EVENT] sock=2492 hEvent=00000564 events=0x21
2026-10-03 01:24:28.997 [EVENT] sock=2572 hEvent=00000A10 events=0x0
2026-10-03 01:24:28.997 [EVENT] sock=2572 hEvent=00000A10 events=0x21
2026-10-03 01:24:34.335 [EVENT] sock=2492 hEvent=00000564 events=0x0
2026-10-03 01:24:34.335 [EVENT] sock=2492 hEvent=00000564 events=0x21
2026-10-03 01:24:34.814 [SETTLE] exp=3774 gold=201747 len=393
2026-10-03 01:24:39.994 [EVENT] sock=2492 hEvent=00000564 events=0x0
2026-10-03 01:24:39.995 [EVENT] sock=2492 hEvent=00000564 events=0x21
2026-10-03 01:24:40.962 [EVENT] sock=2492 hEvent=00000564 events=0x0
2026-10-03 01:24:40.963 [EVENT] sock=2492 hEvent=00000564 events=0x21
2026-10-03 01:24:50.110 [EVENT] sock=2492 hEvent=00000564 events=0x0
2026-10-03 01:24:50.112 [EVENT] sock=2492 hEvent=00000564 events=0x21
2026-10-03 01:24:55.310 [EVENT] sock=2492 hEvent=00000564 events=0x0
2026-10-03 01:24:55.310 [EVENT] sock=2492 hEvent=00000564 events=0x21
2026-10-03 01:24:58.998 [EVENT] sock=2572 hEvent=00000A10 events=0x0
2026-10-03 01:24:58.998 [EVENT] sock=2572 hEvent=00000A10 events=0x21
2026-10-03 01:25:00.159 [EVENT] sock=2492 hEvent=00000564 events=0x0
2026-10-03 01:25:00.159 [EVENT] sock=2492 hEvent=00000564 events=0x21
2026-10-03 01:25:05.987 [SETTLE] exp=2995 gold=201747 len=403
2026-10-03 01:25:10.178 [EVENT] sock=2492 hEvent=00000564 events=0x0
2026-10-03 01:25:10.179 [EVENT] sock=2492 hEvent=00000564 events=0x21
2026-10-03 01:25:11.159 [EVENT] sock=2492 hEvent=00000564 events=0x0
2026-10-03 01:25:11.160 [EVENT] sock=2492 hEvent=00000564 events=0x21
2026-10-03 01:25:20.234 [EVENT] sock=2492 hEvent=00000564 events=0x0
2026-10-03 01:25:20.234 [EVENT] sock=2492 hEvent=00000564 events=0x21
2026-10-03 01:25:21.552 [EVENT] sock=2492 hEvent=00000564 events=0x0
2026-10-03 01:25:21.552 [EVENT] sock=2492 hEvent=00000564 events=0x21
2026-10-03 01:25:28.998 [EVENT] sock=2572 hEvent=00000A10 events=0x0
2026-10-03 01:25:28.998 [EVENT] sock=2572 hEvent=00000A10 events=0x21
2026-10-03 01:25:30.316 [EVENT] sock=2492 hEvent=00000564 events=0x0
2026-10-03 01:25:30.317 [EVENT] sock=2492 hEvent=00000564 events=0x21
2026-10-03 01:25:31.979 [SETTLE] exp=3026 gold=201747 len=393
2026-10-03 01:25:38.209 [EVENT] sock=2492 hEvent=00000564 events=0x0
2026-10-03 01:25:38.210 [EVENT] sock=2492 hEvent=00000564 events=0x21
2026-10-03 01:25:39.180 [EVENT] sock=2492 hEvent=00000564 events=0x0
2026-10-03 01:25:39.181 [EVENT] sock=2492 hEvent=00000564 events=0x21
2026-10-03 01:25:47.670 [EVENT] sock=2492 hEvent=00000564 events=0x0
2026-10-03 01:25:47.670 [EVENT] sock=2492 hEvent=00000564 events=0x21
2026-10-03 01:25:48.452 [EVENT] sock=2492 hEvent=00000564 events=0x0
2026-10-03 01:25:48.452 [EVENT] sock=2492 hEvent=00000564 events=0x21
2026-10-03 01:25:53.826 [SETTLE] exp=3087 gold=201747 len=393
2026-10-03 01:25:58.998 [EVENT] sock=2572 hEvent=00000A10 events=0x0
2026-10-03 01:25:58.998 [EVENT] sock=2572 hEvent=00000A10 events=0x21
2026-10-03 01:25:59.018 [EVENT] sock=2492 hEvent=00000564 events=0x0
2026-10-03 01:25:59.018 [EVENT] sock=2492 hEvent=00000564 events=0x21
2026-10-03 01:25:59.987 [EVENT] sock=2492 hEvent=00000564 events=0x0
2026-10-03 01:25:59.987 [EVENT] sock=2492 hEvent=00000564 events=0x21
2026-10-03 01:26:09.088 [EVENT] sock=2492 hEvent=00000564 events=0x0
2026-10-03 01:26:09.088 [EVENT] sock=2492 hEvent=00000564 events=0x21
2026-10-03 01:26:13.637 [EVENT] sock=2492 hEvent=00000564 events=0x0
2026-10-03 01:26:13.637 [EVENT] sock=2492 hEvent=00000564 events=0x21
2026-10-03 01:26:19.139 [EVENT] sock=2492 hEvent=00000564 events=0x0
2026-10-03 01:26:19.139 [EVENT] sock=2492 hEvent=00000564 events=0x21
2026-10-03 01:26:24.076 [SETTLE] exp=3652 gold=201747 len=393
2026-10-03 01:26:28.999 [EVENT] sock=2572 hEvent=00000A10 events=0x0
2026-10-03 01:26:28.999 [EVENT] sock=2572 hEvent=00000A10 events=0x21
2026-10-03 01:26:29.401 [EVENT] sock=2492 hEvent=00000564 events=0x0
2026-10-03 01:26:29.402 [EVENT] sock=2492 hEvent=00000564 events=0x21
2026-10-03 01:26:30.343 [EVENT] sock=2492 hEvent=00000564 events=0x0
2026-10-03 01:26:30.343 [EVENT] sock=2492 hEvent=00000564 events=0x21
2026-10-03 01:26:39.458 [EVENT] sock=2492 hEvent=00000564 events=0x0
2026-10-03 01:26:39.458 [EVENT] sock=2492 hEvent=00000564 events=0x21
2026-10-03 01:26:41.519 [EVENT] sock=2492 hEvent=00000564 events=0x0
2026-10-03 01:26:41.520 [EVENT] sock=2492 hEvent=00000564 events=0x21
2026-10-03 01:26:49.516 [EVENT] sock=2492 hEvent=00000564 events=0x0
2026-10-03 01:26:49.517 [EVENT] sock=2492 hEvent=00000564 events=0x21
2026-10-03 01:26:52.048 [SETTLE] exp=3744 gold=201747 len=393
2026-10-03 01:26:55.227 [EVENT] sock=2492 hEvent=00000564 events=0x0
2026-10-03 01:26:55.228 [EVENT] sock=2492 hEvent=00000564 events=0x21
2026-10-03 01:26:56.217 [EVENT] sock=2492 hEvent=00000564 events=0x0
2026-10-03 01:26:56.218 [EVENT] sock=2492 hEvent=00000564 events=0x21
2026-10-03 01:26:59.000 [EVENT] sock=2572 hEvent=00000A10 events=0x0
2026-10-03 01:26:59.003 [EVENT] sock=2572 hEvent=00000A10 events=0x21
2026-10-03 01:27:05.348 [EVENT] sock=2492 hEvent=00000564 events=0x0
2026-10-03 01:27:05.348 [EVENT] sock=2492 hEvent=00000564 events=0x21
2026-10-03 01:27:15.401 [EVENT] sock=2492 hEvent=00000564 events=0x0
2026-10-03 01:27:15.403 [EVENT] sock=2492 hEvent=00000564 events=0x21
2026-10-03 01:27:16.559 [SETTLE] exp=2904 gold=201747 len=393
2026-10-03 01:27:24.774 [EVENT] sock=2492 hEvent=00000564 events=0x0
2026-10-03 01:27:24.775 [EVENT] sock=2492 hEvent=00000564 events=0x21
2026-10-03 01:27:25.748 [EVENT] sock=2492 hEvent=00000564 events=0x0
2026-10-03 01:27:25.748 [EVENT] sock=2492 hEvent=00000564 events=0x21
2026-10-03 01:27:29.004 [EVENT] sock=2572 hEvent=00000A10 events=0x0
2026-10-03 01:27:29.004 [EVENT] sock=2572 hEvent=00000A10 events=0x21
2026-10-03 01:27:34.882 [EVENT] sock=2492 hEvent=00000564 events=0x0
2026-10-03 01:27:34.882 [EVENT] sock=2492 hEvent=00000564 events=0x21
2026-10-03 01:27:36.975 [EVENT] sock=2492 hEvent=00000564 events=0x0
2026-10-03 01:27:36.975 [EVENT] sock=2492 hEvent=00000564 events=0x21
2026-10-03 01:27:44.940 [EVENT] sock=2492 hEvent=00000564 events=0x0
2026-10-03 01:27:44.940 [EVENT] sock=2492 hEvent=00000564 events=0x21
2026-10-03 01:27:48.068 [SETTLE] exp=3684 gold=201747 len=403
2026-10-03 01:27:55.256 [EVENT] sock=2492 hEvent=00000564 events=0x0
2026-10-03 01:27:55.256 [EVENT] sock=2492 hEvent=00000564 events=0x21
2026-10-03 01:27:56.228 [EVENT] sock=2492 hEvent=00000564 events=0x0
2026-10-03 01:27:56.228 [EVENT] sock=2492 hEvent=00000564 events=0x21
2026-10-03 01:27:59.004 [EVENT] sock=2572 hEvent=00000A10 events=0x0
2026-10-03 01:27:59.004 [EVENT] sock=2572 hEvent=00000A10 events=0x21
2026-10-03 01:28:05.375 [EVENT] sock=2492 hEvent=00000564 events=0x0
2026-10-03 01:28:05.375 [EVENT] sock=2492 hEvent=00000564 events=0x21
2026-10-03 01:28:05.547 [EVENT] sock=2492 hEvent=00000564 events=0x0
2026-10-03 01:28:05.547 [EVENT] sock=2492 hEvent=00000564 events=0x21
2026-10-03 01:28:09.339 [SETTLE] exp=2995 gold=201747 len=393
2026-10-03 01:28:14.600 [EVENT] sock=2492 hEvent=00000564 events=0x0
2026-10-03 01:28:14.600 [EVENT] sock=2492 hEvent=00000564 events=0x21
2026-10-03 01:28:15.573 [EVENT] sock=2492 hEvent=00000564 events=0x0
2026-10-03 01:28:15.573 [EVENT] sock=2492 hEvent=00000564 events=0x21
2026-10-03 01:28:24.765 [EVENT] sock=2492 hEvent=00000564 events=0x0
2026-10-03 01:28:24.766 [EVENT] sock=2492 hEvent=00000564 events=0x21
2026-10-03 01:28:29.004 [EVENT] sock=2572 hEvent=00000A10 events=0x0
2026-10-03 01:28:29.006 [EVENT] sock=2572 hEvent=00000A10 events=0x21
2026-10-03 01:28:30.827 [EVENT] sock=2492 hEvent=00000564 events=0x0
2026-10-03 01:28:30.827 [EVENT] sock=2492 hEvent=00000564 events=0x21
2026-10-03 01:28:34.819 [EVENT] sock=2492 hEvent=00000564 events=0x0
2026-10-03 01:28:34.819 [EVENT] sock=2492 hEvent=00000564 events=0x21
2026-10-03 01:28:42.830 [SETTLE] exp=2965 gold=201747 len=413
2026-10-03 01:28:47.007 [EVENT] sock=2492 hEvent=00000564 events=0x0
2026-10-03 01:28:47.007 [EVENT] sock=2492 hEvent=00000564 events=0x21
2026-10-03 01:28:47.993 [EVENT] sock=2492 hEvent=00000564 events=0x0
2026-10-03 01:28:47.994 [EVENT] sock=2492 hEvent=00000564 events=0x21
2026-10-03 01:28:57.062 [EVENT] sock=2492 hEvent=00000564 events=0x0
2026-10-03 01:28:57.063 [EVENT] sock=2492 hEvent=00000564 events=0x21
2026-10-03 01:28:59.007 [EVENT] sock=2572 hEvent=00000A10 events=0x0
2026-10-03 01:28:59.007 [EVENT] sock=2572 hEvent=00000A10 events=0x21
2026-10-03 01:29:03.966 [SETTLE] exp=3772 gold=201747 len=393
2026-10-03 01:29:12.180 [EVENT] sock=2492 hEvent=00000564 events=0x0
2026-10-03 01:29:12.180 [EVENT] sock=2492 hEvent=00000564 events=0x21
2026-10-03 01:29:13.139 [EVENT] sock=2492 hEvent=00000564 events=0x0
2026-10-03 01:29:13.139 [EVENT] sock=2492 hEvent=00000564 events=0x21
2026-10-03 01:29:22.243 [EVENT] sock=2492 hEvent=00000564 events=0x0
2026-10-03 01:29:22.243 [EVENT] sock=2492 hEvent=00000564 events=0x21
2026-10-03 01:29:22.938 [EVENT] sock=2492 hEvent=00000564 events=0x0
2026-10-03 01:29:22.938 [EVENT] sock=2492 hEvent=00000564 events=0x21
2026-10-03 01:29:29.008 [EVENT] sock=2572 hEvent=00000A10 events=0x0
2026-10-03 01:29:29.008 [EVENT] sock=2572 hEvent=00000A10 events=0x21
2026-10-03 01:29:32.305 [EVENT] sock=2492 hEvent=00000564 events=0x0
2026-10-03 01:29:32.306 [EVENT] sock=2492 hEvent=00000564 events=0x21
2026-10-03 01:29:33.489 [SETTLE] exp=3087 gold=201747 len=393
2026-10-03 01:29:39.679 [EVENT] sock=2492 hEvent=00000564 events=0x0
2026-10-03 01:29:39.679 [EVENT] sock=2492 hEvent=00000564 events=0x21
2026-10-03 01:29:40.665 [EVENT] sock=2492 hEvent=00000564 events=0x0
2026-10-03 01:29:40.665 [EVENT] sock=2492 hEvent=00000564 events=0x21
2026-10-03 01:29:49.222 [EVENT] sock=2492 hEvent=00000564 events=0x0
2026-10-03 01:29:49.222 [EVENT] sock=2492 hEvent=00000564 events=0x21
2026-10-03 01:29:49.748 [EVENT] sock=2492 hEvent=00000564 events=0x0
2026-10-03 01:29:49.748 [EVENT] sock=2492 hEvent=00000564 events=0x21
2026-10-03 01:29:53.896 [OP] 46E0 inv=FDF7 len=520 #3 23ecfc0b6ffaa32bb907c464580bdcfa534d1f80b038c61552faa32bd62f8823437a66c0b13fc47966b22b0bdcfae02b1f802a64510bdcfadb2b56ce4bacaf0b815b7d358b77b908510bdcfafd730dcec464b27584b6b42bdf3f897fbd8dbac43d46a4802764510bdc08a32ba8e22bcd490bdcfaa953294f0b472b0b6e10e02b69e59bf1ddcf8efaa32b1f808a8c8ad08b006b2b183f897f1d4ad49995a86d80
2026-10-03 01:29:53.990 [SETTLE] exp=3743 gold=201747 len=393
2026-10-03 01:29:59.008 [EVENT] sock=2572 hEvent=00000A10 events=0x0
2026-10-03 01:29:59.008 [EVENT] sock=2572 hEvent=00000A10 events=0x21
2026-10-03 01:30:00.225 [EVENT] sock=2492 hEvent=00000564 events=0x0
2026-10-03 01:30:00.225 [EVENT] sock=2492 hEvent=00000564 events=0x21
2026-10-03 01:30:01.208 [EVENT] sock=2492 hEvent=00000564 events=0x0
2026-10-03 01:30:01.208 [EVENT] sock=2492 hEvent=00000564 events=0x21
2026-10-03 01:30:10.331 [EVENT] sock=2492 hEvent=00000564 events=0x0
2026-10-03 01:30:10.331 [EVENT] sock=2492 hEvent=00000564 events=0x21
2026-10-03 01:30:20.386 [EVENT] sock=2492 hEvent=00000564 events=0x0
2026-10-03 01:30:20.386 [EVENT] sock=2492 hEvent=00000564 events=0x21
2026-10-03 01:30:24.478 [OP] 46E0 inv=FDF7 len=520 #4 23ecfc0b6ffaa32bb907c464580bdcfa724d1f805c641f0bf7b0db70d62f8823437a66c000b1ca8066b22b0bdcfae02bca8005cda5b08fc4db2b598095cffdece2c17513c0805b640e0b8b5b4eb834aac4640fd06f72465387562a64749541ae3d46a480ee538c0bdc08a32bad804d7f490bdcfa7ab12b4e0b472b0b6e10e02be0b9c1f1ddcf8efae60e0dce8a8c8ad00e73237c183f897f1d4ad49995a86d80
2026-10-03 01:30:24.565 [SETTLE] exp=3713 gold=201747 len=393
2026-10-03 01:30:29.010 [EVENT] sock=2572 hEvent=00000A10 events=0x0
2026-10-03 01:30:29.010 [EVENT] sock=2572 hEvent=00000A10 events=0x21
2026-10-03 01:30:29.753 [EVENT] sock=2492 hEvent=00000564 events=0x0
2026-10-03 01:30:29.753 [EVENT] sock=2492 hEvent=00000564 events=0x21
2026-10-03 01:30:30.738 [EVENT] sock=2492 hEvent=00000564 events=0x0
2026-10-03 01:30:30.738 [EVENT] sock=2492 hEvent=00000564 events=0x21
2026-10-03 01:30:38.654 [EVENT] sock=2492 hEvent=00000564 events=0x0
2026-10-03 01:30:38.654 [EVENT] sock=2492 hEvent=00000564 events=0x21
2026-10-03 01:30:39.870 [EVENT] sock=2492 hEvent=00000564 events=0x0
2026-10-03 01:30:39.870 [EVENT] sock=2492 hEvent=00000564 events=0x21
2026-10-03 01:30:49.931 [EVENT] sock=2492 hEvent=00000564 events=0x0
2026-10-03 01:30:49.931 [EVENT] sock=2492 hEvent=00000564 events=0x21
2026-10-03 01:30:50.937 [SETTLE] exp=3087 gold=201747 len=403
2026-10-03 01:30:55.155 [EVENT] sock=2492 hEvent=00000564 events=0x0
2026-10-03 01:30:55.155 [EVENT] sock=2492 hEvent=00000564 events=0x21
2026-10-03 01:30:56.089 [EVENT] sock=2492 hEvent=00000564 events=0x0
2026-10-03 01:30:56.089 [EVENT] sock=2492 hEvent=00000564 events=0x21
2026-10-03 01:30:59.010 [EVENT] sock=2572 hEvent=00000A10 events=0x0
2026-10-03 01:30:59.010 [EVENT] sock=2572 hEvent=00000A10 events=0x21
2026-10-03 01:31:05.219 [EVENT] sock=2492 hEvent=00000564 events=0x0
2026-10-03 01:31:05.219 [EVENT] sock=2492 hEvent=00000564 events=0x21
2026-10-03 01:31:15.267 [EVENT] sock=2492 hEvent=00000564 events=0x0
2026-10-03 01:31:15.267 [EVENT] sock=2492 hEvent=00000564 events=0x21
2026-10-03 01:31:18.385 [EVENT] sock=2492 hEvent=00000564 events=0x0
2026-10-03 01:31:18.386 [EVENT] sock=2492 hEvent=00000564 events=0x21
2026-10-03 01:31:23.232 [SETTLE] exp=3772 gold=201747 len=393
2026-10-03 01:31:29.011 [EVENT] sock=2572 hEvent=00000A10 events=0x0
2026-10-03 01:31:29.011 [EVENT] sock=2572 hEvent=00000A10 events=0x21
2026-10-03 01:31:29.423 [EVENT] sock=2492 hEvent=00000564 events=0x0
2026-10-03 01:31:29.424 [EVENT] sock=2492 hEvent=00000564 events=0x21
2026-10-03 01:31:30.408 [EVENT] sock=2492 hEvent=00000564 events=0x0
2026-10-03 01:31:30.408 [EVENT] sock=2492 hEvent=00000564 events=0x21
2026-10-03 01:31:38.964 [EVENT] sock=2492 hEvent=00000564 events=0x0
2026-10-03 01:31:38.964 [EVENT] sock=2492 hEvent=00000564 events=0x21
2026-10-03 01:31:39.488 [EVENT] sock=2492 hEvent=00000564 events=0x0
2026-10-03 01:31:39.488 [EVENT] sock=2492 hEvent=00000564 events=0x21
2026-10-03 01:31:49.551 [EVENT] sock=2492 hEvent=00000564 events=0x0
2026-10-03 01:31:49.552 [EVENT] sock=2492 hEvent=00000564 events=0x21
2026-10-03 01:31:50.459 [SETTLE] exp=2995 gold=201747 len=393
2026-10-03 01:31:56.652 [EVENT] sock=2492 hEvent=00000564 events=0x0
2026-10-03 01:31:56.652 [EVENT] sock=2492 hEvent=00000564 events=0x21
2026-10-03 01:31:57.639 [EVENT] sock=2492 hEvent=00000564 events=0x0
2026-10-03 01:31:57.639 [EVENT] sock=2492 hEvent=00000564 events=0x21
2026-10-03 01:31:59.013 [EVENT] sock=2572 hEvent=00000A10 events=0x0
2026-10-03 01:31:59.013 [EVENT] sock=2572 hEvent=00000A10 events=0x21
2026-10-03 01:32:06.755 [EVENT] sock=2492 hEvent=00000564 events=0x0
2026-10-03 01:32:06.756 [EVENT] sock=2492 hEvent=00000564 events=0x21
2026-10-03 01:32:16.806 [EVENT] sock=2492 hEvent=00000564 events=0x0
2026-10-03 01:32:16.806 [EVENT] sock=2492 hEvent=00000564 events=0x21
2026-10-03 01:32:21.064 [SETTLE] exp=3743 gold=201747 len=393
2026-10-03 01:32:27.258 [EVENT] sock=2492 hEvent=00000564 events=0x0
2026-10-03 01:32:27.259 [EVENT] sock=2492 hEvent=00000564 events=0x21
2026-10-03 01:32:29.013 [EVENT] sock=2572 hEvent=00000A10 events=0x0
2026-10-03 01:32:29.013 [EVENT] sock=2572 hEvent=00000A10 events=0x21
2026-10-03 01:32:29.248 [EVENT] sock=2492 hEvent=00000564 events=0x0
2026-10-03 01:32:29.248 [EVENT] sock=2492 hEvent=00000564 events=0x21
2026-10-03 01:32:30.197 [EVENT] sock=2492 hEvent=00000564 events=0x0
2026-10-03 01:32:30.197 [EVENT] sock=2492 hEvent=00000564 events=0x21
2026-10-03 01:32:39.321 [EVENT] sock=2492 hEvent=00000564 events=0x0
2026-10-03 01:32:39.321 [EVENT] sock=2492 hEvent=00000564 events=0x21
2026-10-03 01:32:43.085 [EVENT] sock=2492 hEvent=00000564 events=0x0
2026-10-03 01:32:43.085 [EVENT] sock=2492 hEvent=00000564 events=0x21
2026-10-03 01:32:49.381 [EVENT] sock=2492 hEvent=00000564 events=0x0
2026-10-03 01:32:49.381 [EVENT] sock=2492 hEvent=00000564 events=0x21
2026-10-03 01:32:56.167 [SETTLE] exp=2995 gold=201747 len=393
2026-10-03 01:32:59.013 [EVENT] sock=2572 hEvent=00000A10 events=0x0
2026-10-03 01:32:59.013 [EVENT] sock=2572 hEvent=00000A10 events=0x21
2026-10-03 01:33:03.344 [EVENT] sock=2492 hEvent=00000564 events=0x0
2026-10-03 01:33:03.345 [EVENT] sock=2492 hEvent=00000564 events=0x21
2026-10-03 01:33:04.332 [EVENT] sock=2492 hEvent=00000564 events=0x0
2026-10-03 01:33:04.332 [EVENT] sock=2492 hEvent=00000564 events=0x21
2026-10-03 01:33:13.461 [EVENT] sock=2492 hEvent=00000564 events=0x0
2026-10-03 01:33:13.463 [EVENT] sock=2492 hEvent=00000564 events=0x21
2026-10-03 01:33:20.387 [EVENT] sock=2492 hEvent=00000564 events=0x0
2026-10-03 01:33:20.388 [EVENT] sock=2492 hEvent=00000564 events=0x21
2026-10-03 01:33:23.518 [EVENT] sock=2492 hEvent=00000564 events=0x0
2026-10-03 01:33:23.520 [EVENT] sock=2492 hEvent=00000564 events=0x21
2026-10-03 01:33:29.014 [EVENT] sock=2572 hEvent=00000A10 events=0x0
2026-10-03 01:33:29.014 [EVENT] sock=2572 hEvent=00000A10 events=0x21
2026-10-03 01:33:29.530 [SETTLE] exp=2965 gold=201747 len=393
2026-10-03 01:33:35.708 [EVENT] sock=2492 hEvent=00000564 events=0x0
2026-10-03 01:33:35.709 [EVENT] sock=2492 hEvent=00000564 events=0x21
2026-10-03 01:33:36.691 [EVENT] sock=2492 hEvent=00000564 events=0x0
2026-10-03 01:33:36.691 [EVENT] sock=2492 hEvent=00000564 events=0x21
2026-10-03 01:33:45.763 [EVENT] sock=2492 hEvent=00000564 events=0x0
2026-10-03 01:33:45.764 [EVENT] sock=2492 hEvent=00000564 events=0x21
2026-10-03 01:33:46.383 [EVENT] sock=2492 hEvent=00000564 events=0x0
2026-10-03 01:33:46.384 [EVENT] sock=2492 hEvent=00000564 events=0x21
2026-10-03 01:33:55.824 [EVENT] sock=2492 hEvent=00000564 events=0x0
2026-10-03 01:33:55.824 [EVENT] sock=2492 hEvent=00000564 events=0x21
2026-10-03 01:33:56.653 [OP] 46E0 inv=FDF7 len=520 #5 23ecfc0b6ffaa32b7207c464580bdcfaa24d1f805788c80bc6faa32b1f805b64580bdcfaa9a0b6120b47c80b366f9d2bbfef7e53519ceefaf3536480428a76d0dcfa9d2b9a9f247f1d4ad4999ba86d808c81a552e2c1751331b28823630bdcfab72b1f80a99168b180505f2b9273c464fe6ceefa7aeb64805c64510b43faa32bca805b647ab1995b1cb064801c56c80b17720c24604c4864e60aeefaad0e40ce
2026-10-03 01:33:56.746 [SETTLE] exp=3776 gold=201747 len=393
2026-10-03 01:33:59.014 [EVENT] sock=2572 hEvent=00000A10 events=0x0
2026-10-03 01:33:59.014 [EVENT] sock=2572 hEvent=00000A10 events=0x21
2026-10-03 01:34:02.078 [EVENT] sock=2492 hEvent=00000564 events=0x0
2026-10-03 01:34:02.078 [EVENT] sock=2492 hEvent=00000564 events=0x21
2026-10-03 01:34:03.032 [EVENT] sock=2492 hEvent=00000564 events=0x0
2026-10-03 01:34:03.032 [EVENT] sock=2492 hEvent=00000564 events=0x21
2026-10-03 01:34:12.136 [EVENT] sock=2492 hEvent=00000564 events=0x0
2026-10-03 01:34:12.136 [EVENT] sock=2492 hEvent=00000564 events=0x21
2026-10-03 01:34:14.447 [EVENT] sock=2492 hEvent=00000564 events=0x0
2026-10-03 01:34:14.447 [EVENT] sock=2492 hEvent=00000564 events=0x21
2026-10-03 01:34:17.213 [EVENT] sock=2572 hEvent=00000A10 events=0x0
2026-10-03 01:34:17.214 [EVENT] sock=2572 hEvent=00000A10 events=0x21
2026-10-03 01:34:22.189 [EVENT] sock=2492 hEvent=00000564 events=0x0
2026-10-03 01:34:22.189 [EVENT] sock=2492 hEvent=00000564 events=0x21
2026-10-03 01:34:23.324 [SETTLE] exp=2965 gold=201747 len=393
2026-10-03 01:34:28.500 [EVENT] sock=2492 hEvent=00000564 events=0x0
2026-10-03 01:34:28.500 [EVENT] sock=2492 hEvent=00000564 events=0x21
2026-10-03 01:34:29.014 [EVENT] sock=2572 hEvent=00000A10 events=0x0
2026-10-03 01:34:29.014 [EVENT] sock=2572 hEvent=00000A10 events=0x21
2026-10-03 01:34:29.455 [EVENT] sock=2492 hEvent=00000564 events=0x0
2026-10-03 01:34:29.455 [EVENT] sock=2492 hEvent=00000564 events=0x21
2026-10-03 01:34:38.559 [EVENT] sock=2492 hEvent=00000564 events=0x0
2026-10-03 01:34:38.560 [EVENT] sock=2492 hEvent=00000564 events=0x21
2026-10-03 01:34:39.482 [EVENT] sock=2492 hEvent=00000564 events=0x0
2026-10-03 01:34:39.484 [EVENT] sock=2492 hEvent=00000564 events=0x21
2026-10-03 01:34:48.610 [EVENT] sock=2492 hEvent=00000564 events=0x0
2026-10-03 01:34:48.612 [EVENT] sock=2492 hEvent=00000564 events=0x21
2026-10-03 01:34:49.655 [SETTLE] exp=3744 gold=201747 len=393
2026-10-03 01:34:56.872 [EVENT] sock=2492 hEvent=00000564 events=0x0
2026-10-03 01:34:56.872 [EVENT] sock=2492 hEvent=00000564 events=0x21
2026-10-03 01:34:57.827 [EVENT] sock=2492 hEvent=00000564 events=0x0
2026-10-03 01:34:57.827 [EVENT] sock=2492 hEvent=00000564 events=0x21
2026-10-03 01:34:59.016 [EVENT] sock=2572 hEvent=00000A10 events=0x0
2026-10-03 01:34:59.016 [EVENT] sock=2572 hEvent=00000A10 events=0x21
2026-10-03 01:35:06.931 [EVENT] sock=2492 hEvent=00000564 events=0x0
2026-10-03 01:35:06.932 [EVENT] sock=2492 hEvent=00000564 events=0x21
2026-10-03 01:35:16.981 [EVENT] sock=2492 hEvent=00000564 events=0x0
2026-10-03 01:35:16.982 [EVENT] sock=2492 hEvent=00000564 events=0x21
2026-10-03 01:35:21.453 [SETTLE] exp=3711 gold=201747 len=393
2026-10-03 01:35:27.264 [EVENT] sock=2492 hEvent=00000564 events=0x0
2026-10-03 01:35:27.264 [EVENT] sock=2492 hEvent=00000564 events=0x21
2026-10-03 01:35:28.173 [EVENT] sock=2492 hEvent=00000564 events=0x0
2026-10-03 01:35:28.174 [EVENT] sock=2492 hEvent=00000564 events=0x21
2026-10-03 01:35:29.017 [EVENT] sock=2572 hEvent=00000A10 events=0x0
2026-10-03 01:35:29.017 [EVENT] sock=2572 hEvent=00000A10 events=0x21
2026-10-03 01:35:29.098 [EVENT] sock=2492 hEvent=00000564 events=0x0
2026-10-03 01:35:29.098 [EVENT] sock=2492 hEvent=00000564 events=0x21
2026-10-03 01:35:38.248 [EVENT] sock=2492 hEvent=00000564 events=0x0
2026-10-03 01:35:38.248 [EVENT] sock=2492 hEvent=00000564 events=0x21
2026-10-03 01:35:42.295 [EVENT] sock=2492 hEvent=00000564 events=0x0
2026-10-03 01:35:42.296 [EVENT] sock=2492 hEvent=00000564 events=0x21
2026-10-03 01:35:48.281 [SETTLE] exp=2995 gold=201747 len=393
2026-10-03 01:35:52.474 [EVENT] sock=2492 hEvent=00000564 events=0x0
2026-10-03 01:35:52.474 [EVENT] sock=2492 hEvent=00000564 events=0x21
2026-10-03 01:35:53.453 [EVENT] sock=2492 hEvent=00000564 events=0x0
2026-10-03 01:35:53.453 [EVENT] sock=2492 hEvent=00000564 events=0x21
2026-10-03 01:35:59.017 [EVENT] sock=2572 hEvent=00000A10 events=0x0
2026-10-03 01:35:59.017 [EVENT] sock=2572 hEvent=00000A10 events=0x21
2026-10-03 01:36:02.612 [EVENT] sock=2492 hEvent=00000564 events=0x0
2026-10-03 01:36:02.613 [EVENT] sock=2492 hEvent=00000564 events=0x21
2026-10-03 01:36:04.559 [EVENT] sock=2492 hEvent=00000564 events=0x0
2026-10-03 01:36:04.559 [EVENT] sock=2492 hEvent=00000564 events=0x21
2026-10-03 01:36:12.666 [EVENT] sock=2492 hEvent=00000564 events=0x0
2026-10-03 01:36:12.667 [EVENT] sock=2492 hEvent=00000564 events=0x21
2026-10-03 01:36:14.360 [SETTLE] exp=2965 gold=201747 len=393
2026-10-03 01:36:21.571 [EVENT] sock=2492 hEvent=00000564 events=0x0
2026-10-03 01:36:21.572 [EVENT] sock=2492 hEvent=00000564 events=0x21
2026-10-03 01:36:22.547 [EVENT] sock=2492 hEvent=00000564 events=0x0
2026-10-03 01:36:22.547 [EVENT] sock=2492 hEvent=00000564 events=0x21
2026-10-03 01:36:29.018 [EVENT] sock=2572 hEvent=00000A10 events=0x0
2026-10-03 01:36:29.018 [EVENT] sock=2572 hEvent=00000A10 events=0x21
2026-10-03 01:36:31.682 [EVENT] sock=2492 hEvent=00000564 events=0x0
2026-10-03 01:36:31.682 [EVENT] sock=2492 hEvent=00000564 events=0x21
2026-10-03 01:36:41.741 [EVENT] sock=2492 hEvent=00000564 events=0x0
2026-10-03 01:36:41.742 [EVENT] sock=2492 hEvent=00000564 events=0x21
2026-10-03 01:36:45.760 [SETTLE] exp=3804 gold=201747 len=393
2026-10-03 01:36:51.991 [EVENT] sock=2492 hEvent=00000564 events=0x0
2026-10-03 01:36:51.992 [EVENT] sock=2492 hEvent=00000564 events=0x21
2026-10-03 01:36:52.976 [EVENT] sock=2492 hEvent=00000564 events=0x0
2026-10-03 01:36:52.977 [EVENT] sock=2492 hEvent=00000564 events=0x21
2026-10-03 01:36:59.018 [EVENT] sock=2572 hEvent=00000A10 events=0x0
2026-10-03 01:36:59.018 [EVENT] sock=2572 hEvent=00000A10 events=0x21
2026-10-03 01:37:01.538 [EVENT] sock=2492 hEvent=00000564 events=0x0
2026-10-03 01:37:01.539 [EVENT] sock=2492 hEvent=00000564 events=0x21
2026-10-03 01:37:02.061 [EVENT] sock=2492 hEvent=00000564 events=0x0
2026-10-03 01:37:02.061 [EVENT] sock=2492 hEvent=00000564 events=0x21
2026-10-03 01:37:12.123 [EVENT] sock=2492 hEvent=00000564 events=0x0
2026-10-03 01:37:12.125 [EVENT] sock=2492 hEvent=00000564 events=0x21
2026-10-03 01:37:15.608 [SETTLE] exp=3026 gold=201747 len=393
2026-10-03 01:37:19.792 [EVENT] sock=2492 hEvent=00000564 events=0x0
2026-10-03 01:37:19.792 [EVENT] sock=2492 hEvent=00000564 events=0x21
2026-10-03 01:37:20.776 [EVENT] sock=2492 hEvent=00000564 events=0x0
2026-10-03 01:37:20.777 [EVENT] sock=2492 hEvent=00000564 events=0x21
2026-10-03 01:37:26.255 [EVENT] sock=2572 hEvent=00000A10 events=0x0
2026-10-03 01:37:26.255 [EVENT] sock=2572 hEvent=00000A10 events=0x21
2026-10-03 01:37:29.940 [EVENT] sock=2492 hEvent=00000564 events=0x0
2026-10-03 01:37:29.940 [EVENT] sock=2492 hEvent=00000564 events=0x21
2026-10-03 01:37:40.000 [EVENT] sock=2492 hEvent=00000564 events=0x0
2026-10-03 01:37:40.000 [EVENT] sock=2492 hEvent=00000564 events=0x21
2026-10-03 01:37:41.827 [SETTLE] exp=2995 gold=201747 len=393
2026-10-03 01:37:47.028 [EVENT] sock=2492 hEvent=00000564 events=0x0
2026-10-03 01:37:47.028 [EVENT] sock=2492 hEvent=00000564 events=0x21
2026-10-03 01:37:48.007 [EVENT] sock=2492 hEvent=00000564 events=0x0
2026-10-03 01:37:48.007 [EVENT] sock=2492 hEvent=00000564 events=0x21
2026-10-03 01:37:57.183 [EVENT] sock=2492 hEvent=00000564 events=0x0
2026-10-03 01:37:57.183 [EVENT] sock=2492 hEvent=00000564 events=0x21
2026-10-03 01:37:59.019 [EVENT] sock=2572 hEvent=00000A10 events=0x0
2026-10-03 01:37:59.019 [EVENT] sock=2572 hEvent=00000A10 events=0x21
2026-10-03 01:38:06.680 [SETTLE] exp=3743 gold=201747 len=393
2026-10-03 01:38:10.949 [EVENT] sock=2492 hEvent=00000564 events=0x0
2026-10-03 01:38:10.949 [EVENT] sock=2492 hEvent=00000564 events=0x21
2026-10-03 01:38:11.831 [EVENT] sock=2492 hEvent=00000564 events=0x0
2026-10-03 01:38:11.831 [EVENT] sock=2492 hEvent=00000564 events=0x21
2026-10-03 01:38:21.031 [EVENT] sock=2492 hEvent=00000564 events=0x0
2026-10-03 01:38:21.031 [EVENT] sock=2492 hEvent=00000564 events=0x21
2026-10-03 01:38:28.879 [SETTLE] exp=3774 gold=201747 len=403
2026-10-03 01:38:28.970 [SYS] 物品栏已满！
2026-10-03 01:38:29.019 [EVENT] sock=2572 hEvent=00000A10 events=0x0
2026-10-03 01:38:29.019 [EVENT] sock=2572 hEvent=00000A10 events=0x21
2026-10-03 01:38:34.072 [EVENT] sock=2492 hEvent=00000564 events=0x0
2026-10-03 01:38:34.072 [EVENT] sock=2492 hEvent=00000564 events=0x21
2026-10-03 01:38:35.040 [EVENT] sock=2492 hEvent=00000564 events=0x0
2026-10-03 01:38:35.040 [EVENT] sock=2492 hEvent=00000564 events=0x21
2026-10-03 01:38:44.136 [EVENT] sock=2492 hEvent=00000564 events=0x0
2026-10-03 01:38:44.137 [EVENT] sock=2492 hEvent=00000564 events=0x21
2026-10-03 01:38:48.024 [EVENT] sock=2492 hEvent=00000564 events=0x0
2026-10-03 01:38:48.024 [EVENT] sock=2492 hEvent=00000564 events=0x21
2026-10-03 01:38:54.206 [EVENT] sock=2492 hEvent=00000564 events=0x0
2026-10-03 01:38:54.207 [EVENT] sock=2492 hEvent=00000564 events=0x21
2026-10-03 01:38:57.979 [SETTLE] exp=2934 gold=201747 len=393
2026-10-03 01:38:59.020 [EVENT] sock=2572 hEvent=00000A10 events=0x0
2026-10-03 01:38:59.020 [EVENT] sock=2572 hEvent=00000A10 events=0x21
2026-10-03 01:39:02.169 [EVENT] sock=2492 hEvent=00000564 events=0x0
2026-10-03 01:39:02.169 [EVENT] sock=2492 hEvent=00000564 events=0x21
2026-10-03 01:39:03.141 [EVENT] sock=2492 hEvent=00000564 events=0x0
2026-10-03 01:39:03.141 [EVENT] sock=2492 hEvent=00000564 events=0x21
2026-10-03 01:39:12.031 [EVENT] sock=2492 hEvent=00000564 events=0x0
2026-10-03 01:39:12.031 [EVENT] sock=2492 hEvent=00000564 events=0x21
2026-10-03 01:39:12.312 [EVENT] sock=2492 hEvent=00000564 events=0x0
2026-10-03 01:39:12.312 [EVENT] sock=2492 hEvent=00000564 events=0x21
2026-10-03 01:39:22.377 [EVENT] sock=2492 hEvent=00000564 events=0x0
2026-10-03 01:39:22.377 [EVENT] sock=2492 hEvent=00000564 events=0x21
2026-10-03 01:39:26.358 [SETTLE] exp=3835 gold=201747 len=393
