2026-10-02 21:19:47.069 [INIT] dll loaded, pid=30588
2026-10-02 21:19:47.069 [INIT] codec loaded OK
2026-10-02 21:19:47.069 [INIT] iat hooks: recv=1 send=1 WSASend=1 connect=1 closesocket=1
2026-10-02 21:19:47.177 [OUT] 0022 inv=FFD4 len=47 #1 d4ff2200ce723327f80efb66103159ca1e4128310b6ff85fb344ca5bdff5cdccebb72bca70954a5d01c6faf804caba
2026-10-02 21:19:47.220 [OP] 4610 inv=FFFE len=1 #1 ab
2026-10-02 21:19:47.553 [PIPE] controller connected
2026-10-02 21:19:48.179 [OUT] 0022 inv=FFD6 len=45 #2 d6ff2200ef6328317f6f5ebc8bec967fd951ecfe0ea6048480950b0eb9ccebb72bcacb94345d01c6faf81b9db6
2026-10-02 21:19:48.222 [OP] 4610 inv=FFFE len=1 #2 7e
2026-10-02 21:19:48.313 [OP] 4100 inv=FFF9 len=6 #1 98aae37f9d7f
2026-10-02 21:19:48.407 [OP] 4101 inv=FC35 len=970 #1 63cdfc0b90faa32b1f805b64a552155aa32b1f805b64510bdcfaa32b1f805b64510bdcfaa32b1f80a1d9b2b2dcfa3dde1f805b64510b2a22a32b1f805b64510bdcfaa32b1f807aecfc0b52faa32b1f805b6416ffdcfa222a1f80dffc510bf0b3a32bc8d97b81a552155a4e78c8d91664510b155a4e78caa0ed3572a47db7854d1f805b64510bdcfaa33084805b64510bdca1b72b1f805b64510bdcfaa32b1f80
2026-10-02 21:19:48.450 [OUT] 1F51 inv=FFFF len=4 #1 ffff511f
2026-10-02 21:19:48.496 [OP] 4F52 inv=FFFF len=0 #1 
2026-10-02 21:19:49.375 [OUT] 1001 inv=FFF9 len=10 #1 f9ff01101f805b64510b
2026-10-02 21:19:49.886 [OP] 4108 inv=FFE3 len=28 #1 7207c464510bdcfa2153c8d9d8f8510bce4051421f805b64510bdcfa
2026-10-02 21:19:49.972 [OP] 4108 inv=FFE3 len=28 #2 7207c464510bdcfa4d531f80d8f8510bce4051ed1f805b64510bdcfa
2026-10-02 21:19:49.972 [OP] 4108 inv=FFE3 len=28 #3 7207c464510bdcfa22531f80d8f8510bce40515d1f805b64510bdcfa
2026-10-02 21:19:49.972 [OP] 4108 inv=FFF3 len=12 #4 efc2392b1f805b64510bdcfa
2026-10-02 21:19:49.972 [OP] 4108 inv=FFF3 len=12 #5 efc2392b1f805b64580bdcfa
2026-10-02 21:19:49.972 [OP] 4104 inv=FFFB len=4 #1 0a081f80
2026-10-02 21:19:49.972 [OP] 4104 inv=FFFB len=4 #2 3cae1faa
2026-10-02 21:19:49.972 [OP] 4104 inv=FFFB len=4 #3 0a081fc7
2026-10-02 21:19:49.972 [OP] 4104 inv=FFFB len=4 #4 0a081fce
2026-10-02 21:19:49.972 [OP] 4104 inv=FFFB len=4 #5 0a081f12
2026-10-02 21:19:51.612 [OP] 4105 inv=FFFE len=1 #1 3d
2026-10-02 21:19:51.612 [OP] 4105 inv=FFFE len=1 #2 c0
2026-10-02 21:19:51.612 [OP] 4105 inv=FFFE len=1 #3 af
2026-10-02 21:19:51.632 [OUT] 1005 inv=FFEF len=20 #1 efff0510a498fd53cf795c640b0b0022a32b1f80
2026-10-02 21:19:51.760 [OP] 4106 inv=FFFC len=3 #1 e546ed
2026-10-02 21:19:51.760 [OP] 4106 inv=FFFC len=3 #2 b1fdcb
2026-10-02 21:19:51.760 [OP] 4110 inv=FFFD len=2 #1 4d2b
2026-10-02 21:19:51.760 [OP] 4106 inv=FFFC len=3 #3 e239ee
2026-10-02 21:19:51.858 [OP] 4105 inv=FFFE len=1 #4 0c
2026-10-02 21:19:51.973 [OP] 4109 inv=FD97 len=616 #1 efc2392bca8040c6510bdcfaa32b1f809564510b02faccce2980076ffc0b66faf82b1f8017cd510b5253a32b1fc75b6451d5dcfa4b531f802164510bdcfaa32b1f805b64e4ecdcfaccff9f875b64510ba506a32bca805b64dfb2dcfa39c4ca805b64510bdcc4392bca805b64dfb2dcfa39c459805b64510bdc22a32bca805b64dfb2dcfa39c4ad805bdf510bdc71269323aa5b6401ba710ea32b1f801e9f510b
2026-10-02 21:19:52.069 [OP] 4106 inv=FFFD len=2 #4 a3c4
2026-10-02 21:19:52.069 [OP] 4111 inv=FFFD len=2 #1 c064
2026-10-02 21:19:52.069 [OP] 4112 inv=FFFD len=2 #1 dcc4
2026-10-02 21:19:52.069 [OP] 4112 inv=FFFD len=2 #2 52c4
2026-10-02 21:19:52.069 [OP] 4112 inv=FFFD len=2 #3 8bc4
2026-10-02 21:19:54.703 [OP] 4109 inv=FF7B len=132 #2 7207c464580b6fc4a32b1f805b64510b6ffaa32b3480fcdffd0bb8c4fd2bca809564510b61caa32b9daac06451ecdcfaa3ae9f8762df510b43faa32b1f805b64510bdcfa0e6f1f801af1510b8bfa612b1fce5b64957fdcfaa52b1f805b64510bdcfaa32b44aa5b64510bdcfaa32b1f805b64510b7cc4a32b1619bacd510bdcfaa91f1f80
2026-10-02 21:19:54.800 [OP] 4105 inv=FFFE len=1 #5 ec
2026-10-02 21:19:54.800 [OP] 4106 inv=FFFD len=2 #5 f853
2026-10-02 21:19:54.800 [OP] 4111 inv=FFFD len=2 #2 9564
2026-10-02 21:19:57.456 [OP] 4109 inv=FE73 len=396 #3 8b3bad809564fc75dcfaa32b1f805b64580bdcfa462bf7ce0d64a6d08b5b222bca805b645fc4dcfafdeeca805bf8510bdcfaa32b92aa5b64c70bdcfaa32b1f805b64510b25c4a32b9b805b64510bdcfaa32b1f809564510baeaea32b9d5a946451ecdcfaa32b1f80d1df510bbafaa32b1f805b64510bdcfaf82b1f80a76f510b8b47232b1faa5b6451ecdcfa71531f80df64510bdcfaa32b1f805b644db1dcfa
2026-10-02 21:19:57.552 [OP] 4111 inv=FFFD len=2 #3 d064
2026-10-02 21:19:57.552 [OP] 4112 inv=FFFD len=2 #4 6ac4
2026-10-02 21:19:58.518 [OUT] 1F51 inv=FFFF len=4 #2 ffff511f
2026-10-02 21:19:58.580 [OP] 4F52 inv=FFFF len=0 #2 
2026-10-02 21:19:58.806 [OP] 4109 inv=FF27 len=216 #4 efc2392bca809426510bdcfaa32b1f809564510b02faccce2980076ffc0b02faf82b1f8017cd510b526ef82b1faa5b64517fdcfa4b531f802a64510bdcfaa32b1f805b64580bdcfae13b1f80c4c60e0bdcfaa32b1f805b64c927dcfa9b3b1f80c464580bdcc4a32b44aa5b6470d0dcfaa32b1f805b64510b7acaa32b09075b64fc0b90faa35359807fdf510b24caa32b1f805b64510bdcfae13b1f80f5cd510b
2026-10-02 21:19:58.896 [OP] 4111 inv=FFFD len=2 #4 6e64
2026-10-02 21:19:58.896 [OP] 4112 inv=FFFD len=2 #5 6fc4
2026-10-02 21:19:59.762 [SYS] #00FFFF#国庆节特别活动“红旗飘飘贺国庆”#00FF00#正式开启#00FFFF#，冒险者可以在逍遥西的#FF0000#大冒险活动官#00FFFF#处参加活动，收集喜庆用品装饰旗台，赢取丰富的属性及道具奖励，幸运的冒险者还将得到#FF0000#稀有奖励#FFFFFF#！
2026-10-02 21:20:00.394 [OP] EFFE inv=FFFE len=1 #1 0b
2026-10-02 21:20:02.566 [OP] 46FE inv=FFFF len=0 #1 
2026-10-02 21:20:03.531 [SETTLE] exp=1 gold=199366 len=403
2026-10-02 21:20:03.531 [OP] 472A inv=FE6C len=403 #1 33b4de1faa5b64510bdcfaa32b1f805b64510bdce8a32b1f805b64510bdcfaa32b1f805b64510bdc4e722b1f805b64513c6ffaa32b1f805b64510bdcfaa32b1f805b64510bdcfaa32b1f805b64510bdcfaa32b1f805b64510bdcfaa32b1f805b64510bdcfaa32b1f805b64510bdcfaa32b1f805b64510bdcfaa32b1f805b64510bdcfaa32b1f805b64510bdc7af82b1fc3956451f16ffaa391ca805bd3580bdc
2026-10-02 21:20:03.577 [OUT] 0022 inv=FFD6 len=45 #3 d6ff2200ef6328317f6f5ebc8bec967fd951ecfe0ea6048480950a58b9ccebb72bca68c4785d01c6faf8b19dc5
2026-10-02 21:20:03.622 [OP] 42CE inv=FFFB len=4 #1 c87f510b
2026-10-02 21:20:03.622 [OP] 4211 inv=FFF6 len=9 #1 aa5b6451803e22a34a
2026-10-02 21:20:03.622 [OP] 4211 inv=FFF6 len=9 #2 aa5b64515ca722a34a
2026-10-02 21:20:03.622 [OP] 4211 inv=FFF6 len=9 #3 aa5b6451e3a722a34a
2026-10-02 21:20:03.622 [OP] 4211 inv=FFF6 len=9 #4 aa5b64516d3e22a34a
2026-10-02 21:20:03.714 [OP] 4610 inv=FFFE len=1 #3 9b
2026-10-02 21:20:04.581 [OUT] 0022 inv=FFD7 len=44 #4 d7ff22000d018ffde6c46806978c4128310b6f3c61b344ca5bdf15b2ccebb72bcad795a65d01c6faf84459f2
2026-10-02 21:20:04.626 [OP] 4610 inv=FFFE len=1 #4 f8
2026-10-02 21:20:04.785 [OUT] 0048 inv=FFF7 len=12 #1 f7ff4800dcfaa32b1fa49564
2026-10-02 21:20:04.910 [OP] 4721 inv=FFF7 len=8 #1 efc2392b1fa49564
2026-10-02 21:20:05.585 [OUT] 0022 inv=FFD6 len=45 #5 d6ff2200ef632831d5909861703cd45b228ffddcc4972bb933276458326f06f38384809578e68dc19fa3538a4f
2026-10-02 21:20:05.637 [OP] 4610 inv=FFFE len=1 #5 b3
2026-10-02 21:20:10.409 [OP] EFFE inv=FFFE len=1 #2 0b
2026-10-02 21:20:10.754 [OP] 4100 inv=FFF9 len=6 #2 98aa167f457f
2026-10-02 21:20:10.754 [OP] 4101 inv=FC35 len=970 #2 63cdfc0b90faa32b1f805b64a552155aa32b1f805b64510bdcfaa32b1f805b64510bdcfaa32b1f80a1d9b2b2dcfa3dde1f805b64510b2a22a32b1f805b64510bdcfaa32b1f807aecfc0b52faa32b1f805b6416ffdcfa222a1f80dffc510bf0b3a32bc8d97b81a552155a4e78c8d91664510b155a4e78caa0ed3572a47db7854d1f805b64510bdcfaa33084805b64510bdca1b72b1f805b64510bdcfaa32b1f80
2026-10-02 21:20:10.897 [OUT] 1F51 inv=FFFF len=4 #3 ffff511f
2026-10-02 21:20:10.946 [OP] 4F52 inv=FFFF len=0 #3 
2026-10-02 21:20:11.827 [OUT] 1001 inv=FFF9 len=10 #2 f9ff01101f805b64510b
2026-10-02 21:20:14.055 [OUT] 1005 inv=FFEF len=20 #2 efff0510a498fd53cf795c640b0b0022a32b1f80
2026-10-02 21:20:14.242 [OP] 4110 inv=FFFD len=2 #2 4d2b
2026-10-02 21:20:14.459 [OP] 4109 inv=FFB7 len=72 #5 7207c464517f6fc4a32b1f805b64510b07faa32b62105b6487b1dcfa40ce1f80c0530e0b07faa32b39125b640e7566faa32b1f805b64fc298222a32b39125b64080b66faa32b1f80
2026-10-02 21:20:14.459 [OP] 4111 inv=FFFD len=2 #5 c364
2026-10-02 21:20:20.967 [OUT] 1F51 inv=FFFF len=4 #4 ffff511f
2026-10-02 21:20:21.043 [OP] 4F52 inv=FFFF len=0 #4 
2026-10-02 21:20:28.277 [SETTLE] exp=2 gold=199366 len=403
2026-10-02 21:20:28.277 [OP] 472A inv=FE6C len=403 #2 33b4de1fc75b64510bdcfaa32b1f805b64510bdcc4a32b1f805b64510bdcfaa32b1f805b64510bdc4e722b1f805b64513c6ffaa32b1f805b64510bdcfaa32b1f805b64510bdcfaa32b1f805b64510bdcfaa32b1f805b64510bdcfaa32b1f805b64510bdcfaa32b1f805b64510bdcfaa32b1f805b64510bdcfaa32b1f805b64510bdcfaa32b1f805b64510bdcb5a32b1f2c5b6451fa6ffaa3731f805bc7580bdc
2026-10-02 21:20:28.362 [OP] 4211 inv=FFF6 len=9 #5 aa5b6451803e22a34a
2026-10-02 21:20:28.362 [OP] 42CE inv=FFFB len=4 #2 c87f510b
2026-10-02 21:20:28.992 [OUT] 0048 inv=FFF7 len=12 #2 f7ff4800dcfaa32b1fa49564
2026-10-02 21:20:29.079 [OP] 4721 inv=FFF7 len=8 #2 efc2392b1fa49564
2026-10-02 21:20:30.432 [OP] EFFE inv=FFFE len=1 #3 0b
2026-10-02 21:20:31.699 [OP] F005 inv=FFE7 len=24 #1 c2cc763c71faa32b1f805b64510bdcfaa32b5ebce6e36b08
2026-10-02 21:20:31.788 [OP] F005 inv=FFE7 len=24 #2 c2cc763c71faa32b1f805b64510bdcfaa32b5ebce6e36b08
2026-10-02 21:20:31.790 [OP] F005 inv=FFE7 len=24 #3 c2cc763c71faa32b1f805b64510bdcfaa32b5ebce6e36b08
2026-10-02 21:20:31.790 [OP] F005 inv=FFE7 len=24 #4 c2cc763c71faa32b1f805b64510bdcfaa32b5ebce6e36b08
2026-10-02 21:20:31.790 [OP] F005 inv=FFE7 len=24 #5 c2cc763c71faa32b1f805b64510bdcfaa32b5ebce6e36b08
2026-10-02 21:20:32.779 [OP] 46FE inv=FFFF len=0 #2 
2026-10-02 21:20:37.465 [OP] 4100 inv=FFF9 len=6 #3 98aae37f9d7f
2026-10-02 21:20:37.465 [OP] 4101 inv=FBC5 len=1082 #3 8b3bad809464510bdcfaa32bc8d97b81510bdcfaa32b1f805b64510bdcfaa32b1f805b64510bdcfa4d7c9dca5b6469d0dcfaa32b1f80727f510bdcfaa32b1f805b64510bdcfad85dad80c464510bdcfaa32b46925b648e90dcfac4181f807693510b155a4e78c8d97b81a552155a252b1f807b81a5526f30c2d41e5f544e191edcfaa32b1f805b648fa0c6faa32b1f805b4d310bdcfaa32b1f805b64510bdcfa
2026-10-02 21:20:37.593 [OUT] 1F51 inv=FFFF len=4 #5 ffff511f
2026-10-02 21:20:37.638 [OP] 4F52 inv=FFFF len=0 #5 
2026-10-02 21:20:38.521 [OUT] 1001 inv=FFF9 len=10 #3 f9ff01101f805b64510b
2026-10-02 21:20:40.709 [OUT] 1005 inv=FFEF len=20 #3 efff0510a498fd53cf795c640b0b0022a32b1f80
2026-10-02 21:20:40.857 [OP] 4110 inv=FFFD len=2 #3 4d2b
2026-10-02 21:20:42.459 [OP] EFFE inv=FFFE len=1 #4 0b
2026-10-02 21:21:00.485 [OP] EFFE inv=FFFE len=1 #5 0b
2026-10-02 21:21:02.989 [OP] 46FE inv=FFFF len=0 #3 
2026-10-02 21:21:03.196 [SETTLE] exp=1 gold=199366 len=393
2026-10-02 21:21:03.197 [OP] 472A inv=FE76 len=393 #3 33b4de1faa5b64510bdcfaa32b1f805b64510bdcc4a32b1f805b64510bdcfaa32b1f805b64510bdc4e722b1f805b64513c6ffaa32b1f805b64510bdcfaa32b1f805b64510bdcfaa32b1f805b64510bdcfaa32b1f805b64510bdcfaa32b1f805b64510bdcfaa32b1f805b64510bdcfaa32b1f805b64510bdcfaa32b1f805b64510bdcfaa32b1f805b64510bdcbdf82b1f2c5b645153dcfaa3731f805b5c510bdc
2026-10-02 21:21:03.294 [OP] 42CE inv=FFFB len=4 #3 c87f510b
2026-10-02 21:21:07.392 [OP] 4100 inv=FFF9 len=6 #4 98aa5bf8c0ec
2026-10-02 21:21:07.506 [OP] 4101 inv=FBC5 len=1082 #4 8b3bad809464510bdcfaa32bc8d97b81510bdcfaa32b1f805b64510bdcfaa32b1f805b64510bdcfa4d7c9dca5b6469d0dcfaa32b1f80727f510bdcfaa32b1f805b64510bdcfad85dad80c464510bdcfaa32b46925b648e90dcfac4181f807693510b155a4e78c8d97b81a552155a252b1f807b81a5526f30c2d41e5f544e191edcfaa32b1f805b6451a0c6faa32b1f805b4d310bdcfaa32b1f805b64510bdcfa
2026-10-02 21:21:08.457 [OUT] 1001 inv=FFF9 len=10 #4 f9ff01101f805b64510b
2026-10-02 21:21:10.723 [OUT] 1005 inv=FFEF len=20 #4 efff0510a498fd53cf795c640b0b0022a32b1f80
2026-10-02 21:21:10.816 [OP] 4110 inv=FFFD len=2 #4 4d2b
2026-10-02 21:21:25.850 [SETTLE] exp=1 gold=199366 len=403
2026-10-02 21:21:25.850 [OP] 472A inv=FE6C len=403 #4 33b4de1faa5b64510bdcfaa32b1f805b64510bdcc4a32b1f805b64510bdcfaa32b1f805b64510bdc4e722b1f805b64513c6ffaa32b1f805b64510bdcfaa32b1f805b64510bdcfaa32b1f805b64510bdcfaa32b1f805b64510bdcfaa32b1f805b64510bdcfaa32b1f805b64510bdcfaa32b1f805b64510bdcfaa32b1f805b64510bdcfaa32b1f805b64510bdcbdf82b1fc3956451f16ffaa3731f805bd3580bdc
2026-10-02 21:21:25.850 [OP] 42CE inv=FFFB len=4 #4 c87f510b
2026-10-02 21:21:27.222 [OUT] 0048 inv=FFF7 len=12 #3 f7ff4800dcfaa32b1fa49564
2026-10-02 21:21:27.356 [OP] 4721 inv=FFF7 len=8 #3 efc2392b1fa49564
2026-10-02 21:21:33.049 [OP] 4100 inv=FFF9 len=6 #5 98aaebf8237f
2026-10-02 21:21:33.049 [OP] 4101 inv=FC6D len=914 #5 8b3bad809464510bdcfaa32bc8d97b81510bdcfaa32b1f805b64510bdcfaa32b1f805b64510bdcfa4d7c9d4e5b6469d0dcfaa32b1f80727f510bdcfaa32b1f805b64510bdcfad85dad80c464510bdcfaa32b46925b648e90dcfac4181f807693510b155a4e78c8d97b81a552155a252b1f807b81a5526f30c2d41e5f544e191edcfaa32b1f805b6451a0c6faa32b1f805b4d310bdcfaa32b1f805b64510bdcfa
2026-10-02 21:21:33.306 [OP] 46FE inv=FFFF len=0 #4 
2026-10-02 21:21:34.120 [OUT] 1001 inv=FFF9 len=10 #5 f9ff01101f805b64510b
2026-10-02 21:21:36.299 [OUT] 1005 inv=FFEF len=20 #5 efff0510a498fd53cfc75c640b0b0022a32b1f80
2026-10-02 21:21:36.383 [OP] 4110 inv=FFFD len=2 #5 4d2b
2026-10-02 21:21:45.864 [SETTLE] exp=1 gold=199366 len=393
2026-10-02 21:21:45.864 [OP] 472A inv=FE76 len=393 #5 33b4de1faa5b64510bdcfaa32b1f805b64510bdce8a32b1f805b64510bdcfaa32b1f805b64510bdc4e722b1f805b6451f46ffaa32b1f805b64510bdcfaa32b1f805b64510bdcfaa32b1f805b64510bdcfaa32b1f805b64510bdcfaa32b1f805b64510bdcfaa32b1f805b64510bdcfaa32b1f805b64510bdcfaa32b1f805b64510bdcfaa32b1f805b64510bdc7af82b1f2c5b6451fa6ffaa3ccca805bc7580bdc
2026-10-02 21:21:45.943 [OP] 42CE inv=FFFB len=4 #5 c87f510b
2026-10-02 21:21:47.883 [OUT] 004E inv=FFFA len=9 #1 faff4e00e9580bdcae
2026-10-02 21:21:48.029 [OP] 4029 inv=FFDF len=32 #1 63cdfc0b2acaa32b1f805b649675dcfaa32b1f80137f510b8fc4552bad804064
2026-10-02 21:22:03.510 [OP] 46FE inv=FFFF len=0 #5 
2026-10-02 21:22:06.632 [SETTLE] exp=2 gold=199366 len=393
2026-10-02 21:22:28.493 [SETTLE] exp=1 gold=199366 len=393
2026-10-02 21:22:51.551 [SETTLE] exp=1 gold=199366 len=403
2026-10-02 21:22:53.555 [OUT] 0048 inv=FFF7 len=12 #4 f7ff4800dcfaa32b1fa49564
2026-10-02 21:22:53.616 [OP] 4721 inv=FFF7 len=8 #4 efc2392b1fa49564
2026-10-02 21:23:18.891 [SETTLE] exp=2 gold=199366 len=393
2026-10-02 21:23:40.400 [SETTLE] exp=1 gold=199366 len=393
2026-10-02 21:23:42.435 [OUT] 004E inv=FFFA len=9 #2 faff4e00e9580bdce8
2026-10-02 21:23:42.561 [OP] 4029 inv=FFDF len=32 #2 63cdfc0b606ea32b1f805b64cf7fdcfaa32b1f809464580b90c4902bef809564
2026-10-02 21:24:05.163 [SETTLE] exp=2 gold=199366 len=393
2026-10-02 21:24:27.115 [SETTLE] exp=1 gold=199366 len=403
2026-10-02 21:24:27.941 [OUT] 0048 inv=FFF7 len=12 #5 f7ff4800dcfaa32b1fa49564
2026-10-02 21:24:28.128 [OP] 4721 inv=FFF7 len=8 #5 efc2392b1fa49564
2026-10-02 21:24:58.051 [SETTLE] exp=1 gold=199366 len=403
2026-10-02 21:25:25.363 [SETTLE] exp=2 gold=199366 len=403
2026-10-02 21:25:48.047 [SETTLE] exp=2 gold=199366 len=393
2026-10-02 21:26:08.350 [SETTLE] exp=2 gold=199366 len=393
2026-10-02 21:26:39.483 [SETTLE] exp=2 gold=199366 len=393
2026-10-02 21:27:00.842 [SETTLE] exp=1 gold=199366 len=393
2026-10-02 21:27:30.770 [SETTLE] exp=2 gold=199366 len=403
2026-10-02 21:27:32.804 [OUT] 004E inv=FFFA len=9 #3 faff4e00e9580bdce8
2026-10-02 21:27:32.916 [OP] 4029 inv=FFDF len=32 #3 63cdfc0b606ea32b1f805b64cf7fdcfaa32b1f809464a6ed90c4902ba9809564
2026-10-02 21:27:58.354 [SETTLE] exp=1 gold=199366 len=393
2026-10-02 21:28:24.222 [SETTLE] exp=1 gold=199366 len=403
2026-10-02 21:28:43.346 [SETTLE] exp=2 gold=199366 len=403
2026-10-02 21:29:10.263 [SETTLE] exp=2 gold=199366 len=393
2026-10-02 21:29:37.231 [SETTLE] exp=2 gold=199366 len=403
2026-10-02 21:30:07.735 [SETTLE] exp=2 gold=199366 len=393
2026-10-02 21:30:39.920 [SETTLE] exp=1 gold=199366 len=403
2026-10-02 21:30:46.223 [SYS] #00FF00#1#00FFFF#分钟后逍遥村周围将掉落20个宝箱，捡取可获得意外惊喜喔！#FFFFFF#
2026-10-02 21:31:04.836 [SETTLE] exp=1 gold=199366 len=403
2026-10-02 21:31:26.592 [SETTLE] exp=1 gold=199366 len=403
2026-10-02 21:31:26.670 [OP] 4210 inv=FFF3 len=12 #1 710bdcfae82b1f8023ecfc0b
2026-10-02 21:31:49.829 [SETTLE] exp=2 gold=199366 len=403
2026-10-02 21:31:53.353 [OP] 4031 inv=FFE9 len=22 #1 fc0bfafa212b1f805b64520bdc5133f44dab7644780b
2026-10-02 21:32:23.589 [SETTLE] exp=1 gold=199366 len=393
2026-10-02 21:32:25.603 [OUT] 004E inv=FFFA len=9 #4 faff4e00e9580bdce8
2026-10-02 21:32:25.758 [OP] 4029 inv=FFDF len=32 #4 63cdfc0b606ea32b1f805b64cf7fdcfaa32b1f80a97f510b90c4902bcd809564
2026-10-02 21:32:50.081 [SETTLE] exp=1 gold=199366 len=393
2026-10-02 21:33:19.020 [SETTLE] exp=2 gold=199366 len=403
2026-10-02 21:33:47.324 [OUT] 1004 inv=FFF3 len=16 #1 f3ff0410eb76002b598cc3642d0b59ae
2026-10-02 21:33:53.594 [SETTLE] exp=2 gold=199366 len=403
2026-10-02 21:34:15.479 [SETTLE] exp=1 gold=199366 len=403
2026-10-02 21:34:35.920 [QUESTION] {"type":"question","sock":2500,"qno":6,"field_a":80,"stem":".“竹子”属于哪一类植物？","options":["1、处长职务","2、食肉植物","3、草本植物","4、食草植物"]}
2026-10-02 21:34:36.630 [SETTLE] exp=2 gold=199366 len=403
2026-10-02 21:34:36.930 [UI] auto dump on question qno=6
2026-10-02 21:34:36.932 [UI] ---- window dump begin (pid 30588) ----
2026-10-02 21:34:36.958 [UI] TOP=0005062C vis=1 cls=ATL:0132F210 rc=(-32000,-32000,-31840,-31972) title=什么什么大冒险2(①逍遥村敬老院)-伏地魔1_Sep 24 2026《什么什么大冒险》制作委员会QQ群:515616289
2026-10-02 21:34:36.961 [UI] TOP=00150022 vis=0 cls=DIEmWin rc=(-1,-1,135,38) title=DIEmWin
2026-10-02 21:34:36.964 [UI] TOP=000D0318 vis=0 cls=MSCTFIME UI rc=(0,0,0,0) title=MSCTFIME UI
2026-10-02 21:34:36.989 [UI] TOP=00060A08 vis=0 cls=IME rc=(0,0,0,0) title=Default IME
2026-10-02 21:34:36.989 [UI] TOP=000A04EE vis=0 cls=IME rc=(0,0,0,0) title=Default IME
2026-10-02 21:34:36.989 [UI] ---- window dump end ----
2026-10-02 21:34:37.952 [SEND-ANSWER] qno=6 opt=2 ret=13 sock=2500
2026-10-02 21:34:38.040 [SYS] 测试通过！
2026-10-02 21:34:38.138 [SYS] 获得了#00FF00#100#FFF692#金币
2026-10-02 21:34:38.141 [CURRENCY] a=199366 b=1060742
2026-10-02 21:34:38.813 [OP] 4018 inv=FFF0 len=15 #1 d36b7f5134a722a35dadf2946451d5
2026-10-02 21:35:02.084 [OUT] 1004 inv=FFF3 len=16 #2 f3ff0410eb76002b59c7c3642d0b59ae
2026-10-02 21:35:07.381 [SETTLE] exp=2 gold=199366 len=403
2026-10-02 21:35:09.401 [OUT] 004E inv=FFFA len=9 #5 faff4e00e9580bdce8
2026-10-02 21:35:09.504 [OP] 4029 inv=FFDF len=32 #5 63cdfc0b606ea32b1f805b64cf7fdcfaa32b1f809481a55290c4902bce809564
2026-10-02 21:35:13.431 [SYS] #00FF00#1#00FFFF#分钟后逍遥村周围将掉落20个宝箱，捡取可获得意外惊喜喔！#FFFFFF#
2026-10-02 21:35:24.466 [OUT] 1004 inv=FFF3 len=16 #3 f3ff0410eb76002b594fc3642d0b59ae
2026-10-02 21:35:27.914 [SETTLE] exp=1 gold=199366 len=403
2026-10-02 21:35:56.467 [SETTLE] exp=2 gold=199366 len=403
2026-10-02 21:36:26.743 [SETTLE] exp=1 gold=199366 len=393
2026-10-02 21:36:50.791 [SETTLE] exp=2 gold=199366 len=393
2026-10-02 21:37:20.749 [SETTLE] exp=2 gold=199366 len=393
2026-10-02 21:37:44.541 [SETTLE] exp=1 gold=199366 len=403
2026-10-02 21:38:05.436 [SETTLE] exp=1 gold=199366 len=393
2026-10-02 21:38:28.586 [OUT] 1004 inv=FFF3 len=16 #4 f3ff0410eb76002b598cc3642d0b59ae
2026-10-02 21:38:31.997 [SETTLE] exp=2 gold=199366 len=393
2026-10-02 21:38:52.945 [SETTLE] exp=2 gold=199366 len=403
2026-10-02 21:39:17.775 [SETTLE] exp=2 gold=199366 len=393
2026-10-02 21:39:36.682 [SETTLE] exp=1 gold=199366 len=393
2026-10-02 21:39:54.519 [SYS] #FFF692#恭喜#FF8CF8#啾咪啾咪#FFF692#打造出#64FF7D#+10#FFF692#装备
2026-10-02 21:39:58.451 [SETTLE] exp=1 gold=199366 len=393
2026-10-02 21:40:17.712 [OUT] 1F04 inv=FFF6 len=13 #1 f6ff041fce1f805b08510bdcfa
2026-10-02 21:40:30.015 [SETTLE] exp=1 gold=199366 len=403
2026-10-02 21:40:51.575 [SETTLE] exp=1 gold=199366 len=393
2026-10-02 21:41:12.524 [SETTLE] exp=2 gold=199366 len=403
2026-10-02 21:41:35.951 [SETTLE] exp=2 gold=199366 len=393
2026-10-02 21:41:52.259 [OUT] 1004 inv=FFF3 len=16 #5 f3ff0410eb76002b5980c3642d0b59ae
2026-10-02 21:41:56.874 [SETTLE] exp=1 gold=199366 len=393
2026-10-02 21:42:22.825 [SETTLE] exp=2 gold=199366 len=393
2026-10-02 21:42:46.154 [SETTLE] exp=1 gold=199366 len=403
2026-10-02 21:43:13.988 [SETTLE] exp=1 gold=199366 len=393
2026-10-02 21:43:37.313 [SETTLE] exp=2 gold=199366 len=393
2026-10-02 21:44:03.253 [SETTLE] exp=1 gold=199366 len=403
2026-10-02 21:44:27.414 [SETTLE] exp=2 gold=199366 len=393
2026-10-02 21:44:45.999 [SETTLE] exp=2 gold=199366 len=393
2026-10-02 21:44:46.079 [OP] 4210 inv=FFF3 len=12 #2 140bdcfaef2b1f807aecfc0b
2026-10-02 21:45:08.824 [SETTLE] exp=2 gold=199366 len=393
2026-10-02 21:45:32.228 [SETTLE] exp=1 gold=199366 len=403
2026-10-02 21:45:58.098 [SETTLE] exp=2 gold=199366 len=393
2026-10-02 21:46:22.340 [SETTLE] exp=1 gold=199366 len=393
2026-10-02 21:46:48.290 [SETTLE] exp=1 gold=199366 len=393
2026-10-02 21:47:13.600 [SYS] #00FF00#1#00FFFF#分钟后逍遥村周围将掉落20个宝箱，捡取可获得意外惊喜喔！#FFFFFF#
2026-10-02 21:47:15.732 [SETTLE] exp=2 gold=199366 len=393
2026-10-02 21:47:40.978 [SETTLE] exp=1 gold=199366 len=393
2026-10-02 21:48:06.526 [SETTLE] exp=1 gold=199366 len=393
2026-10-02 21:48:24.743 [SETTLE] exp=1 gold=199366 len=393
2026-10-02 21:48:50.187 [SETTLE] exp=1 gold=199366 len=393
2026-10-02 21:49:20.685 [SETTLE] exp=1 gold=199366 len=403
2026-10-02 21:49:45.233 [SETTLE] exp=2 gold=199366 len=403
2026-10-02 21:49:59.765 [SYS] #00FFFF#国庆节特别活动“红旗飘飘贺国庆”将于#00FF00#10#00FFFF#分钟后结束，装饰国旗将在活动结束#00FF00#30#00FFFF#分钟后关闭。请冒险者抓紧时间喔！#FFFFFF#
2026-10-02 21:50:15.303 [SETTLE] exp=1 gold=199366 len=393
2026-10-02 21:50:22.529 [SYS] #00FF00#1#00FFFF#分钟后逍遥村周围将掉落20个宝箱，捡取可获得意外惊喜喔！#FFFFFF#
2026-10-02 21:50:39.096 [SETTLE] exp=1 gold=199366 len=403
2026-10-02 21:51:00.440 [SETTLE] exp=1 gold=199366 len=393
2026-10-02 21:51:26.536 [SETTLE] exp=1 gold=199366 len=403
2026-10-02 21:51:50.078 [SETTLE] exp=1 gold=199366 len=403
2026-10-02 21:52:11.634 [SETTLE] exp=2 gold=199366 len=393
2026-10-02 21:52:42.090 [SETTLE] exp=1 gold=199366 len=403
2026-10-02 21:53:07.473 [SETTLE] exp=1 gold=199366 len=403
2026-10-02 21:53:17.642 [SYS] #FFF692#恭喜#FF8CF8#岚华骏铭#FFF692#在#00C8F8#国庆福袋#FFF692#中获得了#64FF7D#本命神宠-魔法
2026-10-02 21:53:35.315 [SETTLE] exp=1 gold=199366 len=393
2026-10-02 21:53:37.583 [OP] 4031 inv=FFDE len=33 #2 b05175dce8a32b1faa5be1aede8674c149b2e941d84cdea1faa3dd367f1a998a0b
2026-10-02 21:53:54.682 [SETTLE] exp=1 gold=199366 len=403
2026-10-02 21:54:17.954 [SETTLE] exp=2 gold=199366 len=393
2026-10-02 21:54:46.314 [SETTLE] exp=2 gold=199366 len=393
2026-10-02 21:54:46.401 [OP] 4707 inv=FFF3 len=12 #1 8b3bad807aecfc0b17faa32b
2026-10-02 21:54:46.401 [OP] 4612 inv=FFF7 len=8 #1 ca805b64238052fa
2026-10-02 21:54:59.768 [SYS] #00FFFF#国庆节特别活动“红旗飘飘贺国庆”将于#00FF00#5#00FFFF#分钟后结束，装饰国旗将在活动结束#00FF00#30#00FFFF#分钟后关闭。请冒险者抓紧时间喔！#FFFFFF#
2026-10-02 21:55:07.930 [SETTLE] exp=2 gold=199366 len=393
2026-10-02 21:55:29.052 [OP] 4031 inv=FFDE len=33 #3 375127dcc6a32b1faa5b499fde866dd7b3c29e92eb030bdc5950b9315e8487650b
2026-10-02 21:55:33.437 [SETTLE] exp=1 gold=199366 len=393
2026-10-02 21:55:54.778 [SETTLE] exp=2 gold=199366 len=393
2026-10-02 21:56:23.490 [SETTLE] exp=2 gold=199366 len=403
2026-10-02 21:56:43.851 [SETTLE] exp=1 gold=199366 len=403
2026-10-02 21:57:08.578 [SETTLE] exp=1 gold=199366 len=403
2026-10-02 21:57:24.023 [OP] 4031 inv=FFDC len=35 #4 775bf15145dcfaa32b1f676f5b1360a201337a40e9e991740bdc80eb797136e4e5e20b
2026-10-02 21:57:36.240 [SETTLE] exp=2 gold=199366 len=403
2026-10-02 21:57:36.323 [OP] 4210 inv=FFF3 len=12 #3 140bdcfa2f2b1f8023ecfc0b
2026-10-02 21:58:01.299 [SETTLE] exp=2 gold=199366 len=393
2026-10-02 21:58:23.409 [SETTLE] exp=1 gold=199366 len=393
2026-10-02 21:58:27.883 [OP] 4031 inv=FFD7 len=40 #5 3bfa612b56805b64510b2c0b979c5fc2669b8793884e32ebe905b46451e42a2a2b3cc534be42b30b
2026-10-02 21:58:53.634 [SETTLE] exp=1 gold=199366 len=403
2026-10-02 21:58:59.822 [SYS] #00FFFF#国庆节特别活动“红旗飘飘贺国庆”将于#00FF00#1#00FFFF#分钟后结束，装饰国旗将在活动结束#00FF00#30#00FFFF#分钟后关闭。请冒险者抓紧时间喔！#FFFFFF#
2026-10-02 21:59:19.858 [SETTLE] exp=1 gold=199366 len=393
2026-10-02 21:59:44.341 [SETTLE] exp=1 gold=199366 len=393
2026-10-02 21:59:59.854 [SYS] #00FFFF#国庆焰火晚会开始了，冒险者可到旗台处参与燃放烟花，幸运者还可能得到稀有奖励喔！装饰国旗以及燃放烟花将在#00FF00#30#00FFFF#分钟后关闭，请冒险者抓紧时间喔！#FFFFFF#
2026-10-02 22:00:08.172 [SETTLE] exp=2 gold=199366 len=403
2026-10-02 22:00:35.786 [SETTLE] exp=2 gold=199366 len=393
2026-10-02 22:01:01.909 [SETTLE] exp=2 gold=199366 len=403
2026-10-02 22:01:25.749 [SETTLE] exp=2 gold=199366 len=403
2026-10-02 22:01:51.048 [SETTLE] exp=1 gold=199366 len=403
2026-10-02 22:02:16.755 [SETTLE] exp=1 gold=199366 len=393
2026-10-02 22:02:23.643 [OUT] 0049 inv=FFEC len=23 #1 ecff49002b1f805b64510bdc5a4e78c8805b64510b55c4
2026-10-02 22:02:23.692 [OP] 4707 inv=FFF3 len=12 #2 8b3bad8063cdfc0b17faa32b
2026-10-02 22:02:23.792 [OP] 40E0 inv=FED1 len=302 #1 b4b252faf9061f805b64510bffe8a32b1f805b64135fdcfaa32b1f809ef8510bdcfaa32befa05b64fc0bdcfa392b1f804864510ba7e8a32bad805b64acecdcfa932b1f8033df510b17e8a32b8b805b6444c9dcfa59531f80e264510be9c4a32b384e5b648fecdcfa4f2b1f800d64510b8ffaa32b1f805b64510bdcfaa32b1f805b64510bdcfaa32b1f805b64430bdcfaa32b1f805b64510bdcfaa32b1f805b64
2026-10-02 22:02:23.792 [OP] 40E3 inv=FFCF len=48 #1 7207c464af52155ac32bfd80da64580b33fabc2be080956445ec6ffabf5384809fdf0b0b0022202b01cec464edd090fa
2026-10-02 22:02:23.792 [OP] 40E2 inv=FFF3 len=12 #1 63cdfc0b6ffaf82b45809564
2026-10-02 22:02:23.792 [OP] 4232 inv=FF60 len=159 #1 01afd0dce0a32b1f4f5b645127dcfaa3de1f805b6f510bdc1c462b1f805b64510bdcfaa32b1f805b64510bdcfaa32b1f805b64510bdcfaa3599d805b64510bdcb7f82b1f805b6451fb8bfaa32b1f805b4e580bdcfaa32b1f227a64516f52faa3edad805b7c510bdc25a32b1fef5b6451c4dcfaa3d4ad805bbc510bdc6ba32b1f0a5b64510bdcfaa32cd672eca2d661e2b05b931f805b64510bdcfaa32b1f80
2026-10-02 22:02:23.792 [OP] 4232 inv=FF60 len=159 #2 01afd0dcf4a32b1f4e5b6451b2dcfaa3321f805b53510bdc8d202b1f805b64510bdcfaa32b1f805b64510bdcfaa32b1f805b64510bdcfaa39b34805b64510bdcdafd2b1f805b645149e6faa32b1f805b0bb20bdcfaa32b1f4c2364516f52faa3b834805be8510bdc0ea32b1fef5b6451c4dcfaa36834805b02510bdc1ba32b1fd35b64510bdcfaa32cd672eca2d604e2b05bde1f805bdf510bdcfaa32b1f80
2026-10-02 22:02:23.792 [OP] 4232 inv=FF60 len=159 #3 01afd0dcf4a32b1f8c5b64513ddcfaa34c1f805bcd510bdcff312b1f805b64510bdcfaa32b1f805b64510bdcfaa32b1f805b64510bdcfaa3343c805b64510bdcb0232b1f805b645127c6faa32b1f805bade60bdcfaa32b1f2e7a64519c52faa3ba8a805ba4510bdccea32b1fef5b6451c4dcfaa3db3c805b0b510bdcbcdb2b1f239564510bdcfaa32cd6725aaed6aea1b05bceca8095f8510bdcfaa32b1f80
2026-10-02 22:02:23.792 [OP] 4020 inv=FFE7 len=24 #1 b4b252facd2bca8094cdfc0bc740a32bca809564270bfafa
2026-10-02 22:02:23.792 [OP] 4202 inv=FFEF len=16 #1 230bdcfaa32b1f800ea9510b4a5ba32b
2026-10-02 22:02:23.792 [OP] 4055 inv=FFF7 len=8 #1 63cdfc0bdcfaa32b
2026-10-02 22:02:23.792 [OP] 4613 inv=FFBF len=64 #1 f89523b79508512ec9e8e8dc9a071319587be3c49416ba41550758ec6fc4a32bcaaa9564e55d4a300253ab809464510b52faf82b1f7926b35c3828d7512b1f80
2026-10-02 22:02:23.792 [OP] 40A0 inv=FCAF len=848 #1 63cdfc0ba90e392bcdc75b647dd0dcfadb4a3826f012510bdcfaa32b1f805b64510bdcfaa32b1f805b64510bdcfaa32b1f805b64510bdcfaa32b1f80a237d475f6dcd62402c75b6440ecdcfadb4a3268bef22e60dcfaa32b1f805b64510bdcfaa32b1f805b64510bdcfaa32b1f805b64510bdcfaa32b1f80b7a9a675d2308f24f4c75b64d4c4dcfadb4a7caf33b4303ccdb38023db065b64510bdcfaa32b1f80
2026-10-02 22:02:23.794 [OP] 4613 inv=FD08 len=759 #2 530f3c10aa40645ee3902ad793979ac3de687fdfb5db536feb94a1f67551012353caaa956451ec6fc4a3298017ba96586edcfa6b931f805bdf510b36ac6add127a2d9bf90bdcfa941c10aa4064291790104223f31c75df84cf6f32929f9e3fe1df58ec6ffaa353caaa5b731cad5498f8541fc7896f51d0dcc4a32b623cc83369938c0ba32b1f3f04af58d5dcc4f851527a6b839bbefaa5e8b511aa7cf262ca6f
2026-10-02 22:02:23.818 [OUT] 0185 inv=FFF7 len=12 #1 f7ff8501dcfaa32bc8d97b81
2026-10-02 22:02:23.820 [OUT] 0045 inv=FFF7 len=12 #1 f7ff4500510bdcfac52b1f80
2026-10-02 22:02:24.187 [OP] 4025 inv=FFF5 len=10 #1 c5533832c4df51ece2fa
2026-10-02 22:02:25.920 [OP] 4613 inv=FFC1 len=62 #3 ca29e5af58d5dc590193f6a3e9cd194f6fc4a6463041550758ec6fc4a32bcaaa9564e55d4a300253ab809464510bdcfaf82b1f7926b35c3828d7fb2b1f80
2026-10-02 22:02:28.095 [OP] 4613 inv=FFBE len=65 #4 c49c1c10aa4064291790104263bc7913195826e3c4a646d741550758ec6fc4a32bcaaa9564e55d4a300253ab809464510bdcfaf82b1f7926b35c3828d7972b1f80
2026-10-02 22:02:35.521 [OP] 4613 inv=FFBE len=65 #5 c48911e3aa40d95eb56ac4e09c50793b5c0e26e3c4509462b54a53cab56ac4f853ca805bdf58ecdc2c98652db3951a517fdcfaa3de1f805b64b2720c463c2b1f80
2026-10-02 22:02:35.636 [OP] 40EB inv=FFE7 len=24 #1 efc2392b41a0c464f30bdcc6a32b1f809564510b3dc0a32b
2026-10-02 22:02:37.375 [OP] 40EB inv=FFE7 len=24 #2 efc2392b40d39464f40bdcc6a32b1f809564510b45c0a32b
2026-10-02 22:02:43.861 [OP] 47C0 inv=FFF3 len=12 #1 7853cab383f1580b4652a168
2026-10-02 22:02:44.091 [OUT] 0030 inv=FFDE len=37 #1 deff30005ca722a32b1f805b64510bdcfaa32b1f3cc83369938c93a32b1f805b64510bdcfa
2026-10-02 22:02:44.091 [OUT] 0030 inv=FFDE len=37 #2 deff3000e3a722a32b1f805b64510bdcfaa32b1f3cc83369938cc5a32b1f805b64510bdcfa
2026-10-02 22:02:44.091 [OUT] 0030 inv=FFDE len=37 #3 deff3000803e22a32b1f805b92510bdc4fa32b1feb066d0d7928bbea2b1f805b64510bdcfa
2026-10-02 22:02:44.091 [OUT] 0030 inv=FFDE len=37 #4 deff30006d3e22a32b1f805b5a510bdcb8a32b1feb066d0d4079bbea2b1f805b64510bdcfa
2026-10-02 22:02:44.186 [OP] 4705 inv=FFB8 len=71 #1 d36b7f5134a722a319f3ce5b4d310bdcfaa32b1f532764510bdcfaa37b59805b64510bdc45db2b1f805b645131dcfaa33a1f805b6651d286033d6643505b64510bdcfaa32b1f80
2026-10-02 22:02:44.367 [OP] 4705 inv=FFB8 len=71 #2 d36b7f5134a722a3b3f3ce5b0f310bdcfaa32b1ffd2764510bdcfaa3e51f805b64510bdca7f82b1f805b645131dcfaa33a1f805b6651d286033d6643d45b64510bdcfaa32b1f80
2026-10-02 22:02:44.910 [OP] 47C0 inv=FFF3 len=12 #2 7853cab383f1580b061fe2df
2026-10-02 22:02:45.674 [OP] 4705 inv=FFB8 len=71 #3 d36b7f5134a722a37d67ce5bd1b20bdcfaa32b1fcc1c64510bdcfaa30359805b64510bdcaadb2b1f805b645131dcfaa3141f805b2751a2da2bf061f1341a64510bdcfaa32b1f80
2026-10-02 22:02:45.869 [OP] 47C0 inv=FFF0 len=15 #3 2c6fc402dd3cc75b8dcca3cfc20653
2026-10-02 22:02:46.869 [OP] 47C0 inv=FFF3 len=12 #4 7853cab383f1580bc21f744c
2026-10-02 22:02:46.960 [OP] 4705 inv=FFB8 len=71 #4 d36b7f5134a722a35d67ce5b2dfc0bdcfaa32b1fbbc464510bdcfaa34759805b64510bdc9ddb2b1f805b645131dcfaa3141f805b5151a2da2bf0774b341a64510bdcfaa32b1f80
2026-10-02 22:02:47.865 [OP] 47C0 inv=FFF3 len=12 #5 7853cab383f1580b04be29c7
2026-10-02 22:02:48.874 [OP] 4612 inv=FFF7 len=8 #2 ca805b64432590fa
2026-10-02 22:02:55.495 [OP] 40A0 inv=FE8F len=368 #2 63cdfc0be6fadb2bb8805b643875dcfadb4ab5c13cf2bc05b600f07f9aeb5b64510bdcfaa32b1f805b64510bdcfaa32b1f805b64510bdcfaa32b1f803cc690b1076ee64a4cc75b64190bdcfadb4a0bc1f055510bdcfaa32b1f805b64510bdcfaa32b1f805b64510bdcfaa32b1f805b64510bdcfaa32b1f801bc6a0b1a96e054a15c75b64317fdcfadb4a7caf855d3064288d4cb51f805b64510bdcfaa32b1f80
2026-10-02 22:02:57.471 [OP] 40A0 inv=FF07 len=248 #3 63cdfc0b8b5ba32b3ec75b64950bdcfadb4a6c05c267510bdcfaa32b1f805b64510bdcfaa32b1f805b64510bdcfaa32b1f805b64510bdcfaa32b1f80b7d9dfd0d29fe1dee5c75b64237fdcfadb4adb2f6340510bdcfaa32b1f805b64510bdcfaa32b1f805b64510bdcfaa32b1f805b64510bdcfaa32b1f80f8d965d0329f41de1cc75b641ac4dcfadb4a429a24ca5c00cd974148b97a632a510bdcfaa32b1f80
2026-10-02 22:02:57.471 [OP] 4612 inv=FFDB len=36 #3 5c64510b6733db2b953c946413d290facf32ad8024010e0b0333db2ba57c946444cd52fa
2026-10-02 22:02:59.479 [OP] 40A0 inv=FF43 len=188 #4 63cdfc0b52faf82b7ac75b6453ecdcfadb4a363c3ee11e9edcfaa32b1f805b64510bdcfaa32b1f805b64510bdcfaa32b1f805b64510bdcfaa32b1f80cac6b97f106ec8932bc75b64c57fdcfadb4a121a2d40510bdcfaa32b1f805b64510bdcfaa32b1f805b64510bdcfaa32b1f805b64510bdcfaa32b1f8000c6527f956e519346c75b64e90bdcfadb4ac3fbdb22072f7d166aa11f805b64510bdcfaa32b1f80
2026-10-02 22:02:59.479 [OP] 4612 inv=FFD7 len=40 #4 312b1f804ba9fc0b94f4392bf012c4647aa690fa0ebc5980c88c0e0b89f4392be912c4643aa690fa
2026-10-02 22:03:02.442 [OP] 40A0 inv=FF43 len=188 #5 63cdfc0b52faf82b24c75b64a67fdcfadb4a962f98da510bdcfaa32b1f805b64510bdcfaa32b1f805b64510bdcfaa32b1f805b64510bdcfaa32b1f80337ae4d0aa02a8de8dc75b6403d0dcfadb4ae49ee986960a5af1d47f722c3c49510bdcfaa32b1f805b64510bdcfaa32b1f805b64510bdcfaa32b1f8066be72d0584765de6cb65b6439ecdcfadb4a7caf33b4303c60d18b02b5d85b64510bdcfaa32b1f80
2026-10-02 22:03:03.477 [OP] 4612 inv=FFEB len=20 #5 fd2b1f80fea9fc0b9c01db2b15a0c464432590fa
2026-10-02 22:03:04.867 [OUT] 0050 inv=FFF7 len=12 #1 f7ff5000a32b1f8000f8510b
2026-10-02 22:03:04.918 [OP] 4019 inv=FF73 len=140 #1 7207c464e07fdcfaf8de1f80b96476ad08745012d337336725549f578ebeafcb76336919f8743f7ae1d579a11d9388eff0ebe97ce09bd7854ab478eb4b4c7240932a160333b386e5d77b6f60518d96e91bd579eb3019f80330eb3536ad509a205bfaa32b7380eaa0532337a24f28c57feae957c737e3da28961154f9bc05b600a3521f800d6417ad181ea37f
2026-10-02 22:03:05.834 [OUT] 0051 inv=FFF7 len=12 #1 f7ff51005b64510b6ffaa32b
2026-10-02 22:03:05.879 [OP] 4019 inv=FE07 len=504 #2 8b3bad8000f8510b6f5ba32b0480418787145ab7a14ba7d0f6b91d0177b332e7827b244433d25b186ce9325f3e3587c828ed4a1c95b1b293552c5b182bfaa7713ef2876989952bc6c2d071675c9b6c140c30b70b93b70d19daeec77ae1cd6fe953232da28f770b36792bb5830ffcd4b931e46dea7240b0cca877c34c2d67872a16fd65d4c24c2d40739e9624599997b846eb30205b3dda3a1abe35a0a69350d8
2026-10-02 22:03:07.356 [OUT] 0051 inv=FFF7 len=12 #2 f7ff51005b64510b90faa32b
2026-10-02 22:03:07.440 [SYS] #FFF692#交纳传送费用#00CCFF#690#FFF692#金币！
2026-10-02 22:03:07.541 [SYS] #ff0000#您已进入野外区域，可能遭遇玩家间的自由对战，请注意安全！#ffffff#
2026-10-02 22:03:07.542 [CURRENCY] a=199366 b=1060052
2026-10-02 22:03:07.542 [OP] 40E0 inv=FED1 len=302 #2 b4b252faf9061f805b64510bffe8a32b1f805b64135fdcfaa32b1f809ef8510bdcfaa32befa05b64fc0bdcfa392b1f804864510ba7e8a32bad805b64acecdcfa932b1f8033df510b17e8a32b8b805b6444c9dcfa59531f80e264510be9c4a32b384e5b648fecdcfa4f2b1f800d64510b8ffaa32b1f805b64510bdcfaa32b1f805b64510bdcfaa32b1f805b64430bdcfaa32b1f805b64510bdcfaa32b1f805b64
2026-10-02 22:03:07.542 [OP] 40E3 inv=FFCF len=48 #2 7207c464af0bdcfac32bfd80da64580b33fabc2be080956445ec6ffabf5384809fdf0b0b0022202b01cec464edd090fa
2026-10-02 22:03:07.542 [OP] 40E2 inv=FFF3 len=12 #2 63cdfc0b6ffaa32b45809564
2026-10-02 22:03:07.542 [OP] 4232 inv=FF60 len=159 #4 01afd0dce0a32b1f4f5b645127dcfaa3de1f805b6f510bdc1c462b1f805b64510bdcfaa32b1f805b64510bdcfaa32b1f805b64510bdcfaa3599d805b64510bdcb7f82b1f805b6451fb8bfaa32b1f805b4e580bdcfaa32b1f227a64516f52faa3edad805b7c510bdc25a32b1fef5b6451c4dcfaa3d4ad805bbc510bdc6ba32b1f0a5b64510bdcfaa32cd672eca2d661e2b05b931f805b64510bdcfaa32b1f80
2026-10-02 22:03:07.542 [OP] 4232 inv=FF60 len=159 #5 01afd0dcf4a32b1f4e5b6451b2dcfaa3321f805b53510bdc8d202b1f805b64510bdcfaa32b1f805b64510bdcfaa32b1f805b64510bdcfaa39b34805b64510bdcdafd2b1f805b645149e6faa32b1f805b0bb20bdcfaa32b1f4c2364516f52faa3b834805be8510bdc0ea32b1fef5b6451c4dcfaa36834805b02510bdc1ba32b1fd35b64510bdcfaa32cd672eca2d604e2b05bde1f805bdf510bdcfaa32b1f80
2026-10-02 22:03:07.542 [OP] 401B inv=FEB3 len=332 #1 8b3bad800d64510b17faa32b7207c464530bdcfa972b1f80afc6510bdcfaa32be4c65b64510bdcfae9931f805b64510bffe8a32b1f805b64bc595ab12b219f805b64510bdcfaa32b1faa5b6412b252fada2b1f802964510bac9fa32b1f805b6437fddcfaa32b1f8012f8510bdcfaa32be0c75b64510bdcfa16876c842d437f0bdcfaa32b1f805b64510bdcfaa63bad803564510b68faa32b53ca5b64510bdcfa
2026-10-02 22:03:07.562 [OUT] 0185 inv=FFF7 len=12 #2 f7ff8501dcfaa32bc8d97b81
2026-10-02 22:03:07.613 [OP] 4202 inv=FFEF len=16 #2 b7ecdcfa572b1f80f7df510b94c4a32b
2026-10-02 22:03:07.613 [OP] 4055 inv=FFF7 len=8 #2 63cdfc0bdcfaa32b
2026-10-02 22:03:12.567 [OUT] 0050 inv=FFF7 len=12 #2 f7ff5000a32b1f80857f510b
2026-10-02 22:03:12.618 [OP] 4019 inv=FF4B len=180 #3 7207c4645bd0dcfaf84a1f805d6465cacd97f0b3ff0ebd4e4de45d9109a3d00c83fd2511a2014134ff0fd206054b187404d4e50f859b29a307648034bf2e5444809b5b1832e7127c4f2a5c93f0d1851ed39941e14c382323046ebfa64f8d17a65ab7f959e9152cf92511a2014c509632bd4ed72a227f09a34b1de48c3001cd1eb00eb9d7c2c088cadcd1db2b2980bde31d01db60c7882771418a510502fa8048
2026-10-02 22:03:13.588 [OUT] 0051 inv=FFF7 len=12 #3 f7ff51005b64510b90faa32b
2026-10-02 22:03:13.698 [SYS] #ff0000#您已进入野外区域，可能遭遇玩家间的自由对战，请注意安全！#ffffff#
2026-10-02 22:03:13.750 [OP] 40E0 inv=FED1 len=302 #3 b4b252faf9061f805b64510bffe8a32b1f805b64135fdcfaa32b1f809ef8510bdcfaa32befa05b64fc0bdcfa392b1f804864510ba7e8a32bad805b64acecdcfa932b1f8033df510b17e8a32b8b805b6444c9dcfa59531f80e264510be9c4a32b384e5b648fecdcfa4f2b1f800d64510b8ffaa32b1f805b64510bdcfaa32b1f805b64510bdcfaa32b1f805b64430bdcfaa32b1f805b64510bdcfaa32b1f805b64
2026-10-02 22:03:13.752 [OP] 40E3 inv=FFCF len=48 #3 7207c464af0bdcfac32bfd80da64580b33fabc2be080956445ec6ffabf5384809fdf0b0b0022202b01cec464edd090fa
2026-10-02 22:03:13.752 [OP] 40E2 inv=FFF3 len=12 #3 63cdfc0b6ffaa32b45809564
2026-10-02 22:03:13.752 [OP] 401B inv=FEB3 len=332 #2 8b3bad800d64510b17faa32b7207c464530bdcfa972b1f80afc6510bdcfaa32be4c65b64510bdcfae9931f805b64510bffe8a32b1f805b64bc595ab12b219f805b64510bdcfaa32b1f41da4f12b252fada2b1f802964510bac9fa32b1f805b6437fddcfaa32b1f8012f8510bdcfaa32be0c75b64510bdcfa16876c842d437f0bdcfaa32b1f805b6451b1aad9a63bad803564510b68faa32b53ca5b64510bdcfa
2026-10-02 22:03:13.752 [OP] 4202 inv=FFEF len=16 #3 15ecdcfab42b1f8056df510bf5baa32b
2026-10-02 22:03:13.752 [OP] 4055 inv=FFF7 len=8 #3 63cdfc0bdcfaa32b
2026-10-02 22:03:13.770 [OUT] 0185 inv=FFF7 len=12 #3 f7ff8501dcfaa32bc8d97b81
2026-10-02 22:03:27.690 [SYS] #00FF00#1#00FFFF#分钟后逍遥村周围将掉落20个宝箱，捡取可获得意外惊喜喔！#FFFFFF#
2026-10-02 22:03:41.726 [SETTLE] exp=1 gold=199366 len=393
2026-10-02 22:04:03.487 [SETTLE] exp=1 gold=199366 len=403
2026-10-02 22:04:20.869 [SETTLE] exp=1 gold=199366 len=403
2026-10-02 22:04:44.469 [SETTLE] exp=2 gold=199366 len=393
2026-10-02 22:04:47.739 [SYS] #FF8CF8#【岚华】#00FFFF#放了一个大炮仗，在逍遥村东区周围炸出红星券，大家快来抢哟！
2026-10-02 22:05:06.779 [SETTLE] exp=1 gold=199366 len=403
2026-10-02 22:05:30.257 [SETTLE] exp=1 gold=199366 len=403
2026-10-02 22:05:52.506 [SETTLE] exp=2 gold=199366 len=403
2026-10-02 22:06:14.455 [SETTLE] exp=1 gold=199366 len=403
2026-10-02 22:06:35.760 [SETTLE] exp=1 gold=199366 len=393
2026-10-02 22:06:54.080 [SETTLE] exp=1 gold=199366 len=403
2026-10-02 22:07:18.669 [SETTLE] exp=2 gold=199366 len=403
2026-10-02 22:07:38.410 [SETTLE] exp=2 gold=199366 len=403
2026-10-02 22:08:05.402 [SETTLE] exp=1 gold=199366 len=403
2026-10-02 22:08:31.787 [SETTLE] exp=2 gold=199366 len=403
2026-10-02 22:08:53.703 [SETTLE] exp=2 gold=199366 len=403
2026-10-02 22:09:14.892 [SETTLE] exp=1 gold=199366 len=393
2026-10-02 22:09:24.419 [SYS] #FF8CF8#【岚华】#00FFFF#放了一个大炮仗，在逍遥村东区周围炸出红星券，大家快来抢哟！
2026-10-02 22:09:40.959 [SETTLE] exp=2 gold=199366 len=403
2026-10-02 22:10:03.161 [SETTLE] exp=2 gold=199366 len=393
2026-10-02 22:10:24.308 [SETTLE] exp=1 gold=199366 len=393
2026-10-02 22:10:32.571 [SYS] #FF8CF8#【岚华】#00FFFF#放了一个大炮仗，在逍遥村东区周围炸出红星券，大家快来抢哟！
2026-10-02 22:11:14.171 [SETTLE] exp=1 gold=199366 len=393
2026-10-02 22:11:39.882 [SETTLE] exp=1 gold=199366 len=403
2026-10-02 22:11:47.100 [SYS] #FF8CF8#【岚华】#00FFFF#放了一个大炮仗，在逍遥村东区周围炸出红星券，大家快来抢哟！
2026-10-02 22:12:10.663 [SETTLE] exp=1 gold=199366 len=403
2026-10-02 22:12:37.108 [SETTLE] exp=2 gold=199366 len=403
2026-10-02 22:13:02.089 [SETTLE] exp=2 gold=199366 len=393
2026-10-02 22:13:22.484 [SETTLE] exp=1 gold=199366 len=403
2026-10-02 22:13:44.744 [SETTLE] exp=1 gold=199366 len=403
2026-10-02 22:14:11.788 [SETTLE] exp=2 gold=199366 len=403
2026-10-02 22:14:36.083 [SETTLE] exp=1 gold=199366 len=403
2026-10-02 22:14:54.627 [SYS] #FF8CF8#【岚华】#00FFFF#放了一个大炮仗，在逍遥村东区周围炸出红星券，大家快来抢哟！
2026-10-02 22:15:04.873 [SETTLE] exp=2 gold=199366 len=393
2026-10-02 22:15:37.552 [SETTLE] exp=1 gold=199366 len=403
2026-10-02 22:16:03.220 [SYS] #FF8CF8#【岚华】#00FFFF#放了一个大炮仗，在逍遥村东区周围炸出红星券，大家快来抢哟！
2026-10-02 22:16:05.057 [SETTLE] exp=2 gold=199366 len=393
2026-10-02 22:16:23.697 [SETTLE] exp=2 gold=199366 len=393
2026-10-02 22:16:50.483 [SETTLE] exp=1 gold=199366 len=393
2026-10-02 22:17:12.478 [SETTLE] exp=2 gold=199366 len=393
2026-10-02 22:17:32.437 [SETTLE] exp=2 gold=199366 len=403
2026-10-02 22:17:58.452 [SETTLE] exp=2 gold=199366 len=403
2026-10-02 22:18:23.340 [SETTLE] exp=2 gold=199366 len=393
2026-10-02 22:18:49.939 [SETTLE] exp=2 gold=199366 len=403
2026-10-02 22:19:15.561 [SETTLE] exp=1 gold=199366 len=403
2026-10-02 22:19:42.074 [SETTLE] exp=1 gold=199366 len=403
2026-10-02 22:20:02.592 [SETTLE] exp=1 gold=199366 len=403
2026-10-02 22:20:30.601 [SETTLE] exp=1 gold=199366 len=393
2026-10-02 22:20:54.163 [SETTLE] exp=2 gold=199366 len=393
2026-10-02 22:20:58.837 [SYS] #FF8CF8#【岚华】#00FFFF#放了一个大炮仗，在逍遥村东区周围炸出红星券，大家快来抢哟！
2026-10-02 22:21:24.249 [SETTLE] exp=2 gold=199366 len=393
2026-10-02 22:21:50.539 [SETTLE] exp=2 gold=199366 len=403
2026-10-02 22:22:17.081 [SETTLE] exp=1 gold=199366 len=393
2026-10-02 22:22:38.452 [SETTLE] exp=1 gold=199366 len=403
2026-10-02 22:23:05.494 [SETTLE] exp=2 gold=199366 len=403
2026-10-02 22:23:08.735 [SYS] #FF8CF8#【岚华骏铭】#00FFFF#放了一个大炮仗，在逍遥村东区周围炸出红星券，大家快来抢哟！
2026-10-02 22:23:31.402 [SETTLE] exp=1 gold=199366 len=403
2026-10-02 22:23:36.451 [SYS] #FF8CF8#【岚华骏铭】#00FFFF#放了一个大炮仗，在逍遥村东区周围炸出红星券，大家快来抢哟！
2026-10-02 22:23:58.303 [SETTLE] exp=2 gold=199366 len=393
2026-10-02 22:24:25.995 [SETTLE] exp=1 gold=199366 len=403
2026-10-02 22:24:47.636 [SETTLE] exp=1 gold=199366 len=393
2026-10-02 22:25:11.417 [SETTLE] exp=2 gold=199366 len=393
2026-10-02 22:25:33.710 [SETTLE] exp=1 gold=199366 len=393
2026-10-02 22:25:56.832 [SETTLE] exp=2 gold=199366 len=393
2026-10-02 22:26:15.013 [SETTLE] exp=1 gold=199366 len=403
2026-10-02 22:26:36.507 [SETTLE] exp=2 gold=199366 len=393
2026-10-02 22:26:59.766 [SYS] #00FFFF#国庆焰火晚会开始了，冒险者可到旗台处参与燃放烟花，幸运者还可能得到稀有奖励喔！装饰国旗以及燃放烟花将在#00FF00#3#00FFFF#分钟后关闭，请冒险者抓紧时间喔！#FFFFFF#
2026-10-02 22:27:11.805 [SETTLE] exp=1 gold=199366 len=403
2026-10-02 22:27:30.959 [SYS] #FF8CF8#【岚华骏铭】#00FFFF#放了一个大炮仗，在逍遥村东区周围炸出红星券，大家快来抢哟！
2026-10-02 22:27:35.737 [SETTLE] exp=2 gold=199366 len=403
2026-10-02 22:28:01.528 [SETTLE] exp=1 gold=199366 len=403
2026-10-02 22:28:27.756 [SETTLE] exp=2 gold=199366 len=393
2026-10-02 22:28:49.135 [SETTLE] exp=1 gold=199366 len=403
2026-10-02 22:29:08.559 [SETTLE] exp=1 gold=199366 len=403
2026-10-02 22:29:32.053 [SETTLE] exp=2 gold=199366 len=393
2026-10-02 22:29:57.113 [SETTLE] exp=2 gold=199366 len=393
2026-10-02 22:29:59.760 [SYS] #00FFFF#国庆节特别活动“红旗飘飘贺国庆”以及国庆焰火晚会到此结束，谢谢各位冒险者的热情参与，祝所有冒险者国庆快乐！#FFFFFF#
2026-10-02 22:30:20.744 [SETTLE] exp=1 gold=199366 len=393
2026-10-02 22:30:37.824 [SETTLE] exp=2 gold=199366 len=393
2026-10-02 22:31:00.339 [SETTLE] exp=1 gold=199366 len=393
2026-10-02 22:31:00.509 [OP] 4210 inv=FFF3 len=12 #4 660bdcfa662b1f807aecfc0b
2026-10-02 22:31:22.657 [SETTLE] exp=1 gold=199366 len=393
2026-10-02 22:31:46.806 [SETTLE] exp=1 gold=199366 len=393
2026-10-02 22:32:20.447 [SETTLE] exp=2 gold=199366 len=403
2026-10-02 22:32:50.434 [SETTLE] exp=2 gold=199366 len=393
2026-10-02 22:33:14.404 [SETTLE] exp=2 gold=199366 len=413
2026-10-02 22:33:39.514 [SETTLE] exp=2 gold=199366 len=403
2026-10-02 22:34:03.935 [SETTLE] exp=2 gold=199366 len=393
2026-10-02 22:34:23.502 [SETTLE] exp=2 gold=199366 len=393
2026-10-02 22:34:45.260 [SETTLE] exp=1 gold=199366 len=403
2026-10-02 22:35:07.390 [SETTLE] exp=2 gold=199366 len=393
2026-10-02 22:35:28.137 [SETTLE] exp=2 gold=199366 len=393
2026-10-02 22:35:44.546 [QUESTION] {"type":"question","sock":2500,"qno":16,"field_a":88,"stem":"人们在动物园里看到的俗称\"四不象\"的动物是?","options":["1、驯兽师","2、猩猩队长","3、麋鹿","4、霸天虎"]}
2026-10-02 22:35:45.559 [UI] auto dump on question qno=16
2026-10-02 22:35:45.559 [UI] ---- window dump begin (pid 30588) ----
2026-10-02 22:35:45.569 [UI] TOP=0005062C vis=1 cls=ATL:0132F210 rc=(258,65,1298,872) title=什么什么大冒险2(①逍遥村敬老院)-伏地魔1_Sep 24 2026《什么什么大冒险》制作委员会QQ群:515616289
2026-10-02 22:35:45.569 [UI] TOP=00150022 vis=0 cls=DIEmWin rc=(-1,-1,135,38) title=DIEmWin
2026-10-02 22:35:45.591 [UI] TOP=000D0318 vis=0 cls=MSCTFIME UI rc=(0,0,0,0) title=MSCTFIME UI
2026-10-02 22:35:45.600 [UI] TOP=00060A08 vis=0 cls=IME rc=(0,0,0,0) title=Default IME
2026-10-02 22:35:45.600 [UI] TOP=000A04EE vis=0 cls=IME rc=(0,0,0,0) title=Default IME
2026-10-02 22:35:45.600 [UI] ---- window dump end ----
2026-10-02 22:35:45.744 [SETTLE] exp=1 gold=199366 len=403
2026-10-02 22:35:46.134 [SEND-ANSWER] qno=16 opt=2 ret=13 sock=2500
2026-10-02 22:35:46.185 [SYS] 测试通过！
2026-10-02 22:35:46.276 [SYS] 获得了#00FF00#100#FFF692#金币
2026-10-02 22:35:46.276 [CURRENCY] a=199366 b=1060842
2026-10-02 22:36:08.424 [SETTLE] exp=1 gold=199366 len=403
2026-10-02 22:36:08.500 [OP] 4210 inv=FFF3 len=12 #5 660bdcfaef2b1f8023ecfc0b
2026-10-02 22:36:28.774 [SETTLE] exp=2 gold=199366 len=403
2026-10-02 22:36:46.348 [SETTLE] exp=1 gold=199366 len=393
2026-10-02 22:37:14.244 [SETTLE] exp=1 gold=199366 len=403
2026-10-02 22:37:40.400 [SETTLE] exp=2 gold=199366 len=393
2026-10-02 22:38:05.785 [SETTLE] exp=1 gold=199366 len=393
2026-10-02 22:38:25.804 [SETTLE] exp=1 gold=199366 len=403
2026-10-02 22:38:47.599 [SETTLE] exp=1 gold=199366 len=403
2026-10-02 22:39:05.457 [SETTLE] exp=1 gold=199366 len=403
2026-10-02 22:39:33.660 [SETTLE] exp=1 gold=199366 len=403
2026-10-02 22:39:51.853 [SETTLE] exp=2 gold=199366 len=403
2026-10-02 22:40:18.435 [SETTLE] exp=2 gold=199366 len=393
2026-10-02 22:40:39.920 [SETTLE] exp=1 gold=199366 len=393
2026-10-02 22:41:03.748 [SETTLE] exp=2 gold=199366 len=393
2026-10-02 22:41:28.822 [SETTLE] exp=1 gold=199366 len=403
2026-10-02 22:41:47.686 [SETTLE] exp=2 gold=199366 len=393
2026-10-02 22:42:17.687 [SETTLE] exp=2 gold=199366 len=393
2026-10-02 22:42:44.530 [SETTLE] exp=2 gold=199366 len=403
2026-10-02 22:43:07.357 [SETTLE] exp=2 gold=199366 len=393
2026-10-02 22:43:33.122 [SETTLE] exp=1 gold=199366 len=393
2026-10-02 22:44:02.270 [SETTLE] exp=1 gold=199366 len=393
2026-10-02 22:44:22.713 [SETTLE] exp=2 gold=199366 len=403
2026-10-02 22:44:47.609 [SETTLE] exp=2 gold=199366 len=403
2026-10-02 22:45:10.870 [SETTLE] exp=1 gold=199366 len=403
2026-10-02 22:45:37.029 [SETTLE] exp=1 gold=199366 len=403
2026-10-02 22:45:55.282 [SETTLE] exp=2 gold=199366 len=393
2026-10-02 22:46:20.920 [SETTLE] exp=1 gold=199366 len=393
2026-10-02 22:46:46.765 [SETTLE] exp=1 gold=199366 len=393
2026-10-02 22:47:11.536 [SETTLE] exp=2 gold=199366 len=393
2026-10-02 22:47:31.277 [SETTLE] exp=1 gold=199366 len=393
2026-10-02 22:47:59.710 [SETTLE] exp=2 gold=199366 len=393
2026-10-02 22:48:31.757 [SETTLE] exp=1 gold=199366 len=403
2026-10-02 22:48:56.484 [SETTLE] exp=2 gold=199366 len=393
2026-10-02 22:49:25.844 [SETTLE] exp=1 gold=199366 len=393
2026-10-02 22:49:50.516 [SETTLE] exp=1 gold=199366 len=393
2026-10-02 22:50:13.281 [SETTLE] exp=1 gold=199366 len=403
2026-10-02 22:50:34.951 [SETTLE] exp=2 gold=199366 len=403
2026-10-02 22:51:03.255 [SETTLE] exp=2 gold=199366 len=393
2026-10-02 22:51:26.631 [SETTLE] exp=2 gold=199366 len=393
2026-10-02 22:51:48.639 [SETTLE] exp=1 gold=199366 len=393
2026-10-02 22:52:16.993 [SETTLE] exp=2 gold=199366 len=403
2026-10-02 22:52:35.762 [SETTLE] exp=1 gold=199366 len=393
2026-10-02 22:52:59.495 [SETTLE] exp=2 gold=199366 len=393
2026-10-02 22:53:24.979 [SETTLE] exp=1 gold=199366 len=403
2026-10-02 22:53:51.224 [SETTLE] exp=1 gold=199366 len=403
2026-10-02 22:54:11.221 [SETTLE] exp=1 gold=199366 len=413
2026-10-02 22:54:26.405 [SETTLE] exp=2 gold=199366 len=403
2026-10-02 22:54:50.185 [SETTLE] exp=1 gold=199366 len=393
2026-10-02 22:54:51.541 [OUT] 1F04 inv=FFF6 len=13 #2 f6ff041fce1f805bb0510bdcfa
2026-10-02 22:55:20.509 [SETTLE] exp=2 gold=199366 len=403
2026-10-02 22:55:40.568 [SETTLE] exp=1 gold=199366 len=403
2026-10-02 22:56:00.151 [SETTLE] exp=2 gold=199366 len=393
2026-10-02 22:56:27.686 [SETTLE] exp=2 gold=199366 len=393
2026-10-02 22:56:50.438 [SETTLE] exp=2 gold=199366 len=403
2026-10-02 22:57:20.293 [SETTLE] exp=2 gold=199366 len=403
2026-10-02 22:57:47.273 [SETTLE] exp=2 gold=199366 len=403
2026-10-02 22:58:13.258 [SETTLE] exp=2 gold=199366 len=393
2026-10-02 22:58:38.524 [SETTLE] exp=2 gold=199366 len=403
2026-10-02 22:58:57.942 [SETTLE] exp=1 gold=199366 len=403
2026-10-02 22:59:22.058 [SETTLE] exp=2 gold=199366 len=403
2026-10-02 22:59:43.776 [SETTLE] exp=2 gold=199366 len=413
2026-10-02 23:00:08.523 [SETTLE] exp=1 gold=199366 len=393
2026-10-02 23:00:33.279 [SETTLE] exp=2 gold=199366 len=393
2026-10-02 23:00:56.757 [SETTLE] exp=1 gold=199366 len=403
2026-10-02 23:01:21.194 [SETTLE] exp=1 gold=199366 len=393
2026-10-02 23:01:47.350 [SETTLE] exp=1 gold=199366 len=393
2026-10-02 23:02:06.696 [SETTLE] exp=2 gold=199366 len=393
2026-10-02 23:02:28.123 [SETTLE] exp=2 gold=199366 len=403
2026-10-02 23:02:56.969 [SETTLE] exp=2 gold=199366 len=393
2026-10-02 23:03:23.541 [SETTLE] exp=1 gold=199366 len=403
2026-10-02 23:03:53.224 [SETTLE] exp=2 gold=199366 len=403
2026-10-02 23:04:19.638 [SETTLE] exp=1 gold=199366 len=403
2026-10-02 23:04:45.517 [SETTLE] exp=1 gold=199366 len=393
2026-10-02 23:05:14.434 [SETTLE] exp=1 gold=199366 len=393
2026-10-02 23:05:42.737 [SETTLE] exp=2 gold=199366 len=393
2026-10-02 23:06:04.923 [SETTLE] exp=2 gold=199366 len=393
2026-10-02 23:06:25.353 [SETTLE] exp=2 gold=199366 len=403
2026-10-02 23:06:53.832 [SETTLE] exp=1 gold=199366 len=403
2026-10-02 23:07:17.856 [SETTLE] exp=2 gold=199366 len=393
2026-10-02 23:07:46.901 [SETTLE] exp=2 gold=199366 len=393
2026-10-02 23:08:09.256 [SETTLE] exp=2 gold=199366 len=393
2026-10-02 23:08:35.537 [SETTLE] exp=1 gold=199366 len=393
2026-10-02 23:09:01.429 [SETTLE] exp=2 gold=199366 len=403
2026-10-02 23:09:30.280 [SETTLE] exp=1 gold=199366 len=393
2026-10-02 23:09:54.249 [SETTLE] exp=1 gold=199366 len=403
2026-10-02 23:10:14.730 [SETTLE] exp=2 gold=199366 len=393
2026-10-02 23:10:43.989 [SETTLE] exp=2 gold=199366 len=393
2026-10-02 23:11:20.301 [SETTLE] exp=2 gold=199366 len=393
2026-10-02 23:12:10.685 [OP] E001 inv=FFAF len=80 #1 580be8a3a32b1f80b77cb9b3ebffc88a0c5c5a4da476a3a1c95ee6c51d4d2439242070384597fb57d5b3bf5f24463e3bd83dbc595ab12b219f6016897110e95497cd4a215b64d6666ffaa32b1f805b64
2026-10-02 23:12:10.820 [OP] E062 inv=FFCD len=50 #1 9564510bbafa7f3b6c1d985c5579b6947349b2274cf9bc85b1032b25a8ed96784c181874c2d4d0f1d73f332b0b7873baa880
2026-10-02 23:12:10.820 [OP] E062 inv=FFDB len=36 #2 90faa32bee80eecd052a78b83467e8a4f369c5ce4dd0cb56fef33ab76de3b664c159bf80
2026-10-02 23:12:10.821 [OP] E062 inv=FFD6 len=41 #3 ce5b64516edcc0b44bd3a4302774b37803306ed87c542e911708d8c1c6127e0648f7caa14edf3c9780
2026-10-02 23:12:10.821 [OP] E062 inv=FFBD len=66 #4 8bfaa32b2180eecd052a78b83467e8a4f369c56648a6e72307f33ab76d5c192bceebd9b1e97b6f2e14b753eb4b4c723354115f2b04230737be87299ce0ac5c311c80
2026-10-02 23:12:10.821 [OP] E062 inv=FFD2 len=45 #5 aea32b1ffc5b3eaf205bb83467e8a43005939c08e9a1339602fe15472a7ccbe7c0c371aa87299ce0ccce36a780
2026-10-02 23:12:11.120 [OP] E014 inv=FF97 len=104 #1 088880344ba7f464510bdcfaa32b1f805b64510bdcfaa32b1f805b64510bdcfaa32b1f805b64510bdcfaa32b1f805b64510bdcfaa32b1f805b64510bdcfaa32b1f805b64510bdcfaa32b1f805b64510bdcfaa32b1f805b64510bdcfaa32b1f805b64315f1a8a1dbb
2026-10-02 23:12:11.224 [OP] E004 inv=FD05 len=762 #1 7c0ba1914133409e335513f2dcfaa32b1f805b7ffd0be6faa32b1f805b64580bdcfaa32b1f805b64510b696479020e0f840a2913dcfaa32b1f805b26fdecc4faa32b1f805b64580bdcfaa32b1f805b64510be4ea9330b118f464510bdcfaa32b1f805b6451ec3bfaa32b1f805b647ffd52faa32b1f805b64510b62e250491f805b64510bdcfaa32b1f805b6451ecdcfaa32b1f805b64415f52faa32b1f805b64
2026-10-02 23:12:40.049 [CLOSE] main sock 2500 closed
2026-10-02 23:14:31.175 [CLOSE] main sock 4294967295 closed
2026-10-02 23:14:31.602 [CLOSE] main sock 4294967295 closed
2026-10-02 23:14:32.017 [CLOSE] main sock 4294967295 closed
2026-10-02 23:14:32.017 [CLOSE] main sock 4294967295 closed
2026-10-02 23:14:32.088 [INIT] dll unloaded
