2026-10-03 15:48:02.574 [INIT] dll loaded, pid=13948 (pure network mode)
2026-10-03 15:48:02.574 [INIT] codec loaded OK
2026-10-03 15:48:02.574 [INIT] iat hooks: recv=1 send=1 WSASend=1 connect=1 closesocket=1
2026-10-03 15:48:02.879 [PIPE] controller connected
2026-10-03 15:48:09.049 [CONNECT] sock 2504 -> port 8484
2026-10-03 15:48:10.935 [CONNECT] sock 2720 -> port 8485
2026-10-03 15:48:10.984 [MAIN-SOCK] identified game world sock 2720 (WSASend op=F001)
2026-10-03 15:50:00.034 [SYS] #00FFFF#尊敬的冒险者们，今天是#FFFF00#力量之日#00FFFF#！#FFFF00#力量卡片#00FFFF#和少量稀有卡片已经散落在了梦境世界的各个角落，等待着它们的主人！赶快战斗吧，去寻找属于你的卡片！
2026-10-03 15:51:00.087 [SYS] #00FFFF#活动中获得的卡片可以在#00FF00#龙之都#00FFFF#的#FF0000#奥里雷西亚女士#00FFFF#处兑换其它卡片或者收藏品；打开锁着的藏宝箱得到的#FFFF00#武器大师礼券#00FFFF#可以在#00FF00#龙之都#00FFFF#的#FF0000#哼哼先生#00FFFF#处兑换锻造金色武器的原料。
2026-10-03 15:51:25.075 [SETTLE] exp=1 gold=199367 len=393
2026-10-03 15:51:47.824 [SETTLE] exp=1 gold=199367 len=393
2026-10-03 15:52:18.017 [SETTLE] exp=1 gold=199367 len=393
2026-10-03 15:52:45.371 [SETTLE] exp=2 gold=199367 len=403
2026-10-03 15:53:14.333 [SETTLE] exp=1 gold=199367 len=393
2026-10-03 15:53:40.027 [SETTLE] exp=2 gold=199367 len=393
2026-10-03 15:54:05.872 [SETTLE] exp=1 gold=199367 len=393
2026-10-03 15:54:33.822 [SETTLE] exp=2 gold=199367 len=393
2026-10-03 15:55:06.131 [SETTLE] exp=1 gold=199367 len=393
2026-10-03 15:55:29.466 [SETTLE] exp=2 gold=199367 len=393
2026-10-03 15:56:17.953 [SETTLE] exp=2 gold=199367 len=393
2026-10-03 15:56:43.301 [SETTLE] exp=2 gold=199367 len=403
2026-10-03 15:57:11.027 [SETTLE] exp=1 gold=199367 len=393
2026-10-03 15:57:36.264 [SETTLE] exp=1 gold=199367 len=393
2026-10-03 15:58:04.761 [SETTLE] exp=1 gold=199367 len=393
2026-10-03 15:58:32.779 [SETTLE] exp=2 gold=199367 len=393
2026-10-03 15:59:02.558 [SETTLE] exp=2 gold=199367 len=393
2026-10-03 15:59:29.901 [SETTLE] exp=2 gold=199367 len=393
2026-10-03 15:59:52.624 [SETTLE] exp=2 gold=199367 len=393
2026-10-03 16:00:00.037 [SYS] #00FFFF#尊敬的冒险者们，今天是#FFFF00#力量之日#00FFFF#！#FFFF00#力量卡片#00FFFF#和少量稀有卡片已经散落在了梦境世界的各个角落，等待着它们的主人！赶快战斗吧，去寻找属于你的卡片！
2026-10-03 16:00:00.721 [SYS] 许愿池里多了一批新礼物，赶紧来许愿吧~
2026-10-03 16:00:34.220 [SETTLE] exp=1 gold=199367 len=403
2026-10-03 16:01:00.032 [SYS] #00FFFF#活动中获得的卡片可以在#00FF00#龙之都#00FFFF#的#FF0000#奥里雷西亚女士#00FFFF#处兑换其它卡片或者收藏品；打开锁着的藏宝箱得到的#FFFF00#武器大师礼券#00FFFF#可以在#00FF00#龙之都#00FFFF#的#FF0000#哼哼先生#00FFFF#处兑换锻造金色武器的原料。
2026-10-03 16:01:00.904 [SETTLE] exp=2 gold=199367 len=393
2026-10-03 16:01:30.020 [SETTLE] exp=1 gold=199367 len=393
2026-10-03 16:01:57.214 [SETTLE] exp=2 gold=199367 len=393
2026-10-03 16:02:23.584 [SETTLE] exp=1 gold=199367 len=393
2026-10-03 16:03:04.475 [SETTLE] exp=1 gold=199367 len=393
2026-10-03 16:03:34.804 [SETTLE] exp=1 gold=199367 len=393
2026-10-03 16:03:58.888 [SETTLE] exp=1 gold=199367 len=393
2026-10-03 16:04:31.143 [SETTLE] exp=1 gold=199367 len=393
2026-10-03 16:04:58.248 [SETTLE] exp=1 gold=199367 len=393
2026-10-03 16:05:26.791 [SETTLE] exp=1 gold=199367 len=393
2026-10-03 16:05:55.652 [SETTLE] exp=1 gold=199367 len=393
2026-10-03 16:06:21.774 [SETTLE] exp=1 gold=199367 len=393
2026-10-03 16:07:03.125 [SETTLE] exp=2 gold=199367 len=393
2026-10-03 16:07:28.772 [SETTLE] exp=2 gold=199367 len=393
2026-10-03 16:07:58.981 [SETTLE] exp=2 gold=199367 len=393
2026-10-03 16:08:25.028 [SETTLE] exp=1 gold=199367 len=393
2026-10-03 16:08:58.712 [SETTLE] exp=2 gold=199367 len=393
2026-10-03 16:09:30.995 [SETTLE] exp=2 gold=199367 len=393
2026-10-03 16:10:00.037 [SYS] #00FFFF#尊敬的冒险者们，今天是#FFFF00#力量之日#00FFFF#！#FFFF00#力量卡片#00FFFF#和少量稀有卡片已经散落在了梦境世界的各个角落，等待着它们的主人！赶快战斗吧，去寻找属于你的卡片！
2026-10-03 16:10:00.428 [SETTLE] exp=2 gold=199367 len=393
2026-10-03 16:10:29.481 [SETTLE] exp=2 gold=199367 len=393
2026-10-03 16:11:00.041 [SYS] #00FFFF#活动中获得的卡片可以在#00FF00#龙之都#00FFFF#的#FF0000#奥里雷西亚女士#00FFFF#处兑换其它卡片或者收藏品；打开锁着的藏宝箱得到的#FFFF00#武器大师礼券#00FFFF#可以在#00FF00#龙之都#00FFFF#的#FF0000#哼哼先生#00FFFF#处兑换锻造金色武器的原料。
2026-10-03 16:11:09.883 [SETTLE] exp=2 gold=199367 len=393
2026-10-03 16:11:52.274 [SETTLE] exp=1 gold=199367 len=393
2026-10-03 16:12:19.376 [SETTLE] exp=1 gold=199367 len=393
2026-10-03 16:12:44.502 [SETTLE] exp=1 gold=199367 len=393
2026-10-03 16:13:05.976 [SETTLE] exp=1 gold=199367 len=393
2026-10-03 16:13:32.130 [SETTLE] exp=2 gold=199367 len=393
2026-10-03 16:13:56.887 [SETTLE] exp=1 gold=199367 len=393
2026-10-03 16:14:23.428 [SETTLE] exp=1 gold=199367 len=393
2026-10-03 16:14:50.561 [SETTLE] exp=2 gold=199367 len=393
2026-10-03 16:15:18.839 [SETTLE] exp=2 gold=199367 len=393
2026-10-03 16:15:51.141 [SETTLE] exp=1 gold=199367 len=393
2026-10-03 16:16:20.600 [SETTLE] exp=1 gold=199367 len=393
2026-10-03 16:16:59.617 [SETTLE] exp=1 gold=199367 len=393
2026-10-03 16:17:30.600 [SETTLE] exp=2 gold=199367 len=393
2026-10-03 16:17:59.429 [SETTLE] exp=2 gold=199367 len=393
2026-10-03 16:18:21.273 [SETTLE] exp=2 gold=199367 len=393
2026-10-03 16:18:54.320 [SETTLE] exp=2 gold=199367 len=393
2026-10-03 16:19:20.376 [SETTLE] exp=1 gold=199367 len=393
2026-10-03 16:19:42.393 [SETTLE] exp=1 gold=199367 len=393
2026-10-03 16:20:00.040 [SYS] #00FFFF#尊敬的冒险者们，今天是#FFFF00#力量之日#00FFFF#！#FFFF00#力量卡片#00FFFF#和少量稀有卡片已经散落在了梦境世界的各个角落，等待着它们的主人！赶快战斗吧，去寻找属于你的卡片！
2026-10-03 16:20:20.210 [SETTLE] exp=1 gold=199367 len=393
2026-10-03 16:20:47.023 [SETTLE] exp=1 gold=199367 len=393
2026-10-03 16:21:00.054 [SYS] #00FFFF#活动中获得的卡片可以在#00FF00#龙之都#00FFFF#的#FF0000#奥里雷西亚女士#00FFFF#处兑换其它卡片或者收藏品；打开锁着的藏宝箱得到的#FFFF00#武器大师礼券#00FFFF#可以在#00FF00#龙之都#00FFFF#的#FF0000#哼哼先生#00FFFF#处兑换锻造金色武器的原料。
2026-10-03 16:21:27.465 [SETTLE] exp=1 gold=199367 len=393
2026-10-03 16:22:05.880 [SETTLE] exp=1 gold=199367 len=393
2026-10-03 16:22:45.879 [SETTLE] exp=2 gold=199367 len=393
2026-10-03 16:23:16.587 [SETTLE] exp=1 gold=199367 len=393
2026-10-03 16:23:40.781 [SETTLE] exp=1 gold=199367 len=393
2026-10-03 16:24:08.225 [SETTLE] exp=1 gold=199367 len=393
2026-10-03 16:27:55.275 [SETTLE] exp=2 gold=199367 len=393
2026-10-03 16:28:32.224 [SETTLE] exp=2 gold=199367 len=393
2026-10-03 16:29:29.862 [SETTLE] exp=1 gold=199367 len=393
2026-10-03 16:29:55.977 [SETTLE] exp=2 gold=199367 len=393
2026-10-03 16:30:00.051 [SYS] #00FFFF#尊敬的冒险者们，今天是#FFFF00#力量之日#00FFFF#！#FFFF00#力量卡片#00FFFF#和少量稀有卡片已经散落在了梦境世界的各个角落，等待着它们的主人！赶快战斗吧，去寻找属于你的卡片！
2026-10-03 16:30:29.199 [SETTLE] exp=1 gold=199367 len=393
2026-10-03 16:31:00.048 [SYS] #00FFFF#活动中获得的卡片可以在#00FF00#龙之都#00FFFF#的#FF0000#奥里雷西亚女士#00FFFF#处兑换其它卡片或者收藏品；打开锁着的藏宝箱得到的#FFFF00#武器大师礼券#00FFFF#可以在#00FF00#龙之都#00FFFF#的#FF0000#哼哼先生#00FFFF#处兑换锻造金色武器的原料。
2026-10-03 16:31:03.955 [SETTLE] exp=2 gold=199367 len=403
2026-10-03 16:31:32.987 [SETTLE] exp=2 gold=199367 len=393
2026-10-03 16:32:02.483 [SETTLE] exp=1 gold=199367 len=393
2026-10-03 16:32:40.012 [SETTLE] exp=1 gold=199367 len=393
2026-10-03 16:33:20.845 [SETTLE] exp=1 gold=199367 len=393
2026-10-03 16:33:50.323 [SETTLE] exp=2 gold=199367 len=393
2026-10-03 16:34:29.291 [SETTLE] exp=1 gold=199367 len=393
2026-10-03 16:35:00.260 [SETTLE] exp=2 gold=199367 len=393
2026-10-03 16:35:28.413 [SETTLE] exp=2 gold=199367 len=393
2026-10-03 16:36:01.346 [SETTLE] exp=2 gold=199367 len=393
2026-10-03 16:36:30.706 [SETTLE] exp=2 gold=199367 len=393
2026-10-03 16:36:57.916 [SETTLE] exp=1 gold=199367 len=393
2026-10-03 16:37:32.494 [SETTLE] exp=2 gold=199367 len=393
2026-10-03 16:38:00.469 [SETTLE] exp=1 gold=199367 len=393
2026-10-03 16:38:33.628 [SETTLE] exp=1 gold=199367 len=393
2026-10-03 16:39:02.430 [SETTLE] exp=2 gold=199367 len=393
2026-10-03 16:39:28.791 [SETTLE] exp=1 gold=199367 len=393
2026-10-03 16:40:00.046 [SYS] #00FFFF#尊敬的冒险者们，今天是#FFFF00#力量之日#00FFFF#！#FFFF00#力量卡片#00FFFF#和少量稀有卡片已经散落在了梦境世界的各个角落，等待着它们的主人！赶快战斗吧，去寻找属于你的卡片！
2026-10-03 16:40:01.874 [SETTLE] exp=2 gold=199367 len=393
2026-10-03 16:40:30.302 [SETTLE] exp=1 gold=199367 len=393
2026-10-03 16:41:00.155 [SYS] #00FFFF#活动中获得的卡片可以在#00FF00#龙之都#00FFFF#的#FF0000#奥里雷西亚女士#00FFFF#处兑换其它卡片或者收藏品；打开锁着的藏宝箱得到的#FFFF00#武器大师礼券#00FFFF#可以在#00FF00#龙之都#00FFFF#的#FF0000#哼哼先生#00FFFF#处兑换锻造金色武器的原料。
2026-10-03 16:41:15.904 [SETTLE] exp=2 gold=199367 len=393
2026-10-03 16:41:47.561 [SETTLE] exp=1 gold=199367 len=393
2026-10-03 16:42:19.555 [SETTLE] exp=2 gold=199367 len=393
2026-10-03 16:42:49.621 [SETTLE] exp=1 gold=199367 len=393
