2026-10-01 17:35:37.695 [INIT] dll loaded, pid=14032
2026-10-01 17:35:37.695 [INIT] codec loaded OK
2026-10-01 17:35:37.695 [INIT] iat hooks: recv=1 send=1 WSASend=1 connect=1 closesocket=1
2026-10-01 17:36:02.421 [PIPE] controller connected
2026-10-01 17:37:25.530 [SYS] 物品栏满
2026-10-01 17:37:48.456 [SYS] 物品栏满
2026-10-01 17:40:48.570 [SYS] 物品栏满
2026-10-01 17:41:41.698 [SYS] 物品栏已满！
2026-10-01 17:42:51.108 [SYS] 物品栏满
2026-10-01 17:43:34.601 [SYS] 物品栏满
2026-10-01 17:45:16.512 [SYS] 物品栏满
2026-10-01 17:46:05.410 [SYS] 物品栏满
2026-10-01 17:47:31.329 [SYS] 神圣而伟大的#FF8CF8#朝简#FFF692#上线了，大家快来膜拜哟！！！
2026-10-01 17:48:04.993 [SYS] 物品栏满
2026-10-01 17:48:11.654 [QUESTION] {"type":"question","sock":2376,"qno":20,"field_a":105,"stem":"人们平时所说的“煤气中毒”是因为哪种有害气体吸入过多而引起的？","options":["1、二手烟","2、一氧化碳","3、生气","4、屁"]}
2026-10-01 17:48:56.646 [SYS] 测试通过！
2026-10-01 17:48:56.736 [SYS] 获得了#00FF00#100#FFF692#金币
2026-10-01 17:48:56.736 [CURRENCY] a=201785 b=100496
2026-10-01 17:49:05.696 [QUESTION] {"type":"question","sock":2376,"qno":2,"field_a":74,"stem":"地球公转的方向是怎样的?","options":["1、上下蹦","2、左右晃悠","3、社会摇","4、自西向东"]}
2026-10-01 17:51:24.212 [SYS] 物品栏满
2026-10-01 17:51:48.900 [SYS] 物品栏满
2026-10-01 17:52:14.056 [SYS] 物品栏满
2026-10-01 17:52:59.179 [SYS] 物品栏满
2026-10-01 17:54:01.345 [PIPE] controller disconnected
2026-10-01 17:54:03.358 [PIPE] controller connected
2026-10-01 17:54:12.228 [SYS] 物品栏满
2026-10-01 17:54:58.214 [SYS] 物品栏满
2026-10-01 17:55:08.805 [PIPE] controller disconnected
2026-10-01 17:55:20.950 [SYS] 物品栏满
2026-10-01 17:55:21.038 [SYS] 获得了#00FF00#1#FFF692#个#64FF7D#碧玉葫芦
2026-10-01 17:57:15.354 [SYS] 物品栏满
2026-10-01 17:59:53.800 [SYS] 物品栏满
2026-10-01 18:00:01.425 [PIPE] controller connected
2026-10-01 18:01:45.848 [SYS] 物品栏满
2026-10-01 18:01:56.922 [SYS] #FFF692#恭喜#FF8CF8#睡神本神#FFF692#在#00C8F8#国庆福袋#FFF692#中获得了#64FF7D#传说骑士的佩剑
2026-10-01 18:01:59.134 [SYS] #FFF692#恭喜#FF8CF8#睡神本神#FFF692#在#00C8F8#国庆福袋#FFF692#中获得了#64FF7D#古老的袖里剑
2026-10-01 18:02:08.307 [SYS] 物品栏满
2026-10-01 18:02:19.263 [SYS] #FFF692#恭喜#FF8CF8#睡神本神#FFF692#在#00C8F8#国庆福袋#FFF692#中获得了#64FF7D#宠物印记
2026-10-01 18:02:29.133 [SYS] 物品栏满
2026-10-01 18:02:31.738 [SYS] #FFF692#恭喜#FF8CF8#睡神本神#FFF692#在#00C8F8#国庆福袋#FFF692#中获得了#64FF7D#魔法命运骰子
2026-10-01 18:02:49.932 [SYS] 物品栏满
2026-10-01 18:03:59.726 [SYS] 物品栏满
2026-10-01 18:04:25.161 [SYS] 物品栏满
2026-10-01 18:05:08.645 [SYS] 物品栏满
2026-10-01 18:05:29.748 [SYS] 物品栏已满！
2026-10-01 18:07:34.760 [SYS] 物品栏满
2026-10-01 18:09:44.393 [SYS] 测试通过！
2026-10-01 18:09:44.475 [SYS] 获得了#00FF00#100#FFF692#金币
2026-10-01 18:09:44.475 [CURRENCY] a=201785 b=100596
2026-10-01 18:10:24.698 [PIPE] controller disconnected
2026-10-01 18:10:33.103 [PIPE] controller connected
2026-10-01 18:13:44.191 [SYS] 物品栏满
2026-10-01 18:15:30.086 [INIT] dll unloaded
