2026-10-01 23:45:13.988 [INIT] dll loaded, pid=33128
2026-10-01 23:45:13.988 [INIT] codec loaded OK
2026-10-01 23:45:13.989 [INIT] iat hooks: recv=1 send=1 WSASend=1 connect=1 closesocket=1
2026-10-01 23:45:13.992 [OV] overlay window ready
2026-10-01 23:45:14.042 [OP] 4109 inv=FD27 len=728 #1 7b8052faf82ba5ca5b37510bdcfaa32bca805b640b0b0022202bf7ce1c53410b6ffaa32bb7ef5b64b2afdcfaa3931f805b64510bafc4a32b53805b64510bdcfaa32b1f80d1df510be7faa32b1f805b64510bdcfaf82b1f80a76f510b8b02f82b1faa5b645152aa7671531f807464510bdcfaa32b1f805b64580bdcfab6ce1f801c7a0e0bdcc4a32b1f9c49645decdcfa4f2b1f805b64510bdcfaa32bca805b64
2026-10-01 23:45:14.087 [PIPE] controller connected
2026-10-01 23:45:14.133 [OP] 4105 inv=FFFE len=1 #1 6d
2026-10-01 23:45:14.133 [OP] 4104 inv=FFFB len=4 #1 0fd21fd1
2026-10-01 23:45:14.134 [OP] 4110 inv=FFFD len=2 #1 b42b
2026-10-01 23:45:14.135 [OP] 4111 inv=FFFD len=2 #1 a164
2026-10-01 23:45:14.135 [OP] 4104 inv=FFFA len=5 #2 72c4980980
2026-10-01 23:45:14.135 [OP] 4104 inv=FFFA len=5 #3 7727c959aa
2026-10-01 23:45:14.135 [OP] 4112 inv=FFFD len=2 #1 90c4
2026-10-01 23:45:14.135 [OP] 4104 inv=FFFA len=5 #4 77278c59ce
2026-10-01 23:45:14.135 [OP] 4104 inv=FFFA len=5 #5 7727c95912
2026-10-01 23:45:14.358 [OP] 4106 inv=FFFC len=3 #1 98207d
2026-10-01 23:45:15.464 [OP] 4105 inv=FFFE len=1 #2 fd
2026-10-01 23:45:15.554 [OP] 4109 inv=FE1B len=484 #2 c787c464580b8fcaa32b1f805b64510b6ffaa32ba580ea7f0b0b0022fd24c7809564510baeaea32b9d775b64517fdcfaa3de1f8062df510b06faa32b1f805b64510bdcfa71531f803164510bdcfaa32b1f805b64580bdcfab6ce1f801cb0580bdcfaa32b1f805b64580bdcfab6ce1f801cb0fc0bdcc4a32b1f805b645decdcfad82b1f805b64510bdcfaa32bca805b645fc4dcfafded9d805bdf510bdcc4db2b
2026-10-01 23:45:15.651 [OP] 4111 inv=FFFD len=2 #2 5764
2026-10-01 23:45:15.652 [OP] 4112 inv=FFFD len=2 #2 dcc4
2026-10-01 23:45:15.652 [OP] 4112 inv=FFFD len=2 #3 52c4
2026-10-01 23:45:15.653 [OP] 4112 inv=FFFD len=2 #4 8bc4
2026-10-01 23:45:15.653 [OP] 4112 inv=FFFD len=2 #5 6ac4
2026-10-01 23:45:15.653 [OP] 4106 inv=FFFD len=2 #2 a37c
2026-10-01 23:45:16.896 [OP] 4109 inv=FF5B len=164 #3 215dad80956458d0dc47a32b1f805b64580bdcfa722b6fef6e6401c452fab72bca805b64dfb2dcfa397cca805bdf510bdcc4a32b92aa5b64c30bdcfaa32b1f805b64510b7acaa32b09075b64fc0b6ffaa3531f807fdf510bb522a32b1f805b64510bdcfa70bb1f80c5cd510b52faf82b1faa5b6477ecdcfabc531f805b64510bdcfaa32bf4075b64cdb2dcfaa378ca805bdf510b32c4a32bca805b64510bdcfa
2026-10-01 23:45:16.995 [OP] 4111 inv=FFFD len=2 #3 2764
2026-10-01 23:45:21.027 [OUT] 1F51 inv=FFFF len=4 #1 ffff511f
2026-10-01 23:45:21.072 [OP] 4F52 inv=FFFF len=0 #1 
2026-10-01 23:45:21.601 [OP] 472A inv=FE6C len=403 #1 c6d8de1f547a64510bdcfaa32b1f805b64510bdcebd82b1f805b6451d5dcfaa3bcad805b64510bdc22232b1f805b645153dcfaa32b1f805bb5570bdcfaa32b1f794164510bdcfaa32b1f805b64510bdcfaa32b1f805b64510bdcfaa32b1f805b64510bdcfaa32b1f805b64510bdcfaa32b1f805b64510bdcfaa32b1f805b64510bdcfaa32b1f805b64510bdc7af82b1f2c5b6451f16ffaa3ccca805b5c510bdc
2026-10-01 23:45:21.690 [OP] 42CE inv=FFFB len=4 #1 c87f510b
2026-10-01 23:45:21.690 [OP] 4211 inv=FFF6 len=9 #1 aa5b64515ca722a34a
2026-10-01 23:45:21.690 [OP] 4211 inv=FFF6 len=9 #2 aa5b6451af3e22a34a
2026-10-01 23:45:21.690 [OP] 4211 inv=FFF6 len=9 #3 aa5b6451cd3e22a34a
2026-10-01 23:45:21.690 [OP] 4211 inv=FFF6 len=9 #4 aa5b645134a722a34a
2026-10-01 23:45:21.794 [OP] 47C0 inv=FFCF len=48 #1 7cdffd34059ff824388c2853127cc6c420953cabc362c0fd6fe0b9bbd78ce8da31ec90fcb4703ce8add958b1cdc2e8bb
2026-10-01 23:45:21.795 [OP] 47C0 inv=FFD8 len=39 #2 b39526127cc6c420953cabc362c0fd6fe0b9bbd78ce8da31ec90fcb4703ce8add958b1cdc2e8bb
2026-10-01 23:45:21.795 [OP] 47C0 inv=FFE1 len=30 #3 0faac462c0fd6fe0b9bbd78ce8da31ec90fcb4703ce8add958b1cdc2e8bb
2026-10-01 23:45:21.795 [OP] 47C0 inv=FFEA len=21 #4 51cac7e8da31ec90fcb4703ce8add958b1cdc2e8bb
2026-10-01 23:45:21.795 [OP] 47C0 inv=FFF3 len=12 #5 0253cae8add958b1cdc2e8bb
2026-10-01 23:45:27.781 [OP] 4100 inv=FFF9 len=6 #1 98aa6d264dec
2026-10-01 23:45:27.875 [OP] 4613 inv=FF57 len=168 #1 fc65d6b23ed9cdaa95dfde5038ca0bb0ca543c0a49e3a4663153caaa9535debfdcfaf853caaa02c680ec1ec4972b59805b64830b6fc4a324415c9052e7617afaa32b60740edf0bb26fc4f853caaa95df58ec6fc4f82b1faa95df58520251f851cad45bf8510bdce8a32b1f8040e5eac88d7f152b1f808a2023ece6c2f853caaa95df58ec6fc4f853ca805bdf58ec6f5a7205cab39566517f8325a3931f805b64
2026-10-01 23:45:27.875 [OP] 4101 inv=FBFD len=1026 #1 7b8052faa32b1f805b64510b155a4e781f805b64510bdcfaa32b1f805b64510bdcfaa32b1f805b64fbb28b53a32b45ca5b64510bdcfac37c1f805b64510bdcfaa32b1f805b6412b252fa392b1f805b64510bb2dca32bd13b5b64cb7fdcfa5acb1f807b81a552155a4e78c8d97b81530bdcfa4e78c8d995b0bc595ab12b21ac805b64510bdcfaa32b1fe96e64510bdcfaa3c229805b64510bdcfaa32b1f805b64
2026-10-01 23:45:27.954 [OUT] 1F51 inv=FFFF len=4 #2 ffff511f
2026-10-01 23:45:27.999 [OP] 4F52 inv=FFFF len=0 #2 
2026-10-01 23:45:28.863 [OUT] 1001 inv=FFF9 len=10 #1 f9ff01101f805b64510b
2026-10-01 23:45:29.011 [OP] 4211 inv=FFF6 len=9 #5 aa5b64511b3e22a34a
2026-10-01 23:45:29.104 [OP] 4108 inv=FFE3 len=28 #1 c787c464510bdcfa2153c8d9d8f8510bce4051421f805b64510bdcfa
2026-10-01 23:45:29.104 [OP] 4108 inv=FFE3 len=28 #2 c787c464510bdcfa4d531f80d8f8510bce4051ed1f805b64510bdcfa
2026-10-01 23:45:29.104 [OP] 4108 inv=FFF3 len=12 #3 5e0e392b1f805b64510bdcfa
2026-10-01 23:45:29.104 [OP] 4108 inv=FFF3 len=12 #4 5e0e392b1f805b64580bdcfa
2026-10-01 23:45:29.104 [OP] 4108 inv=FFF3 len=12 #5 5e0e392b1f805b640e0b155a
2026-10-01 23:45:31.022 [OP] EFFE inv=FFFE len=1 #1 0b
2026-10-01 23:45:31.222 [OP] 4105 inv=FFFE len=1 #3 c0
2026-10-01 23:45:31.223 [OP] 4105 inv=FFFE len=1 #4 af
2026-10-01 23:45:31.326 [OP] 4106 inv=FFFC len=3 #3 e546ed
2026-10-01 23:45:31.326 [OP] 4106 inv=FFFC len=3 #4 b1fdcb
2026-10-01 23:45:31.418 [OP] 4105 inv=FFFE len=1 #5 0c
2026-10-01 23:45:31.510 [OP] 4109 inv=FFB7 len=72 #4 c787c464517f6fc4a3cb1f805b64510b07faa32ba5775b6f87b1dcfa40ce1f8057080e0b07faa32b39125b640ed55efaa32b1f805bdf510b8222a32b39125b64080b5efaa32b1f80
2026-10-01 23:45:31.606 [OP] 4106 inv=FFFD len=2 #5 f824
2026-10-01 23:45:31.607 [OP] 4111 inv=FFFD len=2 #4 4064
2026-10-01 23:45:32.915 [OP] 4109 inv=FFB7 len=72 #5 c787c464517f6fc4a3931f805b64510b07faa32b9d105b6487b1dcfa40ce1f80c0260e7f07faa32b39125b640eb166faa32b1f805b64510b8222a32b39125b64080b66faa32b1f80
2026-10-01 23:45:33.017 [OP] 4111 inv=FFFD len=2 #5 1c64
2026-10-01 23:45:34.229 [OP] 4612 inv=FFEF len=16 #1 c464510ba305db2b42159464420490fa
2026-10-01 23:45:34.229 [OP] 4612 inv=FFF3 len=12 #2 90faa32b42159464420490fa
2026-10-01 23:45:34.229 [OP] 4612 inv=FFF7 len=8 #3 ca805b64420490fa
2026-10-01 23:45:34.567 [OP] 46FE inv=FFFF len=0 #1 
2026-10-01 23:45:37.235 [OP] 4613 inv=FF57 len=168 #2 fc65d6b23ed9cdaa95dfde5038ca0bb0ca543c0a49e3a4663153caaa9535debfdcfaf853ca8002c680ec1ec4972b595b5b64830b6fc4a324415c9052e7617afaa32b60740edf0bb26fc4f853caaa95df58ec6fc4f82b1faa95df51520251f851cad45bf84320dce8a32b1f8040e5eac88d7f152b1f808a2023ece6c2f853caaa95df58ec6fc4f853ca805bdf58ecdc5a7205cab39566517f52faa3931f805b64
2026-10-01 23:45:37.235 [OP] 4613 inv=FF98 len=103 #3 9360740edf0bb26fc4f853caaa95df58ec6fc4f82b1faa95df51520251f851cad45bf84320dce8a32b1f8040e5eac88d7f152b1f808a2023ece6c2f853caaa95df58ec6fc4f853ca805bdf58ecdc5a7205cab39566517f52faa3931f805b64b2e9ef6c702b1f80
2026-10-01 23:45:37.235 [OP] 4613 inv=FFCC len=51 #4 aa8a2023ece6c2f853caaa95df58ec6fc4f853ca805bdf58ecdc5a7205cab39566517f52faa3931f805b64b2e9ef6c702b1f80
2026-10-01 23:45:38.015 [OUT] 1F51 inv=FFFF len=4 #3 ffff511f
2026-10-01 23:45:38.064 [OP] 4F52 inv=FFFF len=0 #3 
2026-10-01 23:45:38.236 [OP] 4612 inv=FFF3 len=12 #4 90faa32b81e29464420490fa
2026-10-01 23:45:38.236 [OP] 4612 inv=FFF7 len=8 #5 ca805b64420490fa
2026-10-01 23:45:41.149 [OUT] 1004 inv=FFF3 len=16 #1 f3ff04104df3f22b59802364510bdcfa
2026-10-01 23:45:41.244 [OP] 4110 inv=FFFD len=2 #2 b42b
2026-10-01 23:45:41.395 [OP] F005 inv=FFE7 len=24 #1 26b35c3828d7fb2b1f805b64510bdcfaa3de1f80c8e04db2
2026-10-01 23:45:42.859 [OP] F005 inv=FFE7 len=24 #2 ed3572a4e10f854d1f805b64510bdcfaa3de1f808e8bb86a
2026-10-01 23:45:47.475 [OP] 472A inv=FE6C len=403 #2 c6d8de1fa82364510bdcfaa32b1f805b64510bdc67872b1f805b6451d5dcfaa313ad805b64510bdc22232b1f805b645153dcfaa32b1f805bb5570bdcfaa32b1f794164510bdcfaa32b1f805b64510bdcfaa32b1f805b64510bdcfaa32b1f805b64510bdcfaa32b1f805b64510bdcfaa32b1f805b64510bdcfaa32b1f805b64510bdcfaa32b1f805b64510bdc7af82b1f2c5b6451f16ffaa3ccca805bc7580bdc
2026-10-01 23:45:47.569 [OP] 42CE inv=FFFB len=4 #2 c87f510b
2026-10-01 23:45:48.777 [OP] 4613 inv=FF57 len=168 #5 fc65d6b23ed9cdaa95dfde5038ca0bb0ca543c0a49e3a4663153caaa9535debfdcfaf853ca80e6c62eec1ec4972b591c3a64830b6fc4a324415c9052e7617afaa32b60740edf0bb26fc4f853caaa95df58ec6fc4f82b1faa95df512b02fbf851cad45bf86219dce8a32b1f8040e5eac88d7f152b1f808a2023ece6c2f853caaa95df58ec6fc4f853ca805bdf58ecdc2f721acab39566517fc6faa3931f805b64
2026-10-01 23:45:51.571 [OP] 4100 inv=FFF9 len=6 #2 98aa1e26c0ec
2026-10-01 23:45:51.697 [OUT] 1F51 inv=FFFF len=4 #4 ffff511f
2026-10-01 23:45:51.742 [OP] 4F52 inv=FFFF len=0 #4 
2026-10-01 23:45:51.837 [OP] 4101 inv=FC6D len=914 #2 215dad805b64510bdcfaa32bc8d97b81510bdcfaa32b1f805b64510bdcfaa32b1f805b64510bdcfa5f3b9d4e5b6437fddcfaa32b1f80b1d9510bdcfaa32b1f805b64510bdcfa603bad80c464510bdcfaa32bf6455b645943dcfa83931f80807a510b155a4e78c8d97b81a552155ada2b1f807b81a5526fc616876c842d437f0bdcfaa32b1f805b6451ae02faa32b1f805bd82d0bdcfaa32b1f805b64510bdcfa
2026-10-01 23:45:52.648 [OUT] 1001 inv=FFF9 len=10 #2 f9ff01101f805b64510b
2026-10-01 23:45:53.047 [OP] EFFE inv=FFFE len=1 #2 0b
2026-10-01 23:45:59.800 [OUT] 1004 inv=FFF3 len=16 #2 f3ff04104df3f22b59802364510bdcfa
2026-10-01 23:45:59.921 [OP] 4110 inv=FFFD len=2 #3 b42b
2026-10-01 23:46:01.772 [OUT] 1F51 inv=FFFF len=4 #5 ffff511f
2026-10-01 23:46:01.818 [OP] 4F52 inv=FFFF len=0 #5 
2026-10-01 23:46:04.067 [OP] EFFE inv=FFFE len=1 #3 0b
2026-10-01 23:46:04.764 [OP] 46FE inv=FFFF len=0 #2 
2026-10-01 23:46:06.066 [OP] 472A inv=FE76 len=393 #3 c6d8de1fa46b64510bdcfaa32b1f805b64510bdcb8b42b1f805b6451d5dcfaa3b3ca805b64510bdc22232b1f805b645153dcfaa32b1f805bb5570bdcfaa32b1f794164510bdcfaa32b1f805b64510bdcfaa32b1f805b64510bdcfaa32b1f805b64510bdcfaa32b1f805b64510bdcfaa32b1f805b64510bdcfaa32b1f805b64510bdcfaa32b1f805b64510bdcbdf82b1f1b956451f16ffaa3ccca805bd3580bdc
2026-10-01 23:46:06.158 [OP] 42CE inv=FFFB len=4 #3 c87f510b
2026-10-01 23:46:12.201 [OP] 4100 inv=FFF9 len=6 #3 98aadef82d7f
2026-10-01 23:46:12.392 [OP] 4101 inv=FC6D len=914 #3 215dad805b64510bdcfaa32bc8d97b81510bdcfaa32b1f805b64510bdcfaa32b1f805b64510bdcfa5f3b9d4e5b6437fddcfaa32b1f80b1d9510bdcfaa32b1f805b64510bdcfa603bad80c464510bdcfaa32bf6455b645943dcfa83931f80807a510b155a4e78c8d97b81a552155ada2b1f807b81a5526fc616876c842d437f0bdcfaa32b1f805b6458ae02faa32b1f805bd82d0bdcfaa32b1f805b64510bdcfa
2026-10-01 23:46:13.269 [OUT] 1001 inv=FFF9 len=10 #3 f9ff01101f805b64510b
2026-10-01 23:46:14.071 [OP] EFFE inv=FFFE len=1 #4 0b
2026-10-01 23:46:24.965 [OUT] 1004 inv=FFF3 len=16 #3 f3ff04104df3f22b59802364510bdcfa
2026-10-01 23:46:25.205 [OP] 4110 inv=FFFD len=2 #4 b42b
2026-10-01 23:46:31.093 [OP] EFFE inv=FFFE len=1 #5 0b
2026-10-01 23:46:32.874 [OP] 472A inv=FE6C len=403 #4 c6d8de1f126e64510bdcfaa32b1f805b64510bdcf4722b1f805b6451d5dcfaa31359805b64510bdc22232b1f805b645153dcfaa32b1f805bb5570bdcfaa32b1f794164510bdcfaa32b1f805b64510bdcfaa32b1f805b64510bdcfaa32b1f805b64510bdcfaa32b1f805b64510bdcfaa32b1f805b64510bdcfaa32b1f805b64510bdcfaa32b1f805b64510bdcb5a32b1f1b95645153dcfaa3ccca805bd3580bdc
2026-10-01 23:46:32.963 [OP] 42CE inv=FFFB len=4 #4 c87f510b
2026-10-01 23:46:35.074 [OP] 46FE inv=FFFF len=0 #3 
2026-10-01 23:46:37.010 [OP] 4100 inv=FFF9 len=6 #4 98aad72656ec
2026-10-01 23:46:37.187 [OP] 4101 inv=FC6D len=914 #4 215dad805b64510bdcfaa32bc8d97b81510bdcfaa32b1f805b64510bdcfaa32b1f805b64510bdcfa5f3b9d4e5b6437fddcfaa32b1f80b1d9510bdcfaa32b1f805b64510bdcfa603bad80c464510bdcfaa32bf6455b645943dcfa83931f80807a510b155a4e78c8d97b81a552155ada2b1f807b81a5526fc616876c842d437f0bdcfaa32b1f805b64fcae02faa32b1f805bd82d0bdcfaa32b1f805b64510bdcfa
2026-10-01 23:46:38.082 [OUT] 1001 inv=FFF9 len=10 #4 f9ff01101f805b64510b
2026-10-01 23:46:39.354 [OP] 4210 inv=FFF3 len=12 #1 ac0bdcfae82b1f80a0ecfc0b
2026-10-01 23:46:43.768 [OUT] 1004 inv=FFF3 len=16 #4 f3ff04104df3f22b59802364510bdcfa
2026-10-01 23:46:44.045 [OP] 4110 inv=FFFD len=2 #5 b42b
2026-10-01 23:46:50.093 [OP] 472A inv=FE76 len=393 #5 c6d8de1fc91b64510bdcfaa32b1f805b64510bdc15bc2b1f805b6451d5dcfaa31359805b64510bdc22232b1f805b645153dcfaa32b1f805bb5570bdcfaa32b1f794164510bdcfaa32b1f805b64510bdcfaa32b1f805b64510bdcfaa32b1f805b64510bdcfaa32b1f805b64510bdcfaa32b1f805b64510bdcfaa32b1f805b64510bdcfaa32b1f805b64510bdcbdf82b1fc3956451f16ffaa391ca805bc7580bdc
2026-10-01 23:46:50.181 [OP] 42CE inv=FFFB len=4 #5 c87f510b
2026-10-01 23:46:56.255 [OP] 4100 inv=FFF9 len=6 #5 98aad97ffe7f
2026-10-01 23:46:56.486 [OP] 4101 inv=FC35 len=970 #5 57ecfc0bdcfaa32b1f805b64a552155aa32b1f805b64510bdcfaa32b1f805b64510bdcfaa32b1f80bacdb2b2dcfac37c1f805b64510bac9fa32b1f805b64510bdcfaa32b1f8041cdfc0b52faa32b1f805b646244dcfaf7f51f8056f8510b9b02a32bc8d97b81a552155a4e78c8d93564510b155a4e78ca7726b35c3828d7fb2b1f805b64510bdcfa4bc229805b64510bdc4e722b1f805b64510bdcfaa32b1f80
2026-10-01 23:46:57.333 [OUT] 1001 inv=FFF9 len=10 #5 f9ff01101f805b64510b
2026-10-01 23:47:05.273 [OP] 46FE inv=FFFF len=0 #4 
2026-10-01 23:47:32.224 [OUT] 1004 inv=FFF3 len=16 #5 f3ff04104df3f22b59802364510bdcfa
2026-10-01 23:47:35.476 [OP] 46FE inv=FFFF len=0 #5 
2026-10-01 23:48:06.045 [OP] F005 inv=FFE7 len=24 #3 ed3572a407b3854d1f805b64510bdcfaa3de1f80033dd9b2
2026-10-01 23:48:06.131 [OP] F005 inv=FFE7 len=24 #4 ed3572a407b3854d1f805b64510bdcfaa3de1f80033dd9b2
2026-10-01 23:48:06.532 [OP] F005 inv=FFE7 len=24 #5 ed3572a4cd97854d1f805b64510bdcfaa3debcca28a1e1b2
2026-10-01 23:49:48.500 [OP] 40E1 inv=FFED len=18 #1 57ecfc0b6ffadb2ccaaa9564580b6ffaf82b
2026-10-01 23:49:48.500 [OP] 40E0 inv=FED1 len=302 #1 7b8052fa39241f805b64510b5ffaa32b1f805b64fc75dcfaa32b1f800f64510bdcfaa32b04ac5b64230bdcfa392b1f803664510b52faa32bad805b64a60bdcfa392b1f808b64510b52faa32bad805b6499d0dcfad9531f809564510b2dfaa32b48aa5b64580bdcfa202b1f80dc64510b8ffaa32b1f805b64510bdcfaa32b1f805b64510bdcfaa32b1f805b64430bdcfaa32b1f805b64510bdcfaa32b1f805b64
2026-10-01 23:49:48.500 [OP] 40E3 inv=FFCB len=52 #1 5e0e392b8a809464370b6afa812b62801264830beefa462b128040646c0be6fa6c2ba5802464fc0b03faf82bae80c464250b52fa
2026-10-01 23:49:48.500 [OP] 40E2 inv=FFF3 len=12 #1 57ecfc0b6ff3612b45809564
2026-10-01 23:49:48.518 [OUT] 0185 inv=FFF7 len=12 #1 f7ff8501dcfaa32bc8d97b81
2026-10-01 23:53:02.021 [OUT] 1005 inv=FFEF len=20 #1 efff0510a498f85305a05c640b0bdbfaa32b1f80
2026-10-01 23:54:54.901 [OUT] 1005 inv=FFEF len=20 #2 efff0510a498f85305a05c640b0bdbfaa32b1f80
2026-10-01 23:57:23.935 [SYS] 获得了#00FF00#1#FFF692#个#64FF7D#碧玉葫芦
2026-10-01 23:57:23.935 [OP] 4020 inv=FFE7 len=24 #1 7b8052fa672bca8094cdfc0b91a7a32bca809564fd0b02fa
2026-10-01 23:57:23.952 [OUT] 0045 inv=FFF7 len=12 #1 f7ff4500510bdcfa462b1f80
2026-10-01 23:57:24.087 [OP] 4025 inv=FFF5 len=10 #1 46533832c4df51ece2fa
2026-10-01 23:57:44.059 [OUT] 1005 inv=FFEF len=20 #3 efff0510a498f85305a05c640b0bdbfaa32b1f80
2026-10-01 23:58:49.423 [OUT] 1005 inv=FFEF len=20 #4 efff0510a498f85305a05c640b0bdbfaa32b1f80
2026-10-02 00:00:00.540 [SYS] #FFCC00#寄售行已打烊，暂停寄售交易，预计 02:00 恢复营业。
2026-10-02 00:00:00.966 [SYS] 今日的许愿已结束，下次开放时间12:00
2026-10-02 00:00:06.110 [OP] 4235 inv=FFFA len=5 #1 ed67ce5b64
2026-10-02 00:00:10.544 [OP] 4210 inv=FFF3 len=12 #2 ac0bdcfae82b1f80c6ecfc0b
2026-10-02 00:04:14.164 [PIPE] controller disconnected
2026-10-02 00:04:22.124 [PIPE] controller connected
2026-10-02 00:04:24.419 [SYS] 获得了#00FF00#1#FFF692#个#64FF7D#碧玉葫芦
2026-10-02 00:04:24.419 [OP] 4020 inv=FFE7 len=24 #2 7b8052fa672bca8094cdfc0b91a7a32bca809564fd0ba9fa
2026-10-02 00:04:24.424 [OUT] 0045 inv=FFF7 len=12 #2 f7ff4500510bdcfa462b1f80
2026-10-02 00:04:24.485 [OP] 4025 inv=FFF5 len=10 #2 46533832c4df51ece2fa
2026-10-02 00:04:44.319 [INIT] dll unloaded
2026-10-02 00:04:44.528 [INIT] dll loaded, pid=33128
2026-10-02 00:04:44.530 [INIT] codec loaded OK
2026-10-02 00:04:44.530 [INIT] iat hooks: recv=1 send=1 WSASend=1 connect=1 closesocket=1
2026-10-02 00:04:44.534 [OV] overlay window ready
2026-10-02 00:04:45.372 [OP] 47C0 inv=FFE8 len=23 #1 98f893b53327f80bfbc6515768a57c7fd958b1b26e8b6f
2026-10-02 00:04:45.373 [OP] 47C0 inv=FFF3 len=12 #2 0253ca7c7fd958b1b26e8b6f
2026-10-02 00:04:45.374 [OP] 47C0 inv=FFEA len=21 #3 51cac7be2831ec8bf1bc70ec6badd958b107dc946f
2026-10-02 00:04:45.374 [OP] 47C0 inv=FFF3 len=12 #4 0253ca6badd958b107dc946f
2026-10-02 00:04:45.374 [OP] 47C0 inv=FFF3 len=12 #5 0253ca3cadd958b1586e746f
2026-10-02 00:04:46.493 [OP] 472A inv=FE76 len=393 #1 c6d8de1fabd064510bdcfaa32b1f805b64510bdc51222b1f805b6451d5dcfaa313ad805b64510bdc22232b1f805b645153dcfaa32b1f805bc1950bdcfaa32b1f7c6364510bdcfaa32b1f805b64510bdcfaa32b1f805b64510bdcfaa32b1f805b64510bdcfaa32b1f805b64510bdcfaa32b1f805b64510bdcfaa32b1f805b64510bdcfaa32b1f805b64510bdc7af82b1f2c5b645153dcfaa391ca805bc7580bdc
2026-10-02 00:04:46.493 [OP] 42CE inv=FFFB len=4 #1 c87f510b
2026-10-02 00:04:46.635 [OP] 4211 inv=FFF6 len=9 #1 aa5b64515ca722a34a
2026-10-02 00:04:46.635 [OP] 4211 inv=FFF6 len=9 #2 aa5b6451af3e22a34a
2026-10-02 00:04:46.635 [OP] 4211 inv=FFF6 len=9 #3 aa5b6451cd3e22a34a
2026-10-02 00:04:46.635 [OP] 4211 inv=FFF6 len=9 #4 aa5b645134a722a34a
2026-10-02 00:04:47.079 [OP] 4613 inv=FF57 len=168 #1 fc65d6b23ed9cdaa95dfde5038ca0bb0ca543c0a49e3a4663153caaa9535debfdcfaf853ca803cc6b3ec1ec4972b591c3a64830b6fc4a324415c9052e7617afaa32b60740edf0bb26fc4f853caaa95df58ec6fc4f82b1faa95df51f902b1f851cad45bf8510bdce8a32b1f8040e5eac88d7f152b1f808a2023ece6c2f853caaa95df58ec6fc4f853ca805bdf58ecdc297234cab39566517fb2eba3931f805b64
2026-10-02 00:04:47.079 [OP] 4613 inv=FF98 len=103 #2 9360740edf0bb26fc4f853caaa95df58ec6fc4f82b1faa95df51f902b1f851cad45bf8510bdce8a32b1f8040e5eac88d7f152b1f808a2023ece6c2f853caaa95df58ec6fc4f853ca805bdf58ecdc297234cab39566517fb2eba3931f805b64b2e9ef6c702b1f80
2026-10-02 00:04:47.079 [OP] 4613 inv=FFCC len=51 #3 aa8a2023ece6c2f853caaa95df58ec6fc4f853ca805bdf58ecdc297234cab39566517fb2eba3931f805b64b2e9ef6c702b1f80
2026-10-02 00:04:47.364 [OP] 4211 inv=FFE2 len=29 #5 ef5b64511b3e22a3dec687c464fc40a722a3de1207c464fce3a722a3de
2026-10-02 00:04:48.076 [OP] 4612 inv=FFEF len=16 #1 c464510ba305db2b42159464420490fa
2026-10-02 00:04:48.076 [OP] 4612 inv=FFF3 len=12 #2 90faa32b42159464420490fa
2026-10-02 00:04:48.076 [OP] 4612 inv=FFF7 len=8 #3 ca805b64420490fa
2026-10-02 00:04:49.418 [OP] F005 inv=FFE7 len=24 #1 ed3572a4cd97854d1f805b64510bdcfaa32b5ebc585046b2
2026-10-02 00:04:49.420 [OP] 4707 inv=FFF3 len=12 #1 215dad80baecfc0b17faa32b
2026-10-02 00:04:49.504 [OP] F005 inv=FFE7 len=24 #2 ed3572a4cd97854d1f805b64510bdcfaa32b5ebc585046b2
2026-10-02 00:04:49.526 [OP] 4612 inv=FFF7 len=8 #4 ca805b64fb8052fa
2026-10-02 00:04:49.982 [OP] 4707 inv=FFF3 len=12 #2 215dad8063cdfc0b17faa32b
2026-10-02 00:04:50.116 [OP] 43F1 inv=FFFA len=5 #1 33b4de1fc7
2026-10-02 00:04:50.116 [OP] 40E0 inv=FED1 len=302 #1 7b8052fa39241f805b64510b5ffaa32b1f805b64fc75dcfaa32b1f800f64510bdcfaa32b04ac5b64230bdcfa392b1f803664510b52faa32bad805b64a60bdcfa392b1f808b64510b52faa32bad805b6499d0dcfad9531f809564510b2dfaa32b48aa5b64580bdcfa202b1f80dc64510b8ffaa32b1f805b64510bdcfaa32b1f805b64510bdcfaa32b1f805b64430bdcfaa32b1f805b64510bdcfaa32b1f805b64
2026-10-02 00:04:50.116 [OP] 4612 inv=FFF7 len=8 #5 ca805b64b4b252fa
2026-10-02 00:04:50.129 [OUT] 0185 inv=FFF7 len=12 #1 f7ff8501dcfaa32bc8d97b81
2026-10-02 00:04:51.850 [OP] F005 inv=FFE7 len=24 #3 ed3572a407b3854d1f805b64510bdcfaa32b5ebc584846b2
2026-10-02 00:04:51.936 [OP] F005 inv=FFE7 len=24 #4 ed3572a407b3854d1f805b64510bdcfaa32b5ebc584846b2
2026-10-02 00:04:56.554 [OUT] 1F51 inv=FFFF len=4 #1 ffff511f
2026-10-02 00:04:56.601 [OP] 4F52 inv=FFFF len=0 #1 
2026-10-02 00:04:58.702 [OP] 4613 inv=FF57 len=168 #4 fc65d6b23ed9cdaa95dfde5038ca0bb0ca543c0a49e3a4663153caaa9535debfdcfaf853ca803cc6b3ec1ec4972b595b5b64830b6fc4a324415c9052e7617afaa32b60740edf0bb26fc4f853caaa95df58ec6fc4f82b1faa95df51f902b1f851cad45bf84320dce8a32b1f8040e5eac88d7f152b1f808a2023ece6c2f853caaa95df58ec6fc4f853ca805bdf58ecdc297234cab39566517f8bfaa3931f805b64
2026-10-02 00:04:58.703 [OP] 4613 inv=FF98 len=103 #5 9360740edf0bb26fc4f853caaa95df58ec6fc4f82b1faa95df51f902b1f851cad45bf84320dce8a32b1f8040e5eac88d7f152b1f808a2023ece6c2f853caaa95df58ec6fc4f853ca805bdf58ecdc297234cab39566517f8bfaa3931f805b64b2e9ef6c702b1f80
2026-10-02 00:05:01.316 [OP] F005 inv=FFE7 len=24 #5 26b35c3828d7fb2b1f805b64510bdcfaa32b5ebc5879c3b2
2026-10-02 00:05:06.615 [OUT] 1F51 inv=FFFF len=4 #2 ffff511f
2026-10-02 00:05:06.662 [OP] 4F52 inv=FFFF len=0 #2 
2026-10-02 00:05:11.551 [OP] EFFE inv=FFFE len=1 #1 0b
2026-10-02 00:05:13.801 [OP] 46FE inv=FFFF len=0 #1 
2026-10-02 00:05:16.695 [OUT] 1F51 inv=FFFF len=4 #3 ffff511f
2026-10-02 00:05:16.740 [OP] 4F52 inv=FFFF len=0 #3 
2026-10-02 00:05:27.788 [OUT] 1F51 inv=FFFF len=4 #4 ffff511f
2026-10-02 00:05:27.836 [OP] 4F52 inv=FFFF len=0 #4 
2026-10-02 00:05:31.581 [OP] EFFE inv=FFFE len=1 #2 0b
2026-10-02 00:05:38.434 [OUT] 1F51 inv=FFFF len=4 #5 ffff511f
2026-10-02 00:05:38.481 [OP] 4F52 inv=FFFF len=0 #5 
2026-10-02 00:05:42.592 [OP] EFFE inv=FFFE len=1 #3 0b
2026-10-02 00:05:44.000 [OP] 46FE inv=FFFF len=0 #2 
2026-10-02 00:05:44.851 [OP] 4210 inv=FFF3 len=12 #1 d50bdcfa95531f808a990e0b
2026-10-02 00:05:44.852 [OP] 4210 inv=FFF3 len=12 #2 d50bdcfa95531f80da590e0b
2026-10-02 00:06:01.615 [OP] EFFE inv=FFFE len=1 #4 0b
2026-10-02 00:06:11.626 [OP] EFFE inv=FFFE len=1 #5 0b
2026-10-02 00:06:14.208 [OP] 46FE inv=FFFF len=0 #3 
2026-10-02 00:06:18.935 [INIT] dll unloaded
