2026-10-03 13:51:05.237 [INIT] dll loaded, pid=35408 (pure network mode)
2026-10-03 13:51:05.238 [INIT] codec loaded OK
2026-10-03 13:51:05.238 [INIT] iat hooks: recv=1 send=1 WSASend=1 connect=1 closesocket=1
2026-10-03 13:51:05.542 [PIPE] controller connected
2026-10-03 13:51:34.861 [SETTLE] exp=1 gold=199368 len=403
2026-10-03 13:52:04.879 [SETTLE] exp=1 gold=199368 len=393
2026-10-03 13:52:06.971 [SYS] #ff0000#您已进入野外区域，可能遭遇玩家间的自由对战，请注意安全！#ffffff#
2026-10-03 13:56:21.334 [SYS] #FFF692#交纳传送费用#00CCFF#1810#FFF692#金币！
2026-10-03 13:56:26.241 [SYS] #FFF692#交纳传送费用#00CCFF#1370#FFF692#金币！
2026-10-03 13:58:51.268 [SYS] 测试通过！
2026-10-03 13:58:51.366 [SYS] 获得了#00FF00#100#FFF692#金币
2026-10-03 14:03:53.029 [SYS] #ff0000#您已进入野外区域，可能遭遇玩家间的自由对战，请注意安全！#ffffff#
2026-10-03 14:04:50.927 [SETTLE] exp=2 gold=199368 len=393
2026-10-03 14:05:29.227 [SETTLE] exp=1 gold=199368 len=393
2026-10-03 14:06:39.696 [SETTLE] exp=2 gold=199368 len=393
2026-10-03 14:07:15.079 [SETTLE] exp=2 gold=199368 len=393
2026-10-03 14:07:34.181 [PIPE] controller disconnected
2026-10-03 14:08:00.159 [SETTLE] exp=1 gold=199368 len=393
2026-10-03 14:08:12.510 [PIPE] controller connected
2026-10-03 14:08:26.205 [SETTLE] exp=1 gold=199368 len=393
2026-10-03 14:08:39.239 [PIPE] controller disconnected
2026-10-03 14:08:56.506 [SETTLE] exp=2 gold=199368 len=393
2026-10-03 14:09:30.283 [PIPE] controller connected
2026-10-03 14:10:53.894 [SETTLE] exp=1 gold=199368 len=393
2026-10-03 14:11:22.276 [SETTLE] exp=1 gold=199368 len=393
2026-10-03 14:12:02.832 [SETTLE] exp=1 gold=199368 len=393
2026-10-03 14:13:59.539 [SETTLE] exp=1 gold=199368 len=393
2026-10-03 14:14:52.194 [SETTLE] exp=1 gold=199368 len=393
2026-10-03 14:15:18.424 [SETTLE] exp=1 gold=199368 len=393
2026-10-03 14:16:01.331 [SETTLE] exp=1 gold=199368 len=393
2026-10-03 14:16:31.363 [SETTLE] exp=2 gold=199368 len=393
2026-10-03 14:17:17.253 [SETTLE] exp=2 gold=199368 len=393
2026-10-03 14:17:52.646 [SETTLE] exp=1 gold=199368 len=393
2026-10-03 14:18:28.348 [SETTLE] exp=2 gold=199368 len=393
2026-10-03 14:19:07.924 [SETTLE] exp=2 gold=199368 len=393
2026-10-03 14:19:42.427 [SETTLE] exp=1 gold=199368 len=393
2026-10-03 14:20:14.406 [SETTLE] exp=1 gold=199368 len=393
2026-10-03 14:20:43.554 [SETTLE] exp=2 gold=199368 len=393
2026-10-03 14:21:20.821 [SETTLE] exp=1 gold=199368 len=393
2026-10-03 14:21:47.738 [SETTLE] exp=2 gold=199368 len=393
2026-10-03 14:22:41.304 [SETTLE] exp=2 gold=199368 len=393
2026-10-03 14:23:13.679 [SETTLE] exp=2 gold=199368 len=393
2026-10-03 14:23:46.507 [SETTLE] exp=2 gold=199368 len=393
2026-10-03 14:24:16.893 [SETTLE] exp=1 gold=199368 len=403
2026-10-03 14:25:04.628 [SETTLE] exp=1 gold=199368 len=393
2026-10-03 14:25:32.489 [SETTLE] exp=2 gold=199368 len=393
2026-10-03 14:26:05.163 [SETTLE] exp=2 gold=199368 len=393
2026-10-03 14:26:45.537 [SETTLE] exp=2 gold=199368 len=393
2026-10-03 14:27:21.909 [SETTLE] exp=1 gold=199368 len=393
2026-10-03 14:28:05.817 [SETTLE] exp=1 gold=199368 len=393
2026-10-03 14:29:23.616 [SETTLE] exp=2 gold=199368 len=393
2026-10-03 14:29:54.066 [SETTLE] exp=2 gold=199368 len=393
2026-10-03 14:30:00.556 [SYS] #00FFFF#根据最权威最公正的大赛组委会评定，本届#FF0000#超级书生大赛决赛的录取分数线#00FFFF#为#00FF00#45分#00FFFF#，请广大上线的冒险者赶快去找在出现乌龙或逍遥村子里的#FFF692#PP鸡主考官#00FFFF#参加决赛，决赛的战鼓已经敲响！
2026-10-03 14:30:26.395 [SETTLE] exp=2 gold=199368 len=393
2026-10-03 14:30:50.723 [SETTLE] exp=1 gold=199368 len=393
2026-10-03 14:31:00.564 [SYS] #00FFFF#根据最权威最公正的大赛组委会评定，本届#FF0000#超级书生大赛决赛的录取分数线#00FFFF#为#00FF00#45分#00FFFF#，请广大上线的冒险者赶快去找在出现乌龙或逍遥村子里的#FFF692#PP鸡主考官#00FFFF#参加决赛，决赛正在激烈的进行中
2026-10-03 14:31:24.265 [SETTLE] exp=2 gold=199368 len=393
2026-10-03 14:31:51.050 [SETTLE] exp=2 gold=199368 len=393
2026-10-03 14:32:33.455 [SETTLE] exp=2 gold=199368 len=393
2026-10-03 14:33:01.488 [SETTLE] exp=2 gold=199368 len=393
2026-10-03 14:33:31.972 [SETTLE] exp=1 gold=199368 len=393
2026-10-03 14:34:00.664 [SETTLE] exp=2 gold=199368 len=393
2026-10-03 14:34:37.613 [SETTLE] exp=1 gold=199368 len=393
2026-10-03 14:35:21.193 [SETTLE] exp=2 gold=199368 len=393
2026-10-03 14:35:54.482 [SETTLE] exp=2 gold=199368 len=393
2026-10-03 14:36:00.579 [SYS] #00FFFF#根据最权威最公正的大赛组委会评定，本届#FF0000#超级书生大赛决赛的录取分数线#00FFFF#为#00FF00#45分#00FFFF#，请广大上线的冒险者赶快去找在出现乌龙或逍遥村子里的#FFF692#PP鸡主考官#00FFFF#参加决赛，决赛正在激烈的进行中
2026-10-03 14:36:23.302 [SETTLE] exp=1 gold=199368 len=393
2026-10-03 14:36:53.069 [SETTLE] exp=2 gold=199368 len=393
2026-10-03 14:37:39.138 [SETTLE] exp=1 gold=199368 len=403
2026-10-03 14:38:12.571 [SETTLE] exp=1 gold=199368 len=393
2026-10-03 14:38:43.659 [SETTLE] exp=2 gold=199368 len=393
2026-10-03 14:39:23.791 [SETTLE] exp=1 gold=199368 len=393
2026-10-03 14:39:52.690 [SETTLE] exp=2 gold=199368 len=393
2026-10-03 14:40:36.873 [SETTLE] exp=1 gold=199368 len=393
2026-10-03 14:41:00.611 [SYS] #00FFFF#根据最权威最公正的大赛组委会评定，本届#FF0000#超级书生大赛决赛的录取分数线#00FFFF#为#00FF00#45分#00FFFF#，请广大上线的冒险者赶快去找在出现乌龙或逍遥村子里的#FFF692#PP鸡主考官#00FFFF#参加决赛，决赛正在激烈的进行中
2026-10-03 14:41:05.629 [SETTLE] exp=1 gold=199368 len=393
2026-10-03 14:41:33.917 [SETTLE] exp=2 gold=199368 len=393
2026-10-03 14:42:03.670 [SETTLE] exp=1 gold=199368 len=393
2026-10-03 14:42:28.602 [SETTLE] exp=2 gold=199368 len=393
2026-10-03 14:43:04.397 [SETTLE] exp=2 gold=199368 len=393
2026-10-03 14:43:32.232 [SETTLE] exp=1 gold=199368 len=393
2026-10-03 14:44:01.816 [SETTLE] exp=2 gold=199368 len=393
2026-10-03 14:44:28.711 [SETTLE] exp=1 gold=199368 len=393
2026-10-03 14:44:50.677 [SETTLE] exp=1 gold=199368 len=393
2026-10-03 14:45:18.398 [SETTLE] exp=1 gold=199368 len=393
2026-10-03 14:46:00.316 [SETTLE] exp=1 gold=199368 len=393
2026-10-03 14:46:00.614 [SYS] #00FFFF#根据最权威最公正的大赛组委会评定，本届#FF0000#超级书生大赛决赛的录取分数线#00FFFF#为#00FF00#45分#00FFFF#，请广大上线的冒险者赶快去找在出现乌龙或逍遥村子里的#FFF692#PP鸡主考官#00FFFF#参加决赛，决赛正在激烈的进行中
2026-10-03 14:46:32.268 [SETTLE] exp=1 gold=199368 len=393
2026-10-03 14:47:16.827 [SETTLE] exp=2 gold=199368 len=393
2026-10-03 14:47:47.513 [SETTLE] exp=1 gold=199368 len=393
2026-10-03 14:48:18.804 [SETTLE] exp=1 gold=199368 len=393
2026-10-03 14:48:43.569 [SETTLE] exp=1 gold=199368 len=393
2026-10-03 14:49:18.284 [SETTLE] exp=1 gold=199368 len=393
2026-10-03 14:49:23.215 [SYS] #FFF692#恭喜#FF8CF8#情義丶聪爺#FFF692#在#00C8F8#珍稀特殊RP箱#FFF692#中获得了#64FF7D#洗髓丹
2026-10-03 14:49:24.844 [SYS] #FFF692#恭喜#FF8CF8#情義丶聪爺#FFF692#在#00C8F8#珍稀特殊RP箱#FFF692#中获得了#64FF7D#特殊5阶宠武试管
2026-10-03 14:49:25.031 [SYS] #FFF692#恭喜#FF8CF8#情義丶聪爺#FFF692#在#00C8F8#珍稀特殊RP箱#FFF692#中获得了#64FF7D#高级恶魔果实
2026-10-03 14:50:02.470 [SETTLE] exp=2 gold=199368 len=393
2026-10-03 14:50:32.350 [SETTLE] exp=1 gold=199368 len=393
2026-10-03 14:51:00.644 [SYS] #00FFFF#根据最权威最公正的大赛组委会评定，本届#FF0000#超级书生大赛决赛的录取分数线#00FFFF#为#00FF00#45分#00FFFF#，请广大上线的冒险者赶快去找在出现乌龙或逍遥村子里的#FFF692#PP鸡主考官#00FFFF#参加决赛，决赛正在激烈的进行中
2026-10-03 14:51:04.550 [SETTLE] exp=2 gold=199368 len=393
2026-10-03 14:51:34.789 [SETTLE] exp=1 gold=199368 len=393
2026-10-03 14:52:03.150 [SETTLE] exp=2 gold=199368 len=393
2026-10-03 14:52:32.329 [SETTLE] exp=2 gold=199368 len=403
2026-10-03 14:53:03.213 [SETTLE] exp=2 gold=199368 len=393
2026-10-03 14:53:15.349 [QUESTION] {"type":"question","sock":2472,"qno":10,"field_a":77,"stem":"蚯蚓适合生活在什么样的环境里？","options":["1、太空里","2、天空里","3、水里","4、阴暗潮湿"]}
2026-10-03 14:53:22.564 [SEND-ANSWER] qno=10 opt=3 ret=13 sock=2472
2026-10-03 14:53:22.613 [SYS] 测试通过！
2026-10-03 14:53:22.713 [SYS] 获得了#00FF00#100#FFF692#金币
2026-10-03 14:53:33.862 [SETTLE] exp=1 gold=199368 len=393
2026-10-03 14:54:03.522 [SETTLE] exp=2 gold=199368 len=393
2026-10-03 14:54:31.862 [SETTLE] exp=1 gold=199368 len=393
2026-10-03 14:55:01.761 [SETTLE] exp=2 gold=199368 len=393
2026-10-03 14:55:30.399 [SETTLE] exp=2 gold=199368 len=393
2026-10-03 14:56:00.661 [SYS] #00FFFF#十万火急，超级书生大赛决赛将于#00FF00#5分钟#00FFFF#后结束，真正到了分秒必争的时刻了，冒险者们加油啊！！
2026-10-03 14:56:06.114 [SETTLE] exp=2 gold=199368 len=393
2026-10-03 14:56:35.771 [SETTLE] exp=2 gold=199368 len=393
2026-10-03 14:57:00.670 [SYS] #00FFFF#十万火急，超级书生大赛决赛将于#00FF00#4分钟#00FFFF#后结束，真正到了分秒必争的时刻了，冒险者们加油啊！！
2026-10-03 14:57:02.804 [SETTLE] exp=2 gold=199368 len=403
2026-10-03 14:57:31.330 [SETTLE] exp=2 gold=199368 len=393
2026-10-03 14:58:00.664 [SYS] #00FFFF#十万火急，超级书生大赛决赛将于#00FF00#3分钟#00FFFF#后结束，真正到了分秒必争的时刻了，冒险者们加油啊！！
2026-10-03 14:58:03.661 [SETTLE] exp=1 gold=199368 len=393
2026-10-03 14:58:28.173 [SETTLE] exp=2 gold=199368 len=393
2026-10-03 14:58:59.586 [SETTLE] exp=2 gold=199368 len=393
2026-10-03 14:59:00.676 [SYS] #00FFFF#十万火急，超级书生大赛决赛将于#00FF00#2分钟#00FFFF#后结束，真正到了分秒必争的时刻了，冒险者们加油啊！！
2026-10-03 14:59:25.210 [SETTLE] exp=2 gold=199368 len=393
2026-10-03 15:00:00.023 [SYS] #00FFFF#尊敬的冒险者们，今天是#FFFF00#力量之日#00FFFF#！#FFFF00#力量卡片#00FFFF#和少量稀有卡片已经散落在了梦境世界的各个角落，等待着它们的主人！赶快战斗吧，去寻找属于你的卡片！
2026-10-03 15:00:00.206 [SETTLE] exp=2 gold=199368 len=393
2026-10-03 15:00:00.725 [SYS] #00FFFF#十万火急，超级书生大赛决赛将于#00FF00#1分钟#00FFFF#后结束，真正到了分秒必争的时刻了，冒险者们加油啊！！
2026-10-03 15:00:40.538 [SETTLE] exp=1 gold=199368 len=393
2026-10-03 15:01:00.735 [SYS] #00FFFF#非常感谢大家的积极参与，本届超级书生大赛决赛已经结束。稍后将公布本届大赛的前3名超级书生，请大家随时关注我们的公告。
2026-10-03 15:01:07.458 [SETTLE] exp=1 gold=199368 len=393
2026-10-03 15:01:34.890 [SETTLE] exp=1 gold=199368 len=393
2026-10-03 15:01:58.655 [SETTLE] exp=1 gold=199368 len=393
2026-10-03 15:02:00.693 [SYS] #00FFFF#经过激烈的角逐，本届超级书生大赛的前3名超级书生已经诞生，让我们记住他们的名字：#FF0000#玛哈德奥#00FFFF#。请以上超级书生即刻前住#00FF00#梦幻岛#FF8CF8#神仙姐姐#00FFFF#处领取超值大奖，#00FF00#30分钟后#00FFFF#将关闭领奖，过期无效！
2026-10-03 15:02:27.802 [SETTLE] exp=1 gold=199368 len=393
2026-10-03 15:02:55.300 [SETTLE] exp=2 gold=199368 len=393
2026-10-03 15:03:26.231 [SETTLE] exp=1 gold=199368 len=393
2026-10-03 15:03:47.910 [SETTLE] exp=2 gold=199368 len=393
2026-10-03 15:04:14.222 [SETTLE] exp=2 gold=199368 len=393
2026-10-03 15:04:45.906 [SETTLE] exp=2 gold=199368 len=393
2026-10-03 15:05:08.097 [SETTLE] exp=2 gold=199368 len=393
2026-10-03 15:05:48.668 [INIT] dll unloaded
