2026-10-02 23:43:57.370 [INIT] dll loaded, pid=31964
2026-10-02 23:43:57.371 [INIT] codec loaded OK
2026-10-02 23:43:57.371 [INIT] iat hooks: recv=1 send=1 WSASend=1 connect=1 closesocket=1
2026-10-02 23:43:58.194 [PIPE] controller connected
2026-10-02 23:44:22.969 [CONNECT] main sock 2496 -> 8484
2026-10-02 23:44:23.025 [OUT] 0FFF inv=FBC6 len=260 #1 c6fbff0f61975ee409edcd1f805b64510bdcfaa32ba5805b64fb0bdcfaa32b1f80e820f2badcfaa32b1f805b64510bdcfa212b1f802264510bdcfaa32b392c7d6e510bdcfaa32b1f805b64510b5efaa32bd5805b64510bdcfa2a306ea3f779e3fcdcfaa32b1f805b64510bdcfaa32b1f805b64510bdcfaa32b1f805b64510bdcfaa32b1f805b04ab8a719397afb0285bd7510bdcfaa3bb1f805ba9510bdcf1493c69a4a5ef79db7accede53bfd5b64510bdc24d79184b69564510bdcfaa32b1f805bf7ed79a5ce087769b987497930424eed15c2ea5b6404983653770f5abc1e10510bdcfaa32b1f805b640b0bdcfa5f2b1f805b64510b1ddba5ff1f805b64510bdcfaa3
2026-10-02 23:44:23.310 [MODE] sock=2496 filtered (len=120 flags=0)
2026-10-02 23:44:23.311 [OP] 4002 inv=FF8B len=116 #1 95be3243d728c3cd58d4294f85da40ec76714a41a01be3a0e2938d0b8541da89aba0acb08b3bad80c464510bdcfaa32bd13b5b646244dcfa83931f80807a510b155a4e78c8d97b81510bdcfada2b1f809564510ba7faa32b98aa5b645894dcfadb02074c724ed410dcfaa32b1f805b64510bdcfa
2026-10-02 23:44:24.323 [OUT] 0004 inv=FDD2 len=260 #1 d2fd04000cdcfaa3355ad665c4180bdcfaa32b1f805b6451d5dcfaa3321f805b64510bdc1c0e2501805b64510bdcfaa32b1f805bb0510bdc84a32b1f805b6451b7863cd22b1f805b64510bdcfaa32b1f775b645182dcfaa32b1f805b42e1fe73faa32b1f805b64510bdcfaa3671f805bb5510bdcfaa32b1f7dcd810e9f1d5adb5151d99464510bdcfaa32b1f43fc4d18f468c58175c65b9f34abfc1154bfdb4572f74b426711de51714553ec64510bdcfaa32b1f805b64510bdcfaa32b1f805b64510bdcfaa32b1f805b64510bdcfaa32b1f805b64510bdcfaa32b1f805b64510bdcfaa32b1f805b64510bdcfaa32b1f805b64510bdcfaa32b1f805b64510bdcfaa32b1f
2026-10-02 23:44:24.394 [OP] 4014 inv=FFEA len=21 #1 0cca805bcd510bdc9b29d229cd0c4e0e413891db2b
2026-10-02 23:44:24.395 [CLOSE] main sock 2496 closed
2026-10-02 23:44:24.459 [OUT] F001 inv=FE5F len=260 #1 5ffe01f003caa32b7207c464bc595ab12b219f805b64510bdcfaa32b1fbcf2c197ddd3faa32b1f805b64510bdcfaa32b1f805b64510bdcfaa32b1f805b64510bdcfaa32b1f805b64510bdcfaa32b1f805b64510bdcfaa32b1f805b64510bdcfaa32b1f805b64510bdcfaa32b1f805b64510bdcfaa32b1f805b64510bdcfaa32b1f805b64510bdcfaa32b1f805b64510bdcfaa32b1f805b64510bdcfaa32bc6e3b110909468debf378528fc0418f5e93a8a30d650214fdcf5110b133045725b64510bdcfaa32b1f805b64510bdcfaa32b1f805b64510bdcfaa32b1f805b64510bdcfaa32b1f805b64510bdcfaa32b1f805b64510bdcfaa32b1f805b64510bdcfaa32b1f80
2026-10-02 23:44:24.586 [MODE] sock=2692 filtered (len=84 flags=0)
2026-10-02 23:44:24.586 [OP] E001 inv=FFAF len=80 #1 580be8a3a32b1f80b77cb9b3ebffc88a0c5c5a4da476a3a1c95ee6c51d4d2439242070384597fb57d5b3bf5f24463e3bd83dbc595ab12b219f6016897110e95497cd4a215b64d6666ffaa32b1f805b64
2026-10-02 23:44:24.671 [OP] E062 inv=FFCD len=50 #1 9564510bbafa7f3b6c1d985c5579b6947349b2274cf9bc85b1032b25a8ed96784c181874c2d4d0f1d73f332b0b7873baa880
2026-10-02 23:44:24.671 [OP] E062 inv=FFDB len=36 #2 90faa32bee80eecd052a78b83467e8a4f369c5ce4dd0cb56fef33ab76de3b664c159bf80
2026-10-02 23:44:24.671 [OP] E062 inv=FFD6 len=41 #3 ce5b64516edcc0b44bd3a4302774b37803306ed87c542e911708d8c1c6127e0648f7caa14edf3c9780
2026-10-02 23:44:24.671 [OP] E062 inv=FFBD len=66 #4 8bfaa32b2180eecd052a78b83467e8a4f369c56648a6e72307f33ab76d5c192bceebd9b1e97b6f2e14b753eb4b4c723354115f2b04230737be87299ce0ac5c311c80
2026-10-02 23:44:24.671 [OP] E062 inv=FFD2 len=45 #5 aea32b1ffc5b3eaf205bb83467e8a43005939c08e9a1339602fe15472a7ccbe7c0c371aa87299ce0ccce36a780
2026-10-02 23:44:25.063 [OUT] F041 inv=FFE7 len=28 #1 e7ff41f026b35c3828d7512b1f805b64510bdcfaa32b1f805b64510b
2026-10-02 23:44:25.063 [OUT] F003 inv=FFF7 len=12 #1 f7ff03f0c7f72564906e74d3
2026-10-02 23:44:25.109 [OP] E014 inv=FF97 len=104 #1 088880344ba7f464510bdcfaa32b1f805b38c6156ffaa32b9addf96467ed2bc2672b1f805b64510bdcfaa32b1f805b64510bdcfaa32b1f805b64510bdcfaa32b1f805b64510bdcfaa32b1f805b64510bdcfaa32b1f805b64510bdcfaa32b1f805b64d55f362f55bb
2026-10-02 23:44:25.154 [OP] E004 inv=FD05 len=762 #1 7c0ba1914133409e335513f2dcfaa32b1f805b7ffd0be6faa32b1f805b64580bdcfaa32b1f805b64510b696479020e0f840a2913dcfaa32b1f805b26fdecc4faa32b1f805b64580bdcfaa32b1f805b64510be4ea9330b118f464510bdcfaa32b1f805b6451ec3bfaa32b1f805b647ffd52faa32b1f805b64510b62e250491f805b64510bdcfaa32b1f805b6451ecdcfaa32b1f805b64415f52faa32b1f805b64
2026-10-02 23:44:35.594 [OP] EFFE inv=FFFE len=1 #1 0b
2026-10-02 23:44:45.608 [OP] EFFE inv=FFFE len=1 #2 0b
2026-10-02 23:44:54.472 [HB-OUT] op=0001 #1 len=4 sock=2692
2026-10-02 23:44:56.305 [HB-OUT] op=F005 #1 len=28 sock=2692
2026-10-02 23:44:56.357 [NET-E] sock=2692 r=-1 err=10058
2026-10-02 23:44:56.357 [CLOSE] main sock 2692 closed
2026-10-02 23:45:53.267 [CONNECT] main sock 2420 -> 8484
2026-10-02 23:45:53.322 [OUT] 0FFF inv=FBC6 len=260 #2 c6fbff0f61975ee409edcd1f805b64510bdcfaa32ba5805b64fb0bdcfaa32b1f80846a3d0fdcfaa32b1f805b64510bdcfa212b1f802264510bdcfaa32b0f5bfd0e510bdcfaa32b1f805b64510b5efaa32bd5805b64510bdcfa2a306ea3f779e3fcdcfaa32b1f805b64510bdcfaa32b1f805b64510bdcfaa32b1f805b64510bdcfaa32b1f805b04ab8a719397afb0285b64510bdcfaa3bb1f805ba9510bdcfaa32b1f805b64510bdcfaa32b1f805b64510bdcfaa32b1f805b64510bdcfaa32b1f805b96e5b0dccefc2b1f80103de641bddc0c15c2ea5b6404983653770f5abc1e10510bdcfaa32b1f805b640b0bdcfa5f2b1f805b64510b8df303521f805b64510bdcfaa3
2026-10-02 23:45:53.604 [MODE] sock=2420 filtered (len=120 flags=0)
2026-10-02 23:45:53.604 [OP] 4002 inv=FF8B len=116 #2 95fca5b1d728c3cd58d4294f85da40ec76714a41a01be3a0e2938d0b8541da89aba0acb08b3bad80c464510bdcfaa32bd13b5b646244dcfa83931f80807a510b155a4e78c8d97b81510bdcfada2b1f809564510ba7faa32b98aa5b645894dcfadb02074c724ed410dcfaa32b1f805b64510bdcfa
2026-10-02 23:45:54.904 [OUT] 0004 inv=FDD2 len=260 #2 d2fd04000cdcfaa3355ad665c4180bdcfaa32b1f805b6451d5dcfaa3321f805b64510bdc1c0e2501805b64510bdcfaa32b1f805bb0510bdc84a32b1f805b6451b7863cd22b1f805b64510bdcfaa32b1f775b645182dcfaa32b1f805b42e1fe73faa32b1f805b64510bdcfaa3671f805bb5510bdcfaa32b1f7dcd810e9f1d5adb5151d99464510bdcfaa32b1f43fc4d18f468c58175c65b9f34abfc1154bfdb4572f74b426711de51714553ec64510bdcfaa32b1f805b64510bdcfaa32b1f805b64510bdcfaa32b1f805b64510bdcfaa32b1f805b64510bdcfaa32b1f805b64510bdcfaa32b1f805b64510bdcfaa32b1f805b64510bdcfaa32b1f805b64510bdcfaa32b1f
2026-10-02 23:45:54.978 [OP] 4014 inv=FFEA len=21 #2 0cca805bcd510bdc67a92f298a0c4e0ed6bc04db2b
2026-10-02 23:45:54.978 [CLOSE] main sock 2420 closed
2026-10-02 23:45:55.029 [OUT] F001 inv=FE5F len=260 #2 5ffe01f003caa32b7207c464bc595ab12b219f805b64510bdcfaa32b1fbcf2c197ddd3faa32b1f805b64510bdcfaa32b1f805b64510bdcfaa32b1f805b64510bdcfaa32b1f805b64510bdcfaa32b1f805b64510bdcfaa32b1f805b64510bdcfaa32b1f805b64510bdcfaa32b1f805b64510bdcfaa32b1f805b64510bdcfaa32b1f805b64510bdcfaa32b1f805b64510bdcfaa32b1f805b64510bdcfaa32bc6e3b110909468debf378528fc0418f5e93a8a30d650214fdcf5110b133045725b64510bdcfaa32b1f805b64510bdcfaa32b1f805b64510bdcfaa32b1f805b64510bdcfaa32b1f805b64510bdcfaa32b1f805b64510bdcfaa32b1f805b64510bdcfaa32b1f80
2026-10-02 23:45:55.150 [MODE] sock=2648 filtered (len=7168 flags=0)
2026-10-02 23:45:55.150 [NET-E] sock=2648 r=-1 err=10053
2026-10-02 23:45:55.150 [CLOSE] main sock 2648 closed
2026-10-02 23:45:55.204 [OUT] F001 inv=FE5F len=260 #3 5ffe01f003caa32b7207c464bc595ab12b219f805b64510bdcfaa32b1fbcf2c197ddd3faa32b1f805b64510bdcfaa32b1f805b64510bdcfaa32b1f805b64510bdcfaa32b1f805b64510bdcfaa32b1f805b64510bdcfaa32b1f805b64510bdcfaa32b1f805b64510bdcfaa32b1f805b64510bdcfaa32b1f805b64510bdcfaa32b1f805b64510bdcfaa32b1f805b64510bdcfaa32b1f805b64510bdcfaa32bc6e3b110909468debf378528fc0418f5e93a8a30d650214fdcf5110b133045725b64510bdcfaa32b1f805b64510bdcfaa32b1f805b64510bdcfaa32b1f805b64510bdcfaa32b1f805b64510bdcfaa32b1f805b64510bdcfaa32b1f805b64510bdcfaa32b1f80
2026-10-02 23:45:55.333 [MODE] sock=2912 filtered (len=84 flags=0)
2026-10-02 23:45:55.333 [OP] E001 inv=FFAF len=80 #2 580be8a3a32b1f80b77cb9b3ebffc88a0c5c5a4da476a3a1c95ee6c51d4d2439242070384597fb57d5b3bf5f24463e3bd83dbc595ab12b219f6016897110e95497cd4a215b64d6666ffaa32b1f805b64
2026-10-02 23:45:55.344 [OUT] F041 inv=FFE7 len=28 #2 e7ff41f026b35c3828d7512b1f805b64510bdcfaa3c574b6d9fb500b
2026-10-02 23:45:55.344 [OUT] F003 inv=FFF7 len=12 #2 f7ff03f0c7f72564904f07d3
2026-10-02 23:45:55.443 [OP] E014 inv=FF97 len=104 #2 088880344ba7f464510bdcfaa32b1f805b64510b0bdb55bb4f55cf64b3e564fa402b1f805b64510bdcfaa32b1f805b64510bdcfaa32b1f805b64510bdcfaa32b1f805b64510bdcfaa32b1f805b64510bdcfaa32b1f805b64510bdcfaa32b1f805b64f05f362f55bb
2026-10-02 23:45:55.540 [OP] E004 inv=FD05 len=762 #2 7c0ba1914133409e335513f2dcfaa32b1f805b7ffd0be6faa32b1f805b64580bdcfaa32b1f805b64510b696479020e0f840a2913dcfaa32b1f805b26fdecc4faa32b1f805b64580bdcfaa32b1f805b64510be4ea9330b118f464510bdcfaa32b1f805b6451ec3bfaa32b1f805b647ffd52faa32b1f805b64510b62e250491f805b64510bdcfaa32b1f805b6451ecdcfaa32b1f805b64415f52faa32b1f805b64
2026-10-02 23:46:05.701 [OP] EFFE inv=FFFE len=1 #3 0b
2026-10-02 23:46:16.715 [OP] EFFE inv=FFFE len=1 #4 0b
2026-10-02 23:46:25.204 [HB-OUT] op=0001 #2 len=4 sock=2912
2026-10-02 23:46:26.400 [HB-OUT] op=F005 #2 len=28 sock=2912
2026-10-02 23:46:26.451 [NET-E] sock=2912 r=-1 err=10058
2026-10-02 23:46:26.451 [CLOSE] main sock 2912 closed
2026-10-02 23:54:44.704 [CLOSE] main sock 4294967295 closed
2026-10-02 23:54:44.805 [CLOSE] main sock 4294967295 closed
2026-10-02 23:54:45.214 [CLOSE] main sock 4294967295 closed
2026-10-02 23:54:45.214 [CLOSE] main sock 4294967295 closed
2026-10-02 23:54:45.244 [INIT] dll unloaded
