2026-10-01 23:45:13.972 [INIT] dll loaded, pid=33020
2026-10-01 23:45:13.972 [INIT] codec loaded OK
2026-10-01 23:45:13.973 [INIT] iat hooks: recv=1 send=1 WSASend=1 connect=1 closesocket=1
2026-10-01 23:45:13.974 [OUT] 1004 inv=FFF3 len=16 #1 f3ff04108e359f2b59802364510bdcfa
2026-10-01 23:45:13.987 [OV] overlay window ready
2026-10-01 23:45:14.042 [OP] 4109 inv=FD27 len=728 #1 418052faf82ba5ca5b37510bdcfaa32bca805b640b0b0022202bf7ce1c53410b6ffaa32bb7ef5b64b2afdcfaa3931f805b64510bafc4a32b53805b64510bdcfaa32b1f80d1df510be7faa32b1f805b64510bdcfaf82b1f80a76f510b8b02f82b1faa5b645152aa7671531f807464510bdcfaa32b1f805b64580bdcfab6ce1f801c7a0e0bdcc4a32b1f9c49645decdcfa4f2b1f805b64510bdcfaa32bca805b64
2026-10-01 23:45:14.087 [PIPE] controller connected
2026-10-01 23:45:14.133 [OP] 4105 inv=FFFE len=1 #1 6d
2026-10-01 23:45:14.133 [OP] 4104 inv=FFFB len=4 #1 0fd21fd1
2026-10-01 23:45:14.133 [OP] 4110 inv=FFFD len=2 #1 722b
2026-10-01 23:45:14.133 [OP] 4111 inv=FFFD len=2 #1 a164
2026-10-01 23:45:14.133 [OP] 4104 inv=FFFA len=5 #2 72c4980980
2026-10-01 23:45:14.133 [OP] 4104 inv=FFFA len=5 #3 7727c959aa
2026-10-01 23:45:14.134 [OP] 4112 inv=FFFD len=2 #1 90c4
2026-10-01 23:45:14.135 [OP] 4104 inv=FFFA len=5 #4 77278c59ce
2026-10-01 23:45:14.135 [OP] 4104 inv=FFFA len=5 #5 7727c95912
2026-10-01 23:45:14.358 [OP] 4106 inv=FFFC len=3 #1 98207d
2026-10-01 23:45:14.463 [OP] 46FE inv=FFFF len=0 #1 
2026-10-01 23:45:15.005 [OP] EFFE inv=FFFE len=1 #1 0b
2026-10-01 23:45:15.464 [OP] 4105 inv=FFFE len=1 #2 fd
2026-10-01 23:45:15.554 [OP] 4109 inv=FE1B len=484 #2 e787c464580b8fcaa32b1f805b64510b6ffaa32ba580ea7f0b0b0022fd24c7809564510baeaea32b9d775b64517fdcfaa3de1f8062df510b06faa32b1f805b64510bdcfa71531f803164510bdcfaa32b1f805b64580bdcfab6ce1f801cb0580bdcfaa32b1f805b64580bdcfab6ce1f801cb0fc0bdcc4a32b1f805b645decdcfad82b1f805b64510bdcfaa32bca805b645fc4dcfafded9d805bdf510bdcc4db2b
2026-10-01 23:45:15.652 [OP] 4111 inv=FFFD len=2 #2 5764
2026-10-01 23:45:15.653 [OP] 4112 inv=FFFD len=2 #2 dcc4
2026-10-01 23:45:15.653 [OP] 4112 inv=FFFD len=2 #3 52c4
2026-10-01 23:45:15.653 [OP] 4112 inv=FFFD len=2 #4 8bc4
2026-10-01 23:45:15.654 [OP] 4112 inv=FFFD len=2 #5 6ac4
2026-10-01 23:45:15.654 [OP] 4106 inv=FFFD len=2 #2 a37c
2026-10-01 23:45:16.896 [OP] 4109 inv=FF5B len=164 #3 4d5dad80956458d0dc47a32b1f805b64580bdcfa722b6fef6e6401c452fab72bca805b64dfb2dcfa397cca805bdf510bdcc4a32b92aa5b64c30bdcfaa32b1f805b64510b7acaa32b09075b64fc0b6ffaa3531f807fdf510bb522a32b1f805b64510bdcfa70bb1f80c5cd510b52faf82b1faa5b6477ecdcfabc531f805b64510bdcfaa32bf4075b64cdb2dcfaa378ca805bdf510b32c4a32bca805b64510bdcfa
2026-10-01 23:45:17.005 [OP] 4111 inv=FFFD len=2 #3 2764
2026-10-01 23:45:21.027 [OUT] 1F51 inv=FFFF len=4 #1 ffff511f
2026-10-01 23:45:21.074 [OP] 4F52 inv=FFFF len=0 #1 
2026-10-01 23:45:21.606 [OP] 472A inv=FE6C len=403 #1 02d8de1f547a64510bdcfaa32b1f805b64510bdce8a32b1f805b64510bdcfaa3bcad805b64510bdc29fd2b1f805b64510352faa32b1f805bcaf00bdcfaa32b1f188064510bdcfaa32b1f805b64510bdcfaa32b1f805b64510bdcfaa32b1f805b64510bdcfaa32b1f805b64510bdcfaa32b1f805b64510bdcfaa32b1f805b64510bdcfaa32b1f805b64510bdc7af82b1f2c5b6451f16ffaa3ccca805b5c510bdc
2026-10-01 23:45:21.693 [OP] 42CE inv=FFFB len=4 #1 c87f510b
2026-10-01 23:45:21.693 [OP] 4211 inv=FFF6 len=9 #1 aa5b6451c03e22a34a
2026-10-01 23:45:21.693 [OP] 4211 inv=FFF6 len=9 #2 aa5b64515ca722a34a
2026-10-01 23:45:21.694 [OP] 4211 inv=FFF6 len=9 #3 aa5b6451cd3e22a34a
2026-10-01 23:45:21.694 [OP] 4211 inv=FFF6 len=9 #4 aa5b645134a722a34a
2026-10-01 23:45:21.796 [OP] 47C0 inv=FFCF len=48 #1 7cdffd34059ff824388c2853127cc6c420953cabc362c0fd6fe0b9bbd78ce8da31ec90fcb4703ce8add958b1cdc2e8bb
2026-10-01 23:45:21.796 [OP] 47C0 inv=FFD8 len=39 #2 b39526127cc6c420953cabc362c0fd6fe0b9bbd78ce8da31ec90fcb4703ce8add958b1cdc2e8bb
2026-10-01 23:45:21.796 [OP] 47C0 inv=FFE1 len=30 #3 0faac462c0fd6fe0b9bbd78ce8da31ec90fcb4703ce8add958b1cdc2e8bb
2026-10-01 23:45:21.796 [OP] 47C0 inv=FFEA len=21 #4 51cac7e8da31ec90fcb4703ce8add958b1cdc2e8bb
2026-10-01 23:45:21.796 [OP] 47C0 inv=FFF3 len=12 #5 0253cae8add958b1cdc2e8bb
2026-10-01 23:45:26.803 [OP] 4613 inv=FF57 len=168 #1 fc65d6b23ed9cdaa95dfde5038ca0bb0ca543c0a49e3a4663153caaa9535debfdcfaf853caaa02c680ec1ec4972b59a07a64830b6fc4a324415c9052e7617afaa32b60740edf0bb26fc4f853caaa95df58ec6fc4f82b1faa95df58520251f851cad45bf85861dce8a32b1f8040e5eac88d7f152b1f808a2023ece6c2f853caaa95df58ec6fc4f853ca805bdf58ec6f5a7205cab39566517fdcfaa3931f805b64
2026-10-01 23:45:26.803 [OP] 4613 inv=FF57 len=168 #2 fc65d6b23ed9cdaa95dfde5038ca0bb0ca543c0a49e3a4663153caaa9535debfdcfaf853caaa02c680ec1ec4972b59802964830b6fc4a324415c9052e7617afaa32b60740edf0bb26fc4f853caaa95df58ec6fc4f82b1faa95df58520251f851cad45bf851f8dce8a32b1f8040e5eac88d7f152b1f808a2023ece6c2f853caaa95df58ec6fc4f853ca805bdf58ec6f5a7205cab39566517f7afaa3931f805b64
2026-10-01 23:45:27.785 [OP] 4100 inv=FFF9 len=6 #1 98aa6d264dec
2026-10-01 23:45:27.875 [OP] 4101 inv=FBFD len=1026 #1 418052faf82b1f805b64510b155a4e781f805b64510bdcfaa32b1f805b64510bdcfaa32b1f805b648e5f8b53a32bad795b64510bdcfa39241f805b64510bdcfaa32b1f805b647b8052fa392b1f80c464510bbba0a32bd9ad5b646a2bdcfa6ff51f807b81a552155a4e78c8d97b81660bdcfa4e78c8d995a91e2e69746388e50e5b64510bdcfaa32b1f532764510bdcfaa33084805b64510bdcfaa32b1f805b64
2026-10-01 23:45:27.967 [OUT] 1F51 inv=FFFF len=4 #2 ffff511f
2026-10-01 23:45:28.013 [OP] 4F52 inv=FFFF len=0 #2 
2026-10-01 23:45:28.836 [OUT] 1001 inv=FFF9 len=10 #1 f9ff01101f805b64510b
2026-10-01 23:45:29.011 [OP] 4211 inv=FFF6 len=9 #5 aa5b64511b3e22a34a
2026-10-01 23:45:29.104 [OP] 4108 inv=FFE3 len=28 #1 e787c464510bdcfa2153c8d9d8f8510bce4051421f805b64510bdcfa
2026-10-01 23:45:29.104 [OP] 4108 inv=FFE3 len=28 #2 e787c464510bdcfa4d531f80d8f8510bce4051ed1f805b64510bdcfa
2026-10-01 23:45:29.104 [OP] 4108 inv=FFF3 len=12 #3 4f0e392b1f805b64510bdcfa
2026-10-01 23:45:29.104 [OP] 4108 inv=FFF3 len=12 #4 4f0e392b1f805b64580bdcfa
2026-10-01 23:45:29.104 [OP] 4108 inv=FFF3 len=12 #5 4f0e392b1f805b640e0b155a
2026-10-01 23:45:31.222 [OP] 4105 inv=FFFE len=1 #3 c0
2026-10-01 23:45:31.223 [OP] 4105 inv=FFFE len=1 #4 af
2026-10-01 23:45:31.326 [OP] 4106 inv=FFFC len=3 #3 e546ed
2026-10-01 23:45:31.326 [OP] 4106 inv=FFFC len=3 #4 b1fdcb
2026-10-01 23:45:31.418 [OP] 4105 inv=FFFE len=1 #5 0c
2026-10-01 23:45:31.512 [OP] 4109 inv=FFB7 len=72 #4 e787c464517f6fc4a3cb1f805b64510b07faa32ba5775b6f87b1dcfa40ce1f8057080e0b07faa32b39125b640ed55efaa32b1f805bdf510b8222a32b39125b64080b5efaa32b1f80
2026-10-01 23:45:31.606 [OP] 4106 inv=FFFD len=2 #5 f824
2026-10-01 23:45:31.607 [OP] 4111 inv=FFFD len=2 #4 4064
2026-10-01 23:45:32.921 [OP] 4109 inv=FFB7 len=72 #5 e787c464517f6fc4a3931f805b64510b07faa32b9d105b6487b1dcfa40ce1f80c0260e7f07faa32b39125b640eb166faa32b1f805b64510b8222a32b39125b64080b66faa32b1f80
2026-10-01 23:45:33.019 [OP] 4111 inv=FFFD len=2 #5 1c64
2026-10-01 23:45:34.026 [OP] EFFE inv=FFFE len=1 #2 0b
2026-10-01 23:45:34.229 [OP] 4612 inv=FFEF len=16 #1 c464510ba305db2b42159464420490fa
2026-10-01 23:45:34.229 [OP] 4612 inv=FFF3 len=12 #2 90faa32b42159464420490fa
2026-10-01 23:45:34.229 [OP] 4612 inv=FFF7 len=8 #3 ca805b64420490fa
2026-10-01 23:45:37.250 [OP] 4613 inv=FF57 len=168 #3 fc65d6b23ed9cdaa95dfde5038ca0bb0ca543c0a49e3a4663153caaa9535debfdcfaf853ca8002c680ec1ec4972b595b5b64830b6fc4a324415c9052e7617afaa32b60740edf0bb26fc4f853caaa95df58ec6fc4f82b1faa95df51520251f851cad45bf84320dce8a32b1f8040e5eac88d7f152b1f808a2023ece6c2f853caaa95df58ec6fc4f853ca805bdf58ecdc5a7205cab39566517f52faa3931f805b64
2026-10-01 23:45:37.250 [OP] 4613 inv=FF98 len=103 #4 9360740edf0bb26fc4f853caaa95df58ec6fc4f82b1faa95df51520251f851cad45bf84320dce8a32b1f8040e5eac88d7f152b1f808a2023ece6c2f853caaa95df58ec6fc4f853ca805bdf58ecdc5a7205cab39566517f52faa3931f805b64b2e9ef6c702b1f80
2026-10-01 23:45:37.250 [OP] 4613 inv=FFCC len=51 #5 aa8a2023ece6c2f853caaa95df58ec6fc4f853ca805bdf58ecdc5a7205cab39566517f52faa3931f805b64b2e9ef6c702b1f80
2026-10-01 23:45:38.030 [OUT] 1F51 inv=FFFF len=4 #3 ffff511f
2026-10-01 23:45:38.077 [OP] 4F52 inv=FFFF len=0 #3 
2026-10-01 23:45:38.236 [OP] 4612 inv=FFF3 len=12 #4 90faa32b81e29464420490fa
2026-10-01 23:45:38.236 [OP] 4612 inv=FFF7 len=8 #5 ca805b64420490fa
2026-10-01 23:45:41.151 [OUT] 1004 inv=FFF3 len=16 #2 f3ff04108e359f2b59802364510bdcfa
2026-10-01 23:45:41.244 [OP] 4110 inv=FFFD len=2 #2 722b
2026-10-01 23:45:42.864 [OP] F005 inv=FFE7 len=24 #1 ed3572a4e10f854d1f805b64510bdcfaa3de1f80b430b80c
2026-10-01 23:45:44.623 [OP] 46FE inv=FFFF len=0 #2 
2026-10-01 23:45:47.482 [OP] 472A inv=FE6C len=403 #2 02d8de1fa82364510bdcfaa32b1f805b64510bdcc4a32b1f805b64510bdcfaa313ad805b64510bdc29fd2b1f805b64510352faa32b1f805bcaf00bdcfaa32b1f188064510bdcfaa32b1f805b64510bdcfaa32b1f805b64510bdcfaa32b1f805b64510bdcfaa32b1f805b64510bdcfaa32b1f805b64510bdcfaa32b1f805b64510bdcfaa32b1f805b64510bdc7af82b1f2c5b6451f16ffaa3ccca805bc7580bdc
2026-10-01 23:45:47.604 [OP] 42CE inv=FFFB len=4 #2 c87f510b
2026-10-01 23:45:51.576 [OP] 4100 inv=FFF9 len=6 #2 98aa1e26c0ec
2026-10-01 23:45:51.691 [OUT] 1F51 inv=FFFF len=4 #4 ffff511f
2026-10-01 23:45:51.738 [OP] 4F52 inv=FFFF len=0 #4 
2026-10-01 23:45:51.838 [OP] 4101 inv=FC6D len=914 #2 4d5dad809564510bdcfaa32bc8d97b81510bdcfaa32b1f805b64510bdcfaa32b1f805b64510bdcfa22069d4e5b64fc75dcfaa32b1f80c453510bdcfaa32b1f805b64510bdcfa215dad80c464510b52faa32b55925b646992dcfa1f7f1f80c831510b155a4e78c8d97b81a552155a562b1f807b81a5526f30c2d41e5f8bfa191edcfaa32b1f805b6451a0c6faa32b1f805b4d310bdcfaa32b1f805b64510bdcfa
2026-10-01 23:45:52.661 [OUT] 1001 inv=FFF9 len=10 #2 f9ff01101f805b64510b
2026-10-01 23:45:53.054 [OP] EFFE inv=FFFE len=1 #3 0b
2026-10-01 23:45:59.800 [OUT] 1004 inv=FFF3 len=16 #3 f3ff04108e359f2b59802364510bdcfa
2026-10-01 23:45:59.921 [OP] 4110 inv=FFFD len=2 #3 722b
2026-10-01 23:46:01.742 [OUT] 1F51 inv=FFFF len=4 #5 ffff511f
2026-10-01 23:46:01.791 [OP] 4F52 inv=FFFF len=0 #5 
2026-10-01 23:46:04.067 [OP] EFFE inv=FFFE len=1 #4 0b
2026-10-01 23:46:06.069 [OP] 472A inv=FE6C len=403 #3 02d8de1fa46b64510bdcfaa32b1f805b64510bdce8a32b1f805b64510bdcfaa3b3ca805b64510bdc29fd2b1f805b64510352faa32b1f805bcaf00bdcfaa32b1f188064510bdcfaa32b1f805b64510bdcfaa32b1f805b64510bdcfaa32b1f805b64510bdcfaa32b1f805b64510bdcfaa32b1f805b64510bdcfaa32b1f805b64510bdcfaa32b1f805b64510bdcbdf82b1f1b956451f16ffaa3ccca805bd3580bdc
2026-10-01 23:46:06.248 [OP] 42CE inv=FFFB len=4 #3 c87f510b
2026-10-01 23:46:12.201 [OP] 4100 inv=FFF9 len=6 #3 98aadef82d7f
2026-10-01 23:46:12.394 [OP] 4101 inv=FC6D len=914 #3 4d5dad809564510bdcfaa32bc8d97b81510bdcfaa32b1f805b64510bdcfaa32b1f805b64510bdcfa22069d4e5b64fc75dcfaa32b1f80c453510bdcfaa32b1f805b64510bdcfa215dad80c464510b52faa32b55925b646992dcfa1f7f1f80c831510b155a4e78c8d97b81a552155a562b1f807b81a5526f30c2d41e5f8bfa191edcfaa32b1f805b6451a0c6faa32b1f805b4d310bdcfaa32b1f805b64510bdcfa
2026-10-01 23:46:13.281 [OUT] 1001 inv=FFF9 len=10 #3 f9ff01101f805b64510b
2026-10-01 23:46:14.081 [OP] EFFE inv=FFFE len=1 #5 0b
2026-10-01 23:46:14.883 [OP] 46FE inv=FFFF len=0 #3 
2026-10-01 23:46:24.969 [OUT] 1004 inv=FFF3 len=16 #4 f3ff04108e359f2b59802364510bdcfa
2026-10-01 23:46:25.208 [OP] 4110 inv=FFFD len=2 #4 722b
2026-10-01 23:46:32.876 [OP] 472A inv=FE76 len=393 #4 02d8de1f126e64510bdcfaa32b1f805b64510bdce8a32b1f805b64510bdcfaa31359805b64510bdc29fd2b1f805b64510352faa32b1f805bcaf00bdcfaa32b1f188064510bdcfaa32b1f805b64510bdcfaa32b1f805b64510bdcfaa32b1f805b64510bdcfaa32b1f805b64510bdcfaa32b1f805b64510bdcfaa32b1f805b64510bdcfaa32b1f805b64510bdcb5a32b1f1b95645153dcfaa3ccca805bd3580bdc
2026-10-01 23:46:32.970 [OP] 42CE inv=FFFB len=4 #4 c87f510b
2026-10-01 23:46:37.010 [OP] 4100 inv=FFF9 len=6 #4 98aad72656ec
2026-10-01 23:46:37.199 [OP] 4101 inv=FC6D len=914 #4 4d5dad809564510bdcfaa32bc8d97b81510bdcfaa32b1f805b64510bdcfaa32b1f805b64510bdcfa22069d4e5b64fc75dcfaa32b1f80c453510bdcfaa32b1f805b64510bdcfa215dad80c464510b52faa32b55925b646992dcfa1f7f1f80c831510b155a4e78c8d97b81a552155a562b1f807b81a5526f30c2d41e5f8bfa191edcfaa32b1f805b6451a0c6faa32b1f805b4d310bdcfaa32b1f805b64510bdcfa
2026-10-01 23:46:38.066 [OUT] 1001 inv=FFF9 len=10 #4 f9ff01101f805b64510b
2026-10-01 23:46:39.354 [OP] 4210 inv=FFF3 len=12 #1 ac0bdcfae82b1f80a0ecfc0b
2026-10-01 23:46:43.765 [OUT] 1004 inv=FFF3 len=16 #5 f3ff04108e359f2b59802364510bdcfa
2026-10-01 23:46:44.051 [OP] 4110 inv=FFFD len=2 #5 722b
2026-10-01 23:46:45.139 [OP] 46FE inv=FFFF len=0 #4 
2026-10-01 23:46:50.147 [OP] 472A inv=FE6C len=403 #5 02d8de1fc91b64510bdcfaa32b1f805b64510bdce8a32b1f805b64510bdcfaa31359805b64510bdc29fd2b1f805b64510352faa32b1f805bcaf00bdcfaa32b1f188064510bdcfaa32b1f805b64510bdcfaa32b1f805b64510bdcfaa32b1f805b64510bdcfaa32b1f805b64510bdcfaa32b1f805b64510bdcfaa32b1f805b64510bdcfaa32b1f805b64510bdcbdf82b1fc3956451f16ffaa391ca805bc7580bdc
2026-10-01 23:46:50.246 [OP] 42CE inv=FFFB len=4 #5 c87f510b
2026-10-01 23:46:56.255 [OP] 4100 inv=FFF9 len=6 #5 98aad97ffe7f
2026-10-01 23:46:56.532 [OP] 4101 inv=FC35 len=970 #5 a1ecfc0b6ffaa32b1f805b64a552155aa32b1f805b64510bdcfaa32b1f805b64510bdcfaa32b1f80d0c6b2b2dcfa39241f805b64510b525ba32b1f805b64510bdcfaa32b1f8057ecfc0b52faa32bad805b64a0ffdcfa3df21f803f55510b8631a32bc8d97b81a552155a4e78c8d96c64510b155a4e78caa0ed3572a4e10f854d1f805b64510bdcfa4b3084805b64510bdca1b72b1f805b64510bdcfaa32b1f80
2026-10-01 23:46:57.309 [OUT] 1001 inv=FFF9 len=10 #5 f9ff01101f805b64510b
2026-10-01 23:47:15.362 [OP] 46FE inv=FFFF len=0 #5 
2026-10-01 23:48:06.054 [OP] F005 inv=FFE7 len=24 #2 ed3572a407b3854d1f805b64510bdcfaa3de1f8ca9608ab1
2026-10-01 23:48:06.532 [OP] F005 inv=FFE7 len=24 #3 ed3572a4cd97854d1f805b64510bdcfaa3debcca28a1e1b2
2026-10-01 23:48:52.373 [OUT] 1005 inv=FFEF len=20 #1 efff0510a498f853a4804064fd0bb6faa32b1f80
2026-10-01 23:49:12.622 [OUT] 1005 inv=FFEF len=20 #2 efff0510a498f853a4ce4064fd0bb6faa32b1f80
2026-10-01 23:49:30.050 [OP] F005 inv=FFE7 len=24 #4 ed3572a407b3854d1f805b64510bdcfaa3ce66ceddeef4ec
2026-10-01 23:52:10.323 [OUT] 1005 inv=FFEF len=20 #3 efff0510a498f853a4804064fd0bb6faa32b1f80
2026-10-01 23:52:30.784 [OP] F005 inv=FFE7 len=24 #5 ed3572a407b3854d1f805b64510bdcfaa3de1f80d92f178f
2026-10-01 23:53:01.919 [OUT] 1005 inv=FFEF len=20 #4 efff0510a498f853a4ce4064fd0bb6faa32b1f80
2026-10-01 23:54:54.652 [OUT] 1005 inv=FFEF len=20 #5 efff0510a498f853a4ce4064fd0bb6faa32b1f80
2026-10-02 00:00:00.540 [SYS] #FFCC00#寄售行已打烊，暂停寄售交易，预计 02:00 恢复营业。
2026-10-02 00:00:00.968 [SYS] 今日的许愿已结束，下次开放时间12:00
2026-10-02 00:00:10.558 [OP] 4210 inv=FFF3 len=12 #2 ac0bdcfae82b1f80c6ecfc0b
2026-10-02 00:04:14.164 [PIPE] controller disconnected
2026-10-02 00:04:22.119 [PIPE] controller connected
2026-10-02 00:04:42.948 [INIT] dll unloaded
2026-10-02 00:04:44.512 [INIT] dll loaded, pid=33020
2026-10-02 00:04:44.512 [INIT] codec loaded OK
2026-10-02 00:04:44.512 [INIT] iat hooks: recv=1 send=1 WSASend=1 connect=1 closesocket=1
2026-10-02 00:04:44.534 [OV] overlay window ready
2026-10-02 00:04:51.712 [OP] EFFE inv=FFFE len=1 #1 0b
2026-10-02 00:04:51.712 [OP] F005 inv=FFE7 len=24 #1 ed3572a4cd97854d1f805b64510bdcfaa32b5ebc585046b2
