2026-10-03 17:05:43.070 [INIT] dll loaded, pid=15280 (pure network mode)
2026-10-03 17:05:43.070 [INIT] codec loaded OK
2026-10-03 17:05:43.070 [INIT] iat hooks: recv=1 send=1 WSASend=1 connect=1 closesocket=1
2026-10-03 17:05:43.380 [PIPE] controller connected
2026-10-03 17:06:08.722 [CONNECT] sock 2496 -> port 8484
2026-10-03 17:06:11.171 [NET-E] sock=2496 r=-1 err=10058
2026-10-03 17:06:11.171 [CLOSE] main sock 2496 closed
2026-10-03 17:06:13.411 [CONNECT] sock 2684 -> port 8484
2026-10-03 17:06:15.700 [CONNECT] sock 2768 -> port 8485
2026-10-03 17:06:15.745 [MAIN-SOCK] identified game world sock 2768 (WSASend op=F001)
2026-10-03 17:07:42.024 [SETTLE] exp=1 gold=199366 len=393
2026-10-03 17:08:08.864 [SETTLE] exp=2 gold=199366 len=393
2026-10-03 17:08:36.775 [SETTLE] exp=2 gold=199366 len=393
2026-10-03 17:09:10.436 [SETTLE] exp=2 gold=199366 len=393
2026-10-03 17:09:42.157 [SETTLE] exp=1 gold=199366 len=393
2026-10-03 17:10:00.074 [SYS] #00FFFF#尊敬的冒险者们，今天是#FFFF00#力量之日#00FFFF#！#FFFF00#力量卡片#00FFFF#和少量稀有卡片已经散落在了梦境世界的各个角落，等待着它们的主人！赶快战斗吧，去寻找属于你的卡片！
2026-10-03 17:10:08.609 [SETTLE] exp=2 gold=199366 len=393
2026-10-03 17:10:40.811 [SETTLE] exp=1 gold=199366 len=393
2026-10-03 17:11:00.116 [SYS] #00FFFF#活动中获得的卡片可以在#00FF00#龙之都#00FFFF#的#FF0000#奥里雷西亚女士#00FFFF#处兑换其它卡片或者收藏品；打开锁着的藏宝箱得到的#FFFF00#武器大师礼券#00FFFF#可以在#00FF00#龙之都#00FFFF#的#FF0000#哼哼先生#00FFFF#处兑换锻造金色武器的原料。
2026-10-03 17:11:13.087 [SETTLE] exp=2 gold=199366 len=393
2026-10-03 17:11:37.235 [SETTLE] exp=2 gold=199366 len=393
2026-10-03 17:12:06.606 [SETTLE] exp=2 gold=199366 len=393
2026-10-03 17:12:44.408 [SETTLE] exp=2 gold=199366 len=393
2026-10-03 17:13:19.528 [SETTLE] exp=1 gold=199366 len=393
2026-10-03 17:13:54.768 [SETTLE] exp=1 gold=199366 len=403
2026-10-03 17:14:25.819 [SETTLE] exp=2 gold=199366 len=393
2026-10-03 17:14:50.477 [SETTLE] exp=2 gold=199366 len=393
2026-10-03 17:15:19.653 [SETTLE] exp=1 gold=199366 len=393
2026-10-03 17:15:54.422 [SETTLE] exp=1 gold=199366 len=393
2026-10-03 17:16:16.195 [SETTLE] exp=2 gold=199366 len=393
2026-10-03 17:16:40.110 [SETTLE] exp=2 gold=199366 len=393
2026-10-03 17:17:10.655 [SETTLE] exp=2 gold=199366 len=393
2026-10-03 17:17:34.960 [SETTLE] exp=2 gold=199366 len=393
2026-10-03 17:17:59.093 [SETTLE] exp=2 gold=199366 len=393
2026-10-03 17:18:25.545 [SETTLE] exp=1 gold=199366 len=393
2026-10-03 17:19:05.044 [SETTLE] exp=2 gold=199366 len=393
2026-10-03 17:19:32.595 [SETTLE] exp=2 gold=199366 len=393
2026-10-03 17:19:59.498 [SETTLE] exp=1 gold=199366 len=393
2026-10-03 17:20:00.065 [SYS] #00FFFF#尊敬的冒险者们，今天是#FFFF00#力量之日#00FFFF#！#FFFF00#力量卡片#00FFFF#和少量稀有卡片已经散落在了梦境世界的各个角落，等待着它们的主人！赶快战斗吧，去寻找属于你的卡片！
2026-10-03 17:20:39.588 [SETTLE] exp=1 gold=199366 len=393
2026-10-03 17:21:00.065 [SYS] #00FFFF#活动中获得的卡片可以在#00FF00#龙之都#00FFFF#的#FF0000#奥里雷西亚女士#00FFFF#处兑换其它卡片或者收藏品；打开锁着的藏宝箱得到的#FFFF00#武器大师礼券#00FFFF#可以在#00FF00#龙之都#00FFFF#的#FF0000#哼哼先生#00FFFF#处兑换锻造金色武器的原料。
2026-10-03 17:21:02.530 [SETTLE] exp=2 gold=199366 len=393
2026-10-03 17:21:26.015 [SETTLE] exp=1 gold=199366 len=393
2026-10-03 17:21:53.936 [SETTLE] exp=1 gold=199366 len=393
2026-10-03 17:22:22.107 [SETTLE] exp=1 gold=199366 len=393
2026-10-03 17:22:56.091 [SETTLE] exp=1 gold=199366 len=393
2026-10-03 17:23:22.671 [SETTLE] exp=1 gold=199366 len=393
2026-10-03 17:23:47.264 [SETTLE] exp=1 gold=199366 len=393
2026-10-03 17:24:11.031 [SETTLE] exp=1 gold=199366 len=393
2026-10-03 17:24:37.469 [SETTLE] exp=2 gold=199366 len=393
2026-10-03 17:25:05.697 [SETTLE] exp=1 gold=199366 len=393
2026-10-03 17:25:30.227 [SETTLE] exp=1 gold=199366 len=393
2026-10-03 17:25:57.153 [SETTLE] exp=1 gold=199366 len=393
2026-10-03 17:26:23.810 [SETTLE] exp=1 gold=199366 len=393
2026-10-03 17:27:04.337 [SETTLE] exp=1 gold=199366 len=393
2026-10-03 17:27:28.389 [SETTLE] exp=1 gold=199366 len=393
2026-10-03 17:27:50.875 [SETTLE] exp=2 gold=199366 len=393
2026-10-03 17:28:17.297 [SETTLE] exp=2 gold=199366 len=393
2026-10-03 17:29:03.388 [SETTLE] exp=2 gold=199366 len=393
2026-10-03 17:29:29.273 [QUESTION] {"type":"question","sock":2684,"qno":6,"field_a":80,"stem":".“竹子”属于哪一类植物？","options":["1、处长职务","2、食肉植物","3、草本植物","4、食草植物"]}
2026-10-03 17:29:31.778 [SEND-ANSWER] qno=6 opt=2 ret=13 sock=2684
2026-10-03 17:29:31.834 [SYS] 测试通过！
2026-10-03 17:29:31.923 [SYS] 获得了#00FF00#100#FFF692#金币
2026-10-03 17:29:33.323 [SETTLE] exp=2 gold=199366 len=393
2026-10-03 17:30:00.070 [SYS] #00FFFF#尊敬的冒险者们，今天是#FFFF00#力量之日#00FFFF#！#FFFF00#力量卡片#00FFFF#和少量稀有卡片已经散落在了梦境世界的各个角落，等待着它们的主人！赶快战斗吧，去寻找属于你的卡片！
2026-10-03 17:30:11.362 [SETTLE] exp=2 gold=199366 len=393
2026-10-03 17:30:41.777 [SETTLE] exp=1 gold=199366 len=393
2026-10-03 17:31:00.072 [SYS] #00FFFF#活动中获得的卡片可以在#00FF00#龙之都#00FFFF#的#FF0000#奥里雷西亚女士#00FFFF#处兑换其它卡片或者收藏品；打开锁着的藏宝箱得到的#FFFF00#武器大师礼券#00FFFF#可以在#00FF00#龙之都#00FFFF#的#FF0000#哼哼先生#00FFFF#处兑换锻造金色武器的原料。
2026-10-03 17:31:17.496 [SETTLE] exp=2 gold=199366 len=393
2026-10-03 17:31:49.078 [SETTLE] exp=1 gold=199366 len=393
2026-10-03 17:32:19.082 [SETTLE] exp=1 gold=199366 len=393
2026-10-03 17:32:43.972 [SETTLE] exp=2 gold=199366 len=393
2026-10-03 17:33:21.651 [SETTLE] exp=1 gold=199366 len=393
2026-10-03 17:33:59.211 [SETTLE] exp=1 gold=199366 len=393
2026-10-03 17:34:21.575 [SETTLE] exp=2 gold=199366 len=393
2026-10-03 17:34:45.418 [SETTLE] exp=2 gold=199366 len=393
2026-10-03 17:35:25.265 [SETTLE] exp=2 gold=199366 len=393
2026-10-03 17:36:10.414 [SETTLE] exp=1 gold=199366 len=393
2026-10-03 17:36:37.352 [SETTLE] exp=2 gold=199366 len=393
2026-10-03 17:37:03.486 [SETTLE] exp=2 gold=199366 len=393
2026-10-03 17:37:49.556 [SETTLE] exp=1 gold=199366 len=393
2026-10-03 17:38:18.404 [SETTLE] exp=2 gold=199366 len=393
2026-10-03 17:38:44.368 [SETTLE] exp=2 gold=199366 len=393
2026-10-03 17:39:10.343 [SETTLE] exp=1 gold=199366 len=393
2026-10-03 17:39:34.367 [SETTLE] exp=2 gold=199366 len=393
2026-10-03 17:40:00.120 [SYS] #00FFFF#尊敬的冒险者们，今天是#FFFF00#力量之日#00FFFF#！#FFFF00#力量卡片#00FFFF#和少量稀有卡片已经散落在了梦境世界的各个角落，等待着它们的主人！赶快战斗吧，去寻找属于你的卡片！
2026-10-03 17:40:01.301 [SETTLE] exp=2 gold=199366 len=393
2026-10-03 17:40:28.801 [SETTLE] exp=2 gold=199366 len=393
2026-10-03 17:40:51.663 [SETTLE] exp=1 gold=199366 len=393
2026-10-03 17:41:00.111 [SYS] #00FFFF#活动中获得的卡片可以在#00FF00#龙之都#00FFFF#的#FF0000#奥里雷西亚女士#00FFFF#处兑换其它卡片或者收藏品；打开锁着的藏宝箱得到的#FFFF00#武器大师礼券#00FFFF#可以在#00FF00#龙之都#00FFFF#的#FF0000#哼哼先生#00FFFF#处兑换锻造金色武器的原料。
2026-10-03 17:41:28.268 [SETTLE] exp=2 gold=199366 len=393
2026-10-03 17:41:56.884 [SETTLE] exp=1 gold=199366 len=393
2026-10-03 17:42:25.166 [SETTLE] exp=2 gold=199366 len=393
2026-10-03 17:42:52.825 [SETTLE] exp=2 gold=199366 len=393
2026-10-03 17:43:15.322 [SETTLE] exp=2 gold=199366 len=393
2026-10-03 17:43:42.309 [SETTLE] exp=1 gold=199366 len=393
2026-10-03 17:44:14.728 [SETTLE] exp=2 gold=199366 len=393
2026-10-03 17:44:45.175 [SETTLE] exp=1 gold=199366 len=393
2026-10-03 17:45:13.115 [SETTLE] exp=2 gold=199366 len=393
2026-10-03 17:45:46.568 [SETTLE] exp=2 gold=199366 len=393
2026-10-03 17:46:15.964 [SETTLE] exp=2 gold=199366 len=393
2026-10-03 17:46:44.165 [SETTLE] exp=2 gold=199366 len=393
2026-10-03 17:47:15.787 [SETTLE] exp=1 gold=199366 len=393
2026-10-03 17:47:45.399 [SETTLE] exp=2 gold=199366 len=393
2026-10-03 17:48:13.580 [SETTLE] exp=2 gold=199366 len=393
2026-10-03 17:48:42.556 [SETTLE] exp=1 gold=199366 len=393
2026-10-03 17:49:09.289 [SETTLE] exp=2 gold=199366 len=393
2026-10-03 17:49:46.182 [SETTLE] exp=2 gold=199366 len=393
2026-10-03 17:50:00.073 [SYS] #00FFFF#尊敬的冒险者们，今天是#FFFF00#力量之日#00FFFF#！#FFFF00#力量卡片#00FFFF#和少量稀有卡片已经散落在了梦境世界的各个角落，等待着它们的主人！赶快战斗吧，去寻找属于你的卡片！
2026-10-03 17:50:11.915 [SETTLE] exp=1 gold=199366 len=393
2026-10-03 17:50:49.352 [SETTLE] exp=1 gold=199366 len=393
2026-10-03 17:51:00.079 [SYS] #00FFFF#活动中获得的卡片可以在#00FF00#龙之都#00FFFF#的#FF0000#奥里雷西亚女士#00FFFF#处兑换其它卡片或者收藏品；打开锁着的藏宝箱得到的#FFFF00#武器大师礼券#00FFFF#可以在#00FF00#龙之都#00FFFF#的#FF0000#哼哼先生#00FFFF#处兑换锻造金色武器的原料。
2026-10-03 17:51:12.593 [SETTLE] exp=2 gold=199366 len=393
2026-10-03 17:51:36.101 [SETTLE] exp=2 gold=199366 len=393
2026-10-03 17:52:01.876 [SETTLE] exp=1 gold=199366 len=393
2026-10-03 17:52:27.835 [SETTLE] exp=2 gold=199366 len=393
2026-10-03 17:52:50.134 [SETTLE] exp=1 gold=199366 len=393
2026-10-03 17:53:14.385 [SETTLE] exp=2 gold=199366 len=393
2026-10-03 17:53:37.599 [SETTLE] exp=1 gold=199366 len=393
2026-10-03 17:54:03.611 [SETTLE] exp=2 gold=199366 len=393
2026-10-03 17:54:25.660 [SETTLE] exp=2 gold=199366 len=393
2026-10-03 17:54:58.620 [SETTLE] exp=1 gold=199366 len=393
2026-10-03 17:55:21.681 [SETTLE] exp=1 gold=199366 len=393
2026-10-03 17:55:56.097 [SETTLE] exp=1 gold=199366 len=393
2026-10-03 17:56:25.316 [SETTLE] exp=2 gold=199366 len=393
2026-10-03 17:56:58.704 [SETTLE] exp=1 gold=199366 len=393
2026-10-03 17:57:29.721 [SETTLE] exp=2 gold=199366 len=393
2026-10-03 17:58:10.057 [SETTLE] exp=2 gold=199366 len=393
2026-10-03 17:58:29.957 [SETTLE] exp=1 gold=199366 len=393
2026-10-03 17:59:00.084 [SETTLE] exp=2 gold=199366 len=393
2026-10-03 17:59:25.581 [SETTLE] exp=2 gold=199366 len=393
2026-10-03 17:59:53.151 [SETTLE] exp=2 gold=199366 len=393
2026-10-03 18:00:00.008 [SYS] #00FFFF#到目前为止，已经有无数的卡片找到了它们的主人！#FFFF00#力量之日#00FFFF#活动到此暂告一段落，祝大家游戏快乐，好运连连。让我们一起期待下一个活动日的到来吧！
2026-10-03 18:00:29.710 [SETTLE] exp=2 gold=199366 len=393
2026-10-03 18:00:58.407 [SETTLE] exp=1 gold=199366 len=393
2026-10-03 18:01:25.348 [SETTLE] exp=1 gold=199366 len=393
2026-10-03 18:01:52.867 [SETTLE] exp=1 gold=199366 len=393
2026-10-03 18:02:19.089 [SETTLE] exp=1 gold=199366 len=393
2026-10-03 18:02:55.734 [SETTLE] exp=2 gold=199366 len=393
2026-10-03 18:03:24.508 [SETTLE] exp=1 gold=199366 len=393
2026-10-03 18:03:49.418 [SETTLE] exp=1 gold=199366 len=393
2026-10-03 18:04:29.144 [SETTLE] exp=2 gold=199366 len=393
2026-10-03 18:04:58.217 [SETTLE] exp=1 gold=199366 len=393
2026-10-03 18:05:25.816 [SETTLE] exp=2 gold=199366 len=393
2026-10-03 18:05:54.455 [SETTLE] exp=1 gold=199366 len=393
2026-10-03 18:06:21.080 [SETTLE] exp=1 gold=199366 len=393
2026-10-03 18:06:47.673 [SETTLE] exp=2 gold=199366 len=393
2026-10-03 18:07:37.502 [SETTLE] exp=2 gold=199366 len=393
2026-10-03 18:08:08.327 [SETTLE] exp=2 gold=199366 len=393
2026-10-03 18:08:35.273 [SETTLE] exp=1 gold=199366 len=393
2026-10-03 18:09:04.049 [SETTLE] exp=1 gold=199366 len=393
2026-10-03 18:09:42.173 [SETTLE] exp=1 gold=199366 len=393
2026-10-03 18:10:11.326 [SETTLE] exp=2 gold=199366 len=393
2026-10-03 18:10:42.225 [SETTLE] exp=2 gold=199366 len=393
2026-10-03 18:11:17.330 [SETTLE] exp=2 gold=199366 len=393
2026-10-03 18:11:45.127 [SETTLE] exp=2 gold=199366 len=393
2026-10-03 18:12:11.267 [SETTLE] exp=1 gold=199366 len=393
2026-10-03 18:12:33.038 [SETTLE] exp=2 gold=199366 len=393
2026-10-03 18:12:58.152 [SETTLE] exp=2 gold=199366 len=393
2026-10-03 18:13:37.862 [SETTLE] exp=2 gold=199366 len=393
2026-10-03 18:14:02.098 [SETTLE] exp=2 gold=199366 len=393
2026-10-03 18:14:43.743 [SETTLE] exp=1 gold=199366 len=393
2026-10-03 18:15:07.815 [SETTLE] exp=2 gold=199366 len=393
2026-10-03 18:15:54.722 [SETTLE] exp=1 gold=199366 len=393
2026-10-03 18:16:16.299 [SETTLE] exp=2 gold=199366 len=393
2026-10-03 18:16:39.337 [SETTLE] exp=1 gold=199366 len=393
2026-10-03 18:17:02.404 [SETTLE] exp=2 gold=199366 len=393
2026-10-03 18:17:29.978 [SETTLE] exp=1 gold=199366 len=393
2026-10-03 18:17:55.939 [SETTLE] exp=1 gold=199366 len=393
2026-10-03 18:18:33.937 [SETTLE] exp=2 gold=199366 len=393
2026-10-03 18:19:24.326 [SETTLE] exp=1 gold=199366 len=393
2026-10-03 18:20:11.403 [SETTLE] exp=1 gold=199366 len=393
2026-10-03 18:20:17.798 [SYS] #FFF692#恭喜#FF8CF8#情義丶聪爺#FFF692#在#00C8F8#珍稀特殊RP箱#FFF692#中获得了#64FF7D#特殊3阶宠装强化剂
2026-10-03 18:20:17.940 [SYS] #FFF692#恭喜#FF8CF8#情義丶聪爺#FFF692#在#00C8F8#珍稀特殊RP箱#FFF692#中获得了#64FF7D#特殊3阶宠装强化剂
2026-10-03 18:20:40.689 [SETTLE] exp=2 gold=199366 len=393
2026-10-03 18:21:07.911 [SETTLE] exp=2 gold=199366 len=393
2026-10-03 18:21:33.313 [SETTLE] exp=2 gold=199366 len=393
2026-10-03 18:22:23.402 [SETTLE] exp=2 gold=199366 len=393
2026-10-03 18:22:47.948 [SETTLE] exp=1 gold=199366 len=393
2026-10-03 18:23:09.548 [SETTLE] exp=1 gold=199366 len=393
2026-10-03 18:23:43.199 [SETTLE] exp=1 gold=199366 len=393
2026-10-03 18:24:07.251 [SETTLE] exp=2 gold=199366 len=393
2026-10-03 18:24:25.748 [SETTLE] exp=2 gold=199366 len=393
2026-10-03 18:25:06.278 [SETTLE] exp=1 gold=199366 len=393
2026-10-03 18:25:35.508 [SETTLE] exp=2 gold=199366 len=393
2026-10-03 18:26:02.212 [SETTLE] exp=2 gold=199366 len=393
2026-10-03 18:26:20.762 [SETTLE] exp=1 gold=199366 len=393
2026-10-03 18:26:44.696 [SETTLE] exp=2 gold=199366 len=393
2026-10-03 18:27:18.947 [SETTLE] exp=2 gold=199366 len=393
2026-10-03 18:27:48.612 [SETTLE] exp=1 gold=199366 len=393
2026-10-03 18:28:12.593 [SETTLE] exp=2 gold=199366 len=393
2026-10-03 18:28:50.788 [SETTLE] exp=1 gold=199366 len=393
2026-10-03 18:29:32.387 [SETTLE] exp=2 gold=199366 len=393
2026-10-03 18:29:55.900 [SETTLE] exp=1 gold=199366 len=393
2026-10-03 18:30:21.606 [SETTLE] exp=1 gold=199366 len=393
2026-10-03 18:30:46.567 [SETTLE] exp=2 gold=199366 len=393
2026-10-03 18:31:24.673 [SETTLE] exp=1 gold=199366 len=393
2026-10-03 18:31:50.050 [SETTLE] exp=2 gold=199366 len=393
2026-10-03 18:32:20.045 [SETTLE] exp=1 gold=199366 len=393
2026-10-03 18:32:45.026 [SETTLE] exp=2 gold=199366 len=393
2026-10-03 18:33:22.900 [SETTLE] exp=2 gold=199366 len=393
2026-10-03 18:34:03.561 [SETTLE] exp=1 gold=199366 len=393
2026-10-03 18:34:40.763 [SETTLE] exp=2 gold=199366 len=393
2026-10-03 18:35:17.044 [SETTLE] exp=2 gold=199366 len=393
2026-10-03 18:36:03.992 [SETTLE] exp=2 gold=199366 len=393
2026-10-03 18:36:46.521 [SETTLE] exp=1 gold=199366 len=393
2026-10-03 18:37:30.050 [SETTLE] exp=2 gold=199366 len=393
2026-10-03 18:38:07.482 [SETTLE] exp=1 gold=199366 len=393
2026-10-03 18:38:37.886 [SETTLE] exp=1 gold=199366 len=393
2026-10-03 18:39:09.276 [SETTLE] exp=2 gold=199366 len=393
2026-10-03 18:39:40.062 [SETTLE] exp=1 gold=199366 len=393
2026-10-03 18:40:11.380 [SETTLE] exp=1 gold=199366 len=393
2026-10-03 18:40:55.671 [SETTLE] exp=2 gold=199366 len=393
2026-10-03 18:41:39.443 [SETTLE] exp=1 gold=199366 len=393
2026-10-03 18:42:23.505 [SETTLE] exp=2 gold=199366 len=393
2026-10-03 18:42:50.623 [SETTLE] exp=1 gold=199366 len=393
2026-10-03 18:43:20.638 [SETTLE] exp=2 gold=199366 len=393
2026-10-03 18:44:10.559 [SETTLE] exp=2 gold=199366 len=393
2026-10-03 18:44:45.944 [SETTLE] exp=2 gold=199366 len=403
2026-10-03 18:45:32.461 [SETTLE] exp=1 gold=199366 len=403
2026-10-03 18:46:03.033 [SETTLE] exp=2 gold=199366 len=393
2026-10-03 18:46:38.979 [SETTLE] exp=2 gold=199366 len=393
2026-10-03 18:47:14.076 [SETTLE] exp=2 gold=199366 len=393
2026-10-03 18:47:36.010 [SETTLE] exp=1 gold=199366 len=393
2026-10-03 18:48:00.212 [SETTLE] exp=2 gold=199366 len=393
2026-10-03 18:48:27.700 [SETTLE] exp=2 gold=199366 len=393
2026-10-03 18:48:51.167 [SETTLE] exp=2 gold=199366 len=393
2026-10-03 18:49:22.088 [SETTLE] exp=2 gold=199366 len=393
2026-10-03 18:49:50.040 [SETTLE] exp=1 gold=199366 len=393
2026-10-03 18:50:36.358 [SETTLE] exp=1 gold=199366 len=393
2026-10-03 18:50:58.078 [SETTLE] exp=1 gold=199366 len=393
2026-10-03 18:51:27.367 [SETTLE] exp=1 gold=199366 len=393
2026-10-03 18:52:12.189 [SETTLE] exp=2 gold=199366 len=393
2026-10-03 18:52:36.930 [SETTLE] exp=2 gold=199366 len=393
2026-10-03 18:53:22.411 [SETTLE] exp=1 gold=199366 len=393
2026-10-03 18:53:47.018 [SETTLE] exp=2 gold=199366 len=393
2026-10-03 18:54:30.274 [SETTLE] exp=2 gold=199366 len=393
2026-10-03 18:55:02.007 [SETTLE] exp=2 gold=199366 len=393
2026-10-03 18:55:31.882 [SETTLE] exp=2 gold=199366 len=393
2026-10-03 18:55:56.337 [SETTLE] exp=1 gold=199366 len=393
2026-10-03 18:56:24.697 [SETTLE] exp=2 gold=199366 len=393
2026-10-03 18:56:52.321 [SETTLE] exp=1 gold=199366 len=393
2026-10-03 18:57:34.597 [SETTLE] exp=2 gold=199366 len=393
2026-10-03 18:57:59.676 [SETTLE] exp=1 gold=199366 len=393
2026-10-03 18:58:26.421 [SETTLE] exp=1 gold=199366 len=393
2026-10-03 18:58:54.666 [SETTLE] exp=2 gold=199366 len=393
2026-10-03 18:59:23.199 [SETTLE] exp=2 gold=199366 len=393
2026-10-03 18:59:45.550 [SETTLE] exp=2 gold=199366 len=393
2026-10-03 18:59:48.468 [QUESTION] {"type":"question","sock":2684,"qno":1,"field_a":59,"stem":"以下不属于马的动物？","options":["1、海马","2、赤兔","3、白马","4、红马"]}
2026-10-03 18:59:49.374 [SEND-ANSWER] qno=1 opt=0 ret=13 sock=2684
2026-10-03 18:59:49.433 [SYS] 测试通过！
2026-10-03 18:59:49.529 [SYS] 获得了#00FF00#100#FFF692#金币
2026-10-03 19:00:30.219 [SETTLE] exp=2 gold=199366 len=393
2026-10-03 19:01:10.196 [SETTLE] exp=2 gold=199366 len=393
2026-10-03 19:01:48.891 [SETTLE] exp=2 gold=199366 len=393
2026-10-03 19:02:24.557 [SETTLE] exp=1 gold=199366 len=393
2026-10-03 19:03:01.066 [SETTLE] exp=1 gold=199366 len=393
2026-10-03 19:03:32.097 [SETTLE] exp=2 gold=199366 len=393
2026-10-03 19:03:57.661 [SETTLE] exp=1 gold=199366 len=393
2026-10-03 19:04:25.567 [SETTLE] exp=1 gold=199366 len=393
2026-10-03 19:04:48.793 [SETTLE] exp=2 gold=199366 len=393
2026-10-03 19:05:30.541 [SETTLE] exp=1 gold=199366 len=393
2026-10-03 19:05:57.550 [SETTLE] exp=2 gold=199366 len=393
2026-10-03 19:06:23.444 [SETTLE] exp=1 gold=199366 len=393
2026-10-03 19:07:06.275 [SETTLE] exp=2 gold=199366 len=393
2026-10-03 19:07:33.754 [SETTLE] exp=1 gold=199366 len=393
2026-10-03 19:07:58.289 [SETTLE] exp=2 gold=199366 len=393
2026-10-03 19:08:23.517 [SETTLE] exp=1 gold=199366 len=393
2026-10-03 19:08:58.513 [SETTLE] exp=1 gold=199366 len=393
2026-10-03 19:09:40.134 [SETTLE] exp=1 gold=199366 len=393
2026-10-03 19:10:08.130 [SETTLE] exp=2 gold=199366 len=393
2026-10-03 19:10:43.881 [SETTLE] exp=1 gold=199366 len=393
2026-10-03 19:11:11.095 [SETTLE] exp=1 gold=199366 len=393
2026-10-03 19:11:45.904 [SETTLE] exp=2 gold=199366 len=393
2026-10-03 19:12:24.165 [SETTLE] exp=1 gold=199366 len=393
2026-10-03 19:13:03.050 [SETTLE] exp=2 gold=199366 len=393
2026-10-03 19:13:31.363 [SETTLE] exp=1 gold=199366 len=393
2026-10-03 19:14:07.792 [SETTLE] exp=1 gold=199366 len=393
2026-10-03 19:14:35.395 [SETTLE] exp=2 gold=199366 len=393
2026-10-03 19:15:01.146 [SETTLE] exp=1 gold=199366 len=393
2026-10-03 19:15:31.227 [SETTLE] exp=2 gold=199366 len=393
2026-10-03 19:15:57.807 [SETTLE] exp=1 gold=199366 len=393
2026-10-03 19:16:27.115 [SETTLE] exp=2 gold=199366 len=393
2026-10-03 19:16:51.368 [SETTLE] exp=1 gold=199366 len=393
2026-10-03 19:17:14.139 [SETTLE] exp=2 gold=199366 len=393
2026-10-03 19:17:37.177 [SETTLE] exp=1 gold=199366 len=393
2026-10-03 19:18:08.547 [SETTLE] exp=1 gold=199366 len=393
2026-10-03 19:18:33.842 [SETTLE] exp=2 gold=199366 len=393
2026-10-03 19:18:58.086 [SETTLE] exp=2 gold=199366 len=393
2026-10-03 19:19:27.028 [SETTLE] exp=1 gold=199366 len=393
2026-10-03 19:20:00.394 [SETTLE] exp=2 gold=199366 len=393
2026-10-03 19:20:22.146 [SETTLE] exp=2 gold=199366 len=393
2026-10-03 19:20:53.063 [SETTLE] exp=2 gold=199366 len=393
2026-10-03 19:21:19.844 [SETTLE] exp=2 gold=199366 len=393
2026-10-03 19:21:48.144 [SETTLE] exp=2 gold=199366 len=393
2026-10-03 19:22:19.439 [SETTLE] exp=1 gold=199366 len=393
2026-10-03 19:22:44.130 [SETTLE] exp=2 gold=199366 len=393
2026-10-03 19:23:05.174 [SETTLE] exp=2 gold=199366 len=393
2026-10-03 19:23:39.579 [SETTLE] exp=1 gold=199366 len=393
2026-10-03 19:24:12.018 [SETTLE] exp=2 gold=199366 len=393
2026-10-03 19:24:38.649 [SETTLE] exp=2 gold=199366 len=393
2026-10-03 19:25:17.570 [SETTLE] exp=1 gold=199366 len=393
2026-10-03 19:25:48.903 [SETTLE] exp=1 gold=199366 len=403
2026-10-03 19:26:17.161 [SETTLE] exp=2 gold=199366 len=393
2026-10-03 19:26:57.300 [SETTLE] exp=2 gold=199366 len=393
2026-10-03 19:27:23.262 [SETTLE] exp=1 gold=199366 len=393
2026-10-03 19:27:47.287 [SETTLE] exp=2 gold=199366 len=393
2026-10-03 19:28:19.033 [SETTLE] exp=2 gold=199366 len=393
2026-10-03 19:28:44.090 [SETTLE] exp=1 gold=199366 len=393
2026-10-03 19:29:13.511 [SETTLE] exp=1 gold=199366 len=393
2026-10-03 19:29:33.997 [SETTLE] exp=2 gold=199366 len=393
2026-10-03 19:30:13.088 [SETTLE] exp=1 gold=199366 len=393
2026-10-03 19:30:50.595 [SETTLE] exp=2 gold=199366 len=393
2026-10-03 19:31:16.599 [SETTLE] exp=2 gold=199366 len=393
2026-10-03 19:31:40.854 [SETTLE] exp=1 gold=199366 len=393
2026-10-03 19:32:08.597 [SETTLE] exp=2 gold=199366 len=393
2026-10-03 19:32:36.918 [SETTLE] exp=2 gold=199366 len=393
2026-10-03 19:33:12.557 [SETTLE] exp=1 gold=199366 len=393
2026-10-03 19:33:44.871 [SETTLE] exp=1 gold=199366 len=393
2026-10-03 19:34:12.576 [SETTLE] exp=2 gold=199366 len=393
2026-10-03 19:34:36.749 [SETTLE] exp=2 gold=199366 len=393
2026-10-03 19:35:06.000 [SETTLE] exp=2 gold=199366 len=393
2026-10-03 19:35:45.347 [SETTLE] exp=2 gold=199366 len=393
2026-10-03 19:36:24.638 [SETTLE] exp=1 gold=199366 len=393
2026-10-03 19:36:50.561 [SETTLE] exp=2 gold=199366 len=393
2026-10-03 19:37:18.683 [SETTLE] exp=2 gold=199366 len=393
2026-10-03 19:37:49.622 [SETTLE] exp=1 gold=199366 len=393
2026-10-03 19:38:17.945 [SETTLE] exp=2 gold=199366 len=393
2026-10-03 19:38:40.537 [SETTLE] exp=1 gold=199366 len=393
2026-10-03 19:39:10.111 [SETTLE] exp=1 gold=199366 len=393
2026-10-03 19:39:51.682 [SETTLE] exp=1 gold=199366 len=393
2026-10-03 19:40:20.497 [SETTLE] exp=2 gold=199366 len=393
2026-10-03 19:40:46.657 [SETTLE] exp=2 gold=199366 len=393
2026-10-03 19:41:19.803 [SETTLE] exp=1 gold=199366 len=393
2026-10-03 19:41:43.660 [SETTLE] exp=1 gold=199366 len=393
2026-10-03 19:42:15.919 [SETTLE] exp=1 gold=199366 len=393
2026-10-03 19:42:52.423 [SETTLE] exp=2 gold=199366 len=393
2026-10-03 19:43:13.735 [SETTLE] exp=1 gold=199366 len=393
2026-10-03 19:43:43.430 [SETTLE] exp=1 gold=199366 len=393
2026-10-03 19:44:16.076 [SETTLE] exp=2 gold=199366 len=393
2026-10-03 19:44:38.384 [SETTLE] exp=2 gold=199366 len=393
2026-10-03 19:45:03.848 [SETTLE] exp=2 gold=199366 len=393
2026-10-03 19:45:32.121 [SETTLE] exp=2 gold=199366 len=393
2026-10-03 19:45:54.429 [SETTLE] exp=2 gold=199366 len=393
2026-10-03 19:46:40.273 [SETTLE] exp=2 gold=199366 len=393
2026-10-03 19:47:16.106 [SETTLE] exp=2 gold=199366 len=393
2026-10-03 19:47:43.870 [SETTLE] exp=1 gold=199366 len=393
2026-10-03 19:48:25.870 [SETTLE] exp=2 gold=199366 len=393
2026-10-03 19:49:05.708 [SETTLE] exp=1 gold=199366 len=393
2026-10-03 19:49:33.603 [SETTLE] exp=1 gold=199366 len=393
2026-10-03 19:49:52.009 [SYS] 你所邀请的对象已经在另外一个队伍里，无法接受你的邀请。
2026-10-03 19:49:52.059 [SYS] 你所邀请的对象已经在另外一个队伍里，无法接受你的邀请。
2026-10-03 19:49:52.151 [SYS] 你所邀请的对象已经在另外一个队伍里，无法接受你的邀请。
2026-10-03 19:49:59.967 [SYS] #00FFFF#国庆节特别活动“红旗飘飘贺国庆”将于#00FF00#10#00FFFF#分钟后开启，冒险者可以在逍遥西的#FF0000#大冒险活动官#00FFFF#处参加活动，收集喜庆用品装饰旗台，赢取丰富的属性及道具奖励，幸运的冒险者还将得到#FF0000#稀有奖励#FFFFFF#！
2026-10-03 19:50:20.325 [SETTLE] exp=2 gold=199366 len=393
2026-10-03 19:50:37.697 [SETTLE] exp=1 gold=199366 len=393
2026-10-03 19:51:15.526 [SETTLE] exp=2 gold=199366 len=393
2026-10-03 19:51:54.505 [SETTLE] exp=2 gold=199366 len=393
2026-10-03 19:52:38.991 [SETTLE] exp=2 gold=199366 len=393
2026-10-03 19:53:04.636 [SETTLE] exp=1 gold=199366 len=393
2026-10-03 19:53:41.807 [SETTLE] exp=1 gold=199366 len=393
2026-10-03 19:54:03.337 [SETTLE] exp=2 gold=199366 len=393
2026-10-03 19:54:33.563 [SETTLE] exp=1 gold=199366 len=403
2026-10-03 19:55:00.025 [SYS] #00FFFF#国庆节特别活动“红旗飘飘贺国庆”将于#00FF00#5#00FFFF#分钟后开启，冒险者可以在逍遥西的#FF0000#大冒险活动官#00FFFF#处参加活动，收集喜庆用品装饰旗台，赢取丰富的属性及道具奖励，幸运的冒险者还将得到#FF0000#稀有奖励#FFFFFF#！
2026-10-03 19:55:07.329 [SETTLE] exp=1 gold=199366 len=393
2026-10-03 19:55:34.307 [SETTLE] exp=2 gold=199366 len=393
2026-10-03 19:55:58.886 [SETTLE] exp=2 gold=199366 len=393
2026-10-03 19:56:38.304 [SETTLE] exp=2 gold=199366 len=393
2026-10-03 19:57:18.925 [SETTLE] exp=2 gold=199366 len=393
2026-10-03 19:57:59.599 [SETTLE] exp=2 gold=199366 len=393
2026-10-03 19:58:23.260 [SETTLE] exp=1 gold=199366 len=393
2026-10-03 19:58:47.593 [SETTLE] exp=1 gold=199366 len=393
2026-10-03 19:59:15.576 [SETTLE] exp=2 gold=199366 len=393
2026-10-03 19:59:43.066 [SETTLE] exp=2 gold=199366 len=393
2026-10-03 19:59:59.972 [SYS] #00FFFF#国庆节特别活动“红旗飘飘贺国庆”#00FF00#正式开启#00FFFF#，冒险者可以在逍遥西的#FF0000#大冒险活动官#00FFFF#处参加活动，收集喜庆用品装饰旗台，赢取丰富的属性及道具奖励，幸运的冒险者还将得到#FF0000#稀有奖励#FFFFFF#！
2026-10-03 20:00:00.552 [SYS] 许愿池里多了一批新礼物，赶紧来许愿吧~
2026-10-03 20:00:13.992 [SETTLE] exp=1 gold=199366 len=393
2026-10-03 20:00:55.524 [SETTLE] exp=1 gold=199366 len=393
2026-10-03 20:01:35.007 [SETTLE] exp=2 gold=199366 len=393
2026-10-03 20:02:00.678 [SETTLE] exp=2 gold=199366 len=393
2026-10-03 20:02:27.892 [SETTLE] exp=1 gold=199366 len=393
2026-10-03 20:02:55.469 [SETTLE] exp=1 gold=199366 len=393
2026-10-03 20:03:12.447 [QUESTION] {"type":"question","sock":2684,"qno":18,"field_a":79,"stem":"以下属于我国珍惜保护动物的是？","options":["1、火麒麟","2、藏羚羊","3、猩猩队长","4、霸天虎"]}
2026-10-03 20:03:14.166 [SEND-ANSWER] qno=18 opt=1 ret=13 sock=2684
2026-10-03 20:03:14.226 [SYS] 测试通过！
2026-10-03 20:03:14.316 [SYS] 获得了#00FF00#100#FFF692#金币
2026-10-03 20:03:36.787 [SETTLE] exp=2 gold=199366 len=393
2026-10-03 20:04:03.204 [SETTLE] exp=2 gold=199366 len=393
2026-10-03 20:04:33.943 [SETTLE] exp=1 gold=199366 len=393
2026-10-03 20:05:08.472 [SETTLE] exp=1 gold=199366 len=393
2026-10-03 20:05:50.127 [SETTLE] exp=1 gold=199366 len=393
2026-10-03 20:06:28.670 [SETTLE] exp=1 gold=199366 len=393
2026-10-03 20:06:52.210 [SETTLE] exp=2 gold=199366 len=393
2026-10-03 20:07:18.555 [SETTLE] exp=1 gold=199366 len=393
2026-10-03 20:07:45.868 [SETTLE] exp=2 gold=199366 len=393
2026-10-03 20:08:15.284 [SETTLE] exp=2 gold=199366 len=393
2026-10-03 20:09:03.927 [SETTLE] exp=2 gold=199366 len=393
2026-10-03 20:09:35.784 [SETTLE] exp=2 gold=199366 len=393
2026-10-03 20:10:15.131 [SETTLE] exp=1 gold=199366 len=393
2026-10-03 20:10:52.040 [SETTLE] exp=2 gold=199366 len=393
2026-10-03 20:11:36.098 [SETTLE] exp=1 gold=199366 len=393
2026-10-03 20:12:11.125 [SETTLE] exp=1 gold=199366 len=393
2026-10-03 20:12:37.177 [SETTLE] exp=1 gold=199366 len=393
2026-10-03 20:13:05.488 [SETTLE] exp=2 gold=199366 len=393
2026-10-03 20:13:36.672 [SETTLE] exp=2 gold=199366 len=393
2026-10-03 20:14:09.434 [SETTLE] exp=2 gold=199366 len=393
2026-10-03 20:14:16.654 [QUESTION] {"type":"question","sock":2684,"qno":12,"field_a":82,"stem":"在杠杆上起到支撑作用的那一点叫做？","options":["1、支点","2、上午六点","3、晚上8点","4、少一点"]}
2026-10-03 20:14:17.783 [SEND-ANSWER] qno=12 opt=0 ret=13 sock=2684
2026-10-03 20:14:17.835 [SYS] 测试通过！
2026-10-03 20:14:17.928 [SYS] 获得了#00FF00#100#FFF692#金币
2026-10-03 20:14:35.675 [SETTLE] exp=1 gold=199366 len=393
2026-10-03 20:15:07.823 [SETTLE] exp=1 gold=199366 len=403
2026-10-03 20:15:55.523 [SETTLE] exp=1 gold=199366 len=393
2026-10-03 20:16:21.427 [SETTLE] exp=2 gold=199366 len=393
2026-10-03 20:17:00.770 [SETTLE] exp=1 gold=199366 len=393
2026-10-03 20:17:32.517 [SETTLE] exp=2 gold=199366 len=393
2026-10-03 20:18:11.304 [SETTLE] exp=2 gold=199366 len=393
2026-10-03 20:18:47.257 [SETTLE] exp=2 gold=199366 len=393
2026-10-03 20:19:16.162 [SETTLE] exp=2 gold=199366 len=393
2026-10-03 20:19:47.678 [SETTLE] exp=2 gold=199366 len=393
2026-10-03 20:19:59.993 [SYS] #00FFFF#国庆节特别活动“红旗飘飘贺国庆”#00FF00#正式开启#00FFFF#，冒险者可以在逍遥西的#FF0000#大冒险活动官#00FFFF#处参加活动，收集喜庆用品装饰旗台，赢取丰富的属性及道具奖励，幸运的冒险者还将得到#FF0000#稀有奖励#FFFFFF#！
2026-10-03 20:20:33.346 [SETTLE] exp=1 gold=199366 len=393
2026-10-03 20:21:12.530 [SETTLE] exp=2 gold=199366 len=393
2026-10-03 20:21:38.957 [SETTLE] exp=1 gold=199366 len=393
2026-10-03 20:22:01.686 [SETTLE] exp=1 gold=199366 len=393
2026-10-03 20:22:25.857 [SETTLE] exp=1 gold=199366 len=393
2026-10-03 20:22:33.073 [SYS] #00FF00#平静海岸3区#FFF692#的妖王见无人能敌，冷笑一声，化作一道黑气消失在天际。！
2026-10-03 20:22:54.147 [SETTLE] exp=1 gold=199366 len=393
2026-10-03 20:23:21.517 [SETTLE] exp=2 gold=199366 len=393
2026-10-03 20:23:52.379 [SETTLE] exp=2 gold=199366 len=393
2026-10-03 20:24:27.259 [SETTLE] exp=2 gold=199366 len=393
2026-10-03 20:25:02.484 [SETTLE] exp=1 gold=199366 len=393
2026-10-03 20:25:34.157 [SETTLE] exp=2 gold=199366 len=393
2026-10-03 20:26:04.349 [SETTLE] exp=2 gold=199366 len=393
2026-10-03 20:26:41.796 [SETTLE] exp=2 gold=199366 len=393
2026-10-03 20:27:09.524 [SETTLE] exp=1 gold=199366 len=393
2026-10-03 20:27:46.593 [SETTLE] exp=1 gold=199366 len=393
2026-10-03 20:28:19.739 [SETTLE] exp=1 gold=199366 len=393
2026-10-03 20:28:41.285 [SETTLE] exp=2 gold=199366 len=393
2026-10-03 20:29:13.684 [SETTLE] exp=2 gold=199366 len=393
2026-10-03 20:29:56.528 [SETTLE] exp=1 gold=199366 len=393
2026-10-03 20:30:22.046 [SETTLE] exp=2 gold=199366 len=393
2026-10-03 20:30:45.263 [SETTLE] exp=1 gold=199366 len=393
2026-10-03 20:31:23.483 [SETTLE] exp=1 gold=199366 len=393
2026-10-03 20:31:46.984 [SETTLE] exp=2 gold=199366 len=393
2026-10-03 20:32:08.580 [SETTLE] exp=2 gold=199366 len=393
2026-10-03 20:32:51.453 [SETTLE] exp=1 gold=199366 len=393
2026-10-03 20:33:14.499 [SETTLE] exp=1 gold=199366 len=393
2026-10-03 20:33:48.981 [SETTLE] exp=2 gold=199366 len=393
2026-10-03 20:34:04.935 [SETTLE] exp=2 gold=199366 len=393
2026-10-03 20:34:49.504 [SETTLE] exp=1 gold=199366 len=393
2026-10-03 20:35:30.654 [SETTLE] exp=2 gold=199366 len=393
2026-10-03 20:35:58.362 [SETTLE] exp=1 gold=199366 len=393
2026-10-03 20:36:28.905 [SETTLE] exp=2 gold=199366 len=393
2026-10-03 20:37:17.676 [SETTLE] exp=2 gold=199366 len=393
2026-10-03 20:37:43.598 [SETTLE] exp=1 gold=199366 len=393
2026-10-03 20:38:11.467 [SETTLE] exp=2 gold=199366 len=393
2026-10-03 20:38:46.976 [SETTLE] exp=1 gold=199366 len=393
2026-10-03 20:39:30.295 [SETTLE] exp=1 gold=199366 len=393
2026-10-03 20:39:55.717 [SETTLE] exp=1 gold=199366 len=393
2026-10-03 20:39:59.973 [SYS] #00FFFF#国庆节特别活动“红旗飘飘贺国庆”#00FF00#正式开启#00FFFF#，冒险者可以在逍遥西的#FF0000#大冒险活动官#00FFFF#处参加活动，收集喜庆用品装饰旗台，赢取丰富的属性及道具奖励，幸运的冒险者还将得到#FF0000#稀有奖励#FFFFFF#！
2026-10-03 20:40:29.625 [SETTLE] exp=1 gold=199366 len=403
2026-10-03 20:40:59.058 [SETTLE] exp=1 gold=199366 len=393
2026-10-03 20:41:44.045 [SETTLE] exp=1 gold=199366 len=393
2026-10-03 20:42:30.984 [SETTLE] exp=2 gold=199366 len=403
2026-10-03 20:42:55.888 [SETTLE] exp=2 gold=199366 len=393
2026-10-03 20:43:25.934 [SETTLE] exp=1 gold=199366 len=393
2026-10-03 20:44:07.355 [SETTLE] exp=2 gold=199366 len=393
2026-10-03 20:44:42.010 [SETTLE] exp=1 gold=199366 len=393
2026-10-03 20:45:20.265 [SETTLE] exp=1 gold=199366 len=393
2026-10-03 20:45:46.747 [SETTLE] exp=1 gold=199366 len=393
2026-10-03 20:46:04.279 [SYS] #00FF00#1#00FFFF#分钟后逍遥村周围将掉落20个宝箱，捡取可获得意外惊喜喔！#FFFFFF#
2026-10-03 20:46:29.558 [SETTLE] exp=2 gold=199366 len=393
2026-10-03 20:47:05.012 [SETTLE] exp=1 gold=199366 len=393
2026-10-03 20:47:39.656 [SETTLE] exp=1 gold=199366 len=393
2026-10-03 20:48:17.978 [SETTLE] exp=2 gold=199366 len=393
2026-10-03 20:48:47.635 [SETTLE] exp=2 gold=199366 len=393
2026-10-03 20:49:29.696 [SETTLE] exp=2 gold=199366 len=393
2026-10-03 20:50:12.951 [SETTLE] exp=2 gold=199366 len=393
2026-10-03 20:50:38.890 [SYS] #00FF00#1#00FFFF#分钟后逍遥村周围将掉落20个宝箱，捡取可获得意外惊喜喔！#FFFFFF#
2026-10-03 20:50:38.989 [SYS] #00FFFF#10位玉女携带礼物参加国庆活动，#00FF00#5#00FFFF#分钟后将出现在夕阳草原，请各位冒险者前去保护她们免受BOSS骚扰#FF0000#（BOSS有一定几率携带稀有宝宝）。#FFFFFF#
2026-10-03 20:50:42.545 [SETTLE] exp=1 gold=199366 len=393
2026-10-03 20:51:15.153 [SETTLE] exp=1 gold=199366 len=393
2026-10-03 20:51:45.355 [SETTLE] exp=1 gold=199366 len=393
2026-10-03 20:52:22.745 [SETTLE] exp=1 gold=199366 len=393
2026-10-03 20:52:55.880 [SETTLE] exp=2 gold=199366 len=393
2026-10-03 20:53:29.699 [SETTLE] exp=2 gold=199366 len=393
2026-10-03 20:53:38.889 [SYS] #00FFFF#10位玉女携带礼物参加国庆活动，#00FF00#2#00FFFF#分钟后将出现在夕阳草原，请各位冒险者前去保护她们免受BOSS骚扰#FF0000#（BOSS有一定几率携带稀有宝宝）。#FFFFFF#
2026-10-03 20:54:06.284 [SETTLE] exp=2 gold=199366 len=393
2026-10-03 20:54:31.854 [SETTLE] exp=2 gold=199366 len=393
2026-10-03 20:54:38.894 [SYS] #00FFFF#10位玉女携带礼物参加国庆活动，#00FF00#1#00FFFF#分钟后将出现在夕阳草原，请各位冒险者前去保护她们免受BOSS骚扰#FF0000#（BOSS有一定几率携带稀有宝宝）。#FFFFFF#
2026-10-03 20:55:01.582 [SETTLE] exp=1 gold=199366 len=393
2026-10-03 20:55:38.694 [SETTLE] exp=1 gold=199366 len=393
2026-10-03 20:55:38.961 [SYS] #00FFFF#10位玉女携带礼物参加国庆活动，已经出现在夕阳草原，请各位冒险者前去保护她们免受BOSS骚扰（BOSS有一定几率携带稀有宝宝）。#FFFFFF#
2026-10-03 20:55:59.044 [SYS] #00FF00#1#00FFFF#分钟后逍遥村周围将掉落20个宝箱，捡取可获得意外惊喜喔！#FFFFFF#
2026-10-03 20:56:21.405 [SETTLE] exp=1 gold=199366 len=393
2026-10-03 20:56:57.587 [SETTLE] exp=2 gold=199366 len=393
2026-10-03 20:57:26.397 [SETTLE] exp=1 gold=199366 len=393
2026-10-03 20:57:53.150 [SETTLE] exp=2 gold=199366 len=393
2026-10-03 20:58:19.133 [SETTLE] exp=1 gold=199366 len=393
2026-10-03 20:58:46.429 [SETTLE] exp=1 gold=199366 len=393
2026-10-03 20:59:18.715 [SETTLE] exp=1 gold=199366 len=393
2026-10-03 20:59:41.771 [SETTLE] exp=2 gold=199366 len=393
2026-10-03 20:59:59.981 [SYS] #00FFFF#国庆节特别活动“红旗飘飘贺国庆”#00FF00#正式开启#00FFFF#，冒险者可以在逍遥西的#FF0000#大冒险活动官#00FFFF#处参加活动，收集喜庆用品装饰旗台，赢取丰富的属性及道具奖励，幸运的冒险者还将得到#FF0000#稀有奖励#FFFFFF#！
2026-10-03 21:00:16.892 [SETTLE] exp=1 gold=199366 len=393
2026-10-03 21:00:48.509 [SETTLE] exp=2 gold=199366 len=393
2026-10-03 21:01:20.462 [SETTLE] exp=1 gold=199366 len=393
2026-10-03 21:01:49.991 [SETTLE] exp=2 gold=199366 len=393
2026-10-03 21:02:26.367 [SETTLE] exp=2 gold=199366 len=393
2026-10-03 21:03:22.896 [SETTLE] exp=1 gold=199366 len=393
2026-10-03 21:03:49.857 [SETTLE] exp=1 gold=199366 len=393
2026-10-03 21:04:20.930 [SETTLE] exp=2 gold=199366 len=393
2026-10-03 21:04:58.467 [SETTLE] exp=1 gold=199366 len=393
2026-10-03 21:05:32.132 [SETTLE] exp=2 gold=199366 len=393
2026-10-03 21:06:08.222 [SETTLE] exp=1 gold=199366 len=393
2026-10-03 21:06:30.700 [SETTLE] exp=1 gold=199366 len=393
2026-10-03 21:07:01.488 [SETTLE] exp=1 gold=199366 len=393
2026-10-03 21:07:24.565 [SETTLE] exp=1 gold=199366 len=393
2026-10-03 21:07:28.076 [SYS] #00FF00#1#00FFFF#分钟后逍遥村周围将掉落20个宝箱，捡取可获得意外惊喜喔！#FFFFFF#
2026-10-03 21:07:28.165 [SYS] #00FFFF#10位玉女携带礼物参加国庆活动，#00FF00#5#00FFFF#分钟后将出现在夕阳草原，请各位冒险者前去保护她们免受BOSS骚扰#FF0000#（BOSS有一定几率携带稀有宝宝）。#FFFFFF#
2026-10-03 21:07:54.318 [SETTLE] exp=1 gold=199366 len=393
2026-10-03 21:08:32.623 [SETTLE] exp=1 gold=199366 len=393
2026-10-03 21:08:56.639 [SETTLE] exp=2 gold=199366 len=393
2026-10-03 21:09:32.095 [SETTLE] exp=2 gold=199366 len=393
2026-10-03 21:10:00.177 [SETTLE] exp=1 gold=199366 len=393
2026-10-03 21:10:28.080 [SYS] #00FFFF#10位玉女携带礼物参加国庆活动，#00FF00#2#00FFFF#分钟后将出现在夕阳草原，请各位冒险者前去保护她们免受BOSS骚扰#FF0000#（BOSS有一定几率携带稀有宝宝）。#FFFFFF#
2026-10-03 21:10:31.084 [SETTLE] exp=2 gold=199366 len=393
2026-10-03 21:10:58.105 [SETTLE] exp=1 gold=199366 len=393
2026-10-03 21:11:28.083 [SYS] #00FFFF#10位玉女携带礼物参加国庆活动，#00FF00#1#00FFFF#分钟后将出现在夕阳草原，请各位冒险者前去保护她们免受BOSS骚扰#FF0000#（BOSS有一定几率携带稀有宝宝）。#FFFFFF#
2026-10-03 21:11:31.253 [SETTLE] exp=1 gold=199366 len=393
2026-10-03 21:11:37.658 [SYS] #00FF00#1#00FFFF#分钟后逍遥村周围将掉落20个宝箱，捡取可获得意外惊喜喔！#FFFFFF#
2026-10-03 21:12:07.576 [SETTLE] exp=1 gold=199366 len=393
2026-10-03 21:12:28.089 [SYS] #00FFFF#10位玉女携带礼物参加国庆活动，已经出现在夕阳草原，请各位冒险者前去保护她们免受BOSS骚扰（BOSS有一定几率携带稀有宝宝）。#FFFFFF#
2026-10-03 21:12:43.132 [SETTLE] exp=1 gold=199366 len=393
2026-10-03 21:13:19.018 [SETTLE] exp=1 gold=199366 len=393
2026-10-03 21:14:13.987 [SETTLE] exp=2 gold=199366 len=393
2026-10-03 21:14:34.064 [SETTLE] exp=2 gold=199366 len=413
2026-10-03 21:15:02.094 [SETTLE] exp=1 gold=199366 len=393
2026-10-03 21:15:23.166 [SETTLE] exp=1 gold=199366 len=393
2026-10-03 21:15:51.619 [SETTLE] exp=2 gold=199366 len=393
2026-10-03 21:16:06.898 [SYS] #00FF00#1#00FFFF#分钟后逍遥村周围将掉落20个宝箱，捡取可获得意外惊喜喔！#FFFFFF#
2026-10-03 21:16:41.091 [SETTLE] exp=2 gold=199366 len=393
2026-10-03 21:17:10.947 [SETTLE] exp=2 gold=199366 len=393
2026-10-03 21:17:38.305 [SETTLE] exp=1 gold=199366 len=393
2026-10-03 21:18:10.978 [SETTLE] exp=1 gold=199366 len=393
2026-10-03 21:18:54.057 [SETTLE] exp=1 gold=199366 len=393
2026-10-03 21:19:22.344 [SYS] #00FF00#1#00FFFF#分钟后逍遥村周围将掉落20个宝箱，捡取可获得意外惊喜喔！#FFFFFF#
2026-10-03 21:19:59.997 [SYS] #00FFFF#国庆节特别活动“红旗飘飘贺国庆”#00FF00#正式开启#00FFFF#，冒险者可以在逍遥西的#FF0000#大冒险活动官#00FFFF#处参加活动，收集喜庆用品装饰旗台，赢取丰富的属性及道具奖励，幸运的冒险者还将得到#FF0000#稀有奖励#FFFFFF#！
2026-10-03 21:20:24.081 [SETTLE] exp=2 gold=199366 len=393
2026-10-03 21:20:56.203 [SETTLE] exp=1 gold=199366 len=393
2026-10-03 21:21:37.878 [SETTLE] exp=2 gold=199366 len=393
2026-10-03 21:22:09.174 [SETTLE] exp=2 gold=199366 len=393
2026-10-03 21:22:35.168 [SETTLE] exp=1 gold=199366 len=393
2026-10-03 21:22:57.276 [SETTLE] exp=1 gold=199366 len=393
2026-10-03 21:23:37.110 [SETTLE] exp=1 gold=199366 len=393
2026-10-03 21:24:05.999 [SETTLE] exp=2 gold=199366 len=393
2026-10-03 21:24:32.478 [SETTLE] exp=2 gold=199366 len=393
2026-10-03 21:25:05.820 [SETTLE] exp=1 gold=199366 len=393
2026-10-03 21:25:35.982 [SETTLE] exp=1 gold=199366 len=393
2026-10-03 21:26:08.246 [SETTLE] exp=1 gold=199366 len=393
2026-10-03 21:26:30.448 [SETTLE] exp=2 gold=199366 len=393
2026-10-03 21:26:59.769 [SETTLE] exp=2 gold=199366 len=393
2026-10-03 21:27:25.379 [SYS] #00FF00#1#00FFFF#分钟后逍遥村周围将掉落20个宝箱，捡取可获得意外惊喜喔！#FFFFFF#
2026-10-03 21:27:28.083 [SETTLE] exp=2 gold=199366 len=393
2026-10-03 21:28:05.482 [SETTLE] exp=2 gold=199366 len=413
2026-10-03 21:28:43.002 [SETTLE] exp=2 gold=199366 len=393
2026-10-03 21:29:15.733 [SETTLE] exp=1 gold=199366 len=393
2026-10-03 21:29:41.217 [SETTLE] exp=1 gold=199366 len=393
2026-10-03 21:30:09.265 [SETTLE] exp=1 gold=199366 len=393
2026-10-03 21:30:35.722 [SETTLE] exp=1 gold=199366 len=393
2026-10-03 21:31:00.859 [SETTLE] exp=1 gold=199366 len=393
2026-10-03 21:31:23.952 [SETTLE] exp=2 gold=199366 len=393
2026-10-03 21:31:49.445 [SETTLE] exp=1 gold=199366 len=393
2026-10-03 21:32:22.072 [SETTLE] exp=2 gold=199366 len=393
2026-10-03 21:33:04.815 [SETTLE] exp=1 gold=199366 len=393
2026-10-03 21:33:30.287 [SETTLE] exp=2 gold=199366 len=393
2026-10-03 21:34:02.115 [SETTLE] exp=2 gold=199366 len=393
2026-10-03 21:34:32.712 [SETTLE] exp=2 gold=199366 len=393
2026-10-03 21:35:04.242 [SETTLE] exp=2 gold=199366 len=393
2026-10-03 21:35:49.963 [SETTLE] exp=1 gold=199366 len=393
2026-10-03 21:36:13.307 [SETTLE] exp=1 gold=199366 len=393
2026-10-03 21:36:40.118 [SETTLE] exp=1 gold=199366 len=393
2026-10-03 21:37:12.274 [SETTLE] exp=1 gold=199366 len=393
2026-10-03 21:37:48.629 [SETTLE] exp=2 gold=199366 len=393
2026-10-03 21:38:13.199 [SETTLE] exp=2 gold=199366 len=393
2026-10-03 21:38:42.857 [SETTLE] exp=2 gold=199366 len=393
