2026-10-01 20:14:13.366 [INIT] dll loaded, pid=36332
2026-10-01 20:14:13.367 [INIT] codec loaded OK
2026-10-01 20:14:13.367 [INIT] iat hooks: recv=1 send=1 WSASend=1 connect=1 closesocket=1
2026-10-01 20:14:14.339 [OP] 4105 inv=FFFE len=1 #1 c0
2026-10-01 20:14:14.339 [OP] 4104 inv=FFFB len=4 #1 18671f77
2026-10-01 20:14:14.339 [OP] 4105 inv=FFFE len=1 #2 af
2026-10-01 20:14:14.339 [OP] 4104 inv=FFFB len=4 #2 b9671fe7
2026-10-01 20:14:14.446 [OP] 4106 inv=FFFC len=3 #1 e546ed
2026-10-01 20:14:14.551 [OP] 4106 inv=FFFC len=3 #2 b1fdcb
2026-10-01 20:14:14.639 [OP] 4105 inv=FFFE len=1 #3 0c
2026-10-01 20:14:14.639 [OP] 4104 inv=FFFB len=4 #3 cead1f10
2026-10-01 20:14:14.731 [OP] 4109 inv=FE7B len=388 #1 4f0e392bca800d53510bdcfaa32b1f809564510b02faccce2980076ffc0b66faf82b1f8017cd510b5253a32b1fc75b6451ecdcfa4b531f802164510bdcfaa32b1f805b64e4ecdcfaccff9f875b64510ba506a32bca805b64dfb2dcfa39c4ca805b64510bdcfaa32bca805b64dfb2dcfa39c459805b64510bdcc4a32bca805b64dfb2dcfa39c4ad805b64510bdcfaa32bca805b64dfb2dcfa39c49d805b64510b
2026-10-01 20:14:14.826 [OP] 4106 inv=FFFD len=2 #3 a3c4
2026-10-01 20:14:14.826 [OP] 4111 inv=FFFD len=2 #1 c064
2026-10-01 20:14:14.826 [OP] 4112 inv=FFFD len=2 #1 dcc4
2026-10-01 20:14:14.826 [OP] 4104 inv=FFFA len=5 #4 e956a3c1aa
2026-10-01 20:14:14.826 [OP] 4104 inv=FFFA len=5 #5 e956a3c1c7
2026-10-01 20:14:16.199 [OP] EFFE inv=FFFE len=1 #1 0b
2026-10-01 20:14:17.558 [OP] 4105 inv=FFFE len=1 #4 d0
2026-10-01 20:14:17.751 [OP] 4109 inv=FDFF len=512 #2 e787c464580b8b25a3531f805b64510b6ffaa32ba580ea7f0b0b0022fd24e7809564510baeaea32b9de79564517fdcfaa3531f8062df510b06faa32b1f805b64510bdcfa71531f80df64510bdcfaa32b1f805b64580bdcfab6ce1f801c7a0e0bdcc4a32b1faa5b645decdcfac42b1f805b64510bdcfaa32bca805b645fc4dcfafdcbad805bdf510bdcc4a32bb6aa5b64710bdcfaa32b1f805b64510b6ffaa32b
2026-10-01 20:14:17.849 [OP] 4111 inv=FFFD len=2 #2 a164
2026-10-01 20:14:19.140 [OP] 4109 inv=FE3F len=448 #3 4f0e392bca801cdd51ecdcfaa32b1f809564510be6fa8fdea580ea7fb2755efaf82b1f80a76f510b8bc6f82b1fc75b64510f71e84b531f809964510bdcfaa32b1f805b645decdcfad82b1f805b64510bdcfaa32bca805b645fc4dcfafded59805bdf510bdcc4a32bb6aa5b64230bdcfaa32b1f805b64510b6ffaa32bb7ef5b64b2c052faa3531f805bdf510b25c4a32b67805b64510bdcfaa32b1f809564510b
2026-10-01 20:14:19.240 [OP] 4111 inv=FFFD len=2 #3 5764
2026-10-01 20:14:19.242 [OP] 4112 inv=FFFD len=2 #2 52c4
2026-10-01 20:14:20.567 [OP] 4105 inv=FFFE len=1 #5 b2
2026-10-01 20:14:20.793 [OP] 4109 inv=FE83 len=380 #4 418052faf82bad8c5b64510bdcfaa32bca805b642d0b59ae722b6fefc464310b6ffaa32bf4075b64fcfd6ffaa3531f805bb652b2afc4a32b6e805b64510bdcfaa32b1f809564510b3fc2a32badca946451ecdcfaa3531f80e5df510b5989515d1f805b6479c9dcfaf82b1f8017cd510b529ffd2b1f805b6451ecdcfa70bb1f80c5cd510b52faf82b1faa94648fecdcfacdbb1f805b64510bdcfaa32bfa4e5b64
2026-10-01 20:14:20.886 [OP] 4106 inv=FFFD len=2 #4 a37c
2026-10-01 20:14:20.886 [OP] 4111 inv=FFFD len=2 #4 27df
2026-10-01 20:14:20.886 [OP] 4112 inv=FFFD len=2 #3 6fc4
2026-10-01 20:14:20.886 [OP] 4112 inv=FFFD len=2 #4 90c4
2026-10-01 20:14:20.886 [OP] 4112 inv=FFFD len=2 #5 8bc4
2026-10-01 20:14:21.245 [OUT] 1F51 inv=FFFF len=4 #1 ffff511f
2026-10-01 20:14:21.296 [OP] 4F52 inv=FFFF len=0 #1 
2026-10-01 20:14:21.815 [PIPE] controller connected
2026-10-01 20:14:25.464 [SYS] 物品栏满
2026-10-01 20:14:25.558 [OP] 472A inv=FE76 len=393 #1 02d8de1f52a164510bdcfaa32b1f805b64510bdc404d2b1f805b6451d5dcfaa3d9ad805b64510bdc8af82b1f805b6451f290faa32b1f805beca30bdcfaa32b1f1d1864510bdcfaa32b1f805b64510bdcfaa32b1f805b64510bdcfaa32b1f805b64510bdcfaa32b1f805b64510bdcfaa32b1f805b64510bdcfaa32b1f805b64510bdcfaa32b1f805b64510bdc3cf82b1f23956451c36ffaa3deca805bc9580bdc
2026-10-01 20:14:25.558 [OP] 42CE inv=FFFB len=4 #1 c87f510b
2026-10-01 20:14:25.558 [OP] 4211 inv=FFF6 len=9 #1 aa5b64515ca722a34a
2026-10-01 20:14:25.561 [OP] 4211 inv=FFF6 len=9 #2 aa5b6451cd3e22a34a
2026-10-01 20:14:25.561 [OP] 4211 inv=FFF6 len=9 #3 aa5b6451c03e22a34a
2026-10-01 20:14:25.658 [OP] 4211 inv=FFF6 len=9 #4 aa5b645134a722a34a
2026-10-01 20:14:25.783 [OP] 47C0 inv=FFEA len=21 #1 51cac7632831ecdc51ab0503967fd9580bdbb29625
2026-10-01 20:14:25.783 [OP] 47C0 inv=FFF3 len=12 #2 0253ca967fd9580bdbb29625
2026-10-01 20:14:25.783 [OP] 47C0 inv=FFF3 len=12 #3 0253cae8add9580b030ef125
2026-10-01 20:14:25.783 [OP] 47C0 inv=FFEA len=21 #4 51cac7b5da31ecdce2879f03a9add9580b6e47f1cc
2026-10-01 20:14:25.783 [OP] 47C0 inv=FFF3 len=12 #5 0253caa9add9580b6e47f1cc
2026-10-01 20:14:31.901 [OP] 46FE inv=FFFF len=0 #1 
2026-10-01 20:14:32.696 [OP] 4100 inv=FFF9 len=6 #1 98aa075367cd
2026-10-01 20:14:32.805 [OP] 4101 inv=FC6D len=914 #1 4d5dad805b64510bdcfaa32bc8d97b81510bdcfaa32b1f805b64510bdcfaa32b1f805b64510bdcfa5f3b9d4e5b6437fddcfaa32b1f80b1d9510bdcfaa32b1f805b64510bdcfa603bad80c464510bdcfaa32bf6455b645943dcfa83931f80807a510b155a4e78c8d97b81a552155ada2b1f807b81a5526fc616876c842d437f0bdcfaa32b1f805b64dfae02faa32b1f805bd82d0bdcfaa32b1f805b64510bdcfa
2026-10-01 20:14:32.873 [OUT] 1F51 inv=FFFF len=4 #2 ffff511f
2026-10-01 20:14:32.934 [OP] 4F52 inv=FFFF len=0 #2 
2026-10-01 20:14:33.755 [OUT] 1001 inv=FFF9 len=10 #1 f9ff01101f805b64510b
2026-10-01 20:14:33.905 [OP] 4108 inv=FFE3 len=28 #1 e787c464510bdcfa2153c8d9d8f8510bce4051421f805b64510bdcfa
2026-10-01 20:14:34.004 [OP] 4108 inv=FFE3 len=28 #2 e787c464510bdcfa4d531f80d8f8510bce4051ed1f805b64510bdcfa
2026-10-01 20:14:34.005 [OP] 4108 inv=FFF3 len=12 #3 4f0e392b1f805b64510bdcfa
2026-10-01 20:14:34.005 [OP] 4108 inv=FFF3 len=12 #4 4f0e392b1f805b64580b155a
2026-10-01 20:14:34.005 [OP] 4108 inv=FFF3 len=12 #5 4f0e392b1f805b640e0bdcfa
2026-10-01 20:14:35.234 [OP] EFFE inv=FFFE len=1 #2 0b
2026-10-01 20:14:36.178 [OP] 4106 inv=FFFC len=3 #5 e546ed
2026-10-01 20:14:36.468 [OP] 4109 inv=FE1B len=484 #5 e787c464580b8fc2a32b1f805b64510b6ffaa32b2980076f2d0b59ae392b8a809564510b3fc2a32bad105b6451ecdcfaa32b1f8062df510b40faa32b1f805b64510bdcfaf82b1f8017cd510b5253f82b1f805b645152155af82b1f8017cd510b5253db2b1f805b645152155af82b1f8017cd510b5253392b1f805b645101dcfaf82b1f8017cd510b5253fd2b1faa5b6451445efaa8531f80076e5280dcfaa32b
2026-10-01 20:14:36.568 [OP] 4111 inv=FFFD len=2 #5 c064
2026-10-01 20:14:42.851 [SYS] 物品栏满
2026-10-01 20:14:42.948 [OUT] 1F51 inv=FFFF len=4 #3 ffff511f
2026-10-01 20:14:42.950 [OP] 472A inv=FE76 len=393 #2 02d8de1f95d064510bdcfaa32b1f805b64510bdc73222b1f805b6451d5dcfaa370ad805b64510bdc8af82b1f805b6451f290faa32b1f805beca30bdcfaa32b1f1d1864510bdcfaa32b1f805b64510bdcfaa32b1f805b64510bdcfaa32b1f805b64510bdcfaa32b1f805b64510bdcfaa32b1f805b64510bdcfaa32b1f805b64510bdcfaa32b1f805b64510bdc3cf82b1f1b9564513e6ffaa3deca805b7f580bdc
2026-10-01 20:14:42.951 [SYS] 获得了#00FF00#1#FFF692#个#64FF7D#黄玉葫芦
2026-10-01 20:14:42.951 [OP] 42CE inv=FFFB len=4 #2 c87f510b
2026-10-01 20:14:43.005 [OP] 4020 inv=FFE7 len=24 #1 418052fa672bca8094cdfc0bcea7a32bca809564b20b52fa
2026-10-01 20:14:43.006 [OP] 4211 inv=FFF6 len=9 #5 aa5b64515ca722a34a
2026-10-01 20:14:43.023 [OUT] 0045 inv=FFF7 len=12 #1 f7ff4500510bdcfafd2b1f80
2026-10-01 20:14:43.042 [OP] 4F52 inv=FFFF len=0 #3 
2026-10-01 20:14:43.138 [OP] 4025 inv=FFF5 len=10 #1 fd533832c4df51ece2fa
2026-10-01 20:14:45.251 [OP] EFFE inv=FFFE len=1 #3 0b
2026-10-01 20:14:50.088 [OP] 4100 inv=FFF9 len=6 #2 98aad108875f
2026-10-01 20:14:50.233 [OUT] 1F51 inv=FFFF len=4 #4 ffff511f
2026-10-01 20:14:50.288 [OP] 4101 inv=FC6D len=914 #2 4d5dad805b64510bdcfaa32bc8d97b81510bdcfaa32b1f805b64510bdcfaa32b1f805b64510bdcfa5f3b9d4e5b6437fddcfaa32b1f80b1d9510bdcfaa32b1f805b64510bdcfa603bad80c464510bdcfaa32bf6455b645943dcfa83931f80807a510b155a4e78c8d97b81a552155ada2b1f807b81a5526fc616876c842d437f0bdcfaa32b1f805b645dae02faa32b1f805bd82d0bdcfaa32b1f805b64510bdcfa
2026-10-01 20:14:50.392 [OP] 4F52 inv=FFFF len=0 #4 
2026-10-01 20:14:51.134 [OUT] 1001 inv=FFF9 len=10 #2 f9ff01101f805b64510b
2026-10-01 20:14:53.929 [OP] F005 inv=FFE7 len=24 #1 ed3572a4e10f854d1f805b64510bdcfaa3de1f8028a14db2
2026-10-01 20:14:54.032 [OP] F005 inv=FFE7 len=24 #2 ed3572a407b3854d1f805b64510bdcfaa3de1f80b44d5335
2026-10-01 20:15:00.417 [OUT] 1F51 inv=FFFF len=4 #5 ffff511f
2026-10-01 20:15:00.474 [OP] 4F52 inv=FFFF len=0 #5 
2026-10-01 20:15:02.035 [OP] 46FE inv=FFFF len=0 #2 
2026-10-01 20:15:04.272 [OP] EFFE inv=FFFE len=1 #4 0b
2026-10-01 20:15:04.517 [SYS] 物品栏满
2026-10-01 20:15:04.605 [OP] 472A inv=FE76 len=393 #3 02d8de1f97d064510bdcfaa32b1f805b64510bdc7c222b1f805b6451d5dcfaa372ad805b64510bdc8af82b1f805b6451f290faa32b1f805beca30bdcfaa32b1f1d1864510bdcfaa32b1f805b64510bdcfaa32b1f805b64510bdcfaa32b1f805b64510bdcfaa32b1f805b64510bdcfaa32b1f805b64510bdcfaa32b1f805b64510bdcfaa32b1f805b64510bdc22f82b1fc4956451f16ffaa391ca805b7f580bdc
2026-10-01 20:15:04.606 [OP] 42CE inv=FFFB len=4 #3 c87f510b
2026-10-01 20:15:10.625 [OP] 4100 inv=FFF9 len=6 #3 98aa7708b60c
2026-10-01 20:15:10.924 [OP] 4101 inv=FBFD len=1026 #3 418052faa32b1f805b64510b155a4e781f805b64510bdcfaa32b1f805b64510bdcfaa32b1f805b64fbb28b53a32b45ca5b64510bdcfac37c1f805b64510bdcfaa32b1f805b6412b252fa392b1f805b64510bb2dca32bd13b5b64cb7fdcfa5acb1f807b81a552155a4e78c8d97b81530bdcfa4e78c8d995b0bc595ab12b21ac805b64510bdcfaa32b1fe96e64510bdcfaa3c229805b64510bdcfaa32b1f805b64
2026-10-01 20:15:11.673 [OUT] 1001 inv=FFF9 len=10 #3 f9ff01101f805b64510b
2026-10-01 20:15:14.290 [OP] EFFE inv=FFFE len=1 #5 0b
2026-10-01 20:15:21.869 [SYS] 物品栏满
2026-10-01 20:15:22.006 [OP] 472A inv=FE76 len=393 #4 02d8de1fbecf64510bdcfaa32b1f805b64510bdce3002b1f805b6451d5dcfaa3649d805b64510bdc8af82b1f805b6451f290faa32b1f805beca30bdcfaa32b1f1d1864510bdcfaa32b1f805b64510bdcfaa32b1f805b64510bdcfaa32b1f805b64510bdcfaa32b1f805b64510bdcfaa32b1f805b64510bdcfaa32b1f805b64510bdcfaa32b1f805b64510bdc7af82b1f1b9564513e6ffaa391ca805bd3580bdc
2026-10-01 20:15:22.006 [OP] 42CE inv=FFFB len=4 #4 c87f510b
2026-10-01 20:15:25.039 [OP] 40A0 inv=FFBB len=68 #1 a1ecfc0b6ffadb2b69605b6439ecdcfadb4ac3548a70b10543bbea0232805b64510bdcfaa32b1f805b64510bdcfaa32b1f805b64510bdcfaa32b1f8007dff1fd59c49a7c
2026-10-01 20:15:26.026 [OP] 4100 inv=FFF9 len=6 #4 98aa327faab2
2026-10-01 20:15:26.127 [OP] 4101 inv=FBC5 len=1082 #4 4d5dad805b64510bdcfaa32bc8d97b81510bdcfaa32b1f805b64510bdcfaa32b1f805b64510bdcfa5f3b9dca5b6437fddcfaa32b1f80b1d9510bdcfaa32b1f805b64510bdcfa603bad80c464510bdcfaa32bf6455b645943dcfa83931f80807a510b155a4e78c8d97b81a552155ada2b1f807b81a5526fc616876c842d437f0bdcfaa32b1f805b6451ae02faa32b1f805bd82d0bdcfaa32b1f805b64510bdcfa
2026-10-01 20:15:27.096 [OUT] 1001 inv=FFF9 len=10 #4 f9ff01101f805b64510b
2026-10-01 20:15:32.253 [OP] 46FE inv=FFFF len=0 #3 
2026-10-01 20:15:43.904 [OP] 472A inv=FE76 len=393 #5 02d8de1f8b7364510bdcfaa32b1f805b64510bdc99172b1f805b6451d5dcfaa38334805b64510bdc8af82b1f805b6451f290faa32b1f805beca30bdcfaa32b1f1d1864510bdcfaa32b1f805b64510bdcfaa32b1f805b64510bdcfaa32b1f805b64510bdcfaa32b1f805b64510bdcfaa32b1f805b64510bdcfaa32b1f805b64510bdcfaa32b1f805b64510bdc22f82b1fce956451d06ffaa3deca805b7f580bdc
2026-10-01 20:15:44.001 [SYS] 获得了#00FF00#1#FFF692#个#64FF7D#紫金红葫芦
2026-10-01 20:15:44.001 [OP] 42CE inv=FFFB len=4 #5 c87f510b
2026-10-01 20:15:44.002 [OP] 4020 inv=FFE7 len=24 #2 418052fa672bca8094cdfc0be9a7a32bca809564fc0b66fa
2026-10-01 20:15:44.015 [OUT] 0045 inv=FFF7 len=12 #2 f7ff4500510bdcfa392b1f80
2026-10-01 20:15:44.102 [OP] 4025 inv=FFF5 len=10 #2 39533832c4df51ece2fa
2026-10-01 20:15:47.018 [OP] 4100 inv=FFF9 len=6 #5 98aae2f8b0b2
2026-10-01 20:15:47.121 [OP] 4101 inv=FC6D len=914 #5 4d5dad805b64510bdcfaa32bc8d97b81510bdcfaa32b1f805b64510bdcfaa32b1f805b64510bdcfa5f3b9d4e5b6437fddcfaa32b1f80b1d9510bdcfaa32b1f805b64510bdcfa603bad80c464510bdcfaa32bf6455b645943dcfa83931f80807a510b155a4e78c8d97b81a552155ada2b1f807b81a5526fc616876c842d437f0bdcfaa32b1f805b6451ae02faa32b1f805bd82d0bdcfaa32b1f805b64510bdcfa
2026-10-01 20:15:48.094 [OUT] 1001 inv=FFF9 len=10 #5 f9ff01101f805b64510b
2026-10-01 20:16:02.525 [OP] 46FE inv=FFFF len=0 #4 
2026-10-01 20:16:10.701 [OP] F005 inv=FFE7 len=24 #3 ed3572a4cd97854d1f805b64510bdcfaa3de1f8028a1d80c
2026-10-01 20:16:10.801 [OP] F005 inv=FFE7 len=24 #4 ed3572a4cd97854d1f805b64510bdcfaa3de1f8028a1d80c
2026-10-01 20:16:29.498 [SYS] 物品栏满
2026-10-01 20:16:32.866 [OP] 46FE inv=FFFF len=0 #5 
2026-10-01 20:16:37.242 [OP] F005 inv=FFE7 len=24 #5 ed3572a4cd97854d1f805b64510bdcfaa3ce1f8028a1d80c
2026-10-01 20:16:49.523 [OP] 4235 inv=FFFA len=5 #1 cb67ce5b64
2026-10-01 20:17:11.654 [SYS] 物品栏满
2026-10-01 20:17:11.749 [SYS] 物品栏已满！
2026-10-01 20:17:37.959 [OP] 40A0 inv=FFBB len=68 #2 a1ecfc0b6ffadb2b16605b6439ecdcfadb4ac3548a70b10541bbea0232805b64510bdcfaa32b1f805b64510bdcfaa32b1f805b64510bdcfaa32b1f806408c4ecfbe04853
2026-10-01 20:17:37.959 [OP] 4613 inv=FEBD len=322 #1 0d7de4bf6fe0a3d4c3c786d2dead6a43ba5330df95c8ff1f118cfc53caaa956451ec6fc4f880291c1c965894dce8232b1f795bdf580b6aef6febd9d54666510bdc13a84cca4f5b8d7a75b2b96fc1621c555382539049b553b931068a83ae195bf853caaa5b6458ec6fc4a2060a127cdfc20b905ba32b6280956451d5088880344ba75b6451ee0370f8d91fa93cf858246f57ff93caaa07870ee3cbe835b959aa
2026-10-01 20:17:51.518 [OP] 4612 inv=FFEF len=16 #1 c464510b07c2392bb507c464408052fa
2026-10-01 20:17:51.519 [OP] 4612 inv=FFF3 len=12 #2 90faa32bb507c464408052fa
2026-10-01 20:17:51.519 [OP] 4612 inv=FFF7 len=8 #3 ca805b64408052fa
2026-10-01 20:17:52.528 [OP] 4612 inv=FFF3 len=12 #4 90faa32b2e87c4640db252fa
2026-10-01 20:17:52.528 [OP] 4612 inv=FFF7 len=8 #5 ca805b640db252fa
2026-10-01 20:18:02.111 [SYS] 物品栏满
2026-10-01 20:18:03.280 [OP] 40A0 inv=FFBB len=68 #3 a1ecfc0b6fc6392b6e605b6439ecdcfadb4ac3548a70b10541bbea0232805b64510bdcfaa32b1f805b64510bdcfaa32b1f805b64510bdcfaa32b1f80ec6f5a0be2aed02b
2026-10-01 20:18:06.295 [OP] 4613 inv=FEBD len=322 #2 0d7de4bf6fe0a3d4c3c786d2dead6a43ba5330df95c8ff1f118cfc53caaa956451ec6fc4f805ec0cc4965894dce8e1531f4f5bdf580b6aef6febd9d54666510bdc13a84cca4f5b8d7a75b2b96fc1621c555382539049b553b931068a83ae195bf853caaa5b6458ec6fc40abb6cce7cdfc20b9041a32b6280956451d5088880344ba75b6451ee0370f8d91fa93cf858246f57ff93caaa07870ee3cbe835b959aa
2026-10-01 20:18:24.128 [SYS] 物品栏满
2026-10-01 20:18:25.450 [OP] 40A0 inv=FF7F len=128 #4 a1ecfc0b90fa462b81605b6439ecdcfadb4ac3548a70b105d3bbea0232805b64510bdcfaa32b1f805b64510bdcfaa32b1f805b64510bdcfaa32b1f80b3f875ecc2e88e538e125b64637fdcfadb4a329abdea13f2dcfaa32b1f805b64510bdcfaa32b1f805b64510bdcfaa32b1f805b64510bdcfaa32b1f8039f80dd0d9e8f0de
2026-10-01 20:18:25.451 [OP] 4613 inv=FEBD len=322 #3 0d7de4bf6fe0a3d4c3c786d2dead6a43ba5330df95c8ff1f118cfc53caaa956451ec6fc4f8b8344c1c965894dce8a32b1fce5bdf580b6aef6febd9d54666510bdc13a84cca4f5b8d7a75b2b96fc1621c555382539049b553b931068a83ae195bf853caaa5b6458ec6fc4d34a9c127cdfc20b90c45b2b6280956451d5088880344ba75b6451ee0370f8d91fa93cf858246f57ff93caaa07870ee3cbe835b959aa
2026-10-01 20:18:25.451 [OP] 4613 inv=FEBD len=322 #4 0d7de4bf6fe0a3d4c3c786d2dead6a43ba5330df95c8ff1f118cfc53caaa956451ec6fc4f8b8344c1c965894dce8392b1fce5bdf580b6aef6febd9d54666510bdc13a84cca4f5b8d7a75b2b96fc1621c555382539049b553b931068a83ae195bf853caaa5b6458ec6fc4d34a9c127cdfc20b905ba32b6280956451d5088880344ba75b6451ee0370f8d91fa93cf858246f57ff93caaa07870ee3cbe835b959aa
2026-10-01 20:18:25.451 [OP] 4613 inv=FEBD len=322 #5 0d7de4bf6fe0a3d4c3c786d2dead6a43ba5330df95c8ff1f118cfc53caaa956451ec6fc4f8b8344c1c965894dce8f82c1fce5bdf580b6aef6febd9d54666510bdc13a84cca4f5b8d7a75b2b96fc1621c555382539049b553b931068a83ae195bf853caaa5b6458ec6fc4d34a9c127cdfc20b90faa32b6280956451d5088880344ba75b6451ee0370f8d91fa93cf858246f57ff93caaa07870ee3cbe835b959aa
2026-10-01 20:20:00.165 [SYS] #00FFFF#国庆节特别活动“红旗飘飘贺国庆”#00FF00#正式开启#00FFFF#，冒险者可以在逍遥西的#FF0000#大冒险活动官#00FFFF#处参加活动，收集喜庆用品装饰旗台，赢取丰富的属性及道具奖励，幸运的冒险者还将得到#FF0000#稀有奖励#FFFFFF#！
2026-10-01 20:20:20.458 [SYS] 物品栏满
2026-10-01 20:20:37.286 [SYS] 物品栏满
2026-10-01 20:21:02.782 [SYS] 物品栏满
2026-10-01 20:21:26.726 [SYS] 物品栏满
2026-10-01 20:22:20.552 [OP] 4707 inv=FFF3 len=12 #1 4d5dad80a1ecfc0b17faa32b
2026-10-01 20:22:20.553 [OP] 40E0 inv=FED1 len=302 #1 418052fa10531f805b64510baae8a32b1f805b649fecdcfaa32b1f8033f8510bdcfaa32b69e65b64fc0bdcfa972b1f80ea64510b52faa32bad805b64fc0bdcfacd2b1f80cb64510b52faa32bad805b64f0ecdcfac62b1f80df64510b31faa32bf5805b64580bdcfa202b1f800d64510b8ffaa32b1f805b64510bdcfaa32b1f805b64510bdcfaa32b1f805b64430bdcfaa32b1f805b64510bdcfaa32b1f805b64
2026-10-01 20:22:20.553 [OP] 40E3 inv=FFE7 len=24 #1 418052fafd78c8d91264580be4fa232b6980c364970be6fa
2026-10-01 20:22:20.553 [OP] 40E2 inv=FFCF len=48 #1 4f0e392bf35c9464370b6afaad2b348093640b0bb6fa462b4080c464dd0b6afa042bad808364fc0bdafa202bdb800d64
2026-10-01 20:22:20.553 [OP] 4232 inv=FF60 len=159 #1 7a23d0dce0a32b1f4f5b645127dcfaa3de1f805b6f510bdc1c462b1f805b64510bdcfaa32b1f805b64510bdcfaa32b1f805b64510bdcfaa39aad805b64510bdccbf82b1f805b64514852faa32b1f805b5b580bdcfaa32b1fde7a6451366ffaa359ca805ba0510bdc25a32b1fef5b6451c4dcfaa36959805bc2510bdc85a32b1fc45b64510bdcfaa32cd672eca2d661e2b05b931f805b64510bdcfaa32b1f80
2026-10-01 20:22:20.553 [OP] 4202 inv=FFEF len=16 #1 230bdcfaa32b1f800ea9510b4a5ba32b
2026-10-01 20:22:20.554 [OP] 4055 inv=FFF7 len=8 #1 a1ecfc0bdcfaa32b
2026-10-01 20:22:20.554 [OP] 40A0 inv=FCAF len=848 #5 a1ecfc0ba914db2bcdc75b647dd0dcfadb4a3826f012510bdcfaa32b1f805b64510bdcfaa32b1f805b64510bdcfaa32b1f805b64510bdcfaa32b1f80a237d475f6dcd62402c75b6440ecdcfadb4a3268bef22e60dcfaa32b1f805b64510bdcfaa32b1f805b64510bdcfaa32b1f805b64510bdcfaa32b1f80b7a9a675d2308f24f4c75b64d4c4dcfadb4a7caf33b4303ccdb38023db065b64510bdcfaa32b1f80
2026-10-01 20:22:20.577 [OUT] 0185 inv=FFF7 len=12 #1 f7ff8501dcfaa32bc8d97b81
2026-10-01 20:22:21.114 [OUT] 0135 inv=FFF7 len=12 #1 f7ff3501dcfaa32bec805b64
2026-10-01 20:22:21.129 [OUT] 0135 inv=FFF7 len=12 #2 f7ff3501dcfaa32b13805b64
2026-10-01 20:22:21.255 [OP] 42A7 inv=FEE6 len=281 #1 e77a7f5108dcfaa31831d3c20133340c33509e31d3c2019ff0dcfaa32b1f805b64510bdcfaa32b31d35bfb510bdcfca32b272bac64510befa9a31827805b649f19398aa32b1f80c201511939fa0418272b3efb510bdcfa8b311f7e3e64251939fc102b1f805b643334dcfc102b272b3efc250bdcfaa32b72c15bfc250b39fc04e9887e5b64510b0c33a3e9272b5bfb9f19dcfc102b1f8063ca5164cdfc102b1f
2026-10-01 20:22:21.369 [OP] 42A7 inv=FEE6 len=281 #2 e77a7f5102dcfaa31831d3c20133340c33509e31d3c2019ff0dcfaa32b1f805b64510bdcfaa32b31d35b64510bdcfa04181f805bfc250befa9a32b1f805b642564dcfa04e91f80c201510bcdfaa32b88805b64510bdcfa8b311f80acfb510bdcfc0418277e5b643334dcfa04e91f7e3efc251939fc10e972c15b649f0b39fc102b1f805bfc25190c33a32b1f803efc5119cd8aa32b272bc2ca510bdcfc042b27
2026-10-01 20:23:25.546 [OP] 43F1 inv=FFFA len=5 #1 a5c3931faa
2026-10-01 20:23:57.037 [OUT] 0022 inv=FFF5 len=14 #1 f5ff22009562c0fd6fc4a2fda709
2026-10-01 20:23:57.088 [OP] 4610 inv=FFFE len=1 #1 01
2026-10-01 20:23:58.043 [OUT] 0022 inv=FFF5 len=14 #2 f5ff22009562c0fd90c4a1097009
2026-10-01 20:23:58.095 [OP] 4610 inv=FFFE len=1 #2 28
2026-10-01 20:24:05.550 [OUT] 0022 inv=FFF5 len=14 #3 f5ff22009562c0fd52c46a099909
2026-10-01 20:24:05.601 [OP] 4610 inv=FFFE len=1 #3 49
2026-10-01 20:24:06.558 [OUT] 0022 inv=FFF5 len=14 #4 f5ff22009562c0fd52c4a1aa2f1e
2026-10-01 20:24:06.684 [OP] 4610 inv=FFFE len=1 #4 40
2026-10-01 20:24:07.565 [OUT] 0022 inv=FFF5 len=14 #5 f5ff22009562c0fd52c404624e02
2026-10-01 20:24:07.620 [OP] 4610 inv=FFFE len=1 #5 96
2026-10-01 20:24:17.703 [SYS] #ff0000#您已进入野外区域，可能遭遇玩家间的自由对战，请注意安全！#ffffff#
2026-10-01 20:24:17.703 [OP] 40E0 inv=FED1 len=302 #2 418052fa10531f805b64510baae8a32b1f805b649fecdcfaa32b1f8033f8510bdcfaa32b69e65b64fc0bdcfa972b1f80ea64510b52faa32bad805b64fc0bdcfacd2b1f80cb64510b52faa32bad805b64f0ecdcfac62b1f80df64510b31faa32bf5805b64580bdcfa202b1f800d64510b8ffaa32b1f805b64510bdcfaa32b1f805b64510bdcfaa32b1f805b64430bdcfaa32b1f805b64510bdcfaa32b1f805b64
2026-10-01 20:24:17.703 [OP] 40E3 inv=FFE7 len=24 #2 418052fafd78c8d91264580be4fa232b6980c364970be6fa
2026-10-01 20:24:17.703 [OP] 40E2 inv=FFCF len=48 #2 4f0e392bf36c6b64370b6afaad2b348093640b0bb6fa462b4080c464dd0b6afa042bad808364fc0bdafa202bdb800d64
2026-10-01 20:24:17.703 [OP] 4232 inv=FF60 len=159 #2 7a23d0dce0a32b1f4f5b645127dcfaa3de1f805b6f510bdc1c462b1f805b64510bdcfaa32b1f805b64510bdcfaa32b1f805b64510bdcfaa39aad805b64510bdccbf82b1f805b64514852faa32b1f805b5b580bdcfaa32b1fde7a6451366ffaa359ca805ba0510bdc25a32b1fef5b6451c4dcfaa36959805bc2510bdc85a32b1fc45b64510bdcfaa32cd672eca2d661e2b05b931f805b64510bdcfaa32b1f80
2026-10-01 20:24:17.746 [OUT] 0185 inv=FFF7 len=12 #2 f7ff8501dcfaa32bc8d97b81
2026-10-01 20:24:17.799 [OP] 4202 inv=FFEF len=16 #2 090bdcfa572b1f8000c6510ba353a32b
2026-10-01 20:24:17.799 [OP] 4055 inv=FFF7 len=8 #2 a1ecfc0bdcfaa32b
2026-10-01 20:24:18.516 [OP] 40A1 inv=FFEB len=20 #1 510bdcfaff7d1f809464510ba09f7f7c391002d9
2026-10-01 20:24:24.435 [OP] 40A1 inv=FFEB len=20 #2 510bdcfaff7d1f809464510b6e53327c62ca86d9
2026-10-01 20:24:27.351 [OP] 40A1 inv=FFEB len=20 #3 510bdcfa1f7d1f809464510bbbc2b13bc607ebcd
2026-10-01 20:24:32.412 [OP] 40A1 inv=FFEB len=20 #4 510bdcfaff7d1f809464510b6a9fe87ce7ca0cc6
2026-10-01 20:24:36.224 [OP] 40A1 inv=FFEB len=20 #5 510bdcfa1f7d1f809464510bd7c2453b314e43f1
2026-10-01 20:24:44.234 [OUT] 1004 inv=FFF3 len=16 #1 f3ff04108b3e6b2b59805764510bdcfa
2026-10-01 20:24:44.394 [OP] 4110 inv=FFFD len=2 #1 4d2b
2026-10-01 20:25:02.589 [OUT] 1004 inv=FFF3 len=16 #2 f3ff04108b3e6b2b59805764510bdcfa
2026-10-01 20:25:02.745 [OP] 4110 inv=FFFD len=2 #2 4d2b
2026-10-01 20:25:22.042 [OUT] 1004 inv=FFF3 len=16 #3 f3ff04108b3e6b2b59805764510bdcfa
2026-10-01 20:25:22.184 [OP] 4110 inv=FFFD len=2 #3 4d2b
2026-10-01 20:25:33.961 [OUT] 1004 inv=FFF3 len=16 #4 f3ff04108b3e6b2b59805764510bdcfa
2026-10-01 20:25:34.090 [OP] 4110 inv=FFFD len=2 #4 4d2b
2026-10-01 20:25:47.001 [OUT] 1004 inv=FFF3 len=16 #5 f3ff04108b3e6b2b59805764510bdcfa
2026-10-01 20:25:47.127 [OP] 4110 inv=FFFD len=2 #5 4d2b
2026-10-01 20:26:31.249 [SYS] #ff0000#您已进入野外区域，可能遭遇玩家间的自由对战，请注意安全！#ffffff#
2026-10-01 20:26:31.249 [OP] 40E0 inv=FED1 len=302 #3 418052fa10531f805b64510baae8a32b1f805b649fecdcfaa32b1f8033f8510bdcfaa32b69e65b64fc0bdcfa972b1f80ea64510b52faa32bad805b64fc0bdcfacd2b1f80cb64510b52faa32bad805b64f0ecdcfac62b1f80df64510b31faa32bf5805b64580bdcfa202b1f800d64510b8ffaa32b1f805b64510bdcfaa32b1f805b64510bdcfaa32b1f805b64430bdcfaa32b1f805b64510bdcfaa32b1f805b64
2026-10-01 20:26:31.250 [OP] 40E3 inv=FFE7 len=24 #3 418052fafd78c8d91264580be4fa232b6980c364970be6fa
2026-10-01 20:26:31.250 [OP] 40E2 inv=FFCF len=48 #3 4f0e392bf380c464370b6afaad2b348093640b0bb6fa462b4080c464dd0b6afa042bad808364fc0bdafa202bdb800d64
2026-10-01 20:26:31.250 [OP] 4232 inv=FF60 len=159 #3 7a23d0dce0a32b1f4f5b645127dcfaa3de1f805b6f510bdc1c462b1f805b64510bdcfaa32b1f805b64510bdcfaa32b1f805b64510bdcfaa39aad805b64510bdccbf82b1f805b64514852faa32b1f805b5b580bdcfaa32b1fde7a645116dcfaa359ca805ba0510bdc25a32b1fef5b6451c4dcfaa36959805bc2510bdc85a32b1fc45b64510bdcfaa32cd672eca2d661e2b05b931f805b64510bdcfaa32b1f80
2026-10-01 20:26:31.250 [OP] 4202 inv=FFEF len=16 #3 b7ecdcfa572b1f806364510bd022a32b
2026-10-01 20:26:31.250 [OP] 4055 inv=FFF7 len=8 #3 a1ecfc0bdcfaa32b
2026-10-01 20:26:31.261 [OUT] 0185 inv=FFF7 len=12 #3 f7ff8501dcfaa32bc8d97b81
2026-10-01 20:26:38.877 [OUT] 0050 inv=FFF7 len=12 #1 f7ff5000a32b1f80857f510b
2026-10-01 20:26:38.934 [OP] 4019 inv=FF5B len=164 #1 4f0e392bbfce5b6458d0dc5b7d2bff373e670de396238066c28f2cab8822e1f1653c2771858c653896fe5ea8c56860e5252e5dfef18f977d3c2e5c38a269c7f44b1df6b9891a53b4414d6cd5765019585b1860a18984ed2a2511a201415938a6bd4e13fbad1185822771858caebca1918066b5e42405882228ed4cbcd0543ef293e707a85012d3375b64b72b02fa8048c3548a70b105cd97600e1fec0d6417ad
2026-10-01 20:26:56.087 [OUT] 0051 inv=FFF7 len=12 #1 f7ff51005b64510b6ffaa32b
2026-10-01 20:26:56.149 [SYS] #ff0000#您已进入野外区域，可能遭遇玩家间的自由对战，请注意安全！#ffffff#
2026-10-01 20:26:56.241 [OP] 40E0 inv=FED1 len=302 #4 418052fa10531f805b64510baae8a32b1f805b649fecdcfaa32b1f8033f8510bdcfaa32b69e65b64fc0bdcfa972b1f80ea64510b52faa32bad805b64fc0bdcfacd2b1f80cb64510b52faa32bad805b64f0ecdcfac62b1f80df64510b31faa32bf5805b64580bdcfa202b1f800d64510b8ffaa32b1f805b64510bdcfaa32b1f805b64510bdcfaa32b1f805b64430bdcfaa32b1f805b64510bdcfaa32b1f805b64
2026-10-01 20:26:56.241 [OP] 40E3 inv=FFE7 len=24 #4 418052fafd2b9ca01264580be4fa232b6980c364970be6fa
2026-10-01 20:26:56.241 [OP] 40E2 inv=FFCF len=48 #4 4f0e392bf38020a9370b6afaad2b348093640b0bb6fa462b4080c464dd0b6afa042bad808364fc0bdafa202bdb800d64
2026-10-01 20:26:56.242 [OP] 4232 inv=FF60 len=159 #4 7a23d0dce0a32b1f4f5b645127dcfaa3de1f805b6f510bdc1c462b1f805b64510bdcfaa32b1f805b64510bdcfaa32b1f805b64510bdcfaa39aad805b64510bdccbf82b1f805b64514852faa32b1f805b5b580bdcfaa32b1fde7a645116dcfaa359ca805ba0510bdc25a32b1fef5b6451c4dcfaa36959805bc2510bdc85a32b1fc45b64510bdcfaa32cd672eca2d661e2b05b931f805b64510bdcfaa32b1f80
2026-10-01 20:26:56.242 [OP] 4202 inv=FFEF len=16 #4 feecdcfab42b1f8056df510bf5baa32b
2026-10-01 20:26:56.242 [OP] 4055 inv=FFF7 len=8 #4 a1ecfc0bdcfaa378
2026-10-01 20:26:56.256 [OUT] 0185 inv=FFF7 len=12 #4 f7ff8501dcfaa32bc8d97b81
2026-10-01 20:27:50.000 [OP] 40E0 inv=FED1 len=302 #5 418052fa10531f805b64510baae8a32b1f805b649fecdcfaa32b1f8033f8510bdcfaa32b69e65b64fc0bdcfa972b1f80ea64510b52faa32bad805b64fc0bdcfacd2b1f80cb64510b52faa32bad805b64f0ecdcfac62b1f80df64510b31faa32bf5805b64580bdcfa202b1f800d64510b8ffaa32b1f805b64510bdcfaa32b1f805b64510bdcfaa32b1f805b64430bdcfaa32b1f805b64510bdcfaa32b1f805b64
2026-10-01 20:27:50.001 [OP] 40E3 inv=FFE7 len=24 #5 418052fafd78c8d91264580be4fa232b6980c364970be6fa
2026-10-01 20:27:50.001 [OP] 40E2 inv=FFCF len=48 #5 4f0e392bf3805b64370b6afaad2b348093640b0bb6fa462b4080c464dd0b6afa042bad808364fc0bdafa202bdb800d64
2026-10-01 20:27:50.001 [OP] 4232 inv=FF60 len=159 #5 7a23d0dce0a32b1f4f5b645127dcfaa3de1f805b6f510bdc1c462b1f805b64510bdcfaa32b1f805b64510bdcfaa32b1f805b64510bdcfaa39aad805b64510bdccbf82b1f805b64514852faa32b1f805b5b580bdcfaa32b1fde7a64510bdcfaa359ca805ba0510bdc25a32b1fef5b6451c4dcfaa36959805bc2510bdc85a32b1fc45b64510bdcfaa32cd672eca2d661e2b05b931f805b64510bdcfaa32b1f80
2026-10-01 20:27:50.019 [OP] 4202 inv=FFEF len=16 #5 230bdcfaa32b1f800ea9510b4a5ba32b
2026-10-01 20:27:50.019 [OP] 4055 inv=FFF7 len=8 #5 a1ecfc0bdcfaa32b
2026-10-01 20:27:50.019 [OP] 4018 inv=FFF0 len=15 #1 e77a7f51af3e22a36b2d17c364517f
2026-10-01 20:27:50.023 [OUT] 0185 inv=FFF7 len=12 #5 f7ff8501dcfaa32bc8d97b81
2026-10-01 20:28:07.568 [SYS] #ff0000#您已进入野外区域，可能遭遇玩家间的自由对战，请注意安全！#ffffff#
2026-10-01 20:30:04.720 [SYS] #ff0000#您已进入野外区域，可能遭遇玩家间的自由对战，请注意安全！#ffffff#
2026-10-01 20:30:08.468 [OUT] 0178 inv=FFFB len=8 #1 fbff78019c58f1ef
2026-10-01 20:30:08.578 [OP] 404D inv=FE17 len=488 #1 a1ecfc0bfcfa156feb755b64580b6ffa8f2b7a80c6fc510b14fa692b1f809564e836dcfaf82bca808264af0b4502a32bd680ec64580b6ffa04941f809564580b90fa982b54765b64580b6ffa392bca80fce7510b6ffaf82b9d806b64e31ddcfaf82bca800d643b0bcea7a32bca8095640b0b52fafdb01f809564580b6afa202babec5b64580b6ffa572bca80fbb6510b6ffaf82b3c800d644edbdcfaf82bca80
2026-10-01 20:30:08.582 [OUT] 0045 inv=FFF7 len=12 #3 f7ff4500510bdcfa8f2b1f80
2026-10-01 20:30:08.583 [OUT] 0045 inv=FFF7 len=12 #4 f7ff4500510bdcfaa32b1f80
2026-10-01 20:30:08.583 [OUT] 0045 inv=FFF7 len=12 #5 f7ff4500510bdcfae72b1f80
2026-10-01 20:30:08.674 [OP] 4025 inv=FFF5 len=10 #3 8f533832c4df51ece2fa
2026-10-01 20:30:08.777 [OP] 4025 inv=FFCE len=49 #4 2ba5ae6df882076e47a353d6804d894eb2dcc45b2bf66d11645861dc10d9f81faaec64622702faf82c1fae0dc651ece2fa
2026-10-01 20:30:08.777 [OP] 4025 inv=FFF5 len=10 #5 e7533832c4df51ece2fa
2026-10-01 20:30:09.388 [OUT] 0046 inv=FFF7 len=12 #1 f7ff4600a32b1f805c64510b
2026-10-01 20:30:09.479 [OP] 4026 inv=FFE7 len=24 #1 57de3832c4df51ece2fae80cca8095a2515054f4a353d680
2026-10-01 20:30:17.262 [OUT] 0048 inv=FFF7 len=12 #1 f7ff480006faa32b1faa9564
2026-10-01 20:30:17.391 [OP] 4721 inv=FFF7 len=8 #1 4f0e392b1faa9564
2026-10-01 20:30:21.260 [OUT] 0178 inv=FFFB len=8 #2 fbff78019c58f1ef
2026-10-01 20:30:21.359 [OP] 404D inv=FE23 len=476 #2 418052fa272b1f80323e510b6ffaf82b5980956425b5dcfaf82bca8095641c0bb8a7a32bca809564fc0ba7fa8ab41f809564580b8bfa612b218d5b64580b6ffa462bad801c47510b6ffaf82ba58040644588dcfaf82bca80c364580bc740a32bca809564e60b8ffaf3c31f809564580bfafaf82b60765b64580b6ffab42bca802c2a510b6ffaf82b8a8095646d89dcfaf82bca802764580b7c21a32bca809564
2026-10-01 20:30:24.884 [OUT] 0049 inv=FFEC len=23 #1 ecff49002b1f805b64510bdc5a4e78c8805b64510bc6c4
2026-10-01 20:30:24.947 [SYS] 背包剩余空间不足
2026-10-01 20:30:25.045 [OP] 4020 inv=FFE7 len=24 #3 418052fa672bca8094d70e0b155a4e782e579464310bdcfa
2026-10-01 20:30:25.045 [OP] 4020 inv=FFE7 len=24 #4 418052fa672bca80945087591021a32bca809564310b6ffa
2026-10-01 20:30:25.857 [OUT] 0046 inv=FFF7 len=12 #2 f7ff4600a32b1f809464510b
2026-10-01 20:30:25.919 [OP] 4026 inv=FFD5 len=42 #2 59ef86b90e2fe3b1b42bca725b41524766faf82c1faec1cd51ece2fae8c75c8095a251505230a353d680
2026-10-01 20:30:33.410 [OUT] 0048 inv=FFF7 len=12 #2 f7ff4800dcfaa32b1f52c464
2026-10-01 20:30:33.553 [OP] 4721 inv=FFF7 len=8 #2 4f0e392b1f52c464
2026-10-01 20:30:35.221 [OUT] 0048 inv=FFF7 len=12 #3 f7ff4800b89fa32b1fac9564
2026-10-01 20:30:35.358 [OP] 4721 inv=FFF7 len=8 #3 4f0e392b1fac9564
2026-10-01 20:30:38.756 [OUT] 0048 inv=FFF7 len=12 #4 f7ff4800dcfaa32b1fba1c64
2026-10-01 20:30:38.890 [OP] 4721 inv=FFF7 len=8 #4 4f0e392b1fba1c64
2026-10-01 20:30:41.493 [OUT] 0048 inv=FFF7 len=12 #5 f7ff4800dcfaa32b1ffac464
2026-10-01 20:30:41.590 [OP] 4721 inv=FFF7 len=8 #5 4f0e392b1ffac464
2026-10-01 20:30:45.434 [OUT] 0178 inv=FFFB len=8 #3 fbff78019c58f1ef
2026-10-01 20:30:45.503 [OP] 404D inv=FF43 len=188 #3 e787c464fb0b8bfa81651f809564580be7fa392b37755b64580b6ffaaa2bad80c871510b6ffaf82bee80c464e836dcfaf82bca80c764af0b989aa32bca809564150b8ffaba0d1f809564580b6dfacb2b63755b64580b6ffa002bec8012a3510b6ffaf82bd580bb640136dcfaf82bca807364580bf49aa32bca809564740b90faeb0d1f809564580b35fa312bc8d97b81510bdcfae72b1f807b81a552dcfaa32b
2026-10-01 20:30:49.018 [OUT] 0049 inv=FFEC len=23 #2 ecff49002b1f805b64510bdc5a4e78c8805b64510bc6c4
2026-10-01 20:30:49.078 [SYS] 获得了#00FF00#1#FFF692#顶#64FF7D#韵语布帽
2026-10-01 20:30:49.181 [SYS] 获得了#00FF00#1#FFF692#份#64FF7D#(御)心灵鸡汤
2026-10-01 20:30:49.183 [SYS] 获得了#00FF00#1#FFF692#份#64FF7D#(御)希望饲料
2026-10-01 20:30:49.183 [SYS] 获得了#00FF00#1#FFF692#颗#64FF7D#(御)幸运丸
2026-10-01 20:30:49.183 [SYS] 获得了#00FF00#10#FFF692#个#64FF7D#(御)冒险精气
2026-10-01 20:30:49.183 [OP] 4020 inv=FFE7 len=24 #5 418052fa672bca8094b0510b155a4e78d6805b64310bdcfa
2026-10-01 20:30:50.626 [OUT] 0049 inv=FFEC len=23 #3 ecff49002b1f805b64510bdc5a4e78c8805b64510b02c4
2026-10-01 20:30:50.687 [SYS] 获得了#00FF00#1#FFF692#条#64FF7D#酷·奥义飞索
2026-10-01 20:30:50.786 [SYS] 获得了#00FF00#1#FFF692#张#64FF7D#(御)囧盒仔
2026-10-01 20:30:50.787 [SYS] 获得了#00FF00#10#FFF692#个#64FF7D#(御)冒险精气
2026-10-01 20:30:50.787 [SYS] 获得了#00FF00#1#FFF692#个#64FF7D#(御)宠物装备激活器
2026-10-01 20:30:52.308 [OUT] 0049 inv=FFEC len=23 #4 ecff49002b1f805b64510bdc5a4e78c8805b64510ba9c4
2026-10-01 20:30:52.373 [SYS] 背包剩余空间不足
2026-10-01 20:30:56.961 [OUT] 0049 inv=FFEC len=23 #5 ecff49002b1f805b64510bdc5a4e78c8805b64510b73c4
2026-10-01 20:30:57.024 [OP] 4230 inv=FF1F len=224 #1 e787c4649475dcfaa32b1f805b64510b8dc4a32b49875b64510bdcfa8f2b1f805b64510b00faa32b1f805b64390bdcfaa32b1f803964510bdcfaa32b1f805b64510bdcfaa32b1f805b64510b07faa32bb2ce5b645ed5dcfaf82b1f800d64510b36faa32bf3805b642d0bdcfa202b1f805b64510bdcfaa32b1f805b64510bdcfaa32b1f805b64510bdcfaa32b59805b64fc0bdcfa202b1f800d64510b8ffaa32b
2026-10-01 20:30:57.129 [OP] 4722 inv=FFEC len=19 #1 cb67ce5b7a23d0dc5a4e78c80af664510b73c4
2026-10-01 20:31:14.744 [OUT] 0046 inv=FFF7 len=12 #3 f7ff4600a32b1f805b64510b
2026-10-01 20:31:14.815 [OP] 4026 inv=FFD3 len=44 #3 a3d9f6ba95645861dc100dd91faaec64626d52faf82c1faebaf151ece2fae8ce9d8095a2515052f4a353d680
2026-10-01 20:31:34.182 [OUT] 0070 inv=FFE7 len=28 #1 e7ff70001f805b64510bdcfaa32b1f80ea64510bdcfaa32b1f805b64
2026-10-01 20:31:34.302 [OP] 4740 inv=FFE3 len=28 #1 e787c464510bdcfaa32b1f80ea64510bdcfaa32b1f805b64d00bdcfa
2026-10-01 20:31:36.859 [OUT] 0070 inv=FFE7 len=28 #2 e7ff70001f805b64510bdcfaa32b1f80dc64510bdcfaa32b1f805b64
2026-10-01 20:31:36.995 [OP] 4740 inv=FFE3 len=28 #2 e787c464510bdcfaa32b1f80dc64510bdcfaa32b1f805b64320bdcfa
2026-10-01 20:31:43.519 [OUT] 0047 inv=FFF3 len=16 #1 f3ff47009c09dcce5bdf510bc65a4e78
2026-10-01 20:31:43.642 [OP] 4027 inv=FFF5 len=10 #1 4f0e392b1faa5b64310b
2026-10-01 20:31:43.642 [OP] 401E inv=FFAD len=82 #1 4d5dad80a1ecfc0b52faa32b9d805b646f92dcfa05601f80ed55510b2a9ea32b72ff5b64a552155a9cf21f80a69a510b8631a32bc8d97b81a552155a4e78c8d97b81a552dcfaa32b1f805b64510bdcfaa32b
2026-10-01 20:31:43.644 [OP] 4026 inv=FFC4 len=59 #4 64e6fbe4f0f16bca725b8d95b2dcc45b2b3852c1645861dc100d081faaec64626d5efaf82c1faebaf751ece2fae8cee38095a25150529fa353d680
2026-10-01 20:31:44.846 [OUT] 0047 inv=FFF3 len=16 #2 f3ff47009c09dcce5bdf510b025a4e78
2026-10-01 20:31:44.971 [OP] 4027 inv=FFF5 len=10 #2 4f0e392b1faa5b642d7f
2026-10-01 20:31:44.971 [OP] 401E inv=FFAD len=82 #2 4d5dad80a1ecfc0b52faa32b9d805b646f92dcfa05601f80d355510b2a9ea32b72ff5b64a552155a9cf21f80a69a510b8631a32bc8d97b81a552155a4e78c8d97b81a552dcfaa32b1f805b64510bdcfaa32b
2026-10-01 20:31:44.971 [OP] 4026 inv=FFC7 len=56 #5 905be8a35932d676fb0b6fb0a3a59f0fc0645861dc1017531faaec64628bd9faf82c1fae9b6e51ece2fae8ceec8095a251505230a353d680
2026-10-01 20:31:50.022 [SYS] 背包剩余空间不足
2026-10-01 20:32:16.373 [OUT] 0178 inv=FFFB len=8 #4 fbff78019c58f1ef
2026-10-01 20:32:16.457 [OP] 404D inv=FE2F len=464 #4 4f0e392bc1805b644588dcfaf82bca802764580bc4cba32b0280ec64510b6ffabd801f809564580b02faf82b91af5b64ab0be2faf82bca80c6fc510b14fa692b5980956425b5dcfaf82bca80c4641c0b26c0a32bca809564b20b6ffa76b41f809564580b8ffab42b2e8d5b64580b6ffa202b8a8037e7510b6ffaf82b6280c464b288dcfaf82bca805c640b0b155a4e781f805b64a60bdcfa20b01f809564580b
2026-10-01 20:32:34.363 [OUT] 0047 inv=FFF3 len=16 #3 f3ff47009c09dcce5bdf510b905a4e78
2026-10-01 20:32:34.500 [OP] 4027 inv=FFF5 len=10 #3 4f0e392b1faa5b640e7f
2026-10-01 20:32:34.500 [OP] 401E inv=FFAD len=82 #3 4d5dad80a1ecfc0b52faa32b9d805b646f92dcfa05601f80c6fc510b2a9ea32b72ff5b64a552155a9cf21f80a69a510b8631a32bc8d97b81a552155a4e78c8d97b81a552dcfaa32b1f805b64510bdcfaa32b
2026-10-01 20:32:39.613 [SYS] 获得了#00FF00#1#FFF692#件#64FF7D#自信布甲
2026-10-01 20:32:39.708 [SYS] 获得了#00FF00#1#FFF692#个#64FF7D#(御)时空门
2026-10-01 20:32:39.708 [SYS] 获得了#00FF00#2#FFF692#个#64FF7D#(御)特赦令
2026-10-01 20:32:39.708 [SYS] 获得了#00FF00#10#FFF692#个#64FF7D#(御)冒险精气
2026-10-01 20:32:39.708 [SYS] 获得了#00FF00#1#FFF692#个#64FF7D#装备碎片
2026-10-01 20:32:39.708 [SYS] 获得了#00FF00#1#FFF692#个#64FF7D#1级装备精华
2026-10-01 20:32:41.957 [OUT] 0178 inv=FFFB len=8 #5 fbff78019c58f1ef
2026-10-01 20:32:42.143 [OP] 404D inv=FE47 len=440 #5 e787c464000b5ec297b01f809564580b54faf82b54ad5b6415ec34c4392bca803e20510b6ffaf82b9d805e64dbaddcfaf82bca80a364950bdec0a32bca809564fd0b90faecc31f809564580be6faf82b8b8d5b64580b6ffa232bf380a0e7510b6ffaf82bec80c064021ddcfaf82bca80dc64fc0b8b0da32bca809564af0be6fa20b01f809564580b66faf82b62ec5b64580b6ffab72bca807571510b6ffaf82b
2026-10-01 20:32:45.214 [OUT] 0047 inv=FFF3 len=16 #4 f3ff47009c09dcce5bdf510b525a4e78
2026-10-01 20:32:45.333 [OP] 4027 inv=FFF5 len=10 #4 4f0e392b1faa5b64fc08
2026-10-01 20:32:45.333 [OP] 401E inv=FFAD len=82 #4 4d5dad80a1ecfc0b52faa32b9d805b646f92dcfa05601f80c6fc510b2a9ea32b72ff5b64a552155a9cf21f80a69a510b26b3a32bc8d97b81a552155a4e78c8d97b81a552dcfaa32b1f805b64510bdcfaa32b
2026-10-01 20:33:06.975 [OUT] 0046 inv=FFF7 len=12 #4 f7ff4600a32b1f80c464510b
2026-10-01 20:33:07.562 [OP] 42CF inv=FFE3 len=28 #1 a1ecfc0bbd22a32b1f805b64510bdcfaa32b1f805b64510bdcfaa32b
2026-10-01 20:33:07.563 [OP] 42CF inv=FFE3 len=28 #2 a1ecfc0bbd22a32b1f805b64510bdcfaa32b1f805b64510bdcfaa32b
2026-10-01 20:33:33.588 [OUT] 0046 inv=FFF7 len=12 #5 f7ff4600a32b1f804064510b
2026-10-01 20:34:04.122 [OUT] 0105 inv=FFFA len=9 #1 faff0501faa32b1faa
2026-10-01 20:34:04.257 [OP] 47A4 inv=FFFA len=5 #1 7a23d0dcc4
2026-10-01 20:35:26.315 [OUT] 017B inv=FFFB len=8 #1 fbff7b011f805b64
2026-10-01 20:35:26.441 [OP] 47AA inv=FFFB len=4 #1 4d5dad80
2026-10-01 20:35:26.441 [OP] 401E inv=FFAD len=82 #5 4d5dad80a1ecfc0b52faa32b9d805b646f92dcfa05601f80c6fc510b2a9ea32b72ff5b64a552155a9cf21f80a69a510b26b3a32b88765b64a552155a4e78c8d97b81a552dcfaa32b1f805b64510bdcfaa32b
2026-10-01 20:35:26.986 [OUT] 017C inv=FFFB len=8 #1 fbff7c01510bdcfa
2026-10-01 20:35:27.108 [OP] 47AB inv=FFFB len=4 #1 a1ecfc0b
2026-10-01 20:35:27.536 [OUT] 005A inv=FFFB len=8 #1 fbff5a00e8116bc4
2026-10-01 20:35:27.599 [OP] 404A inv=FFF7 len=8 #1 4d5dad805b7f510b
2026-10-01 20:35:33.341 [OUT] 0177 inv=FFF9 len=10 #1 f9ff77013064510be622
2026-10-01 20:35:33.976 [OUT] 0177 inv=FFF9 len=10 #2 f9ff77013064510b8f53
2026-10-01 20:35:34.202 [OUT] 005B inv=FFFA len=9 #1 faff5b00b4afc77f2b
2026-10-01 20:35:34.210 [OUT] 005B inv=FFFA len=9 #2 faff5b000bdce8f82b
2026-10-01 20:35:34.237 [OUT] 005B inv=FFFA len=9 #3 faff5b000bdce8f82b
2026-10-01 20:35:34.246 [OUT] 005B inv=FFFA len=9 #4 faff5b000bdce8f82b
2026-10-01 20:35:34.314 [OP] 404B inv=FFE7 len=24 #1 4f0e392b1faa57cd17b5dcfaa32b1f809564510b6fb0a32b
2026-10-01 20:35:34.411 [OP] 404B inv=FFE7 len=24 #2 4f0e392b1faa57cd17b5dcfaa32b1f809564510b6fb0a32b
2026-10-01 20:35:34.412 [OP] 404B inv=FFE7 len=24 #3 4f0e392b1faa6b6417b5dcfaa32b1f809564510b6fb0a3d7
2026-10-01 20:35:34.412 [OP] 404B inv=FFE7 len=24 #4 4f0e392b1faa6b6417b5dcfaa32b1f809564510b6fb0a32b
2026-10-01 20:39:42.650 [OP] 4704 inv=FFDE len=33 #1 af3e22a39ef3ce5ba0510bdcc5a32b1f3cc83369938c0ba32b1f805b64510bdcfa
2026-10-01 20:39:44.139 [OUT] 0031 inv=FFCE len=53 #1 ceff310064511a9033b4de1f4f5b6451b9dcfaa32b1f805b75510bdce8a32b1f805b6451a2da2bf0b3bb341a64510bdcfaa32b1f80
2026-10-01 20:39:44.192 [OP] 401B inv=FEB3 len=332 #1 4d5dad800d64510b17faa32b7207c464530bdcfa972b1f80afc6510bdcfaa32be4c65b64510bdcfab9531f805b64510bffe8a32b1f805b64bc595ab12b219f805b64510bdcfaa32b1f6dc46412b252fada2b1f802964510bac9fa32b1f805b6437fddcfaa32b1f8007df510bdcfaa32be0c75b64510bdcfa16876c842d437f0bdcfaa32b1f805b64510bdcfa5f5dad80e264510b68faa32bbdef5b64510bdcfa
2026-10-01 20:39:46.201 [SYS] #ff0000#您已进入野外区域，可能遭遇玩家间的自由对战，请注意安全！#ffffff#
2026-10-01 20:39:46.308 [OP] 401B inv=FEB3 len=332 #2 4d5dad800d64510b17faa32b7207c464530bdcfa972b1f80afc6510bdcfaa32be4c65b64510bdcfab9531f805b64510bffe8a32b1f805b64bc595ab12b219f805b64510bdcfaa32b1f775b6412b252fada2b1f802964510bac9fa32b1f805b6437fddcfaa32b1f8007df510bdcfaa32be0c75b64510bdcfa16876c842d437f0bdcfaa32b1f805b64510bdcfa5f5dad80e264510b68faa32bbdef5b64510bdcfa
2026-10-01 20:40:00.219 [SYS] #00FFFF#国庆节特别活动“红旗飘飘贺国庆”#00FF00#正式开启#00FFFF#，冒险者可以在逍遥西的#FF0000#大冒险活动官#00FFFF#处参加活动，收集喜庆用品装饰旗台，赢取丰富的属性及道具奖励，幸运的冒险者还将得到#FF0000#稀有奖励#FFFFFF#！
2026-10-01 20:40:15.915 [OP] 4031 inv=FF5C len=163 #1 39510cdc22a32b1faa5b5003b3a22d1d88ab6a30051648b0c54f67e87106671df42db834677c499871136a78ec4f67e88f138787e92a934f67c31663b97fb353001618b0a4a9e9744c6828349aa250a2d8899e38d5a8671213a96706a4b1ec34679694f3b3e1a6b6ccc29b40f32cce4d87f0775131a2b1f389f9140fb35120bb4c848980ef6e165119aeeb837bc06919740e23d0e4346451e49cfc58f33ee554
2026-10-01 20:41:00.032 [SYS] #00FF00#1#00FFFF#分钟后逍遥村周围将掉落20个宝箱，捡取可获得意外惊喜喔！#FFFFFF#
2026-10-01 20:41:25.461 [OP] 4233 inv=FFFA len=5 #1 e77a7f51ec
2026-10-01 20:41:25.461 [OP] 40F6 inv=FFEF len=16 #1 4d5dad809564510bdcfaa32bca805b64
2026-10-01 20:42:07.870 [OP] 4210 inv=FFF3 len=12 #1 710bdcfab42b1f80baecfc0b
2026-10-01 20:43:14.464 [OUT] 1005 inv=FFEF len=20 #1 efff0510a498f8539d794064fd0bb6faa32b1f80
2026-10-01 20:43:26.230 [OP] 4210 inv=FFF3 len=12 #2 710bdcfaf62b1f8057ecfc0b
2026-10-01 20:43:49.433 [SYS] #00FF00#1#00FFFF#分钟后逍遥村周围将掉落20个宝箱，捡取可获得意外惊喜喔！#FFFFFF#
2026-10-01 20:43:49.434 [SYS] #00FFFF#10位玉女携带礼物参加国庆活动，#00FF00#5#00FFFF#分钟后将出现在夕阳草原，请各位冒险者前去保护她们免受BOSS骚扰#FF0000#（BOSS有一定几率携带稀有宝宝）。#FFFFFF#
2026-10-01 20:44:35.835 [OUT] 1005 inv=FFEF len=20 #2 efff0510a498f8539d804064fd0bb6faa32b1f80
2026-10-01 20:46:01.388 [OUT] 1005 inv=FFEF len=20 #3 efff0510a498f8539d804064fd0bb6faa32b1f80
2026-10-01 20:46:04.600 [OUT] 1005 inv=FFEF len=20 #4 efff0510a498f8539d804064fd0bb6faa32b1f80
2026-10-01 20:46:14.466 [QUESTION] {"type":"question","sock":2472,"qno":14,"field_a":103,"stem":"当发现有人触电后，抢救他的正确方法是？","options":["1、找个能插的电源","2、给手机充电","3、切断电源","4、也一起触电"]}
2026-10-01 20:46:15.228 [SEND-ANSWER] qno=14 opt=2 ret=13 sock=2472
2026-10-01 20:46:15.284 [SYS] 测试通过！
2026-10-01 20:46:15.390 [SYS] 获得了#00FF00#100#FFF692#金币
2026-10-01 20:46:15.390 [CURRENCY] a=201745 b=313409
2026-10-01 20:46:15.475 [UI] auto dump on question qno=14
2026-10-01 20:46:15.475 [UI] ---- window dump begin (pid 36332) ----
2026-10-01 20:46:15.486 [UI] TOP=000704FC vis=1 cls=ATL:012FF210 rc=(881,130,1921,937) title=什么什么大冒险2(①逍遥村敬老院)-自由三号_Sep 24 2026《什么什么大冒险》制作委员会QQ群:515616289
2026-10-01 20:46:15.486 [UI] TOP=00060F58 vis=0 cls=DIEmWin rc=(-1,-1,135,38) title=DIEmWin
2026-10-01 20:46:15.492 [UI] TOP=0003070C vis=0 cls=MSCTFIME UI rc=(0,0,0,0) title=MSCTFIME UI
2026-10-01 20:46:15.518 [UI] TOP=0005076C vis=0 cls=IME rc=(0,0,0,0) title=Default IME
2026-10-01 20:46:15.518 [UI] TOP=00430F6C vis=0 cls=IME rc=(0,0,0,0) title=Default IME
2026-10-01 20:46:15.518 [UI] ---- window dump end ----
2026-10-01 20:46:17.037 [UI] auto-closing quiz frame: qno=14 opt=2
2026-10-01 20:46:17.047 [UI] option 2 control NOT found — falling back to digit key
2026-10-01 20:46:17.048 [UI] sending digit key '2' to hwnd=000704FC
2026-10-01 20:46:17.845 [OUT] 1F04 inv=FFF6 len=13 #1 f6ff041fce1f805b37510bdce8
2026-10-01 20:46:23.275 [OUT] 1005 inv=FFEF len=20 #5 efff05104efce42b4d7940dffd0bb6faa32b1f80
2026-10-01 20:46:49.458 [SYS] #00FFFF#10位玉女携带礼物参加国庆活动，#00FF00#2#00FFFF#分钟后将出现在夕阳草原，请各位冒险者前去保护她们免受BOSS骚扰#FF0000#（BOSS有一定几率携带稀有宝宝）。#FFFFFF#
2026-10-01 20:47:08.947 [OP] 42CF inv=FFE3 len=28 #3 a1ecfc0bb022a32bc7455b64510bdcfadb2b1f805b64510b6ffaa32b
2026-10-01 20:47:08.949 [OP] 42CF inv=FFE3 len=28 #4 a1ecfc0bb022a32bc7455b64510bdcfadb2b1f805b64510b6ffaa32b
2026-10-01 20:47:33.699 [OP] 4233 inv=FFFA len=5 #2 e77a7f51ec
2026-10-01 20:47:33.699 [OP] 40F6 inv=FFEF len=16 #2 4d5dad805b64510bdcfaa32bca8d5b64
2026-10-01 20:47:39.903 [SYS] #00FF00#1#00FFFF#分钟后逍遥村周围将掉落20个宝箱，捡取可获得意外惊喜喔！#FFFFFF#
2026-10-01 20:47:49.399 [SYS] #00FFFF#10位玉女携带礼物参加国庆活动，#00FF00#1#00FFFF#分钟后将出现在夕阳草原，请各位冒险者前去保护她们免受BOSS骚扰#FF0000#（BOSS有一定几率携带稀有宝宝）。#FFFFFF#
2026-10-01 20:48:49.417 [SYS] #00FFFF#10位玉女携带礼物参加国庆活动，已经出现在夕阳草原，请各位冒险者前去保护她们免受BOSS骚扰（BOSS有一定几率携带稀有宝宝）。#FFFFFF#
2026-10-01 20:49:36.384 [OP] 4031 inv=FFCD len=50 #2 34fa5f2bf3805b64510b2c938a4eff719893bcf2d897a62796943027740a1e6d032b1fb16deb8860ef38c1acc526b36de20b
2026-10-01 20:53:58.447 [OP] 4031 inv=FFC9 len=54 #3 11647b0b0afaa32b1f80e9ea252e53d880661e131ab40646d897a6f7c66ae9ea5c935d23a32ba766edc0b114f8edf459400bfd8dc60b
2026-10-01 20:54:09.246 [OP] 40E6 inv=FFF3 len=12 #1 4d5dad80e166510bdcfaa32b
2026-10-01 20:54:09.306 [OP] 4210 inv=FFF3 len=12 #3 710bdcfa822b1f80a1ecfc0b
2026-10-01 20:56:11.272 [OP] 40E1 inv=FFED len=18 #1 a1ecfc0b6ffadb62ca80956458b26ffaf82b
2026-10-01 20:58:23.917 [SYS] #00FF00#1#00FFFF#分钟后逍遥村周围将掉落20个宝箱，捡取可获得意外惊喜喔！#FFFFFF#
2026-10-01 20:58:24.031 [SYS] #00FFFF#10位玉女携带礼物参加国庆活动，#00FF00#5#00FFFF#分钟后将出现在夕阳草原，请各位冒险者前去保护她们免受BOSS骚扰#FF0000#（BOSS有一定几率携带稀有宝宝）。#FFFFFF#
2026-10-01 21:00:00.158 [SYS] #00FFFF#国庆节特别活动“红旗飘飘贺国庆”#00FF00#正式开启#00FFFF#，冒险者可以在逍遥西的#FF0000#大冒险活动官#00FFFF#处参加活动，收集喜庆用品装饰旗台，赢取丰富的属性及道具奖励，幸运的冒险者还将得到#FF0000#稀有奖励#FFFFFF#！
2026-10-01 21:01:23.920 [SYS] #00FFFF#10位玉女携带礼物参加国庆活动，#00FF00#2#00FFFF#分钟后将出现在夕阳草原，请各位冒险者前去保护她们免受BOSS骚扰#FF0000#（BOSS有一定几率携带稀有宝宝）。#FFFFFF#
2026-10-01 21:01:37.501 [SYS] #00FF00#1#00FFFF#分钟后逍遥村周围将掉落20个宝箱，捡取可获得意外惊喜喔！#FFFFFF#
2026-10-01 21:02:23.925 [SYS] #00FFFF#10位玉女携带礼物参加国庆活动，#00FF00#1#00FFFF#分钟后将出现在夕阳草原，请各位冒险者前去保护她们免受BOSS骚扰#FF0000#（BOSS有一定几率携带稀有宝宝）。#FFFFFF#
2026-10-01 21:03:23.936 [SYS] #00FFFF#10位玉女携带礼物参加国庆活动，已经出现在夕阳草原，请各位冒险者前去保护她们免受BOSS骚扰（BOSS有一定几率携带稀有宝宝）。#FFFFFF#
2026-10-01 21:03:39.528 [SYS] #00FF00#1#00FFFF#分钟后逍遥村周围将掉落20个宝箱，捡取可获得意外惊喜喔！#FFFFFF#
2026-10-01 21:04:21.690 [SYS] 获得了#00FF00#1#FFF692#个#64FF7D#碧玉葫芦
2026-10-01 21:04:27.807 [SYS] #FFF692#恭喜#FF8CF8#Nnnnnn1#FFF692#在#00C8F8#国庆福袋#FFF692#中获得了#64FF7D#摄魂铃铛
2026-10-01 21:04:29.141 [SYS] #FFF692#恭喜#FF8CF8#Nnnnnn1#FFF692#在#00C8F8#国庆福袋#FFF692#中获得了#64FF7D#古老的袖里剑
2026-10-01 21:04:34.372 [SYS] #FFF692#恭喜#FF8CF8#Nnnnnn1#FFF692#在#00C8F8#国庆福袋#FFF692#中获得了#64FF7D#宠物印记
2026-10-01 21:05:59.561 [SYS] #FFF692#恭喜#FF8CF8#Nnnnnn1#FFF692#在#00C8F8#国庆福袋#FFF692#中获得了#64FF7D#宠物印记
2026-10-01 21:06:00.382 [SYS] #FFF692#恭喜#FF8CF8#Nnnnnn1#FFF692#在#00C8F8#国庆福袋#FFF692#中获得了#64FF7D#魔法命运骰子
2026-10-01 21:06:02.556 [SYS] 获得了#00FF00#1#FFF692#个#64FF7D#碧玉葫芦
2026-10-01 21:07:58.851 [SYS] 获得了#00FF00#1#FFF692#个#64FF7D#碧玉葫芦
2026-10-01 21:09:58.058 [SYS] #00FF00#1#00FFFF#分钟后逍遥村周围将掉落20个宝箱，捡取可获得意外惊喜喔！#FFFFFF#
2026-10-01 21:10:42.564 [OP] 4031 inv=FFE9 len=22 #4 fc0bfafa382b1f805b64520bdc640448827a7ee5e20b
2026-10-01 21:11:34.927 [OP] 4031 inv=FFE9 len=22 #5 fc0bfafaf82b1f8095647f0bdc3be37940c288673d0b
2026-10-01 21:12:31.520 [OP] 4707 inv=FFF3 len=12 #2 4d5dad8057ecfc0b17faa32b
2026-10-01 21:13:10.734 [SYS] #00FF00#1#00FFFF#分钟后逍遥村周围将掉落20个宝箱，捡取可获得意外惊喜喔！#FFFFFF#
2026-10-01 21:13:24.880 [OP] 4233 inv=FFFA len=5 #3 e77a7f51ec
2026-10-01 21:13:24.881 [OP] 40F6 inv=FFEF len=16 #3 4d5dad805b64510bdcfaa32bca13bdce
2026-10-01 21:17:33.272 [SYS] #FFF692#恭喜#FF8CF8#白酒啤酒#FFF692#打造出#64FF7D#+10#FFF692#装备
2026-10-01 21:20:00.154 [SYS] #00FFFF#国庆节特别活动“红旗飘飘贺国庆”#00FF00#正式开启#00FFFF#，冒险者可以在逍遥西的#FF0000#大冒险活动官#00FFFF#处参加活动，收集喜庆用品装饰旗台，赢取丰富的属性及道具奖励，幸运的冒险者还将得到#FF0000#稀有奖励#FFFFFF#！
2026-10-01 21:23:38.861 [OP] 40E6 inv=FFF3 len=12 #2 4d5dad801b54510bdcfaa32b
2026-10-01 21:23:38.861 [OP] 4210 inv=FFF3 len=12 #4 140bdcfab12b1f80a1ecfc0b
2026-10-01 21:25:46.609 [OP] 4210 inv=FFF3 len=12 #5 140bdcfa5f2b1f80baecfc0b
2026-10-01 21:27:10.167 [SYS] #ff0000#您已进入野外区域，可能遭遇玩家间的自由对战，请注意安全！#ffffff#
2026-10-01 21:27:10.359 [OP] 401B inv=FEF3 len=268 #3 a1ecfc0b8bfaa32b0f805b64b4b252fada2b1f802964510b606ea32b1f805b64135fdcfaa32b1f80e9df510bdcfaa32be6c75b64510bdcfa16876c842d43520bdcfaa32b1f805b64517fdcfa603bad803564510b68faa32b45ca5b64510bdcfac37c1f805b64510b59c4a32b1f805b64db7fdcfaa32b1f8026b35c3828d7fb2b1f805b64510bdcfaa34a402fbaecfc0bb3faa32bab805b6498c4dcfaa32b1f80
2026-10-01 21:27:17.570 [SYS] #ff0000#您已进入野外区域，可能遭遇玩家间的自由对战，请注意安全！#ffffff#
2026-10-01 21:27:17.570 [OP] 401B inv=FEF3 len=268 #4 a1ecfc0b8bfaa32b0f805b64b4b252fada2b1f802964510b606ea32b1f805b64135fdcfaa32b1f80e9df510bdcfaa32be6c75b64510bdcfa16876c842d43520bdcfaa32b1f805b6451ecdcfa603bad803564510b68faa32b45ca5b64510bdcfac37c1f805b64510b59c4a32b1f805b64db7fdcfaa32b1f8026b35c3828d7fb2b1f805b64510bdcfaa32b1f80baecfc0bb3faa32bab805b6498c4dcfaa32b1f80
2026-10-01 21:29:14.165 [SYS] 获得了#00FF00#1#FFF692#个#64FF7D#碧玉葫芦
2026-10-01 21:29:31.086 [SYS] #00FF00#1#00FFFF#分钟后逍遥村周围将掉落20个宝箱，捡取可获得意外惊喜喔！#FFFFFF#
2026-10-01 21:30:00.133 [SYS] #FF0000#世界BOSS#00FFFF#将于#FFFF00#10#00FFFF#分钟后开始，大家赶紧到#00c2ff#龙之都#00FFFF#找#ff8dff#老刘(3666,1959)#00FFFF#报名！
2026-10-01 21:30:01.710 [SYS] #ff0000#您已进入野外区域，可能遭遇玩家间的自由对战，请注意安全！#ffffff#
2026-10-01 21:30:01.890 [OP] 401B inv=FEF3 len=268 #5 a1ecfc0b8bfaa32b0f805b64b4b252fada2b1f802964510b606ea32b1f805b64135fdcfaa32b1f80e9df510bdcfaa32be6c75b64510bdcfa16876c842d43520bdcfaa32b1f805b64517fdcfa603bad803564510b68faa32b45ca5b64510bdcfac37c1f805b64510b59c4a32b1f805b64db7fdcfaa32b1f8026b35c3828d7fb2b1f805b64510bdcfaa34ac354baecfc0bb3faa32bab805b6498c4dcfaa32b1f80
2026-10-01 21:36:01.350 [SYS] #ff0000#您已进入野外区域，可能遭遇玩家间的自由对战，请注意安全！#ffffff#
2026-10-01 21:37:08.399 [SYS] 物品栏满
2026-10-01 21:38:41.783 [SYS] #00FF00#1#00FFFF#分钟后逍遥村周围将掉落20个宝箱，捡取可获得意外惊喜喔！#FFFFFF#
2026-10-01 21:39:16.774 [SYS] 物品栏满
2026-10-01 21:39:59.496 [SYS] #ff0000#您已进入野外区域，可能遭遇玩家间的自由对战，请注意安全！#ffffff#
2026-10-01 21:40:00.135 [SYS] #FF0000#世界BOSS#00FFFF#已经开始，请大家到相应的地图痛扁BOSS或到#00c2ff#龙之都#00FFFF#找#ff8dff#老刘(3666,1959)#00FFFF#报名！
2026-10-01 21:40:30.435 [SYS] #ff0000#您已进入野外区域，可能遭遇玩家间的自由对战，请注意安全！#ffffff#
2026-10-01 21:41:26.505 [SYS] #ff0000#您已进入野外区域，可能遭遇玩家间的自由对战，请注意安全！#ffffff#
2026-10-01 21:41:32.835 [SYS] #00FFFF#世界BOSS已被#00FF00#[URL]超级恶霸龟龟酱[/URL]#00FFFF#首杀，活动即将结束，感谢大家的参与，请大家30分钟后到#00c2ff#龙之都#00FFFF#找#ff8dff#老刘(3666,1959)#00FFFF#领取活动奖励！
2026-10-01 21:41:54.032 [SYS] #ff0000#您已进入野外区域，可能遭遇玩家间的自由对战，请注意安全！#ffffff#
2026-10-01 21:43:16.499 [OP] 4705 inv=FFB8 len=71 #1 e77a7f5134a722a3ed67ce5b670b0bdcfaa32b1f2b4064510bdcfaa31e1f805b64510bdc91a32b1f805b645131dcfaa34e1f805b6151a2da2bf00ad2341a64510bdcfaa32b1f80
2026-10-01 21:43:52.046 [SYS] #ff0000#您已进入野外区域，可能遭遇玩家间的自由对战，请注意安全！#ffffff#
2026-10-01 21:43:54.865 [SYS] #ff0000#您已进入野外区域，可能遭遇玩家间的自由对战，请注意安全！#ffffff#
2026-10-01 21:45:26.036 [SYS] #00FF00#1#00FFFF#分钟后逍遥村周围将掉落20个宝箱，捡取可获得意外惊喜喔！#FFFFFF#
2026-10-01 21:50:00.144 [SYS] #00FFFF#国庆节特别活动“红旗飘飘贺国庆”将于#00FF00#10#00FFFF#分钟后结束，装饰国旗将在活动结束#00FF00#30#00FFFF#分钟后关闭。请冒险者抓紧时间喔！#FFFFFF#
2026-10-01 21:51:08.373 [SYS] 获得了#00FF00#1#FFF692#个#64FF7D#碧玉葫芦
2026-10-01 21:52:07.221 [SYS] 获得了#00FF00#1#FFF692#个#64FF7D#碧玉葫芦
2026-10-01 21:54:51.934 [SYS] #00FF00#1#00FFFF#分钟后逍遥村周围将掉落20个宝箱，捡取可获得意外惊喜喔！#FFFFFF#
2026-10-01 21:54:55.972 [SYS] #FFF692#恭喜#FF8CF8#全斗焕#FFF692#打造出#64FF7D#+10#FFF692#装备
2026-10-01 21:55:00.186 [SYS] #00FFFF#国庆节特别活动“红旗飘飘贺国庆”将于#00FF00#5#00FFFF#分钟后结束，装饰国旗将在活动结束#00FF00#30#00FFFF#分钟后关闭。请冒险者抓紧时间喔！#FFFFFF#
2026-10-01 21:57:40.742 [SYS] #FFF692#恭喜#FF8CF8#车圭宪#FFF692#打造出#64FF7D#+10#FFF692#装备
2026-10-01 21:58:54.092 [SYS] #FFF692#恭喜#FF8CF8#俞学圣#FFF692#打造出#64FF7D#+10#FFF692#装备
2026-10-01 21:58:59.225 [SYS] #FFF692#恭喜#FF8CF8#俞学圣#FFF692#打造出#64FF7D#+10#FFF692#装备
2026-10-01 21:59:00.187 [SYS] #00FFFF#国庆节特别活动“红旗飘飘贺国庆”将于#00FF00#1#00FFFF#分钟后结束，装饰国旗将在活动结束#00FF00#30#00FFFF#分钟后关闭。请冒险者抓紧时间喔！#FFFFFF#
2026-10-01 22:00:00.134 [SYS] #00FFFF#国庆焰火晚会开始了，冒险者可到旗台处参与燃放烟花，幸运者还可能得到稀有奖励喔！装饰国旗以及燃放烟花将在#00FF00#30#00FFFF#分钟后关闭，请冒险者抓紧时间喔！#FFFFFF#
2026-10-01 22:00:03.771 [SYS] #FF8CF8#【Nnnnnn1】#00FFFF#放了一个大炮仗，在逍遥村东区周围炸出红星券，大家快来抢哟！
2026-10-01 22:00:04.444 [SYS] #FF8CF8#【Nnnnnn1】#00FFFF#放了一个大炮仗，在逍遥村东区周围炸出红星券，大家快来抢哟！
2026-10-01 22:00:05.174 [SYS] #FF8CF8#【Nnnnnn1】#00FFFF#放了一个大炮仗，在逍遥村东区周围炸出红星券，大家快来抢哟！
2026-10-01 22:00:05.828 [SYS] #FF8CF8#【Nnnnnn1】#00FFFF#放了一个大炮仗，在逍遥村东区周围炸出红星券，大家快来抢哟！
2026-10-01 22:00:06.447 [SYS] #FF8CF8#【Nnnnnn1】#00FFFF#放了一个大炮仗，在逍遥村东区周围炸出红星券，大家快来抢哟！
2026-10-01 22:00:07.167 [SYS] #FF8CF8#【Nnnnnn1】#00FFFF#放了一个大炮仗，在逍遥村东区周围炸出红星券，大家快来抢哟！
2026-10-01 22:00:07.971 [SYS] #FF8CF8#【Nnnnnn1】#00FFFF#放了一个大炮仗，在逍遥村东区周围炸出红星券，大家快来抢哟！
2026-10-01 22:00:08.515 [SYS] #FF8CF8#【Nnnnnn1】#00FFFF#放了一个大炮仗，在逍遥村东区周围炸出红星券，大家快来抢哟！
2026-10-01 22:00:09.323 [SYS] #FF8CF8#【Nnnnnn1】#00FFFF#放了一个大炮仗，在逍遥村东区周围炸出红星券，大家快来抢哟！
2026-10-01 22:00:09.786 [SYS] #FF8CF8#【Nnnnnn1】#00FFFF#放了一个大炮仗，在逍遥村东区周围炸出红星券，大家快来抢哟！
2026-10-01 22:00:10.445 [SYS] #FF8CF8#【Nnnnnn1】#00FFFF#放了一个大炮仗，在逍遥村东区周围炸出红星券，大家快来抢哟！
2026-10-01 22:00:11.226 [SYS] #FF8CF8#【Nnnnnn1】#00FFFF#放了一个大炮仗，在逍遥村东区周围炸出红星券，大家快来抢哟！
2026-10-01 22:00:11.859 [SYS] #FF8CF8#【Nnnnnn1】#00FFFF#放了一个大炮仗，在逍遥村东区周围炸出红星券，大家快来抢哟！
2026-10-01 22:00:12.648 [SYS] #FF8CF8#【Nnnnnn1】#00FFFF#放了一个大炮仗，在逍遥村东区周围炸出红星券，大家快来抢哟！
2026-10-01 22:00:13.238 [SYS] #FF8CF8#【Nnnnnn1】#00FFFF#放了一个大炮仗，在逍遥村东区周围炸出红星券，大家快来抢哟！
2026-10-01 22:00:13.861 [SYS] #00FF00#1#00FFFF#分钟后逍遥村周围将掉落20个宝箱，捡取可获得意外惊喜喔！#FFFFFF#
2026-10-01 22:00:13.956 [SYS] #FF8CF8#【Nnnnnn1】#00FFFF#放了一个大炮仗，在逍遥村东区周围炸出红星券，大家快来抢哟！
2026-10-01 22:00:14.490 [SYS] #FF8CF8#【Nnnnnn1】#00FFFF#放了一个大炮仗，在逍遥村东区周围炸出红星券，大家快来抢哟！
2026-10-01 22:00:15.308 [SYS] #FF8CF8#【Nnnnnn1】#00FFFF#放了一个大炮仗，在逍遥村东区周围炸出红星券，大家快来抢哟！
2026-10-01 22:00:15.867 [SYS] #FF8CF8#【Nnnnnn1】#00FFFF#放了一个大炮仗，在逍遥村东区周围炸出红星券，大家快来抢哟！
2026-10-01 22:00:16.547 [SYS] #FF8CF8#【Nnnnnn1】#00FFFF#放了一个大炮仗，在逍遥村东区周围炸出红星券，大家快来抢哟！
2026-10-01 22:00:17.207 [SYS] #FF8CF8#【Nnnnnn1】#00FFFF#放了一个大炮仗，在逍遥村东区周围炸出红星券，大家快来抢哟！
2026-10-01 22:00:17.969 [SYS] #FF8CF8#【Nnnnnn1】#00FFFF#放了一个大炮仗，在逍遥村东区周围炸出红星券，大家快来抢哟！
2026-10-01 22:00:18.552 [SYS] #FF8CF8#【Nnnnnn1】#00FFFF#放了一个大炮仗，在逍遥村东区周围炸出红星券，大家快来抢哟！
2026-10-01 22:00:19.153 [SYS] #FF8CF8#【Nnnnnn1】#00FFFF#放了一个大炮仗，在逍遥村东区周围炸出红星券，大家快来抢哟！
2026-10-01 22:00:19.824 [SYS] #FF8CF8#【Nnnnnn1】#00FFFF#放了一个大炮仗，在逍遥村东区周围炸出红星券，大家快来抢哟！
2026-10-01 22:00:20.568 [SYS] #FF8CF8#【Nnnnnn1】#00FFFF#放了一个大炮仗，在逍遥村东区周围炸出红星券，大家快来抢哟！
2026-10-01 22:00:21.339 [SYS] #FF8CF8#【Nnnnnn1】#00FFFF#放了一个大炮仗，在逍遥村东区周围炸出红星券，大家快来抢哟！
2026-10-01 22:01:09.231 [OP] 4233 inv=FFFA len=5 #4 e77a7f51ec
2026-10-01 22:01:09.231 [OP] 40F6 inv=FFEF len=16 #4 4d5dad809564510bdcfaa32bca801b64
2026-10-01 22:01:34.186 [SYS] 物品栏已满！
2026-10-01 22:01:43.327 [QUESTION] {"type":"question","sock":2472,"qno":8,"field_a":75,"stem":"风速越大，风力就会怎么样？","options":["1、能烤鸡翅膀","2、形成台轰","3、越强","4、有毒"]}
2026-10-01 22:01:44.338 [UI] auto dump on question qno=8
2026-10-01 22:01:44.338 [UI] ---- window dump begin (pid 36332) ----
2026-10-01 22:01:44.342 [UI] TOP=000704FC vis=1 cls=ATL:012FF210 rc=(687,98,1727,905) title=什么什么大冒险2(①逍遥村敬老院)-自由三号_Sep 24 2026《什么什么大冒险》制作委员会QQ群:515616289
2026-10-01 22:01:44.342 [UI] TOP=00060F58 vis=0 cls=DIEmWin rc=(-1,-1,135,38) title=DIEmWin
2026-10-01 22:01:44.368 [UI] TOP=0003070C vis=0 cls=MSCTFIME UI rc=(0,0,0,0) title=MSCTFIME UI
2026-10-01 22:01:44.370 [UI] TOP=0005076C vis=0 cls=IME rc=(0,0,0,0) title=Default IME
2026-10-01 22:01:44.370 [UI] TOP=00430F6C vis=0 cls=IME rc=(0,0,0,0) title=Default IME
2026-10-01 22:01:44.370 [UI] ---- window dump end ----
2026-10-01 22:01:47.726 [SEND-ANSWER] qno=8 opt=2 ret=13 sock=2472
2026-10-01 22:01:47.830 [SYS] 测试通过！
2026-10-01 22:01:47.830 [SYS] 获得了#00FF00#100#FFF692#金币
2026-10-01 22:01:47.830 [CURRENCY] a=201745 b=313509
2026-10-01 22:01:49.539 [UI] auto-closing quiz frame: qno=8 opt=2
2026-10-01 22:01:49.548 [UI] option 2 control NOT found — falling back to digit key
2026-10-01 22:01:50.748 [OUT] 1F04 inv=FFF6 len=13 #2 f6ff041fce1f805bdd510bdce8
2026-10-01 22:03:42.847 [SYS] #FF8CF8#【睡神本神】#00FFFF#放了一个大炮仗，在逍遥村东区周围炸出红星券，大家快来抢哟！
2026-10-01 22:03:43.518 [SYS] #FF8CF8#【睡神本神】#00FFFF#放了一个大炮仗，在逍遥村东区周围炸出红星券，大家快来抢哟！
2026-10-01 22:03:44.117 [SYS] #FF8CF8#【睡神本神】#00FFFF#放了一个大炮仗，在逍遥村东区周围炸出红星券，大家快来抢哟！
2026-10-01 22:03:44.504 [SYS] #FF8CF8#【睡神本神】#00FFFF#放了一个大炮仗，在逍遥村东区周围炸出红星券，大家快来抢哟！
2026-10-01 22:03:44.954 [SYS] #FF8CF8#【睡神本神】#00FFFF#放了一个大炮仗，在逍遥村东区周围炸出红星券，大家快来抢哟！
2026-10-01 22:03:45.428 [SYS] #FF8CF8#【睡神本神】#00FFFF#放了一个大炮仗，在逍遥村东区周围炸出红星券，大家快来抢哟！
2026-10-01 22:03:45.934 [SYS] #FF8CF8#【睡神本神】#00FFFF#放了一个大炮仗，在逍遥村东区周围炸出红星券，大家快来抢哟！
2026-10-01 22:03:46.758 [SYS] #FF8CF8#【睡神本神】#00FFFF#放了一个大炮仗，在逍遥村东区周围炸出红星券，大家快来抢哟！
2026-10-01 22:03:47.225 [SYS] #FF8CF8#【睡神本神】#00FFFF#放了一个大炮仗，在逍遥村东区周围炸出红星券，大家快来抢哟！
2026-10-01 22:03:47.696 [SYS] #FF8CF8#【睡神本神】#00FFFF#放了一个大炮仗，在逍遥村东区周围炸出红星券，大家快来抢哟！
2026-10-01 22:03:48.076 [SYS] #FF8CF8#【睡神本神】#00FFFF#放了一个大炮仗，在逍遥村东区周围炸出红星券，大家快来抢哟！
2026-10-01 22:03:48.414 [SYS] #FF8CF8#【睡神本神】#00FFFF#放了一个大炮仗，在逍遥村东区周围炸出红星券，大家快来抢哟！
2026-10-01 22:03:48.790 [SYS] #FF8CF8#【睡神本神】#00FFFF#放了一个大炮仗，在逍遥村东区周围炸出红星券，大家快来抢哟！
2026-10-01 22:03:49.144 [SYS] #00FF00#1#00FFFF#分钟后逍遥村周围将掉落20个宝箱，捡取可获得意外惊喜喔！#FFFFFF#
2026-10-01 22:03:49.237 [SYS] #FF8CF8#【睡神本神】#00FFFF#放了一个大炮仗，在逍遥村东区周围炸出红星券，大家快来抢哟！
2026-10-01 22:03:50.190 [SYS] #FF8CF8#【睡神本神】#00FFFF#放了一个大炮仗，在逍遥村东区周围炸出红星券，大家快来抢哟！
2026-10-01 22:03:50.574 [SYS] #FF8CF8#【睡神本神】#00FFFF#放了一个大炮仗，在逍遥村东区周围炸出红星券，大家快来抢哟！
2026-10-01 22:03:51.043 [SYS] #FF8CF8#【睡神本神】#00FFFF#放了一个大炮仗，在逍遥村东区周围炸出红星券，大家快来抢哟！
2026-10-01 22:03:51.465 [SYS] #FF8CF8#【睡神本神】#00FFFF#放了一个大炮仗，在逍遥村东区周围炸出红星券，大家快来抢哟！
2026-10-01 22:03:52.401 [SYS] #FF8CF8#【睡神本神】#00FFFF#放了一个大炮仗，在逍遥村东区周围炸出红星券，大家快来抢哟！
2026-10-01 22:03:52.783 [SYS] #FF8CF8#【睡神本神】#00FFFF#放了一个大炮仗，在逍遥村东区周围炸出红星券，大家快来抢哟！
2026-10-01 22:03:53.193 [SYS] #FF8CF8#【睡神本神】#00FFFF#放了一个大炮仗，在逍遥村东区周围炸出红星券，大家快来抢哟！
2026-10-01 22:03:54.523 [SYS] #FF8CF8#【睡神本神】#00FFFF#放了一个大炮仗，在逍遥村东区周围炸出红星券，大家快来抢哟！
2026-10-01 22:03:55.473 [SYS] #FF8CF8#【睡神本神】#00FFFF#放了一个大炮仗，在逍遥村东区周围炸出红星券，大家快来抢哟！
2026-10-01 22:03:56.023 [SYS] #FF8CF8#【睡神本神】#00FFFF#放了一个大炮仗，在逍遥村东区周围炸出红星券，大家快来抢哟！
2026-10-01 22:03:57.545 [SYS] #FF8CF8#【睡神本神】#00FFFF#放了一个大炮仗，在逍遥村东区周围炸出红星券，大家快来抢哟！
2026-10-01 22:03:58.049 [SYS] #FF8CF8#【睡神本神】#00FFFF#放了一个大炮仗，在逍遥村东区周围炸出红星券，大家快来抢哟！
2026-10-01 22:03:58.576 [SYS] #FF8CF8#【睡神本神】#00FFFF#放了一个大炮仗，在逍遥村东区周围炸出红星券，大家快来抢哟！
2026-10-01 22:03:59.023 [SYS] #FF8CF8#【睡神本神】#00FFFF#放了一个大炮仗，在逍遥村东区周围炸出红星券，大家快来抢哟！
2026-10-01 22:04:00.298 [SYS] #FF8CF8#【睡神本神】#00FFFF#放了一个大炮仗，在逍遥村东区周围炸出红星券，大家快来抢哟！
2026-10-01 22:04:00.708 [SYS] #FF8CF8#【睡神本神】#00FFFF#放了一个大炮仗，在逍遥村东区周围炸出红星券，大家快来抢哟！
2026-10-01 22:04:01.264 [SYS] #FF8CF8#【睡神本神】#00FFFF#放了一个大炮仗，在逍遥村东区周围炸出红星券，大家快来抢哟！
2026-10-01 22:04:01.584 [SYS] #FF8CF8#【睡神本神】#00FFFF#放了一个大炮仗，在逍遥村东区周围炸出红星券，大家快来抢哟！
2026-10-01 22:04:02.278 [SYS] #FF8CF8#【睡神本神】#00FFFF#放了一个大炮仗，在逍遥村东区周围炸出红星券，大家快来抢哟！
2026-10-01 22:04:02.787 [SYS] #FF8CF8#【睡神本神】#00FFFF#放了一个大炮仗，在逍遥村东区周围炸出红星券，大家快来抢哟！
2026-10-01 22:04:03.073 [SYS] #FF8CF8#【睡神本神】#00FFFF#放了一个大炮仗，在逍遥村东区周围炸出红星券，大家快来抢哟！
2026-10-01 22:04:03.477 [SYS] #FF8CF8#【睡神本神】#00FFFF#放了一个大炮仗，在逍遥村东区周围炸出红星券，大家快来抢哟！
2026-10-01 22:04:04.239 [SYS] #FF8CF8#【睡神本神】#00FFFF#放了一个大炮仗，在逍遥村东区周围炸出红星券，大家快来抢哟！
2026-10-01 22:04:04.924 [SYS] #FF8CF8#【睡神本神】#00FFFF#放了一个大炮仗，在逍遥村东区周围炸出红星券，大家快来抢哟！
2026-10-01 22:04:06.228 [SYS] #FF8CF8#【睡神本神】#00FFFF#放了一个大炮仗，在逍遥村东区周围炸出红星券，大家快来抢哟！
2026-10-01 22:05:55.506 [SYS] #00FF00#1#00FFFF#分钟后逍遥村周围将掉落20个宝箱，捡取可获得意外惊喜喔！#FFFFFF#
2026-10-01 22:11:32.829 [SYS] #00FFFF#厉害了我的大冒险玩家，本期的BOSS已经被击杀，BOSS会变得更强，敬请期待下期活动！！！
2026-10-01 22:14:03.748 [SYS] #FFF692#恭喜#FF8CF8#Kotori#FFF692#在#00C8F8#黄金宝箱#FFF692#中获得了#64FF7D#酷·灵气香肠棍
2026-10-01 22:18:28.513 [PIPE] controller disconnected
2026-10-01 22:18:35.210 [SYS] 物品栏已满！
2026-10-01 22:18:50.988 [PIPE] controller connected
2026-10-01 22:18:50.988 [PIPE] controller disconnected
2026-10-01 22:19:08.225 [INIT] dll unloaded
2026-10-01 22:19:37.276 [INIT] dll loaded, pid=36332
2026-10-01 22:19:37.276 [INIT] codec loaded OK
2026-10-01 22:19:37.276 [INIT] iat hooks: recv=1 send=1 WSASend=1 connect=1 closesocket=1
2026-10-01 22:19:37.802 [OUT] 1F51 inv=FFFF len=4 #1 ffff511f
2026-10-01 22:19:37.852 [OP] 4F52 inv=FFFF len=0 #1 
2026-10-01 22:19:38.372 [OP] 4109 inv=FF63 len=156 #1 4f0e392bcac795f851d0dcfaa32b1f809564510ba7fa8a53f380a0dfb20bdcfaf82b1f80be64510bdcbaa32ba94f5b644975dcfa872b5980be64510bbbaea32b9d80236451ecdcfaa32b1f8062df510b12faa32b1f805b64510bdcfab6ce1f80fe08510b8bfa872b1faa5b648fecdcfaa32b1f805b64510bdcfaa32bb7ef5b646ed5dcfafd2b9b805bdf51807cc4a32b7b19baec510bdcfa34c81f80
2026-10-01 22:19:38.469 [OP] 4111 inv=FFFD len=2 #1 5b64
2026-10-01 22:19:38.469 [OP] 4104 inv=FFFA len=5 #1 72c49bb84f
2026-10-01 22:19:38.469 [OP] 4104 inv=FFFB len=4 #2 3cae1f79
2026-10-01 22:19:38.470 [OP] 4104 inv=FFFA len=5 #3 5a671cb807
2026-10-01 22:19:38.470 [OP] 4104 inv=FFFA len=5 #4 699b9bb8ca
2026-10-01 22:19:38.470 [OP] 4104 inv=FFFA len=5 #5 8f9b9bb845
2026-10-01 22:19:40.274 [OP] 4105 inv=FFFE len=1 #1 b2
2026-10-01 22:19:40.274 [OP] 4105 inv=FFFE len=1 #2 44
2026-10-01 22:19:40.290 [OUT] 1004 inv=FFF3 len=16 #1 f3ff04108b3e6b2b5980ba64510bdcfa
2026-10-01 22:19:40.342 [OP] 4109 inv=FDFF len=512 #2 e787c464580b8b25a32b1f805b64510b6ffaa32ba580ea7f0b0b0022fd24e7809564510baeaea32b9de75b64517fdcfaa3531f8062df510b06faa32b1f805b64510bdcfa71531f801664510bdcfaa32b1f805b64580bdcfab6ce1f801c7afc0bdcc4a32b1fce5b645decdcfaab2b1f805b64510bdcfaa32bca805b645fc4dcfafdcba5805bdf510bdcfaa32bb6aa5b64fe0bdcfaa32b1f805b64510b6ffaa32b
2026-10-01 22:19:40.431 [OP] 4105 inv=FFFE len=1 #3 3d
2026-10-01 22:19:40.431 [OP] 4111 inv=FFFD len=2 #2 a164
2026-10-01 22:19:40.531 [OP] 4106 inv=FFFD len=2 #1 a342
2026-10-01 22:19:40.531 [OP] 4106 inv=FFFD len=2 #2 a33b
2026-10-01 22:19:40.532 [OP] 4110 inv=FFFD len=2 #1 b42b
2026-10-01 22:19:40.631 [OP] 4106 inv=FFFC len=3 #3 9820ee
2026-10-01 22:19:41.839 [OP] 4109 inv=FFDF len=32 #3 e787c464510b6ffaa32b1f805b64510bd0c4a32b62451b64510bdcfaa32b1f80
2026-10-01 22:19:41.939 [OP] 4111 inv=FFFD len=2 #3 1b64
2026-10-01 22:19:42.221 [OP] 4109 inv=FFAB len=84 #4 4d5dad805bf858ec6fc4a32bb2ce5b6487b1dcfab42b1f80b8dd510bfdcaa32b1f0794ec87b1dcfa526f1f8094cd510bdcfaa32b1faa5b64dd75dcfa526f1f809b64510bdcfaa32b1f805b64ded0dcfadb3b1f80
2026-10-01 22:19:42.323 [OP] 4111 inv=FFFD len=2 #4 6b64
2026-10-01 22:19:43.340 [OP] 4613 inv=FFBA len=69 #1 dfb82fe7c4202b383fc3dc0259585b960e62830ff8cdcf6fb4a0d47079af8a83ec6fc4f82b1faa95df517c6a63fd51ca1e5bf8dc0bdce8a353ca804040986c2ab7d62b1f80
2026-10-01 22:19:44.390 [OP] 47C0 inv=FFF1 len=14 #1 17c4f86144ca94f817c0175bfd53
2026-10-01 22:19:44.392 [OP] 47C0 inv=FFEA len=21 #2 51cac73c2831ec8b695f31625f7fd958b1c2305024
2026-10-01 22:19:44.394 [OP] 4613 inv=FF7E len=129 #2 f8602fe7c4202b97b194dc026f4a5b965bcaa9d6df557663de352ecaaa95df510b6fc4f82b7f79aa7f43ec68fadb702f801c64580bdc5b16876c842d43450bdcfa0a1c10aa4064291790104223f31c75df84cf6fb4a06df1c7550758ec6fc4a32bcaaa95644a75f1220253ab8094d9510b8bfaf82b1f7926b35c3828d7e62b1f80
2026-10-01 22:19:44.395 [OP] 47C0 inv=FFF3 len=12 #3 0253ca5f7fd958b1c2305024
2026-10-01 22:19:44.395 [OP] 4613 inv=FFBE len=65 #3 c40a1c10aa4064291790104223f31c75df84cf6fb4a06df1c7550758ec6fc4a32bcaaa95644a75f1220253ab8094d9510b8bfaf82b1f7926b35c3828d7e62b1f80
2026-10-01 22:19:44.395 [OP] 47C0 inv=FFEA len=21 #4 51cac7b2da31ec8b2a729bec3cadd958b1db6e896f
2026-10-01 22:19:44.396 [OP] 47C0 inv=FFF3 len=12 #5 0253ca3cadd958b1db6e896f
2026-10-01 22:19:44.686 [OP] 4105 inv=FFFE len=1 #4 fd
2026-10-01 22:19:44.785 [OP] 4111 inv=FFFD len=2 #5 5764
2026-10-01 22:19:44.892 [OP] 4109 inv=FE3F len=448 #5 4f0e392bca801cdd510bdcfaa32b1f809564510be6fa8fdea580ea7fb2755efaf82b1f80a76f510b8bc6a32b1fc75b64510a1ae84b531f809964510bdcfaa32b1f805b645decdcfad82b1f805b64510bdcfaa32bca805b645fc4dcfafdedad805bdf510bdcc4a32bb6aa5b64230bdcfaa32b1f805b64510b6ffaa32bb7ef5b64b2c0e6faa3531f805b28fb7f25c4a32bb3805b64510bdcfaa32b1f809564510b
2026-10-01 22:19:44.998 [OP] 4112 inv=FFFD len=2 #1 e6c4
2026-10-01 22:19:44.998 [OP] 4112 inv=FFFD len=2 #2 6ac4
2026-10-01 22:19:44.999 [OP] 4106 inv=FFFD len=2 #4 a37c
2026-10-01 22:19:45.293 [OP] 4613 inv=FFBC len=67 #4 ecd48d7a53a5803f8c83eca875233363c795df01a290b45c937026948c1ed06fc4f82b1faa95df51736acffd51ca505b647448dcf4a3531f8040ef555c8aa2fb2b1f80
2026-10-01 22:19:46.164 [OP] 4112 inv=FFFD len=2 #3 dcc4
2026-10-01 22:19:46.164 [OP] 4112 inv=FFFD len=2 #4 52c4
2026-10-01 22:19:47.278 [OP] EFFE inv=FFFE len=1 #1 0b
2026-10-01 22:19:47.297 [OP] 4612 inv=FFEF len=16 #1 c464510bb6c2392bb907c4640db252fa
2026-10-01 22:19:47.298 [OP] 4612 inv=FFF3 len=12 #2 90faa32bb907c4640db252fa
2026-10-01 22:19:47.298 [OP] 4612 inv=FFF7 len=8 #3 ca805b640db252fa
2026-10-01 22:19:47.298 [OP] 4211 inv=FFF6 len=9 #1 aa5b64511b3e22a3de
2026-10-01 22:19:47.863 [OUT] 1F51 inv=FFFF len=4 #2 ffff511f
2026-10-01 22:19:47.926 [OP] 4F52 inv=FFFF len=0 #2 
2026-10-01 22:19:49.136 [PIPE] controller connected
2026-10-01 22:19:50.771 [OP] 472A inv=FE6C len=403 #1 02d8de1fc17464510bdcfaa32b1f805b64510bdcc4a32b1f805b64510bdcfaa37b9d805b64510bdc94fd2b1f805b6451a752faa32b1f805be2bb0bdcfaa32b1f4d6164510bdcfaa32b1f805b64510bdcfaa32b1f805b64510bdcfaa32b1f805b64510bdcfaa32b1f805b64510bdcfaa32b1f805b64510bdcfaa32b1f805b64510bdcfaa32b1f805b64510bdcbdf82b1f2c5b6451fa6ffaa3ccca805bd3580bdc
2026-10-01 22:19:50.865 [OP] 42CE inv=FFFB len=4 #1 c87f510b
2026-10-01 22:19:50.865 [OP] 4211 inv=FFF6 len=9 #2 aa5b64515ca722a34a
2026-10-01 22:19:50.865 [OP] 4211 inv=FFF6 len=9 #3 aa5b6451cd3e22a34a
2026-10-01 22:19:50.865 [OP] 4211 inv=FFF6 len=9 #4 aa5b6451c03e22a34a
2026-10-01 22:19:50.865 [OP] 4211 inv=FFF6 len=9 #5 aa5b645134a722a34a
2026-10-01 22:19:55.936 [PIPE] controller disconnected
2026-10-01 22:19:56.905 [OP] 4100 inv=FFF9 len=6 #1 98aaf5266fec
2026-10-01 22:19:56.999 [OP] 4101 inv=FC6D len=914 #1 4d5dad809564510bdcfaa32bc8d97b81510bdcfaa32b1f805b64510bdcfaa32b1f805b64510bdcfa5f3b9d4e5b6437fddcfaa32b1f80b1d9510bdcfaa32b1f805b64510bdcfa603bad80c464510bdcfaa32bf6455b645943dcfa83931f80807a510b155a4e78c8d97b81a552155ada2b1f807b81a5526fc616876c842d437f0bdcfaa32b1f805b645dae02faa32b1f805bd82d0bdcfaa32b1f805b64510bdcfa
2026-10-01 22:19:57.070 [OUT] 1F51 inv=FFFF len=4 #3 ffff511f
2026-10-01 22:19:57.119 [OP] 4F52 inv=FFFF len=0 #3 
2026-10-01 22:19:57.978 [OUT] 1001 inv=FFF9 len=10 #1 f9ff01101f805b64510b
2026-10-01 22:19:58.139 [OP] 4108 inv=FFE3 len=28 #1 e787c464510bdcfa21531f80d8f8510bce4051421f805b64510bdcfa
2026-10-01 22:19:58.242 [OP] 4108 inv=FFE3 len=28 #2 e787c464510bdcfa4d531f80d8f8510bce4051ed1f805b64510bdcfa
2026-10-01 22:19:58.242 [OP] 4108 inv=FFF3 len=12 #3 4f0e392b1f805b64510bdcfa
2026-10-01 22:19:58.242 [OP] 4108 inv=FFF3 len=12 #4 4f0e392b1f805b64580bdcfa
2026-10-01 22:19:58.242 [OP] 4108 inv=FFF3 len=12 #5 4f0e392b1f805b640e0bdcfa
2026-10-01 22:20:00.326 [OP] 4105 inv=FFFE len=1 #5 c0
2026-10-01 22:20:00.432 [OP] 4106 inv=FFFC len=3 #5 b1fdcb
2026-10-01 22:20:00.724 [OP] 4112 inv=FFFD len=2 #5 dcc4
2026-10-01 22:20:01.368 [PIPE] controller connected
2026-10-01 22:20:02.829 [OP] 46FE inv=FFFF len=0 #1 
2026-10-01 22:20:06.304 [OP] EFFE inv=FFFE len=1 #2 0b
2026-10-01 22:20:07.130 [OUT] 1F51 inv=FFFF len=4 #4 ffff511f
2026-10-01 22:20:07.181 [OP] 4F52 inv=FFFF len=0 #4 
2026-10-01 22:20:08.858 [OP] 4612 inv=FFF7 len=8 #4 ca805b64e38052fa
2026-10-01 22:20:08.858 [OP] 4613 inv=FFBC len=67 #5 ec928d7a53a580e8c80eecda60237fbd7995df01a2900a29247026948c1ed06fc4f82b1faa95df51206a63fd51ca2a5b64510bdcf4a3531f8040ef555c8aa2512b1f80
2026-10-01 22:20:09.800 [OUT] 1004 inv=FFF3 len=16 #2 f3ff04108b3e6b2b5980ba64510bdcfa
2026-10-01 22:20:09.856 [OP] 4612 inv=FFF7 len=8 #5 ca805b64408052fa
2026-10-01 22:20:09.856 [OP] 4110 inv=FFFD len=2 #2 b42b
2026-10-01 22:20:16.315 [OP] EFFE inv=FFFE len=1 #3 0b
2026-10-01 22:20:17.201 [OUT] 1F51 inv=FFFF len=4 #5 ffff511f
2026-10-01 22:20:17.250 [OP] 4F52 inv=FFFF len=0 #5 
2026-10-01 22:20:18.814 [OP] 472A inv=FE76 len=393 #2 02d8de1f9ca164510bdcfaa32b1f805b64510bdcc4a32b1f805b64510bdcfaa34ead805b64510bdc94fd2b1f805b6451a752faa32b1f805be2bb0bdcfaa32b1f4d6164510bdcfaa32b1f805b64510bdcfaa32b1f805b64510bdcfaa32b1f805b64510bdcfaa32b1f805b64510bdcfaa32b1f805b64510bdcfaa32b1f805b64510bdcfaa32b1f805b64510bdcbdf82b1fc3956451fa6ffaa3731f805b5c510bdc
2026-10-01 22:20:18.912 [OP] 42CE inv=FFFB len=4 #2 c87f510b
2026-10-01 22:20:21.923 [OP] 4100 inv=FFF9 len=6 #2 98aa84f8677f
2026-10-01 22:20:22.023 [OP] 4101 inv=FC6D len=914 #2 4d5dad809564510bdcfaa32bc8d97b81510bdcfaa32b1f805b64510bdcfaa32b1f805b64510bdcfa5f3b9d4e5b6437fddcfaa32b1f80b1d9510bdcfaa32b1f805b64510bdcfa603bad80c464510bdcfaa32bf6455b645943dcfa83931f80807a510b155a4e78c8d97b81a552155ada2b1f807b81a5526fc616876c842d437f0bdcfaa32b1f805b6451ae02faa32b1f805bd82d0bdcfaa32b1f805b64510bdcfa
2026-10-01 22:20:22.960 [OUT] 1001 inv=FFF9 len=10 #2 f9ff01101f805b64510b
2026-10-01 22:20:32.711 [OUT] 1004 inv=FFF3 len=16 #3 f3ff04108b3e6b2b5980ba64510bdcfa
2026-10-01 22:20:32.906 [OP] 4110 inv=FFFD len=2 #3 b42b
2026-10-01 22:20:33.080 [OP] 46FE inv=FFFF len=0 #2 
2026-10-01 22:20:36.340 [OP] EFFE inv=FFFE len=1 #4 0b
2026-10-01 22:20:42.825 [OP] 472A inv=FE76 len=393 #3 02d8de1fa5a164510bdcfaa32b1f805b64510bdcc4a32b1f805b64510bdcfaa3d3ad805b64510bdc94fd2b1f805b6451a752faa32b1f805be2bb0bdcfaa32b1f4d6164510bdcfaa32b1f805b64510bdcfaa32b1f805b64510bdcfaa32b1f805b64510bdcfaa32b1f805b64510bdcfaa32b1f805b64510bdcfaa32b1f805b64510bdcfaa32b1f805b64510bdcbdf82b1f2c5b6451fa6ffaa391ca805bc7580bdc
2026-10-01 22:20:42.825 [OP] 42CE inv=FFFB len=4 #3 c87f510b
2026-10-01 22:20:46.350 [OP] EFFE inv=FFFE len=1 #5 0b
2026-10-01 22:20:48.936 [OP] 4100 inv=FFF9 len=6 #3 98aa6b268cec
2026-10-01 22:20:49.111 [OP] 4101 inv=FC35 len=970 #3 a1ecfc0b6ffaa32b1f805b64a552155aa32b1f805b64510bdcfaa32b1f805b64510bdcfaa32b1f80bacdb2b2dcfac37c1f805b64510bac9fa32b1f805b64510bdcfaa32b1f8041cdfc0b52faa32b1f805b646244dcfaf7f51f8056f8510b9b02a32bc8d97b81a552155a4e78c8d93564510b155a4e78ca7726b35c3828d7fb2b1f805b64510bdcfaa3c229805b64510bdc4e722b1f805b64510bdcfaa32b1f80
2026-10-01 22:20:50.021 [OUT] 1001 inv=FFF9 len=10 #3 f9ff01101f805b64510b
2026-10-01 22:20:59.395 [OUT] 1004 inv=FFF3 len=16 #4 f3ff04108b3e6b2b5980ba64510bdcfa
2026-10-01 22:20:59.646 [OP] 4110 inv=FFFD len=2 #4 b493
2026-10-01 22:21:02.625 [OP] 472A inv=FE76 len=393 #4 02d8de1fe17a64510bdcfaa32b1f805b64510bdce8a32b1f805b64510bdcfaa366ad805b64510bdc94fd2b1f805b6451a752faa32b1f805be2bb0bdcfaa32b1f4d6164510bdcfaa32b1f805b64510bdcfaa32b1f805b64510bdcfaa32b1f805b64510bdcfaa32b1f805b64510bdcfaa32b1f805b64510bdcfaa32b1f805b64510bdcfaa32b1f805b64510bdc7af82b1f2c5b6451fa6ffaa391ca805b5c510bdc
2026-10-01 22:21:02.722 [OP] 42CE inv=FFFB len=4 #4 c87f510b
2026-10-01 22:21:03.389 [OP] 46FE inv=FFFF len=0 #3 
2026-10-01 22:21:06.751 [OP] 4100 inv=FFF9 len=6 #4 98aaec08587f
2026-10-01 22:21:06.847 [OP] 4101 inv=FC35 len=970 #4 a1ecfc0b6ffaa32b1f805b64a552155aa32b1f805b64510bdcfaa32b1f805b64510bdcfaa32b1f80bacdb2b2dcfac37c1f805b64510bac9fa32b1f805b64510bdcfaa32b1f8041cdfc0b52faa32b1f805b646244dcfaf7f51f8056f8510b9b02a32bc8d97b81a552155a4e78c8d93564510b155a4e78ca7726b35c3828d7fb2b1f805b64510bdcfaeec229805b64510bdc4e722b1f805b64510bdcfaa32b1f80
2026-10-01 22:21:07.790 [OUT] 1001 inv=FFF9 len=10 #4 f9ff01101f805b64510b
2026-10-01 22:21:17.792 [OUT] 1004 inv=FFF3 len=16 #5 f3ff04108b3e6b2b5980ba64510bdcfa
2026-10-01 22:21:17.905 [OP] 4110 inv=FFFD len=2 #5 b42b
2026-10-01 22:21:27.893 [OP] 472A inv=FE6C len=403 #5 02d8de1f149b64510bdcfaa32b1f805b64510bdce8a32b1f805b64510bdcfaa3c2ad805b64510bdc94fd2b1f805b6451a752faa32b1f805be2bb0bdcfaa32b1f4d6164510bdcfaa32b1f805b64510bdcfaa32b1f805b64510bdcfaa32b1f805b64510bdcfaa32b1f805b64510bdcfaa32b1f805b64510bdcfaa32b1f805b64510bdcfaa32b1f805b64510bdcbdf82b1fc3956451fa6ffaa3731f805bc7580bdc
2026-10-01 22:21:27.982 [OP] 42CE inv=FFFB len=4 #5 c87f510b
2026-10-01 22:21:33.593 [OP] 46FE inv=FFFF len=0 #4 
2026-10-01 22:21:34.007 [OP] 4100 inv=FFF9 len=6 #5 98aaea6f88ec
2026-10-01 22:21:34.104 [OP] 4101 inv=FBC5 len=1082 #5 4d5dad809564510bdcfaa32bc8d97b81510bdcfaa32b1f805b64510bdcfaa32b1f805b64510bdcfa5f3b9dca5b6437fddcfaa32b1f80b1d9510bdcfaa32b1f805b64510bdcfa603bad80c464510bdcfaa32bf6455b645943dcfa83931f80807a510b155a4e78c8d97b81a552155ada2b1f807b81a5526fc616876c842d437f0bdcfaa32b1f805b6451ae02faa32b1f805bd82d0bdcfaa32b1f805b64510bdcfa
2026-10-01 22:21:35.075 [OUT] 1001 inv=FFF9 len=10 #5 f9ff01101f805b64510b
2026-10-01 22:22:03.802 [OP] 46FE inv=FFFF len=0 #5 
2026-10-01 22:22:27.814 [SYS] #FFF692#恭喜#FF8CF8#假面骑士V3#FFF692#在#00C8F8#结晶宝箱#FFF692#中获得了#64FF7D#羽翼结晶
2026-10-01 22:22:45.512 [PIPE] controller disconnected
2026-10-01 22:22:53.092 [PIPE] controller connected
2026-10-01 22:23:51.912 [OP] 4031 inv=FFDC len=35 #1 455b615108dcfaa3531fe9022e98c810387599970e2d6451839fdd59c0c3e941876f0b
2026-10-01 22:24:20.193 [OP] 4031 inv=FF5C len=163 #2 39510cdc22a32b1faa5b5003b3a22d1d88ab6a30051648b0c54f67e87106671df42db834677c499871136a78ec4f67e88f138787e92a934f67c31663b97fb353001618b0a4a9e9744c6828349aa250a2d8899e38d5a8671213a96706a4b1ec34679694f3b3e1a6b6ccc29b40f32cce4d87f0775131a2b1f389f9140fb35120bb4c848980ef6e165119aeeb837bc06919740e23d0e4346451e49cfc58f33ee554
2026-10-01 22:25:55.403 [CAP] capture ON (pid 36332)
2026-10-01 22:26:55.451 [CAP] capture OFF frames=589
2026-10-01 22:27:00.180 [SYS] #00FFFF#国庆焰火晚会开始了，冒险者可到旗台处参与燃放烟花，幸运者还可能得到稀有奖励喔！装饰国旗以及燃放烟花将在#00FF00#3#00FFFF#分钟后关闭，请冒险者抓紧时间喔！#FFFFFF#
2026-10-01 22:27:32.593 [OP] 4210 inv=FFF3 len=12 #1 660bdcfa7d2b1f80c6ecfc0b
2026-10-01 22:28:10.746 [OUT] 1005 inv=FFEF len=20 #1 efff0510a498f8539d804064fd0bb6faa32b1f80
2026-10-01 22:28:35.068 [CAP] capture ON (pid 36332)
2026-10-01 22:28:42.324 [OUT] 1005 inv=FFEF len=20 #2 efff0510a498f8539d794064fd0bb6faa32b1f80
2026-10-01 22:29:16.257 [OP] F005 inv=FFE7 len=24 #1 ed3572a407b3854d1f805b64510bdcfaa3cea812ddee107f
2026-10-01 22:30:00.178 [SYS] #00FFFF#国庆节特别活动“红旗飘飘贺国庆”以及国庆焰火晚会到此结束，谢谢各位冒险者的热情参与，祝所有冒险者国庆快乐！#FFFFFF#
2026-10-01 22:32:16.653 [OP] F005 inv=FFE7 len=24 #2 ed3572a407b3854d1f805b64510bdcfaa3de1f8034634441
2026-10-01 22:33:33.942 [OP] 4031 inv=FFE1 len=30 #3 52fa4d2b1f805b64580b71faa3a87168fafb065ab080c2b39568fa06e20b
2026-10-01 22:34:46.769 [OP] 40E6 inv=FFF3 len=12 #1 4d5dad805208510bdcfaa32b
2026-10-01 22:34:46.770 [OP] 40E0 inv=FED1 len=302 #1 418052face4a1f805b64510b0e22a32b1f805b64aab1dcfaa32b1f80427f510bdcfaa32b2f035b64fc0bdcfa972b1f802564510b52faa32bad805b64fc0bdcfa932b1f80d764510b52faa32bc7805b641eecdcfab32b1f80c664510be5faa32b3eaa5b64580bdcfa202b1f800d64510b8ffaa32b1f805b64510bdcfaa32b1f805b64510bdcfaa32b1f805b64430bdcfaa32b1f805b64510bdcfaa32b1f805b64
2026-10-01 22:34:46.770 [OP] 40E3 inv=FFE7 len=24 #1 418052fafdd91f801264580be4fa232b6980c364970be6fa
2026-10-01 22:34:46.770 [OP] 40E2 inv=FFCF len=48 #1 4f0e392bf3806c64370b6afaad2b348093640b0bb6fa462b4080c464dd0b6afa042bad808364fc0bdafa202bdb800d64
2026-10-01 22:34:46.770 [OP] 4210 inv=FFF3 len=12 #2 660bdcfac32b1f80a1ecfc0b
2026-10-01 22:34:46.804 [OUT] 0185 inv=FFF7 len=12 #1 f7ff8501dcfaa32bc8d97b81
2026-10-01 22:35:49.079 [OP] F005 inv=FFE7 len=24 #3 ed3572a4e10f854d1f805b64510bdcfaa3ce1f8028a14db2
2026-10-01 22:36:06.911 [CAP] capture OFF frames=4467
2026-10-01 22:36:07.912 [CAP] capture ON (pid 36332)
2026-10-01 22:36:50.648 [CAP] capture ON (pid 36332)
2026-10-01 22:38:27.173 [QUESTION] {"type":"question","sock":2472,"qno":9,"field_a":75,"stem":".丝绸摩擦过的玻璃棒带哪种电?","options":["1、闪电侠","2、静电","3、闪电箭","4、闪电风暴"]}
2026-10-01 22:38:28.175 [UI] auto dump on question qno=9
2026-10-01 22:38:28.175 [UI] ---- window dump begin (pid 36332) ----
2026-10-01 22:38:28.187 [UI] TOP=000704FC vis=1 cls=ATL:012FF210 rc=(687,98,1727,905) title=什么什么大冒险2(①逍遥村敬老院)-自由三号_Sep 24 2026《什么什么大冒险》制作委员会QQ群:515616289
2026-10-01 22:38:28.187 [UI] TOP=00060F58 vis=0 cls=DIEmWin rc=(-1,-1,135,38) title=DIEmWin
2026-10-01 22:38:28.202 [UI] TOP=0003070C vis=0 cls=MSCTFIME UI rc=(0,0,0,0) title=MSCTFIME UI
2026-10-01 22:38:28.218 [UI] TOP=0005076C vis=0 cls=IME rc=(0,0,0,0) title=Default IME
2026-10-01 22:38:28.218 [UI] TOP=00430F6C vis=0 cls=IME rc=(0,0,0,0) title=Default IME
2026-10-01 22:38:28.218 [UI] ---- window dump end ----
2026-10-01 22:38:33.788 [SEND-ANSWER] qno=9 opt=1 ret=13 sock=2472
2026-10-01 22:38:33.846 [SYS] 测试通过！
2026-10-01 22:38:33.942 [SYS] 获得了#00FF00#100#FFF692#金币
2026-10-01 22:38:33.942 [CURRENCY] a=201745 b=313609
2026-10-01 22:38:35.590 [UI] auto-closing quiz frame: qno=9 opt=1
2026-10-01 22:38:35.606 [UI] option 1 control NOT found — falling back to digit key
2026-10-01 22:38:36.606 [OP] F005 inv=FFE7 len=24 #4 ed3572a407b3854d1f805b64510bdcfaa3cea812ddee107f
2026-10-01 22:38:36.832 [OUT] 1F04 inv=FFF6 len=13 #1 f6ff041fce1f805bf1510bdcc4
2026-10-01 22:38:49.535 [OP] F005 inv=FFE7 len=24 #5 ed3572a4e10f854d1f805b64510bdcfaa3de1f8028a14db2
2026-10-01 22:39:20.385 [OP] 4210 inv=FFF3 len=12 #3 660bdcfad82b1f80baecfc0b
2026-10-01 22:40:56.549 [OP] 4031 inv=FFDF len=32 #4 3b0b66faa32b1f8095645210710b51e29f18f4645134ad0303eb4b4c9333f60b
2026-10-01 22:41:20.807 [OP] 4033 inv=FFE4 len=27 #1 e0a3c41f805b6451ecdc195412f5805b01936cea032bebc34c0f64
2026-10-01 22:41:51.786 [OP] 4033 inv=FFE4 len=27 #2 e0a3c41f805b6451ecdcd9741976805b01936cea032bebc34c0f64
2026-10-01 22:42:01.046 [OUT] 1005 inv=FFEF len=20 #3 efff0510a498f8539daa4064fd0bb6faa32b1f80
2026-10-01 22:42:29.963 [OUT] 1005 inv=FFEF len=20 #4 efff0510a498f8539d124064fd0bb6faa32b1f80
2026-10-01 22:43:34.365 [OUT] 0046 inv=FFF7 len=12 #1 f7ff4600a32b1f809464510b
2026-10-01 22:43:34.474 [OP] 4026 inv=FFCE len=49 #1 f80b5016e83c80395a5bdfd60b980bf33b1faaec64628b7ffaf82c1fae9bb151ece2fae8bb298095a251508f6ea353d680
2026-10-01 22:43:39.323 [OUT] 0046 inv=FFF7 len=12 #2 f7ff4600a32b1f80c364510b
2026-10-01 22:43:39.438 [OP] 4026 inv=FFE7 len=24 #2 23de3832c4df51ece2fae80cca8095a2515054e8a353d680
2026-10-01 22:45:16.757 [SYS] 物品栏已满！
2026-10-01 22:45:48.350 [OUT] 1005 inv=FFEF len=20 #5 efff0510a498f8539dce4064fd0bb6faa32b1f80
2026-10-01 22:46:50.896 [CAP] capture OFF frames=5775
2026-10-01 22:47:44.950 [OP] 4031 inv=FF5C len=163 #5 39510cdc22a32b1faa5b5003b3a22d1d88ab6a30051648b0c54f67e87106671df42db834677c499871136a78ec4f67e88f138787e92a934f67c31663b97fb353001618b0a4a9e9744c6828349aa250a2d8899e38d5a8671213a96706a4b1ec34679694f3b3e1a6b6ccc29b40f32cce4d87f0775131a2b1f389f9140fb35120bb4c848980ef6e165119aeeb837bc06919740e23d0e4346451e49cfc58f33ee554
2026-10-01 22:47:54.107 [OP] 40E1 inv=FFED len=18 #1 a1ecfc0b6ffadb62ca80956458b26ffaf82b
2026-10-01 22:47:54.107 [OP] 40E0 inv=FED1 len=302 #2 418052face4a1f805b64510b0e22a32b1f805b64aab1dcfaa32b1f80427f510bdcfaa32b2f035b64fc0bdcfa972b1f802564510b52faa32bad805b64fc0bdcfa932b1f80d764510b52faa32bc7805b641eecdcfab32b1f80c664510be5faa32b3eaa5b64580bdcfa202b1f800d64510b8ffaa32b1f805b64510bdcfaa32b1f805b64510bdcfaa32b1f805b64430bdcfaa32b1f805b64510bdcfaa32b1f805b64
2026-10-01 22:47:54.107 [OP] 40E3 inv=FFE7 len=24 #2 418052fafd2b89641264580be4fa232b6980c364970be6fa
2026-10-01 22:47:54.107 [OP] 40E2 inv=FFCF len=48 #2 4f0e392bf3795b64370b6afaad2b348093640b0bb6fa462b4080c464dd0b6afa042bad808364fc0bdafa202bdb800d64
2026-10-01 22:47:54.130 [OUT] 0185 inv=FFF7 len=12 #2 f7ff8501dcfaa32bc8d97b81
2026-10-01 22:56:02.312 [OP] 4210 inv=FFF3 len=12 #4 660bdcfa402b1f8057ecfc0b
2026-10-01 23:02:14.369 [SYS] #FFF692#恭喜#FF8CF8#多人运动罗志祥zZ#FFF692#打造出#64FF7D#+10#FFF692#装备
2026-10-01 23:03:27.069 [PIPE] controller disconnected
2026-10-01 23:03:34.636 [PIPE] controller connected
2026-10-01 23:03:53.678 [INIT] dll unloaded
