2026-10-03 00:14:20.919 [INIT] dll loaded, pid=14680
2026-10-03 00:14:20.919 [INIT] codec loaded OK
2026-10-03 00:14:20.919 [INIT] iat hooks: recv=1 send=1 WSASend=1 connect=1 closesocket=1 WSAEventSelect=1
2026-10-03 00:14:21.168 [OP] 47C0 inv=FFF3 len=12 #1 0253cad37fd958d5606ef16f
2026-10-03 00:14:21.168 [OP] 47C0 inv=FFD8 len=39 #2 b39526127cc6c4fd3c297c5cc88ffd6ff4d17c5b8c03da31ec8ba5b70eeceaadd958b1cd531abb
2026-10-03 00:14:21.168 [OP] 47C0 inv=FFE1 len=30 #3 0faac4c88ffd6ff4d17c5b8c03da31ec8ba5b70eeceaadd958b1cd531abb
2026-10-03 00:14:21.169 [OP] 47C0 inv=FFEA len=21 #4 51cac703da31ec8ba5b70eeceaadd958b1cd531abb
2026-10-03 00:14:21.169 [OP] 47C0 inv=FFF3 len=12 #5 0253caeaadd958b1cd531abb
2026-10-03 00:14:21.742 [OP] EFFE inv=FFFE len=1 #1 0b
2026-10-03 00:14:24.124 [OP] 4100 inv=FFF9 len=6 #1 98aa13dfb3ec
2026-10-03 00:14:24.217 [EVENT] sock=2536 hEvent=00000994 events=0x0
2026-10-03 00:14:24.218 [EVENT] sock=2536 hEvent=00000994 events=0x21
2026-10-03 00:14:24.230 [OP] 4101 inv=FC6D len=914 #1 875dad805b64510bdcfaa32bc8d97b81510bdcfaa32b1f805b64510bdcfaa32b1f805b64510bdcfa87429d4e5b64bed0dcfaa32b1f80697f510bdcfaa32b1f805b64510bdcfad85dad80c464510bdcfaa32b46925b648e90dcfac4181f807693510b155a4e78c8d97b81a552155a562b1f807b81a5526f30c2d41e5f544e191edcfaa32b1f805b6458a0c6faa32b1f805b4d310bdcfaa32b1f805b64510bdcfa
2026-10-03 00:14:24.277 [OP] 4F52 inv=FFFF len=0 #1 
2026-10-03 00:14:25.190 [EVENT] sock=2536 hEvent=00000994 events=0x0
2026-10-03 00:14:25.192 [EVENT] sock=2536 hEvent=00000994 events=0x21
2026-10-03 00:14:25.357 [OP] 4108 inv=FFE3 len=28 #1 9b87c464510bdcfa21531f80d8f8510bce4051421f805b64510bdcfa
2026-10-03 00:14:25.460 [OP] 4108 inv=FFE3 len=28 #2 9b87c464510bdcfa4d531f80d8f8510bce4051ed1f805b64510bdcfa
2026-10-03 00:14:25.461 [OP] 4108 inv=FFE3 len=28 #3 9b87c464510bdcfa22531f80d8f8510bce40515d1f805b64510bdcfa
2026-10-03 00:14:25.462 [OP] 4108 inv=FFF3 len=12 #4 3b0e392b1f805b64510bdcfa
2026-10-03 00:14:25.462 [OP] 4108 inv=FFF3 len=12 #5 3b0e392b1f805b64580bdcfa
2026-10-03 00:14:25.462 [OP] 4104 inv=FFFB len=4 #1 3cae1f80
2026-10-03 00:14:25.462 [OP] 4104 inv=FFFB len=4 #2 3cae1faa
2026-10-03 00:14:25.462 [OP] 4104 inv=FFFB len=4 #3 3cae1fc7
2026-10-03 00:14:25.462 [OP] 4104 inv=FFFB len=4 #4 3cae1fce
2026-10-03 00:14:25.462 [OP] 4104 inv=FFFB len=4 #5 0a081f12
2026-10-03 00:14:27.647 [OP] 4105 inv=FFFE len=1 #1 3d
2026-10-03 00:14:27.647 [OP] 4105 inv=FFFE len=1 #2 c0
2026-10-03 00:14:27.647 [OP] 4105 inv=FFFE len=1 #3 af
2026-10-03 00:14:27.793 [OP] 4106 inv=FFFC len=3 #1 b1fdcb
2026-10-03 00:14:27.793 [OP] 4106 inv=FFFC len=3 #2 a539ee
2026-10-03 00:14:27.793 [OP] 4105 inv=FFFE len=1 #4 0c
2026-10-03 00:14:27.885 [OP] 4109 inv=FE3B len=452 #1 23ecfc0b6ffa46bb1f795b64510bdcfaf82b1f806e6401c402facccead80c064580bdcfae13b1f80c461510bdcc4a32b1fb5a82677ecdcfa8d2b1f805b64510bdcfaa32bca805b64dfb2dcfa39c4ca805bdf510bdcfaa32b23aa5b6401ba710ea32b1f801e9f510b6ffaa32bf4075b64fc0c90faa32b1f805b64510b6ffaa32bf4075b64fc0c52faa32b1f805b64510b6ffaa32bf4075b64fc0c8bfaa32b1f80
2026-10-03 00:14:27.978 [OP] 4106 inv=FFFC len=3 #3 e546ed
2026-10-03 00:14:27.978 [OP] 4106 inv=FFFD len=2 #4 a3c4
2026-10-03 00:14:27.978 [OP] 4111 inv=FFFD len=2 #1 c064
2026-10-03 00:14:28.071 [OP] 4112 inv=FFFD len=2 #1 90c4
2026-10-03 00:14:30.116 [EVENT] sock=2748 hEvent=00000A98 events=0x0
2026-10-03 00:14:30.116 [EVENT] sock=2748 hEvent=00000A98 events=0x21
2026-10-03 00:14:30.703 [OP] 4109 inv=FFB7 len=72 #2 9b87c464517f6fc4a3ee1f805b64510b07faa32bca105b6487b1dcfa40ce1f80c0df0e0b07faa32b39125b640eec66faa32b1f805bdf510b8222a32b39125b64080b66faa32b1f80
2026-10-03 00:14:30.800 [OP] 4105 inv=FFFE len=1 #5 0b
2026-10-03 00:14:30.800 [OP] 4106 inv=FFFD len=2 #5 f82b
2026-10-03 00:14:30.800 [OP] 4111 inv=FFFD len=2 #2 9564
2026-10-03 00:14:31.219 [OP] 4033 inv=FFE8 len=23 #1 8c5b6f51b1dcfaa32b1fb0c835985c46faa35a4569da64
2026-10-03 00:14:32.039 [OP] 4109 inv=FF0F len=240 #3 23ecfc0b6ffafd4a1f805b64510bdcfaf82b1f80c36446b16afa384a9d805b64580bdcfabf6f1f801c64af0bdcfaa32b1f805b64580bdcfabf6f1f801c643b0bdcfaa32b1f8058f2580bdcfabf6f1f801c64310bdcfaa32b1f80e4f0580bdcfabf6f1f801c647b0bdcfaa32b1f80b7642c75dcfabf6f1f801c64af0bdcc4a32b23aa5b64715e54dca32b1f803000510bab5ba32bb08c5b64b20b66faa3531f80
2026-10-03 00:14:32.126 [OP] 4111 inv=FFFD len=2 #3 5b64
2026-10-03 00:14:34.127 [OP] 4109 inv=FF0F len=240 #4 23ecfc0b6ffafd4a1faa5b64510bdcfaf82b1f80c36446b16afa384a9d80c464580bdcfabf6f1f801c7faf0bdcfaa32b1f805b64580bdcfabf6f1f801c7f3b0bdcfaa32b1f801c8a580bdcfabf6f1f801c7f310bdcfaa32b1f80a6bb580bdcfabf6f1f801c7f7b0bdcfaa32b1f8008642c75dcfabf6f1f801c64af0bdcc4a32b23aa5b64715e54dca32b1f803000510bab5ba32bb08c5b64b20b66faa3531f80
2026-10-03 00:14:34.220 [OP] 4111 inv=FFFD len=2 #4 c464
2026-10-03 00:14:34.295 [EVENT] sock=2536 hEvent=00000994 events=0x0
2026-10-03 00:14:34.296 [EVENT] sock=2536 hEvent=00000994 events=0x21
2026-10-03 00:14:34.344 [OP] 4F52 inv=FFFF len=0 #2 
2026-10-03 00:14:36.008 [OP] 46FE inv=FFFF len=0 #1 
2026-10-03 00:14:36.504 [OP] 4109 inv=FE9F len=352 #5 23ecfc0b6ffafd241f805b64510bdcfaf82b1f806e6401c402facccead806e64580bdcfae13b1f80c4c6510bdcc4a32b1f805b6477ecdcfae02b1f805b64510bdcfaa32bca805b64dfb2dcfa3906ca805b64510bdcc4a32bca805b64dfb2dcfa3906ad805b64510bdcfaa32bca805b64dfb2dcfa39069d805b64510bdc6ef82bfa4e5b64d5b2dcfa392b1f805bdf510b05c4a32bfbce5b64510bdcfaa32b1f80
2026-10-03 00:14:36.598 [OP] 4111 inv=FFFD len=2 #5 6edf
2026-10-03 00:14:36.598 [OP] 4112 inv=FFFD len=2 #2 dcc4
2026-10-03 00:14:36.600 [OP] 4112 inv=FFFD len=2 #3 52c4
2026-10-03 00:14:36.600 [OP] 4112 inv=FFFD len=2 #4 8bc4
2026-10-03 00:14:39.328 [OP] 4112 inv=FFFD len=2 #5 6fc4
2026-10-03 00:14:40.762 [OP] EFFE inv=FFFE len=1 #2 0b
2026-10-03 00:14:41.848 [OP] 4033 inv=FFEB len=20 #2 fd0b8ffafd2b1f805b64002de9faa35a4569da64
2026-10-03 00:14:43.052 [OP] 4031 inv=FFE0 len=31 #1 fddccaa3ed1f805b6451e416f163829055542a300bdc39d0349a7150d8ee0b
2026-10-03 00:14:43.884 [SETTLE] exp=3394 gold=201747 len=403
2026-10-03 00:14:43.884 [OP] 472A inv=FE6C len=403 #1 bad8de1f3a6e64510bdcfaa32b1f805b64510bdc9b202b1f805b6451d0dcfaa309ca805b64510bdceafd2b1f805b64516b90faa32b1f805b32660bdcfaa32b1fd43364510bdcfaa32b1f805b64510bdcfaa32b1f805b64510bdcfaa32b1f805b64510bdcfaa32b1f805b64510bdcfaa32b1f805b64510bdcfaa32b1f805b64510bdcfaa32b1f805b64510bdcb5a32b1fc3956451fa6ffaa3731f805bd3580bdc
2026-10-03 00:14:43.981 [OP] 42CE inv=FFFB len=4 #1 c87f510b
2026-10-03 00:14:44.078 [OP] 4211 inv=FFF6 len=9 #1 aa5b6451803e22a34a
2026-10-03 00:14:44.078 [OP] 4211 inv=FFF6 len=9 #2 aa5b64515ca722a34a
2026-10-03 00:14:44.078 [OP] 4211 inv=FFF6 len=9 #3 aa5b6451e3a722a34a
2026-10-03 00:14:44.078 [OP] 4211 inv=FFF6 len=9 #4 aa5b645134a722a34a
2026-10-03 00:14:47.971 [OP] 4100 inv=FFF9 len=6 #2 98aa437f417f
2026-10-03 00:14:48.064 [EVENT] sock=2536 hEvent=00000994 events=0x0
2026-10-03 00:14:48.064 [EVENT] sock=2536 hEvent=00000994 events=0x21
2026-10-03 00:14:48.169 [OP] 4F52 inv=FFFF len=0 #3 
2026-10-03 00:14:48.169 [OP] 4101 inv=FC35 len=970 #2 23ecfc0bdcfaa32b1f805b64a552155aa32b1f805b64510bdcfaa32b1f805b64510bdcfaa32b1f802337b2b2dcfa86de1f805b64510b9d22a32b1f805b64510bdcfaa32b1f807aecfc0b52faa32b1f805b6416ffdcfa222a1f80dffc510bf0b3a32bc8d97b81a552155a4e78c8d96c64510b155a4e78caa0ed3572a47db7854d1f805b64510bdcfa8e3084805b64510bdca1b72b1f805b64510bdcfaa32b1f80
2026-10-03 00:14:49.034 [EVENT] sock=2536 hEvent=00000994 events=0x0
2026-10-03 00:14:49.034 [EVENT] sock=2536 hEvent=00000994 events=0x21
2026-10-03 00:14:51.774 [OP] EFFE inv=FFFE len=1 #3 0b
2026-10-03 00:14:58.191 [EVENT] sock=2536 hEvent=00000994 events=0x0
2026-10-03 00:14:58.191 [EVENT] sock=2536 hEvent=00000994 events=0x21
2026-10-03 00:14:58.305 [OP] 4F52 inv=FFFF len=0 #4 
2026-10-03 00:15:00.116 [EVENT] sock=2748 hEvent=00000A98 events=0x0
2026-10-03 00:15:00.116 [EVENT] sock=2748 hEvent=00000A98 events=0x21
2026-10-03 00:15:00.448 [OP] F005 inv=FFE7 len=24 #1 26b35c3828d7512b1f805b64510bdcfaa3de1f8091dc8db2
2026-10-03 00:15:00.448 [OP] F005 inv=FFE7 len=24 #2 26b35c3828d7512b1f805b64510bdcfaa3de1f8091dc8db2
2026-10-03 00:15:02.989 [OP] 4211 inv=FFF6 len=9 #5 aa5b6451803e22a34a
2026-10-03 00:15:03.095 [SETTLE] exp=4144 gold=201747 len=393
2026-10-03 00:15:03.095 [OP] 472A inv=FE76 len=393 #2 bad8de1f6a5764510bdcfaa32b1f805b64510bdc70572b1f805b6451d0dcfaa3b0ca805b64510bdceafd2b1f805b64516b90faa32b1f805b32660bdcfaa32b1fd43364510bdcfaa32b1f805b64510bdcfaa32b1f805b64510bdcfaa32b1f805b64510bdcfaa32b1f805b64510bdcfaa32b1f805b64510bdcfaa32b1f805b64510bdcfaa32b1f805b64510bdcbdf82b1f2c5b6451fa6ffaa391ca805b5c510bdc
2026-10-03 00:15:03.096 [OP] 42CE inv=FFFB len=4 #2 c87f510b
2026-10-03 00:15:06.499 [OP] 46FE inv=FFFF len=0 #2 
2026-10-03 00:15:08.538 [PIPE] controller connected
2026-10-03 00:15:09.236 [OP] 4100 inv=FFF9 len=6 #3 98aa61f8a47f
2026-10-03 00:15:09.343 [EVENT] sock=2536 hEvent=00000994 events=0x0
2026-10-03 00:15:09.343 [EVENT] sock=2536 hEvent=00000994 events=0x21
2026-10-03 00:15:09.659 [OP] 4101 inv=FC35 len=970 #3 23ecfc0bdcfaa32b1f805b64a552155aa32b1f805b64510bdcfaa32b1f805b64510bdcfaa32b1f802337b2b2dcfa86de1f805b64510b9d22a32b1f805b64510bdcfaa32b1f807aecfc0b52faa32b1f805b6416ffdcfa222a1f80dffc510bf0b3a32bc8d97b81a552155a4e78c8d96c64510b155a4e78caa0ed3572a47db7854d1f805b64510bdcfa713084805b64510bdca1b72b1f805b64510bdcfaa32b1f80
2026-10-03 00:15:09.726 [OP] 4F52 inv=FFFF len=0 #5 
2026-10-03 00:15:10.298 [EVENT] sock=2536 hEvent=00000994 events=0x0
2026-10-03 00:15:10.298 [EVENT] sock=2536 hEvent=00000994 events=0x21
2026-10-03 00:15:10.833 [OP] EFFE inv=FFFE len=1 #4 0b
2026-10-03 00:15:19.730 [EVENT] sock=2536 hEvent=00000994 events=0x0
2026-10-03 00:15:19.730 [EVENT] sock=2536 hEvent=00000994 events=0x21
2026-10-03 00:15:21.807 [OP] EFFE inv=FFFE len=1 #5 0b
2026-10-03 00:15:23.772 [OP] 4031 inv=FFD8 len=39 #2 47a3c41f805b6451ecdc2b6cb91c363ed8893ca224290a71d546645134222aca668805af48de0b
2026-10-03 00:15:26.598 [SETTLE] exp=3850 gold=201747 len=403
2026-10-03 00:15:26.598 [OP] 472A inv=FE6C len=403 #3 bad8de1f07ba64510bdcfaa32b1f805b64510bdc7b232b1f805b6451d0dcfaa3b0ca805b64510bdceafd2b1f805b64516b90faa32b1f805b32660bdcfaa32b1fd43364510bdcfaa32b1f805b64510bdcfaa32b1f805b64510bdcfaa32b1f805b64510bdcfaa32b1f805b64510bdcfaa32b1f805b64510bdcfaa32b1f805b64510bdcfaa32b1f805b64510bdcb5a32b1f2c5b645153dcfaa3731f805bd3580bdc
2026-10-03 00:15:26.699 [OP] 42CE inv=FFFB len=4 #3 c87f510b
2026-10-03 00:15:30.117 [EVENT] sock=2748 hEvent=00000A98 events=0x0
2026-10-03 00:15:30.117 [EVENT] sock=2748 hEvent=00000A98 events=0x21
2026-10-03 00:15:30.444 [PIPE] controller disconnected
2026-10-03 00:15:30.699 [OP] 4100 inv=FFF9 len=6 #4 98aa34f8677f
2026-10-03 00:15:30.798 [EVENT] sock=2536 hEvent=00000994 events=0x0
2026-10-03 00:15:30.798 [EVENT] sock=2536 hEvent=00000994 events=0x21
2026-10-03 00:15:30.799 [OP] 4101 inv=FBFD len=1026 #4 7c8052faa32b1f805b64510b155a4e781f805b64510bdcfaa32b1f805b64510bdcfaa32b1f805b647c448b53a32bc9ce5b64510bdcfa86de1f805b64510bdcfaa32b1f805b64238052fa392b1f805b64510bc2a0a32b6d5d5b64da64dcfa33f21f807b81a552155a4e78c8d97b81660bdcfa4e78c8d995a91e2e6974c766e50e5b64510bdcfaa32b39532764510bdcfaa33084805b64510bdcfaa32b1f805b64
2026-10-03 00:15:31.764 [EVENT] sock=2536 hEvent=00000994 events=0x0
2026-10-03 00:15:31.764 [EVENT] sock=2536 hEvent=00000994 events=0x21
2026-10-03 00:15:36.410 [OP] 46FE inv=FFFF len=0 #3 
2026-10-03 00:15:40.945 [EVENT] sock=2536 hEvent=00000994 events=0x0
2026-10-03 00:15:40.945 [EVENT] sock=2536 hEvent=00000994 events=0x21
2026-10-03 00:15:51.040 [EVENT] sock=2536 hEvent=00000994 events=0x0
2026-10-03 00:15:51.040 [EVENT] sock=2536 hEvent=00000994 events=0x21
2026-10-03 00:15:54.591 [SETTLE] exp=4600 gold=201747 len=393
2026-10-03 00:15:54.592 [OP] 472A inv=FE76 len=393 #4 bad8de1f3fa164510bdcfaa32b1f805b64510bdc88572b1f805b6451d0dcfaa323ca805b64510bdceafd2b1f805b64516b90faa32b1f805b32660bdcfaa32b1fd43364510bdcfaa32b1f805b64510bdcfaa32b1f805b64510bdcfaa32b1f805b64510bdcfaa32b1f805b64510bdcfaa32b1f805b64510bdcfaa32b1f805b64510bdcfaa32b1f805b64510bdcb5a32b1f2c5b6451fa6ffaa3ccca805b5c510bdc
2026-10-03 00:15:54.690 [OP] 42CE inv=FFFB len=4 #4 c87f510b
2026-10-03 00:16:00.118 [EVENT] sock=2748 hEvent=00000A98 events=0x0
2026-10-03 00:16:00.118 [EVENT] sock=2748 hEvent=00000A98 events=0x21
2026-10-03 00:16:00.687 [OP] 4100 inv=FFF9 len=6 #5 98aa437f417f
2026-10-03 00:16:00.795 [EVENT] sock=2536 hEvent=00000994 events=0x0
2026-10-03 00:16:00.796 [EVENT] sock=2536 hEvent=00000994 events=0x21
2026-10-03 00:16:00.855 [OP] 4101 inv=FC35 len=970 #5 23ecfc0bdcfaa32b1f805b64a552155aa32b1f805b64510bdcfaa32b1f805b64510bdcfaa32b1f802337b2b2dcfa86de1f805b64510b9d22a32b1f805b64510bdcfaa32b1f807aecfc0b52faa32b1f805b6416ffdcfa222a1f80dffc510bf0b3a32bc8d97b81a552155a4e78c8d96c64510b155a4e78caa0ed3572a47db7854d1f805b64510bdcfae13084805b64510bdca1b72b1f805b64510bdcfaa32b1f80
2026-10-03 00:16:01.766 [EVENT] sock=2536 hEvent=00000994 events=0x0
2026-10-03 00:16:01.766 [EVENT] sock=2536 hEvent=00000994 events=0x21
2026-10-03 00:16:06.676 [OP] 46FE inv=FFFF len=0 #4 
2026-10-03 00:16:10.980 [EVENT] sock=2536 hEvent=00000994 events=0x0
2026-10-03 00:16:10.980 [EVENT] sock=2536 hEvent=00000994 events=0x21
2026-10-03 00:16:17.803 [SETTLE] exp=3850 gold=201747 len=393
2026-10-03 00:16:17.803 [OP] 472A inv=FE76 len=393 #5 bad8de1f07ba64510bdcfaa32b1f805b64510bdc7b232b1f805b6451d0dcfaa3b0ca805b64510bdceafd2b1f805b64516b90faa32b1f805b52140bdcfaa32b1fd43364510bdcfaa32b1f805b64510bdcfaa32b1f805b64510bdcfaa378c8d97b64510bdcfaa32b1f805b64510bdcfaa32b1f805b64510bdcfaa32b1f805b64510bdcfaa32b1f805b64510bdcb5a32b1f1b95645153dcfaa3731f805b5c510bdc
2026-10-03 00:16:17.897 [OP] 42CE inv=FFFB len=4 #5 c87f510b
2026-10-03 00:16:24.987 [EVENT] sock=2536 hEvent=00000994 events=0x0
2026-10-03 00:16:24.987 [EVENT] sock=2536 hEvent=00000994 events=0x21
2026-10-03 00:16:25.981 [EVENT] sock=2536 hEvent=00000994 events=0x0
2026-10-03 00:16:25.981 [EVENT] sock=2536 hEvent=00000994 events=0x21
2026-10-03 00:16:28.165 [OP] 4031 inv=FFCD len=50 #3 00fa462b9d805b64510b2c93e6dd8227f8fdf97df8ee2b02527eca6dd785086dd72746340b9193a45cac652b1fc0b1a8420b
2026-10-03 00:16:30.119 [EVENT] sock=2748 hEvent=00000A98 events=0x0
2026-10-03 00:16:30.119 [EVENT] sock=2748 hEvent=00000A98 events=0x21
2026-10-03 00:16:35.089 [EVENT] sock=2536 hEvent=00000994 events=0x0
2026-10-03 00:16:35.090 [EVENT] sock=2536 hEvent=00000994 events=0x21
2026-10-03 00:16:36.869 [OP] 46FE inv=FFFF len=0 #5 
2026-10-03 00:16:43.710 [SETTLE] exp=3996 gold=201747 len=393
2026-10-03 00:16:47.887 [EVENT] sock=2536 hEvent=00000994 events=0x0
2026-10-03 00:16:47.887 [EVENT] sock=2536 hEvent=00000994 events=0x21
2026-10-03 00:16:48.827 [EVENT] sock=2536 hEvent=00000994 events=0x0
2026-10-03 00:16:48.827 [EVENT] sock=2536 hEvent=00000994 events=0x21
2026-10-03 00:16:52.437 [OP] 4031 inv=FFD5 len=42 #4 b70bfafa212b1f805b640063434edc6e994de63354def41d182794eb26a1680bdc39d0349a7150d8ee0b
2026-10-03 00:16:53.743 [EVENT] sock=2748 hEvent=00000A98 events=0x0
2026-10-03 00:16:53.743 [EVENT] sock=2748 hEvent=00000A98 events=0x21
2026-10-03 00:16:53.791 [OP] F005 inv=FFE7 len=24 #3 ed3572a4b607854d1f805b64510bdcfaa3de1f80c387c4a9
2026-10-03 00:16:55.583 [OP] F005 inv=FFE7 len=24 #4 ed3572a47db7854d1f805b64510bdcfaa3def0cab430d20c
2026-10-03 00:16:55.676 [OP] F005 inv=FFE7 len=24 #5 ed3572a47db7854d1f805b64510bdcfaa3def0cab430d20c
2026-10-03 00:16:57.953 [EVENT] sock=2536 hEvent=00000994 events=0x0
2026-10-03 00:16:57.954 [EVENT] sock=2536 hEvent=00000994 events=0x21
2026-10-03 00:17:08.007 [EVENT] sock=2536 hEvent=00000994 events=0x0
2026-10-03 00:17:08.007 [EVENT] sock=2536 hEvent=00000994 events=0x21
2026-10-03 00:17:08.806 [SETTLE] exp=3602 gold=201747 len=393
2026-10-03 00:17:15.984 [EVENT] sock=2536 hEvent=00000994 events=0x0
2026-10-03 00:17:15.984 [EVENT] sock=2536 hEvent=00000994 events=0x21
2026-10-03 00:17:16.971 [EVENT] sock=2536 hEvent=00000994 events=0x0
2026-10-03 00:17:16.971 [EVENT] sock=2536 hEvent=00000994 events=0x21
2026-10-03 00:17:26.102 [EVENT] sock=2536 hEvent=00000994 events=0x0
2026-10-03 00:17:26.102 [EVENT] sock=2536 hEvent=00000994 events=0x21
2026-10-03 00:17:30.120 [EVENT] sock=2748 hEvent=00000A98 events=0x0
2026-10-03 00:17:30.120 [EVENT] sock=2748 hEvent=00000A98 events=0x21
2026-10-03 00:17:30.351 [OP] 4031 inv=FFDC len=35 #5 775bf151c0dcfaa32b1f36b0eb689350ccce826805987b050bdc39d0349a7150d8ee0b
2026-10-03 00:17:31.514 [SETTLE] exp=5522 gold=201747 len=403
2026-10-03 00:17:37.715 [EVENT] sock=2536 hEvent=00000994 events=0x0
2026-10-03 00:17:37.717 [EVENT] sock=2536 hEvent=00000994 events=0x21
2026-10-03 00:17:38.701 [EVENT] sock=2536 hEvent=00000994 events=0x0
2026-10-03 00:17:38.701 [EVENT] sock=2536 hEvent=00000994 events=0x21
2026-10-03 00:17:47.820 [EVENT] sock=2536 hEvent=00000994 events=0x0
2026-10-03 00:17:47.821 [EVENT] sock=2536 hEvent=00000994 events=0x21
2026-10-03 00:17:50.496 [SETTLE] exp=2378 gold=201747 len=393
2026-10-03 00:17:54.672 [EVENT] sock=2536 hEvent=00000994 events=0x0
2026-10-03 00:17:54.672 [EVENT] sock=2536 hEvent=00000994 events=0x21
2026-10-03 00:17:55.651 [EVENT] sock=2536 hEvent=00000994 events=0x0
2026-10-03 00:17:55.651 [EVENT] sock=2536 hEvent=00000994 events=0x21
2026-10-03 00:18:00.121 [EVENT] sock=2748 hEvent=00000A98 events=0x0
2026-10-03 00:18:00.121 [EVENT] sock=2748 hEvent=00000A98 events=0x21
2026-10-03 00:18:04.739 [EVENT] sock=2536 hEvent=00000994 events=0x0
2026-10-03 00:18:04.739 [EVENT] sock=2536 hEvent=00000994 events=0x21
2026-10-03 00:18:12.920 [SETTLE] exp=3934 gold=201747 len=393
2026-10-03 00:18:22.216 [EVENT] sock=2536 hEvent=00000994 events=0x0
2026-10-03 00:18:22.216 [EVENT] sock=2536 hEvent=00000994 events=0x21
2026-10-03 00:18:23.126 [EVENT] sock=2536 hEvent=00000994 events=0x0
2026-10-03 00:18:23.126 [EVENT] sock=2536 hEvent=00000994 events=0x21
2026-10-03 00:18:30.006 [OP] 4033 inv=FFE6 len=25 #3 3b1fef5b64510bdcfaa3d44e7c025088487dfaa3490dd5d364
2026-10-03 00:18:30.123 [EVENT] sock=2748 hEvent=00000A98 events=0x0
2026-10-03 00:18:30.123 [EVENT] sock=2748 hEvent=00000A98 events=0x21
2026-10-03 00:18:32.287 [EVENT] sock=2536 hEvent=00000994 events=0x0
2026-10-03 00:18:32.288 [EVENT] sock=2536 hEvent=00000994 events=0x21
2026-10-03 00:18:41.058 [SETTLE] exp=3456 gold=201747 len=393
2026-10-03 00:18:45.270 [EVENT] sock=2536 hEvent=00000994 events=0x0
2026-10-03 00:18:45.271 [EVENT] sock=2536 hEvent=00000994 events=0x21
2026-10-03 00:18:46.258 [EVENT] sock=2536 hEvent=00000994 events=0x0
2026-10-03 00:18:46.258 [EVENT] sock=2536 hEvent=00000994 events=0x21
2026-10-03 00:18:55.432 [EVENT] sock=2536 hEvent=00000994 events=0x0
2026-10-03 00:18:55.432 [EVENT] sock=2536 hEvent=00000994 events=0x21
2026-10-03 00:19:00.123 [EVENT] sock=2748 hEvent=00000A98 events=0x0
2026-10-03 00:19:00.123 [EVENT] sock=2748 hEvent=00000A98 events=0x21
2026-10-03 00:19:05.496 [EVENT] sock=2536 hEvent=00000994 events=0x0
2026-10-03 00:19:05.496 [EVENT] sock=2536 hEvent=00000994 events=0x21
2026-10-03 00:19:07.518 [SETTLE] exp=5140 gold=201747 len=393
2026-10-03 00:19:07.622 [OP] 4210 inv=FFF3 len=12 #1 ac0bdcfaf32b1f807aecfc0b
2026-10-03 00:19:17.555 [EVENT] sock=2536 hEvent=00000994 events=0x0
2026-10-03 00:19:17.555 [EVENT] sock=2536 hEvent=00000994 events=0x21
2026-10-03 00:19:27.634 [EVENT] sock=2536 hEvent=00000994 events=0x0
2026-10-03 00:19:27.635 [EVENT] sock=2536 hEvent=00000994 events=0x21
2026-10-03 00:19:30.124 [EVENT] sock=2748 hEvent=00000A98 events=0x0
2026-10-03 00:19:30.124 [EVENT] sock=2748 hEvent=00000A98 events=0x21
2026-10-03 00:19:37.707 [EVENT] sock=2536 hEvent=00000994 events=0x0
2026-10-03 00:19:37.708 [EVENT] sock=2536 hEvent=00000994 events=0x21
2026-10-03 00:19:47.778 [EVENT] sock=2536 hEvent=00000994 events=0x0
2026-10-03 00:19:47.778 [EVENT] sock=2536 hEvent=00000994 events=0x21
2026-10-03 00:19:57.847 [EVENT] sock=2536 hEvent=00000994 events=0x0
2026-10-03 00:19:57.847 [EVENT] sock=2536 hEvent=00000994 events=0x21
2026-10-03 00:20:00.125 [EVENT] sock=2748 hEvent=00000A98 events=0x0
2026-10-03 00:20:00.125 [EVENT] sock=2748 hEvent=00000A98 events=0x21
2026-10-03 00:20:07.906 [EVENT] sock=2536 hEvent=00000994 events=0x0
2026-10-03 00:20:07.906 [EVENT] sock=2536 hEvent=00000994 events=0x21
2026-10-03 00:20:17.979 [EVENT] sock=2536 hEvent=00000994 events=0x0
2026-10-03 00:20:17.979 [EVENT] sock=2536 hEvent=00000994 events=0x21
2026-10-03 00:20:28.062 [EVENT] sock=2536 hEvent=00000994 events=0x0
2026-10-03 00:20:28.062 [EVENT] sock=2536 hEvent=00000994 events=0x21
2026-10-03 00:20:30.125 [EVENT] sock=2748 hEvent=00000A98 events=0x0
2026-10-03 00:20:30.125 [EVENT] sock=2748 hEvent=00000A98 events=0x21
2026-10-03 00:20:38.133 [EVENT] sock=2536 hEvent=00000994 events=0x0
2026-10-03 00:20:38.134 [EVENT] sock=2536 hEvent=00000994 events=0x21
2026-10-03 00:20:48.207 [EVENT] sock=2536 hEvent=00000994 events=0x0
2026-10-03 00:20:48.207 [EVENT] sock=2536 hEvent=00000994 events=0x21
2026-10-03 00:20:58.294 [EVENT] sock=2536 hEvent=00000994 events=0x0
2026-10-03 00:20:58.296 [EVENT] sock=2536 hEvent=00000994 events=0x21
2026-10-03 00:21:00.126 [EVENT] sock=2748 hEvent=00000A98 events=0x0
2026-10-03 00:21:00.126 [EVENT] sock=2748 hEvent=00000A98 events=0x21
2026-10-03 00:21:08.357 [EVENT] sock=2536 hEvent=00000994 events=0x0
2026-10-03 00:21:08.358 [EVENT] sock=2536 hEvent=00000994 events=0x21
2026-10-03 00:21:18.426 [EVENT] sock=2536 hEvent=00000994 events=0x0
2026-10-03 00:21:18.426 [EVENT] sock=2536 hEvent=00000994 events=0x21
2026-10-03 00:21:28.504 [EVENT] sock=2536 hEvent=00000994 events=0x0
2026-10-03 00:21:28.504 [EVENT] sock=2536 hEvent=00000994 events=0x21
2026-10-03 00:21:30.126 [EVENT] sock=2748 hEvent=00000A98 events=0x0
2026-10-03 00:21:30.126 [EVENT] sock=2748 hEvent=00000A98 events=0x21
2026-10-03 00:21:38.567 [EVENT] sock=2536 hEvent=00000994 events=0x0
2026-10-03 00:21:38.568 [EVENT] sock=2536 hEvent=00000994 events=0x21
2026-10-03 00:21:48.638 [EVENT] sock=2536 hEvent=00000994 events=0x0
2026-10-03 00:21:48.638 [EVENT] sock=2536 hEvent=00000994 events=0x21
2026-10-03 00:21:58.710 [EVENT] sock=2536 hEvent=00000994 events=0x0
2026-10-03 00:21:58.710 [EVENT] sock=2536 hEvent=00000994 events=0x21
2026-10-03 00:22:00.127 [EVENT] sock=2748 hEvent=00000A98 events=0x0
2026-10-03 00:22:00.127 [EVENT] sock=2748 hEvent=00000A98 events=0x21
2026-10-03 00:22:08.774 [EVENT] sock=2536 hEvent=00000994 events=0x0
2026-10-03 00:22:08.774 [EVENT] sock=2536 hEvent=00000994 events=0x21
2026-10-03 00:22:18.867 [EVENT] sock=2536 hEvent=00000994 events=0x0
2026-10-03 00:22:18.867 [EVENT] sock=2536 hEvent=00000994 events=0x21
2026-10-03 00:22:28.938 [EVENT] sock=2536 hEvent=00000994 events=0x0
2026-10-03 00:22:28.939 [EVENT] sock=2536 hEvent=00000994 events=0x21
2026-10-03 00:22:30.128 [EVENT] sock=2748 hEvent=00000A98 events=0x0
2026-10-03 00:22:30.128 [EVENT] sock=2748 hEvent=00000A98 events=0x21
2026-10-03 00:22:39.007 [EVENT] sock=2536 hEvent=00000994 events=0x0
2026-10-03 00:22:39.007 [EVENT] sock=2536 hEvent=00000994 events=0x21
2026-10-03 00:22:49.071 [EVENT] sock=2536 hEvent=00000994 events=0x0
2026-10-03 00:22:49.072 [EVENT] sock=2536 hEvent=00000994 events=0x21
2026-10-03 00:22:59.132 [EVENT] sock=2536 hEvent=00000994 events=0x0
2026-10-03 00:22:59.132 [EVENT] sock=2536 hEvent=00000994 events=0x21
2026-10-03 00:23:00.128 [EVENT] sock=2748 hEvent=00000A98 events=0x0
2026-10-03 00:23:00.128 [EVENT] sock=2748 hEvent=00000A98 events=0x21
2026-10-03 00:23:09.200 [EVENT] sock=2536 hEvent=00000994 events=0x0
2026-10-03 00:23:09.202 [EVENT] sock=2536 hEvent=00000994 events=0x21
2026-10-03 00:23:19.267 [EVENT] sock=2536 hEvent=00000994 events=0x0
2026-10-03 00:23:19.267 [EVENT] sock=2536 hEvent=00000994 events=0x21
2026-10-03 00:23:29.333 [EVENT] sock=2536 hEvent=00000994 events=0x0
2026-10-03 00:23:29.333 [EVENT] sock=2536 hEvent=00000994 events=0x21
2026-10-03 00:23:30.129 [EVENT] sock=2748 hEvent=00000A98 events=0x0
2026-10-03 00:23:30.129 [EVENT] sock=2748 hEvent=00000A98 events=0x21
2026-10-03 00:23:39.499 [EVENT] sock=2536 hEvent=00000994 events=0x0
2026-10-03 00:23:39.499 [EVENT] sock=2536 hEvent=00000994 events=0x21
2026-10-03 00:23:49.577 [EVENT] sock=2536 hEvent=00000994 events=0x0
2026-10-03 00:23:49.577 [EVENT] sock=2536 hEvent=00000994 events=0x21
2026-10-03 00:23:59.650 [EVENT] sock=2536 hEvent=00000994 events=0x0
2026-10-03 00:23:59.650 [EVENT] sock=2536 hEvent=00000994 events=0x21
2026-10-03 00:24:00.129 [EVENT] sock=2748 hEvent=00000A98 events=0x0
2026-10-03 00:24:00.129 [EVENT] sock=2748 hEvent=00000A98 events=0x21
2026-10-03 00:24:09.723 [EVENT] sock=2536 hEvent=00000994 events=0x0
2026-10-03 00:24:09.723 [EVENT] sock=2536 hEvent=00000994 events=0x21
2026-10-03 00:24:19.784 [EVENT] sock=2536 hEvent=00000994 events=0x0
2026-10-03 00:24:19.784 [EVENT] sock=2536 hEvent=00000994 events=0x21
2026-10-03 00:24:29.848 [EVENT] sock=2536 hEvent=00000994 events=0x0
2026-10-03 00:24:29.848 [EVENT] sock=2536 hEvent=00000994 events=0x21
2026-10-03 00:24:30.129 [EVENT] sock=2748 hEvent=00000A98 events=0x0
2026-10-03 00:24:30.129 [EVENT] sock=2748 hEvent=00000A98 events=0x21
2026-10-03 00:24:39.911 [EVENT] sock=2536 hEvent=00000994 events=0x0
2026-10-03 00:24:39.911 [EVENT] sock=2536 hEvent=00000994 events=0x21
2026-10-03 00:24:49.982 [EVENT] sock=2536 hEvent=00000994 events=0x0
2026-10-03 00:24:49.983 [EVENT] sock=2536 hEvent=00000994 events=0x21
2026-10-03 00:25:00.051 [EVENT] sock=2536 hEvent=00000994 events=0x0
2026-10-03 00:25:00.051 [EVENT] sock=2536 hEvent=00000994 events=0x21
2026-10-03 00:25:00.130 [EVENT] sock=2748 hEvent=00000A98 events=0x0
2026-10-03 00:25:00.130 [EVENT] sock=2748 hEvent=00000A98 events=0x21
2026-10-03 00:25:10.114 [EVENT] sock=2536 hEvent=00000994 events=0x0
2026-10-03 00:25:10.115 [EVENT] sock=2536 hEvent=00000994 events=0x21
2026-10-03 00:25:20.177 [EVENT] sock=2536 hEvent=00000994 events=0x0
2026-10-03 00:25:20.177 [EVENT] sock=2536 hEvent=00000994 events=0x21
2026-10-03 00:25:30.130 [EVENT] sock=2748 hEvent=00000A98 events=0x0
2026-10-03 00:25:30.130 [EVENT] sock=2748 hEvent=00000A98 events=0x21
2026-10-03 00:25:30.260 [EVENT] sock=2536 hEvent=00000994 events=0x0
2026-10-03 00:25:30.260 [EVENT] sock=2536 hEvent=00000994 events=0x21
2026-10-03 00:25:40.331 [EVENT] sock=2536 hEvent=00000994 events=0x0
2026-10-03 00:25:40.331 [EVENT] sock=2536 hEvent=00000994 events=0x21
2026-10-03 00:25:50.394 [EVENT] sock=2536 hEvent=00000994 events=0x0
2026-10-03 00:25:50.394 [EVENT] sock=2536 hEvent=00000994 events=0x21
2026-10-03 00:26:00.132 [EVENT] sock=2748 hEvent=00000A98 events=0x0
2026-10-03 00:26:00.132 [EVENT] sock=2748 hEvent=00000A98 events=0x21
2026-10-03 00:26:00.462 [EVENT] sock=2536 hEvent=00000994 events=0x0
2026-10-03 00:26:00.464 [EVENT] sock=2536 hEvent=00000994 events=0x21
2026-10-03 00:26:10.534 [EVENT] sock=2536 hEvent=00000994 events=0x0
2026-10-03 00:26:10.535 [EVENT] sock=2536 hEvent=00000994 events=0x21
2026-10-03 00:26:20.587 [EVENT] sock=2536 hEvent=00000994 events=0x0
2026-10-03 00:26:20.587 [EVENT] sock=2536 hEvent=00000994 events=0x21
2026-10-03 00:26:30.133 [EVENT] sock=2748 hEvent=00000A98 events=0x0
2026-10-03 00:26:30.133 [EVENT] sock=2748 hEvent=00000A98 events=0x21
2026-10-03 00:26:30.659 [EVENT] sock=2536 hEvent=00000994 events=0x0
2026-10-03 00:26:30.659 [EVENT] sock=2536 hEvent=00000994 events=0x21
2026-10-03 00:26:40.726 [EVENT] sock=2536 hEvent=00000994 events=0x0
2026-10-03 00:26:40.726 [EVENT] sock=2536 hEvent=00000994 events=0x21
2026-10-03 00:26:50.790 [EVENT] sock=2536 hEvent=00000994 events=0x0
2026-10-03 00:26:50.791 [EVENT] sock=2536 hEvent=00000994 events=0x21
2026-10-03 00:27:00.133 [EVENT] sock=2748 hEvent=00000A98 events=0x0
2026-10-03 00:27:00.133 [EVENT] sock=2748 hEvent=00000A98 events=0x21
2026-10-03 00:27:00.856 [EVENT] sock=2536 hEvent=00000994 events=0x0
2026-10-03 00:27:00.856 [EVENT] sock=2536 hEvent=00000994 events=0x21
2026-10-03 00:27:10.921 [EVENT] sock=2536 hEvent=00000994 events=0x0
2026-10-03 00:27:10.921 [EVENT] sock=2536 hEvent=00000994 events=0x21
2026-10-03 00:27:20.975 [EVENT] sock=2536 hEvent=00000994 events=0x0
2026-10-03 00:27:20.975 [EVENT] sock=2536 hEvent=00000994 events=0x21
2026-10-03 00:27:30.133 [EVENT] sock=2748 hEvent=00000A98 events=0x0
2026-10-03 00:27:30.133 [EVENT] sock=2748 hEvent=00000A98 events=0x21
2026-10-03 00:27:31.041 [EVENT] sock=2536 hEvent=00000994 events=0x0
2026-10-03 00:27:31.042 [EVENT] sock=2536 hEvent=00000994 events=0x21
2026-10-03 00:27:41.107 [EVENT] sock=2536 hEvent=00000994 events=0x0
2026-10-03 00:27:41.107 [EVENT] sock=2536 hEvent=00000994 events=0x21
2026-10-03 00:27:51.191 [EVENT] sock=2536 hEvent=00000994 events=0x0
2026-10-03 00:27:51.192 [EVENT] sock=2536 hEvent=00000994 events=0x21
2026-10-03 00:28:00.134 [EVENT] sock=2748 hEvent=00000A98 events=0x0
2026-10-03 00:28:00.134 [EVENT] sock=2748 hEvent=00000A98 events=0x21
2026-10-03 00:28:01.259 [EVENT] sock=2536 hEvent=00000994 events=0x0
2026-10-03 00:28:01.259 [EVENT] sock=2536 hEvent=00000994 events=0x21
2026-10-03 00:28:11.323 [EVENT] sock=2536 hEvent=00000994 events=0x0
2026-10-03 00:28:11.324 [EVENT] sock=2536 hEvent=00000994 events=0x21
2026-10-03 00:28:21.392 [EVENT] sock=2536 hEvent=00000994 events=0x0
2026-10-03 00:28:21.394 [EVENT] sock=2536 hEvent=00000994 events=0x21
2026-10-03 00:28:30.134 [EVENT] sock=2748 hEvent=00000A98 events=0x0
2026-10-03 00:28:30.134 [EVENT] sock=2748 hEvent=00000A98 events=0x21
2026-10-03 00:28:31.459 [EVENT] sock=2536 hEvent=00000994 events=0x0
2026-10-03 00:28:31.460 [EVENT] sock=2536 hEvent=00000994 events=0x21
2026-10-03 00:28:41.535 [EVENT] sock=2536 hEvent=00000994 events=0x0
2026-10-03 00:28:41.535 [EVENT] sock=2536 hEvent=00000994 events=0x21
2026-10-03 00:28:51.634 [EVENT] sock=2536 hEvent=00000994 events=0x0
2026-10-03 00:28:51.634 [EVENT] sock=2536 hEvent=00000994 events=0x21
2026-10-03 00:29:00.135 [EVENT] sock=2748 hEvent=00000A98 events=0x0
2026-10-03 00:29:00.135 [EVENT] sock=2748 hEvent=00000A98 events=0x21
2026-10-03 00:29:01.699 [EVENT] sock=2536 hEvent=00000994 events=0x0
2026-10-03 00:29:01.700 [EVENT] sock=2536 hEvent=00000994 events=0x21
2026-10-03 00:29:11.766 [EVENT] sock=2536 hEvent=00000994 events=0x0
2026-10-03 00:29:11.766 [EVENT] sock=2536 hEvent=00000994 events=0x21
2026-10-03 00:29:21.838 [EVENT] sock=2536 hEvent=00000994 events=0x0
2026-10-03 00:29:21.838 [EVENT] sock=2536 hEvent=00000994 events=0x21
2026-10-03 00:29:30.136 [EVENT] sock=2748 hEvent=00000A98 events=0x0
2026-10-03 00:29:30.136 [EVENT] sock=2748 hEvent=00000A98 events=0x21
2026-10-03 00:29:31.895 [EVENT] sock=2536 hEvent=00000994 events=0x0
2026-10-03 00:29:31.895 [EVENT] sock=2536 hEvent=00000994 events=0x21
2026-10-03 00:29:41.971 [EVENT] sock=2536 hEvent=00000994 events=0x0
2026-10-03 00:29:41.971 [EVENT] sock=2536 hEvent=00000994 events=0x21
2026-10-03 00:29:52.034 [EVENT] sock=2536 hEvent=00000994 events=0x0
2026-10-03 00:29:52.035 [EVENT] sock=2536 hEvent=00000994 events=0x21
2026-10-03 00:30:00.137 [EVENT] sock=2748 hEvent=00000A98 events=0x0
2026-10-03 00:30:00.138 [EVENT] sock=2748 hEvent=00000A98 events=0x21
2026-10-03 00:30:02.090 [EVENT] sock=2536 hEvent=00000994 events=0x0
2026-10-03 00:30:02.091 [EVENT] sock=2536 hEvent=00000994 events=0x21
2026-10-03 00:30:12.156 [EVENT] sock=2536 hEvent=00000994 events=0x0
2026-10-03 00:30:12.156 [EVENT] sock=2536 hEvent=00000994 events=0x21
2026-10-03 00:30:22.223 [EVENT] sock=2536 hEvent=00000994 events=0x0
2026-10-03 00:30:22.225 [EVENT] sock=2536 hEvent=00000994 events=0x21
2026-10-03 00:30:30.138 [EVENT] sock=2748 hEvent=00000A98 events=0x0
2026-10-03 00:30:30.138 [EVENT] sock=2748 hEvent=00000A98 events=0x21
2026-10-03 00:30:32.291 [EVENT] sock=2536 hEvent=00000994 events=0x0
2026-10-03 00:30:32.291 [EVENT] sock=2536 hEvent=00000994 events=0x21
2026-10-03 00:30:42.366 [EVENT] sock=2536 hEvent=00000994 events=0x0
2026-10-03 00:30:42.366 [EVENT] sock=2536 hEvent=00000994 events=0x21
2026-10-03 00:30:52.444 [EVENT] sock=2536 hEvent=00000994 events=0x0
2026-10-03 00:30:52.444 [EVENT] sock=2536 hEvent=00000994 events=0x21
2026-10-03 00:31:00.139 [EVENT] sock=2748 hEvent=00000A98 events=0x0
2026-10-03 00:31:00.139 [EVENT] sock=2748 hEvent=00000A98 events=0x21
2026-10-03 00:31:02.520 [EVENT] sock=2536 hEvent=00000994 events=0x0
2026-10-03 00:31:02.521 [EVENT] sock=2536 hEvent=00000994 events=0x21
2026-10-03 00:31:12.597 [EVENT] sock=2536 hEvent=00000994 events=0x0
2026-10-03 00:31:12.597 [EVENT] sock=2536 hEvent=00000994 events=0x21
2026-10-03 00:31:22.663 [EVENT] sock=2536 hEvent=00000994 events=0x0
2026-10-03 00:31:22.664 [EVENT] sock=2536 hEvent=00000994 events=0x21
2026-10-03 00:31:30.140 [EVENT] sock=2748 hEvent=00000A98 events=0x0
2026-10-03 00:31:30.140 [EVENT] sock=2748 hEvent=00000A98 events=0x21
2026-10-03 00:31:32.732 [EVENT] sock=2536 hEvent=00000994 events=0x0
2026-10-03 00:31:32.735 [EVENT] sock=2536 hEvent=00000994 events=0x21
2026-10-03 00:31:42.798 [EVENT] sock=2536 hEvent=00000994 events=0x0
2026-10-03 00:31:42.799 [EVENT] sock=2536 hEvent=00000994 events=0x21
2026-10-03 00:31:53.047 [EVENT] sock=2536 hEvent=00000994 events=0x0
2026-10-03 00:31:53.047 [EVENT] sock=2536 hEvent=00000994 events=0x21
2026-10-03 00:32:00.140 [EVENT] sock=2748 hEvent=00000A98 events=0x0
2026-10-03 00:32:00.140 [EVENT] sock=2748 hEvent=00000A98 events=0x21
2026-10-03 00:32:03.116 [EVENT] sock=2536 hEvent=00000994 events=0x0
2026-10-03 00:32:03.117 [EVENT] sock=2536 hEvent=00000994 events=0x21
2026-10-03 00:32:13.181 [EVENT] sock=2536 hEvent=00000994 events=0x0
2026-10-03 00:32:13.182 [EVENT] sock=2536 hEvent=00000994 events=0x21
2026-10-03 00:32:23.246 [EVENT] sock=2536 hEvent=00000994 events=0x0
2026-10-03 00:32:23.246 [EVENT] sock=2536 hEvent=00000994 events=0x21
2026-10-03 00:32:30.142 [EVENT] sock=2748 hEvent=00000A98 events=0x0
2026-10-03 00:32:30.142 [EVENT] sock=2748 hEvent=00000A98 events=0x21
2026-10-03 00:32:33.845 [EVENT] sock=2536 hEvent=00000994 events=0x0
2026-10-03 00:32:33.846 [EVENT] sock=2536 hEvent=00000994 events=0x21
2026-10-03 00:32:43.916 [EVENT] sock=2536 hEvent=00000994 events=0x0
2026-10-03 00:32:43.916 [EVENT] sock=2536 hEvent=00000994 events=0x21
2026-10-03 00:32:53.980 [EVENT] sock=2536 hEvent=00000994 events=0x0
2026-10-03 00:32:53.980 [EVENT] sock=2536 hEvent=00000994 events=0x21
2026-10-03 00:33:00.143 [EVENT] sock=2748 hEvent=00000A98 events=0x0
2026-10-03 00:33:00.143 [EVENT] sock=2748 hEvent=00000A98 events=0x21
2026-10-03 00:33:04.054 [EVENT] sock=2536 hEvent=00000994 events=0x0
2026-10-03 00:33:04.054 [EVENT] sock=2536 hEvent=00000994 events=0x21
2026-10-03 00:33:14.118 [EVENT] sock=2536 hEvent=00000994 events=0x0
2026-10-03 00:33:14.118 [EVENT] sock=2536 hEvent=00000994 events=0x21
2026-10-03 00:33:24.183 [EVENT] sock=2536 hEvent=00000994 events=0x0
2026-10-03 00:33:24.184 [EVENT] sock=2536 hEvent=00000994 events=0x21
2026-10-03 00:33:30.143 [EVENT] sock=2748 hEvent=00000A98 events=0x0
2026-10-03 00:33:30.143 [EVENT] sock=2748 hEvent=00000A98 events=0x21
2026-10-03 00:33:34.253 [EVENT] sock=2536 hEvent=00000994 events=0x0
2026-10-03 00:33:34.253 [EVENT] sock=2536 hEvent=00000994 events=0x21
2026-10-03 00:33:46.258 [EVENT] sock=2536 hEvent=00000994 events=0x0
2026-10-03 00:33:46.259 [EVENT] sock=2536 hEvent=00000994 events=0x21
2026-10-03 00:33:56.436 [EVENT] sock=2536 hEvent=00000994 events=0x0
2026-10-03 00:33:56.436 [EVENT] sock=2536 hEvent=00000994 events=0x21
2026-10-03 00:34:00.145 [EVENT] sock=2748 hEvent=00000A98 events=0x0
2026-10-03 00:34:00.145 [EVENT] sock=2748 hEvent=00000A98 events=0x21
2026-10-03 00:34:06.508 [EVENT] sock=2536 hEvent=00000994 events=0x0
2026-10-03 00:34:06.509 [EVENT] sock=2536 hEvent=00000994 events=0x21
2026-10-03 00:34:16.579 [EVENT] sock=2536 hEvent=00000994 events=0x0
2026-10-03 00:34:16.579 [EVENT] sock=2536 hEvent=00000994 events=0x21
2026-10-03 00:34:26.653 [EVENT] sock=2536 hEvent=00000994 events=0x0
2026-10-03 00:34:26.653 [EVENT] sock=2536 hEvent=00000994 events=0x21
2026-10-03 00:34:30.146 [EVENT] sock=2748 hEvent=00000A98 events=0x0
2026-10-03 00:34:30.148 [EVENT] sock=2748 hEvent=00000A98 events=0x21
2026-10-03 00:34:36.727 [EVENT] sock=2536 hEvent=00000994 events=0x0
2026-10-03 00:34:36.728 [EVENT] sock=2536 hEvent=00000994 events=0x21
2026-10-03 00:34:46.787 [EVENT] sock=2536 hEvent=00000994 events=0x0
2026-10-03 00:34:46.788 [EVENT] sock=2536 hEvent=00000994 events=0x21
2026-10-03 00:34:56.856 [EVENT] sock=2536 hEvent=00000994 events=0x0
2026-10-03 00:34:56.857 [EVENT] sock=2536 hEvent=00000994 events=0x21
2026-10-03 00:35:00.149 [EVENT] sock=2748 hEvent=00000A98 events=0x0
2026-10-03 00:35:00.149 [EVENT] sock=2748 hEvent=00000A98 events=0x21
2026-10-03 00:35:06.936 [EVENT] sock=2536 hEvent=00000994 events=0x0
2026-10-03 00:35:06.936 [EVENT] sock=2536 hEvent=00000994 events=0x21
2026-10-03 00:35:17.004 [EVENT] sock=2536 hEvent=00000994 events=0x0
2026-10-03 00:35:17.004 [EVENT] sock=2536 hEvent=00000994 events=0x21
2026-10-03 00:35:17.602 [PIPE] controller connected
2026-10-03 00:35:27.079 [EVENT] sock=2536 hEvent=00000994 events=0x0
2026-10-03 00:35:27.079 [EVENT] sock=2536 hEvent=00000994 events=0x21
2026-10-03 00:35:30.149 [EVENT] sock=2748 hEvent=00000A98 events=0x0
2026-10-03 00:35:30.150 [EVENT] sock=2748 hEvent=00000A98 events=0x21
2026-10-03 00:35:37.303 [EVENT] sock=2536 hEvent=00000994 events=0x0
2026-10-03 00:35:37.303 [EVENT] sock=2536 hEvent=00000994 events=0x21
2026-10-03 00:35:41.702 [PIPE] controller disconnected
2026-10-03 00:35:47.373 [EVENT] sock=2536 hEvent=00000994 events=0x0
2026-10-03 00:35:47.373 [EVENT] sock=2536 hEvent=00000994 events=0x21
2026-10-03 00:35:57.428 [EVENT] sock=2536 hEvent=00000994 events=0x0
2026-10-03 00:35:57.429 [EVENT] sock=2536 hEvent=00000994 events=0x21
2026-10-03 00:36:00.152 [EVENT] sock=2748 hEvent=00000A98 events=0x0
2026-10-03 00:36:00.152 [EVENT] sock=2748 hEvent=00000A98 events=0x21
2026-10-03 00:36:07.503 [EVENT] sock=2536 hEvent=00000994 events=0x0
2026-10-03 00:36:07.503 [EVENT] sock=2536 hEvent=00000994 events=0x21
2026-10-03 00:36:17.569 [EVENT] sock=2536 hEvent=00000994 events=0x0
2026-10-03 00:36:17.569 [EVENT] sock=2536 hEvent=00000994 events=0x21
2026-10-03 00:36:27.635 [EVENT] sock=2536 hEvent=00000994 events=0x0
2026-10-03 00:36:27.635 [EVENT] sock=2536 hEvent=00000994 events=0x21
2026-10-03 00:36:30.153 [EVENT] sock=2748 hEvent=00000A98 events=0x0
2026-10-03 00:36:30.153 [EVENT] sock=2748 hEvent=00000A98 events=0x21
2026-10-03 00:36:37.707 [EVENT] sock=2536 hEvent=00000994 events=0x0
2026-10-03 00:36:37.708 [EVENT] sock=2536 hEvent=00000994 events=0x21
2026-10-03 00:36:40.029 [PIPE] controller connected
2026-10-03 00:36:47.769 [EVENT] sock=2536 hEvent=00000994 events=0x0
2026-10-03 00:36:47.771 [EVENT] sock=2536 hEvent=00000994 events=0x21
2026-10-03 00:36:57.850 [EVENT] sock=2536 hEvent=00000994 events=0x0
2026-10-03 00:36:57.850 [EVENT] sock=2536 hEvent=00000994 events=0x21
2026-10-03 00:37:00.154 [EVENT] sock=2748 hEvent=00000A98 events=0x0
2026-10-03 00:37:00.154 [EVENT] sock=2748 hEvent=00000A98 events=0x21
2026-10-03 00:37:04.266 [EVENT] sock=2748 hEvent=00000A98 events=0x0
2026-10-03 00:37:04.266 [EVENT] sock=2748 hEvent=00000A98 events=0x21
2026-10-03 00:37:09.658 [EVENT] sock=2536 hEvent=00000994 events=0x0
2026-10-03 00:37:09.659 [EVENT] sock=2536 hEvent=00000994 events=0x21
2026-10-03 00:37:11.700 [EVENT] sock=2536 hEvent=00000994 events=0x0
2026-10-03 00:37:11.700 [EVENT] sock=2536 hEvent=00000994 events=0x21
2026-10-03 00:37:12.680 [EVENT] sock=2536 hEvent=00000994 events=0x0
2026-10-03 00:37:12.680 [EVENT] sock=2536 hEvent=00000994 events=0x21
2026-10-03 00:37:15.590 [QUESTION] {"type":"question","sock":2536,"qno":15,"field_a":83,"stem":"太阳是一颗自己能发热发光的星，它属于？","options":["1、恒星","2、正能量","3、烤肉用具","4、黑洞"]}
2026-10-03 00:37:15.590 [UPGRADE] sock 2536 upgraded to filtered mode at clean frame boundary
2026-10-03 00:37:16.470 [MODE] sock=2536 filtered (len=4 flags=0)
2026-10-03 00:37:16.592 [UI] auto dump on question qno=15
2026-10-03 00:37:16.593 [UI] ---- window dump begin (pid 14680) ----
2026-10-03 00:37:16.604 [UI] TOP=00080AB6 vis=1 cls=ATL:0062F210 rc=(-9,22,1031,829) title=什么什么大冒险2(①逍遥村敬老院)-自由五号_Sep 24 2026《什么什么大冒险》制作委员会QQ群:515616289
2026-10-03 00:37:16.607 [UI] TOP=0072096C vis=0 cls=DIEmWin rc=(-1,-1,135,38) title=DIEmWin
2026-10-03 00:37:16.620 [UI] TOP=00080ADE vis=0 cls=MSCTFIME UI rc=(0,0,0,0) title=MSCTFIME UI
2026-10-03 00:37:16.637 [UI] TOP=000B083A vis=0 cls=IME rc=(0,0,0,0) title=Default IME
2026-10-03 00:37:16.637 [UI] TOP=001C0A8C vis=0 cls=IME rc=(0,0,0,0) title=Default IME
2026-10-03 00:37:16.637 [UI] ---- window dump end ----
2026-10-03 00:37:19.332 [SEND-ANSWER] qno=15 opt=0 ret=13 sock=2536
2026-10-03 00:37:19.381 [SYS] 测试通过！
2026-10-03 00:37:19.473 [SYS] 获得了#00FF00#100#FFF692#金币
2026-10-03 00:37:19.473 [CURRENCY] a=201747 b=286434
2026-10-03 00:37:21.820 [EVENT] sock=2536 hEvent=00000994 events=0x0
2026-10-03 00:37:21.820 [OUT] 1F51 inv=FFFF len=4 #1 ffff511f
2026-10-03 00:37:21.820 [EVENT] sock=2536 hEvent=00000994 events=0x21
2026-10-03 00:37:22.731 [SETTLE] exp=3246 gold=201747 len=393
2026-10-03 00:37:30.154 [EVENT] sock=2748 hEvent=00000A98 events=0x0
2026-10-03 00:37:30.154 [EVENT] sock=2748 hEvent=00000A98 events=0x21
2026-10-03 00:37:30.967 [EVENT] sock=2536 hEvent=00000994 events=0x0
2026-10-03 00:37:30.967 [OUT] 1F51 inv=FFFF len=4 #2 ffff511f
2026-10-03 00:37:30.967 [EVENT] sock=2536 hEvent=00000994 events=0x21
2026-10-03 00:37:31.949 [EVENT] sock=2536 hEvent=00000994 events=0x0
2026-10-03 00:37:31.949 [OUT] 1001 inv=FFF9 len=10 #1 f9ff01101f805b64510b
2026-10-03 00:37:31.949 [EVENT] sock=2536 hEvent=00000994 events=0x21
2026-10-03 00:37:41.036 [EVENT] sock=2536 hEvent=00000994 events=0x0
2026-10-03 00:37:41.036 [OUT] 1F51 inv=FFFF len=4 #3 ffff511f
2026-10-03 00:37:41.036 [EVENT] sock=2536 hEvent=00000994 events=0x21
2026-10-03 00:37:49.997 [SETTLE] exp=3996 gold=201747 len=393
2026-10-03 00:37:57.198 [EVENT] sock=2536 hEvent=00000994 events=0x0
2026-10-03 00:37:57.198 [OUT] 1F51 inv=FFFF len=4 #4 ffff511f
2026-10-03 00:37:57.198 [EVENT] sock=2536 hEvent=00000994 events=0x21
2026-10-03 00:37:58.169 [EVENT] sock=2536 hEvent=00000994 events=0x0
2026-10-03 00:37:58.169 [OUT] 1001 inv=FFF9 len=10 #2 f9ff01101f805b64510b
2026-10-03 00:37:58.169 [EVENT] sock=2536 hEvent=00000994 events=0x21
2026-10-03 00:38:00.155 [EVENT] sock=2748 hEvent=00000A98 events=0x0
2026-10-03 00:38:00.155 [EVENT] sock=2748 hEvent=00000A98 events=0x21
2026-10-03 00:38:07.307 [EVENT] sock=2536 hEvent=00000994 events=0x0
2026-10-03 00:38:07.307 [OUT] 1F51 inv=FFFF len=4 #5 ffff511f
2026-10-03 00:38:07.307 [EVENT] sock=2536 hEvent=00000994 events=0x21
2026-10-03 00:38:10.948 [EVENT] sock=2536 hEvent=00000994 events=0x0
2026-10-03 00:38:10.949 [OUT] 1F04 inv=FFF6 len=13 #1 f6ff041fce1f805ba9510bdce8
2026-10-03 00:38:10.949 [EVENT] sock=2536 hEvent=00000994 events=0x21
2026-10-03 00:38:12.680 [SETTLE] exp=3480 gold=201747 len=403
2026-10-03 00:38:16.855 [EVENT] sock=2536 hEvent=00000994 events=0x0
2026-10-03 00:38:16.856 [EVENT] sock=2536 hEvent=00000994 events=0x21
2026-10-03 00:38:17.846 [EVENT] sock=2536 hEvent=00000994 events=0x0
2026-10-03 00:38:17.846 [OUT] 1001 inv=FFF9 len=10 #3 f9ff01101f805b64510b
2026-10-03 00:38:17.846 [EVENT] sock=2536 hEvent=00000994 events=0x21
2026-10-03 00:38:26.986 [EVENT] sock=2536 hEvent=00000994 events=0x0
2026-10-03 00:38:26.987 [EVENT] sock=2536 hEvent=00000994 events=0x21
2026-10-03 00:38:30.156 [EVENT] sock=2748 hEvent=00000A98 events=0x0
2026-10-03 00:38:30.156 [EVENT] sock=2748 hEvent=00000A98 events=0x21
2026-10-03 00:38:32.347 [SETTLE] exp=3912 gold=201747 len=403
2026-10-03 00:38:40.563 [EVENT] sock=2536 hEvent=00000994 events=0x0
2026-10-03 00:38:40.565 [EVENT] sock=2536 hEvent=00000994 events=0x21
2026-10-03 00:38:41.491 [EVENT] sock=2536 hEvent=00000994 events=0x0
2026-10-03 00:38:41.491 [OUT] 1001 inv=FFF9 len=10 #4 f9ff01101f805b64510b
2026-10-03 00:38:41.491 [EVENT] sock=2536 hEvent=00000994 events=0x21
2026-10-03 00:38:50.633 [EVENT] sock=2536 hEvent=00000994 events=0x0
2026-10-03 00:38:50.633 [EVENT] sock=2536 hEvent=00000994 events=0x21
2026-10-03 00:38:54.740 [SETTLE] exp=3092 gold=201747 len=403
2026-10-03 00:39:00.157 [EVENT] sock=2748 hEvent=00000A98 events=0x0
2026-10-03 00:39:00.157 [EVENT] sock=2748 hEvent=00000A98 events=0x21
2026-10-03 00:39:01.933 [EVENT] sock=2536 hEvent=00000994 events=0x0
2026-10-03 00:39:01.934 [EVENT] sock=2536 hEvent=00000994 events=0x21
2026-10-03 00:39:02.917 [EVENT] sock=2536 hEvent=00000994 events=0x0
2026-10-03 00:39:02.918 [OUT] 1001 inv=FFF9 len=10 #5 f9ff01101f805b64510b
2026-10-03 00:39:02.918 [EVENT] sock=2536 hEvent=00000994 events=0x21
2026-10-03 00:39:12.061 [EVENT] sock=2536 hEvent=00000994 events=0x0
2026-10-03 00:39:12.062 [EVENT] sock=2536 hEvent=00000994 events=0x21
2026-10-03 00:39:18.565 [SETTLE] exp=4438 gold=201747 len=403
2026-10-03 00:39:22.752 [EVENT] sock=2536 hEvent=00000994 events=0x0
2026-10-03 00:39:22.752 [EVENT] sock=2536 hEvent=00000994 events=0x21
2026-10-03 00:39:23.739 [EVENT] sock=2536 hEvent=00000994 events=0x0
2026-10-03 00:39:23.739 [EVENT] sock=2536 hEvent=00000994 events=0x21
2026-10-03 00:39:30.157 [EVENT] sock=2748 hEvent=00000A98 events=0x0
2026-10-03 00:39:30.157 [EVENT] sock=2748 hEvent=00000A98 events=0x21
2026-10-03 00:39:32.933 [EVENT] sock=2536 hEvent=00000994 events=0x0
2026-10-03 00:39:32.933 [EVENT] sock=2536 hEvent=00000994 events=0x21
2026-10-03 00:39:42.288 [SETTLE] exp=5668 gold=201747 len=403
2026-10-03 00:39:50.487 [EVENT] sock=2536 hEvent=00000994 events=0x0
2026-10-03 00:39:50.489 [EVENT] sock=2536 hEvent=00000994 events=0x21
2026-10-03 00:39:51.442 [EVENT] sock=2536 hEvent=00000994 events=0x0
2026-10-03 00:39:51.443 [EVENT] sock=2536 hEvent=00000994 events=0x21
2026-10-03 00:40:00.157 [EVENT] sock=2748 hEvent=00000A98 events=0x0
2026-10-03 00:40:00.157 [EVENT] sock=2748 hEvent=00000A98 events=0x21
2026-10-03 00:40:00.555 [EVENT] sock=2536 hEvent=00000994 events=0x0
2026-10-03 00:40:00.555 [EVENT] sock=2536 hEvent=00000994 events=0x21
2026-10-03 00:40:04.185 [SETTLE] exp=3542 gold=201747 len=393
2026-10-03 00:40:12.423 [EVENT] sock=2536 hEvent=00000994 events=0x0
2026-10-03 00:40:12.423 [EVENT] sock=2536 hEvent=00000994 events=0x21
2026-10-03 00:40:13.405 [EVENT] sock=2536 hEvent=00000994 events=0x0
2026-10-03 00:40:13.405 [EVENT] sock=2536 hEvent=00000994 events=0x21
2026-10-03 00:40:22.515 [EVENT] sock=2536 hEvent=00000994 events=0x0
2026-10-03 00:40:22.516 [EVENT] sock=2536 hEvent=00000994 events=0x21
2026-10-03 00:40:26.105 [SETTLE] exp=4060 gold=201747 len=393
2026-10-03 00:40:30.158 [EVENT] sock=2748 hEvent=00000A98 events=0x0
2026-10-03 00:40:30.158 [EVENT] sock=2748 hEvent=00000A98 events=0x21
2026-10-03 00:40:34.323 [EVENT] sock=2536 hEvent=00000994 events=0x0
2026-10-03 00:40:34.323 [EVENT] sock=2536 hEvent=00000994 events=0x21
2026-10-03 00:40:35.287 [EVENT] sock=2536 hEvent=00000994 events=0x0
2026-10-03 00:40:35.287 [EVENT] sock=2536 hEvent=00000994 events=0x21
2026-10-03 00:40:44.390 [EVENT] sock=2536 hEvent=00000994 events=0x0
2026-10-03 00:40:44.390 [EVENT] sock=2536 hEvent=00000994 events=0x21
2026-10-03 00:40:52.011 [SETTLE] exp=4020 gold=201747 len=393
2026-10-03 00:40:52.103 [SYS] 获得了#00FF00#1#FFF692#个#64FF7D#碧玉葫芦
2026-10-03 00:40:52.103 [OP] 4020 inv=FFE7 len=24 #1 7c8052fa672bca8094ecfc0b91a7a32bca809564000b90fa
2026-10-03 00:40:52.119 [EVENT] sock=2536 hEvent=00000994 events=0x0
2026-10-03 00:40:52.119 [OUT] 0045 inv=FFF7 len=12 #1 f7ff4500510bdcfac02b1f80
2026-10-03 00:40:52.119 [EVENT] sock=2536 hEvent=00000994 events=0x21
2026-10-03 00:40:52.200 [OP] 4025 inv=FFF5 len=10 #1 c0533832c4df51ece2fa
2026-10-03 00:41:00.158 [EVENT] sock=2748 hEvent=00000A98 events=0x0
2026-10-03 00:41:00.158 [EVENT] sock=2748 hEvent=00000A98 events=0x21
2026-10-03 00:41:00.238 [EVENT] sock=2536 hEvent=00000994 events=0x0
2026-10-03 00:41:00.238 [EVENT] sock=2536 hEvent=00000994 events=0x21
2026-10-03 00:41:01.211 [EVENT] sock=2536 hEvent=00000994 events=0x0
2026-10-03 00:41:01.212 [EVENT] sock=2536 hEvent=00000994 events=0x21
2026-10-03 00:41:10.346 [EVENT] sock=2536 hEvent=00000994 events=0x0
2026-10-03 00:41:10.346 [EVENT] sock=2536 hEvent=00000994 events=0x21
2026-10-03 00:41:18.231 [SETTLE] exp=4230 gold=201747 len=393
2026-10-03 00:41:22.469 [EVENT] sock=2536 hEvent=00000994 events=0x0
2026-10-03 00:41:22.469 [EVENT] sock=2536 hEvent=00000994 events=0x21
2026-10-03 00:41:23.410 [EVENT] sock=2536 hEvent=00000994 events=0x0
2026-10-03 00:41:23.410 [EVENT] sock=2536 hEvent=00000994 events=0x21
2026-10-03 00:41:30.158 [EVENT] sock=2748 hEvent=00000A98 events=0x0
2026-10-03 00:41:30.158 [EVENT] sock=2748 hEvent=00000A98 events=0x21
2026-10-03 00:41:32.524 [EVENT] sock=2536 hEvent=00000994 events=0x0
2026-10-03 00:41:32.524 [EVENT] sock=2536 hEvent=00000994 events=0x21
2026-10-03 00:41:38.592 [SETTLE] exp=4020 gold=201747 len=403
2026-10-03 00:41:45.777 [EVENT] sock=2536 hEvent=00000994 events=0x0
2026-10-03 00:41:45.777 [EVENT] sock=2536 hEvent=00000994 events=0x21
2026-10-03 00:41:46.749 [EVENT] sock=2536 hEvent=00000994 events=0x0
2026-10-03 00:41:46.749 [EVENT] sock=2536 hEvent=00000994 events=0x21
2026-10-03 00:41:55.848 [EVENT] sock=2536 hEvent=00000994 events=0x0
2026-10-03 00:41:55.848 [EVENT] sock=2536 hEvent=00000994 events=0x21
2026-10-03 00:41:58.232 [SETTLE] exp=2986 gold=201747 len=403
2026-10-03 00:42:00.159 [EVENT] sock=2748 hEvent=00000A98 events=0x0
2026-10-03 00:42:00.160 [EVENT] sock=2748 hEvent=00000A98 events=0x21
2026-10-03 00:42:05.431 [EVENT] sock=2536 hEvent=00000994 events=0x0
2026-10-03 00:42:05.431 [EVENT] sock=2536 hEvent=00000994 events=0x21
2026-10-03 00:42:06.355 [EVENT] sock=2536 hEvent=00000994 events=0x0
2026-10-03 00:42:06.355 [EVENT] sock=2536 hEvent=00000994 events=0x21
2026-10-03 00:42:15.491 [EVENT] sock=2536 hEvent=00000994 events=0x0
2026-10-03 00:42:15.492 [EVENT] sock=2536 hEvent=00000994 events=0x21
2026-10-03 00:42:24.622 [SETTLE] exp=3688 gold=201747 len=403
2026-10-03 00:42:25.056 [OP] 4707 inv=FFF3 len=12 #1 875dad8041cdfc0b17faa32b
2026-10-03 00:42:25.149 [OP] 4612 inv=FFF7 len=8 #1 ca805b6412b252fa
2026-10-03 00:42:25.768 [OP] 4018 inv=FFF0 len=15 #1 d17a7f516d3e22a36d59f2946451b1
2026-10-03 00:42:28.605 [EVENT] sock=2536 hEvent=00000994 events=0x0
2026-10-03 00:42:28.606 [HB-OUT] op=0001 #1 len=4 sock=2536
2026-10-03 00:42:28.606 [EVENT] sock=2536 hEvent=00000994 events=0x21
2026-10-03 00:42:30.160 [EVENT] sock=2748 hEvent=00000A98 events=0x0
2026-10-03 00:42:30.160 [EVENT] sock=2748 hEvent=00000A98 events=0x21
2026-10-03 00:42:35.147 [EVENT] sock=2536 hEvent=00000994 events=0x0
2026-10-03 00:42:35.147 [EVENT] sock=2536 hEvent=00000994 events=0x21
2026-10-03 00:42:36.134 [EVENT] sock=2536 hEvent=00000994 events=0x0
2026-10-03 00:42:36.134 [EVENT] sock=2536 hEvent=00000994 events=0x21
2026-10-03 00:42:45.633 [EVENT] sock=2536 hEvent=00000994 events=0x0
2026-10-03 00:42:45.634 [EVENT] sock=2536 hEvent=00000994 events=0x21
2026-10-03 00:42:55.880 [EVENT] sock=2536 hEvent=00000994 events=0x0
2026-10-03 00:42:55.880 [EVENT] sock=2536 hEvent=00000994 events=0x21
2026-10-03 00:42:58.395 [SETTLE] exp=5536 gold=201747 len=393
2026-10-03 00:43:00.161 [EVENT] sock=2748 hEvent=00000A98 events=0x0
2026-10-03 00:43:00.162 [EVENT] sock=2748 hEvent=00000A98 events=0x21
2026-10-03 00:43:03.525 [EVENT] sock=2748 hEvent=00000A98 events=0x0
2026-10-03 00:43:03.525 [EVENT] sock=2748 hEvent=00000A98 events=0x21
2026-10-03 00:43:04.599 [EVENT] sock=2536 hEvent=00000994 events=0x0
2026-10-03 00:43:04.600 [EVENT] sock=2536 hEvent=00000994 events=0x21
2026-10-03 00:43:05.551 [EVENT] sock=2536 hEvent=00000994 events=0x0
2026-10-03 00:43:05.551 [EVENT] sock=2536 hEvent=00000994 events=0x21
2026-10-03 00:43:14.757 [EVENT] sock=2536 hEvent=00000994 events=0x0
2026-10-03 00:43:14.757 [EVENT] sock=2536 hEvent=00000994 events=0x21
2026-10-03 00:43:24.882 [EVENT] sock=2536 hEvent=00000994 events=0x0
2026-10-03 00:43:24.883 [EVENT] sock=2536 hEvent=00000994 events=0x21
2026-10-03 00:43:27.189 [SETTLE] exp=4560 gold=201747 len=393
2026-10-03 00:43:27.276 [OP] 40E1 inv=FFED len=18 #1 23ecfc0b6ffadb91ca809564580b6ffaf82b
2026-10-03 00:43:27.277 [OP] 40E0 inv=FED1 len=302 #1 7c8052fa0c4a1f805b64510bf9e8a32b1f805b64e7b1dcfaa32b1f8004f8510bdcfaa32b85035b64fc0bdcfa2d2b1f80fe64510b52faa32bad805b647c0bdcfaf52b1f80d264510b52faa32b6d805b64e6d0dcfa46531f80f764510bb8faa32b02aa5b64580bdcfa572b1f800d64510b8ffaa32b1f805b64510bdcfaa32b1f805b64510bdcfaa32b1f805b64430bdcfaa32b1f805b64510bdcfaa32b1f805b64
2026-10-03 00:43:27.277 [OP] 40E3 inv=FFDF len=32 #1 3b0e392ba5809464370b36fa812bec801264830be4fa572b69805c64970b6afa
2026-10-03 00:43:27.277 [OP] 40E2 inv=FFA7 len=88 #1 3b0e392b67809464370b6ffa6a2b62800adf830b2dc4202b9faac4647fec6ffa9753ca80a9df830b41c4392b4aaac36440ec8bfa76539d80a0dffd0bcec4fd2b33aa1c6421ec8bfaa7539d8010dfb20b55c4fd2b4caa9564
2026-10-03 00:43:27.302 [EVENT] sock=2536 hEvent=00000994 events=0x0
2026-10-03 00:43:27.303 [OUT] 0185 inv=FFF7 len=12 #1 f7ff8501dcfaa32bc8d97b81
2026-10-03 00:43:27.303 [EVENT] sock=2536 hEvent=00000994 events=0x21
2026-10-03 00:43:30.163 [EVENT] sock=2748 hEvent=00000A98 events=0x0
2026-10-03 00:43:30.163 [EVENT] sock=2748 hEvent=00000A98 events=0x21
2026-10-03 00:43:34.382 [EVENT] sock=2536 hEvent=00000994 events=0x0
2026-10-03 00:43:34.382 [EVENT] sock=2536 hEvent=00000994 events=0x21
2026-10-03 00:43:35.352 [EVENT] sock=2536 hEvent=00000994 events=0x0
2026-10-03 00:43:35.352 [EVENT] sock=2536 hEvent=00000994 events=0x21
2026-10-03 00:43:44.462 [EVENT] sock=2536 hEvent=00000994 events=0x0
2026-10-03 00:43:44.463 [EVENT] sock=2536 hEvent=00000994 events=0x21
2026-10-03 00:43:54.544 [EVENT] sock=2536 hEvent=00000994 events=0x0
2026-10-03 00:43:54.545 [EVENT] sock=2536 hEvent=00000994 events=0x21
2026-10-03 00:44:00.165 [EVENT] sock=2748 hEvent=00000A98 events=0x0
2026-10-03 00:44:00.167 [EVENT] sock=2748 hEvent=00000A98 events=0x21
2026-10-03 00:44:03.817 [SETTLE] exp=5742 gold=201747 len=393
2026-10-03 00:44:11.047 [EVENT] sock=2536 hEvent=00000994 events=0x0
2026-10-03 00:44:11.047 [EVENT] sock=2536 hEvent=00000994 events=0x21
2026-10-03 00:44:11.996 [EVENT] sock=2536 hEvent=00000994 events=0x0
2026-10-03 00:44:11.997 [EVENT] sock=2536 hEvent=00000994 events=0x21
2026-10-03 00:44:21.108 [EVENT] sock=2536 hEvent=00000994 events=0x0
2026-10-03 00:44:21.109 [EVENT] sock=2536 hEvent=00000994 events=0x21
2026-10-03 00:44:30.167 [EVENT] sock=2748 hEvent=00000A98 events=0x0
2026-10-03 00:44:30.167 [EVENT] sock=2748 hEvent=00000A98 events=0x21
2026-10-03 00:44:31.162 [EVENT] sock=2536 hEvent=00000994 events=0x0
2026-10-03 00:44:31.162 [EVENT] sock=2536 hEvent=00000994 events=0x21
2026-10-03 00:44:40.046 [SETTLE] exp=4790 gold=201747 len=393
2026-10-03 00:44:45.241 [EVENT] sock=2536 hEvent=00000994 events=0x0
2026-10-03 00:44:45.242 [EVENT] sock=2536 hEvent=00000994 events=0x21
2026-10-03 00:44:46.224 [EVENT] sock=2536 hEvent=00000994 events=0x0
2026-10-03 00:44:46.224 [EVENT] sock=2536 hEvent=00000994 events=0x21
2026-10-03 00:44:55.319 [EVENT] sock=2536 hEvent=00000994 events=0x0
2026-10-03 00:44:55.319 [EVENT] sock=2536 hEvent=00000994 events=0x21
2026-10-03 00:45:00.168 [EVENT] sock=2748 hEvent=00000A98 events=0x0
2026-10-03 00:45:00.168 [EVENT] sock=2748 hEvent=00000A98 events=0x21
2026-10-03 00:45:05.397 [EVENT] sock=2536 hEvent=00000994 events=0x0
2026-10-03 00:45:05.397 [EVENT] sock=2536 hEvent=00000994 events=0x21
2026-10-03 00:45:07.241 [SETTLE] exp=3962 gold=201747 len=393
2026-10-03 00:45:07.347 [OP] 40E6 inv=FFF3 len=12 #1 875dad80f5dd510bdcfaa32b
2026-10-03 00:45:07.347 [OP] 40E0 inv=FED1 len=302 #2 7c8052fa774a1f805b64510b05e8a32b1f805b6497b1dcfaa32b1f807ff8510bdcfaa32b85035b64fc0bdcfa2d2b1f80fe64510b52faa32bad805b647c0bdcfaf52b1f80d264510b52faa32b6d805b64afd0dcfa46531f80f764510bb8faa32b3faa5b64580bdcfa572b1f800d64510b8ffaa32b1f805b64510bdcfaa32b1f805b64510bdcfaa32b1f805b64430bdcfaa32b1f805b64510bdcfaa32b1f805b64
2026-10-03 00:45:07.347 [OP] 40E3 inv=FFDF len=32 #2 3b0e392ba58c5b64370b36fa812bec801264830be4fa572b69805c64970b6afa
2026-10-03 00:45:07.347 [OP] 40E2 inv=FFA7 len=88 #2 3b0e392b67800a64370b6ffa6a2b62800adf830b2dc4202b9faac4647fec6ffa9753ca80a9df830b41c4392b4aaac36440ec8bfa76539d80a0dffd0bcec4fd2b33aa1c6421ec8bfaa7539d8010dfb20b55c4fd2b4caa9564
2026-10-03 00:45:07.347 [OP] 4233 inv=FFFA len=5 #1 d17a7f510b
2026-10-03 00:45:07.347 [OP] 40F6 inv=FFEF len=16 #1 875dad809ff8510bdcfaa32b1f805c64
2026-10-03 00:45:07.347 [OP] 4232 inv=FF60 len=159 #1 3223d0dce0a32b1f4f5b645127dcfaa3de1f805b6f510bdc1c462b1f805b64510bdcfaa32b1f805b64510bdcfaa32b1f805b64510bdcfaa3a79d805b64510bdc63f82b1f805b6451e28bfaa32b1f805b41580bdcfaa32b1f567a64516f52faa30959805b15510bdc25a32b1fef5b6451c4dcfaa32ead805b14510bdcc5a32b1f445b64510bdcfaa32cd672eca2d661e2b05b931f805b64510bdcfaa32b1f80
2026-10-03 00:45:07.347 [OP] 4210 inv=FFF3 len=12 #2 ac0bdcfa662b1f8023ecfc0b
2026-10-03 00:45:07.360 [EVENT] sock=2536 hEvent=00000994 events=0x0
2026-10-03 00:45:07.360 [OUT] 0185 inv=FFF7 len=12 #2 f7ff8501dcfaa32bc8d97b81
2026-10-03 00:45:07.360 [EVENT] sock=2536 hEvent=00000994 events=0x21
2026-10-03 00:45:14.446 [EVENT] sock=2536 hEvent=00000994 events=0x0
2026-10-03 00:45:14.446 [EVENT] sock=2536 hEvent=00000994 events=0x21
2026-10-03 00:45:15.412 [EVENT] sock=2536 hEvent=00000994 events=0x0
2026-10-03 00:45:15.413 [EVENT] sock=2536 hEvent=00000994 events=0x21
2026-10-03 00:45:24.607 [EVENT] sock=2536 hEvent=00000994 events=0x0
2026-10-03 00:45:24.607 [EVENT] sock=2536 hEvent=00000994 events=0x21
2026-10-03 00:45:30.169 [EVENT] sock=2748 hEvent=00000A98 events=0x0
2026-10-03 00:45:30.169 [EVENT] sock=2748 hEvent=00000A98 events=0x21
2026-10-03 00:45:34.688 [EVENT] sock=2536 hEvent=00000994 events=0x0
2026-10-03 00:45:34.688 [EVENT] sock=2536 hEvent=00000994 events=0x21
2026-10-03 00:45:35.228 [SETTLE] exp=3440 gold=201747 len=393
2026-10-03 00:45:42.429 [EVENT] sock=2536 hEvent=00000994 events=0x0
2026-10-03 00:45:42.430 [EVENT] sock=2536 hEvent=00000994 events=0x21
2026-10-03 00:45:43.401 [EVENT] sock=2536 hEvent=00000994 events=0x0
2026-10-03 00:45:43.401 [EVENT] sock=2536 hEvent=00000994 events=0x21
2026-10-03 00:45:52.542 [EVENT] sock=2536 hEvent=00000994 events=0x0
2026-10-03 00:45:52.542 [EVENT] sock=2536 hEvent=00000994 events=0x21
2026-10-03 00:45:59.785 [SETTLE] exp=3004 gold=201747 len=393
2026-10-03 00:46:00.169 [EVENT] sock=2748 hEvent=00000A98 events=0x0
2026-10-03 00:46:00.169 [EVENT] sock=2748 hEvent=00000A98 events=0x21
2026-10-03 00:46:07.987 [EVENT] sock=2536 hEvent=00000994 events=0x0
2026-10-03 00:46:07.987 [EVENT] sock=2536 hEvent=00000994 events=0x21
2026-10-03 00:46:08.971 [EVENT] sock=2536 hEvent=00000994 events=0x0
2026-10-03 00:46:08.971 [EVENT] sock=2536 hEvent=00000994 events=0x21
2026-10-03 00:46:18.147 [EVENT] sock=2536 hEvent=00000994 events=0x0
2026-10-03 00:46:18.147 [EVENT] sock=2536 hEvent=00000994 events=0x21
2026-10-03 00:46:27.790 [SETTLE] exp=2836 gold=201747 len=393
2026-10-03 00:46:28.612 [EVENT] sock=2536 hEvent=00000994 events=0x0
2026-10-03 00:46:28.612 [HB-OUT] op=0001 #2 len=4 sock=2536
2026-10-03 00:46:28.612 [EVENT] sock=2536 hEvent=00000994 events=0x21
2026-10-03 00:46:30.170 [EVENT] sock=2748 hEvent=00000A98 events=0x0
2026-10-03 00:46:30.170 [EVENT] sock=2748 hEvent=00000A98 events=0x21
2026-10-03 00:46:36.199 [EVENT] sock=2536 hEvent=00000994 events=0x0
2026-10-03 00:46:36.200 [EVENT] sock=2536 hEvent=00000994 events=0x21
2026-10-03 00:46:37.188 [EVENT] sock=2536 hEvent=00000994 events=0x0
2026-10-03 00:46:37.188 [EVENT] sock=2536 hEvent=00000994 events=0x21
2026-10-03 00:46:46.268 [EVENT] sock=2536 hEvent=00000994 events=0x0
2026-10-03 00:46:46.268 [EVENT] sock=2536 hEvent=00000994 events=0x21
2026-10-03 00:46:56.334 [EVENT] sock=2536 hEvent=00000994 events=0x0
2026-10-03 00:46:56.334 [EVENT] sock=2536 hEvent=00000994 events=0x21
2026-10-03 00:47:00.171 [EVENT] sock=2748 hEvent=00000A98 events=0x0
2026-10-03 00:47:00.171 [EVENT] sock=2748 hEvent=00000A98 events=0x21
2026-10-03 00:47:05.785 [SETTLE] exp=3528 gold=201747 len=403
2026-10-03 00:47:14.051 [EVENT] sock=2536 hEvent=00000994 events=0x0
2026-10-03 00:47:14.051 [EVENT] sock=2536 hEvent=00000994 events=0x21
2026-10-03 00:47:14.992 [EVENT] sock=2536 hEvent=00000994 events=0x0
2026-10-03 00:47:14.992 [EVENT] sock=2536 hEvent=00000994 events=0x21
2026-10-03 00:47:24.121 [EVENT] sock=2536 hEvent=00000994 events=0x0
2026-10-03 00:47:24.121 [EVENT] sock=2536 hEvent=00000994 events=0x21
2026-10-03 00:47:30.172 [EVENT] sock=2748 hEvent=00000A98 events=0x0
2026-10-03 00:47:30.172 [EVENT] sock=2748 hEvent=00000A98 events=0x21
2026-10-03 00:47:34.182 [EVENT] sock=2536 hEvent=00000994 events=0x0
2026-10-03 00:47:34.184 [EVENT] sock=2536 hEvent=00000994 events=0x21
2026-10-03 00:47:34.947 [SETTLE] exp=2448 gold=201747 len=403
2026-10-03 00:47:39.149 [EVENT] sock=2536 hEvent=00000994 events=0x0
2026-10-03 00:47:39.150 [EVENT] sock=2536 hEvent=00000994 events=0x21
2026-10-03 00:47:40.102 [EVENT] sock=2536 hEvent=00000994 events=0x0
2026-10-03 00:47:40.102 [EVENT] sock=2536 hEvent=00000994 events=0x21
2026-10-03 00:47:49.321 [EVENT] sock=2536 hEvent=00000994 events=0x0
2026-10-03 00:47:49.321 [EVENT] sock=2536 hEvent=00000994 events=0x21
2026-10-03 00:47:59.384 [EVENT] sock=2536 hEvent=00000994 events=0x0
2026-10-03 00:47:59.385 [EVENT] sock=2536 hEvent=00000994 events=0x21
2026-10-03 00:48:00.172 [EVENT] sock=2748 hEvent=00000A98 events=0x0
2026-10-03 00:48:00.172 [EVENT] sock=2748 hEvent=00000A98 events=0x21
2026-10-03 00:48:04.048 [SETTLE] exp=3590 gold=201747 len=393
2026-10-03 00:48:04.141 [OP] 40E1 inv=FFED len=18 #2 23ecfc0b6ffadb91ca809564580b6ffaf82b
2026-10-03 00:48:04.141 [OP] 40E0 inv=FED1 len=302 #3 7c8052fa774a1f805b64510b05e8a32b1f805b6497b1dcfaa32b1f807ff8510bdcfaa32b85035b64fc0bdcfa2d2b1f80fe64510b52faa32bad805b647c0bdcfaf52b1f80d264510b52faa32b6d805b64afd0dcfa46531f80f764510bb8faa32b3faa5b64580bdcfa572b1f800d64510b8ffaa32b1f805b64510bdcfaa32b1f805b64510bdcfaa32b1f805b64430bdcfaa32b1f805b64510bdcfaa32b1f805b64
2026-10-03 00:48:04.141 [OP] 40E3 inv=FFDF len=32 #3 3b0e392ba5917a64370b36fa812bec801264830be4fa572b69805c64970b6afa
2026-10-03 00:48:04.141 [OP] 40E2 inv=FFA7 len=88 #3 3b0e392b67917a64370b6ffa6a2b62800adf830b2dc4202b9faac4647fec6ffa9753ca80a9df830b41c4392b4aaac36440ec8bfa76539d80a0dffd0bcec4fd2b33aa1c6421ec8bfaa7539d8010dfb20b55c4fd2b4caa9564
2026-10-03 00:48:04.162 [EVENT] sock=2536 hEvent=00000994 events=0x0
2026-10-03 00:48:04.162 [OUT] 0185 inv=FFF7 len=12 #3 f7ff8501dcfaa32bc8d97b81
2026-10-03 00:48:04.162 [EVENT] sock=2536 hEvent=00000994 events=0x21
2026-10-03 00:48:10.248 [EVENT] sock=2536 hEvent=00000994 events=0x0
2026-10-03 00:48:10.248 [EVENT] sock=2536 hEvent=00000994 events=0x21
2026-10-03 00:48:11.238 [EVENT] sock=2536 hEvent=00000994 events=0x0
2026-10-03 00:48:11.238 [EVENT] sock=2536 hEvent=00000994 events=0x21
2026-10-03 00:48:20.316 [EVENT] sock=2536 hEvent=00000994 events=0x0
2026-10-03 00:48:20.316 [EVENT] sock=2536 hEvent=00000994 events=0x21
2026-10-03 00:48:30.173 [EVENT] sock=2748 hEvent=00000A98 events=0x0
2026-10-03 00:48:30.173 [EVENT] sock=2748 hEvent=00000A98 events=0x21
2026-10-03 00:48:30.380 [EVENT] sock=2536 hEvent=00000994 events=0x0
2026-10-03 00:48:30.380 [EVENT] sock=2536 hEvent=00000994 events=0x21
2026-10-03 00:48:32.721 [SETTLE] exp=2598 gold=201747 len=393
2026-10-03 00:48:40.932 [EVENT] sock=2536 hEvent=00000994 events=0x0
2026-10-03 00:48:40.933 [EVENT] sock=2536 hEvent=00000994 events=0x21
2026-10-03 00:48:41.925 [EVENT] sock=2536 hEvent=00000994 events=0x0
2026-10-03 00:48:41.925 [EVENT] sock=2536 hEvent=00000994 events=0x21
2026-10-03 00:48:51.099 [EVENT] sock=2536 hEvent=00000994 events=0x0
2026-10-03 00:48:51.099 [EVENT] sock=2536 hEvent=00000994 events=0x21
2026-10-03 00:49:00.173 [EVENT] sock=2748 hEvent=00000A98 events=0x0
2026-10-03 00:49:00.173 [EVENT] sock=2748 hEvent=00000A98 events=0x21
2026-10-03 00:49:01.153 [EVENT] sock=2536 hEvent=00000994 events=0x0
2026-10-03 00:49:01.153 [EVENT] sock=2536 hEvent=00000994 events=0x21
2026-10-03 00:49:07.429 [SETTLE] exp=3094 gold=201747 len=403
2026-10-03 00:49:15.686 [EVENT] sock=2536 hEvent=00000994 events=0x0
2026-10-03 00:49:15.686 [EVENT] sock=2536 hEvent=00000994 events=0x21
2026-10-03 00:49:16.624 [EVENT] sock=2536 hEvent=00000994 events=0x0
2026-10-03 00:49:16.624 [EVENT] sock=2536 hEvent=00000994 events=0x21
2026-10-03 00:49:25.854 [EVENT] sock=2536 hEvent=00000994 events=0x0
2026-10-03 00:49:25.854 [EVENT] sock=2536 hEvent=00000994 events=0x21
2026-10-03 00:49:30.174 [EVENT] sock=2748 hEvent=00000A98 events=0x0
2026-10-03 00:49:30.174 [EVENT] sock=2748 hEvent=00000A98 events=0x21
2026-10-03 00:49:35.922 [EVENT] sock=2536 hEvent=00000994 events=0x0
2026-10-03 00:49:35.922 [EVENT] sock=2536 hEvent=00000994 events=0x21
2026-10-03 00:49:37.891 [SETTLE] exp=3032 gold=201747 len=393
2026-10-03 00:49:41.694 [OP] 4613 inv=FFC1 len=62 #1 ca29e5af58d5dc590193f6a3e9cd194f6fc4a6463041550758ec6fc4a32bcaaa9564f7b130f40253ab809464510b8bfaf82b1f7926b35c3828d7fb2b1f80
2026-10-03 00:49:41.694 [OP] 4612 inv=FFF7 len=8 #2 ca805b6412b252fa
2026-10-03 00:49:46.100 [EVENT] sock=2536 hEvent=00000994 events=0x0
2026-10-03 00:49:46.101 [EVENT] sock=2536 hEvent=00000994 events=0x21
2026-10-03 00:49:47.073 [EVENT] sock=2536 hEvent=00000994 events=0x0
2026-10-03 00:49:47.073 [EVENT] sock=2536 hEvent=00000994 events=0x21
2026-10-03 00:49:56.259 [EVENT] sock=2536 hEvent=00000994 events=0x0
2026-10-03 00:49:56.260 [EVENT] sock=2536 hEvent=00000994 events=0x21
2026-10-03 00:50:00.177 [EVENT] sock=2748 hEvent=00000A98 events=0x0
2026-10-03 00:50:00.177 [EVENT] sock=2748 hEvent=00000A98 events=0x21
2026-10-03 00:50:06.406 [EVENT] sock=2536 hEvent=00000994 events=0x0
2026-10-03 00:50:06.409 [EVENT] sock=2536 hEvent=00000994 events=0x21
2026-10-03 00:50:12.582 [SETTLE] exp=3378 gold=201747 len=393
2026-10-03 00:50:20.784 [CLOSE] main sock 2536 closed
2026-10-03 00:50:30.177 [EVENT] sock=2748 hEvent=00000A98 events=0x0
2026-10-03 00:50:30.177 [EVENT] sock=2748 hEvent=00000A98 events=0x21
2026-10-03 00:50:52.281 [EVENT] sock=2748 hEvent=00000A98 events=0x0
2026-10-03 00:50:52.282 [EVENT] sock=2748 hEvent=00000A98 events=0x21
2026-10-03 00:50:52.332 [NET-E] sock=2748 bypass r=-1 err=10058
2026-10-03 00:51:38.383 [CONNECT] sock 4040 -> port 8484
2026-10-03 00:51:38.444 [EVENT] sock=4040 hEvent=000006FC events=0x10
2026-10-03 00:51:38.444 [EVENT] sock=4040 hEvent=000006FC events=0x21
2026-10-03 00:51:38.445 [EVENT] sock=4040 hEvent=000006FC events=0x0
2026-10-03 00:51:38.445 [EVENT] sock=4040 hEvent=000006FC events=0x21
2026-10-03 00:51:38.784 [MODE] sock=4040 filtered (len=120 flags=0)
2026-10-03 00:51:38.784 [OP] 4002 inv=FF8B len=116 #1 95d88aabd3b0e4302e5b6f109412412876c5b041a0a88561d7defb75ac08fc1b40f4ac93875dad80c464510bfafaa32bccad5b6416ffdcfac4181f80f27a510b155a4e78c8d97b81510bdcfa732b1f805b64510bdcfaa32b98aa5b6451b3dcfaa399974dbe2e6b9661faa32b1f805b64510bdcfa
2026-10-03 00:51:41.700 [EVENT] sock=4040 hEvent=000006FC events=0x0
2026-10-03 00:51:41.700 [EVENT] sock=4040 hEvent=000006FC events=0x21
2026-10-03 00:51:41.771 [OP] 4014 inv=FFEA len=21 #1 0cca805bcd510bdc6db2e329cc9d9851bfe5c4a32b
2026-10-03 00:51:41.784 [CONNECT] sock 3956 -> port 8485
2026-10-03 00:51:41.831 [EVENT] sock=3956 hEvent=00000FF8 events=0x10
2026-10-03 00:51:41.832 [EVENT] sock=3956 hEvent=00000FF8 events=0x21
2026-10-03 00:51:41.832 [EVENT] sock=3956 hEvent=00000FF8 events=0x0
2026-10-03 00:51:41.832 [MAIN-SOCK] identified game world sock 3956 (WSASend op=F001)
2026-10-03 00:51:41.832 [OUT] F001 inv=FE5F len=260 #1 5ffe01f003caa32b9b87c4641e2e69746c45e50e5b64510bdcfaa32b1fe0c9e9850bdcfaa32b1f805b64510bdcfaa32b1f805b64510bdcfaa32b1f805b64510bdcfaa32b1f805b64510bdcfaa32b1f805b64510bdcfaa32b1f805b64510bdcfaa32b1f805b64510bdcfaa32b1f805b64510bdcfaa32b1f805b64510bdcfaa32b1f805b64510bdcfaa32b1f805b64510bdcfaa32b1f805b64510bdcfaa32b4a72c64de3672dec7685b0e3fce085f5e97ebf2cc641f71b7fa9b83ae4af45505b64510bdcfaa32b1f805b64510bdcfaa32b1f805b64510bdcfaa32b1f805b64510bdcfaa32b1f805b64510bdcfaa32b1f805b64510bdcfaa32b1f805b64510bdcfaa32b1f80
2026-10-03 00:51:41.832 [EVENT] sock=3956 hEvent=00000FF8 events=0x21
2026-10-03 00:51:41.952 [MODE] sock=3956 filtered (len=7168 flags=0)
2026-10-03 00:51:41.952 [NET-E] sock=3956 r=-1 err=10053
2026-10-03 00:51:41.952 [CLOSE] main sock 3956 closed
2026-10-03 00:51:41.953 [CONNECT] sock 3684 -> port 8485
2026-10-03 00:51:42.000 [EVENT] sock=3684 hEvent=000007EC events=0x10
2026-10-03 00:51:42.000 [EVENT] sock=3684 hEvent=000007EC events=0x21
2026-10-03 00:51:42.000 [EVENT] sock=3684 hEvent=000007EC events=0x0
2026-10-03 00:51:42.000 [MAIN-SOCK] identified game world sock 3684 (WSASend op=F001)
2026-10-03 00:51:42.000 [OUT] F001 inv=FE5F len=260 #2 5ffe01f003caa32b9b87c4641e2e69746c45e50e5b64510bdcfaa32b1fe0c9e9850bdcfaa32b1f805b64510bdcfaa32b1f805b64510bdcfaa32b1f805b64510bdcfaa32b1f805b64510bdcfaa32b1f805b64510bdcfaa32b1f805b64510bdcfaa32b1f805b64510bdcfaa32b1f805b64510bdcfaa32b1f805b64510bdcfaa32b1f805b64510bdcfaa32b1f805b64510bdcfaa32b1f805b64510bdcfaa32b4a72c64de3672dec7685b0e3fce085f5e97ebf2cc641f71b7fa9b83ae4af45505b64510bdcfaa32b1f805b64510bdcfaa32b1f805b64510bdcfaa32b1f805b64510bdcfaa32b1f805b64510bdcfaa32b1f805b64510bdcfaa32b1f805b64510bdcfaa32b1f80
2026-10-03 00:51:42.000 [EVENT] sock=3684 hEvent=000007EC events=0x21
2026-10-03 00:51:42.121 [MODE] sock=3684 filtered (len=84 flags=0)
2026-10-03 00:51:42.121 [OP] E001 inv=FFAF len=80 #1 580be8a3bc2b1f80b77cb9b3ebffc88a0c5c5a4da476a3a1c95ee6c51d4d2439242070384597fb57d5b3bf5f24463e3bd83d1e2e69746c45e50ebb98573976a251375843c56451666ffaa32bfd805b64
2026-10-03 00:51:42.132 [EVENT] sock=3684 hEvent=000007EC events=0x0
2026-10-03 00:51:42.132 [OUT] F041 inv=FFE7 len=28 #1 e7ff41f0ed3572a4b607854d1f805b64510bdcfaa371ed60e86d5a0b
2026-10-03 00:51:42.132 [EVENT] sock=3684 hEvent=000007EC events=0x21
2026-10-03 00:51:42.132 [EVENT] sock=3684 hEvent=000007EC events=0x0
2026-10-03 00:51:42.132 [OUT] F003 inv=FFF7 len=12 #1 f7ff03f0cd9c566490d7b5d3
2026-10-03 00:51:42.132 [EVENT] sock=3684 hEvent=000007EC events=0x21
2026-10-03 00:51:42.179 [OP] E062 inv=FFCD len=50 #1 9564510bbafa7f3b6c1d985c5579b6947349b2274cf9bc85b1032b25a8ed96784c181874c2d4d0f1d73f332b0b7873baa880
2026-10-03 00:51:42.179 [OP] E062 inv=FFDB len=36 #2 90faa32bee80eecd052a78b83467e8a4f369c5ce4dd0cb56fef33ab76de3b664c159bf80
2026-10-03 00:51:42.179 [OP] E062 inv=FFD6 len=41 #3 ce5b64516edcc0b44bd3a4302774b37803306ed87c542e911708d8c1c6127e0648f7caa14edf3c9780
2026-10-03 00:51:42.179 [OP] E062 inv=FFBD len=66 #4 8bfaa32b2180eecd052a78b83467e8a4f369c56648a6e72307f33ab76d5c192bceebd9b1e97b6f2e14b753eb4b4c723354115f2b04230737be87299ce0ac5c311c80
2026-10-03 00:51:42.179 [OP] E062 inv=FFD2 len=45 #5 aea32b1ffc5b3eaf205bb83467e8a43005939c08e9a1339602fe15472a7ccbe7c0c371aa87299ce0ccce36a780
2026-10-03 00:51:42.224 [OP] E014 inv=FF97 len=104 #1 23596579b5702c2a510bdcfaa32b1f805b2197fddc907c2b1056b7643fe13c9f352b1f805b64510bdcfaa32b1f805b64510bdcfaa32b1f805b64510bdcfaa32b1f805b64510bdcfaa32b1f805b64510bdcfaa32b1f805b64510bdcfaa32b1f805b644f5f1a8a1ebb
2026-10-03 00:51:42.324 [OP] E004 inv=FEE5 len=282 #1 830ba1914133409e335513f2dcfaa32b1f805b7ffd0be6faa32b1f805b64580bdcfaa32b1f805b64510b696479020e0f840a2913dcfaa32b1f805b26fdecc4faa32b1f805b64580bdcfaa32b1f805b64510b088880344ba7f464510bdcfaa32b1f805b64fdecdcfaa32b1f805b64b4b252faa32b1f805b64510b0cc17923ab805b64510bdcfaa32b1f805b64fcecdcfaa32b1f805b640ba690faa32b1f805b64
2026-10-03 00:52:03.112 [EVENT] sock=3684 hEvent=000007EC events=0x0
2026-10-03 00:52:03.113 [HB-OUT] op=F005 #1 len=28 sock=3684
2026-10-03 00:52:03.113 [EVENT] sock=3684 hEvent=000007EC events=0x21
2026-10-03 00:52:03.158 [NET-E] sock=3684 r=-1 err=10058
2026-10-03 00:52:03.158 [CLOSE] main sock 3684 closed
2026-10-03 00:52:06.224 [CLOSE] main sock 4294967295 closed
2026-10-03 00:52:06.379 [CLOSE] main sock 4294967295 closed
2026-10-03 00:52:06.792 [CLOSE] main sock 4294967295 closed
2026-10-03 00:52:06.792 [CLOSE] main sock 4294967295 closed
2026-10-03 00:52:06.841 [INIT] dll unloaded
