2026-10-03 00:53:48.434 [INIT] dll loaded, pid=23996
2026-10-03 00:53:48.435 [INIT] codec loaded OK
2026-10-03 00:53:48.435 [INIT] iat hooks: recv=1 send=1 WSASend=1 connect=1 closesocket=1 WSAEventSelect=1
2026-10-03 00:53:48.643 [PIPE] controller connected
2026-10-03 00:53:48.798 [EVENT] sock=2536 hEvent=000009BC events=0x0
2026-10-03 00:53:48.798 [EVENT] sock=2536 hEvent=000009BC events=0x21
2026-10-03 00:53:48.843 [OP] 4F52 inv=FFFF len=0 #1 
2026-10-03 00:53:50.593 [OP] 4109 inv=FDDB len=548 #1 12b252faf82b34075b6f510bdcfaa32bca805b640b0b0022202bf7ce1c537c156ffaa32bb7ef5b64b26d6ffaa3931f805b7a8375afc4a32b53805b64510bdcfaa32b1f80d1df510b3efaa32b1f805b64510bdcfaf82b1f80a76f510b8bbadb2b1faa5b64510bdcfa71531f803164510bdcfaa32b1f805b64580bdcfab6ce1f801c32fc0bdcc4a32b1f3f987f5decdcfad82b1f805b64510bdcfaa32bca805b64
2026-10-03 00:53:50.691 [OP] 4104 inv=FFFB len=4 #1 3cae1fce
2026-10-03 00:53:50.691 [OP] 4104 inv=FFFB len=4 #2 3cae1faa
2026-10-03 00:53:50.691 [OP] 4111 inv=FFFD len=2 #1 2364
2026-10-03 00:53:50.691 [OP] 4104 inv=FFFB len=4 #3 3cae3aaa
2026-10-03 00:53:50.691 [OP] 4112 inv=FFFD len=2 #1 90c4
2026-10-03 00:53:50.691 [OP] 4104 inv=FFFB len=4 #4 3cae3ace
2026-10-03 00:53:50.691 [OP] 4112 inv=FFFD len=2 #2 8bc4
2026-10-03 00:53:50.691 [OP] 4112 inv=FFFD len=2 #3 6ac4
2026-10-03 00:53:50.691 [OP] 4104 inv=FFFA len=5 #5 5a671eb807
2026-10-03 00:53:52.060 [OP] 4109 inv=FEF7 len=264 #2 5207c464580b90f4a3321f805b64510b6ffaa32ba580ea7f0b0b0022fd24e7809564510baeaea32b9de79564517fdcfaa37d1f8062df510b06faa32b1f805b64510bdcfa71531f801664510bdcfaa32b1f805b64580bdcfab6ce1f801c7afc0bdcc4a32b1f805b645decdcfa252b1f805b64510bdcfaa32bc2125b645fc4dcfafd24ca805bdf0e0b05c4a32b78c75b64510bdcfaa32b1f807626510baeaea32b
2026-10-03 00:53:52.150 [OP] 4105 inv=FFFE len=1 #1 0c
2026-10-03 00:53:52.150 [OP] 4111 inv=FFFD len=2 #2 a164
2026-10-03 00:53:52.150 [OP] 4112 inv=FFFD len=2 #4 6fc4
2026-10-03 00:53:52.311 [OP] 4106 inv=FFFD len=2 #1 a3c4
2026-10-03 00:53:53.434 [OP] 4109 inv=FF7B len=132 #3 5207c464580b6fe8a32b1f805b64510b6ffaa32b2980076f2d0b59ae392b8a809564510b3fc2a32bad10c46451ecdcfaa3ebcdc762df510b09faa32b1f805b64510bdcfa70bb1f80c5cd510b52fa392b1faa5b648fecdcfa14de1f805b64510bdcfaa32bf4075b64cdb2dcfaa378ad805bdf510b32c4a32bca805b64510bdcfaa32b1f80
2026-10-03 00:53:53.530 [OP] 4111 inv=FFFD len=2 #3 c064
2026-10-03 00:53:53.530 [OP] 4112 inv=FFFD len=2 #5 52c4
2026-10-03 00:53:53.833 [OP] 46FE inv=FFFF len=0 #1 
2026-10-03 00:53:57.516 [OP] EFFE inv=FFFE len=1 #1 0b
2026-10-03 00:53:58.165 [SETTLE] exp=1 gold=199367 len=403
2026-10-03 00:53:58.165 [OP] 472A inv=FE6C len=403 #1 d9b4de1faa5b64510bdcfaa32b1f805b64510bdce8a32b1f805b64510bdcfaa32b1f805b64510bdca1b72b1f805b64513edcfaa32b1f805b64510bdcfaa32b1f805b64510bdcfaa32b1f805b64510bdcfaa32b1f805b64510bdcfaa32b1f805b64510bdcfaa32b1f805b64510bdcfaa32b1f805b64510bdcfaa32b1f805b64510bdcfaa32b1f805b64510bdcb5a32b1fc3956451f16ffaa3ccca805bd3580bdc
2026-10-03 00:53:58.266 [OP] 42CE inv=FFFB len=4 #1 c87f510b
2026-10-03 00:53:58.266 [OP] 4211 inv=FFF6 len=9 #1 aa5b64516d3e22a34a
2026-10-03 00:53:58.266 [OP] 4211 inv=FFF6 len=9 #2 aa5b6451e3a722a34a
2026-10-03 00:53:58.266 [OP] 4211 inv=FFF6 len=9 #3 aa5b6451803e22a34a
2026-10-03 00:53:58.266 [OP] 4211 inv=FFF6 len=9 #4 aa5b645134a722a34a
2026-10-03 00:53:58.357 [OP] 47C0 inv=FFCD len=50 #1 0faa0d018ffd90e0cc7c828c53b0557cc6c4fd8029c25ccbc0fd6ff4357c6f8cd1da31ec8b19b763ec967fd958b16e531abb
2026-10-03 00:53:58.358 [OP] 47C0 inv=FFD8 len=39 #2 b39526557cc6c4fd8029c25ccbc0fd6ff4357c6f8cd1da31ec8b19b763ec967fd958b16e531abb
2026-10-03 00:53:58.358 [OP] 47C0 inv=FFE1 len=30 #3 0faac4cbc0fd6ff4357c6f8cd1da31ec8b19b763ec967fd958b16e531abb
2026-10-03 00:53:58.358 [OP] 47C0 inv=FFEA len=21 #4 51cac7d1da31ec8b19b763ec967fd958b16e531abb
2026-10-03 00:53:58.358 [OP] 47C0 inv=FFF3 len=12 #5 0253ca967fd958b16e531abb
2026-10-03 00:53:59.915 [EVENT] sock=2536 hEvent=000009BC events=0x0
2026-10-03 00:53:59.915 [EVENT] sock=2536 hEvent=000009BC events=0x21
2026-10-03 00:54:00.022 [OP] 4721 inv=FFF7 len=8 #1 74c2392b1fc39564
2026-10-03 00:54:00.199 [EVENT] sock=2536 hEvent=000009BC events=0x0
2026-10-03 00:54:00.199 [EVENT] sock=2536 hEvent=000009BC events=0x21
2026-10-03 00:54:00.323 [OP] 4029 inv=FFDF len=32 #1 41cdfc0bac9fa32b1f805b64db7fdcfaa32b1f80dd7f510b90c4d92b34809564
2026-10-03 00:54:07.310 [OP] 4100 inv=FFF9 len=6 #1 98aa85f8677f
2026-10-03 00:54:07.399 [EVENT] sock=2536 hEvent=000009BC events=0x0
2026-10-03 00:54:07.399 [EVENT] sock=2536 hEvent=000009BC events=0x21
2026-10-03 00:54:07.513 [OP] 4101 inv=FC6D len=914 #1 603bad809464510bdcfaa32bc8d97b81510bdcfaa32b1f805b64510bdcfaa32b1f805b64510bdcfa87429d4e5b6497b1dcfaa32b1f806526510bdcfaa32b1f805b64510bdcfa875dad80c464510bfafaa32b46925b643d92dcfac4181f80f27a510b155a4e78c8d97b81a552155a732b1f807b81a552dc30c2d41e5fe036191edcfaa32b1f805b648fb7c6faa32b1f805b0f310bdcfaa32b1f805b64510bdcfa
2026-10-03 00:54:07.540 [OP] EFFE inv=FFFE len=1 #2 0b
2026-10-03 00:54:07.561 [OP] 4F52 inv=FFFF len=0 #2 
2026-10-03 00:54:08.387 [EVENT] sock=2536 hEvent=000009BC events=0x0
2026-10-03 00:54:08.387 [EVENT] sock=2536 hEvent=000009BC events=0x21
2026-10-03 00:54:08.624 [OP] 4108 inv=FFE3 len=28 #1 5207c464510bdcfa21531f80d8f8510bce40515d1f805b64510bdcfa
2026-10-03 00:54:08.720 [OP] 4108 inv=FFE3 len=28 #2 5207c464510bdcfa4d531f80d8f8510bce4051ed1f805b64510bdcfa
2026-10-03 00:54:08.720 [OP] 4108 inv=FFE3 len=28 #3 5207c464510bdcfa87531f80d8f8510bce4051421f805b64510bdcfa
2026-10-03 00:54:08.720 [OP] 4108 inv=FFF3 len=12 #4 74c2392b1f805b64510bdcfa
2026-10-03 00:54:08.720 [OP] 4108 inv=FFF3 len=12 #5 74c2392b1f805b64580bdcfa
2026-10-03 00:54:10.764 [OP] 4105 inv=FFFE len=1 #2 c0
2026-10-03 00:54:10.764 [OP] 4105 inv=FFFE len=1 #3 6d
2026-10-03 00:54:10.765 [OP] 4105 inv=FFFE len=1 #4 af
2026-10-03 00:54:10.779 [EVENT] sock=2536 hEvent=000009BC events=0x0
2026-10-03 00:54:10.780 [EVENT] sock=2536 hEvent=000009BC events=0x21
2026-10-03 00:54:10.954 [OP] 4106 inv=FFFC len=3 #2 e5467d
2026-10-03 00:54:10.956 [OP] 4110 inv=FFFD len=2 #1 872b
2026-10-03 00:54:10.956 [OP] 4106 inv=FFFC len=3 #3 b1fdcb
2026-10-03 00:54:10.956 [OP] 4106 inv=FFFC len=3 #4 a539ed
2026-10-03 00:54:11.157 [OP] 4105 inv=FFFE len=1 #5 44
2026-10-03 00:54:11.169 [EVENT] sock=2536 hEvent=000009BC events=0x0
2026-10-03 00:54:11.169 [EVENT] sock=2536 hEvent=000009BC events=0x21
2026-10-03 00:54:11.405 [OP] 4109 inv=FF73 len=140 #4 41cdfc0bdce8db931faa5b64510bdcfaa62b1f801ca9510b9425a32b064e5b64fbb1900ea62b1f80f326510b90f45f2b1f805b64510b09b61d4a1f80b8dd510b9030fd2b1f805b64510b52fa96de1f80f326510b90fa5f2b1faa94f88fecdcfac4931f805b64510bdcfaa32b82795b64b608dcfadb2b9d805bdf516405c4a32b4c805b64510bdcfaa32b1f80
2026-10-03 00:54:11.406 [OP] 4106 inv=FFFD len=2 #5 a34a
2026-10-03 00:54:11.408 [OP] 4111 inv=FFFD len=2 #4 1c64
2026-10-03 00:54:11.592 [OP] 4110 inv=FFFD len=2 #2 bc2b
2026-10-03 00:54:13.544 [OP] 4109 inv=FFB7 len=72 #5 5207c464517f6fc4a3531f805b64510b07faa32bca105b6f87b1dcfa40ce1f80c0df0e0b07faa32b39125b640eec66faa32b1f805bdf510b8222a32b39125b64080b66faa32b1f80
2026-10-03 00:54:13.635 [OP] 4111 inv=FFFD len=2 #5 9564
2026-10-03 00:54:17.305 [EVENT] sock=2716 hEvent=00000A1C events=0x0
2026-10-03 00:54:17.305 [EVENT] sock=2716 hEvent=00000A1C events=0x21
2026-10-03 00:54:17.573 [EVENT] sock=2536 hEvent=000009BC events=0x0
2026-10-03 00:54:17.573 [EVENT] sock=2536 hEvent=000009BC events=0x21
2026-10-03 00:54:17.619 [OP] 4F52 inv=FFFF len=0 #3 
2026-10-03 00:54:24.079 [OP] 46FE inv=FFFF len=0 #2 
2026-10-03 00:54:25.081 [SETTLE] exp=2 gold=199367 len=393
2026-10-03 00:54:25.082 [OP] 472A inv=FE76 len=393 #2 d9b4de1fc75b64510bdcfaa32b1f805b64510bdce8a32b1f805b64510bdcfaa32b1f805b64510bdca1b72b1f805b6451a790faa32b1f805b64510bdcfaa32b1f805b64510bdcfaa32b1f805b64510bdcfaa32b1f805b64510bdcfaa32b1f805b64510bdcfaa32b1f805b64510bdcfaa32b1f805b64510bdcfaa32b1f805b64510bdcfaa32b1f805b64510bdcbdf82b1f2c5b645153dcfaa3ccca805bc7580bdc
2026-10-03 00:54:25.172 [OP] 42CE inv=FFFB len=4 #2 c87f510b
2026-10-03 00:54:25.172 [OP] 4211 inv=FFF6 len=9 #5 aa5b64516d3e22a34a
2026-10-03 00:54:27.548 [OP] EFFE inv=FFFE len=1 #3 0b
2026-10-03 00:54:30.190 [OP] 4100 inv=FFF9 len=6 #2 98aaa27fc57f
2026-10-03 00:54:30.284 [OP] 4101 inv=FC6D len=914 #2 603bad809464510bdcfaa32bc8d97b81510bdcfaa32b1f805b64510bdcfaa32b1f805b64510bdcfa87429d4e5b6497b1dcfaa32b1f806526510bdcfaa32b1f805b64510bdcfa875dad80c464510bfafaa32b46925b643d92dcfac4181f80f27a510b155a4e78c8d97b81a552155a732b1f807b81a552dc30c2d41e5fe036191edcfaa32b1f805b64c9b7c6faa32b1f805b0f310bdcfaa32b1f805b64510bdcfa
2026-10-03 00:54:30.291 [EVENT] sock=2536 hEvent=000009BC events=0x0
2026-10-03 00:54:30.291 [EVENT] sock=2536 hEvent=000009BC events=0x21
2026-10-03 00:54:30.336 [OP] 4F52 inv=FFFF len=0 #4 
2026-10-03 00:54:31.268 [EVENT] sock=2536 hEvent=000009BC events=0x0
2026-10-03 00:54:31.269 [EVENT] sock=2536 hEvent=000009BC events=0x21
2026-10-03 00:54:33.548 [EVENT] sock=2536 hEvent=000009BC events=0x0
2026-10-03 00:54:33.548 [EVENT] sock=2536 hEvent=000009BC events=0x21
2026-10-03 00:54:33.641 [OP] 4110 inv=FFFD len=2 #3 872b
2026-10-03 00:54:33.855 [EVENT] sock=2536 hEvent=000009BC events=0x0
2026-10-03 00:54:33.855 [EVENT] sock=2536 hEvent=000009BC events=0x21
2026-10-03 00:54:33.988 [OP] 4110 inv=FFFD len=2 #4 bc2b
2026-10-03 00:54:38.559 [OP] EFFE inv=FFFE len=1 #4 0b
2026-10-03 00:54:40.351 [EVENT] sock=2536 hEvent=000009BC events=0x0
2026-10-03 00:54:40.353 [EVENT] sock=2536 hEvent=000009BC events=0x21
2026-10-03 00:54:40.398 [OP] 4F52 inv=FFFF len=0 #5 
2026-10-03 00:54:43.023 [SETTLE] exp=1 gold=199367 len=403
2026-10-03 00:54:43.023 [OP] 472A inv=FE6C len=403 #3 d9b4de1faa5b64510bdcfaa32b1f805b64510bdce8a32b1f805b64510bdcfaa32b1f805b64510bdca1b72b1f805b6451a790faa32b1f805b64510bdcfaa32b1f805b64510bdcfaa32b1f805b64510bdcfaa32b1f805b64510bdcfaa32b1f805b64510bdcfaa32b1f805b64510bdcfaa32b1f805b64510bdcfaa32b1f805b64510bdcfaa32b1f805b64510bdcbdf82b1fc3956451fa6ffaa3ccca805bd3580bdc
2026-10-03 00:54:43.122 [OP] 42CE inv=FFFB len=4 #3 c87f510b
2026-10-03 00:54:44.075 [EVENT] sock=2536 hEvent=000009BC events=0x0
2026-10-03 00:54:44.075 [EVENT] sock=2536 hEvent=000009BC events=0x21
2026-10-03 00:54:44.164 [OP] 4721 inv=FFF7 len=8 #2 74c2392b1fc39564
2026-10-03 00:54:45.039 [EVENT] sock=2536 hEvent=000009BC events=0x0
2026-10-03 00:54:45.040 [EVENT] sock=2536 hEvent=000009BC events=0x21
2026-10-03 00:54:45.165 [OP] 4029 inv=FFDF len=32 #2 41cdfc0b2d53a32b1f805b64aa75dcfaa32b1f80a27f510b8bc4d92b9d809564
2026-10-03 00:54:47.306 [EVENT] sock=2716 hEvent=00000A1C events=0x0
2026-10-03 00:54:47.306 [EVENT] sock=2716 hEvent=00000A1C events=0x21
2026-10-03 00:54:50.109 [OP] 4100 inv=FFF9 len=6 #3 98aa46f8677f
2026-10-03 00:54:50.198 [EVENT] sock=2536 hEvent=000009BC events=0x0
2026-10-03 00:54:50.199 [EVENT] sock=2536 hEvent=000009BC events=0x21
2026-10-03 00:54:50.203 [OP] 4101 inv=FC6D len=914 #3 603bad809464510bdcfaa32bc8d97b81510bdcfaa32b1f805b64510bdcfaa32b1f805b64510bdcfa87429d4e5b6497b1dcfaa32b1f806526510bdcfaa32b1f805b64510bdcfa875dad80c464510bfafaa32b46925b643d92dcfac4181f80f27a510b155a4e78c8d97b81a552155a732b1f807b81a552dc30c2d41e5fe036191edcfaa32b1f805b6458b7c6faa32b1f805b0f310bdcfaa32b1f805b64510bdcfa
2026-10-03 00:54:51.174 [EVENT] sock=2536 hEvent=000009BC events=0x0
2026-10-03 00:54:51.175 [EVENT] sock=2536 hEvent=000009BC events=0x21
2026-10-03 00:54:53.493 [EVENT] sock=2536 hEvent=000009BC events=0x0
2026-10-03 00:54:53.493 [EVENT] sock=2536 hEvent=000009BC events=0x21
2026-10-03 00:54:53.588 [OP] 4110 inv=FFFD len=2 #5 872b
2026-10-03 00:54:53.801 [EVENT] sock=2536 hEvent=000009BC events=0x0
2026-10-03 00:54:53.802 [EVENT] sock=2536 hEvent=000009BC events=0x21
2026-10-03 00:54:54.283 [OP] 46FE inv=FFFF len=0 #3 
2026-10-03 00:54:57.582 [OP] EFFE inv=FFFE len=1 #5 0b
2026-10-03 00:55:00.263 [EVENT] sock=2536 hEvent=000009BC events=0x0
2026-10-03 00:55:00.263 [EVENT] sock=2536 hEvent=000009BC events=0x21
2026-10-03 00:55:04.400 [SETTLE] exp=1 gold=199367 len=403
2026-10-03 00:55:04.400 [OP] 472A inv=FE6C len=403 #4 d9b4de1faa5b64510bdcfaa32b1f805b64510bdcc4a32b1f805b64510bdcfaa32b1f805b64510bdca1b72b1f805b6451a790faa32b1f805b64510bdcfaa32b1f805b64510bdcfaa32b1f805b64510bdcfaa32b1f805b64510bdcfaa32b1f805b64510bdcfaa32b1f805b64510bdcfaa32b1f805b64510bdcfaa32b1f805b64510bdcfaa32b1f805b64510bdcbdf82b1fc3956451fa6ffaa3ccca805bd3580bdc
2026-10-03 00:55:04.671 [OP] 42CE inv=FFFB len=4 #4 c87f510b
2026-10-03 00:55:06.159 [EVENT] sock=2536 hEvent=000009BC events=0x0
2026-10-03 00:55:06.159 [EVENT] sock=2536 hEvent=000009BC events=0x21
2026-10-03 00:55:06.312 [OP] 4721 inv=FFF7 len=8 #3 74c2392b1fc39564
2026-10-03 00:55:11.568 [OP] 4100 inv=FFF9 len=6 #4 98aa0ef8beec
2026-10-03 00:55:11.664 [EVENT] sock=2536 hEvent=000009BC events=0x0
2026-10-03 00:55:11.664 [EVENT] sock=2536 hEvent=000009BC events=0x21
2026-10-03 00:55:11.670 [OP] 4101 inv=FC35 len=970 #4 41cdfc0b90faa32b1f805b64a552155aa32b1f805b64510bdcfaa32b1f805b64510bdcfaa32b1f802337b2b2dcfa774a1f805b64510ba6f4a32b1f805b64510bdcfaa32b1f8023ecfc0b52faa32b3c805b6416ffdcfa03f21f80dffc510be402a32bc8d97b81a552155a4e78c8d90a64510b155a4e781fa0ed3572a4b607854d1f805b64510bdcfaa86d84805b64510bdc83b72b1f805b64510bdcfaa32b1f80
2026-10-03 00:55:12.650 [EVENT] sock=2536 hEvent=000009BC events=0x0
2026-10-03 00:55:12.650 [EVENT] sock=2536 hEvent=000009BC events=0x21
2026-10-03 00:55:14.802 [EVENT] sock=2536 hEvent=000009BC events=0x0
2026-10-03 00:55:14.802 [EVENT] sock=2536 hEvent=000009BC events=0x21
2026-10-03 00:55:15.156 [EVENT] sock=2536 hEvent=000009BC events=0x0
2026-10-03 00:55:15.156 [EVENT] sock=2536 hEvent=000009BC events=0x21
2026-10-03 00:55:17.307 [EVENT] sock=2716 hEvent=00000A1C events=0x0
2026-10-03 00:55:17.307 [EVENT] sock=2716 hEvent=00000A1C events=0x21
2026-10-03 00:55:21.718 [EVENT] sock=2536 hEvent=000009BC events=0x0
2026-10-03 00:55:21.718 [EVENT] sock=2536 hEvent=000009BC events=0x21
2026-10-03 00:55:24.599 [OP] 46FE inv=FFFF len=0 #4 
2026-10-03 00:55:28.123 [SETTLE] exp=1 gold=199367 len=403
2026-10-03 00:55:28.123 [OP] 472A inv=FE6C len=403 #5 d9b4de1faa5b64510bdcfaa32b1f805b64510bdce8a32b1f805b64510bdcfaa32b1f805b64510bdca1b72b1f805b6451a790faa32b1f805b64510bdcfaa32b1f805b64510bdcfaa32b1f805b64510bdcfaa32b1f805b64510bdcfaa32b1f805b64510bdcfaa32b1f805b64510bdcfaa32b1f805b64510bdcfaa32b1f805b64510bdcfaa32b1f805b64510bdc7af82b1fc395645153dcfaa391ca805bc7580bdc
2026-10-03 00:55:28.252 [EVENT] sock=2536 hEvent=000009BC events=0x0
2026-10-03 00:55:28.252 [EVENT] sock=2536 hEvent=000009BC events=0x21
2026-10-03 00:55:28.480 [OP] 42CE inv=FFFB len=4 #5 c87f510b
2026-10-03 00:55:28.636 [OP] 4721 inv=FFF7 len=8 #4 74c2392b1fc39564
2026-10-03 00:55:34.261 [OP] 4100 inv=FFF9 len=6 #5 98aa7df8587f
2026-10-03 00:55:34.355 [EVENT] sock=2536 hEvent=000009BC events=0x0
2026-10-03 00:55:34.355 [EVENT] sock=2536 hEvent=000009BC events=0x21
2026-10-03 00:55:34.435 [OP] 4101 inv=FBFD len=1026 #5 12b252fadb2b1f805b64510b155a4e781f805b64510bdcfaa32b1f805b64510bdcfaa32b1f805b647c448b53a32b16125b64510bdcfa774a1f805b64510bdcfaa32b1f805b647c8052fa392b1f80dc64510bc2a0a32bccad5b64da64dcfa9fcb1f807b81a552155a4e78c8d97b81ac0bdcfa4e78c8d95ba91e2e69746c45e50e5b64510bdcfaa32b1ffd2764510bdcfaa36d84805b64510bdcfaa32b1f805b64
2026-10-03 00:55:35.341 [EVENT] sock=2536 hEvent=000009BC events=0x0
2026-10-03 00:55:35.341 [EVENT] sock=2536 hEvent=000009BC events=0x21
2026-10-03 00:55:37.840 [QUESTION] {"type":"question","sock":2536,"qno":3,"field_a":83,"stem":"气温、水、植物等对岩石的破坏现象叫做？","options":["1、风化","2、变形","3、自西向东","4、机械化"]}
2026-10-03 00:55:37.841 [UPGRADE] sock 2536 upgraded to filtered mode at clean frame boundary
2026-10-03 00:55:37.950 [MODE] sock=2536 filtered (len=46 flags=0)
2026-10-03 00:55:37.959 [EVENT] sock=2536 hEvent=000009BC events=0x0
2026-10-03 00:55:37.959 [OUT] 1005 inv=FFEF len=20 #1 efff0510a498e62b05795c640b0b0022a32b1f80
2026-10-03 00:55:37.959 [EVENT] sock=2536 hEvent=000009BC events=0x21
2026-10-03 00:55:38.178 [EVENT] sock=2536 hEvent=000009BC events=0x0
2026-10-03 00:55:38.178 [OUT] 1004 inv=FFF3 len=16 #1 f3ff04104db0832b5979c3642d0b59ae
2026-10-03 00:55:38.178 [EVENT] sock=2536 hEvent=000009BC events=0x21
2026-10-03 00:55:38.842 [UI] auto dump on question qno=3
2026-10-03 00:55:38.842 [UI] ---- window dump begin (pid 23996) ----
2026-10-03 00:55:38.853 [UI] TOP=00440550 vis=1 cls=ATL:0062F210 rc=(-9,22,1031,829) title=什么什么大冒险2(①逍遥村敬老院)-伏地魔2_Sep 24 2026《什么什么大冒险》制作委员会QQ群:515616289
2026-10-03 00:55:38.853 [UI] TOP=000A0BFC vis=0 cls=DIEmWin rc=(-1,-1,135,38) title=DIEmWin
2026-10-03 00:55:38.870 [UI] TOP=000E0848 vis=0 cls=MSCTFIME UI rc=(0,0,0,0) title=MSCTFIME UI
2026-10-03 00:55:38.884 [UI] TOP=000F0BE4 vis=0 cls=IME rc=(0,0,0,0) title=Default IME
2026-10-03 00:55:38.885 [UI] TOP=000B0BCE vis=0 cls=IME rc=(0,0,0,0) title=Default IME
2026-10-03 00:55:38.885 [UI] ---- window dump end ----
2026-10-03 00:55:44.051 [OP] F005 inv=FFE7 len=24 #1 c2cc763c71faa32b1f805b64510bdcfaa3de1f80e990eeb2
2026-10-03 00:55:44.150 [OP] F005 inv=FFE7 len=24 #2 c2cc763c71faa32b1f805b64510bdcfaa3de1f80e990eeb2
2026-10-03 00:55:44.150 [OP] F005 inv=FFE7 len=24 #3 c2cc763c71faa32b1f805b64510bdcfaa3de1f80e990eeb2
2026-10-03 00:55:44.150 [OP] F005 inv=FFE7 len=24 #4 c2cc763c71faa32b1f805b64510bdcfaa3de1f80e990eeb2
2026-10-03 00:55:44.150 [OP] F005 inv=FFE7 len=24 #5 c2cc763c71faa32b1f805b64510bdcfaa3de1f80e990eeb2
2026-10-03 00:55:44.649 [EVENT] sock=2536 hEvent=000009BC events=0x0
2026-10-03 00:55:44.649 [OUT] 1F51 inv=FFFF len=4 #1 ffff511f
2026-10-03 00:55:44.649 [EVENT] sock=2536 hEvent=000009BC events=0x21
2026-10-03 00:55:47.309 [EVENT] sock=2716 hEvent=00000A1C events=0x0
2026-10-03 00:55:47.309 [EVENT] sock=2716 hEvent=00000A1C events=0x21
2026-10-03 00:55:52.745 [SEND-ANSWER] qno=3 opt=0 ret=13 sock=2536
2026-10-03 00:55:52.810 [SYS] 测试通过！
2026-10-03 00:55:52.895 [SYS] 获得了#00FF00#100#FFF692#金币
2026-10-03 00:55:52.895 [CURRENCY] a=199367 b=970342
2026-10-03 00:55:53.084 [SETTLE] exp=2 gold=199367 len=403
2026-10-03 00:55:54.350 [EVENT] sock=2536 hEvent=000009BC events=0x0
2026-10-03 00:55:54.350 [OUT] 0048 inv=FFF7 len=12 #1 f7ff4800dcfaa32b1fc39564
2026-10-03 00:55:54.351 [EVENT] sock=2536 hEvent=000009BC events=0x21
2026-10-03 00:55:54.474 [OP] 4721 inv=FFF7 len=8 #5 74c2392b1fc39564
2026-10-03 00:55:54.736 [OP] 46FE inv=FFFF len=0 #5 
2026-10-03 00:56:03.124 [EVENT] sock=2536 hEvent=000009BC events=0x0
2026-10-03 00:56:03.126 [OUT] 1F51 inv=FFFF len=4 #2 ffff511f
2026-10-03 00:56:03.126 [EVENT] sock=2536 hEvent=000009BC events=0x21
2026-10-03 00:56:06.434 [EVENT] sock=2536 hEvent=000009BC events=0x0
2026-10-03 00:56:06.434 [OUT] 1F04 inv=FFF6 len=13 #1 f6ff041fce1f805b7f510bdce8
2026-10-03 00:56:06.434 [EVENT] sock=2536 hEvent=000009BC events=0x21
2026-10-03 00:56:13.172 [EVENT] sock=2536 hEvent=000009BC events=0x0
2026-10-03 00:56:13.172 [OUT] 1F51 inv=FFFF len=4 #3 ffff511f
2026-10-03 00:56:13.173 [EVENT] sock=2536 hEvent=000009BC events=0x21
2026-10-03 00:56:17.309 [EVENT] sock=2716 hEvent=00000A1C events=0x0
2026-10-03 00:56:17.309 [EVENT] sock=2716 hEvent=00000A1C events=0x21
2026-10-03 00:56:18.383 [OP] 4707 inv=FFF3 len=12 #1 603bad8063cdfc0b17faa32b
2026-10-03 00:56:18.471 [OP] 43F1 inv=FFFA len=5 #1 33b4de1fc7
2026-10-03 00:56:18.471 [OP] 40E0 inv=FED1 len=302 #1 12b252fac37c1f805b64510bdee8a32b1f805b6437fddcfaa32b1f8012f8510bdcfaa32baca05b64fc0bdcfa392b1f804864510ba7e8a32bad805b64d70bdcfaed2b1f80f6df510bc1e8a32b2c805b64eaf8dcfad6531f806c64510b78c4a32b998c5b64b6ecdcfa732b1f800d64510b8ffaa32b1f805b64510bdcfaa32b1f805b64510bdcfaa32b1f805b64430bdcfaa32b1f805b64510bdcfaa32b1f805b64
2026-10-03 00:56:18.471 [OP] 4612 inv=FFF7 len=8 #1 ca805b64b4b252fa
2026-10-03 00:56:18.483 [EVENT] sock=2536 hEvent=000009BC events=0x0
2026-10-03 00:56:18.484 [OUT] 0185 inv=FFF7 len=12 #1 f7ff8501dcfaa32bc8d97b81
2026-10-03 00:56:18.486 [EVENT] sock=2536 hEvent=000009BC events=0x21
2026-10-03 00:56:20.447 [OP] 4612 inv=FFF7 len=8 #2 ca805b6455b252fa
2026-10-03 00:56:23.471 [EVENT] sock=2536 hEvent=000009BC events=0x0
2026-10-03 00:56:23.471 [OUT] 1F51 inv=FFFF len=4 #4 ffff511f
2026-10-03 00:56:23.471 [EVENT] sock=2536 hEvent=000009BC events=0x21
2026-10-03 00:56:26.570 [OP] 4612 inv=FFF7 len=8 #3 ca805b64238052fa
2026-10-03 00:56:32.389 [EVENT] sock=2536 hEvent=000009BC events=0x0
2026-10-03 00:56:32.389 [OUT] 0049 inv=FFEC len=23 #1 ecff49002b1f805b64510bdc5a4e78c8805b64510b1fc4
2026-10-03 00:56:32.389 [EVENT] sock=2536 hEvent=000009BC events=0x21
2026-10-03 00:56:32.453 [OP] 40E0 inv=FED1 len=302 #2 12b252fac37c1f805b64510bdee8a32b1f805b6437fddcfaa32b1f8012f8510bdcfaa32baca05b64fc0bdcfa392b1f804864510ba7e8a32bad805b64d70bdcfaed2b1f80f6df510bc1e8a32b2c805b64eaf8dcfad6531f806c64510b78c4a32b998c5b64b6ecdcfa732b1f800d64510b8ffaa32b1f805b64510bdcfaa32b1f805b64510bdcfaa32b1f805b64430bdcfaa32b1f805b64510bdcfaa32b1f805b64
2026-10-03 00:56:32.470 [EVENT] sock=2536 hEvent=000009BC events=0x0
2026-10-03 00:56:32.470 [OUT] 0185 inv=FFF7 len=12 #2 f7ff8501dcfaa32bc8d97b81
2026-10-03 00:56:32.470 [EVENT] sock=2536 hEvent=000009BC events=0x21
2026-10-03 00:56:32.479 [OP] 40E3 inv=FFD3 len=44 #1 12b252fa3178c8d9b164610b33fabc2be080956445ec6ffabf5384809fdf0b0b0022202b01cec464edd090fa
2026-10-03 00:56:32.479 [OP] 40E2 inv=FFF3 len=12 #1 41cdfc0b6ffaa32b45809564
2026-10-03 00:56:32.479 [OP] 4232 inv=FF60 len=159 #1 22afd0dce0a32b1f4f5b645127dcfaa3de1f805b6f510bdc1c462b1f805b64510bdcfaa32b1f805b64510bdcfaa32b1f805b64510bdcfaa3599d805b64510bdcb7f82b1f805b6451fb8bfaa32b1f805b4e580bdcfaa32b1f227a64519c52faa3edad805b7c510bdc25a32b1fef5b6451c4dcfaa3d4ad805bbc510bdc6ba32b1f0a5b64510bdcfaa32cd672eca2d661e2b05b931f805b64510bdcfaa32b1f80
2026-10-03 00:56:32.479 [OP] 4232 inv=FF60 len=159 #2 22afd0dce0a32b1f4e5b6451b2dcfaa3321f805b08510bdc7e232b1f805b64510bdcfaa32b1f805b64510bdcfaa32b1f805b64510bdcfaa386a5805b64510bdcef392b1f805b645118e6faa32b1f805b06b20bdcfaa32b1f332364515090faa3b834805b6b510bdcbaa32b1fef5b6451c4dcfaa30ca5805b02510bdcb5a32b1fd35b64510bdcfaa32cd672eca2d61ee2b05bde1f805bdf510bdcfaa32b1f80
2026-10-03 00:56:32.479 [OP] 4232 inv=FF60 len=159 #3 22afd0dc25a32b1fca5b64513ddcfaa36b1f805b08510bdc95572b1f805b64510bdcfaa32b1f805b64510bdcfaa32b1f805b64510bdcfaa36c8a805b64510bdc2a202b1f805b64514066faa32b1f805b1d830bdcfaa32b1f97d064513e52faa33f8a805bcd580bdc06a32b1fef5b6451c4dcfaa3ea3c805bf1580bdcb2db2b1f239564510bdcfaa32cd6724852d6dea1b05b4aca8095f8510bdcfaa32b1f80
2026-10-03 00:56:32.479 [OP] 4020 inv=FFE7 len=24 #1 12b252facd2bca8094d6230bc740a32bca809564950b54fa
2026-10-03 00:56:32.479 [OP] 4202 inv=FFEF len=16 #1 230bdcfaa32b1f800ea9510b4a5ba32b
2026-10-03 00:56:32.479 [OP] 4055 inv=FFF7 len=8 #1 41cdfc0bdcfaa32b
2026-10-03 00:56:32.479 [OP] 4613 inv=FFC1 len=62 #1 ca29e5af58d5dc590193f6a3e9cd194f6fc4a6463041550758ec6fc4a32bcaaa9564e55d4a300253ab80946f510b8bfaf82b1f7926b35c3828d7fb2b1f80
2026-10-03 00:56:32.480 [OP] 40A0 inv=FCAF len=848 #1 41cdfc0ba95ddb2bcdc75b647dd0dcfadb4a3826f012510bdcfaa32b1f805b64510bdcfaa32b1f805b64510bdcfaa32b1f805b64510bdcfaa32b1f80a237d475f6dcd62402c75b6440ecdcfadb4a3268bef22e60dcfaa32b1f805b64510bdcfaa32b1f805b64510bdcfaa32b1f805b64510bdcfaa32b1f80b7a9a675d2308f24f4c75b64d4c4dcfadb4a7caf33b4303ccdb38023db065b64510bdcfaa32b1f80
2026-10-03 00:56:32.480 [OP] 4613 inv=FE79 len=390 #2 0b1fc5baf8d91fe229fae3ec9d670f7359a9d6df6ae66fcf6453caaa956451ec6fc4a3298017ba96580cdce8ab931f805bdf510b6afd5c5989644f2e510bdc32a84cca4f5b351d7fb2b9b93bb2a895f4d1ecdfd0360b706e95df58ecdcfaf853ca80435422cd17c4972b59aa5b64830b6ffaa3241c48bd42804d71faa32b301174df0b0bda16db70211c2f53de956fa5b553b931154f7ad16fc4f8531f8095df
2026-10-03 00:56:32.482 [EVENT] sock=2536 hEvent=000009BC events=0x0
2026-10-03 00:56:32.484 [OUT] 0045 inv=FFF7 len=12 #1 f7ff4500510bdcfa272b1f80
2026-10-03 00:56:32.484 [EVENT] sock=2536 hEvent=000009BC events=0x21
2026-10-03 00:56:32.784 [OP] 4025 inv=FFF5 len=10 #1 27533832c4df51ece2fa
2026-10-03 00:56:32.885 [OP] 4613 inv=FFC1 len=62 #3 ca342411d8d5dca5a693ca9a95de687f6fc4cc99597c52f87a8590c4f853ca805bdf58ecdc8c0dcf84b39581510bdcfaa34a1faa5b64b2e367e9a12b1f80
2026-10-03 00:56:32.921 [EVENT] sock=2536 hEvent=000009BC events=0x0
2026-10-03 00:56:32.921 [OUT] 009C inv=FFFB len=8 #1 fbff9c00dcfaa32b
2026-10-03 00:56:32.921 [EVENT] sock=2536 hEvent=000009BC events=0x21
2026-10-03 00:56:32.922 [EVENT] sock=2536 hEvent=000009BC events=0x0
2026-10-03 00:56:32.922 [OUT] 009C inv=FFFB len=8 #2 fbff9c00dcfaa32b
2026-10-03 00:56:32.922 [EVENT] sock=2536 hEvent=000009BC events=0x21
2026-10-03 00:56:32.925 [EVENT] sock=2536 hEvent=000009BC events=0x0
2026-10-03 00:56:32.925 [OUT] 009C inv=FFFB len=8 #3 fbff9c00dcfaa32b
2026-10-03 00:56:32.925 [EVENT] sock=2536 hEvent=000009BC events=0x21
2026-10-03 00:56:32.930 [EVENT] sock=2536 hEvent=000009BC events=0x0
2026-10-03 00:56:32.930 [OUT] 009C inv=FFFB len=8 #4 fbff9c00dcfaa32b
2026-10-03 00:56:32.930 [EVENT] sock=2536 hEvent=000009BC events=0x21
2026-10-03 00:56:32.939 [EVENT] sock=2536 hEvent=000009BC events=0x0
2026-10-03 00:56:32.939 [OUT] 009C inv=FFFB len=8 #5 fbff9c00dcfaa32b
2026-10-03 00:56:32.939 [EVENT] sock=2536 hEvent=000009BC events=0x21
2026-10-03 00:56:32.940 [EVENT] sock=2536 hEvent=000009BC events=0x0
2026-10-03 00:56:32.940 [EVENT] sock=2536 hEvent=000009BC events=0x21
2026-10-03 00:56:32.942 [EVENT] sock=2536 hEvent=000009BC events=0x0
2026-10-03 00:56:32.942 [EVENT] sock=2536 hEvent=000009BC events=0x21
2026-10-03 00:56:32.943 [EVENT] sock=2536 hEvent=000009BC events=0x0
2026-10-03 00:56:32.943 [EVENT] sock=2536 hEvent=000009BC events=0x21
2026-10-03 00:56:32.946 [EVENT] sock=2536 hEvent=000009BC events=0x0
2026-10-03 00:56:32.946 [EVENT] sock=2536 hEvent=000009BC events=0x21
2026-10-03 00:56:32.960 [EVENT] sock=2536 hEvent=000009BC events=0x0
2026-10-03 00:56:32.960 [OUT] 0135 inv=FFF7 len=12 #1 f7ff3501dcfaa32b13805b64
2026-10-03 00:56:32.960 [EVENT] sock=2536 hEvent=000009BC events=0x21
2026-10-03 00:56:32.984 [OP] 42E5 inv=FFE5 len=26 #1 7a64510b20faa32bca0c3cc8065c59cc859a0d869887050bdcfa
2026-10-03 00:56:33.031 [EVENT] sock=2536 hEvent=000009BC events=0x0
2026-10-03 00:56:33.031 [OUT] 0135 inv=FFF7 len=12 #2 f7ff3501dcfaa32b5e805b64
2026-10-03 00:56:33.031 [EVENT] sock=2536 hEvent=000009BC events=0x21
2026-10-03 00:56:33.085 [OP] 42A7 inv=FEE6 len=281 #1 966b7f5102dcfaa31831d3c20133340c33509e31d3c2019ff0dcfaa32b1f805b64510bdcfaa32b31d35b64510bdcfa04181f805bfc250befa9a32b1f805b642564dcfa04e91f80c201510bcdfaa32b88805b64510bdcfa8b311f80acfb510bdcfc0418277e5b643334dcfa04e91f7e3efc251939fc10e972c15b649f0b39fc102b1f805bfc25190c33a32b1f803efc5119cd8aa32b272bc2ca510bdcfc042b27
2026-10-03 00:56:33.085 [OP] 42E5 inv=FFE5 len=26 #2 7a64510b20faa32bca0c3cc8065c59cc859a0d869887050bdcfa
2026-10-03 00:56:33.085 [OP] 42E5 inv=FFE5 len=26 #3 7a64510b20faa32bca0c3cc8065c59cc859a0d869887050bdcfa
2026-10-03 00:56:33.085 [OP] 42E5 inv=FFE5 len=26 #4 7a64510b20faa32bca0c3cc8065c59cc859a0d869887050bdcfa
2026-10-03 00:56:33.085 [OP] 42E5 inv=FFE5 len=26 #5 7a64510b20faa32bca0c3cc8065c59cc859a0d869887050bdcfa
2026-10-03 00:56:33.183 [OP] 42A7 inv=FEE6 len=281 #2 966b7f5133dcfaa30062832e058960677f329cdb9ec3538975ceec388294473d4c8260db9048cd942cc35c18755f8f4841572cc35ce656491792383c90db81a552159d31b04f615f1652cb155a4e470b8fdb81a5cb210cf6fe65d97bdd8352155aeb410bd9325382875f5a4e47d88f7e86e675155ab82442836addf65315251ce2c88f6a3cf475f477236f65796a5c8375495b596f5d793b2b526ae0252924c8
2026-10-03 00:56:34.188 [EVENT] sock=2536 hEvent=000009BC events=0x0
2026-10-03 00:56:34.188 [OUT] 1F51 inv=FFFF len=4 #5 ffff511f
2026-10-03 00:56:34.188 [EVENT] sock=2536 hEvent=000009BC events=0x21
2026-10-03 00:56:36.092 [OP] 4613 inv=FFB9 len=70 #4 95f3ddbf6fe02298bd798a6c0e2e585b68a9182c94df55536a6d8d503ea6ed7f58ec6ffaa353caaa5b731cad5498f8671f805b6451b1dcfaa32beceb066d0d4079bbea2b1f80
2026-10-03 00:56:37.194 [OP] 4612 inv=FFF7 len=8 #4 ca805b64a09e90fa
2026-10-03 00:56:40.155 [OP] 4704 inv=FFDE len=33 #1 5ca722a39ef3ce5b64510bdcfaa32b1f3cc83369938c93a32b1f805b64510bdcfa
2026-10-03 00:56:40.169 [EVENT] sock=2536 hEvent=000009BC events=0x0
2026-10-03 00:56:40.169 [OUT] 0031 inv=FFCE len=53 #1 ceff31008a4e76dc33b4de1fc84dc751e3e1ca396dc7395bd976fadc574d682c7c8bf1fcd286033d6643505b64510bdcfaa32b1f80
2026-10-03 00:56:40.169 [EVENT] sock=2536 hEvent=000009BC events=0x21
2026-10-03 00:56:40.219 [OP] 43F1 inv=FFFA len=5 #2 33b4de1faa
2026-10-03 00:56:40.306 [OP] 401B inv=FF73 len=140 #1 603bad809464510b17faa32b7207c464530bdcfa972b1f80afc6510bdcfaa32be4c65b64510bdcfab9531f805b64510bffe8a32b1f805b64bc595ab12b219f805b64510bdcfaa32b1fd97b8112b252fada2b1f802964510bac9fa32b1f805b6437fddcfaa32b1f8012f8510bdcfaa32be0c75b64510bdcfa16876c842d437f0bdcfaa32b1f805b64510bdcfa
2026-10-03 00:56:40.396 [OP] 4705 inv=FFB8 len=71 #1 966b7f5134a722a35d67ce5b88fc0bdcfaa32b1fb2c464510bdcfaa3eb59805b64510bdc03db2b1f805b645131dcfaa3a71f805b5151a2da2bf0774b341a64510bdcfaa32b1f80
2026-10-03 00:56:40.396 [OP] 4705 inv=FFB8 len=71 #2 966b7f5134a722a3b3f3ce5b0f310bdcfaa32b1ffd2764510bdcfaa3e51f805b64510bdca7f82b1f805b645131dcfaa33a1f805b6651d286033d6643d45b64510bdcfaa32b1f80
2026-10-03 00:56:40.396 [OP] 4705 inv=FFB8 len=71 #3 966b7f5134a722a37d67ce5bbbb20bdcfaa32b1fbc1c64510bdcfaa30459805b64510bdc39db2b1f805b645131dcfaa3a71f805b2751a2da2bf061f1341a64510bdcfaa32b1f80
2026-10-03 00:56:42.521 [OP] 4613 inv=FFC1 len=62 #5 ca0c2411d8d5a7a5a693ca9a95de687f6fc4cc99597c52f87a8590c4f853ca805bdf58ecdc8c0dcf84b39581510bdcfaa34a1f805b64b2e367399d2b1f80
2026-10-03 00:56:44.240 [EVENT] sock=2536 hEvent=000009BC events=0x0
2026-10-03 00:56:44.240 [EVENT] sock=2536 hEvent=000009BC events=0x21
2026-10-03 00:56:47.309 [EVENT] sock=2716 hEvent=00000A1C events=0x0
2026-10-03 00:56:47.309 [EVENT] sock=2716 hEvent=00000A1C events=0x21
2026-10-03 00:56:49.043 [OP] 4612 inv=FFF7 len=8 #5 ca805b64be9e90fa
2026-10-03 00:56:49.743 [OP] 40A0 inv=FE8F len=368 #2 41cdfc0be6fa392bb8805b643875dcfadb4ab5c13cf2bc05b600f07f9aeb5b64510bdcfaa32b1f805b64510bdcfaa32b1f805b64510bdcfaa32b1f803cc690b1076ee64a4cc75b64190bdcfadb4a0bc1f055510bdcfaa32b1f805b64510bdcfaa32b1f805b64510bdcfaa32b1f805b64510bdcfaa32b1f801bc6a0b1a96e054a15c75b64317fdcfadb4a7caf855d3064288d4cb51f805b64510bdcfaa32b1f80
2026-10-03 00:56:51.647 [OP] 40A0 inv=FF07 len=248 #3 41cdfc0b8bfa392b3ec75b64950bdcfadb4a6c05c267510bdcfaa32b1f805b64510bdcfaa32b1f805b64510bdcfaa32b1f805b64510bdcfaa32b1f80b7d9dfd0d29fe1dee5c75b64237fdcfadb4adb2f6340510bdcfaa32b1f805b64510bdcfaa32b1f805b64510bdcfaa32b1f805b64510bdcfaa32b1f80f8d965d0329f41de1cc75b641ac4dcfadb4a429a24ca5c00cd974148b97a632a510bdcfaa32b1f80
2026-10-03 00:56:52.268 [EVENT] sock=2536 hEvent=000009BC events=0x0
2026-10-03 00:56:52.268 [OUT] 0135 inv=FFF7 len=12 #3 f7ff3501dcfaa32ba0805b64
2026-10-03 00:56:52.269 [EVENT] sock=2536 hEvent=000009BC events=0x21
2026-10-03 00:56:52.451 [OP] 42A7 inv=FEE6 len=281 #3 966b7f518adcfaa31831d3c20133340c33509e31d3c2019ff0dcfaa32b1f805b64510bdcfaa32b31d35b64510bcd8a0418272b5b64510befa9a32b1f7eacfb9f64cd8a042b1f80c201510b398a0418407eacfb9f64dcfa8b311f7e3e645164398aa32b272b3e643334dc8aa32b1f803e64510bdcfc102b72c15bfb510bdcfa102b1f805bfc9f0b0c33a3181f805bfc2564dcfaa3e9278063ca5119dcfa041827
2026-10-03 00:56:54.656 [OP] 40A0 inv=FF43 len=188 #4 41cdfc0b52fa392b7ac75b6453ecdcfadb4a363c3ee11e9edcfaa32b1f805b64510bdcfaa32b1f805b64510bdcfaa32b1f805b64510bdcfaa32b1f80cac6b97f106ec8932bc75b64c57fdcfadb4a121a2d40510bdcfaa32b1f805b64510bdcfaa32b1f805b64510bdcfaa32b1f805b64510bdcfaa32b1f8000c6527f956e519346c75b64e90bdcfadb4ac3fbdb22072f7d166aa11f805b64510bdcfaa32b1f80
2026-10-03 00:56:56.663 [OP] 40A0 inv=FF43 len=188 #5 41cdfc0b52fadb2b24c75b64a67fdcfadb4a962f98da510bdcfaa32b1f805b64510bdcfaa32b1f805b64510bdcfaa32b1f805b64510bdcfaa32b1f80337ae4d0aa02a8de8dc75b6403d0dcfadb4ae49ee986960a5af1d47f722c3c49510bdcfaa32b1f805b64510bdcfaa32b1f805b64510bdcfaa32b1f8066be72d0584765de6cb65b6439ecdcfadb4a7caf33b4303c60d18b02b5d85b64510bdcfaa32b1f80
2026-10-03 00:57:00.677 [EVENT] sock=2536 hEvent=000009BC events=0x0
2026-10-03 00:57:00.677 [EVENT] sock=2536 hEvent=000009BC events=0x21
2026-10-03 00:57:07.745 [SYS] #FFF692#交纳传送费用#00CCFF#1370#FFF692#金币！
2026-10-03 00:57:07.844 [CURRENCY] a=199367 b=968972
2026-10-03 00:57:07.898 [OP] 40E0 inv=FED1 len=302 #3 12b252fac37c1f805b64510bdee8a32b1f805b6437fddcfaa32b1f8012f8510bdcfaa32baca05b64fc0bdcfa392b1f804864510ba7e8a32bad805b64d70bdcfaed2b1f80f6df510bc1e8a32b2c805b64eaf8dcfad6531f806c64510b78c4a32b998c5b64b6ecdcfa732b1f800d64510b8ffaa32b1f805b64510bdcfaa32b1f805b64510bdcfaa32b1f805b64430bdcfaa32b1f805b64510bdcfaa32b1f805b64
2026-10-03 00:57:07.899 [OP] 40E3 inv=FFD3 len=44 #2 12b252fa312b1f80b164610b33fabc2be080956445ec6ffabf5384809fdf0b0b0022202b01cec464edd090fa
2026-10-03 00:57:07.899 [OP] 40E2 inv=FFF3 len=12 #2 41cdfc0b6f9fa32b45809564
2026-10-03 00:57:07.899 [OP] 4232 inv=FF60 len=159 #4 22afd0dce0a32b1f4f5b645127dcfaa3de1f805b6f510bdc1c462b1f805b64510bdcfaa32b1f805b64510bdcfaa32b1f805b64510bdcfaa3599d805b64510bdcb7f82b1f805b6451fb8bfaa32b1f805b4e580bdcfaa32b1f227a64519c52faa3edad805b7c510bdc25a32b1fef5b6451c4dcfaa3d4ad805bbc510bdc6ba32b1f0a5b64510bdcfaa32cd672eca2d661e2b05b931f805b64510bdcfaa32b1f80
2026-10-03 00:57:07.900 [OP] 4232 inv=FF60 len=159 #5 22afd0dce0a32b1f4e5b6451b2dcfaa3321f805b08510bdc7e232b1f805b64510bdcfaa32b1f805b64510bdcfaa32b1f805b64510bdcfaa386a5805b64510bdcef392b1f805b645118e6faa32b1f805b06b20bdcfaa32b1f332364515090faa3b834805b6b510bdcbaa32b1fef5b6451c4dcfaa30ca5805b02510bdcb5a32b1fd35b64510bdcfaa32cd672eca2d61ee2b05bde1f805bdf510bdcfaa32b1f80
2026-10-03 00:57:07.900 [OP] 401B inv=FEB3 len=332 #2 603bad800d64510b17faa32b7207c464530bdcfa972b1f80afc6510bdcfaa32be4c65b64510bdcfab9531f805b64510bffe8a32b1f805b64bc595ab12b219f805b64510bdcfaa32b1fef5b6412b252fada2b1f802964510bac9fa32b1f805b6437fddcfaa32b1f8012f8510bdcfaa32be0c75b64510bdcfa16876c842d437f0bdcfaa32b1f805b6451b1a150d85dad800a64510b35faa32beace5b64510bdcfa
2026-10-03 00:57:07.900 [OP] 4202 inv=FFEF len=16 #2 7f0bdcfafd2b1f802b64510b94c4a32b
2026-10-03 00:57:07.900 [OP] 4055 inv=FFF7 len=8 #2 41cdfc0bdcfaa32b
2026-10-03 00:57:07.910 [EVENT] sock=2536 hEvent=000009BC events=0x0
2026-10-03 00:57:07.910 [OUT] 0185 inv=FFF7 len=12 #3 f7ff8501dcfaa32bc8d97b81
2026-10-03 00:57:07.911 [EVENT] sock=2536 hEvent=000009BC events=0x21
2026-10-03 00:57:08.200 [EVENT] sock=2536 hEvent=000009BC events=0x0
2026-10-03 00:57:08.201 [EVENT] sock=2536 hEvent=000009BC events=0x21
2026-10-03 00:57:10.776 [EVENT] sock=2536 hEvent=000009BC events=0x0
2026-10-03 00:57:10.776 [EVENT] sock=2536 hEvent=000009BC events=0x21
2026-10-03 00:57:13.787 [SYS] #FFF692#交纳传送费用#00CCFF#1810#FFF692#金币！
2026-10-03 00:57:13.889 [SYS] #ff0000#您已进入野外区域，可能遭遇玩家间的自由对战，请注意安全！#ffffff#
2026-10-03 00:57:13.889 [CURRENCY] a=199367 b=968532
2026-10-03 00:57:13.923 [OP] 40E0 inv=FED1 len=302 #4 12b252fac37c1f805b64510bdee8a32b1f805b6437fddcfaa32b1f8012f8510bdcfaa32baca05b64fc0bdcfa392b1f804864510ba7e8a32bad805b64d70bdcfaed2b1f80f6df510bc1e8a32b2c805b64eaf8dcfad6531f806c64510b78c4a32b998c5b64b6ecdcfa732b1f800d64510b8ffaa32b1f805b64510bdcfaa32b1f805b64510bdcfaa32b1f805b64430bdcfaa32b1f805b64510bdcfaa32b1f805b64
2026-10-03 00:57:13.923 [OP] 40E3 inv=FFD3 len=44 #3 12b252fa312b1f80b164610b33fabc2be080956445ec6ffabf5384809fdf0b0b0022202b01cec464edd090fa
2026-10-03 00:57:13.923 [OP] 40E2 inv=FFF3 len=12 #3 41cdfc0b6ffaa32b45809564
2026-10-03 00:57:13.925 [OP] 401B inv=FEB3 len=332 #3 603bad800d64510b17faa32b7207c464530bdcfa972b1f80afc6510bdcfaa32be4c65b64510bdcfab9531f805b64510bffe8a32b1f805b64bc595ab12b219f805b64510bdcfaa32b1f41da4f12b252fada2b1f802964510bac9fa32b1f805b6437fddcfaa32b1f8012f8510bdcfaa32be0c75b64510bdcfa16876c842d437f0bdcfaa32b1f805b64519e9624d85dad800a64510b35faa32beace5b64510bdcfa
2026-10-03 00:57:13.925 [OP] 4202 inv=FFEF len=16 #3 6f0bdcfab72b1f80e57f510b0cc4a32b
2026-10-03 00:57:13.925 [OP] 4055 inv=FFF7 len=8 #3 41cdfc0bdcfaa32b
2026-10-03 00:57:13.925 [CLOSE] main sock 2536 closed
2026-10-03 00:57:17.310 [EVENT] sock=2716 hEvent=00000A1C events=0x0
2026-10-03 00:57:17.310 [EVENT] sock=2716 hEvent=00000A1C events=0x21
2026-10-03 00:57:45.497 [EVENT] sock=2716 hEvent=00000A1C events=0x0
2026-10-03 00:57:45.497 [EVENT] sock=2716 hEvent=00000A1C events=0x21
2026-10-03 00:57:45.903 [NET-E] sock=2716 bypass r=-1 err=10058
2026-10-03 00:59:11.648 [INIT] dll unloaded
2026-10-03 00:59:11.663 [INIT] dll loaded, pid=23996
2026-10-03 00:59:11.663 [INIT] codec loaded OK
2026-10-03 00:59:11.664 [INIT] iat hooks: recv=1 send=1 WSASend=1 connect=1 closesocket=1 WSAEventSelect=1 WSAEnumNetworkEvents=1 ioctlsocket=1
