2026-10-02 20:41:53.138 [INIT] dll loaded, pid=8496
2026-10-02 20:41:53.138 [INIT] codec loaded OK
2026-10-02 20:41:53.138 [INIT] iat hooks: recv=1 send=1 WSASend=1 connect=1 closesocket=1
2026-10-02 20:41:54.768 [PIPE] controller connected
2026-10-02 20:42:48.166 [CONNECT] main sock 2516 -> 8484
2026-10-02 20:42:48.219 [OUT] 0FFF inv=FBC6 len=260 #1 c6fbff0f61dbf62d3aa32b1f805b64510bdcfaa32b9d805b64fb0bdcfaa32b1f80c5ffbf4a7dd276b81f805b64510bdcfa572b1f80ba64510bdcfaa32b090c0817b139b871a32b1f805b64510b36faa32b2d805b64510bdcfa2a306ea3f779e3fcdcfaa32b1f805b64510bdcfaa32b1f805b64510bdcfaa32b1f805b64510bdcfaa32b1f805b897f94433a552b69805be7510bdcfaa3d91f805ba9510bdcf1493c69a4a5ef79db7acced635eae5b64510bdc703b1584b69564510bdcfaa32b1f805bf7ed79a5ce087769b987497930424eed1518145cfd105bc6539540e2085b64510bdcfaa32b1f805b64b20bdcfa5f2b1f805b64510b12f124ba95c5fc62510bdcfaa3
2026-10-02 20:42:48.414 [OP] 4007 inv=FFE6 len=25 #1 8aa5521502a32b1f9e549bf911d4d51f31bc869805ade308fa
2026-10-02 20:42:49.928 [CLOSE] main sock 2516 closed
2026-10-02 20:42:51.113 [CONNECT] main sock 2360 -> 8484
2026-10-02 20:42:51.161 [OUT] 0FFF inv=FBC6 len=260 #2 c6fbff0f61dbf62d3aa32b1f805b64510bdcfaa32b9d805b64fb0bdcfaa32b1f804f6e87158b1681ec1f805b64510bdcfa572b1f80ba64510bdcfaa32bfffcf323b21711f2a32b1f805b64510b36faa32b2d805b64510bdcfa2a306ea3f779e3fcdcfaa32b1f805b64510bdcfaa32b1f805b64510bdcfaa32b1f805b64510bdcfaa32b1f805bbb3ca07aad5b2b1f805b64510bdcfaa3d91f805ba9510bdcfaa32b1f805b64510bdcfaa32b1f805b64510bdcfaa32b1f805b64510bdcfaa32b1f805b6ac97adccefc2b1f77532c3141bd060c1518145cb02703c6539540e2085b64510bdcfaa32b1f805b64b20bdcfa5f2b1f805b64510b96891d139db1da58510bdcfaa3
2026-10-02 20:42:51.426 [OP] 4002 inv=FF8B len=116 #1 9555883fd3b0e4302e5b6f109412412876c5b041a0a88561d7defb75ac08fc1b40f4ac93875dad80c464510bfafaa32bccad5b6416ffdcfac4181f80f27a510b155a4e78c8d97b81510bdcfac42b1f805b64510bdcfaa32b67805b6451b3dcfaa399974dbe2e6b9661faa32b1f805b64510bdcfa
2026-10-02 20:43:02.672 [OUT] 0004 inv=FDD2 len=260 #1 d2fd04000cdcfaa37b7b6acb64510bdcfaa32b1f805b6451b1dcfaa3321f805b64510bdcd5d2333b12934fbb0bdcfaa32b1f805bdd510bdc30a32b1f805b6451de7357f44ac3419d64510bdcfaa32b1f8c5b6451cddcfaa32b1f805bde061e73faa32b1f805b64510bdcfaa3671f805bb5510bdcfaa32b1f7dcddafc9f1deb39515154c464510bdcfaa32b1f28ec65371b40a25555fa08fc347fa911547075d643dae085634128bf375853f764510bdcfaa32b1f805b64510bdcfaa32b1f805b64510bdcfaa32b1f805b64510bdcfaa32b1f805b64510bdcfaa32b1f805b64510bdcfaa32b1f805b64510bdcfaa32b1f805b64510bdcfaa32b1f805b64510bdcfaa32b1f
2026-10-02 20:43:02.740 [OP] 4014 inv=FFEA len=21 #1 5d1f805bf8510bdc955da584abf66b5123d255f82b
2026-10-02 20:43:02.740 [CLOSE] main sock 2360 closed
2026-10-02 20:43:02.816 [OUT] F001 inv=FE5F len=260 #1 5ffe01f003caa32b9b87c4641e2e69746c45e50e5b64510bdcfaa32b1fe0c9e9850bdcfaa32b1f805b64510bdcfaa32b1f805b64510bdcfaa32b1f805b64510bdcfaa32b1f805b64510bdcfaa32b1f805b64510bdcfaa32b1f805b64510bdcfaa32b1f805b64510bdcfaa32b1f805b64510bdcfaa32b1f805b64510bdcfaa32b1f805b64510bdcfaa32b1f805b64510bdcfaa32b1f805b64510bdcfaa32b4a72c64de3672dec7685b0e3fce085f5e97ebf2cc641f71b7fa9b83ae4af45505b64510bdcfaa32b1f805b64510bdcfaa32b1f805b64510bdcfaa32b1f805b64510bdcfaa32b1f805b64510bdcfaa32b1f805b64510bdcfaa32b1f805b64510bdcfaa32b1f80
2026-10-02 20:43:02.944 [OP] E001 inv=FFAF len=80 #1 580be8a3bc2b1f80b77cb9b3ebffc88a0c5c5a4da476a3a1c95ee6c51d4d2439242070384597fb57d5b3bf5f24463e3bd83d1e2e69746c45e50ebb98573976a251375843c56451666ffaa32bfd805b64
2026-10-02 20:43:03.038 [OP] E062 inv=FFCD len=50 #1 9564510bbafa7f3b6c1d985c5579b6947349b2274cf9bc85b1032b25a8ed96784c181874c2d4d0f1d73f332b0b7873baa880
2026-10-02 20:43:03.038 [OP] E062 inv=FFDB len=36 #2 90faa32bee80eecd052a78b83467e8a4f369c5ce4dd0cb56fef33ab76de3b664c159bf80
2026-10-02 20:43:03.039 [OP] E062 inv=FFD6 len=41 #3 ce5b64516edcc0b44bd3a4302774b37803306ed87c542e911708d8c1c6127e0648f7caa14edf3c9780
2026-10-02 20:43:03.039 [OP] E062 inv=FFBD len=66 #4 8bfaa32b2180eecd052a78b83467e8a4f369c56648a6e72307f33ab76d5c192bceebd9b1e97b6f2e14b753eb4b4c723354115f2b04230737be87299ce0ac5c311c80
2026-10-02 20:43:03.039 [OP] E062 inv=FFD2 len=45 #5 aea32b1ffc5b3eaf205bb83467e8a43005939c08e9a1339602fe15472a7ccbe7c0c371aa87299ce0ccce36a780
2026-10-02 20:43:03.609 [OUT] F041 inv=FFE7 len=28 #1 e7ff41f0ed3572a4b607854d1f805b64510bdcfaa32b1f801b64510b
2026-10-02 20:43:03.610 [OUT] F003 inv=FFF7 len=12 #1 f7ff03f01f18ae649e7749a4
2026-10-02 20:43:03.658 [OP] E014 inv=FF97 len=104 #1 23596579b5702c2a510bdcfaa32b1f805b64510bdcfaa32b1f805b64510bdcfaa32b1f805b64510bdcfaa32b1f805b64510bdcfaa32b1f805b64510bdcfaa32b1f805b64510bdcfaa32b1f805b64510bdcfaa32b1f805b64510bdcfaa32b1f805b640ffd1a8a1dbb
2026-10-02 20:43:03.708 [OP] E004 inv=FF0D len=242 #1 0b0ba1914133409e335513f2dcfaa32b1f805b7ffd0be6faa32b1f805b64580bdcfaa32b1f805b64510b696479020e0f840a2913dcfaa32b1f805b26fdecc4faa32b1f805b64580bdcfaa32b1f805b64510b0cc17923ab805b64510bdcfaa32b1f805b64fcecdcfaa32b1f805b640ba690faa32b1f805b64510b23596579d0302c2a510bdcfaa32b1f805b6451ec6afaa32b1f805b647b8052faa32b1f805b64
2026-10-02 20:43:14.045 [OP] EFFE inv=FFFE len=1 #1 0b
2026-10-02 20:43:24.060 [OP] EFFE inv=FFFE len=1 #2 0b
2026-10-02 20:43:33.063 [OP] F005 inv=FFE7 len=24 #1 ed3572a47db7854d1f805b64510bdcfaa32b5ebc0b2b1608
2026-10-02 20:43:33.174 [OP] F005 inv=FFE7 len=24 #2 ed3572a47db7854d1f805b64510bdcfaa32b5ebc0b2b1608
2026-10-02 20:43:34.909 [CLOSE] main sock 2636 closed
2026-10-02 20:44:43.375 [CONNECT] main sock 2964 -> 8484
2026-10-02 20:44:43.424 [OUT] 0FFF inv=FBC6 len=260 #3 c6fbff0f61dbf62d3aa32b1f805b64510bdcfaa32b9d805b64fb0bdcfaa32b1f804f6e87158b1681ec1f805b64510bdcfa572b1f80ba64510bdcfaa32bfffcf323b21711f2a32b1f805b64510b36faa32b2d805b64510bdcfa2a306ea3f779e3fcdcfaa32b1f805b64510bdcfaa32b1f805b64510bdcfaa32b1f805b64510bdcfaa32b1f805bbb3ca07aad5b2b69805be7510bdcfaa3d91f805ba9510bdcf1493c69a4a5ef79db7acced635eae5b64510bdcfa851584b69564510bdcfaa32b1f805bf7ed79a5ce087769b987497930424eed1518145cdc9d03c6539540e2085b64510bdcfaa32b1f805b64b20bdcfa5f2b1f805b64510b96891d139db1da58510bdcfaa3
2026-10-02 20:44:43.698 [OP] 4002 inv=FF8B len=116 #2 95be2f17d3b0e4302e5b6f109412412876c5b041a0a88561d7defb75ac08fc1b40f4ac93875dad80c464510bfafaa32bccad5b6416ffdcfac4181f80f27a510b155a4e78c8d97b81510bdcfac42b1f805b64510bdcfaa32b67805b6451b3dcfaa399974dbe2e6b9661faa32b1f805b64510bdcfa
2026-10-02 20:44:44.941 [OUT] 0004 inv=FDD2 len=260 #2 d2fd04000cdcfaa37b7b6acb64510bdcfaa32b1f805b6451b1dcfaa3321f805b64510bdcd5d2333b12934fbb0bdcfaa32b1f805bdd510bdc30a32b1f805b6451de7357f44ac3419d64510bdcfaa32b1f8c5b6451cddcfaa32b1f805bde061e73faa32b1f805b64510bdcfaa3671f805bb5510bdcfaa32b1f7dcddafc9f1deb39515154c464510bdcfaa32b1f28ec65371b40a25555fa08fc347fa911547075d643dae085634128bf375853f764510bdcfaa32b1f805b64510bdcfaa32b1f805b64510bdcfaa32b1f805b64510bdcfaa32b1f805b64510bdcfaa32b1f805b64510bdcfaa32b1f805b64510bdcfaa32b1f805b64510bdcfaa32b1f805b64510bdcfaa32b1f
2026-10-02 20:44:45.009 [OP] 4014 inv=FFEA len=21 #2 5d1f805bf8510bdc827d448409506b5184bb8ef82b
2026-10-02 20:44:45.010 [CLOSE] main sock 2964 closed
2026-10-02 20:44:45.062 [OUT] F001 inv=FE5F len=260 #2 5ffe01f003caa32b9b87c4641e2e69746c45e50e5b64510bdcfaa32b1fe0c9e9850bdcfaa32b1f805b64510bdcfaa32b1f805b64510bdcfaa32b1f805b64510bdcfaa32b1f805b64510bdcfaa32b1f805b64510bdcfaa32b1f805b64510bdcfaa32b1f805b64510bdcfaa32b1f805b64510bdcfaa32b1f805b64510bdcfaa32b1f805b64510bdcfaa32b1f805b64510bdcfaa32b1f805b64510bdcfaa32b4a72c64de3672dec7685b0e3fce085f5e97ebf2cc641f71b7fa9b83ae4af45505b64510bdcfaa32b1f805b64510bdcfaa32b1f805b64510bdcfaa32b1f805b64510bdcfaa32b1f805b64510bdcfaa32b1f805b64510bdcfaa32b1f805b64510bdcfaa32b1f80
2026-10-02 20:44:45.183 [CLOSE] main sock 2888 closed
2026-10-02 20:44:45.236 [OUT] F001 inv=FE5F len=260 #3 5ffe01f003caa32b9b87c4641e2e69746c45e50e5b64510bdcfaa32b1fe0c9e9850bdcfaa32b1f805b64510bdcfaa32b1f805b64510bdcfaa32b1f805b64510bdcfaa32b1f805b64510bdcfaa32b1f805b64510bdcfaa32b1f805b64510bdcfaa32b1f805b64510bdcfaa32b1f805b64510bdcfaa32b1f805b64510bdcfaa32b1f805b64510bdcfaa32b1f805b64510bdcfaa32b1f805b64510bdcfaa32b4a72c64de3672dec7685b0e3fce085f5e97ebf2cc641f71b7fa9b83ae4af45505b64510bdcfaa32b1f805b64510bdcfaa32b1f805b64510bdcfaa32b1f805b64510bdcfaa32b1f805b64510bdcfaa32b1f805b64510bdcfaa32b1f805b64510bdcfaa32b1f80
2026-10-02 20:44:45.357 [OP] E001 inv=FFAF len=80 #2 580be8a3bc2b1f80b77cb9b3ebffc88a0c5c5a4da476a3a1c95ee6c51d4d2439242070384597fb57d5b3bf5f24463e3bd83d1e2e69746c45e50ebb98573976a251375843c56451666ffaa32bfd805b64
2026-10-02 20:44:45.380 [OUT] F041 inv=FFE7 len=28 #2 e7ff41f0ed3572a4b607854d1f805b64510bdcfaa3adedb6d945940b
2026-10-02 20:44:45.381 [OUT] F003 inv=FFF7 len=12 #2 f7ff03f01f18ae649e2904a4
2026-10-02 20:44:45.472 [OP] E014 inv=FF97 len=104 #2 23596579b5702c2a510bdcfaa32b1f805be279b2dc907c2b1056b76451812fdc4f2b1f805b64510bdcfaa32b1f805b64510bdcfaa32b1f805b64510bdcfaa32b1f805b64510bdcfaa32b1f805b64510bdcfaa32b1f805b64510bdcfaa32b1f805b6486fda28ca5bb
2026-10-02 20:44:45.565 [OP] E004 inv=FF0D len=242 #2 0b0ba1914133409e335513f2dcfaa32b1f805b7ffd0be6faa32b1f805b64580bdcfaa32b1f805b64510b696479020e0f840a2913dcfaa32b1f805b26fdecc4faa32b1f805b64580bdcfaa32b1f805b64510b0cc17923ab805b64510bdcfaa32b1f805b64fcecdcfaa32b1f805b640ba690faa32b1f805b64510b23596579d0302c2a510bdcfaa32b1f805b6451ec6afaa32b1f805b647b8052faa32b1f805b64
2026-10-02 20:44:56.195 [OP] EFFE inv=FFFE len=1 #3 0b
2026-10-02 20:45:06.203 [OP] EFFE inv=FFFE len=1 #4 0b
2026-10-02 20:45:16.623 [CLOSE] main sock 3008 closed
2026-10-02 20:45:42.653 [PIPE] controller disconnected
2026-10-02 20:45:53.848 [CONNECT] main sock 2660 -> 8484
2026-10-02 20:45:53.894 [OUT] 0FFF inv=FBC6 len=260 #4 c6fbff0f61dbf62d3aa32b1f805b64510bdcfaa32b9d805b64fb0bdcfaa32b1f804f6e87158b1681ec1f805b64510bdcfa572b1f80ba64510bdcfaa32bfffcf323b21711f2a32b1f805b64510b36faa32b2d805b64510bdcfa2a306ea3f779e3fcdcfaa32b1f805b64510bdcfaa32b1f805b64510bdcfaa32b1f805b64510bdcfaa32b1f805bbb3ca07aad5b2b69805be7510bdcfaa3d91f805ba9510bdcf1493c69a4a5ef79db7acced635eae5b64510bdc19791584b69564510bdcfaa32b1f805bf7ed79a5ce087769b987497930424eed1518145cdc9d03c6539540e2085b64510bdcfaa32b1f805b64b20bdcfa5f2b1f805b64510b96891d139db1da58510bdcfaa3
2026-10-02 20:45:54.181 [OP] 4002 inv=FF8B len=116 #3 9589be82d3b0e4302e5b6f109412412876c5b041a0a88561d7defb75ac08fc1b40f4ac93875dad80c464510bfafaa32bccad5b6416ffdcfac4181f80f27a510b155a4e78c8d97b81510bdcfac42b1f805b64510bdcfaa32b67805b6451b3dcfaa399974dbe2e6b9661faa32b1f805b64510bdcfa
2026-10-02 20:45:55.647 [OUT] 0004 inv=FDD2 len=260 #3 d2fd04000cdcfaa37b7b6acb64510bdcfaa32b1f805b6451b1dcfaa3321f805b64510bdcd5d2333b12934fbb0bdcfaa32b1f805bdd510bdc30a32b1f805b6451de7357f44ac3419d64510bdcfaa32b1f8c5b6451cddcfaa32b1f805bde061e73faa32b1f805b64510bdcfaa3671f805bb5510bdcfaa32b1f7dcddafc9f1deb39515154c464510bdcfaa32b1f28ec65371b40a25555fa08fc347fa911547075d643dae085634128bf375853f764510bdcfaa32b1f805b64510bdcfaa32b1f805b64510bdcfaa32b1f805b64510bdcfaa32b1f805b64510bdcfaa32b1f805b64510bdcfaa32b1f805b64510bdcfaa32b1f805b64510bdcfaa32b1f805b64510bdcfaa32b1f
2026-10-02 20:45:55.713 [OP] 4014 inv=FFEA len=21 #3 5d1f805bf8510bdccf66418469506b51ebb10af82b
2026-10-02 20:45:55.713 [CLOSE] main sock 2660 closed
2026-10-02 20:45:55.783 [OUT] F001 inv=FE5F len=260 #4 5ffe01f003caa32b9b87c4641e2e69746c45e50e5b64510bdcfaa32b1fe0c9e9850bdcfaa32b1f805b64510bdcfaa32b1f805b64510bdcfaa32b1f805b64510bdcfaa32b1f805b64510bdcfaa32b1f805b64510bdcfaa32b1f805b64510bdcfaa32b1f805b64510bdcfaa32b1f805b64510bdcfaa32b1f805b64510bdcfaa32b1f805b64510bdcfaa32b1f805b64510bdcfaa32b1f805b64510bdcfaa32b4a72c64de3672dec7685b0e3fce085f5e97ebf2cc641f71b7fa9b83ae4af45505b64510bdcfaa32b1f805b64510bdcfaa32b1f805b64510bdcfaa32b1f805b64510bdcfaa32b1f805b64510bdcfaa32b1f805b64510bdcfaa32b1f805b64510bdcfaa32b1f80
2026-10-02 20:45:55.912 [CLOSE] main sock 2788 closed
2026-10-02 20:45:55.962 [OUT] F001 inv=FE5F len=260 #5 5ffe01f003caa32b9b87c4641e2e69746c45e50e5b64510bdcfaa32b1fe0c9e9850bdcfaa32b1f805b64510bdcfaa32b1f805b64510bdcfaa32b1f805b64510bdcfaa32b1f805b64510bdcfaa32b1f805b64510bdcfaa32b1f805b64510bdcfaa32b1f805b64510bdcfaa32b1f805b64510bdcfaa32b1f805b64510bdcfaa32b1f805b64510bdcfaa32b1f805b64510bdcfaa32b1f805b64510bdcfaa32b4a72c64de3672dec7685b0e3fce085f5e97ebf2cc641f71b7fa9b83ae4af45505b64510bdcfaa32b1f805b64510bdcfaa32b1f805b64510bdcfaa32b1f805b64510bdcfaa32b1f805b64510bdcfaa32b1f805b64510bdcfaa32b1f805b64510bdcfaa32b1f80
2026-10-02 20:45:56.090 [OP] E001 inv=FFAF len=80 #3 580be8a3bc2b1f80b77cb9b3ebffc88a0c5c5a4da476a3a1c95ee6c51d4d2439242070384597fb57d5b3bf5f24463e3bd83d1e2e69746c45e50ebb98573976a251375843c56451666ffaa32bfd805b64
2026-10-02 20:45:56.111 [OUT] F041 inv=FFE7 len=28 #3 e7ff41f0ed3572a4b607854d1f805b64510bdcfaa3adedb6d945940b
2026-10-02 20:45:56.111 [OUT] F003 inv=FFF7 len=12 #3 f7ff03f01f18ae649ef56ba4
2026-10-02 20:45:56.203 [OP] E014 inv=FF97 len=104 #3 23596579b5702c2a510bdcfaa32b1f805b64510bb22f1ebb4f55cf64b3e564fa352b1f805b64510bdcfaa32b1f805b64510bdcfaa32b1f805b64510bdcfaa32b1f805b64510bdcfaa32b1f805b64510bdcfaa32b1f805b64510bdcfaa32b1f805b64c4fd1a8a1ebb
2026-10-02 20:45:56.296 [OP] E004 inv=FF0D len=242 #3 0b0ba1914133409e335513f2dcfaa32b1f805b7ffd0be6faa32b1f805b64580bdcfaa32b1f805b64510b696479020e0f840a2913dcfaa32b1f805b26fdecc4faa32b1f805b64580bdcfaa32b1f805b64510b0cc17923ab805b64510bdcfaa32b1f805b64fcecdcfaa32b1f805b640ba690faa32b1f805b64510b23596579d0302c2a510bdcfaa32b1f805b6451ec6afaa32b1f805b647b8052faa32b1f805b64
2026-10-02 20:46:06.294 [OP] EFFE inv=FFFE len=1 #5 0b
2026-10-02 20:46:27.331 [CLOSE] main sock 3012 closed
2026-10-02 20:46:46.581 [CLOSE] main sock 4294967295 closed
2026-10-02 20:46:46.687 [CLOSE] main sock 4294967295 closed
2026-10-02 20:46:47.098 [CLOSE] main sock 4294967295 closed
2026-10-02 20:46:47.098 [CLOSE] main sock 4294967295 closed
2026-10-02 20:46:47.135 [INIT] dll unloaded
