2026-10-03 17:05:45.399 [INIT] dll loaded, pid=2404 (pure network mode)
2026-10-03 17:05:45.399 [INIT] codec loaded OK
2026-10-03 17:05:45.399 [INIT] iat hooks: recv=1 send=1 WSASend=1 connect=1 closesocket=1
2026-10-03 17:05:45.702 [PIPE] controller connected
2026-10-03 17:06:20.721 [CONNECT] sock 2484 -> port 8484
2026-10-03 17:06:22.830 [CONNECT] sock 2696 -> port 8485
2026-10-03 17:06:22.881 [MAIN-SOCK] identified game world sock 2696 (WSASend op=F001)
2026-10-03 17:07:42.019 [SETTLE] exp=2 gold=199367 len=393
2026-10-03 17:08:08.864 [SETTLE] exp=2 gold=199367 len=393
2026-10-03 17:08:36.773 [SETTLE] exp=2 gold=199367 len=393
2026-10-03 17:09:10.300 [SETTLE] exp=1 gold=199367 len=393
2026-10-03 17:09:42.152 [SETTLE] exp=2 gold=199367 len=393
2026-10-03 17:10:00.074 [SYS] #00FFFF#尊敬的冒险者们，今天是#FFFF00#力量之日#00FFFF#！#FFFF00#力量卡片#00FFFF#和少量稀有卡片已经散落在了梦境世界的各个角落，等待着它们的主人！赶快战斗吧，去寻找属于你的卡片！
2026-10-03 17:10:08.607 [SETTLE] exp=1 gold=199367 len=393
2026-10-03 17:10:40.807 [SETTLE] exp=1 gold=199367 len=393
2026-10-03 17:11:00.116 [SYS] #00FFFF#活动中获得的卡片可以在#00FF00#龙之都#00FFFF#的#FF0000#奥里雷西亚女士#00FFFF#处兑换其它卡片或者收藏品；打开锁着的藏宝箱得到的#FFFF00#武器大师礼券#00FFFF#可以在#00FF00#龙之都#00FFFF#的#FF0000#哼哼先生#00FFFF#处兑换锻造金色武器的原料。
2026-10-03 17:11:13.087 [SETTLE] exp=1 gold=199367 len=393
2026-10-03 17:11:37.232 [SETTLE] exp=1 gold=199367 len=393
2026-10-03 17:12:06.605 [SETTLE] exp=1 gold=199367 len=393
2026-10-03 17:12:44.408 [SETTLE] exp=2 gold=199367 len=393
2026-10-03 17:13:19.528 [SETTLE] exp=1 gold=199367 len=393
2026-10-03 17:13:54.653 [SETTLE] exp=1 gold=199367 len=393
2026-10-03 17:14:25.819 [SETTLE] exp=1 gold=199367 len=393
2026-10-03 17:14:50.477 [SETTLE] exp=2 gold=199367 len=393
2026-10-03 17:15:19.650 [SETTLE] exp=2 gold=199367 len=393
2026-10-03 17:15:54.415 [SETTLE] exp=2 gold=199367 len=393
2026-10-03 17:16:16.195 [SETTLE] exp=1 gold=199367 len=393
2026-10-03 17:16:40.101 [SETTLE] exp=2 gold=199367 len=393
2026-10-03 17:17:10.510 [SETTLE] exp=2 gold=199367 len=393
2026-10-03 17:17:34.960 [SETTLE] exp=1 gold=199367 len=393
2026-10-03 17:17:59.089 [SETTLE] exp=1 gold=199367 len=393
2026-10-03 17:18:25.541 [SETTLE] exp=1 gold=199367 len=393
2026-10-03 17:19:04.916 [SETTLE] exp=1 gold=199367 len=393
2026-10-03 17:19:32.594 [SETTLE] exp=2 gold=199367 len=393
2026-10-03 17:19:59.493 [SETTLE] exp=1 gold=199367 len=393
2026-10-03 17:20:00.065 [SYS] #00FFFF#尊敬的冒险者们，今天是#FFFF00#力量之日#00FFFF#！#FFFF00#力量卡片#00FFFF#和少量稀有卡片已经散落在了梦境世界的各个角落，等待着它们的主人！赶快战斗吧，去寻找属于你的卡片！
2026-10-03 17:20:39.588 [SETTLE] exp=1 gold=199367 len=393
2026-10-03 17:21:00.062 [SYS] #00FFFF#活动中获得的卡片可以在#00FF00#龙之都#00FFFF#的#FF0000#奥里雷西亚女士#00FFFF#处兑换其它卡片或者收藏品；打开锁着的藏宝箱得到的#FFFF00#武器大师礼券#00FFFF#可以在#00FF00#龙之都#00FFFF#的#FF0000#哼哼先生#00FFFF#处兑换锻造金色武器的原料。
2026-10-03 17:21:02.521 [SETTLE] exp=1 gold=199367 len=393
2026-10-03 17:21:25.963 [SETTLE] exp=1 gold=199367 len=393
2026-10-03 17:21:53.934 [SETTLE] exp=2 gold=199367 len=393
2026-10-03 17:22:22.107 [SETTLE] exp=1 gold=199367 len=393
2026-10-03 17:22:56.084 [SETTLE] exp=1 gold=199367 len=393
2026-10-03 17:23:22.669 [SETTLE] exp=1 gold=199367 len=393
2026-10-03 17:23:47.264 [SETTLE] exp=1 gold=199367 len=393
2026-10-03 17:24:11.023 [SETTLE] exp=2 gold=199367 len=393
2026-10-03 17:24:37.368 [SETTLE] exp=2 gold=199367 len=393
2026-10-03 17:25:05.591 [SETTLE] exp=1 gold=199367 len=403
2026-10-03 17:25:30.227 [SETTLE] exp=2 gold=199367 len=393
2026-10-03 17:25:57.153 [SETTLE] exp=2 gold=199367 len=393
2026-10-03 17:26:23.803 [SETTLE] exp=2 gold=199367 len=393
2026-10-03 17:27:04.196 [SETTLE] exp=1 gold=199367 len=393
2026-10-03 17:27:28.439 [SETTLE] exp=1 gold=199367 len=413
2026-10-03 17:27:50.775 [SETTLE] exp=1 gold=199367 len=393
2026-10-03 17:28:17.290 [SETTLE] exp=1 gold=199367 len=393
2026-10-03 17:29:03.385 [SETTLE] exp=1 gold=199367 len=393
2026-10-03 17:29:33.323 [SETTLE] exp=1 gold=199367 len=393
2026-10-03 17:30:00.068 [SYS] #00FFFF#尊敬的冒险者们，今天是#FFFF00#力量之日#00FFFF#！#FFFF00#力量卡片#00FFFF#和少量稀有卡片已经散落在了梦境世界的各个角落，等待着它们的主人！赶快战斗吧，去寻找属于你的卡片！
2026-10-03 17:30:11.362 [SETTLE] exp=2 gold=199367 len=393
2026-10-03 17:30:41.777 [SETTLE] exp=2 gold=199367 len=393
2026-10-03 17:31:00.072 [SYS] #00FFFF#活动中获得的卡片可以在#00FF00#龙之都#00FFFF#的#FF0000#奥里雷西亚女士#00FFFF#处兑换其它卡片或者收藏品；打开锁着的藏宝箱得到的#FFFF00#武器大师礼券#00FFFF#可以在#00FF00#龙之都#00FFFF#的#FF0000#哼哼先生#00FFFF#处兑换锻造金色武器的原料。
2026-10-03 17:31:17.486 [SETTLE] exp=2 gold=199367 len=393
2026-10-03 17:31:49.112 [SETTLE] exp=1 gold=199367 len=393
2026-10-03 17:32:19.082 [SETTLE] exp=1 gold=199367 len=393
2026-10-03 17:32:43.869 [SETTLE] exp=1 gold=199367 len=403
2026-10-03 17:33:21.646 [SETTLE] exp=1 gold=199367 len=393
2026-10-03 17:33:59.208 [SETTLE] exp=1 gold=199367 len=393
2026-10-03 17:34:21.571 [SETTLE] exp=1 gold=199367 len=393
2026-10-03 17:34:45.418 [SETTLE] exp=2 gold=199367 len=393
2026-10-03 17:35:25.160 [SETTLE] exp=1 gold=199367 len=393
2026-10-03 17:36:10.300 [SETTLE] exp=1 gold=199367 len=403
2026-10-03 17:36:37.348 [SETTLE] exp=1 gold=199367 len=393
2026-10-03 17:37:03.485 [SETTLE] exp=1 gold=199367 len=393
2026-10-03 17:37:49.556 [SETTLE] exp=1 gold=199367 len=393
2026-10-03 17:38:18.404 [SETTLE] exp=1 gold=199367 len=393
2026-10-03 17:38:44.368 [SETTLE] exp=1 gold=199367 len=393
2026-10-03 17:39:10.287 [SETTLE] exp=1 gold=199367 len=393
2026-10-03 17:39:34.367 [SETTLE] exp=2 gold=199367 len=393
2026-10-03 17:40:00.120 [SYS] #00FFFF#尊敬的冒险者们，今天是#FFFF00#力量之日#00FFFF#！#FFFF00#力量卡片#00FFFF#和少量稀有卡片已经散落在了梦境世界的各个角落，等待着它们的主人！赶快战斗吧，去寻找属于你的卡片！
2026-10-03 17:40:01.301 [SETTLE] exp=1 gold=199367 len=393
2026-10-03 17:40:28.799 [SETTLE] exp=1 gold=199367 len=393
2026-10-03 17:40:51.663 [SETTLE] exp=2 gold=199367 len=393
2026-10-03 17:41:00.080 [SYS] #00FFFF#活动中获得的卡片可以在#00FF00#龙之都#00FFFF#的#FF0000#奥里雷西亚女士#00FFFF#处兑换其它卡片或者收藏品；打开锁着的藏宝箱得到的#FFFF00#武器大师礼券#00FFFF#可以在#00FF00#龙之都#00FFFF#的#FF0000#哼哼先生#00FFFF#处兑换锻造金色武器的原料。
2026-10-03 17:41:28.268 [SETTLE] exp=1 gold=199367 len=393
2026-10-03 17:41:56.881 [SETTLE] exp=2 gold=199367 len=393
2026-10-03 17:42:25.157 [SETTLE] exp=2 gold=199367 len=393
2026-10-03 17:42:52.825 [SETTLE] exp=1 gold=199367 len=393
2026-10-03 17:43:15.317 [SETTLE] exp=2 gold=199367 len=393
2026-10-03 17:43:42.309 [SETTLE] exp=2 gold=199367 len=393
2026-10-03 17:44:14.629 [SETTLE] exp=2 gold=199367 len=393
2026-10-03 17:44:45.175 [SETTLE] exp=2 gold=199367 len=393
2026-10-03 17:45:13.112 [SETTLE] exp=1 gold=199367 len=393
2026-10-03 17:45:46.568 [SETTLE] exp=2 gold=199367 len=393
2026-10-03 17:46:05.388 [QUESTION] {"type":"question","sock":2484,"qno":14,"field_a":103,"stem":"当发现有人触电后，抢救他的正确方法是？","options":["1、找个能插的电源","2、给手机充电","3、切断电源","4、也一起触电"]}
2026-10-03 17:46:06.611 [SEND-ANSWER] qno=14 opt=2 ret=13 sock=2484
2026-10-03 17:46:06.663 [SYS] 测试通过！
2026-10-03 17:46:06.757 [SYS] 获得了#00FF00#100#FFF692#金币
2026-10-03 17:46:15.950 [SETTLE] exp=2 gold=199367 len=393
2026-10-03 17:46:44.161 [SETTLE] exp=2 gold=199367 len=393
2026-10-03 17:47:15.786 [SETTLE] exp=1 gold=199367 len=393
2026-10-03 17:47:45.391 [SETTLE] exp=2 gold=199367 len=393
2026-10-03 17:48:13.580 [SETTLE] exp=2 gold=199367 len=393
2026-10-03 17:48:42.556 [SETTLE] exp=1 gold=199367 len=393
2026-10-03 17:49:09.275 [SETTLE] exp=2 gold=199367 len=393
2026-10-03 17:49:46.125 [SETTLE] exp=2 gold=199367 len=393
2026-10-03 17:50:00.073 [SYS] #00FFFF#尊敬的冒险者们，今天是#FFFF00#力量之日#00FFFF#！#FFFF00#力量卡片#00FFFF#和少量稀有卡片已经散落在了梦境世界的各个角落，等待着它们的主人！赶快战斗吧，去寻找属于你的卡片！
2026-10-03 17:50:11.800 [SETTLE] exp=1 gold=199367 len=393
2026-10-03 17:50:49.349 [SETTLE] exp=1 gold=199367 len=393
2026-10-03 17:51:00.079 [SYS] #00FFFF#活动中获得的卡片可以在#00FF00#龙之都#00FFFF#的#FF0000#奥里雷西亚女士#00FFFF#处兑换其它卡片或者收藏品；打开锁着的藏宝箱得到的#FFFF00#武器大师礼券#00FFFF#可以在#00FF00#龙之都#00FFFF#的#FF0000#哼哼先生#00FFFF#处兑换锻造金色武器的原料。
2026-10-03 17:51:12.590 [SETTLE] exp=2 gold=199367 len=393
2026-10-03 17:51:36.099 [SETTLE] exp=2 gold=199367 len=393
2026-10-03 17:52:01.876 [SETTLE] exp=1 gold=199367 len=393
2026-10-03 17:52:27.835 [SETTLE] exp=2 gold=199367 len=393
2026-10-03 17:52:50.131 [SETTLE] exp=2 gold=199367 len=393
2026-10-03 17:53:14.385 [SETTLE] exp=1 gold=199367 len=393
2026-10-03 17:53:37.599 [SETTLE] exp=2 gold=199367 len=393
2026-10-03 17:54:03.611 [SETTLE] exp=1 gold=199367 len=393
2026-10-03 17:54:25.657 [SETTLE] exp=1 gold=199367 len=393
2026-10-03 17:54:58.620 [SETTLE] exp=1 gold=199367 len=393
2026-10-03 17:55:21.624 [SETTLE] exp=2 gold=199367 len=393
2026-10-03 17:55:56.097 [SETTLE] exp=2 gold=199367 len=393
2026-10-03 17:56:25.229 [SETTLE] exp=2 gold=199367 len=393
2026-10-03 17:56:58.704 [SETTLE] exp=2 gold=199367 len=393
2026-10-03 17:57:29.721 [SETTLE] exp=1 gold=199367 len=393
2026-10-03 17:58:10.057 [SETTLE] exp=1 gold=199367 len=393
2026-10-03 17:58:29.826 [SETTLE] exp=1 gold=199367 len=393
2026-10-03 17:59:00.077 [SETTLE] exp=1 gold=199367 len=393
2026-10-03 17:59:25.577 [SETTLE] exp=1 gold=199367 len=393
2026-10-03 17:59:53.151 [SETTLE] exp=2 gold=199367 len=393
2026-10-03 18:00:00.008 [SYS] #00FFFF#到目前为止，已经有无数的卡片找到了它们的主人！#FFFF00#力量之日#00FFFF#活动到此暂告一段落，祝大家游戏快乐，好运连连。让我们一起期待下一个活动日的到来吧！
2026-10-03 18:00:29.703 [SETTLE] exp=1 gold=199367 len=393
2026-10-03 18:00:58.407 [SETTLE] exp=2 gold=199367 len=393
2026-10-03 18:01:25.346 [SETTLE] exp=2 gold=199367 len=393
2026-10-03 18:01:52.863 [SETTLE] exp=1 gold=199367 len=393
2026-10-03 18:02:19.089 [SETTLE] exp=1 gold=199367 len=393
2026-10-03 18:02:55.734 [SETTLE] exp=1 gold=199367 len=393
2026-10-03 18:03:24.547 [SETTLE] exp=2 gold=199367 len=393
2026-10-03 18:03:49.401 [SETTLE] exp=1 gold=199367 len=393
2026-10-03 18:04:29.134 [SETTLE] exp=1 gold=199367 len=393
2026-10-03 18:04:58.217 [SETTLE] exp=2 gold=199367 len=393
2026-10-03 18:05:25.812 [SETTLE] exp=2 gold=199367 len=393
2026-10-03 18:05:54.328 [SETTLE] exp=1 gold=199367 len=393
2026-10-03 18:06:21.077 [SETTLE] exp=2 gold=199367 len=393
2026-10-03 18:06:47.673 [SETTLE] exp=2 gold=199367 len=393
2026-10-03 18:07:37.502 [SETTLE] exp=2 gold=199367 len=393
2026-10-03 18:08:08.327 [SETTLE] exp=1 gold=199367 len=393
2026-10-03 18:08:35.273 [SETTLE] exp=2 gold=199367 len=393
2026-10-03 18:09:04.040 [SETTLE] exp=1 gold=199367 len=393
2026-10-03 18:09:42.173 [SETTLE] exp=1 gold=199367 len=393
2026-10-03 18:10:11.326 [SETTLE] exp=1 gold=199367 len=393
2026-10-03 18:10:42.221 [SETTLE] exp=1 gold=199367 len=393
2026-10-03 18:11:17.330 [SETTLE] exp=2 gold=199367 len=393
2026-10-03 18:11:45.127 [SETTLE] exp=2 gold=199367 len=393
2026-10-03 18:12:11.264 [SETTLE] exp=1 gold=199367 len=393
2026-10-03 18:12:33.038 [SETTLE] exp=1 gold=199367 len=393
2026-10-03 18:12:58.152 [SETTLE] exp=1 gold=199367 len=393
2026-10-03 18:13:37.859 [SETTLE] exp=2 gold=199367 len=393
2026-10-03 18:14:02.098 [SETTLE] exp=1 gold=199367 len=393
2026-10-03 18:14:43.743 [SETTLE] exp=1 gold=199367 len=393
2026-10-03 18:15:07.810 [SETTLE] exp=1 gold=199367 len=393
2026-10-03 18:15:54.717 [SETTLE] exp=1 gold=199367 len=393
2026-10-03 18:16:16.290 [SETTLE] exp=1 gold=199367 len=393
2026-10-03 18:16:39.337 [SETTLE] exp=1 gold=199367 len=393
2026-10-03 18:17:02.402 [SETTLE] exp=1 gold=199367 len=393
2026-10-03 18:17:29.978 [SETTLE] exp=1 gold=199367 len=393
2026-10-03 18:17:55.881 [SETTLE] exp=1 gold=199367 len=393
2026-10-03 18:18:33.839 [SETTLE] exp=2 gold=199367 len=393
2026-10-03 18:19:24.326 [SETTLE] exp=2 gold=199367 len=393
2026-10-03 18:20:11.409 [SETTLE] exp=1 gold=199367 len=393
2026-10-03 18:20:17.798 [SYS] #FFF692#恭喜#FF8CF8#情義丶聪爺#FFF692#在#00C8F8#珍稀特殊RP箱#FFF692#中获得了#64FF7D#特殊3阶宠装强化剂
2026-10-03 18:20:17.940 [SYS] #FFF692#恭喜#FF8CF8#情義丶聪爺#FFF692#在#00C8F8#珍稀特殊RP箱#FFF692#中获得了#64FF7D#特殊3阶宠装强化剂
2026-10-03 18:20:40.682 [SETTLE] exp=2 gold=199367 len=393
2026-10-03 18:21:07.911 [SETTLE] exp=1 gold=199367 len=393
2026-10-03 18:21:33.313 [SETTLE] exp=2 gold=199367 len=393
2026-10-03 18:22:23.402 [SETTLE] exp=1 gold=199367 len=393
2026-10-03 18:22:47.948 [SETTLE] exp=2 gold=199367 len=393
2026-10-03 18:23:09.411 [SETTLE] exp=2 gold=199367 len=393
2026-10-03 18:23:43.107 [SETTLE] exp=2 gold=199367 len=403
2026-10-03 18:24:07.249 [SETTLE] exp=2 gold=199367 len=393
2026-10-03 18:24:25.748 [SETTLE] exp=1 gold=199367 len=393
2026-10-03 18:25:06.278 [SETTLE] exp=1 gold=199367 len=393
2026-10-03 18:25:35.508 [SETTLE] exp=2 gold=199367 len=393
2026-10-03 18:26:02.212 [SETTLE] exp=2 gold=199367 len=393
2026-10-03 18:26:20.758 [SETTLE] exp=1 gold=199367 len=393
2026-10-03 18:26:44.642 [SETTLE] exp=2 gold=199367 len=393
2026-10-03 18:27:18.947 [SETTLE] exp=2 gold=199367 len=393
2026-10-03 18:27:48.593 [SETTLE] exp=1 gold=199367 len=393
2026-10-03 18:28:12.593 [SETTLE] exp=1 gold=199367 len=393
2026-10-03 18:28:50.788 [SETTLE] exp=2 gold=199367 len=393
2026-10-03 18:29:32.385 [SETTLE] exp=2 gold=199367 len=393
2026-10-03 18:29:55.807 [SETTLE] exp=2 gold=199367 len=403
2026-10-03 18:30:21.606 [SETTLE] exp=1 gold=199367 len=393
2026-10-03 18:30:46.554 [SETTLE] exp=2 gold=199367 len=393
2026-10-03 18:31:24.673 [SETTLE] exp=2 gold=199367 len=393
2026-10-03 18:31:50.036 [SETTLE] exp=2 gold=199367 len=393
2026-10-03 18:32:20.041 [SETTLE] exp=2 gold=199367 len=393
2026-10-03 18:32:45.026 [SETTLE] exp=1 gold=199367 len=403
2026-10-03 18:33:22.900 [SETTLE] exp=1 gold=199367 len=393
2026-10-03 18:34:03.508 [SETTLE] exp=2 gold=199367 len=393
2026-10-03 18:34:40.663 [SETTLE] exp=1 gold=199367 len=403
2026-10-03 18:35:17.041 [SETTLE] exp=1 gold=199367 len=393
2026-10-03 18:36:03.992 [SETTLE] exp=2 gold=199367 len=393
2026-10-03 18:36:46.397 [SETTLE] exp=1 gold=199367 len=393
2026-10-03 18:37:30.038 [SETTLE] exp=2 gold=199367 len=393
2026-10-03 18:38:07.482 [SETTLE] exp=2 gold=199367 len=393
2026-10-03 18:38:37.938 [SETTLE] exp=2 gold=199367 len=393
2026-10-03 18:39:09.275 [SETTLE] exp=1 gold=199367 len=393
2026-10-03 18:39:40.062 [SETTLE] exp=2 gold=199367 len=393
2026-10-03 18:40:11.380 [SETTLE] exp=1 gold=199367 len=393
2026-10-03 18:40:55.671 [SETTLE] exp=1 gold=199367 len=393
2026-10-03 18:41:39.384 [SETTLE] exp=1 gold=199367 len=393
2026-10-03 18:42:23.505 [SETTLE] exp=2 gold=199367 len=393
2026-10-03 18:42:50.617 [SETTLE] exp=1 gold=199367 len=393
2026-10-03 18:43:20.638 [SETTLE] exp=2 gold=199367 len=393
2026-10-03 18:44:10.559 [SETTLE] exp=2 gold=199367 len=393
2026-10-03 18:44:45.832 [SETTLE] exp=2 gold=199367 len=393
2026-10-03 18:45:32.364 [SETTLE] exp=2 gold=199367 len=393
2026-10-03 18:46:02.929 [SETTLE] exp=1 gold=199367 len=393
2026-10-03 18:46:38.979 [SETTLE] exp=1 gold=199367 len=393
2026-10-03 18:47:13.975 [SETTLE] exp=2 gold=199367 len=403
2026-10-03 18:47:36.010 [SETTLE] exp=1 gold=199367 len=393
2026-10-03 18:48:00.210 [SETTLE] exp=1 gold=199367 len=403
2026-10-03 18:48:27.697 [SETTLE] exp=1 gold=199367 len=393
2026-10-03 18:48:51.167 [SETTLE] exp=2 gold=199367 len=393
2026-10-03 18:49:22.088 [SETTLE] exp=1 gold=199367 len=393
2026-10-03 18:49:50.035 [SETTLE] exp=1 gold=199367 len=393
2026-10-03 18:50:36.207 [SETTLE] exp=2 gold=199367 len=393
2026-10-03 18:50:58.019 [SETTLE] exp=1 gold=199367 len=393
2026-10-03 18:51:27.367 [SETTLE] exp=2 gold=199367 len=393
2026-10-03 18:52:12.176 [SETTLE] exp=1 gold=199367 len=393
2026-10-03 18:52:36.927 [SETTLE] exp=1 gold=199367 len=393
2026-10-03 18:53:22.267 [SETTLE] exp=1 gold=199367 len=393
2026-10-03 18:53:47.018 [SETTLE] exp=1 gold=199367 len=393
2026-10-03 18:54:30.273 [SETTLE] exp=2 gold=199367 len=393
2026-10-03 18:55:02.002 [SETTLE] exp=2 gold=199367 len=393
2026-10-03 18:55:31.880 [SETTLE] exp=2 gold=199367 len=393
2026-10-03 18:55:56.335 [SETTLE] exp=2 gold=199367 len=393
2026-10-03 18:56:24.689 [SETTLE] exp=2 gold=199367 len=393
2026-10-03 18:56:52.321 [SETTLE] exp=1 gold=199367 len=393
2026-10-03 18:57:34.508 [SETTLE] exp=2 gold=199367 len=403
2026-10-03 18:57:59.676 [SETTLE] exp=2 gold=199367 len=393
2026-10-03 18:58:26.421 [SETTLE] exp=2 gold=199367 len=393
2026-10-03 18:58:54.572 [SETTLE] exp=2 gold=199367 len=403
2026-10-03 18:59:18.298 [QUESTION] {"type":"question","sock":2484,"qno":6,"field_a":80,"stem":".“竹子”属于哪一类植物？","options":["1、处长职务","2、食肉植物","3、草本植物","4、食草植物"]}
2026-10-03 18:59:21.480 [SEND-ANSWER] qno=6 opt=2 ret=13 sock=2484
2026-10-03 18:59:21.528 [SYS] 测试通过！
2026-10-03 18:59:21.629 [SYS] 获得了#00FF00#100#FFF692#金币
2026-10-03 18:59:23.188 [SETTLE] exp=2 gold=199367 len=393
2026-10-03 18:59:45.550 [SETTLE] exp=2 gold=199367 len=393
2026-10-03 19:00:30.219 [SETTLE] exp=2 gold=199367 len=393
2026-10-03 19:01:10.188 [SETTLE] exp=1 gold=199367 len=393
2026-10-03 19:01:48.876 [SETTLE] exp=2 gold=199367 len=393
2026-10-03 19:02:24.557 [SETTLE] exp=2 gold=199367 len=393
2026-10-03 19:03:01.065 [SETTLE] exp=2 gold=199367 len=393
2026-10-03 19:03:32.091 [SETTLE] exp=2 gold=199367 len=393
2026-10-03 19:03:57.661 [SETTLE] exp=2 gold=199367 len=393
2026-10-03 19:04:25.563 [SETTLE] exp=2 gold=199367 len=393
2026-10-03 19:04:48.788 [SETTLE] exp=2 gold=199367 len=393
2026-10-03 19:05:30.541 [SETTLE] exp=1 gold=199367 len=393
2026-10-03 19:05:57.498 [SETTLE] exp=2 gold=199367 len=393
2026-10-03 19:06:23.444 [SETTLE] exp=1 gold=199367 len=393
2026-10-03 19:07:06.275 [SETTLE] exp=2 gold=199367 len=393
2026-10-03 19:07:33.754 [SETTLE] exp=1 gold=199367 len=393
2026-10-03 19:07:58.289 [SETTLE] exp=1 gold=199367 len=393
2026-10-03 19:08:23.517 [SETTLE] exp=1 gold=199367 len=393
2026-10-03 19:08:58.513 [SETTLE] exp=1 gold=199367 len=393
2026-10-03 19:09:40.125 [SETTLE] exp=1 gold=199367 len=393
2026-10-03 19:10:08.130 [SETTLE] exp=1 gold=199367 len=393
2026-10-03 19:10:43.881 [SETTLE] exp=2 gold=199367 len=393
2026-10-03 19:11:11.094 [SETTLE] exp=1 gold=199367 len=393
2026-10-03 19:11:22.967 [QUESTION] {"type":"question","sock":2484,"qno":8,"field_a":75,"stem":"风速越大，风力就会怎么样？","options":["1、能烤鸡翅膀","2、形成台轰","3、越强","4、有毒"]}
2026-10-03 19:11:23.904 [SEND-ANSWER] qno=8 opt=2 ret=13 sock=2484
2026-10-03 19:11:23.959 [SYS] 测试通过！
2026-10-03 19:11:24.058 [SYS] 获得了#00FF00#100#FFF692#金币
2026-10-03 19:11:45.848 [SETTLE] exp=2 gold=199367 len=393
2026-10-03 19:12:24.165 [SETTLE] exp=2 gold=199367 len=393
2026-10-03 19:13:03.043 [SETTLE] exp=1 gold=199367 len=393
2026-10-03 19:13:31.357 [SETTLE] exp=1 gold=199367 len=393
2026-10-03 19:14:07.791 [SETTLE] exp=1 gold=199367 len=393
2026-10-03 19:14:35.397 [SETTLE] exp=2 gold=199367 len=393
2026-10-03 19:15:01.141 [SETTLE] exp=2 gold=199367 len=393
2026-10-03 19:15:31.227 [SETTLE] exp=1 gold=199367 len=393
2026-10-03 19:15:57.803 [SETTLE] exp=2 gold=199367 len=393
2026-10-03 19:16:27.003 [SETTLE] exp=2 gold=199367 len=393
2026-10-03 19:16:51.368 [SETTLE] exp=1 gold=199367 len=393
2026-10-03 19:17:14.139 [SETTLE] exp=1 gold=199367 len=393
2026-10-03 19:17:37.172 [SETTLE] exp=1 gold=199367 len=393
2026-10-03 19:18:08.545 [SETTLE] exp=1 gold=199367 len=393
2026-10-03 19:18:33.834 [SETTLE] exp=1 gold=199367 len=393
2026-10-03 19:18:58.089 [SETTLE] exp=1 gold=199367 len=393
2026-10-03 19:19:27.028 [SETTLE] exp=2 gold=199367 len=393
2026-10-03 19:20:00.394 [SETTLE] exp=2 gold=199367 len=393
2026-10-03 19:20:22.144 [SETTLE] exp=2 gold=199367 len=393
2026-10-03 19:20:53.063 [SETTLE] exp=1 gold=199367 len=393
2026-10-03 19:21:19.844 [SETTLE] exp=2 gold=199367 len=393
2026-10-03 19:21:48.137 [SETTLE] exp=1 gold=199367 len=393
2026-10-03 19:22:19.437 [SETTLE] exp=1 gold=199367 len=393
2026-10-03 19:22:44.133 [SETTLE] exp=1 gold=199367 len=393
2026-10-03 19:23:05.174 [SETTLE] exp=1 gold=199367 len=393
2026-10-03 19:23:39.574 [SETTLE] exp=1 gold=199367 len=393
2026-10-03 19:24:11.901 [SETTLE] exp=2 gold=199367 len=393
2026-10-03 19:24:38.649 [SETTLE] exp=1 gold=199367 len=393
2026-10-03 19:25:17.515 [SETTLE] exp=1 gold=199367 len=393
2026-10-03 19:25:48.820 [SETTLE] exp=2 gold=199367 len=393
2026-10-03 19:26:17.106 [SETTLE] exp=1 gold=199367 len=393
2026-10-03 19:26:56.993 [SETTLE] exp=2 gold=199367 len=393
2026-10-03 19:27:23.262 [SETTLE] exp=2 gold=199367 len=393
2026-10-03 19:27:47.287 [SETTLE] exp=1 gold=199367 len=393
2026-10-03 19:28:19.029 [SETTLE] exp=2 gold=199367 len=393
2026-10-03 19:28:44.090 [SETTLE] exp=1 gold=199367 len=393
2026-10-03 19:29:13.511 [SETTLE] exp=1 gold=199367 len=393
2026-10-03 19:29:33.997 [SETTLE] exp=2 gold=199367 len=393
2026-10-03 19:30:13.085 [SETTLE] exp=2 gold=199367 len=393
2026-10-03 19:30:50.463 [SETTLE] exp=1 gold=199367 len=393
2026-10-03 19:31:16.599 [SETTLE] exp=1 gold=199367 len=393
2026-10-03 19:31:40.851 [SETTLE] exp=1 gold=199367 len=393
2026-10-03 19:32:08.597 [SETTLE] exp=1 gold=199367 len=393
2026-10-03 19:32:37.013 [SETTLE] exp=1 gold=199367 len=393
2026-10-03 19:33:12.557 [SETTLE] exp=2 gold=199367 len=393
2026-10-03 19:33:44.870 [SETTLE] exp=1 gold=199367 len=393
2026-10-03 19:34:12.476 [SETTLE] exp=1 gold=199367 len=393
2026-10-03 19:34:36.650 [SETTLE] exp=2 gold=199367 len=393
2026-10-03 19:35:06.002 [SETTLE] exp=2 gold=199367 len=393
2026-10-03 19:35:45.347 [SETTLE] exp=1 gold=199367 len=393
2026-10-03 19:36:24.637 [SETTLE] exp=1 gold=199367 len=393
2026-10-03 19:36:50.558 [SETTLE] exp=2 gold=199367 len=393
2026-10-03 19:37:18.681 [SETTLE] exp=2 gold=199367 len=393
2026-10-03 19:37:49.620 [SETTLE] exp=2 gold=199367 len=393
2026-10-03 19:38:17.893 [SETTLE] exp=1 gold=199367 len=393
2026-10-03 19:38:40.533 [SETTLE] exp=1 gold=199367 len=393
2026-10-03 19:39:10.148 [SETTLE] exp=1 gold=199367 len=393
2026-10-03 19:39:51.682 [SETTLE] exp=1 gold=199367 len=393
2026-10-03 19:40:20.493 [SETTLE] exp=1 gold=199367 len=393
2026-10-03 19:40:46.646 [SETTLE] exp=1 gold=199367 len=393
2026-10-03 19:41:19.748 [SETTLE] exp=2 gold=199367 len=393
2026-10-03 19:41:43.660 [SETTLE] exp=2 gold=199367 len=393
2026-10-03 19:42:15.919 [SETTLE] exp=2 gold=199367 len=393
2026-10-03 19:42:52.423 [SETTLE] exp=2 gold=199367 len=393
2026-10-03 19:43:13.735 [SETTLE] exp=1 gold=199367 len=393
2026-10-03 19:43:43.426 [SETTLE] exp=2 gold=199367 len=393
2026-10-03 19:44:16.073 [SETTLE] exp=2 gold=199367 len=393
2026-10-03 19:44:38.384 [SETTLE] exp=2 gold=199367 len=393
2026-10-03 19:45:03.648 [SETTLE] exp=2 gold=199367 len=393
2026-10-03 19:45:32.115 [SETTLE] exp=1 gold=199367 len=393
2026-10-03 19:45:54.426 [SETTLE] exp=1 gold=199367 len=393
2026-10-03 19:46:40.273 [SETTLE] exp=1 gold=199367 len=393
2026-10-03 19:47:16.101 [SETTLE] exp=1 gold=199367 len=393
2026-10-03 19:47:43.862 [SETTLE] exp=2 gold=199367 len=393
2026-10-03 19:48:25.866 [SETTLE] exp=1 gold=199367 len=393
2026-10-03 19:49:05.708 [SETTLE] exp=1 gold=199367 len=393
2026-10-03 19:49:33.603 [SETTLE] exp=2 gold=199367 len=393
2026-10-03 19:49:59.967 [SYS] #00FFFF#国庆节特别活动“红旗飘飘贺国庆”将于#00FF00#10#00FFFF#分钟后开启，冒险者可以在逍遥西的#FF0000#大冒险活动官#00FFFF#处参加活动，收集喜庆用品装饰旗台，赢取丰富的属性及道具奖励，幸运的冒险者还将得到#FF0000#稀有奖励#FFFFFF#！
2026-10-03 19:50:20.325 [SETTLE] exp=1 gold=199367 len=393
2026-10-03 19:50:37.697 [SETTLE] exp=1 gold=199367 len=393
2026-10-03 19:51:15.526 [SETTLE] exp=1 gold=199367 len=393
2026-10-03 19:51:54.505 [SETTLE] exp=1 gold=199367 len=393
2026-10-03 19:52:38.991 [SETTLE] exp=2 gold=199367 len=393
2026-10-03 19:53:04.636 [SETTLE] exp=1 gold=199367 len=393
2026-10-03 19:53:41.717 [SETTLE] exp=2 gold=199367 len=403
2026-10-03 19:54:03.336 [SETTLE] exp=2 gold=199367 len=393
2026-10-03 19:54:33.563 [SETTLE] exp=1 gold=199367 len=393
2026-10-03 19:55:00.019 [SYS] #00FFFF#国庆节特别活动“红旗飘飘贺国庆”将于#00FF00#5#00FFFF#分钟后开启，冒险者可以在逍遥西的#FF0000#大冒险活动官#00FFFF#处参加活动，收集喜庆用品装饰旗台，赢取丰富的属性及道具奖励，幸运的冒险者还将得到#FF0000#稀有奖励#FFFFFF#！
2026-10-03 19:55:07.325 [SETTLE] exp=1 gold=199367 len=393
2026-10-03 19:55:34.307 [SETTLE] exp=2 gold=199367 len=393
2026-10-03 19:55:58.886 [SETTLE] exp=1 gold=199367 len=393
2026-10-03 19:56:38.304 [SETTLE] exp=2 gold=199367 len=393
2026-10-03 19:57:18.925 [SETTLE] exp=1 gold=199367 len=393
2026-10-03 19:57:59.599 [SETTLE] exp=1 gold=199367 len=393
2026-10-03 19:58:23.209 [SETTLE] exp=2 gold=199367 len=393
2026-10-03 19:58:47.593 [SETTLE] exp=2 gold=199367 len=393
2026-10-03 19:59:15.568 [SETTLE] exp=2 gold=199367 len=393
2026-10-03 19:59:43.066 [SETTLE] exp=2 gold=199367 len=393
2026-10-03 19:59:59.972 [SYS] #00FFFF#国庆节特别活动“红旗飘飘贺国庆”#00FF00#正式开启#00FFFF#，冒险者可以在逍遥西的#FF0000#大冒险活动官#00FFFF#处参加活动，收集喜庆用品装饰旗台，赢取丰富的属性及道具奖励，幸运的冒险者还将得到#FF0000#稀有奖励#FFFFFF#！
2026-10-03 20:00:00.552 [SYS] 许愿池里多了一批新礼物，赶紧来许愿吧~
2026-10-03 20:00:13.991 [SETTLE] exp=1 gold=199367 len=393
2026-10-03 20:00:55.520 [SETTLE] exp=2 gold=199367 len=393
2026-10-03 20:01:35.007 [SETTLE] exp=2 gold=199367 len=393
2026-10-03 20:02:00.678 [SETTLE] exp=2 gold=199367 len=393
2026-10-03 20:02:27.891 [SETTLE] exp=2 gold=199367 len=393
2026-10-03 20:02:55.468 [SETTLE] exp=2 gold=199367 len=393
2026-10-03 20:03:36.795 [SETTLE] exp=2 gold=199367 len=393
2026-10-03 20:04:03.204 [SETTLE] exp=2 gold=199367 len=393
2026-10-03 20:04:33.941 [SETTLE] exp=1 gold=199367 len=393
2026-10-03 20:05:08.470 [SETTLE] exp=1 gold=199367 len=393
2026-10-03 20:05:50.127 [SETTLE] exp=2 gold=199367 len=393
2026-10-03 20:06:28.670 [SETTLE] exp=1 gold=199367 len=393
2026-10-03 20:06:52.210 [SETTLE] exp=1 gold=199367 len=393
2026-10-03 20:07:18.554 [SETTLE] exp=1 gold=199367 len=393
2026-10-03 20:07:45.865 [SETTLE] exp=2 gold=199367 len=393
2026-10-03 20:08:15.284 [SETTLE] exp=2 gold=199367 len=393
2026-10-03 20:09:03.927 [SETTLE] exp=1 gold=199367 len=393
2026-10-03 20:09:35.784 [SETTLE] exp=2 gold=199367 len=393
2026-10-03 20:10:15.130 [SETTLE] exp=2 gold=199367 len=393
2026-10-03 20:10:52.042 [SETTLE] exp=1 gold=199367 len=393
2026-10-03 20:11:36.098 [SETTLE] exp=1 gold=199367 len=393
2026-10-03 20:12:00.705 [QUESTION] {"type":"question","sock":2484,"qno":7,"field_a":72,"stem":"以下生物\"属于\"昆虫的是?","options":["1、猩猩队长","2、奔驰","3、擎天柱","4、七星瓢虫"]}
2026-10-03 20:12:06.708 [SEND-ANSWER] qno=7 opt=3 ret=13 sock=2484
2026-10-03 20:12:06.812 [SYS] 测试通过！
2026-10-03 20:12:06.917 [SYS] 获得了#00FF00#100#FFF692#金币
2026-10-03 20:12:11.120 [SETTLE] exp=1 gold=199367 len=393
2026-10-03 20:12:37.177 [SETTLE] exp=2 gold=199367 len=393
2026-10-03 20:13:05.487 [SETTLE] exp=2 gold=199367 len=393
2026-10-03 20:13:36.672 [SETTLE] exp=1 gold=199367 len=393
2026-10-03 20:14:09.434 [SETTLE] exp=2 gold=199367 len=393
2026-10-03 20:14:35.675 [SETTLE] exp=2 gold=199367 len=393
2026-10-03 20:15:07.823 [SETTLE] exp=1 gold=199367 len=393
2026-10-03 20:15:55.522 [SETTLE] exp=2 gold=199367 len=393
2026-10-03 20:16:21.424 [SETTLE] exp=1 gold=199367 len=393
2026-10-03 20:17:00.770 [SETTLE] exp=2 gold=199367 len=393
2026-10-03 20:17:32.517 [SETTLE] exp=2 gold=199367 len=393
2026-10-03 20:18:11.302 [SETTLE] exp=1 gold=199367 len=393
2026-10-03 20:18:47.257 [SETTLE] exp=2 gold=199367 len=393
2026-10-03 20:19:16.162 [SETTLE] exp=2 gold=199367 len=393
2026-10-03 20:19:47.579 [SETTLE] exp=1 gold=199367 len=403
2026-10-03 20:19:59.993 [SYS] #00FFFF#国庆节特别活动“红旗飘飘贺国庆”#00FF00#正式开启#00FFFF#，冒险者可以在逍遥西的#FF0000#大冒险活动官#00FFFF#处参加活动，收集喜庆用品装饰旗台，赢取丰富的属性及道具奖励，幸运的冒险者还将得到#FF0000#稀有奖励#FFFFFF#！
2026-10-03 20:20:33.341 [SETTLE] exp=1 gold=199367 len=393
2026-10-03 20:21:12.530 [SETTLE] exp=2 gold=199367 len=393
2026-10-03 20:21:38.955 [SETTLE] exp=1 gold=199367 len=393
2026-10-03 20:22:01.686 [SETTLE] exp=1 gold=199367 len=393
2026-10-03 20:22:25.857 [SETTLE] exp=1 gold=199367 len=393
2026-10-03 20:22:33.073 [SYS] #00FF00#平静海岸3区#FFF692#的妖王见无人能敌，冷笑一声，化作一道黑气消失在天际。！
2026-10-03 20:22:54.147 [SETTLE] exp=2 gold=199367 len=393
2026-10-03 20:23:21.517 [SETTLE] exp=2 gold=199367 len=393
2026-10-03 20:23:52.377 [SETTLE] exp=1 gold=199367 len=393
2026-10-03 20:24:27.259 [SETTLE] exp=1 gold=199367 len=393
2026-10-03 20:25:02.484 [SETTLE] exp=2 gold=199367 len=393
2026-10-03 20:25:34.154 [SETTLE] exp=1 gold=199367 len=393
2026-10-03 20:26:04.299 [SETTLE] exp=1 gold=199367 len=393
2026-10-03 20:26:41.791 [SETTLE] exp=2 gold=199367 len=393
2026-10-03 20:27:09.524 [SETTLE] exp=2 gold=199367 len=393
2026-10-03 20:27:46.593 [SETTLE] exp=2 gold=199367 len=393
2026-10-03 20:28:19.742 [SETTLE] exp=2 gold=199367 len=393
2026-10-03 20:28:41.285 [SETTLE] exp=2 gold=199367 len=393
2026-10-03 20:29:13.671 [SETTLE] exp=1 gold=199367 len=393
2026-10-03 20:29:56.329 [SETTLE] exp=1 gold=199367 len=393
2026-10-03 20:30:22.046 [SETTLE] exp=1 gold=199367 len=393
2026-10-03 20:30:45.260 [SETTLE] exp=1 gold=199367 len=393
2026-10-03 20:31:23.483 [SETTLE] exp=1 gold=199367 len=393
2026-10-03 20:31:46.984 [SETTLE] exp=2 gold=199367 len=393
2026-10-03 20:32:08.577 [SETTLE] exp=2 gold=199367 len=393
2026-10-03 20:32:51.448 [SETTLE] exp=1 gold=199367 len=393
2026-10-03 20:33:14.497 [SETTLE] exp=2 gold=199367 len=393
2026-10-03 20:33:48.981 [SETTLE] exp=1 gold=199367 len=393
2026-10-03 20:34:04.926 [SETTLE] exp=2 gold=199367 len=393
2026-10-03 20:34:49.502 [SETTLE] exp=1 gold=199367 len=393
2026-10-03 20:35:30.650 [SETTLE] exp=2 gold=199367 len=393
2026-10-03 20:35:58.362 [SETTLE] exp=1 gold=199367 len=393
2026-10-03 20:36:28.905 [SETTLE] exp=1 gold=199367 len=393
2026-10-03 20:37:17.673 [SETTLE] exp=1 gold=199367 len=393
2026-10-03 20:37:43.597 [SETTLE] exp=1 gold=199367 len=393
2026-10-03 20:38:11.464 [SETTLE] exp=2 gold=199367 len=393
2026-10-03 20:38:46.970 [SETTLE] exp=2 gold=199367 len=393
2026-10-03 20:39:30.287 [SETTLE] exp=1 gold=199367 len=393
2026-10-03 20:39:55.717 [SETTLE] exp=2 gold=199367 len=393
2026-10-03 20:39:59.973 [SYS] #00FFFF#国庆节特别活动“红旗飘飘贺国庆”#00FF00#正式开启#00FFFF#，冒险者可以在逍遥西的#FF0000#大冒险活动官#00FFFF#处参加活动，收集喜庆用品装饰旗台，赢取丰富的属性及道具奖励，幸运的冒险者还将得到#FF0000#稀有奖励#FFFFFF#！
2026-10-03 20:40:29.532 [SETTLE] exp=1 gold=199367 len=393
2026-10-03 20:40:59.031 [SETTLE] exp=1 gold=199367 len=393
2026-10-03 20:41:44.041 [SETTLE] exp=2 gold=199367 len=393
2026-10-03 20:42:30.887 [SETTLE] exp=2 gold=199367 len=393
2026-10-03 20:42:55.888 [SETTLE] exp=2 gold=199367 len=393
2026-10-03 20:43:25.929 [SETTLE] exp=2 gold=199367 len=393
2026-10-03 20:44:07.355 [SETTLE] exp=1 gold=199367 len=393
2026-10-03 20:44:42.010 [SETTLE] exp=2 gold=199367 len=393
2026-10-03 20:45:20.255 [SETTLE] exp=1 gold=199367 len=393
2026-10-03 20:45:46.744 [SETTLE] exp=2 gold=199367 len=393
2026-10-03 20:46:04.229 [SYS] #00FF00#1#00FFFF#分钟后逍遥村周围将掉落20个宝箱，捡取可获得意外惊喜喔！#FFFFFF#
2026-10-03 20:46:29.558 [SETTLE] exp=2 gold=199367 len=393
2026-10-03 20:47:04.905 [SETTLE] exp=2 gold=199367 len=393
2026-10-03 20:47:39.563 [SETTLE] exp=1 gold=199367 len=403
2026-10-03 20:48:17.978 [SETTLE] exp=1 gold=199367 len=393
2026-10-03 20:48:47.635 [SETTLE] exp=2 gold=199367 len=393
2026-10-03 20:49:29.696 [SETTLE] exp=1 gold=199367 len=393
2026-10-03 20:50:12.951 [SETTLE] exp=2 gold=199367 len=393
2026-10-03 20:50:38.890 [SYS] #00FF00#1#00FFFF#分钟后逍遥村周围将掉落20个宝箱，捡取可获得意外惊喜喔！#FFFFFF#
2026-10-03 20:50:38.989 [SYS] #00FFFF#10位玉女携带礼物参加国庆活动，#00FF00#5#00FFFF#分钟后将出现在夕阳草原，请各位冒险者前去保护她们免受BOSS骚扰#FF0000#（BOSS有一定几率携带稀有宝宝）。#FFFFFF#
2026-10-03 20:50:42.543 [SETTLE] exp=2 gold=199367 len=393
2026-10-03 20:51:15.153 [SETTLE] exp=1 gold=199367 len=393
2026-10-03 20:51:45.355 [SETTLE] exp=2 gold=199367 len=393
2026-10-03 20:52:22.743 [SETTLE] exp=1 gold=199367 len=393
2026-10-03 20:52:55.868 [SETTLE] exp=2 gold=199367 len=393
2026-10-03 20:53:29.698 [SETTLE] exp=2 gold=199367 len=393
2026-10-03 20:53:38.885 [SYS] #00FFFF#10位玉女携带礼物参加国庆活动，#00FF00#2#00FFFF#分钟后将出现在夕阳草原，请各位冒险者前去保护她们免受BOSS骚扰#FF0000#（BOSS有一定几率携带稀有宝宝）。#FFFFFF#
2026-10-03 20:54:06.272 [SETTLE] exp=1 gold=199367 len=393
2026-10-03 20:54:31.850 [SETTLE] exp=1 gold=199367 len=393
2026-10-03 20:54:38.894 [SYS] #00FFFF#10位玉女携带礼物参加国庆活动，#00FF00#1#00FFFF#分钟后将出现在夕阳草原，请各位冒险者前去保护她们免受BOSS骚扰#FF0000#（BOSS有一定几率携带稀有宝宝）。#FFFFFF#
2026-10-03 20:55:01.478 [SETTLE] exp=1 gold=199367 len=393
2026-10-03 20:55:38.693 [SETTLE] exp=1 gold=199367 len=393
2026-10-03 20:55:38.976 [SYS] #00FFFF#10位玉女携带礼物参加国庆活动，已经出现在夕阳草原，请各位冒险者前去保护她们免受BOSS骚扰（BOSS有一定几率携带稀有宝宝）。#FFFFFF#
2026-10-03 20:55:59.043 [SYS] #00FF00#1#00FFFF#分钟后逍遥村周围将掉落20个宝箱，捡取可获得意外惊喜喔！#FFFFFF#
2026-10-03 20:56:21.404 [SETTLE] exp=1 gold=199367 len=393
2026-10-03 20:56:57.587 [SETTLE] exp=1 gold=199367 len=393
2026-10-03 20:57:26.459 [SETTLE] exp=1 gold=199367 len=393
2026-10-03 20:57:53.150 [SETTLE] exp=2 gold=199367 len=393
2026-10-03 20:58:19.130 [SETTLE] exp=2 gold=199367 len=393
2026-10-03 20:58:46.427 [SETTLE] exp=2 gold=199367 len=393
2026-10-03 20:59:18.715 [SETTLE] exp=2 gold=199367 len=393
2026-10-03 20:59:41.771 [SETTLE] exp=2 gold=199367 len=393
2026-10-03 20:59:59.979 [SYS] #00FFFF#国庆节特别活动“红旗飘飘贺国庆”#00FF00#正式开启#00FFFF#，冒险者可以在逍遥西的#FF0000#大冒险活动官#00FFFF#处参加活动，收集喜庆用品装饰旗台，赢取丰富的属性及道具奖励，幸运的冒险者还将得到#FF0000#稀有奖励#FFFFFF#！
2026-10-03 21:00:16.762 [SETTLE] exp=2 gold=199367 len=393
2026-10-03 21:00:48.509 [SETTLE] exp=2 gold=199367 len=393
2026-10-03 21:01:20.461 [SETTLE] exp=2 gold=199367 len=393
2026-10-03 21:01:49.987 [SETTLE] exp=2 gold=199367 len=393
2026-10-03 21:02:26.363 [SETTLE] exp=2 gold=199367 len=393
2026-10-03 21:03:22.894 [SETTLE] exp=2 gold=199367 len=393
2026-10-03 21:03:49.856 [SETTLE] exp=2 gold=199367 len=393
2026-10-03 21:04:20.927 [SETTLE] exp=2 gold=199367 len=393
2026-10-03 21:04:58.304 [SETTLE] exp=2 gold=199367 len=393
2026-10-03 21:05:32.128 [SETTLE] exp=2 gold=199367 len=393
2026-10-03 21:06:08.222 [SETTLE] exp=2 gold=199367 len=393
2026-10-03 21:06:30.700 [SETTLE] exp=1 gold=199367 len=393
2026-10-03 21:06:51.822 [QUESTION] {"type":"question","sock":2484,"qno":19,"field_a":101,"stem":"我国自己研制的火箭，已经多次成功的把什么送上太空？","options":["1、哈士奇","2、嫦娥","3、人造卫星","4、另一个太阳"]}
2026-10-03 21:06:52.937 [SEND-ANSWER] qno=19 opt=2 ret=13 sock=2484
2026-10-03 21:06:53.015 [SYS] 测试通过！
2026-10-03 21:06:53.115 [SYS] 获得了#00FF00#100#FFF692#金币
2026-10-03 21:07:01.388 [SETTLE] exp=1 gold=199367 len=403
2026-10-03 21:07:24.565 [SETTLE] exp=2 gold=199367 len=393
2026-10-03 21:07:28.076 [SYS] #00FF00#1#00FFFF#分钟后逍遥村周围将掉落20个宝箱，捡取可获得意外惊喜喔！#FFFFFF#
2026-10-03 21:07:28.165 [SYS] #00FFFF#10位玉女携带礼物参加国庆活动，#00FF00#5#00FFFF#分钟后将出现在夕阳草原，请各位冒险者前去保护她们免受BOSS骚扰#FF0000#（BOSS有一定几率携带稀有宝宝）。#FFFFFF#
2026-10-03 21:07:54.224 [SETTLE] exp=1 gold=199367 len=393
2026-10-03 21:08:32.515 [SETTLE] exp=2 gold=199367 len=393
2026-10-03 21:08:56.628 [SETTLE] exp=2 gold=199367 len=393
2026-10-03 21:09:32.093 [SETTLE] exp=2 gold=199367 len=393
2026-10-03 21:10:00.175 [SETTLE] exp=2 gold=199367 len=393
2026-10-03 21:10:28.080 [SYS] #00FFFF#10位玉女携带礼物参加国庆活动，#00FF00#2#00FFFF#分钟后将出现在夕阳草原，请各位冒险者前去保护她们免受BOSS骚扰#FF0000#（BOSS有一定几率携带稀有宝宝）。#FFFFFF#
2026-10-03 21:10:31.083 [SETTLE] exp=1 gold=199367 len=393
2026-10-03 21:10:58.102 [SETTLE] exp=1 gold=199367 len=393
2026-10-03 21:11:28.081 [SYS] #00FFFF#10位玉女携带礼物参加国庆活动，#00FF00#1#00FFFF#分钟后将出现在夕阳草原，请各位冒险者前去保护她们免受BOSS骚扰#FF0000#（BOSS有一定几率携带稀有宝宝）。#FFFFFF#
2026-10-03 21:11:31.251 [SETTLE] exp=1 gold=199367 len=393
2026-10-03 21:11:37.658 [SYS] #00FF00#1#00FFFF#分钟后逍遥村周围将掉落20个宝箱，捡取可获得意外惊喜喔！#FFFFFF#
2026-10-03 21:12:07.573 [SETTLE] exp=1 gold=199367 len=393
2026-10-03 21:12:28.087 [SYS] #00FFFF#10位玉女携带礼物参加国庆活动，已经出现在夕阳草原，请各位冒险者前去保护她们免受BOSS骚扰（BOSS有一定几率携带稀有宝宝）。#FFFFFF#
2026-10-03 21:12:43.132 [SETTLE] exp=2 gold=199367 len=393
2026-10-03 21:13:19.018 [SETTLE] exp=1 gold=199367 len=393
2026-10-03 21:14:13.987 [SETTLE] exp=1 gold=199367 len=393
2026-10-03 21:14:34.062 [SETTLE] exp=2 gold=199367 len=393
2026-10-03 21:15:02.094 [SETTLE] exp=2 gold=199367 len=393
2026-10-03 21:15:23.163 [SETTLE] exp=2 gold=199367 len=393
2026-10-03 21:15:51.617 [SETTLE] exp=1 gold=199367 len=393
2026-10-03 21:16:06.869 [SYS] #00FF00#1#00FFFF#分钟后逍遥村周围将掉落20个宝箱，捡取可获得意外惊喜喔！#FFFFFF#
2026-10-03 21:16:41.091 [SETTLE] exp=2 gold=199367 len=393
2026-10-03 21:17:10.943 [SETTLE] exp=1 gold=199367 len=393
2026-10-03 21:17:38.304 [SETTLE] exp=1 gold=199367 len=393
2026-10-03 21:18:10.978 [SETTLE] exp=2 gold=199367 len=393
2026-10-03 21:18:54.057 [SETTLE] exp=2 gold=199367 len=393
2026-10-03 21:19:22.344 [SYS] #00FF00#1#00FFFF#分钟后逍遥村周围将掉落20个宝箱，捡取可获得意外惊喜喔！#FFFFFF#
2026-10-03 21:19:59.997 [SYS] #00FFFF#国庆节特别活动“红旗飘飘贺国庆”#00FF00#正式开启#00FFFF#，冒险者可以在逍遥西的#FF0000#大冒险活动官#00FFFF#处参加活动，收集喜庆用品装饰旗台，赢取丰富的属性及道具奖励，幸运的冒险者还将得到#FF0000#稀有奖励#FFFFFF#！
2026-10-03 21:20:24.081 [SETTLE] exp=2 gold=199367 len=393
2026-10-03 21:20:56.203 [SETTLE] exp=1 gold=199367 len=393
2026-10-03 21:21:37.875 [SETTLE] exp=1 gold=199367 len=393
2026-10-03 21:22:09.174 [SETTLE] exp=1 gold=199367 len=393
2026-10-03 21:22:35.168 [SETTLE] exp=2 gold=199367 len=393
2026-10-03 21:22:57.273 [SETTLE] exp=2 gold=199367 len=393
2026-10-03 21:23:37.110 [SETTLE] exp=1 gold=199367 len=393
2026-10-03 21:24:05.877 [SETTLE] exp=2 gold=199367 len=393
2026-10-03 21:24:32.478 [SETTLE] exp=2 gold=199367 len=393
2026-10-03 21:25:05.816 [SETTLE] exp=2 gold=199367 len=393
2026-10-03 21:25:35.984 [SETTLE] exp=1 gold=199367 len=393
2026-10-03 21:26:08.246 [SETTLE] exp=2 gold=199367 len=393
2026-10-03 21:26:30.444 [SETTLE] exp=1 gold=199367 len=393
2026-10-03 21:26:59.668 [SETTLE] exp=1 gold=199367 len=403
2026-10-03 21:27:25.378 [SYS] #00FF00#1#00FFFF#分钟后逍遥村周围将掉落20个宝箱，捡取可获得意外惊喜喔！#FFFFFF#
2026-10-03 21:27:27.987 [SETTLE] exp=2 gold=199367 len=393
2026-10-03 21:28:05.430 [SETTLE] exp=2 gold=199367 len=393
2026-10-03 21:28:42.995 [SETTLE] exp=2 gold=199367 len=393
2026-10-03 21:29:15.591 [SETTLE] exp=2 gold=199367 len=393
2026-10-03 21:29:41.217 [SETTLE] exp=1 gold=199367 len=393
2026-10-03 21:30:09.263 [SETTLE] exp=1 gold=199367 len=393
2026-10-03 21:30:35.715 [SETTLE] exp=1 gold=199367 len=393
2026-10-03 21:31:00.859 [SETTLE] exp=2 gold=199367 len=393
2026-10-03 21:31:23.949 [SETTLE] exp=1 gold=199367 len=393
2026-10-03 21:31:49.389 [SETTLE] exp=2 gold=199367 len=393
2026-10-03 21:32:22.072 [SETTLE] exp=2 gold=199367 len=393
2026-10-03 21:33:04.814 [SETTLE] exp=2 gold=199367 len=393
2026-10-03 21:33:30.284 [SETTLE] exp=1 gold=199367 len=393
2026-10-03 21:34:02.110 [SETTLE] exp=1 gold=199367 len=393
2026-10-03 21:34:32.712 [SETTLE] exp=2 gold=199367 len=393
2026-10-03 21:35:04.242 [SETTLE] exp=2 gold=199367 len=393
2026-10-03 21:35:49.963 [SETTLE] exp=1 gold=199367 len=393
2026-10-03 21:36:13.307 [SETTLE] exp=1 gold=199367 len=393
2026-10-03 21:36:40.116 [SETTLE] exp=1 gold=199367 len=393
2026-10-03 21:37:12.271 [SETTLE] exp=2 gold=199367 len=393
2026-10-03 21:37:48.522 [SETTLE] exp=2 gold=199367 len=393
2026-10-03 21:38:13.194 [SETTLE] exp=2 gold=199367 len=393
2026-10-03 21:38:42.852 [SETTLE] exp=2 gold=199367 len=393
