2026-10-01 23:45:13.977 [INIT] dll loaded, pid=37528
2026-10-01 23:45:13.977 [INIT] codec loaded OK
2026-10-01 23:45:13.978 [INIT] iat hooks: recv=1 send=1 WSASend=1 connect=1 closesocket=1
2026-10-01 23:45:13.987 [OV] overlay window ready
2026-10-01 23:45:14.002 [OP] EFFE inv=FFFE len=1 #1 0b
2026-10-01 23:45:14.038 [OP] 4109 inv=FD27 len=728 #1 fb8052faf82ba5ca5b37510bdcfaa32bca805b640b0b0022202bf7ce1c53410b6ffaa32bb7ef5b64b2afdcfaa3931f805b64510bafc4a32b53805b64510bdcfaa32b1f80d1df510be7faa32b1f805b64510bdcfaf82b1f80a76f510b8b02f82b1faa5b645152aa7671531f807464510bdcfaa32b1f805b64580bdcfab6ce1f801c7a0e0bdcc4a32b1f9c49645decdcfa4f2b1f805b64510bdcfaa32bca805b64
2026-10-01 23:45:14.133 [OP] 4105 inv=FFFE len=1 #1 6d
2026-10-01 23:45:14.133 [OP] 4104 inv=FFFB len=4 #1 0fd21fd1
2026-10-01 23:45:14.133 [OP] 4110 inv=FFFD len=2 #1 bc2b
2026-10-01 23:45:14.133 [OP] 4111 inv=FFFD len=2 #1 a164
2026-10-01 23:45:14.133 [OP] 4104 inv=FFFA len=5 #2 72c4980980
2026-10-01 23:45:14.134 [OP] 4104 inv=FFFA len=5 #3 7727c959aa
2026-10-01 23:45:14.135 [OP] 4112 inv=FFFD len=2 #1 90c4
2026-10-01 23:45:14.135 [OP] 4104 inv=FFFA len=5 #4 77278c59ce
2026-10-01 23:45:14.135 [OP] 4104 inv=FFFA len=5 #5 7727c95912
2026-10-01 23:45:14.143 [OUT] 1005 inv=FFEF len=20 #1 efff0510a498f85378795c64fc0bd3c4a32b1f80
2026-10-01 23:45:14.358 [OP] 4106 inv=FFFC len=3 #1 98207d
2026-10-01 23:45:14.358 [OP] 4110 inv=FFFD len=2 #2 872b
2026-10-01 23:45:15.464 [OP] 4105 inv=FFFE len=1 #2 fd
2026-10-01 23:45:15.554 [OP] 4109 inv=FE1B len=484 #2 2d87c464580b8fcaa32b1f805b64510b6ffaa32ba580ea7f0b0b0022fd24c7809564510baeaea32b9d775b64517fdcfaa3de1f8062df510b06faa32b1f805b64510bdcfa71531f803164510bdcfaa32b1f805b64580bdcfab6ce1f801cb0580bdcfaa32b1f805b64580bdcfab6ce1f801cb0fc0bdcc4a32b1f805b645decdcfad82b1f805b64510bdcfaa32bca805b645fc4dcfafded9d805bdf510bdcc4db2b
2026-10-01 23:45:15.643 [OP] 4111 inv=FFFD len=2 #2 5764
2026-10-01 23:45:15.644 [OP] 4112 inv=FFFD len=2 #2 dcc4
2026-10-01 23:45:15.644 [OP] 4112 inv=FFFD len=2 #3 52c4
2026-10-01 23:45:15.644 [OP] 4112 inv=FFFD len=2 #4 8bc4
2026-10-01 23:45:15.644 [OP] 4112 inv=FFFD len=2 #5 6ac4
2026-10-01 23:45:15.644 [OP] 4106 inv=FFFD len=2 #2 a37c
2026-10-01 23:45:16.896 [OP] 4109 inv=FF5B len=164 #3 5f5dad80956458d0dc47a32b1f805b64580bdcfa722b6fef6e6401c452fab72bca805b64dfb2dcfa397cca805bdf510bdcc4a32b92aa5b64c30bdcfaa32b1f805b64510b7acaa32b09075b64fc0b6ffaa3531f807fdf510bb522a32b1f805b64510bdcfa70bb1f80c5cd510b52faf82b1faa5b6477ecdcfabc531f805b64510bdcfaa32bf4075b64cdb2dcfaa378ca805bdf510b32c4a32bca805b64510bdcfa
2026-10-01 23:45:16.995 [OP] 4111 inv=FFFD len=2 #3 2764
2026-10-01 23:45:20.118 [PIPE] controller connected
2026-10-01 23:45:20.995 [OUT] 1F51 inv=FFFF len=4 #1 ffff511f
2026-10-01 23:45:21.039 [OP] 4F52 inv=FFFF len=0 #1 
2026-10-01 23:45:21.606 [OP] 472A inv=FE76 len=393 #1 30d8de1f547a64510bdcfaa32b1f805b64510bdcc4a32b1f805b64510bdcfaa3bcad805b64510bdc5a462b1f805b645124dcfaa32b1f805b247c0bdcfaa32b1f25c264510bdcfaa32b1f805b64510bdcfaa32b1f805b64510bdcfaa32b1f805b64510bdcfaa32b1f805b64510bdcfaa32b1f805b64510bdcfaa32b1f805b64510bdcfaa32b1f805b64510bdc7af82b1f2c5b6451f16ffaa3ccca805b5c510bdc
2026-10-01 23:45:21.690 [OP] 42CE inv=FFFB len=4 #1 c87f510b
2026-10-01 23:45:21.690 [OP] 4211 inv=FFF6 len=9 #1 aa5b6451c03e22a34a
2026-10-01 23:45:21.690 [OP] 4211 inv=FFF6 len=9 #2 aa5b64515ca722a34a
2026-10-01 23:45:21.690 [OP] 4211 inv=FFF6 len=9 #3 aa5b6451af3e22a34a
2026-10-01 23:45:21.690 [OP] 4211 inv=FFF6 len=9 #4 aa5b645134a722a34a
2026-10-01 23:45:21.794 [OP] 47C0 inv=FFCF len=48 #1 7cdffd34059ff824388c2853127cc6c420953cabc362c0fd6fe0b9bbd78ce8da31ec90fcb4703ce8add958b1cdc2e8bb
2026-10-01 23:45:21.795 [OP] 47C0 inv=FFD8 len=39 #2 b39526127cc6c420953cabc362c0fd6fe0b9bbd78ce8da31ec90fcb4703ce8add958b1cdc2e8bb
2026-10-01 23:45:21.795 [OP] 47C0 inv=FFE1 len=30 #3 0faac462c0fd6fe0b9bbd78ce8da31ec90fcb4703ce8add958b1cdc2e8bb
2026-10-01 23:45:21.795 [OP] 47C0 inv=FFEA len=21 #4 51cac7e8da31ec90fcb4703ce8add958b1cdc2e8bb
2026-10-01 23:45:21.795 [OP] 47C0 inv=FFF3 len=12 #5 0253cae8add958b1cdc2e8bb
2026-10-01 23:45:24.487 [OP] 46FE inv=FFFF len=0 #1 
2026-10-01 23:45:25.015 [OP] EFFE inv=FFFE len=1 #2 0b
2026-10-01 23:45:27.781 [OP] 4100 inv=FFF9 len=6 #1 98aa6d264dec
2026-10-01 23:45:27.837 [OP] 4613 inv=FF57 len=168 #1 fc65d6b23ed9cdaa95dfde5038ca0bb0ca543c0a49e3a4663153caaa9535debfdcfaf853caaa02c680ec1ec4972b59805b64830b6fc4a324415c9052e7617afaa32b60740edf0bb26fc4f853caaa95df58ec6fc4f82b1faa95df58520251f851cad45bf8510bdce8a32b1f8040e5eac88d7f152b1f808a2023ece6c2f853caaa95df58ec6fc4f853ca805bdf58ec6f5a7205cab39566517f8325a3931f805b64
2026-10-01 23:45:27.837 [OP] 4613 inv=FF57 len=168 #2 fc65d6b23ed9cdaa95dfde5038ca0bb0ca543c0a49e3a4663153caaa9535debfdcfaf853caaa02c680ec1ec4972b598d1c64830b6fc4a324415c9052e7617afaa32b60740edf0bb26fc4f853caaa95df58ec6fc4f82b1faa95df58520251f851cad45bf80e0bdce8a32b1f8040e5eac88d7f152b1f808a2023ece6c2f853caaa95df58ec6fc4f853ca805bdf58ec6f5a7205cab39566517f90faa3931f805b64
2026-10-01 23:45:27.837 [OP] 4101 inv=FBFD len=1026 #1 fb8052faf82b1f805b64510b155a4e781f805b64510bdcfaa32b1f805b64510bdcfaa32b1f805b647c448b53a32bad795b64510bdcfa39241f805b64510bdcfaa32b1f805b647b8052fa392b1f80c464510bbba0a32bd9ad5b646a2bdcfa6ff51f807b81a552155a4e78c8d97b81660bdcfa4e78c8d995a91e2e69746388e50e5b64510bdcfaa32b1f532764510bdcfaa33084805b64510bdcfaa32b1f805b64
2026-10-01 23:45:27.954 [OUT] 1F51 inv=FFFF len=4 #2 ffff511f
2026-10-01 23:45:27.999 [OP] 4F52 inv=FFFF len=0 #2 
2026-10-01 23:45:28.864 [OUT] 1001 inv=FFF9 len=10 #1 f9ff01101f805b64510b
2026-10-01 23:45:29.010 [OP] 4211 inv=FFF6 len=9 #5 aa5b64511b3e22a34a
2026-10-01 23:45:29.104 [OP] 4108 inv=FFE3 len=28 #1 2d87c464510bdcfa2153c8d9d8f8510bce4051421f805b64510bdcfa
2026-10-01 23:45:29.104 [OP] 4108 inv=FFE3 len=28 #2 2d87c464510bdcfa4d531f80d8f8510bce4051ed1f805b64510bdcfa
2026-10-01 23:45:29.104 [OP] 4108 inv=FFF3 len=12 #3 540e392b1f805b64510bdcfa
2026-10-01 23:45:29.104 [OP] 4108 inv=FFF3 len=12 #4 540e392b1f805b64580bdcfa
2026-10-01 23:45:29.104 [OP] 4108 inv=FFF3 len=12 #5 540e392b1f805b640e0b155a
2026-10-01 23:45:31.213 [OP] 4105 inv=FFFE len=1 #3 c0
2026-10-01 23:45:31.213 [OP] 4105 inv=FFFE len=1 #4 af
2026-10-01 23:45:31.322 [OP] 4106 inv=FFFC len=3 #3 e546ed
2026-10-01 23:45:31.418 [OP] 4106 inv=FFFC len=3 #4 b1fdcb
2026-10-01 23:45:31.422 [OP] 4105 inv=FFFE len=1 #5 0c
2026-10-01 23:45:31.508 [OP] 4109 inv=FFB7 len=72 #4 2d87c464517f6fc4a3cb1f805b64510b07faa32ba5775b6f87b1dcfa40ce1f8057080e0b07faa32b39125b640ed55efaa32b1f805bdf510b8222a32b39125b64080b5efaa32b1f80
2026-10-01 23:45:31.602 [OP] 4106 inv=FFFD len=2 #5 f824
2026-10-01 23:45:31.602 [OP] 4111 inv=FFFD len=2 #4 4064
2026-10-01 23:45:32.915 [OP] 4109 inv=FFB7 len=72 #5 2d87c464517f6fc4a3931f805b64510b07faa32b9d105b6487b1dcfa40ce1f80c0260e7f07faa32b39125b640eb166faa32b1f805b64510b8222a32b39125b64080b66faa32b1f80
2026-10-01 23:45:33.011 [OP] 4111 inv=FFFD len=2 #5 1c64
2026-10-01 23:45:34.227 [OP] 4612 inv=FFEF len=16 #1 c464510ba305db2b42159464420490fa
2026-10-01 23:45:34.228 [OP] 4612 inv=FFF3 len=12 #2 90faa32b42159464420490fa
2026-10-01 23:45:34.228 [OP] 4612 inv=FFF7 len=8 #3 ca805b64420490fa
2026-10-01 23:45:37.235 [OP] 4613 inv=FF57 len=168 #3 fc65d6b23ed9cdaa95dfde5038ca0bb0ca543c0a49e3a4663153caaa9535debfdcfaf853ca8002c680ec1ec4972b595b5b64830b6fc4a324415c9052e7617afaa32b60740edf0bb26fc4f853caaa95df58ec6fc4f82b1faa95df51520251f851cad45bf84320dce8a32b1f8040e5eac88d7f152b1f808a2023ece6c2f853caaa95df58ec6fc4f853ca805bdf58ecdc5a7205cab39566517f52faa3931f805b64
2026-10-01 23:45:37.235 [OP] 4613 inv=FF98 len=103 #4 9360740edf0bb26fc4f853caaa95df58ec6fc4f82b1faa95df51520251f851cad45bf84320dce8a32b1f8040e5eac88d7f152b1f808a2023ece6c2f853caaa95df58ec6fc4f853ca805bdf58ecdc5a7205cab39566517f52faa3931f805b64b2e9ef6c702b1f80
2026-10-01 23:45:37.235 [OP] 4613 inv=FFCC len=51 #5 aa8a2023ece6c2f853caaa95df58ec6fc4f853ca805bdf58ecdc5a7205cab39566517f52faa3931f805b64b2e9ef6c702b1f80
2026-10-01 23:45:38.015 [OUT] 1F51 inv=FFFF len=4 #3 ffff511f
2026-10-01 23:45:38.063 [OP] 4F52 inv=FFFF len=0 #3 
2026-10-01 23:45:38.236 [OP] 4612 inv=FFF3 len=12 #4 90faa32b81e29464420490fa
2026-10-01 23:45:38.236 [OP] 4612 inv=FFF7 len=8 #5 ca805b64420490fa
2026-10-01 23:45:41.252 [OUT] 1005 inv=FFEF len=20 #2 efff0510a498f85378805c64fc0bd3c4a32b1f80
2026-10-01 23:45:41.345 [OP] 4110 inv=FFFD len=2 #3 872b
2026-10-01 23:45:42.859 [OP] F005 inv=FFE7 len=24 #1 ed3572a4e10f854d1f805b64510bdcfaa3de1f80b430b80c
2026-10-01 23:45:47.475 [OP] 472A inv=FE76 len=393 #2 30d8de1fa82364510bdcfaa32b1f805b64510bdcfaa32b1f805b64510bdcfaa313ad805b64510bdc5a462b1f805b645124dcfaa32b1f805bfb8e0bdcfaa32b1f25c264510bdcfaa32b1f805b64510bdcfaa32b1f805b64510bdcfaa32b1f805b64510bdcfaa32b1f805b64510bdcfaa32b1f805b64510bdcfaa32b1f805b64510bdcfaa32b1f805b64510bdc7af82b1f2c5b6451f16ffaa3ccca805bc7580bdc
2026-10-01 23:45:47.674 [OP] 42CE inv=FFFB len=4 #2 c87f510b
2026-10-01 23:45:51.571 [OP] 4100 inv=FFF9 len=6 #2 98aa1e26c0ec
2026-10-01 23:45:51.675 [OUT] 1F51 inv=FFFF len=4 #4 ffff511f
2026-10-01 23:45:51.721 [OP] 4F52 inv=FFFF len=0 #4 
2026-10-01 23:45:51.820 [OP] 4101 inv=FC6D len=914 #2 5f5dad809564510bdcfaa32bc8d97b81510bdcfaa32b1f805b64510bdcfaa32b1f805b64510bdcfa87429d4e5b64fc75dcfaa32b1f80c453510bdcfaa32b1f805b64510bdcfa215dad80c464510b52faa32b55925b646992dcfa1f7f1f80c831510b155a4e78c8d97b81a552155a562b1f807b81a5526f30c2d41e5f8bfa191edcfaa32b1f805b6451a0c6faa32b1f805b4d310bdcfaa32b1f805b64510bdcfa
2026-10-01 23:45:52.647 [OUT] 1001 inv=FFF9 len=10 #2 f9ff01101f805b64510b
2026-10-01 23:45:53.047 [OP] EFFE inv=FFFE len=1 #3 0b
2026-10-01 23:45:54.693 [OP] 46FE inv=FFFF len=0 #2 
2026-10-01 23:45:59.800 [OUT] 1004 inv=FFF3 len=16 #1 f3ff04109b76282b59802364510bdcfa
2026-10-01 23:45:59.918 [OP] 4110 inv=FFFD len=2 #4 bc2b
2026-10-01 23:46:01.133 [OUT] 1005 inv=FFEF len=20 #3 efff0510a498f85378ce5c64fc0bd3c4a32b1f80
2026-10-01 23:46:01.213 [OP] 4110 inv=FFFD len=2 #5 872b
2026-10-01 23:46:01.735 [OUT] 1F51 inv=FFFF len=4 #5 ffff511f
2026-10-01 23:46:01.779 [OP] 4F52 inv=FFFF len=0 #5 
2026-10-01 23:46:06.066 [OP] 472A inv=FE6C len=403 #3 30d8de1fa46b64510bdcfaa32b1f805b64510bdce8a32b1f805b64510bdcfaa3b3ca805b64510bdc5a462b1f805b645124dcfaa32b1f805bfb8e0bdcfaa32b1f25c264510bdcfaa32b1f805b64510bdcfaa32b1f805b64510bdcfaa32b1f805b64510bdcfaa32b1f805b64510bdcfaa32b1f805b64510bdcfaa32b1f805b64510bdcfaa32b1f805b64510bdcbdf82b1f1b956451f16ffaa3ccca805bd3580bdc
2026-10-01 23:46:06.247 [OP] 42CE inv=FFFB len=4 #3 c87f510b
2026-10-01 23:46:07.341 [OUT] 0048 inv=FFF7 len=12 #1 f7ff4800dcfaa32b1f459564
2026-10-01 23:46:07.436 [OP] 4721 inv=FFF7 len=8 #1 540e392b1f459564
2026-10-01 23:46:12.197 [OP] 4100 inv=FFF9 len=6 #3 98aadef82d7f
2026-10-01 23:46:12.388 [OP] 4101 inv=FC6D len=914 #3 5f5dad809564510bdcfaa32bc8d97b81510bdcfaa32b1f805b64510bdcfaa32b1f805b64510bdcfa87429d4e5b64fc75dcfaa32b1f80c453510bdcfaa32b1f805b64510bdcfa215dad80c464510b52faa32b55925b646992dcfa1f7f1f80c831510b155a4e78c8d97b81a552155a562b1f807b81a5526f30c2d41e5f8bfa191edcfaa32b1f805b6458a0c6faa32b1f805b4d310bdcfaa32b1f805b64510bdcfa
2026-10-01 23:46:13.265 [OUT] 1001 inv=FFF9 len=10 #3 f9ff01101f805b64510b
2026-10-01 23:46:14.071 [OP] EFFE inv=FFFE len=1 #4 0b
2026-10-01 23:46:24.083 [OP] EFFE inv=FFFE len=1 #5 0b
2026-10-01 23:46:24.965 [OUT] 1004 inv=FFF3 len=16 #2 f3ff04109b76282b59802364510bdcfa
2026-10-01 23:46:25.010 [OP] 46FE inv=FFFF len=0 #3 
2026-10-01 23:46:26.500 [OUT] 1005 inv=FFEF len=20 #4 efff0510a498f85378c75c64fc0bd3c4a32b1f80
2026-10-01 23:46:32.874 [OP] 472A inv=FE76 len=393 #4 30d8de1f126e64510bdcfaa32b1f805b64510bdce8a32b1f805b64510bdcfaa31359805b64510bdc5a462b1f805b645124dcfaa32b1f805bfb8e0bdcfaa32b1f25c264510bdcfaa32b1f805b64510bdcfaa32b1f805b64510bdcfaa32b1f805b64510bdcfaa32b1f805b64510bdcfaa32b1f805b64510bdcfaa32b1f805b64510bdcfaa32b1f805b64510bdcb5a32b1f1b95645153dcfaa3ccca805bd3580bdc
2026-10-01 23:46:32.958 [OP] 42CE inv=FFFB len=4 #4 c87f510b
2026-10-01 23:46:37.010 [OP] 4100 inv=FFF9 len=6 #4 98aad72656ec
2026-10-01 23:46:37.187 [OP] 4101 inv=FC6D len=914 #4 5f5dad809564510bdcfaa32bc8d97b81510bdcfaa32b1f805b64510bdcfaa32b1f805b64510bdcfa87429d4e5b64fc75dcfaa32b1f80c453510bdcfaa32b1f805b64510bdcfa215dad80c464510b52faa32b55925b646992dcfa1f7f1f80c831510b155a4e78c8d97b81a552155a562b1f807b81a5526f30c2d41e5f8bfa191edcfaa32b1f805b64e4a0c6faa32b1f805b4d310bdcfaa32b1f805b64510bdcfa
2026-10-01 23:46:38.082 [OUT] 1001 inv=FFF9 len=10 #4 f9ff01101f805b64510b
2026-10-01 23:46:39.354 [OP] 4210 inv=FFF3 len=12 #1 ac0bdcfae82b1f80a0ecfc0b
2026-10-01 23:46:43.770 [OUT] 1004 inv=FFF3 len=16 #3 f3ff04109b76282b59802364510bdcfa
2026-10-01 23:46:43.869 [OUT] 1005 inv=FFEF len=20 #5 efff0510a498f85378c75c64fc0bd3c4a32b1f80
2026-10-01 23:46:50.145 [OP] 472A inv=FE6C len=403 #5 30d8de1fc91b64510bdcfaa32b1f805b64510bdcc4a32b1f805b64510bdcfaa31359805b64510bdc5a462b1f805b645124dcfaa32b1f805bfb8e0bdcfaa32b1f25c264510bdcfaa32b1f805b64510bdcfaa32b1f805b64510bdcfaa32b1f805b64510bdcfaa32b1f805b64510bdcfaa32b1f805b64510bdcfaa32b1f805b64510bdcfaa32b1f805b64510bdcbdf82b1fc3956451f16ffaa391ca805bc7580bdc
2026-10-01 23:46:50.244 [OP] 42CE inv=FFFB len=4 #5 c87f510b
2026-10-01 23:46:51.445 [OUT] 0048 inv=FFF7 len=12 #2 f7ff4800dcfaa32b1f459564
2026-10-01 23:46:51.524 [OP] 4721 inv=FFF7 len=8 #2 540e392b1f459564
2026-10-01 23:46:55.205 [OP] 46FE inv=FFFF len=0 #4 
2026-10-01 23:46:56.255 [OP] 4100 inv=FFF9 len=6 #5 98aad97ffe7f
2026-10-01 23:46:56.481 [OP] 4101 inv=FC35 len=970 #5 baecfc0b6ffaa32b1f805b64a552155aa32b1f805b64510bdcfaa32b1f805b64510bdcfaa32b1f802337b2b2dcfa39241f805b64510b525ba32b1f805b64510bdcfaa32b1f8057ecfc0b52faa32bad805b64a0ffdcfa3df21f803f55510b8631a32bc8d97b81a552155a4e78c8d96c64510b155a4e78caa0ed3572a4e10f854d1f805b64510bdcfaa33084805b64510bdca1b72b1f805b64510bdcfaa32b1f80
2026-10-01 23:46:57.343 [OUT] 1001 inv=FFF9 len=10 #5 f9ff01101f805b64510b
2026-10-01 23:47:25.408 [OP] 46FE inv=FFFF len=0 #5 
2026-10-01 23:47:32.224 [OUT] 1004 inv=FFF3 len=16 #4 f3ff04109b76282b59802364510bdcfa
2026-10-01 23:48:06.043 [OP] F005 inv=FFE7 len=24 #2 ed3572a407b3854d1f805b64510bdcfaa3de1f80033dd9b2
2026-10-01 23:48:06.131 [OP] F005 inv=FFE7 len=24 #3 ed3572a407b3854d1f805b64510bdcfaa3de1f80033dd9b2
2026-10-01 23:48:06.532 [OP] F005 inv=FFE7 len=24 #4 ed3572a4cd97854d1f805b64510bdcfaa3de07792b4704c4
2026-10-01 23:48:22.373 [OUT] 1004 inv=FFF3 len=16 #5 f3ff04109b76282b59802364510bdcfa
2026-10-01 23:48:44.780 [OP] F005 inv=FFE7 len=24 #5 26b35c3828d7512b1f805b64510bdcfaa3de1f8091f419b2
2026-10-01 23:49:50.435 [OUT] 004E inv=FFFA len=9 #1 faff4e00e9580bdcae
2026-10-01 23:49:50.554 [OP] 4029 inv=FFDF len=32 #1 baecfc0b04faa32b1f805b646e0bdcfaa32b1f80137f510b8fc4f82b58809564
2026-10-01 23:50:16.258 [OUT] 0048 inv=FFF7 len=12 #3 f7ff4800dcfaa32b1f459564
2026-10-01 23:50:16.330 [OP] 4721 inv=FFF7 len=8 #3 540e392b1f459564
2026-10-01 23:50:40.326 [OUT] 0048 inv=FFF7 len=12 #4 f7ff4800dcfaa32b1f459564
2026-10-01 23:50:40.377 [OP] 4721 inv=FFF7 len=8 #4 540e392b1f459564
2026-10-01 23:50:58.383 [OUT] 0048 inv=FFF7 len=12 #5 f7ff4800dcfaa32b1f459564
2026-10-01 23:50:58.539 [OP] 4721 inv=FFF7 len=8 #5 540e392b1f459564
2026-10-01 23:54:37.125 [OP] 40E1 inv=FFED len=18 #1 baecfc0b6ffadb54ca809564580b521ff82b
2026-10-01 23:54:37.125 [OP] 40E0 inv=FED1 len=302 #1 fb8052fa4ece1f805b64510b58faa32b1f805b64a5c4dcfaa32b1f806664510bdcfaa32b76d15b64fc0bdcfa392b1f804864510b2ffaa32bad805b64750bdcfa312b1f806064510b2ffaa32bec805b6417b1dcfa3b2b1f809464510b43faa32b6baa5b64320bdcfa4d2b1f800d64510b8ffaa32b1f805b64510bdcfaa32b1f805b64510bdcfaa32b1f805b64430bdcfaa32b1f805b64510bdcfaa32b1f805b64
2026-10-01 23:54:37.125 [OP] 40E3 inv=FFBB len=68 #1 2d87c464fbd0dcfac32b62804764830bdefaf82b6480c36414ec52fa56535980f7df580b68c4202b58aa406485ec8ffa5553ad80c6dffc0bb8c4db2b2eaa0d6486d08bfa
2026-10-01 23:54:37.125 [OP] 40E2 inv=FFF3 len=12 #1 baecfc0b6ffadb2b45809564
2026-10-01 23:54:37.139 [OUT] 0185 inv=FFF7 len=12 #1 f7ff8501dcfaa32bc8d97b81
2026-10-01 23:56:41.869 [OUT] 004E inv=FFFA len=9 #2 faff4e00e9580bdcae
2026-10-01 23:56:42.001 [OP] 4029 inv=FFDF len=32 #2 baecfc0b04faa32b1f805b646e0bdcfaa32b1f80137f510b8fc4f82bab809564
2026-10-01 23:57:51.012 [OP] 40E1 inv=FFED len=18 #2 baecfc0b6ffadb54ca809564580b521ff82b
2026-10-01 23:57:51.012 [OP] 40E0 inv=FED1 len=302 #2 fb8052fa4ece1f805b64510b58faa32b1f805b64a5c4dcfaa32b1f806664510bdcfaa32b76d15b64fc0bdcfa392b1f804864510b2ffaa32bad805b64750bdcfa312b1f806064510b2ffaa32bec805b6417b1dcfa3b2b1f809464510b43faa32b6baa5b64320bdcfa4d2b1f800d64510b8ffaa32b1f805b64510bdcfaa32b1f805b64510bdcfaa32b1f805b64430bdcfaa32b1f805b64510bdcfaa32b1f805b64
2026-10-01 23:57:51.014 [OP] 40E3 inv=FFBB len=68 #2 2d87c464fb0b90fac32b62804764830bdefaf82b6480c36414ec52fa56535980f7df580b68c4202b58aa406485ec8ffa5553ad80c6dffc0bb8c4db2b2eaa0d6486d08bfa
2026-10-01 23:57:51.014 [OP] 40E2 inv=FFF3 len=12 #2 baecfc0b6ffaf82b45809564
2026-10-01 23:57:51.027 [OUT] 0185 inv=FFF7 len=12 #2 f7ff8501dcfaa32bc8d97b81
2026-10-01 23:58:43.218 [QUESTION] {"type":"question","sock":2416,"qno":3,"field_a":83,"stem":"气温、水、植物等对岩石的破坏现象叫做？","options":["1、风化","2、变形","3、自西向东","4、机械化"]}
2026-10-01 23:58:44.219 [UI] auto dump on question qno=3
2026-10-01 23:58:44.219 [UI] ---- window dump begin (pid 37528) ----
2026-10-01 23:58:45.833 [SEND-ANSWER] qno=3 opt=0 ret=13 sock=2416
2026-10-01 23:58:45.881 [SYS] 测试通过！
2026-10-01 23:58:45.971 [SYS] 获得了#00FF00#100#FFF692#金币
2026-10-01 23:58:45.971 [CURRENCY] a=201743 b=315130
2026-10-01 23:58:47.634 [UI] auto-closing quiz frame: qno=3 opt=0
2026-10-01 23:58:51.471 [OUT] 1F04 inv=FFF6 len=13 #1 f6ff041fce1f805b7f510bdcfa
2026-10-01 23:58:57.653 [OP] 40E1 inv=FFED len=18 #3 baecfc0b6ffadb54ca809564580b521ff82b
2026-10-01 23:58:57.653 [OP] 40E0 inv=FED1 len=302 #3 fb8052fa4ece1f805b64510b58faa32b1f805b64a5c4dcfaa32b1f806664510bdcfaa32b76d15b64fc0bdcfa392b1f804864510b2ffaa32bad805b64750bdcfa312b1f806064510b2ffaa32bec805b6417b1dcfa3b2b1f809464510b43faa32b6baa5b64320bdcfa4d2b1f800d64510b8ffaa32b1f805b64510bdcfaa32b1f805b64510bdcfaa32b1f805b64430bdcfaa32b1f805b64510bdcfaa32b1f805b64
2026-10-01 23:58:57.653 [OP] 40E3 inv=FFBB len=68 #3 2d87c464fb1666fac32b62804764830bdefaf82b6480c36414ec52fa56535980f7df580b68c4202b58aa406485ec8ffa5553ad80c6dffc0bb8c4db2b2eaa0d6486d08bfa
2026-10-01 23:58:57.653 [OP] 40E2 inv=FFF3 len=12 #3 baecfc0b6fea612b45809564
2026-10-01 23:58:57.702 [OUT] 0185 inv=FFF7 len=12 #3 f7ff8501dcfaa32bc8d97b81
2026-10-02 00:00:00.540 [SYS] #FFCC00#寄售行已打烊，暂停寄售交易，预计 02:00 恢复营业。
2026-10-02 00:00:00.966 [SYS] 今日的许愿已结束，下次开放时间12:00
2026-10-02 00:00:08.241 [OUT] 004E inv=FFFA len=9 #3 faff4e00e9580bdcae
2026-10-02 00:00:08.302 [OP] 4029 inv=FFDF len=32 #3 baecfc0b04faa32b1f805b646e0bdcfaa32b1f80137f510b8fc4f82bac809564
2026-10-02 00:00:10.542 [OP] 4210 inv=FFF3 len=12 #2 ac0bdcfae82b1f80c6ecfc0b
2026-10-02 00:01:24.533 [OUT] 004E inv=FFFA len=9 #4 faff4e00e9580bdcae
2026-10-02 00:01:24.611 [OP] 4029 inv=FFDF len=32 #4 baecfc0b04faa32b1f805b646e0bdcfaa32b1f80137f510b8fc4f82b9f809564
2026-10-02 00:04:14.164 [PIPE] controller disconnected
2026-10-02 00:04:22.123 [PIPE] controller connected
2026-10-02 00:04:43.640 [INIT] dll unloaded
2026-10-02 00:04:44.519 [INIT] dll loaded, pid=37528
2026-10-02 00:04:44.520 [INIT] codec loaded OK
2026-10-02 00:04:44.520 [INIT] iat hooks: recv=1 send=1 WSASend=1 connect=1 closesocket=1
2026-10-02 00:04:44.544 [OV] overlay window ready
2026-10-02 00:04:49.220 [OP] 47C0 inv=FFD5 len=42 #1 02539d277fd90ed58dc6022456c758c88ffd6ff4b942f68cbe2831ec8b575f63626badd958b1cddc946f
2026-10-02 00:04:49.221 [OP] 47C0 inv=FFE1 len=30 #2 0faac4c88ffd6ff4b942f68cbe2831ec8b575f63626badd958b1cddc946f
