2026-10-03 17:06:34.583 [INIT] dll loaded, pid=14492 (pure network mode)
2026-10-03 17:06:34.583 [INIT] codec loaded OK
2026-10-03 17:06:34.583 [INIT] iat hooks: recv=1 send=1 WSASend=1 connect=1 closesocket=1
2026-10-03 17:06:34.886 [PIPE] controller connected
2026-10-03 17:06:47.193 [CONNECT] sock 2492 -> port 8484
2026-10-03 17:06:48.894 [CONNECT] sock 2688 -> port 8485
2026-10-03 17:06:48.953 [MAIN-SOCK] identified game world sock 2688 (WSASend op=F001)
2026-10-03 17:07:42.019 [SETTLE] exp=3416 gold=201747 len=393
2026-10-03 17:08:08.855 [SETTLE] exp=3527 gold=201747 len=393
2026-10-03 17:08:36.765 [SETTLE] exp=3416 gold=201747 len=393
2026-10-03 17:08:36.850 [SYS] 获得了#00FF00#1#FFF692#个#64FF7D#锁住的藏宝盒
2026-10-03 17:09:10.290 [SETTLE] exp=4400 gold=201747 len=393
2026-10-03 17:09:42.148 [SETTLE] exp=4436 gold=201747 len=393
2026-10-03 17:09:42.245 [SYS] 获得了#00FF00#1#FFF692#个#64FF7D#锁住的藏宝盒
2026-10-03 17:10:00.074 [SYS] #00FFFF#尊敬的冒险者们，今天是#FFFF00#力量之日#00FFFF#！#FFFF00#力量卡片#00FFFF#和少量稀有卡片已经散落在了梦境世界的各个角落，等待着它们的主人！赶快战斗吧，去寻找属于你的卡片！
2026-10-03 17:10:08.605 [SETTLE] exp=3484 gold=201747 len=393
2026-10-03 17:10:40.802 [SETTLE] exp=3416 gold=201747 len=393
2026-10-03 17:11:00.116 [SYS] #00FFFF#活动中获得的卡片可以在#00FF00#龙之都#00FFFF#的#FF0000#奥里雷西亚女士#00FFFF#处兑换其它卡片或者收藏品；打开锁着的藏宝箱得到的#FFFF00#武器大师礼券#00FFFF#可以在#00FF00#龙之都#00FFFF#的#FF0000#哼哼先生#00FFFF#处兑换锻造金色武器的原料。
2026-10-03 17:11:13.081 [SETTLE] exp=3450 gold=201747 len=393
2026-10-03 17:11:37.225 [SETTLE] exp=3450 gold=201747 len=393
2026-10-03 17:12:06.601 [SETTLE] exp=3450 gold=201747 len=393
2026-10-03 17:12:06.691 [SYS] 获得了#00FF00#1#FFF692#个#64FF7D#锁住的藏宝盒
2026-10-03 17:12:44.401 [SETTLE] exp=4287 gold=201747 len=393
2026-10-03 17:13:19.526 [SETTLE] exp=4321 gold=201747 len=393
2026-10-03 17:13:54.653 [SETTLE] exp=3484 gold=201747 len=393
2026-10-03 17:14:25.819 [SETTLE] exp=3527 gold=201747 len=393
2026-10-03 17:14:50.477 [SETTLE] exp=3450 gold=201747 len=393
2026-10-03 17:15:19.647 [SETTLE] exp=3450 gold=201747 len=393
2026-10-03 17:15:54.414 [SETTLE] exp=4321 gold=201747 len=393
2026-10-03 17:16:16.192 [SETTLE] exp=4321 gold=201747 len=393
2026-10-03 17:16:40.101 [SETTLE] exp=3450 gold=201747 len=393
2026-10-03 17:17:10.510 [SETTLE] exp=3450 gold=201747 len=403
2026-10-03 17:17:34.945 [SETTLE] exp=3484 gold=201747 len=393
2026-10-03 17:17:59.085 [SETTLE] exp=3484 gold=201747 len=393
2026-10-03 17:18:25.538 [SETTLE] exp=3416 gold=201747 len=393
2026-10-03 17:18:25.629 [SYS] 获得了#00FF00#1#FFF692#个#64FF7D#锁住的藏宝盒
2026-10-03 17:19:04.914 [SETTLE] exp=3484 gold=201747 len=393
2026-10-03 17:19:32.595 [SETTLE] exp=4321 gold=201747 len=393
2026-10-03 17:19:59.488 [SETTLE] exp=4287 gold=201747 len=393
2026-10-03 17:20:00.065 [SYS] #00FFFF#尊敬的冒险者们，今天是#FFFF00#力量之日#00FFFF#！#FFFF00#力量卡片#00FFFF#和少量稀有卡片已经散落在了梦境世界的各个角落，等待着它们的主人！赶快战斗吧，去寻找属于你的卡片！
2026-10-03 17:20:39.581 [SETTLE] exp=3416 gold=201747 len=393
2026-10-03 17:21:00.062 [SYS] #00FFFF#活动中获得的卡片可以在#00FF00#龙之都#00FFFF#的#FF0000#奥里雷西亚女士#00FFFF#处兑换其它卡片或者收藏品；打开锁着的藏宝箱得到的#FFFF00#武器大师礼券#00FFFF#可以在#00FF00#龙之都#00FFFF#的#FF0000#哼哼先生#00FFFF#处兑换锻造金色武器的原料。
2026-10-03 17:21:02.521 [SETTLE] exp=3416 gold=201747 len=393
2026-10-03 17:21:26.046 [SETTLE] exp=4287 gold=201747 len=393
2026-10-03 17:21:53.927 [SETTLE] exp=3484 gold=201747 len=393
2026-10-03 17:22:22.107 [SETTLE] exp=3484 gold=201747 len=393
2026-10-03 17:22:56.084 [SETTLE] exp=4287 gold=201747 len=393
2026-10-03 17:23:22.671 [SETTLE] exp=4356 gold=201747 len=393
2026-10-03 17:23:47.256 [SETTLE] exp=4287 gold=201747 len=393
2026-10-03 17:24:11.023 [SETTLE] exp=4287 gold=201747 len=393
2026-10-03 17:24:37.368 [SETTLE] exp=4321 gold=201747 len=403
2026-10-03 17:25:05.687 [SETTLE] exp=3450 gold=201747 len=393
2026-10-03 17:25:05.687 [SYS] 获得了#00FF00#1#FFF692#个#64FF7D#锁住的藏宝盒
2026-10-03 17:25:30.227 [SETTLE] exp=3484 gold=201747 len=393
2026-10-03 17:25:57.153 [SETTLE] exp=4321 gold=201747 len=393
2026-10-03 17:25:57.249 [SYS] 获得了#00FF00#1#FFF692#个#64FF7D#锁住的藏宝盒
2026-10-03 17:26:23.803 [SETTLE] exp=4356 gold=201747 len=393
2026-10-03 17:27:04.196 [SETTLE] exp=3416 gold=201747 len=393
2026-10-03 17:27:28.386 [SETTLE] exp=3450 gold=201747 len=393
2026-10-03 17:27:28.578 [SYS] 获得了#00FF00#1#FFF692#个#64FF7D#锁住的藏宝盒
2026-10-03 17:27:28.578 [SYS] 获得了#00FF00#1#FFF692#个#64FF7D#黄玉葫芦
2026-10-03 17:27:50.769 [SETTLE] exp=4321 gold=201747 len=393
2026-10-03 17:28:17.290 [SYS] 物品栏满
2026-10-03 17:28:17.383 [SETTLE] exp=4356 gold=201747 len=393
2026-10-03 17:29:03.381 [SETTLE] exp=4287 gold=201747 len=393
2026-10-03 17:29:33.323 [SETTLE] exp=3450 gold=201747 len=393
2026-10-03 17:30:00.068 [SYS] #00FFFF#尊敬的冒险者们，今天是#FFFF00#力量之日#00FFFF#！#FFFF00#力量卡片#00FFFF#和少量稀有卡片已经散落在了梦境世界的各个角落，等待着它们的主人！赶快战斗吧，去寻找属于你的卡片！
2026-10-03 17:30:11.362 [SETTLE] exp=4436 gold=201747 len=393
2026-10-03 17:30:41.771 [SETTLE] exp=4287 gold=201747 len=393
2026-10-03 17:30:41.853 [SYS] 获得了#00FF00#1#FFF692#个#64FF7D#锁住的藏宝盒
2026-10-03 17:30:41.853 [SYS] 获得了#00FF00#1#FFF692#个#64FF7D#卡片-“力量”
2026-10-03 17:31:00.072 [SYS] #00FFFF#活动中获得的卡片可以在#00FF00#龙之都#00FFFF#的#FF0000#奥里雷西亚女士#00FFFF#处兑换其它卡片或者收藏品；打开锁着的藏宝箱得到的#FFFF00#武器大师礼券#00FFFF#可以在#00FF00#龙之都#00FFFF#的#FF0000#哼哼先生#00FFFF#处兑换锻造金色武器的原料。
2026-10-03 17:31:17.486 [SETTLE] exp=3484 gold=201747 len=393
2026-10-03 17:31:49.025 [SETTLE] exp=4356 gold=201747 len=393
2026-10-03 17:32:19.076 [SETTLE] exp=4356 gold=201747 len=393
2026-10-03 17:32:19.170 [SYS] 获得了#00FF00#1#FFF692#个#64FF7D#卡片-“力量”
2026-10-03 17:32:43.972 [SETTLE] exp=4400 gold=201747 len=393
2026-10-03 17:32:43.972 [SYS] 获得了#00FF00#1#FFF692#个#64FF7D#锁住的藏宝盒
2026-10-03 17:33:21.644 [SETTLE] exp=3416 gold=201747 len=393
2026-10-03 17:33:59.206 [SETTLE] exp=3484 gold=201747 len=393
2026-10-03 17:34:21.567 [SETTLE] exp=4287 gold=201747 len=393
2026-10-03 17:34:21.654 [SYS] 获得了#00FF00#1#FFF692#个#64FF7D#锁住的藏宝盒
2026-10-03 17:34:45.409 [SETTLE] exp=3450 gold=201747 len=393
2026-10-03 17:35:25.160 [SETTLE] exp=4436 gold=201747 len=393
2026-10-03 17:36:10.392 [SETTLE] exp=4356 gold=201747 len=393
2026-10-03 17:36:37.339 [SETTLE] exp=4321 gold=201747 len=393
2026-10-03 17:37:03.480 [SETTLE] exp=3450 gold=201747 len=393
2026-10-03 17:37:49.555 [SETTLE] exp=3450 gold=201747 len=393
2026-10-03 17:38:18.404 [SETTLE] exp=3450 gold=201747 len=393
2026-10-03 17:38:18.495 [SYS] 获得了#00FF00#1#FFF692#个#64FF7D#锁住的藏宝盒
2026-10-03 17:38:44.368 [SETTLE] exp=3484 gold=201747 len=393
2026-10-03 17:38:44.450 [SYS] 获得了#00FF00#1#FFF692#个#64FF7D#卡片-“力量”
2026-10-03 17:39:10.334 [SETTLE] exp=3450 gold=201747 len=393
2026-10-03 17:39:10.420 [SYS] 获得了#00FF00#1#FFF692#个#64FF7D#锁住的藏宝盒
2026-10-03 17:39:34.366 [SETTLE] exp=3450 gold=201747 len=393
2026-10-03 17:39:34.467 [SYS] 获得了#00FF00#1#FFF692#个#64FF7D#锁住的藏宝盒
2026-10-03 17:40:00.120 [SYS] #00FFFF#尊敬的冒险者们，今天是#FFFF00#力量之日#00FFFF#！#FFFF00#力量卡片#00FFFF#和少量稀有卡片已经散落在了梦境世界的各个角落，等待着它们的主人！赶快战斗吧，去寻找属于你的卡片！
2026-10-03 17:40:01.301 [SETTLE] exp=3527 gold=201747 len=393
2026-10-03 17:40:28.799 [SETTLE] exp=3450 gold=201747 len=393
2026-10-03 17:40:28.896 [SYS] 获得了#00FF00#1#FFF692#个#64FF7D#锁住的藏宝盒
2026-10-03 17:40:51.655 [SETTLE] exp=4321 gold=201747 len=393
2026-10-03 17:41:00.190 [SYS] #00FFFF#活动中获得的卡片可以在#00FF00#龙之都#00FFFF#的#FF0000#奥里雷西亚女士#00FFFF#处兑换其它卡片或者收藏品；打开锁着的藏宝箱得到的#FFFF00#武器大师礼券#00FFFF#可以在#00FF00#龙之都#00FFFF#的#FF0000#哼哼先生#00FFFF#处兑换锻造金色武器的原料。
2026-10-03 17:41:28.265 [SETTLE] exp=3416 gold=201747 len=393
2026-10-03 17:41:56.879 [SETTLE] exp=3450 gold=201747 len=393
2026-10-03 17:42:25.157 [SETTLE] exp=4321 gold=201747 len=393
2026-10-03 17:42:25.242 [SYS] 获得了#00FF00#1#FFF692#个#64FF7D#锁住的藏宝盒
2026-10-03 17:42:25.242 [SYS] 获得了#00FF00#1#FFF692#个#64FF7D#卡片-“力量”
2026-10-03 17:42:52.825 [SYS] 物品栏满
2026-10-03 17:42:52.906 [SETTLE] exp=4287 gold=201747 len=393
2026-10-03 17:42:52.906 [SYS] 物品栏已满！
2026-10-03 17:43:15.312 [SETTLE] exp=4436 gold=201747 len=393
2026-10-03 17:43:42.303 [SETTLE] exp=4287 gold=201747 len=393
2026-10-03 17:44:14.622 [SETTLE] exp=4287 gold=201747 len=393
2026-10-03 17:44:45.173 [SETTLE] exp=3416 gold=201747 len=393
2026-10-03 17:45:13.111 [SETTLE] exp=3450 gold=201747 len=393
2026-10-03 17:45:13.202 [SYS] 物品栏已满！
2026-10-03 17:45:46.568 [SETTLE] exp=4287 gold=201747 len=393
2026-10-03 17:46:15.950 [SETTLE] exp=3416 gold=201747 len=393
2026-10-03 17:46:44.156 [SETTLE] exp=3450 gold=201747 len=393
2026-10-03 17:47:15.784 [SETTLE] exp=4287 gold=201747 len=393
2026-10-03 17:47:45.389 [SETTLE] exp=4321 gold=201747 len=393
2026-10-03 17:48:13.575 [SETTLE] exp=3484 gold=201747 len=393
2026-10-03 17:48:13.668 [SYS] 获得了#00FF00#1#FFF692#个#64FF7D#卡片-“力量”
2026-10-03 17:48:42.550 [SETTLE] exp=4356 gold=201747 len=393
2026-10-03 17:48:42.635 [SYS] 物品栏已满！
2026-10-03 17:49:09.275 [SETTLE] exp=3450 gold=201747 len=393
2026-10-03 17:49:09.372 [SYS] 获得了#00FF00#1#FFF692#个#64FF7D#碧玉葫芦
2026-10-03 17:49:46.125 [SETTLE] exp=3484 gold=201747 len=393
2026-10-03 17:50:00.073 [SYS] #00FFFF#尊敬的冒险者们，今天是#FFFF00#力量之日#00FFFF#！#FFFF00#力量卡片#00FFFF#和少量稀有卡片已经散落在了梦境世界的各个角落，等待着它们的主人！赶快战斗吧，去寻找属于你的卡片！
2026-10-03 17:50:11.899 [SETTLE] exp=4356 gold=201747 len=393
2026-10-03 17:50:11.899 [SYS] 物品栏已满！
2026-10-03 17:50:49.347 [SETTLE] exp=4321 gold=201747 len=393
2026-10-03 17:51:00.079 [SYS] #00FFFF#活动中获得的卡片可以在#00FF00#龙之都#00FFFF#的#FF0000#奥里雷西亚女士#00FFFF#处兑换其它卡片或者收藏品；打开锁着的藏宝箱得到的#FFFF00#武器大师礼券#00FFFF#可以在#00FF00#龙之都#00FFFF#的#FF0000#哼哼先生#00FFFF#处兑换锻造金色武器的原料。
2026-10-03 17:51:12.587 [SETTLE] exp=4321 gold=201747 len=393
2026-10-03 17:51:36.099 [SETTLE] exp=3450 gold=201747 len=393
2026-10-03 17:52:01.872 [SETTLE] exp=4321 gold=201747 len=393
2026-10-03 17:52:27.827 [SETTLE] exp=4356 gold=201747 len=393
2026-10-03 17:52:27.918 [SYS] 获得了#00FF00#1#FFF692#个#64FF7D#卡片-“力量”
2026-10-03 17:52:50.127 [SETTLE] exp=3527 gold=201747 len=393
2026-10-03 17:53:14.369 [SETTLE] exp=3484 gold=201747 len=393
2026-10-03 17:53:37.593 [SETTLE] exp=3450 gold=201747 len=393
2026-10-03 17:54:03.611 [SETTLE] exp=4287 gold=201747 len=393
2026-10-03 17:54:03.695 [SYS] 物品栏已满！
2026-10-03 17:54:25.657 [SETTLE] exp=3450 gold=201747 len=393
2026-10-03 17:54:58.620 [SETTLE] exp=3416 gold=201747 len=393
2026-10-03 17:55:21.624 [SETTLE] exp=4287 gold=201747 len=393
2026-10-03 17:55:21.712 [SYS] 物品栏已满！
2026-10-03 17:55:56.094 [SETTLE] exp=3450 gold=201747 len=393
2026-10-03 17:56:25.229 [SETTLE] exp=3450 gold=201747 len=393
2026-10-03 17:56:58.702 [SETTLE] exp=3484 gold=201747 len=393
2026-10-03 17:57:29.719 [SETTLE] exp=3484 gold=201747 len=393
2026-10-03 17:58:10.044 [SETTLE] exp=3450 gold=201747 len=393
2026-10-03 17:58:10.127 [SYS] 物品栏已满！
2026-10-03 17:58:29.826 [SETTLE] exp=4400 gold=201747 len=393
2026-10-03 17:59:00.076 [SETTLE] exp=4321 gold=201747 len=393
2026-10-03 17:59:25.577 [SETTLE] exp=3484 gold=201747 len=393
2026-10-03 17:59:53.151 [SETTLE] exp=4287 gold=201747 len=393
2026-10-03 18:00:00.008 [SYS] #00FFFF#到目前为止，已经有无数的卡片找到了它们的主人！#FFFF00#力量之日#00FFFF#活动到此暂告一段落，祝大家游戏快乐，好运连连。让我们一起期待下一个活动日的到来吧！
2026-10-03 18:00:29.700 [SETTLE] exp=4356 gold=201747 len=393
2026-10-03 18:00:58.407 [SETTLE] exp=3484 gold=201747 len=393
2026-10-03 18:01:25.346 [SETTLE] exp=3450 gold=201747 len=393
2026-10-03 18:01:52.863 [SETTLE] exp=4321 gold=201747 len=393
2026-10-03 18:01:56.538 [QUESTION] {"type":"question","sock":2492,"qno":2,"field_a":74,"stem":"地球公转的方向是怎样的?","options":["1、上下蹦","2、左右晃悠","3、社会摇","4、自西向东"]}
2026-10-03 18:01:58.353 [SEND-ANSWER] qno=2 opt=3 ret=13 sock=2492
2026-10-03 18:01:58.396 [SYS] 测试通过！
2026-10-03 18:01:58.482 [SYS] 获得了#00FF00#100#FFF692#金币
2026-10-03 18:02:19.089 [SETTLE] exp=4287 gold=201747 len=393
2026-10-03 18:02:55.734 [SETTLE] exp=3450 gold=201747 len=393
2026-10-03 18:03:24.533 [SETTLE] exp=3416 gold=201747 len=393
2026-10-03 18:03:49.401 [SETTLE] exp=3416 gold=201747 len=393
2026-10-03 18:04:29.134 [SYS] 物品栏满
2026-10-03 18:04:29.225 [SETTLE] exp=4321 gold=201747 len=393
2026-10-03 18:04:58.210 [SETTLE] exp=4287 gold=201747 len=393
2026-10-03 18:05:25.808 [SYS] 物品栏满
2026-10-03 18:05:25.901 [SETTLE] exp=3450 gold=201747 len=393
2026-10-03 18:05:54.327 [SETTLE] exp=3416 gold=201747 len=393
2026-10-03 18:06:21.070 [SETTLE] exp=3450 gold=201747 len=393
2026-10-03 18:06:47.672 [SETTLE] exp=3416 gold=201747 len=393
2026-10-03 18:07:37.497 [SETTLE] exp=4400 gold=201747 len=393
2026-10-03 18:08:08.318 [SYS] 物品栏满
2026-10-03 18:08:08.414 [SETTLE] exp=4356 gold=201747 len=393
2026-10-03 18:08:35.268 [SETTLE] exp=3484 gold=201747 len=393
2026-10-03 18:09:04.040 [SETTLE] exp=4321 gold=201747 len=393
2026-10-03 18:09:42.169 [SETTLE] exp=3484 gold=201747 len=393
2026-10-03 18:10:11.326 [SETTLE] exp=4321 gold=201747 len=393
2026-10-03 18:10:42.216 [SETTLE] exp=4400 gold=201747 len=393
2026-10-03 18:11:17.326 [SETTLE] exp=4287 gold=201747 len=393
2026-10-03 18:11:45.127 [SETTLE] exp=4356 gold=201747 len=393
2026-10-03 18:12:11.260 [SETTLE] exp=3450 gold=201747 len=393
2026-10-03 18:12:33.036 [SETTLE] exp=3450 gold=201747 len=393
2026-10-03 18:12:58.152 [SETTLE] exp=4287 gold=201747 len=393
2026-10-03 18:13:37.859 [SETTLE] exp=4321 gold=201747 len=393
2026-10-03 18:14:02.089 [SETTLE] exp=3450 gold=201747 len=393
2026-10-03 18:14:43.739 [SETTLE] exp=3450 gold=201747 len=393
2026-10-03 18:15:07.810 [SETTLE] exp=3484 gold=201747 len=393
2026-10-03 18:15:54.709 [SETTLE] exp=4287 gold=201747 len=393
2026-10-03 18:16:16.290 [SETTLE] exp=4436 gold=201747 len=393
2026-10-03 18:16:39.335 [SETTLE] exp=3637 gold=201747 len=393
2026-10-03 18:17:02.396 [SETTLE] exp=3598 gold=201747 len=393
2026-10-03 18:17:29.978 [SETTLE] exp=3598 gold=201747 len=393
2026-10-03 18:17:55.935 [SETTLE] exp=4507 gold=201747 len=393
2026-10-03 18:18:33.836 [SETTLE] exp=3598 gold=201747 len=393
2026-10-03 18:19:24.326 [SETTLE] exp=3563 gold=201747 len=393
2026-10-03 18:20:11.401 [SETTLE] exp=4471 gold=201747 len=393
2026-10-03 18:20:17.791 [SYS] #FFF692#恭喜#FF8CF8#情義丶聪爺#FFF692#在#00C8F8#珍稀特殊RP箱#FFF692#中获得了#64FF7D#特殊3阶宠装强化剂
2026-10-03 18:20:17.940 [SYS] #FFF692#恭喜#FF8CF8#情義丶聪爺#FFF692#在#00C8F8#珍稀特殊RP箱#FFF692#中获得了#64FF7D#特殊3阶宠装强化剂
2026-10-03 18:20:40.680 [SETTLE] exp=4471 gold=201747 len=393
2026-10-03 18:21:07.907 [SETTLE] exp=3598 gold=201747 len=393
2026-10-03 18:21:33.305 [SETTLE] exp=4574 gold=201747 len=393
2026-10-03 18:22:23.399 [SETTLE] exp=3563 gold=201747 len=393
2026-10-03 18:22:47.948 [SETTLE] exp=4471 gold=201747 len=393
2026-10-03 18:23:09.411 [SYS] 物品栏满
2026-10-03 18:23:09.496 [SETTLE] exp=3634 gold=201747 len=393
2026-10-03 18:23:43.199 [SETTLE] exp=4530 gold=201747 len=393
2026-10-03 18:24:04.970 [QUESTION] {"type":"question","sock":2492,"qno":9,"field_a":75,"stem":".丝绸摩擦过的玻璃棒带哪种电?","options":["1、闪电侠","2、静电","3、闪电箭","4、闪电风暴"]}
2026-10-03 18:24:07.242 [SETTLE] exp=4530 gold=201747 len=393
2026-10-03 18:24:08.082 [SEND-ANSWER] qno=9 opt=1 ret=13 sock=2492
2026-10-03 18:24:08.133 [SYS] 测试通过！
2026-10-03 18:24:08.221 [SYS] 获得了#00FF00#100#FFF692#金币
2026-10-03 18:24:25.739 [SETTLE] exp=3589 gold=201747 len=393
2026-10-03 18:25:06.270 [SETTLE] exp=3625 gold=201747 len=393
2026-10-03 18:25:35.508 [SETTLE] exp=3532 gold=201747 len=393
2026-10-03 18:26:02.212 [SETTLE] exp=3660 gold=201747 len=393
2026-10-03 18:26:20.758 [SYS] 物品栏满
2026-10-03 18:26:20.850 [SETTLE] exp=3625 gold=201747 len=393
2026-10-03 18:26:44.729 [SETTLE] exp=3498 gold=201747 len=393
2026-10-03 18:27:18.946 [SETTLE] exp=3625 gold=201747 len=393
2026-10-03 18:27:48.593 [SETTLE] exp=4390 gold=201747 len=393
2026-10-03 18:28:12.593 [SETTLE] exp=3625 gold=201747 len=393
2026-10-03 18:28:50.788 [SETTLE] exp=3625 gold=201747 len=393
2026-10-03 18:29:32.381 [SETTLE] exp=4530 gold=201747 len=393
2026-10-03 18:29:55.894 [SETTLE] exp=4579 gold=201747 len=393
2026-10-03 18:30:21.603 [SETTLE] exp=3671 gold=201747 len=393
2026-10-03 18:30:46.554 [SETTLE] exp=3637 gold=201747 len=393
2026-10-03 18:31:24.664 [SETTLE] exp=3601 gold=201747 len=393
2026-10-03 18:31:50.036 [SETTLE] exp=3563 gold=201747 len=393
2026-10-03 18:32:20.036 [SETTLE] exp=3637 gold=201747 len=393
2026-10-03 18:32:45.023 [SETTLE] exp=3625 gold=201747 len=393
2026-10-03 18:33:22.900 [SETTLE] exp=3532 gold=201747 len=393
2026-10-03 18:34:03.559 [SETTLE] exp=4458 gold=201747 len=393
2026-10-03 18:34:40.744 [SETTLE] exp=4494 gold=201747 len=393
2026-10-03 18:35:17.036 [SETTLE] exp=3660 gold=201747 len=393
2026-10-03 18:36:03.992 [SETTLE] exp=3631 gold=201747 len=393
2026-10-03 18:36:46.395 [SETTLE] exp=2922 gold=201747 len=393
2026-10-03 18:37:30.038 [SETTLE] exp=3631 gold=201747 len=393
2026-10-03 18:38:07.482 [SETTLE] exp=2922 gold=201747 len=393
2026-10-03 18:38:37.883 [SETTLE] exp=3634 gold=201747 len=393
2026-10-03 18:39:09.268 [SETTLE] exp=3554 gold=201747 len=393
2026-10-03 18:39:40.062 [SETTLE] exp=3631 gold=201747 len=393
2026-10-03 18:40:11.379 [SETTLE] exp=4494 gold=201747 len=393
2026-10-03 18:40:55.667 [SETTLE] exp=3631 gold=201747 len=393
2026-10-03 18:41:39.380 [SETTLE] exp=4530 gold=201747 len=393
2026-10-03 18:42:23.500 [SETTLE] exp=3634 gold=201747 len=393
2026-10-03 18:42:50.617 [SETTLE] exp=4543 gold=201747 len=393
2026-10-03 18:43:20.634 [SETTLE] exp=3634 gold=201747 len=393
2026-10-03 18:44:10.559 [SETTLE] exp=4530 gold=201747 len=393
2026-10-03 18:44:45.830 [SETTLE] exp=4543 gold=201747 len=393
2026-10-03 18:45:32.364 [SETTLE] exp=3631 gold=201747 len=393
2026-10-03 18:46:02.921 [SETTLE] exp=4543 gold=201747 len=393
2026-10-03 18:46:38.969 [SETTLE] exp=4543 gold=201747 len=393
2026-10-03 18:47:14.076 [SETTLE] exp=3631 gold=201747 len=393
2026-10-03 18:47:36.006 [SETTLE] exp=4530 gold=201747 len=393
2026-10-03 18:47:36.090 [SYS] 获得了#00FF00#1#FFF692#个#64FF7D#紫金红葫芦
2026-10-03 18:48:00.202 [SETTLE] exp=3634 gold=201747 len=393
2026-10-03 18:48:27.692 [SETTLE] exp=4579 gold=201747 len=393
2026-10-03 18:48:51.163 [SETTLE] exp=4616 gold=201747 len=393
2026-10-03 18:49:22.088 [SETTLE] exp=3634 gold=201747 len=393
2026-10-03 18:49:50.032 [SETTLE] exp=3671 gold=201747 len=393
2026-10-03 18:50:36.207 [SETTLE] exp=3688 gold=201747 len=393
2026-10-03 18:50:58.016 [SETTLE] exp=3589 gold=201747 len=393
2026-10-03 18:51:27.367 [SETTLE] exp=2922 gold=201747 len=393
2026-10-03 18:52:12.172 [SETTLE] exp=4579 gold=201747 len=393
2026-10-03 18:52:36.927 [SETTLE] exp=4495 gold=201747 len=393
2026-10-03 18:53:22.267 [SETTLE] exp=3660 gold=201747 len=393
2026-10-03 18:53:47.010 [SETTLE] exp=3554 gold=201747 len=393
2026-10-03 18:54:30.273 [SETTLE] exp=3631 gold=201747 len=393
2026-10-03 18:55:01.996 [SETTLE] exp=3631 gold=201747 len=393
2026-10-03 18:55:31.876 [SETTLE] exp=3602 gold=201747 len=393
2026-10-03 18:55:56.326 [SETTLE] exp=4543 gold=201747 len=393
2026-10-03 18:56:24.689 [SETTLE] exp=3600 gold=201747 len=393
2026-10-03 18:56:52.321 [SETTLE] exp=2660 gold=201747 len=393
2026-10-03 18:57:34.593 [SETTLE] exp=3642 gold=201747 len=393
2026-10-03 18:57:59.674 [SETTLE] exp=2738 gold=201747 len=393
2026-10-03 18:58:26.421 [SETTLE] exp=3523 gold=201747 len=393
2026-10-03 18:58:54.662 [SETTLE] exp=2738 gold=201747 len=393
2026-10-03 18:59:23.188 [SETTLE] exp=3571 gold=201747 len=393
2026-10-03 18:59:45.550 [SETTLE] exp=3523 gold=201747 len=393
2026-10-03 19:00:30.219 [SETTLE] exp=2897 gold=201747 len=393
2026-10-03 19:01:10.188 [SETTLE] exp=2660 gold=201747 len=393
2026-10-03 19:01:48.876 [SETTLE] exp=2165 gold=201747 len=393
2026-10-03 19:02:24.550 [SETTLE] exp=2925 gold=201747 len=393
2026-10-03 19:03:01.061 [SETTLE] exp=3603 gold=201747 len=393
2026-10-03 19:03:32.091 [SETTLE] exp=2165 gold=201747 len=393
2026-10-03 19:03:57.644 [SETTLE] exp=2738 gold=201747 len=393
2026-10-03 19:04:25.561 [SETTLE] exp=2165 gold=201747 len=393
2026-10-03 19:04:48.788 [SETTLE] exp=3559 gold=201747 len=393
2026-10-03 19:05:30.534 [SETTLE] exp=2897 gold=201747 len=393
2026-10-03 19:05:57.550 [SETTLE] exp=2193 gold=201747 len=393
2026-10-03 19:06:23.434 [SETTLE] exp=2738 gold=201747 len=393
2026-10-03 19:07:06.269 [SETTLE] exp=2925 gold=201747 len=393
2026-10-03 19:07:33.751 [SETTLE] exp=2193 gold=201747 len=393
2026-10-03 19:07:58.284 [SETTLE] exp=3639 gold=201747 len=393
2026-10-03 19:08:23.512 [SETTLE] exp=2702 gold=201747 len=393
2026-10-03 19:08:58.513 [SETTLE] exp=2738 gold=201747 len=393
2026-10-03 19:09:40.124 [SETTLE] exp=2897 gold=201747 len=393
2026-10-03 19:10:08.121 [SETTLE] exp=2165 gold=201747 len=393
2026-10-03 19:10:43.871 [SETTLE] exp=3559 gold=201747 len=393
2026-10-03 19:11:11.091 [SETTLE] exp=2660 gold=201747 len=393
2026-10-03 19:11:45.848 [SETTLE] exp=2702 gold=201747 len=393
2026-10-03 19:12:24.165 [SETTLE] exp=3571 gold=201747 len=393
2026-10-03 19:13:03.043 [SETTLE] exp=3571 gold=201747 len=413
2026-10-03 19:13:31.352 [SETTLE] exp=2738 gold=201747 len=393
2026-10-03 19:14:07.790 [SETTLE] exp=2165 gold=201747 len=393
2026-10-03 19:14:35.395 [SETTLE] exp=3523 gold=201747 len=393
2026-10-03 19:15:01.134 [SETTLE] exp=3639 gold=201747 len=393
2026-10-03 19:15:31.221 [SETTLE] exp=2193 gold=201747 len=393
2026-10-03 19:15:57.803 [SETTLE] exp=2652 gold=201747 len=393
2026-10-03 19:16:27.108 [SETTLE] exp=3639 gold=201747 len=393
2026-10-03 19:16:51.368 [SETTLE] exp=3523 gold=201747 len=393
2026-10-03 19:17:14.123 [SETTLE] exp=2660 gold=201747 len=393
2026-10-03 19:17:37.167 [SETTLE] exp=2165 gold=201747 len=393
2026-10-03 19:18:08.544 [SETTLE] exp=2869 gold=201747 len=393
2026-10-03 19:18:33.840 [SETTLE] exp=2869 gold=201747 len=393
2026-10-03 19:18:55.682 [QUESTION] {"type":"question","sock":2492,"qno":2,"field_a":74,"stem":"地球公转的方向是怎样的?","options":["1、上下蹦","2、左右晃悠","3、社会摇","4、自西向东"]}
2026-10-03 19:18:58.081 [SETTLE] exp=3523 gold=201747 len=393
2026-10-03 19:18:58.903 [SEND-ANSWER] qno=2 opt=3 ret=13 sock=2492
2026-10-03 19:18:58.948 [SYS] 测试通过！
2026-10-03 19:18:59.035 [SYS] 获得了#00FF00#100#FFF692#金币
2026-10-03 19:19:27.020 [SYS] 物品栏满
2026-10-03 19:19:27.112 [SETTLE] exp=2738 gold=201747 len=393
2026-10-03 19:19:27.114 [SYS] 获得了#00FF00#1#FFF692#个#64FF7D#黄玉葫芦
2026-10-03 19:20:00.394 [SETTLE] exp=2193 gold=201747 len=393
2026-10-03 19:20:22.137 [SETTLE] exp=3559 gold=201747 len=393
2026-10-03 19:20:53.053 [SETTLE] exp=2193 gold=201747 len=393
2026-10-03 19:21:19.837 [SETTLE] exp=2165 gold=201747 len=393
2026-10-03 19:21:48.128 [SETTLE] exp=2925 gold=201747 len=393
2026-10-03 19:22:19.437 [SETTLE] exp=2925 gold=201747 len=393
2026-10-03 19:22:44.130 [SETTLE] exp=2738 gold=201747 len=393
2026-10-03 19:23:05.164 [SETTLE] exp=2660 gold=201747 len=393
2026-10-03 19:23:39.571 [SETTLE] exp=2897 gold=201747 len=393
2026-10-03 19:24:12.008 [SETTLE] exp=2925 gold=201747 len=393
2026-10-03 19:24:38.649 [SETTLE] exp=2702 gold=201747 len=393
2026-10-03 19:25:17.614 [SETTLE] exp=3639 gold=201747 len=393
2026-10-03 19:25:48.811 [SETTLE] exp=2897 gold=201747 len=393
2026-10-03 19:26:17.151 [SETTLE] exp=3603 gold=201747 len=393
2026-10-03 19:26:56.993 [SETTLE] exp=2165 gold=201747 len=393
2026-10-03 19:27:23.261 [SETTLE] exp=3559 gold=201747 len=393
2026-10-03 19:27:47.287 [SETTLE] exp=2738 gold=201747 len=393
2026-10-03 19:28:19.022 [SETTLE] exp=2193 gold=201747 len=393
2026-10-03 19:28:44.087 [SETTLE] exp=3523 gold=201747 len=393
2026-10-03 19:29:13.511 [SETTLE] exp=2165 gold=201747 len=393
2026-10-03 19:29:33.994 [SETTLE] exp=3535 gold=201747 len=393
2026-10-03 19:30:13.077 [SETTLE] exp=2738 gold=201747 len=393
2026-10-03 19:30:50.584 [SETTLE] exp=2738 gold=201747 len=393
2026-10-03 19:31:16.599 [SETTLE] exp=3523 gold=201747 len=393
2026-10-03 19:31:40.848 [SETTLE] exp=3523 gold=201747 len=393
2026-10-03 19:32:08.587 [SETTLE] exp=3571 gold=201747 len=393
2026-10-03 19:32:37.010 [SETTLE] exp=2869 gold=201747 len=393
2026-10-03 19:33:12.550 [SETTLE] exp=2660 gold=201747 len=393
2026-10-03 19:33:44.869 [SETTLE] exp=2193 gold=201747 len=393
2026-10-03 19:34:12.472 [SETTLE] exp=2193 gold=201747 len=393
2026-10-03 19:34:36.645 [SETTLE] exp=2702 gold=201747 len=393
2026-10-03 19:35:05.994 [SETTLE] exp=3603 gold=201747 len=393
2026-10-03 19:35:45.339 [SETTLE] exp=2193 gold=201747 len=393
2026-10-03 19:36:24.628 [SETTLE] exp=2193 gold=201747 len=393
2026-10-03 19:36:50.558 [SETTLE] exp=3571 gold=201747 len=393
2026-10-03 19:37:18.677 [SETTLE] exp=2738 gold=201747 len=393
2026-10-03 19:37:49.617 [SETTLE] exp=2702 gold=201747 len=393
2026-10-03 19:38:17.892 [SETTLE] exp=2869 gold=201747 len=393
2026-10-03 19:38:40.532 [SETTLE] exp=2687 gold=201747 len=393
2026-10-03 19:39:10.142 [SETTLE] exp=2738 gold=201747 len=393
2026-10-03 19:39:51.675 [SETTLE] exp=2193 gold=201747 len=393
2026-10-03 19:40:20.489 [SETTLE] exp=2869 gold=201747 len=393
2026-10-03 19:40:46.646 [SETTLE] exp=2165 gold=201747 len=393
2026-10-03 19:41:19.738 [SYS] 物品栏满
2026-10-03 19:41:19.834 [SETTLE] exp=3559 gold=201747 len=393
2026-10-03 19:41:43.660 [SETTLE] exp=3603 gold=201747 len=393
2026-10-03 19:42:15.919 [SETTLE] exp=3639 gold=201747 len=393
2026-10-03 19:42:52.423 [SETTLE] exp=2738 gold=201747 len=393
2026-10-03 19:43:13.731 [SETTLE] exp=3639 gold=201747 len=393
2026-10-03 19:43:43.423 [SETTLE] exp=2193 gold=201747 len=393
2026-10-03 19:44:16.071 [SETTLE] exp=2193 gold=201747 len=393
2026-10-03 19:44:38.380 [SETTLE] exp=3571 gold=201747 len=393
2026-10-03 19:45:03.698 [SETTLE] exp=3535 gold=201747 len=393
2026-10-03 19:45:32.115 [SETTLE] exp=3523 gold=201747 len=393
2026-10-03 19:45:54.422 [SETTLE] exp=2714 gold=201747 len=393
2026-10-03 19:46:40.268 [SETTLE] exp=3601 gold=201747 len=393
2026-10-03 19:47:16.098 [SETTLE] exp=4537 gold=201747 len=393
2026-10-03 19:47:43.862 [SETTLE] exp=3563 gold=201747 len=393
2026-10-03 19:48:25.863 [SETTLE] exp=3563 gold=201747 len=393
2026-10-03 19:49:05.702 [SETTLE] exp=4537 gold=201747 len=393
2026-10-03 19:49:33.603 [SETTLE] exp=3637 gold=201747 len=393
2026-10-03 19:49:59.967 [SYS] #00FFFF#国庆节特别活动“红旗飘飘贺国庆”将于#00FF00#10#00FFFF#分钟后开启，冒险者可以在逍遥西的#FF0000#大冒险活动官#00FFFF#处参加活动，收集喜庆用品装饰旗台，赢取丰富的属性及道具奖励，幸运的冒险者还将得到#FF0000#稀有奖励#FFFFFF#！
2026-10-03 19:50:20.322 [SETTLE] exp=3598 gold=201747 len=393
2026-10-03 19:50:37.690 [SETTLE] exp=3637 gold=201747 len=393
2026-10-03 19:51:15.526 [SETTLE] exp=4579 gold=201747 len=393
2026-10-03 19:51:54.494 [SETTLE] exp=3634 gold=201747 len=393
2026-10-03 19:52:38.985 [SETTLE] exp=3589 gold=201747 len=393
2026-10-03 19:53:04.636 [SETTLE] exp=3671 gold=201747 len=393
2026-10-03 19:53:04.730 [SYS] 获得了#00FF00#1#FFF692#个#64FF7D#黄玉葫芦
2026-10-03 19:53:41.661 [SETTLE] exp=4579 gold=201747 len=393
2026-10-03 19:54:03.333 [SETTLE] exp=4579 gold=201747 len=393
2026-10-03 19:54:33.447 [SETTLE] exp=3671 gold=201747 len=393
2026-10-03 19:55:00.025 [SYS] #00FFFF#国庆节特别活动“红旗飘飘贺国庆”将于#00FF00#5#00FFFF#分钟后开启，冒险者可以在逍遥西的#FF0000#大冒险活动官#00FFFF#处参加活动，收集喜庆用品装饰旗台，赢取丰富的属性及道具奖励，幸运的冒险者还将得到#FF0000#稀有奖励#FFFFFF#！
2026-10-03 19:55:07.320 [SETTLE] exp=3634 gold=201747 len=393
2026-10-03 19:55:34.307 [SETTLE] exp=4543 gold=201747 len=393
2026-10-03 19:55:58.874 [SETTLE] exp=4579 gold=201747 len=393
2026-10-03 19:56:38.304 [SETTLE] exp=4461 gold=201747 len=393
2026-10-03 19:57:18.837 [SETTLE] exp=4616 gold=201747 len=403
2026-10-03 19:57:59.594 [SETTLE] exp=4461 gold=201747 len=393
2026-10-03 19:58:23.205 [SETTLE] exp=4579 gold=201747 len=393
2026-10-03 19:58:47.583 [SETTLE] exp=4616 gold=201747 len=393
2026-10-03 19:59:15.568 [SETTLE] exp=3554 gold=201747 len=393
2026-10-03 19:59:42.969 [SETTLE] exp=4543 gold=201747 len=393
2026-10-03 19:59:59.972 [SYS] #00FFFF#国庆节特别活动“红旗飘飘贺国庆”#00FF00#正式开启#00FFFF#，冒险者可以在逍遥西的#FF0000#大冒险活动官#00FFFF#处参加活动，收集喜庆用品装饰旗台，赢取丰富的属性及道具奖励，幸运的冒险者还将得到#FF0000#稀有奖励#FFFFFF#！
2026-10-03 20:00:00.552 [SYS] 许愿池里多了一批新礼物，赶紧来许愿吧~
2026-10-03 20:00:13.985 [SETTLE] exp=4579 gold=201747 len=393
2026-10-03 20:00:55.518 [SETTLE] exp=4616 gold=201747 len=393
2026-10-03 20:01:35.006 [SETTLE] exp=3671 gold=201747 len=393
2026-10-03 20:02:00.672 [SETTLE] exp=3625 gold=201747 len=393
2026-10-03 20:02:27.889 [SETTLE] exp=3589 gold=201747 len=393
2026-10-03 20:02:55.467 [SYS] 物品栏满
2026-10-03 20:02:55.552 [SETTLE] exp=4579 gold=201747 len=393
2026-10-03 20:03:36.777 [SETTLE] exp=3671 gold=201747 len=393
2026-10-03 20:04:03.198 [SETTLE] exp=4616 gold=201747 len=393
2026-10-03 20:04:33.940 [SETTLE] exp=3634 gold=201747 len=393
2026-10-03 20:05:08.463 [SETTLE] exp=3671 gold=201747 len=393
2026-10-03 20:05:50.125 [SETTLE] exp=3598 gold=201747 len=393
2026-10-03 20:06:28.670 [SETTLE] exp=3563 gold=201747 len=393
2026-10-03 20:06:52.201 [SETTLE] exp=3601 gold=201747 len=393
2026-10-03 20:07:18.544 [SETTLE] exp=4543 gold=201747 len=393
2026-10-03 20:07:45.859 [SETTLE] exp=4567 gold=201747 len=393
2026-10-03 20:08:15.283 [SETTLE] exp=3807 gold=201747 len=393
2026-10-03 20:09:03.922 [SETTLE] exp=2922 gold=201747 len=393
2026-10-03 20:09:29.814 [QUESTION] {"type":"question","sock":2492,"qno":1,"field_a":59,"stem":"以下不属于马的动物？","options":["1、海马","2、赤兔","3、白马","4、红马"]}
2026-10-03 20:09:31.308 [SEND-ANSWER] qno=1 opt=0 ret=13 sock=2492
2026-10-03 20:09:31.355 [SYS] 测试通过！
2026-10-03 20:09:31.441 [SYS] 获得了#00FF00#100#FFF692#金币
2026-10-03 20:09:35.780 [SETTLE] exp=4494 gold=201747 len=393
2026-10-03 20:10:15.127 [SETTLE] exp=2950 gold=201747 len=393
2026-10-03 20:10:52.035 [SETTLE] exp=2922 gold=201747 len=393
2026-10-03 20:11:36.092 [SETTLE] exp=3688 gold=201747 len=393
2026-10-03 20:12:11.116 [SETTLE] exp=3660 gold=201747 len=393
2026-10-03 20:12:37.177 [SYS] 物品栏满
2026-10-03 20:12:37.278 [SETTLE] exp=3631 gold=201747 len=393
2026-10-03 20:13:05.485 [SETTLE] exp=3660 gold=201747 len=393
2026-10-03 20:13:36.666 [SETTLE] exp=3602 gold=201747 len=393
2026-10-03 20:14:09.435 [SETTLE] exp=2950 gold=201747 len=393
2026-10-03 20:14:35.671 [SETTLE] exp=3660 gold=201747 len=393
2026-10-03 20:15:07.717 [SETTLE] exp=2950 gold=201747 len=393
2026-10-03 20:15:55.516 [SYS] 物品栏满
2026-10-03 20:15:55.606 [SETTLE] exp=3660 gold=201747 len=393
2026-10-03 20:16:21.416 [SETTLE] exp=3688 gold=201747 len=393
2026-10-03 20:17:00.765 [SETTLE] exp=3660 gold=201747 len=393
2026-10-03 20:17:32.517 [SETTLE] exp=3631 gold=201747 len=393
2026-10-03 20:18:11.296 [SETTLE] exp=3631 gold=201747 len=393
2026-10-03 20:18:47.257 [SETTLE] exp=4530 gold=201747 len=393
2026-10-03 20:19:16.154 [SETTLE] exp=3660 gold=201747 len=393
2026-10-03 20:19:47.574 [SETTLE] exp=4530 gold=201747 len=393
2026-10-03 20:19:59.981 [SYS] #00FFFF#国庆节特别活动“红旗飘飘贺国庆”#00FF00#正式开启#00FFFF#，冒险者可以在逍遥西的#FF0000#大冒险活动官#00FFFF#处参加活动，收集喜庆用品装饰旗台，赢取丰富的属性及道具奖励，幸运的冒险者还将得到#FF0000#稀有奖励#FFFFFF#！
2026-10-03 20:20:33.337 [SETTLE] exp=-24258 gold=201747 len=393
2026-10-03 20:22:33.030 [SYS] #00FF00#平静海岸3区#FFF692#的妖王见无人能敌，冷笑一声，化作一道黑气消失在天际。！
2026-10-03 20:31:09.169 [SYS] 减少了#00FF00#40000#FFF692#金币
2026-10-03 20:32:14.503 [SYS] #ff0000#您已进入野外区域，可能遭遇玩家间的自由对战，请注意安全！#ffffff#
2026-10-03 20:32:45.415 [SYS] 获得了#00FF00#3,0705#FFF692#经验
2026-10-03 20:32:48.729 [SYS] 获得了#00FF00#6141#FFF692#经验
2026-10-03 20:32:49.328 [SYS] 获得了#00FF00#6141#FFF692#经验
2026-10-03 20:32:49.855 [SYS] 获得了#00FF00#6141#FFF692#经验
2026-10-03 20:32:50.349 [SYS] 获得了#00FF00#6141#FFF692#经验
2026-10-03 20:32:50.769 [SYS] 获得了#00FF00#6141#FFF692#经验
2026-10-03 20:32:51.287 [SYS] 获得了#00FF00#6141#FFF692#经验
2026-10-03 20:32:51.838 [SYS] 获得了#00FF00#6141#FFF692#经验
2026-10-03 20:32:52.327 [SYS] 获得了#00FF00#6141#FFF692#经验
2026-10-03 20:32:52.977 [SYS] 获得了#00FF00#6141#FFF692#经验
2026-10-03 20:32:53.584 [SYS] 获得了#00FF00#6141#FFF692#经验
2026-10-03 20:32:54.560 [SYS] 获得了#00FF00#1006#FFF692#金币
2026-10-03 20:32:54.633 [SYS] 获得了#00FF00#1#FFF692#张#64FF7D#卡片-“财富”
2026-10-03 20:34:49.496 [SETTLE] exp=4507 gold=201747 len=393
2026-10-03 20:35:30.650 [SETTLE] exp=4603 gold=201747 len=393
2026-10-03 20:35:58.362 [SETTLE] exp=3532 gold=201747 len=393
2026-10-03 20:36:28.901 [SETTLE] exp=3566 gold=201747 len=393
2026-10-03 20:37:17.671 [SETTLE] exp=4458 gold=201747 len=393
2026-10-03 20:37:43.596 [SETTLE] exp=3602 gold=201747 len=393
2026-10-03 20:38:11.464 [SETTLE] exp=2893 gold=201747 len=393
2026-10-03 20:38:46.968 [SETTLE] exp=3631 gold=201747 len=393
2026-10-03 20:39:30.287 [SETTLE] exp=3602 gold=201747 len=393
2026-10-03 20:39:55.717 [SETTLE] exp=4530 gold=201747 len=393
2026-10-03 20:39:59.973 [SYS] #00FFFF#国庆节特别活动“红旗飘飘贺国庆”#00FF00#正式开启#00FFFF#，冒险者可以在逍遥西的#FF0000#大冒险活动官#00FFFF#处参加活动，收集喜庆用品装饰旗台，赢取丰富的属性及道具奖励，幸运的冒险者还将得到#FF0000#稀有奖励#FFFFFF#！
2026-10-03 20:40:29.617 [SETTLE] exp=4494 gold=201747 len=393
2026-10-03 20:40:59.030 [SETTLE] exp=2922 gold=201747 len=393
2026-10-03 20:41:44.041 [SETTLE] exp=2893 gold=201747 len=393
2026-10-03 20:42:30.980 [SETTLE] exp=3631 gold=201747 len=393
2026-10-03 20:42:55.885 [SETTLE] exp=3566 gold=201747 len=393
2026-10-03 20:43:25.929 [SETTLE] exp=2893 gold=201747 len=393
2026-10-03 20:44:07.353 [SETTLE] exp=4494 gold=201747 len=393
2026-10-03 20:44:42.003 [SETTLE] exp=4530 gold=201747 len=393
2026-10-03 20:45:20.255 [SETTLE] exp=2893 gold=201747 len=393
2026-10-03 20:45:46.744 [SETTLE] exp=4494 gold=201747 len=393
2026-10-03 20:46:04.229 [SYS] #00FF00#1#00FFFF#分钟后逍遥村周围将掉落20个宝箱，捡取可获得意外惊喜喔！#FFFFFF#
2026-10-03 20:46:29.556 [SETTLE] exp=2893 gold=201747 len=393
2026-10-03 20:47:05.004 [SETTLE] exp=3602 gold=201747 len=393
2026-10-03 20:47:39.646 [SETTLE] exp=4494 gold=201747 len=393
2026-10-03 20:48:17.975 [SETTLE] exp=4494 gold=201747 len=393
2026-10-03 20:48:47.629 [SETTLE] exp=2893 gold=201747 len=393
2026-10-03 20:49:29.696 [SETTLE] exp=3566 gold=201747 len=393
2026-10-03 20:50:12.946 [SETTLE] exp=3602 gold=201747 len=393
2026-10-03 20:50:38.890 [SYS] #00FF00#1#00FFFF#分钟后逍遥村周围将掉落20个宝箱，捡取可获得意外惊喜喔！#FFFFFF#
2026-10-03 20:50:38.984 [SYS] #00FFFF#10位玉女携带礼物参加国庆活动，#00FF00#5#00FFFF#分钟后将出现在夕阳草原，请各位冒险者前去保护她们免受BOSS骚扰#FF0000#（BOSS有一定几率携带稀有宝宝）。#FFFFFF#
2026-10-03 20:50:42.543 [SETTLE] exp=3602 gold=201747 len=393
2026-10-03 20:51:15.153 [SETTLE] exp=2922 gold=201747 len=393
2026-10-03 20:51:45.355 [SETTLE] exp=4530 gold=201747 len=393
2026-10-03 20:52:22.743 [SETTLE] exp=4494 gold=201747 len=393
2026-10-03 20:52:55.868 [SETTLE] exp=4494 gold=201747 len=393
2026-10-03 20:53:29.698 [SETTLE] exp=-24258 gold=201747 len=393
2026-10-03 20:53:38.884 [SYS] #00FFFF#10位玉女携带礼物参加国庆活动，#00FF00#2#00FFFF#分钟后将出现在夕阳草原，请各位冒险者前去保护她们免受BOSS骚扰#FF0000#（BOSS有一定几率携带稀有宝宝）。#FFFFFF#
2026-10-03 20:54:38.894 [SYS] #00FFFF#10位玉女携带礼物参加国庆活动，#00FF00#1#00FFFF#分钟后将出现在夕阳草原，请各位冒险者前去保护她们免受BOSS骚扰#FF0000#（BOSS有一定几率携带稀有宝宝）。#FFFFFF#
2026-10-03 20:55:38.892 [SYS] #00FFFF#10位玉女携带礼物参加国庆活动，已经出现在夕阳草原，请各位冒险者前去保护她们免受BOSS骚扰（BOSS有一定几率携带稀有宝宝）。#FFFFFF#
2026-10-03 20:55:59.041 [SYS] #00FF00#1#00FFFF#分钟后逍遥村周围将掉落20个宝箱，捡取可获得意外惊喜喔！#FFFFFF#
2026-10-03 20:59:59.979 [SYS] #00FFFF#国庆节特别活动“红旗飘飘贺国庆”#00FF00#正式开启#00FFFF#，冒险者可以在逍遥西的#FF0000#大冒险活动官#00FFFF#处参加活动，收集喜庆用品装饰旗台，赢取丰富的属性及道具奖励，幸运的冒险者还将得到#FF0000#稀有奖励#FFFFFF#！
2026-10-03 21:02:00.428 [SYS] 获得了#64FF7D#龙之都暂住申请表
2026-10-03 21:02:00.516 [SYS] 接受了任务：#00CCFF#获得居住资格
#00FF00#到龙之都南门，找卫队长大个王，请他在暂住证申请表上盖章
2026-10-03 21:02:29.360 [SYS] 接受了任务：#00CCFF#龙之都的防卫证明
#00FF00#取得余得利和柱子的推荐信后再来找大个王
2026-10-03 21:03:53.495 [SYS] 获得了#00FF00#1#FFF692#个#64FF7D#缴税徽章
2026-10-03 21:03:53.596 [SYS] 你的钱减少了1800金币
2026-10-03 21:03:53.596 [SYS] 接受了任务：#00CCFF#纳税！纳税！
#00FF00#找铁匠欧冶子，哼哼先生，乐乐姐，翠花，得禄，小兰收取营业税
2026-10-03 21:04:09.146 [SYS] 你的钱减少了200金币
2026-10-03 21:04:19.713 [SYS] 你的钱减少了200金币
2026-10-03 21:05:04.157 [SYS] 接受了任务：#00CCFF#西门外的野兽危机
#00FF00#到无尽平原2区干掉10只窃贼小精灵、10只爱傻笑的金钱豹和10只蝴蝶精
2026-10-03 21:05:57.687 [SYS] 获得了#00FF00#300#FFF692#金币
2026-10-03 21:05:57.788 [SYS] 收到欧冶子缴纳的税金
2026-10-03 21:06:23.733 [SYS] 获得了#00FF00#300#FFF692#金币
2026-10-03 21:06:23.826 [SYS] 收到哼哼先生缴纳的税金
2026-10-03 21:06:49.507 [SYS] 获得了#00FF00#300#FFF692#金币
2026-10-03 21:06:49.602 [SYS] 收到乐乐姐缴纳的税金
2026-10-03 21:07:28.078 [SYS] #00FF00#1#00FFFF#分钟后逍遥村周围将掉落20个宝箱，捡取可获得意外惊喜喔！#FFFFFF#
2026-10-03 21:07:28.172 [SYS] #00FFFF#10位玉女携带礼物参加国庆活动，#00FF00#5#00FFFF#分钟后将出现在夕阳草原，请各位冒险者前去保护她们免受BOSS骚扰#FF0000#（BOSS有一定几率携带稀有宝宝）。#FFFFFF#
2026-10-03 21:07:34.060 [SYS] 获得了#00FF00#300#FFF692#金币
2026-10-03 21:07:34.146 [SYS] 收到翠花缴纳的税金
2026-10-03 21:07:49.198 [SYS] 获得了#00FF00#300#FFF692#金币
2026-10-03 21:07:49.283 [SYS] 收到得禄缴纳的税金
2026-10-03 21:08:13.142 [SYS] 获得了#00FF00#300#FFF692#金币
2026-10-03 21:08:13.229 [SYS] 收到小兰缴纳的税金
2026-10-03 21:08:13.229 [SYS] #00FF00#多带些钱回去找余得利
2026-10-03 21:08:31.397 [SYS] #ff0000#您已进入野外区域，可能遭遇玩家间的自由对战，请注意安全！#ffffff#
2026-10-03 21:10:28.080 [SYS] #00FFFF#10位玉女携带礼物参加国庆活动，#00FF00#2#00FFFF#分钟后将出现在夕阳草原，请各位冒险者前去保护她们免受BOSS骚扰#FF0000#（BOSS有一定几率携带稀有宝宝）。#FFFFFF#
2026-10-03 21:10:35.409 [SETTLE] exp=2 gold=201747 len=393
2026-10-03 21:10:35.488 [SYS] #FFF692#已经杀死了#00FF00#2#FFF692#个#FF2B2B#窃贼小精灵#FFF692#，需要10个
2026-10-03 21:11:28.081 [SYS] #00FFFF#10位玉女携带礼物参加国庆活动，#00FF00#1#00FFFF#分钟后将出现在夕阳草原，请各位冒险者前去保护她们免受BOSS骚扰#FF0000#（BOSS有一定几率携带稀有宝宝）。#FFFFFF#
2026-10-03 21:11:37.658 [SYS] #00FF00#1#00FFFF#分钟后逍遥村周围将掉落20个宝箱，捡取可获得意外惊喜喔！#FFFFFF#
2026-10-03 21:11:47.149 [SETTLE] exp=0 gold=201747 len=393
2026-10-03 21:12:28.087 [SYS] #00FFFF#10位玉女携带礼物参加国庆活动，已经出现在夕阳草原，请各位冒险者前去保护她们免受BOSS骚扰（BOSS有一定几率携带稀有宝宝）。#FFFFFF#
2026-10-03 21:12:45.192 [NET-E] sock=2688 r=-1 err=10058
2026-10-03 21:12:45.236 [NET-E] sock=2492 r=-1 err=10058
2026-10-03 21:12:45.237 [CLOSE] main sock 2492 closed
2026-10-03 21:12:49.047 [CONNECT] sock 1804 -> port 8484
2026-10-03 21:12:50.631 [CONNECT] sock 2684 -> port 8485
2026-10-03 21:12:50.683 [MAIN-SOCK] identified game world sock 2684 (WSASend op=F001)
2026-10-03 21:12:50.814 [NET-E] sock=2684 r=-1 err=10053
2026-10-03 21:12:50.814 [CLOSE] main sock 2684 closed
2026-10-03 21:12:50.826 [CONNECT] sock 1988 -> port 8485
2026-10-03 21:12:50.879 [MAIN-SOCK] identified game world sock 1988 (WSASend op=F001)
2026-10-03 21:13:39.275 [SYS] 减少了#00FF00#40000#FFF692#金币
2026-10-03 21:14:00.098 [SYS] #ff0000#您已进入野外区域，可能遭遇玩家间的自由对战，请注意安全！#ffffff#
2026-10-03 21:16:06.870 [SYS] #00FF00#1#00FFFF#分钟后逍遥村周围将掉落20个宝箱，捡取可获得意外惊喜喔！#FFFFFF#
2026-10-03 21:16:41.091 [SETTLE] exp=3598 gold=201747 len=393
2026-10-03 21:17:10.943 [SETTLE] exp=4390 gold=201747 len=393
2026-10-03 21:17:38.304 [SETTLE] exp=4423 gold=201747 len=393
2026-10-03 21:18:10.978 [SETTLE] exp=2893 gold=201747 len=393
2026-10-03 21:18:54.057 [SETTLE] exp=4530 gold=201747 len=393
2026-10-03 21:19:22.344 [SYS] #00FF00#1#00FFFF#分钟后逍遥村周围将掉落20个宝箱，捡取可获得意外惊喜喔！#FFFFFF#
2026-10-03 21:19:59.998 [SYS] #00FFFF#国庆节特别活动“红旗飘飘贺国庆”#00FF00#正式开启#00FFFF#，冒险者可以在逍遥西的#FF0000#大冒险活动官#00FFFF#处参加活动，收集喜庆用品装饰旗台，赢取丰富的属性及道具奖励，幸运的冒险者还将得到#FF0000#稀有奖励#FFFFFF#！
2026-10-03 21:20:24.081 [SETTLE] exp=2893 gold=201747 len=393
2026-10-03 21:20:56.203 [SETTLE] exp=2922 gold=201747 len=393
2026-10-03 21:21:37.875 [SETTLE] exp=2922 gold=201747 len=393
2026-10-03 21:22:09.174 [SETTLE] exp=3631 gold=201747 len=393
2026-10-03 21:22:35.165 [SETTLE] exp=3554 gold=201747 len=393
2026-10-03 21:22:57.273 [SETTLE] exp=3589 gold=201747 len=393
2026-10-03 21:23:37.110 [SETTLE] exp=3688 gold=201747 len=393
2026-10-03 21:24:05.994 [SETTLE] exp=3631 gold=201747 len=393
2026-10-03 21:24:32.478 [SETTLE] exp=3671 gold=201747 len=393
2026-10-03 21:25:05.818 [SETTLE] exp=4616 gold=201747 len=393
2026-10-03 21:25:35.984 [SETTLE] exp=3631 gold=201747 len=393
2026-10-03 21:26:08.246 [SETTLE] exp=3554 gold=201747 len=393
2026-10-03 21:26:30.447 [SETTLE] exp=4616 gold=201747 len=393
2026-10-03 21:26:59.766 [SETTLE] exp=3631 gold=201747 len=393
2026-10-03 21:27:25.379 [SYS] #00FF00#1#00FFFF#分钟后逍遥村周围将掉落20个宝箱，捡取可获得意外惊喜喔！#FFFFFF#
2026-10-03 21:27:28.078 [SETTLE] exp=4579 gold=201747 len=393
2026-10-03 21:28:05.478 [SETTLE] exp=3554 gold=201747 len=393
2026-10-03 21:28:43.002 [SETTLE] exp=4579 gold=201747 len=393
2026-10-03 21:29:15.682 [SETTLE] exp=4543 gold=201747 len=393
2026-10-03 21:29:41.217 [SETTLE] exp=4461 gold=201747 len=393
2026-10-03 21:30:09.261 [SETTLE] exp=4616 gold=201747 len=393
2026-10-03 21:30:35.716 [SETTLE] exp=4579 gold=201747 len=393
2026-10-03 21:31:00.859 [SETTLE] exp=3671 gold=201747 len=393
2026-10-03 21:31:23.948 [SETTLE] exp=3671 gold=201747 len=393
2026-10-03 21:31:49.502 [SETTLE] exp=4579 gold=201747 len=393
2026-10-03 21:32:22.072 [SETTLE] exp=4579 gold=201747 len=393
2026-10-03 21:33:04.812 [SETTLE] exp=4787 gold=201747 len=393
2026-10-03 21:33:30.282 [SETTLE] exp=3631 gold=201747 len=393
2026-10-03 21:33:32.155 [QUESTION] {"type":"question","sock":1804,"qno":7,"field_a":72,"stem":"以下生物\"属于\"昆虫的是?","options":["1、猩猩队长","2、奔驰","3、擎天柱","4、七星瓢虫"]}
2026-10-03 21:33:52.388 [SEND-ANSWER] qno=7 opt=3 ret=13 sock=1804
2026-10-03 21:33:52.434 [SYS] 测试通过！
2026-10-03 21:33:52.520 [SYS] 获得了#00FF00#100#FFF692#金币
2026-10-03 21:34:02.112 [SETTLE] exp=4579 gold=201747 len=393
2026-10-03 21:34:32.712 [SETTLE] exp=2922 gold=201747 len=393
2026-10-03 21:35:04.242 [SETTLE] exp=4579 gold=201747 len=393
2026-10-03 21:35:49.959 [SETTLE] exp=3660 gold=201747 len=393
2026-10-03 21:36:13.302 [SETTLE] exp=3602 gold=201747 len=393
2026-10-03 21:36:40.114 [SETTLE] exp=4616 gold=201747 len=393
2026-10-03 21:37:12.271 [SETTLE] exp=4616 gold=201747 len=393
2026-10-03 21:37:48.609 [SETTLE] exp=2922 gold=201747 len=393
2026-10-03 21:38:13.198 [SETTLE] exp=4461 gold=201747 len=393
2026-10-03 21:38:42.852 [SETTLE] exp=3671 gold=201747 len=393
