2026-10-02 20:41:31.973 [INIT] dll loaded, pid=16204
2026-10-02 20:41:31.974 [INIT] codec loaded OK
2026-10-02 20:41:31.974 [INIT] iat hooks: recv=1 send=1 WSASend=1 connect=1 closesocket=1
2026-10-02 20:41:33.712 [PIPE] controller connected
2026-10-02 20:42:28.695 [CONNECT] main sock 2508 -> 8484
2026-10-02 20:42:28.748 [OUT] 0FFF inv=FBC6 len=260 #1 c6fbff0f61975ee409ed371f805b64510bdcfaa32ba5805b64fb0bdcfaa32b1f803043eebadcfaa32b1f805b64510bdcfa212b1f802264510bdcfaa32b1f7b606e510bdcfaa32b1f805b64510b5efaa32bd5805b64510bdcfa2a306ea3f779e3fcdcfaa32b1f805b64510bdcfaa32b1f805b64510bdcfaa32b1f805b64510bdcfaa32b1f805b04ab8a719397afb0285b9b580bdcfaa3bb1f805ba9510bdcf1493c69a4a5ef79db7acced25e11a9564510bdcfaf31e84b69564510bdcfaa32b1f805bf7ed79a5ce087769b987497930424eed050dd85c75caeec653770f5abc1e65510bdcfaa32b1f805b640b0bdcfa5f2b1f805b64510b78d753ff1f805b64510bdcfaa3
2026-10-02 20:42:29.029 [OP] 4002 inv=FF8B len=116 #1 95b39c3f40de8d55e253f4e07f674193bf6cac53eca2c98a7628e6712e53f7e0d68a71de603bad80c464510bdcfaa32bd13b5b646244dcfa83931f80807a510b155a4e78c8d97b81510bdcfada2b1f809564510ba7faa32b05125b645894dcfadb02074c724ed463dcfaa32b1f805b64510bdcfa
2026-10-02 20:42:56.033 [OUT] 0004 inv=FDD2 len=260 #1 d2fd04000cdcfaa3355ad665c4400bdcfaa32b1f805b6451d5dcfaa3321f805b64510bdcb474c601805b64510bdcfaa32b1f805bb0510bdc84a32b1f805b6451b316ddd22b1f805b64510bdcfaa32b1f775b645182dcfaa32b1f805b76be9e73faa32b1f805b64510bdcfaa3671f805bb5510bdcfaa32b1f7dcd05fc9f1d7f3951519ec464510bdcfaa32b1f5bda4b94b9ac0bfbc58508f71b5763acb05b85a050fca6ab1bac93fb2ca018da64510bdcfaa32b1f805b64510bdcfaa32b1f805b64510bdcfaa32b1f805b64510bdcfaa32b1f805b64510bdcfaa32b1f805b64510bdcfaa32b1f805b64510bdcfaa32b1f805b64510bdcfaa32b1f805b64510bdcfaa32b1f
2026-10-02 20:42:56.098 [OP] 4014 inv=FFEA len=21 #1 e19d805b37510bdc9acaa584f6c9070efb1231db2b
2026-10-02 20:42:56.098 [CLOSE] main sock 2508 closed
2026-10-02 20:42:56.154 [OUT] F001 inv=FE5F len=260 #1 5ffe01f003caa32b5207c464bc595ab12b21ac805b64510bdcfaa32b1fbcf2c197ddd7faa32b1f805b64510bdcfaa32b1f805b64510bdcfaa32b1f805b64510bdcfaa32b1f805b64510bdcfaa32b1f805b64510bdcfaa32b1f805b64510bdcfaa32b1f805b64510bdcfaa32b1f805b64510bdcfaa32b1f805b64510bdcfaa32b1f805b64510bdcfaa32b1f805b64510bdcfaa32b1f805b64510bdcfaa32b8541213457a07193fbe4b050cbe97fa0e2b07071ace3a904e3a076935b719f415b64510bdcfaa32b1f805b64510bdcfaa32b1f805b64510bdcfaa32b1f805b64510bdcfaa32b1f805b64510bdcfaa32b1f805b64510bdcfaa32b1f805b64510bdcfaa32b1f80
2026-10-02 20:42:56.277 [OP] E001 inv=FFAF len=80 #1 580be8a3a32b1f80b77cb9b3ebffc88a0c5c5a4da476a3a1c95ee6c51d4d2439242070384597fb57d5b3bf5f24463e3bd83dbc595ab12b21ac6016897110e95497cdc6215b64d6666ffaa32b1f805b64
2026-10-02 20:42:56.368 [OP] E062 inv=FFCD len=50 #1 9564510bbafa7f3b6c1d985c5579b6947349b2274cf9bc85b1032b25a8ed96784c181874c2d4d0f1d73f332b0b7873baa880
2026-10-02 20:42:56.368 [OP] E062 inv=FFDB len=36 #2 90faa32bee80eecd052a78b83467e8a4f369c5ce4dd0cb56fef33ab76de3b664c159bf80
2026-10-02 20:42:56.368 [OP] E062 inv=FFD6 len=41 #3 ce5b64516edcc0b44bd3a4302774b37803306ed87c542e911708d8c1c6127e0648f7caa14edf3c9780
2026-10-02 20:42:56.369 [OP] E062 inv=FFBD len=66 #4 8bfaa32b2180eecd052a78b83467e8a4f369c56648a6e72307f33ab76d5c192bceebd9b1e97b6f2e14b753eb4b4c723354115f2b04230737be87299ce0ac5c311c80
2026-10-02 20:42:56.369 [OP] E062 inv=FFD2 len=45 #5 aea32b1ffc5b3eaf205bb83467e8a43005939c08e9a1339602fe15472a7ccbe7c0c371aa87299ce0ccce36a780
2026-10-02 20:42:56.936 [OUT] F041 inv=FFE7 len=28 #1 e7ff41f026b35c3828d7fb2b1f805b64510bdcfaa32b1f805b64510b
2026-10-02 20:42:56.936 [OUT] F003 inv=FFF7 len=12 #1 f7ff03f0f69ca7df5e3a61a4
2026-10-02 20:42:56.988 [OP] E014 inv=FF97 len=104 #1 088880344ba7f764510bdcfaa32b1f805b64510bdcfaa32b1f805b64510bdcfaa32b1f805b64510bdcfaa32b1f805b64510bdcfaa32b1f805b64510bdcfaa32b1f805b64510bdcfaa32b1f805b64510bdcfaa32b1f805b64510bdcfaa32b1f805b640ffd1a8a1dbb
2026-10-02 20:42:57.038 [OP] E004 inv=FDCD len=562 #1 610ba1914133409e335513f2dcfaa32b1f805b7ffd0be6faa32b1f805b64580bdcfaa32b1f805b64510b696479020e0f840a2913dcfaa32b1f805b26fdecc4faa32b1f805b64580bdcfaa32b1f805b64510be4ea9330b118f464510bdcfaa32b1f805b6451ec3bfaa32b1f805b647ffd52faa32b1f805b64510b62e250491f805b64510bdcfaa32b1f805b6451ecdcfaa32b1f805b64415f52faa32b1f805b64
2026-10-02 20:42:58.062 [OP] F005 inv=FFE7 len=24 #1 26b35c3828d7972b1f805b64510bdcfaa3ce7d80e93aff0b
2026-10-02 20:43:09.035 [OP] EFFE inv=FFFE len=1 #1 0b
2026-10-02 20:43:19.056 [OP] EFFE inv=FFFE len=1 #2 0b
2026-10-02 20:43:27.197 [OP] F005 inv=FFE7 len=24 #2 26b35c3828d7512b1f805b64510bdcfaa32b5ebce8221608
2026-10-02 20:43:27.293 [OP] F005 inv=FFE7 len=24 #3 26b35c3828d7512b1f805b64510bdcfaa32b5ebce8221608
2026-10-02 20:43:28.278 [CLOSE] main sock 2700 closed
2026-10-02 20:45:42.653 [PIPE] controller disconnected
2026-10-02 20:46:50.442 [CLOSE] main sock 4294967295 closed
2026-10-02 20:46:50.535 [CLOSE] main sock 4294967295 closed
2026-10-02 20:46:50.945 [CLOSE] main sock 4294967295 closed
2026-10-02 20:46:50.945 [CLOSE] main sock 4294967295 closed
2026-10-02 20:46:50.979 [INIT] dll unloaded
