2026-10-03 15:48:27.628 [INIT] dll loaded, pid=32152 (pure network mode)
2026-10-03 15:48:27.628 [INIT] codec loaded OK
2026-10-03 15:48:27.628 [INIT] iat hooks: recv=1 send=1 WSASend=1 connect=1 closesocket=1
2026-10-03 15:48:27.931 [PIPE] controller connected
2026-10-03 15:48:39.744 [CONNECT] sock 2532 -> port 8484
2026-10-03 15:48:41.396 [CONNECT] sock 2724 -> port 8485
2026-10-03 15:48:41.442 [MAIN-SOCK] identified game world sock 2724 (WSASend op=F001)
2026-10-03 15:50:00.039 [SYS] #00FFFF#尊敬的冒险者们，今天是#FFFF00#力量之日#00FFFF#！#FFFF00#力量卡片#00FFFF#和少量稀有卡片已经散落在了梦境世界的各个角落，等待着它们的主人！赶快战斗吧，去寻找属于你的卡片！
2026-10-03 15:51:00.100 [SYS] #00FFFF#活动中获得的卡片可以在#00FF00#龙之都#00FFFF#的#FF0000#奥里雷西亚女士#00FFFF#处兑换其它卡片或者收藏品；打开锁着的藏宝箱得到的#FFFF00#武器大师礼券#00FFFF#可以在#00FF00#龙之都#00FFFF#的#FF0000#哼哼先生#00FFFF#处兑换锻造金色武器的原料。
2026-10-03 15:51:25.075 [SETTLE] exp=4356 gold=201748 len=393
2026-10-03 15:51:47.824 [SETTLE] exp=4400 gold=201748 len=393
2026-10-03 15:52:18.017 [SETTLE] exp=3450 gold=201748 len=393
2026-10-03 15:52:45.371 [SETTLE] exp=3484 gold=201748 len=393
2026-10-03 15:52:45.463 [SYS] 获得了#00FF00#1#FFF692#个#64FF7D#锁住的藏宝盒
2026-10-03 15:53:14.232 [SETTLE] exp=3416 gold=201748 len=393
2026-10-03 15:53:40.027 [SETTLE] exp=3450 gold=201748 len=393
2026-10-03 15:54:05.872 [SETTLE] exp=3416 gold=201748 len=393
2026-10-03 15:54:33.822 [SETTLE] exp=4287 gold=201748 len=393
2026-10-03 15:55:06.131 [SETTLE] exp=4321 gold=201748 len=393
2026-10-03 15:55:29.466 [SETTLE] exp=3450 gold=201748 len=393
2026-10-03 15:56:17.953 [SETTLE] exp=3484 gold=201748 len=393
2026-10-03 15:56:43.304 [SETTLE] exp=4287 gold=201748 len=393
2026-10-03 15:56:43.396 [SYS] 获得了#00FF00#1#FFF692#个#64FF7D#锁住的藏宝盒
2026-10-03 15:57:11.027 [SETTLE] exp=4287 gold=201748 len=393
2026-10-03 15:57:36.268 [SETTLE] exp=4321 gold=201748 len=393
2026-10-03 15:58:04.782 [SETTLE] exp=3527 gold=201748 len=393
2026-10-03 15:58:32.779 [SETTLE] exp=4287 gold=201748 len=393
2026-10-03 15:59:02.560 [SETTLE] exp=3450 gold=201748 len=393
2026-10-03 15:59:29.901 [SETTLE] exp=3450 gold=201748 len=393
2026-10-03 15:59:29.991 [SYS] 获得了#00FF00#1#FFF692#个#64FF7D#卡片-“力量”
2026-10-03 15:59:52.624 [SETTLE] exp=3450 gold=201748 len=393
2026-10-03 16:00:00.037 [SYS] #00FFFF#尊敬的冒险者们，今天是#FFFF00#力量之日#00FFFF#！#FFFF00#力量卡片#00FFFF#和少量稀有卡片已经散落在了梦境世界的各个角落，等待着它们的主人！赶快战斗吧，去寻找属于你的卡片！
2026-10-03 16:00:00.723 [SYS] 许愿池里多了一批新礼物，赶紧来许愿吧~
2026-10-03 16:00:34.220 [SETTLE] exp=3484 gold=201748 len=393
2026-10-03 16:01:00.043 [SYS] #00FFFF#活动中获得的卡片可以在#00FF00#龙之都#00FFFF#的#FF0000#奥里雷西亚女士#00FFFF#处兑换其它卡片或者收藏品；打开锁着的藏宝箱得到的#FFFF00#武器大师礼券#00FFFF#可以在#00FF00#龙之都#00FFFF#的#FF0000#哼哼先生#00FFFF#处兑换锻造金色武器的原料。
2026-10-03 16:01:00.904 [SETTLE] exp=3450 gold=201748 len=393
2026-10-03 16:01:29.931 [SETTLE] exp=3484 gold=201748 len=393
2026-10-03 16:01:30.020 [SYS] 获得了#00FF00#1#FFF692#个#64FF7D#黄玉葫芦
2026-10-03 16:01:57.309 [SETTLE] exp=3450 gold=201748 len=393
2026-10-03 16:02:23.586 [SETTLE] exp=4400 gold=201748 len=393
2026-10-03 16:03:04.475 [SETTLE] exp=4287 gold=201748 len=393
2026-10-03 16:03:34.804 [SETTLE] exp=3416 gold=201748 len=393
2026-10-03 16:03:58.888 [SETTLE] exp=4287 gold=201748 len=393
2026-10-03 16:04:31.145 [SETTLE] exp=3450 gold=201748 len=393
2026-10-03 16:04:58.248 [SETTLE] exp=4356 gold=201748 len=393
2026-10-03 16:05:26.677 [SETTLE] exp=4400 gold=201748 len=393
2026-10-03 16:05:55.654 [SETTLE] exp=4436 gold=201748 len=393
2026-10-03 16:06:21.635 [SETTLE] exp=4436 gold=201748 len=393
2026-10-03 16:07:03.125 [SETTLE] exp=4287 gold=201748 len=393
2026-10-03 16:07:28.776 [SETTLE] exp=3416 gold=201748 len=393
2026-10-03 16:07:58.981 [SETTLE] exp=3484 gold=201748 len=393
2026-10-03 16:08:25.028 [SETTLE] exp=3484 gold=201748 len=393
2026-10-03 16:08:25.178 [SYS] 获得了#00FF00#1#FFF692#个#64FF7D#锁住的藏宝盒
2026-10-03 16:08:58.713 [SETTLE] exp=3450 gold=201748 len=393
2026-10-03 16:08:58.808 [SYS] 获得了#00FF00#1#FFF692#个#64FF7D#锁住的藏宝盒
2026-10-03 16:09:30.995 [SETTLE] exp=4287 gold=201748 len=393
2026-10-03 16:10:00.053 [SYS] #00FFFF#尊敬的冒险者们，今天是#FFFF00#力量之日#00FFFF#！#FFFF00#力量卡片#00FFFF#和少量稀有卡片已经散落在了梦境世界的各个角落，等待着它们的主人！赶快战斗吧，去寻找属于你的卡片！
2026-10-03 16:10:00.319 [SETTLE] exp=3450 gold=201748 len=393
2026-10-03 16:10:00.418 [SYS] 获得了#00FF00#1#FFF692#个#64FF7D#锁住的藏宝盒
2026-10-03 16:10:29.481 [SETTLE] exp=3450 gold=201748 len=393
2026-10-03 16:10:29.569 [SYS] 获得了#00FF00#1#FFF692#个#64FF7D#锁住的藏宝盒
2026-10-03 16:11:00.068 [SYS] #00FFFF#活动中获得的卡片可以在#00FF00#龙之都#00FFFF#的#FF0000#奥里雷西亚女士#00FFFF#处兑换其它卡片或者收藏品；打开锁着的藏宝箱得到的#FFFF00#武器大师礼券#00FFFF#可以在#00FF00#龙之都#00FFFF#的#FF0000#哼哼先生#00FFFF#处兑换锻造金色武器的原料。
2026-10-03 16:11:09.883 [SETTLE] exp=3450 gold=201748 len=393
2026-10-03 16:11:52.274 [SETTLE] exp=3484 gold=201748 len=393
2026-10-03 16:12:19.376 [SETTLE] exp=4287 gold=201748 len=393
2026-10-03 16:12:19.474 [SYS] 获得了#00FF00#1#FFF692#个#64FF7D#锁住的藏宝盒
2026-10-03 16:12:44.506 [SETTLE] exp=3416 gold=201748 len=393
2026-10-03 16:12:44.596 [SYS] 获得了#00FF00#1#FFF692#个#64FF7D#锁住的藏宝盒
2026-10-03 16:13:05.976 [SETTLE] exp=3450 gold=201748 len=393
2026-10-03 16:13:06.075 [SYS] 获得了#00FF00#1#FFF692#个#64FF7D#锁住的藏宝盒
2026-10-03 16:13:32.130 [SETTLE] exp=4321 gold=201748 len=393
2026-10-03 16:13:56.887 [SETTLE] exp=4287 gold=201748 len=393
2026-10-03 16:13:56.979 [SYS] 获得了#00FF00#1#FFF692#个#64FF7D#锁住的藏宝盒
2026-10-03 16:14:23.428 [SETTLE] exp=4356 gold=201748 len=393
2026-10-03 16:14:50.513 [SYS] 获得了#00FF00#1#FFF692#个#64FF7D#锁住的藏宝盒
2026-10-03 16:14:50.614 [SETTLE] exp=4287 gold=201748 len=393
2026-10-03 16:15:18.841 [SETTLE] exp=4321 gold=201748 len=393
2026-10-03 16:15:18.929 [SYS] 获得了#00FF00#1#FFF692#个#64FF7D#锁住的藏宝盒
2026-10-03 16:15:51.141 [SETTLE] exp=4436 gold=201748 len=393
2026-10-03 16:15:51.235 [SYS] 获得了#00FF00#1#FFF692#个#64FF7D#锁住的藏宝盒
2026-10-03 16:16:20.555 [SETTLE] exp=4436 gold=201748 len=393
2026-10-03 16:16:59.566 [SETTLE] exp=4321 gold=201748 len=393
2026-10-03 16:16:59.661 [SYS] 获得了#00FF00#1#FFF692#个#64FF7D#卡片-“力量”
2026-10-03 16:17:30.600 [SETTLE] exp=4287 gold=201748 len=393
2026-10-03 16:17:30.693 [SYS] 获得了#00FF00#1#FFF692#个#64FF7D#锁住的藏宝盒
2026-10-03 16:17:59.429 [SETTLE] exp=4287 gold=201748 len=393
2026-10-03 16:18:21.273 [SETTLE] exp=4436 gold=201748 len=393
2026-10-03 16:18:54.320 [SETTLE] exp=4436 gold=201748 len=393
2026-10-03 16:18:54.420 [SYS] 获得了#00FF00#1#FFF692#个#64FF7D#锁住的藏宝盒
2026-10-03 16:19:20.376 [SETTLE] exp=3416 gold=201748 len=393
2026-10-03 16:19:42.393 [SETTLE] exp=3527 gold=201748 len=393
2026-10-03 16:20:00.051 [SYS] #00FFFF#尊敬的冒险者们，今天是#FFFF00#力量之日#00FFFF#！#FFFF00#力量卡片#00FFFF#和少量稀有卡片已经散落在了梦境世界的各个角落，等待着它们的主人！赶快战斗吧，去寻找属于你的卡片！
2026-10-03 16:20:20.210 [SETTLE] exp=4321 gold=201748 len=393
2026-10-03 16:20:47.027 [SETTLE] exp=3484 gold=201748 len=393
2026-10-03 16:21:00.058 [SYS] #00FFFF#活动中获得的卡片可以在#00FF00#龙之都#00FFFF#的#FF0000#奥里雷西亚女士#00FFFF#处兑换其它卡片或者收藏品；打开锁着的藏宝箱得到的#FFFF00#武器大师礼券#00FFFF#可以在#00FF00#龙之都#00FFFF#的#FF0000#哼哼先生#00FFFF#处兑换锻造金色武器的原料。
2026-10-03 16:21:27.467 [SETTLE] exp=3416 gold=201748 len=393
2026-10-03 16:22:05.787 [SETTLE] exp=4287 gold=201748 len=393
2026-10-03 16:22:45.879 [SETTLE] exp=4284 gold=201748 len=393
2026-10-03 16:23:16.587 [SETTLE] exp=2557 gold=201748 len=393
2026-10-03 16:23:40.789 [SETTLE] exp=3387 gold=201748 len=393
2026-10-03 16:23:40.886 [SYS] 获得了#00FF00#1#FFF692#个#64FF7D#锁住的藏宝盒
2026-10-03 16:24:08.228 [SETTLE] exp=2557 gold=201748 len=393
2026-10-03 16:27:55.275 [SETTLE] exp=3387 gold=201748 len=393
2026-10-03 16:28:32.225 [SETTLE] exp=2632 gold=201748 len=393
2026-10-03 16:29:29.864 [SETTLE] exp=4287 gold=201748 len=403
2026-10-03 16:29:29.965 [SYS] 获得了#00FF00#1#FFF692#个#64FF7D#卡片-“力量”
2026-10-03 16:29:55.977 [SETTLE] exp=4400 gold=201748 len=393
2026-10-03 16:29:56.074 [SYS] 获得了#00FF00#1#FFF692#个#64FF7D#锁住的藏宝盒
2026-10-03 16:30:00.063 [SYS] #00FFFF#尊敬的冒险者们，今天是#FFFF00#力量之日#00FFFF#！#FFFF00#力量卡片#00FFFF#和少量稀有卡片已经散落在了梦境世界的各个角落，等待着它们的主人！赶快战斗吧，去寻找属于你的卡片！
2026-10-03 16:30:29.210 [SETTLE] exp=4287 gold=201748 len=393
2026-10-03 16:30:29.298 [SYS] 获得了#00FF00#1#FFF692#个#64FF7D#锁住的藏宝盒
2026-10-03 16:30:37.489 [QUESTION] {"type":"question","sock":2532,"qno":8,"field_a":75,"stem":"风速越大，风力就会怎么样？","options":["1、能烤鸡翅膀","2、形成台轰","3、越强","4、有毒"]}
2026-10-03 16:30:38.419 [SEND-ANSWER] qno=8 opt=2 ret=13 sock=2532
2026-10-03 16:30:38.472 [SYS] 测试通过！
2026-10-03 16:30:38.561 [SYS] 获得了#00FF00#100#FFF692#金币
2026-10-03 16:31:00.066 [SYS] #00FFFF#活动中获得的卡片可以在#00FF00#龙之都#00FFFF#的#FF0000#奥里雷西亚女士#00FFFF#处兑换其它卡片或者收藏品；打开锁着的藏宝箱得到的#FFFF00#武器大师礼券#00FFFF#可以在#00FF00#龙之都#00FFFF#的#FF0000#哼哼先生#00FFFF#处兑换锻造金色武器的原料。
2026-10-03 16:31:04.149 [SETTLE] exp=4321 gold=201748 len=393
2026-10-03 16:31:32.993 [SETTLE] exp=3416 gold=201748 len=393
2026-10-03 16:32:02.483 [SETTLE] exp=4400 gold=201748 len=393
2026-10-03 16:32:40.111 [SETTLE] exp=3416 gold=201748 len=393
2026-10-03 16:33:20.848 [SETTLE] exp=3527 gold=201748 len=393
2026-10-03 16:33:50.323 [SETTLE] exp=3492 gold=201748 len=393
2026-10-03 16:34:29.291 [SETTLE] exp=4574 gold=201748 len=393
2026-10-03 16:34:29.380 [SYS] 获得了#00FF00#1#FFF692#个#64FF7D#锁住的藏宝盒
2026-10-03 16:34:29.380 [SYS] 获得了#00FF00#1#FFF692#个#64FF7D#卡片-“幸运”
2026-10-03 16:35:00.261 [SETTLE] exp=3527 gold=201748 len=393
2026-10-03 16:35:28.417 [SETTLE] exp=3527 gold=201748 len=393
2026-10-03 16:36:01.347 [SETTLE] exp=4400 gold=201748 len=393
2026-10-03 16:36:30.706 [SETTLE] exp=4400 gold=201748 len=393
2026-10-03 16:36:57.933 [SETTLE] exp=3492 gold=201748 len=393
2026-10-03 16:37:32.494 [SETTLE] exp=4400 gold=201748 len=393
2026-10-03 16:38:00.473 [SETTLE] exp=3527 gold=201748 len=393
2026-10-03 16:38:33.631 [SETTLE] exp=3416 gold=201748 len=393
2026-10-03 16:39:02.430 [SETTLE] exp=4287 gold=201748 len=393
2026-10-03 16:39:28.791 [SETTLE] exp=3492 gold=201748 len=393
2026-10-03 16:40:00.062 [SYS] #00FFFF#尊敬的冒险者们，今天是#FFFF00#力量之日#00FFFF#！#FFFF00#力量卡片#00FFFF#和少量稀有卡片已经散落在了梦境世界的各个角落，等待着它们的主人！赶快战斗吧，去寻找属于你的卡片！
2026-10-03 16:40:01.888 [SETTLE] exp=4436 gold=201748 len=393
2026-10-03 16:40:30.304 [SETTLE] exp=4400 gold=201748 len=393
2026-10-03 16:40:30.394 [SYS] 获得了#00FF00#1#FFF692#个#64FF7D#锁住的藏宝盒
2026-10-03 16:41:00.163 [SYS] #00FFFF#活动中获得的卡片可以在#00FF00#龙之都#00FFFF#的#FF0000#奥里雷西亚女士#00FFFF#处兑换其它卡片或者收藏品；打开锁着的藏宝箱得到的#FFFF00#武器大师礼券#00FFFF#可以在#00FF00#龙之都#00FFFF#的#FF0000#哼哼先生#00FFFF#处兑换锻造金色武器的原料。
2026-10-03 16:41:15.904 [SETTLE] exp=4400 gold=201748 len=393
2026-10-03 16:41:16.000 [SYS] 获得了#00FF00#1#FFF692#个#64FF7D#卡片-“力量”
2026-10-03 16:41:47.567 [SETTLE] exp=4400 gold=201748 len=393
2026-10-03 16:42:19.555 [SETTLE] exp=4537 gold=201748 len=393
2026-10-03 16:42:19.653 [SYS] 获得了#00FF00#1#FFF692#个#64FF7D#卡片-“力量”
2026-10-03 16:42:49.623 [SETTLE] exp=4436 gold=201748 len=393
