2026-10-03 13:51:04.595 [INIT] dll loaded, pid=29252 (pure network mode)
2026-10-03 13:51:04.595 [INIT] codec loaded OK
2026-10-03 13:51:04.595 [INIT] iat hooks: recv=1 send=1 WSASend=1 connect=1 closesocket=1
2026-10-03 13:51:04.712 [SETTLE] exp=1 gold=199367 len=393
2026-10-03 13:51:04.900 [PIPE] controller connected
2026-10-03 13:51:34.853 [SETTLE] exp=1 gold=199367 len=403
2026-10-03 13:52:04.881 [SETTLE] exp=2 gold=199367 len=393
2026-10-03 13:52:06.972 [SYS] #ff0000#您已进入野外区域，可能遭遇玩家间的自由对战，请注意安全！#ffffff#
2026-10-03 13:56:21.334 [SYS] #FFF692#交纳传送费用#00CCFF#1810#FFF692#金币！
2026-10-03 13:56:26.243 [SYS] #FFF692#交纳传送费用#00CCFF#1370#FFF692#金币！
2026-10-03 14:03:53.029 [SYS] #ff0000#您已进入野外区域，可能遭遇玩家间的自由对战，请注意安全！#ffffff#
2026-10-03 14:04:50.935 [SETTLE] exp=1 gold=199367 len=393
2026-10-03 14:05:29.231 [SETTLE] exp=1 gold=199367 len=393
2026-10-03 14:06:39.698 [SETTLE] exp=2 gold=199367 len=403
2026-10-03 14:07:15.085 [SETTLE] exp=2 gold=199367 len=393
2026-10-03 14:07:34.181 [PIPE] controller disconnected
2026-10-03 14:08:00.166 [SETTLE] exp=1 gold=199367 len=393
2026-10-03 14:08:11.877 [PIPE] controller connected
2026-10-03 14:08:26.217 [SETTLE] exp=1 gold=199367 len=393
2026-10-03 14:08:39.239 [PIPE] controller disconnected
2026-10-03 14:08:56.622 [SETTLE] exp=2 gold=199367 len=393
2026-10-03 14:09:29.653 [PIPE] controller connected
2026-10-03 14:10:53.897 [SETTLE] exp=1 gold=199367 len=393
2026-10-03 14:11:22.276 [SETTLE] exp=1 gold=199367 len=393
2026-10-03 14:12:02.834 [SETTLE] exp=1 gold=199367 len=393
2026-10-03 14:13:59.543 [SETTLE] exp=2 gold=199367 len=393
2026-10-03 14:14:52.196 [SETTLE] exp=2 gold=199367 len=393
2026-10-03 14:15:18.429 [SETTLE] exp=1 gold=199367 len=393
2026-10-03 14:16:01.346 [SETTLE] exp=1 gold=199367 len=393
2026-10-03 14:16:31.370 [SETTLE] exp=1 gold=199367 len=393
2026-10-03 14:17:17.380 [SETTLE] exp=1 gold=199367 len=393
2026-10-03 14:17:52.648 [SETTLE] exp=2 gold=199367 len=393
2026-10-03 14:18:28.352 [SETTLE] exp=1 gold=199367 len=393
2026-10-03 14:19:07.929 [SETTLE] exp=2 gold=199367 len=393
2026-10-03 14:19:42.429 [SETTLE] exp=2 gold=199367 len=393
2026-10-03 14:20:14.522 [SETTLE] exp=2 gold=199367 len=393
2026-10-03 14:20:43.559 [SETTLE] exp=2 gold=199367 len=393
2026-10-03 14:21:20.919 [SETTLE] exp=1 gold=199367 len=393
2026-10-03 14:21:47.740 [SETTLE] exp=2 gold=199367 len=393
2026-10-03 14:22:33.680 [QUESTION] {"type":"question","sock":2428,"qno":15,"field_a":83,"stem":"太阳是一颗自己能发热发光的星，它属于？","options":["1、恒星","2、正能量","3、烤肉用具","4、黑洞"]}
2026-10-03 14:22:36.084 [SEND-ANSWER] qno=15 opt=0 ret=13 sock=2428
2026-10-03 14:22:36.141 [SYS] 测试通过！
2026-10-03 14:22:36.235 [SYS] 获得了#00FF00#100#FFF692#金币
2026-10-03 14:22:41.306 [SETTLE] exp=2 gold=199367 len=393
2026-10-03 14:23:13.681 [SETTLE] exp=2 gold=199367 len=393
2026-10-03 14:23:46.509 [SETTLE] exp=1 gold=199367 len=393
2026-10-03 14:24:16.991 [SETTLE] exp=2 gold=199367 len=393
2026-10-03 14:25:04.630 [SETTLE] exp=1 gold=199367 len=393
2026-10-03 14:25:32.493 [SETTLE] exp=1 gold=199367 len=393
2026-10-03 14:26:05.165 [SETTLE] exp=2 gold=199367 len=393
2026-10-03 14:26:45.539 [SETTLE] exp=2 gold=199367 len=393
2026-10-03 14:27:21.916 [SETTLE] exp=2 gold=199367 len=393
2026-10-03 14:28:05.822 [SETTLE] exp=2 gold=199367 len=393
2026-10-03 14:29:23.725 [SETTLE] exp=2 gold=199367 len=393
2026-10-03 14:29:54.120 [SETTLE] exp=1 gold=199367 len=393
2026-10-03 14:30:00.559 [SYS] #00FFFF#根据最权威最公正的大赛组委会评定，本届#FF0000#超级书生大赛决赛的录取分数线#00FFFF#为#00FF00#45分#00FFFF#，请广大上线的冒险者赶快去找在出现乌龙或逍遥村子里的#FFF692#PP鸡主考官#00FFFF#参加决赛，决赛的战鼓已经敲响！
2026-10-03 14:30:26.399 [SETTLE] exp=2 gold=199367 len=393
2026-10-03 14:30:50.725 [SETTLE] exp=2 gold=199367 len=393
2026-10-03 14:31:00.567 [SYS] #00FFFF#根据最权威最公正的大赛组委会评定，本届#FF0000#超级书生大赛决赛的录取分数线#00FFFF#为#00FF00#45分#00FFFF#，请广大上线的冒险者赶快去找在出现乌龙或逍遥村子里的#FFF692#PP鸡主考官#00FFFF#参加决赛，决赛正在激烈的进行中
2026-10-03 14:31:24.265 [SETTLE] exp=2 gold=199367 len=393
2026-10-03 14:31:51.056 [SETTLE] exp=2 gold=199367 len=393
2026-10-03 14:32:33.462 [SETTLE] exp=1 gold=199367 len=393
2026-10-03 14:33:01.640 [SETTLE] exp=2 gold=199367 len=393
2026-10-03 14:33:32.076 [SETTLE] exp=2 gold=199367 len=393
2026-10-03 14:34:00.816 [SETTLE] exp=1 gold=199367 len=393
2026-10-03 14:34:37.618 [SETTLE] exp=2 gold=199367 len=393
2026-10-03 14:35:21.200 [SETTLE] exp=1 gold=199367 len=393
2026-10-03 14:35:54.482 [SETTLE] exp=1 gold=199367 len=393
2026-10-03 14:36:00.579 [SYS] #00FFFF#根据最权威最公正的大赛组委会评定，本届#FF0000#超级书生大赛决赛的录取分数线#00FFFF#为#00FF00#45分#00FFFF#，请广大上线的冒险者赶快去找在出现乌龙或逍遥村子里的#FFF692#PP鸡主考官#00FFFF#参加决赛，决赛正在激烈的进行中
2026-10-03 14:36:23.304 [SETTLE] exp=2 gold=199367 len=393
2026-10-03 14:36:53.071 [SETTLE] exp=2 gold=199367 len=393
2026-10-03 14:37:39.248 [SETTLE] exp=1 gold=199367 len=393
2026-10-03 14:38:12.576 [SETTLE] exp=1 gold=199367 len=393
2026-10-03 14:38:43.664 [SETTLE] exp=2 gold=199367 len=393
2026-10-03 14:39:23.791 [SETTLE] exp=2 gold=199367 len=393
2026-10-03 14:39:52.692 [SETTLE] exp=2 gold=199367 len=393
2026-10-03 14:40:36.925 [SETTLE] exp=1 gold=199367 len=403
2026-10-03 14:41:00.611 [SYS] #00FFFF#根据最权威最公正的大赛组委会评定，本届#FF0000#超级书生大赛决赛的录取分数线#00FFFF#为#00FF00#45分#00FFFF#，请广大上线的冒险者赶快去找在出现乌龙或逍遥村子里的#FFF692#PP鸡主考官#00FFFF#参加决赛，决赛正在激烈的进行中
2026-10-03 14:41:05.632 [SETTLE] exp=2 gold=199367 len=393
2026-10-03 14:41:33.922 [SETTLE] exp=1 gold=199367 len=393
2026-10-03 14:42:03.670 [SETTLE] exp=2 gold=199367 len=393
2026-10-03 14:42:28.743 [SETTLE] exp=2 gold=199367 len=393
2026-10-03 14:43:04.397 [SETTLE] exp=1 gold=199367 len=393
2026-10-03 14:43:32.237 [SETTLE] exp=2 gold=199367 len=393
2026-10-03 14:44:01.819 [SETTLE] exp=2 gold=199367 len=393
2026-10-03 14:44:28.873 [SETTLE] exp=2 gold=199367 len=393
2026-10-03 14:44:50.678 [SETTLE] exp=2 gold=199367 len=393
2026-10-03 14:45:18.406 [SETTLE] exp=2 gold=199367 len=393
2026-10-03 14:46:00.321 [SETTLE] exp=2 gold=199367 len=393
2026-10-03 14:46:00.647 [SYS] #00FFFF#根据最权威最公正的大赛组委会评定，本届#FF0000#超级书生大赛决赛的录取分数线#00FFFF#为#00FF00#45分#00FFFF#，请广大上线的冒险者赶快去找在出现乌龙或逍遥村子里的#FFF692#PP鸡主考官#00FFFF#参加决赛，决赛正在激烈的进行中
2026-10-03 14:46:32.271 [SETTLE] exp=1 gold=199367 len=393
2026-10-03 14:47:16.830 [SETTLE] exp=1 gold=199367 len=393
2026-10-03 14:47:47.619 [SETTLE] exp=1 gold=199367 len=393
2026-10-03 14:48:18.934 [SETTLE] exp=2 gold=199367 len=393
2026-10-03 14:48:43.575 [SETTLE] exp=1 gold=199367 len=393
2026-10-03 14:49:18.390 [SETTLE] exp=1 gold=199367 len=393
2026-10-03 14:49:23.218 [SYS] #FFF692#恭喜#FF8CF8#情義丶聪爺#FFF692#在#00C8F8#珍稀特殊RP箱#FFF692#中获得了#64FF7D#洗髓丹
2026-10-03 14:49:24.846 [SYS] #FFF692#恭喜#FF8CF8#情義丶聪爺#FFF692#在#00C8F8#珍稀特殊RP箱#FFF692#中获得了#64FF7D#特殊5阶宠武试管
2026-10-03 14:49:25.034 [SYS] #FFF692#恭喜#FF8CF8#情義丶聪爺#FFF692#在#00C8F8#珍稀特殊RP箱#FFF692#中获得了#64FF7D#高级恶魔果实
2026-10-03 14:50:02.477 [SETTLE] exp=2 gold=199367 len=393
2026-10-03 14:50:32.355 [SETTLE] exp=1 gold=199367 len=393
2026-10-03 14:51:00.644 [SYS] #00FFFF#根据最权威最公正的大赛组委会评定，本届#FF0000#超级书生大赛决赛的录取分数线#00FFFF#为#00FF00#45分#00FFFF#，请广大上线的冒险者赶快去找在出现乌龙或逍遥村子里的#FFF692#PP鸡主考官#00FFFF#参加决赛，决赛正在激烈的进行中
2026-10-03 14:51:04.555 [SETTLE] exp=1 gold=199367 len=393
2026-10-03 14:51:34.792 [SETTLE] exp=2 gold=199367 len=393
2026-10-03 14:52:03.152 [SETTLE] exp=1 gold=199367 len=393
2026-10-03 14:52:32.427 [SETTLE] exp=1 gold=199367 len=393
2026-10-03 14:53:03.214 [SETTLE] exp=1 gold=199367 len=393
2026-10-03 14:53:33.868 [SETTLE] exp=1 gold=199367 len=393
2026-10-03 14:54:03.525 [SETTLE] exp=2 gold=199367 len=393
2026-10-03 14:54:31.965 [SETTLE] exp=1 gold=199367 len=393
2026-10-03 14:55:01.761 [SETTLE] exp=1 gold=199367 len=393
2026-10-03 14:55:30.507 [SETTLE] exp=2 gold=199367 len=393
2026-10-03 14:56:00.663 [SYS] #00FFFF#十万火急，超级书生大赛决赛将于#00FF00#5分钟#00FFFF#后结束，真正到了分秒必争的时刻了，冒险者们加油啊！！
2026-10-03 14:56:06.117 [SETTLE] exp=1 gold=199367 len=393
2026-10-03 14:56:35.878 [SETTLE] exp=1 gold=199367 len=393
2026-10-03 14:57:00.670 [SYS] #00FFFF#十万火急，超级书生大赛决赛将于#00FF00#4分钟#00FFFF#后结束，真正到了分秒必争的时刻了，冒险者们加油啊！！
2026-10-03 14:57:02.911 [SETTLE] exp=1 gold=199367 len=393
2026-10-03 14:57:31.334 [SETTLE] exp=1 gold=199367 len=393
2026-10-03 14:58:00.667 [SYS] #00FFFF#十万火急，超级书生大赛决赛将于#00FF00#3分钟#00FFFF#后结束，真正到了分秒必争的时刻了，冒险者们加油啊！！
2026-10-03 14:58:03.663 [SETTLE] exp=1 gold=199367 len=393
2026-10-03 14:58:28.179 [SETTLE] exp=2 gold=199367 len=393
2026-10-03 14:58:59.589 [SETTLE] exp=1 gold=199367 len=393
2026-10-03 14:59:00.678 [SYS] #00FFFF#十万火急，超级书生大赛决赛将于#00FF00#2分钟#00FFFF#后结束，真正到了分秒必争的时刻了，冒险者们加油啊！！
2026-10-03 14:59:25.233 [SETTLE] exp=2 gold=199367 len=393
2026-10-03 15:00:00.023 [SYS] #00FFFF#尊敬的冒险者们，今天是#FFFF00#力量之日#00FFFF#！#FFFF00#力量卡片#00FFFF#和少量稀有卡片已经散落在了梦境世界的各个角落，等待着它们的主人！赶快战斗吧，去寻找属于你的卡片！
2026-10-03 15:00:00.206 [SETTLE] exp=2 gold=199367 len=393
2026-10-03 15:00:00.728 [SYS] #00FFFF#十万火急，超级书生大赛决赛将于#00FF00#1分钟#00FFFF#后结束，真正到了分秒必争的时刻了，冒险者们加油啊！！
2026-10-03 15:00:40.538 [SETTLE] exp=1 gold=199367 len=393
2026-10-03 15:01:00.737 [SYS] #00FFFF#非常感谢大家的积极参与，本届超级书生大赛决赛已经结束。稍后将公布本届大赛的前3名超级书生，请大家随时关注我们的公告。
2026-10-03 15:01:07.461 [SETTLE] exp=2 gold=199367 len=393
2026-10-03 15:01:34.739 [SETTLE] exp=1 gold=199367 len=393
2026-10-03 15:01:58.656 [SETTLE] exp=1 gold=199367 len=393
2026-10-03 15:02:00.697 [SYS] #00FFFF#经过激烈的角逐，本届超级书生大赛的前3名超级书生已经诞生，让我们记住他们的名字：#FF0000#玛哈德奥#00FFFF#。请以上超级书生即刻前住#00FF00#梦幻岛#FF8CF8#神仙姐姐#00FFFF#处领取超值大奖，#00FF00#30分钟后#00FFFF#将关闭领奖，过期无效！
2026-10-03 15:02:27.755 [SETTLE] exp=2 gold=199367 len=393
2026-10-03 15:02:55.302 [SETTLE] exp=1 gold=199367 len=393
2026-10-03 15:03:26.231 [SETTLE] exp=2 gold=199367 len=393
2026-10-03 15:03:47.910 [SETTLE] exp=1 gold=199367 len=393
2026-10-03 15:04:14.223 [SETTLE] exp=1 gold=199367 len=393
2026-10-03 15:04:45.909 [SETTLE] exp=1 gold=199367 len=393
2026-10-03 15:05:08.097 [SETTLE] exp=2 gold=199367 len=393
2026-10-03 15:05:50.351 [INIT] dll unloaded
