2026-10-01 17:35:37.680 [INIT] dll loaded, pid=7128
2026-10-01 17:35:37.680 [INIT] codec loaded OK
2026-10-01 17:35:37.680 [INIT] iat hooks: recv=1 send=1 WSASend=1 connect=1 closesocket=1
2026-10-01 17:36:02.421 [PIPE] controller connected
2026-10-01 17:47:31.324 [SYS] 神圣而伟大的#FF8CF8#朝简#FFF692#上线了，大家快来膜拜哟！！！
2026-10-01 17:48:33.300 [QUESTION] {"type":"question","sock":2696,"qno":6,"field_a":80,"stem":".“竹子”属于哪一类植物？","options":["1、处长职务","2、食肉植物","3、草本植物","4、食草植物"]}
2026-10-01 17:48:35.953 [SYS] 测试通过！
2026-10-01 17:48:36.054 [SYS] 获得了#00FF00#100#FFF692#金币
2026-10-01 17:48:36.054 [CURRENCY] a=199374 b=1008350
2026-10-01 17:48:50.609 [QUESTION] {"type":"question","sock":2696,"qno":19,"field_a":101,"stem":"我国自己研制的火箭，已经多次成功的把什么送上太空？","options":["1、哈士奇","2、嫦娥","3、人造卫星","4、另一个太阳"]}
2026-10-01 17:54:01.345 [PIPE] controller disconnected
2026-10-01 18:00:01.423 [PIPE] controller connected
2026-10-01 18:01:56.922 [SYS] #FFF692#恭喜#FF8CF8#睡神本神#FFF692#在#00C8F8#国庆福袋#FFF692#中获得了#64FF7D#传说骑士的佩剑
2026-10-01 18:01:59.134 [SYS] #FFF692#恭喜#FF8CF8#睡神本神#FFF692#在#00C8F8#国庆福袋#FFF692#中获得了#64FF7D#古老的袖里剑
2026-10-01 18:02:19.263 [SYS] #FFF692#恭喜#FF8CF8#睡神本神#FFF692#在#00C8F8#国庆福袋#FFF692#中获得了#64FF7D#宠物印记
2026-10-01 18:02:31.738 [SYS] #FFF692#恭喜#FF8CF8#睡神本神#FFF692#在#00C8F8#国庆福袋#FFF692#中获得了#64FF7D#魔法命运骰子
2026-10-01 18:09:56.922 [SYS] 测试通过！
2026-10-01 18:09:56.922 [SYS] 获得了#00FF00#100#FFF692#金币
2026-10-01 18:09:56.922 [CURRENCY] a=199374 b=1008450
2026-10-01 18:10:24.698 [PIPE] controller disconnected
2026-10-01 18:10:33.097 [PIPE] controller connected
2026-10-01 18:15:29.373 [INIT] dll unloaded
