2026-10-01 17:35:37.675 [INIT] dll loaded, pid=14624
2026-10-01 17:35:37.676 [INIT] codec loaded OK
2026-10-01 17:35:37.676 [INIT] iat hooks: recv=1 send=1 WSASend=1 connect=1 closesocket=1
2026-10-01 17:36:02.421 [PIPE] controller connected
2026-10-01 17:47:31.324 [SYS] 神圣而伟大的#FF8CF8#朝简#FFF692#上线了，大家快来膜拜哟！！！
2026-10-01 17:48:40.583 [QUESTION] {"type":"question","sock":2780,"qno":4,"field_a":105,"stem":"一只杜鹃鸟要下蛋了，此时它会怎么做？","options":["1、再生一只","2、扔了它","3、将蛋下到其他鸟的鸟巢里","4、坐着开始孵"]}
2026-10-01 17:48:42.146 [SYS] 测试通过！
2026-10-01 17:48:42.239 [SYS] 获得了#00FF00#100#FFF692#金币
2026-10-01 17:48:42.240 [CURRENCY] a=199369 b=777239
2026-10-01 17:48:50.609 [QUESTION] {"type":"question","sock":2780,"qno":20,"field_a":105,"stem":"人们平时所说的“煤气中毒”是因为哪种有害气体吸入过多而引起的？","options":["1、二手烟","2、一氧化碳","3、生气","4、屁"]}
2026-10-01 17:54:01.345 [PIPE] controller disconnected
2026-10-01 18:00:01.423 [PIPE] controller connected
2026-10-01 18:01:56.925 [SYS] #FFF692#恭喜#FF8CF8#睡神本神#FFF692#在#00C8F8#国庆福袋#FFF692#中获得了#64FF7D#传说骑士的佩剑
2026-10-01 18:01:59.134 [SYS] #FFF692#恭喜#FF8CF8#睡神本神#FFF692#在#00C8F8#国庆福袋#FFF692#中获得了#64FF7D#古老的袖里剑
2026-10-01 18:02:19.263 [SYS] #FFF692#恭喜#FF8CF8#睡神本神#FFF692#在#00C8F8#国庆福袋#FFF692#中获得了#64FF7D#宠物印记
2026-10-01 18:02:31.738 [SYS] #FFF692#恭喜#FF8CF8#睡神本神#FFF692#在#00C8F8#国庆福袋#FFF692#中获得了#64FF7D#魔法命运骰子
2026-10-01 18:08:07.211 [QUESTION] {"type":"question","sock":2780,"qno":2,"field_a":74,"stem":"地球公转的方向是怎样的?","options":["1、上下蹦","2、左右晃悠","3、社会摇","4、自西向东"]}
2026-10-01 18:08:07.949 [SEND-ANSWER] qno=2 opt=0 ret=13 sock=2780
2026-10-01 18:08:08.000 [CLOSE] main sock 2780 closed
2026-10-01 18:08:42.972 [CONNECT] main sock 4200 -> 8484
2026-10-01 18:08:46.979 [QUESTION] {"type":"question","sock":4200,"qno":3,"field_a":83,"stem":"气温、水、植物等对岩石的破坏现象叫做？","options":["1、风化","2、变形","3、自西向东","4、机械化"]}
2026-10-01 18:08:49.141 [SEND-ANSWER] qno=3 opt=0 ret=13 sock=4200
2026-10-01 18:08:49.192 [SYS] 测试通过！
2026-10-01 18:08:49.281 [SYS] 获得了#00FF00#100#FFF692#金币
2026-10-01 18:08:49.281 [CURRENCY] a=199369 b=775009
2026-10-01 18:10:24.698 [PIPE] controller disconnected
2026-10-01 18:10:33.089 [PIPE] controller connected
2026-10-01 18:15:29.015 [INIT] dll unloaded
