2026-10-02 23:18:28.289 [INIT] dll loaded, pid=1936
2026-10-02 23:18:28.290 [INIT] codec loaded OK
2026-10-02 23:18:28.290 [INIT] iat hooks: recv=1 send=1 WSASend=1 connect=1 closesocket=1
2026-10-02 23:18:37.064 [CONNECT] main sock 2520 -> 8484
2026-10-02 23:18:37.112 [OUT] 0FFF inv=FBC6 len=260 #1 c6fbff0f61975ee409edcd1f805b64510bdcfaa32ba5805b64fb0bdcfaa32b1f80b84773badcfaa32b1f805b64510bdcfa212b1f802264510bdcfaa32b06bf2e6e510bdcfaa32b1f805b64510b5efaa32bd5805b64510bdcfa2a306ea3f779e3fcdcfaa32b1f805b64510bdcfaa32b1f805b64510bdcfaa32b1f805b64510bdcfaa32b1f805b04ab8a719397af4a085b5f580bdcfaa3bb1f805ba9510bdcf1493c69a4a5ef79db7acced15f5a59564510bdcf3853184b69564510bdcfaa32b1f805bf7ed79a5ce087769b987497930424eed67f9745c8dc85ac653770f5abc1e10510bdcfaa32b1f805b640b0bdcfa5f2b1f805b64510b940dcaff1f805b64510bdcfaa3
2026-10-02 23:18:37.324 [OP] 4007 inv=FFE6 len=25 #1 8aa5521502a32b1f9e549bf911d4d51f31bc869805ade308fa
2026-10-02 23:18:38.772 [CLOSE] main sock 2520 closed
2026-10-02 23:18:39.553 [PIPE] controller connected
2026-10-02 23:18:40.194 [CONNECT] main sock 2652 -> 8484
2026-10-02 23:18:40.247 [OUT] 0FFF inv=FBC6 len=260 #2 c6fbff0f61975ee409edcd1f805b64510bdcfaa32ba5805b64fb0bdcfaa32b1f80868b73badcfaa32b1f805b64510bdcfa212b1f802264510bdcfaa32b60ec2e6e510bdcfaa32b1f805b64510b5efaa32bd5805b64510bdcfa2a306ea3f779e3fcdcfaa32b1f805b64510bdcfaa32b1f805b64510bdcfaa32b1f805b64510bdcfaa32b1f805b04ab8a719397afb0285b64510bdcfaa3bb1f805ba9510bdcfaa32b1f805b64510bdcfaa32b1f805b64510bdcfaa32b1f805b64510bdcfaa32b1f805bc416d336cefc2b1f1634db5841bd060c67f9745cfd8b496f53770f5abc1e10510bdcfaa32b1f805b640b0bdcfa5f2b1f805b64510bb27dcaff1f805b64510bdcfaa3
2026-10-02 23:18:40.516 [OP] 4002 inv=FF8B len=116 #1 9528edf1d728c3cd58d4294f85da40ec76714a41a01be3a0e2938d0b8541da89aba0acb08b3bad80c464510bdcfaa32bd13b5b646244dcfa83931f80807a510b155a4e78c8d97b81510bdcfada2b1f809564510ba7faa32b98aa5b645894dcfadb02074c724ed410dcfaa32b1f805b64510bdcfa
2026-10-02 23:18:41.634 [OUT] 0004 inv=FDD2 len=260 #1 d2fd04000cdcfaa3355ad665c4180bdcfaa32b1f805b6451d5dcfaa3321f805b64510bdcc6062001805b64510bdcfaa32b1f805bb0510bdc84a32b1f805b6451734956d22b1f805b64510bdcfaa32b1f775b645182dcfaa32b1f805be9a8f273faa32b1f805b64510bdcfaa3671f805bb5510bdcfaa32b1f7dcdebfc9f1d24395151b5c464510bdcfaa32b1f43fc4d18f468c58175c65b9f34abfc1154bfdb4572f74b426711de51714553ec64510bdcfaa32b1f805b64510bdcfaa32b1f805b64510bdcfaa32b1f805b64510bdcfaa32b1f805b64510bdcfaa32b1f805b64510bdcfaa32b1f805b64510bdcfaa32b1f805b64510bdcfaa32b1f805b64510bdcfaa32b1f
2026-10-02 23:18:41.711 [OP] 4014 inv=FFEA len=21 #1 0cca805bcd510bdc7cfaee29a8e14e0e5333fedb2b
2026-10-02 23:18:41.711 [CLOSE] main sock 2652 closed
2026-10-02 23:18:41.774 [OUT] F001 inv=FE5F len=260 #1 5ffe01f003caa32b7207c464bc595ab12b219f805b64510bdcfaa32b1fbcf2c197ddd3faa32b1f805b64510bdcfaa32b1f805b64510bdcfaa32b1f805b64510bdcfaa32b1f805b64510bdcfaa32b1f805b64510bdcfaa32b1f805b64510bdcfaa32b1f805b64510bdcfaa32b1f805b64510bdcfaa32b1f805b64510bdcfaa32b1f805b64510bdcfaa32b1f805b64510bdcfaa32b1f805b64510bdcfaa32bc6e3b110909468debf378528fc0418f5e93a8a30d650214fdcf5110b133045725b64510bdcfaa32b1f805b64510bdcfaa32b1f805b64510bdcfaa32b1f805b64510bdcfaa32b1f805b64510bdcfaa32b1f805b64510bdcfaa32b1f805b64510bdcfaa32b1f80
2026-10-02 23:18:41.894 [OP] E001 inv=FFAF len=80 #1 580be8a3a32b1f80b77cb9b3ebffc88a0c5c5a4da476a3a1c95ee6c51d4d2439242070384597fb57d5b3bf5f24463e3bd83dbc595ab12b219f6016897110e95497cd4a215b64d6666ffaa32b1f805b64
2026-10-02 23:18:41.982 [OP] E062 inv=FFCD len=50 #1 9564510bbafa7f3b6c1d985c5579b6947349b2274cf9bc85b1032b25a8ed96784c181874c2d4d0f1d73f332b0b7873baa880
2026-10-02 23:18:41.984 [OP] E062 inv=FFDB len=36 #2 90faa32bee80eecd052a78b83467e8a4f369c5ce4dd0cb56fef33ab76de3b664c159bf80
2026-10-02 23:18:41.984 [OP] E062 inv=FFD6 len=41 #3 ce5b64516edcc0b44bd3a4302774b37803306ed87c542e911708d8c1c6127e0648f7caa14edf3c9780
2026-10-02 23:18:41.984 [OP] E062 inv=FFBD len=66 #4 8bfaa32b2180eecd052a78b83467e8a4f369c56648a6e72307f33ab76d5c192bceebd9b1e97b6f2e14b753eb4b4c723354115f2b04230737be87299ce0ac5c311c80
2026-10-02 23:18:41.984 [OP] E062 inv=FFD2 len=45 #5 aea32b1ffc5b3eaf205bb83467e8a43005939c08e9a1339602fe15472a7ccbe7c0c371aa87299ce0ccce36a780
2026-10-02 23:18:42.374 [OUT] F041 inv=FFE7 len=28 #1 e7ff41f026b35c3828d7512b1f805b64510bdcfaa32b1f805b64510b
2026-10-02 23:18:42.374 [OUT] F003 inv=FFF7 len=12 #1 f7ff03f01f180764b23565a4
2026-10-02 23:18:42.421 [OP] E014 inv=FF97 len=104 #1 088880344ba7f464510bdcfaa32b1f805b64510b19b5a5bb4f55cf64b3e564fa0f2b1f805b64510bdcfaa32b1f805b64510bdcfaa32b1f805b64510bdcfaa32b1f805b64510bdcfaa32b1f805b64510bdcfaa32b1f805b64510bdcfaa32b1f805b648e5fa28ca5bb
2026-10-02 23:18:42.473 [OP] E004 inv=FD05 len=762 #1 7c0ba1914133409e335513f2dcfaa32b1f805b7ffd0be6faa32b1f805b64580bdcfaa32b1f805b64510b696479020e0f840a2913dcfaa32b1f805b26fdecc4faa32b1f805b64580bdcfaa32b1f805b64510be4ea9330b118f464510bdcfaa32b1f805b6451ec3bfaa32b1f805b647ffd52faa32b1f805b64510b62e250491f805b64510bdcfaa32b1f805b6451ecdcfaa32b1f805b64415f52faa32b1f805b64
2026-10-02 23:18:52.612 [OP] EFFE inv=FFFE len=1 #1 0b
2026-10-02 23:19:02.627 [OP] EFFE inv=FFFE len=1 #2 0b
2026-10-02 23:19:14.183 [CLOSE] main sock 2348 closed
2026-10-02 23:19:29.044 [CONNECT] main sock 3008 -> 8484
2026-10-02 23:19:29.092 [OUT] 0FFF inv=FBC6 len=260 #3 c6fbff0f61975ee409edcd1f805b64510bdcfaa32ba5805b64fb0bdcfaa32b1f80b8a6e778dcfaa32b1f805b64510bdcfa212b1f802264510bdcfaa32b8b085a1e510bdcfaa32b1f805b64510b5efaa32bd5805b64510bdcfa2a306ea3f779e3fcdcfaa32b1f805b64510bdcfaa32b1f805b64510bdcfaa32b1f805b64510bdcfaa32b1f805b04ab8a719397afb0285b5f580bdcfaa3bb1f805ba9510bdcf1493c69a4a5ef79db7acced15f5a59564510bdc24633184b69564510bdcfaa32b1f805bf7ed79a5ce087769b987497930424eed67f9745cb0a05ac653770f5abc1e10510bdcfaa32b1f805b640b0bdcfa5f2b1f805b64510b94c30cd21f805b64510bdcfaa3
2026-10-02 23:19:29.367 [OP] 4002 inv=FF8B len=116 #2 9556fa0cd728c3cd58d4294f85da40ec76714a41a01be3a0e2938d0b8541da89aba0acb08b3bad80c464510bdcfaa32bd13b5b646244dcfa83931f80807a510b155a4e78c8d97b81510bdcfada2b1f809564510ba7faa32b98aa5b645894dcfadb02074c724ed410dcfaa32b1f805b64510bdcfa
2026-10-02 23:19:30.016 [OUT] 0004 inv=FDD2 len=260 #2 d2fd04000cdcfaa3355ad665c4180bdcfaa32b1f805b6451d5dcfaa3321f805b64510bdcc6062001805b64510bdcfaa32b1f805bb0510bdc84a32b1f805b6451734956d22b1f805b64510bdcfaa32b1f775b645182dcfaa32b1f805be9a8f273faa32b1f805b64510bdcfaa3671f805bb5510bdcfaa32b1f7dcdebfc9f1d24395151b5c464510bdcfaa32b1f43fc4d18f468c58175c65b9f34abfc1154bfdb4572f74b426711de51714553ec64510bdcfaa32b1f805b64510bdcfaa32b1f805b64510bdcfaa32b1f805b64510bdcfaa32b1f805b64510bdcfaa32b1f805b64510bdcfaa32b1f805b64510bdcfaa32b1f805b64510bdcfaa32b1f805b64510bdcfaa32b1f
2026-10-02 23:19:30.088 [OP] 4014 inv=FFEA len=21 #2 0cca805bcd510bdc219b7d29e9e14e0ed32cfbdb2b
2026-10-02 23:19:30.088 [CLOSE] main sock 3008 closed
2026-10-02 23:19:30.155 [OUT] F001 inv=FE5F len=260 #2 5ffe01f003caa32b7207c464bc595ab12b219f805b64510bdcfaa32b1fbcf2c197ddd3faa32b1f805b64510bdcfaa32b1f805b64510bdcfaa32b1f805b64510bdcfaa32b1f805b64510bdcfaa32b1f805b64510bdcfaa32b1f805b64510bdcfaa32b1f805b64510bdcfaa32b1f805b64510bdcfaa32b1f805b64510bdcfaa32b1f805b64510bdcfaa32b1f805b64510bdcfaa32b1f805b64510bdcfaa32bc6e3b110909468debf378528fc0418f5e93a8a30d650214fdcf5110b133045725b64510bdcfaa32b1f805b64510bdcfaa32b1f805b64510bdcfaa32b1f805b64510bdcfaa32b1f805b64510bdcfaa32b1f805b64510bdcfaa32b1f805b64510bdcfaa32b1f80
2026-10-02 23:19:30.290 [CLOSE] main sock 2756 closed
2026-10-02 23:19:30.343 [OUT] F001 inv=FE5F len=260 #3 5ffe01f003caa32b7207c464bc595ab12b219f805b64510bdcfaa32b1fbcf2c197ddd3faa32b1f805b64510bdcfaa32b1f805b64510bdcfaa32b1f805b64510bdcfaa32b1f805b64510bdcfaa32b1f805b64510bdcfaa32b1f805b64510bdcfaa32b1f805b64510bdcfaa32b1f805b64510bdcfaa32b1f805b64510bdcfaa32b1f805b64510bdcfaa32b1f805b64510bdcfaa32b1f805b64510bdcfaa32bc6e3b110909468debf378528fc0418f5e93a8a30d650214fdcf5110b133045725b64510bdcfaa32b1f805b64510bdcfaa32b1f805b64510bdcfaa32b1f805b64510bdcfaa32b1f805b64510bdcfaa32b1f805b64510bdcfaa32b1f805b64510bdcfaa32b1f80
2026-10-02 23:19:30.470 [OP] E001 inv=FFAF len=80 #2 580be8a3a32b1f80b77cb9b3ebffc88a0c5c5a4da476a3a1c95ee6c51d4d2439242070384597fb57d5b3bf5f24463e3bd83dbc595ab12b219f6016897110e95497cd4a215b64d6666ffaa32b1f805b64
2026-10-02 23:19:30.481 [OUT] F041 inv=FFE7 len=28 #2 e7ff41f026b35c3828d7512b1f805b64510bdcfaa3f2cd21d9456a0b
2026-10-02 23:19:30.481 [OUT] F003 inv=FFF7 len=12 #2 f7ff03f01f180764b23788a4
2026-10-02 23:19:30.577 [OP] E014 inv=FF97 len=104 #2 088880344ba7f464510bdcfaa32b1f805b64510bb22f1ebb4f55cf64b3e564faa62b1f805b64510bdcfaa32b1f805b64510bdcfaa32b1f805b64510bdcfaa32b1f805b64510bdcfaa32b1f805b64510bdcfaa32b1f805b64510bdcfaa32b1f805b647c5f1a8a1ebb
2026-10-02 23:19:30.675 [OP] E004 inv=FD05 len=762 #2 7c0ba1914133409e335513f2dcfaa32b1f805b7ffd0be6faa32b1f805b64580bdcfaa32b1f805b64510b696479020e0f840a2913dcfaa32b1f805b26fdecc4faa32b1f805b64580bdcfaa32b1f805b64510be4ea9330b118f464510bdcfaa32b1f805b6451ec3bfaa32b1f805b647ffd52faa32b1f805b64510b62e250491f805b64510bdcfaa32b1f805b6451ecdcfaa32b1f805b64415f52faa32b1f805b64
2026-10-02 23:19:40.668 [OP] EFFE inv=FFFE len=1 #3 0b
2026-10-02 23:19:50.684 [OP] EFFE inv=FFFE len=1 #4 0b
2026-10-02 23:20:01.528 [CLOSE] main sock 1212 closed
2026-10-02 23:22:59.848 [CONNECT] main sock 2712 -> 8484
2026-10-02 23:22:59.903 [OUT] 0FFF inv=FBC6 len=260 #4 c6fbff0f61975ee409edcd1f805b64510bdcfaa32ba5805b64fb0bdcfaa32b1f80077dc378dcfaa32b1f805b64510bdcfa212b1f802264510bdcfaa32bcda9901e510bdcfaa32b1f805b64510b5efaa32bd5805b64510bdcfa2a306ea3f779e3fcdcfaa32b1f805b64510bdcfaa32b1f805b64510bdcfaa32b1f805b64510bdcfaa32b1f805b04ab8a719397afb0285b5f580bdcfaa3bb1f805ba9510bdcf1493c69a4a5ef79db7acced15f5a59564510bdcf3853184b69564510bdcfaa32b1f805bf7ed79a5ce087769b987497930424eed67f9745cdc195ac653770f5abc1e10510bdcfaa32b1f805b640b0bdcfa5f2b1f805b64510b59a5c9d21f805b64510bdcfaa3
2026-10-02 23:23:00.180 [OP] 4002 inv=FF8B len=116 #3 95b25d82d728c3cd58d4294f85da40ec76714a41a01be3a0e2938d0b8541da89aba0acb08b3bad80c464510bdcfaa32bd13b5b646244dcfa83931f80807a510b155a4e78c8d97b81510bdcfada2b1f809564510ba7faa32b98aa5b645894dcfadb02074c724ed410dcfaa32b1f805b64510bdcfa
2026-10-02 23:23:01.376 [OUT] 0004 inv=FDD2 len=260 #3 d2fd04000cdcfaa3355ad665c4180bdcfaa32b1f805b6451d5dcfaa3321f805b64510bdcc6062001805b64510bdcfaa32b1f805bb0510bdc84a32b1f805b6451734956d22b1f805b64510bdcfaa32b1f775b645182dcfaa32b1f805be9a8f273faa32b1f805b64510bdcfaa3671f805bb5510bdcfaa32b1f7dcdebfc9f1d24395151b5c464510bdcfaa32b1f43fc4d18f468c58175c65b9f34abfc1154bfdb4572f74b426711de51714553ec64510bdcfaa32b1f805b64510bdcfaa32b1f805b64510bdcfaa32b1f805b64510bdcfaa32b1f805b64510bdcfaa32b1f805b64510bdcfaa32b1f805b64510bdcfaa32b1f805b64510bdcfaa32b1f805b64510bdcfaa32b1f
2026-10-02 23:23:01.447 [OP] 4014 inv=FFEA len=21 #3 0cca805bcd510bdc701358294e354e0ed00d51db2b
2026-10-02 23:23:01.447 [CLOSE] main sock 2712 closed
2026-10-02 23:23:01.501 [OUT] F001 inv=FE5F len=260 #4 5ffe01f003caa32b7207c464bc595ab12b219f805b64510bdcfaa32b1fbcf2c197ddd3faa32b1f805b64510bdcfaa32b1f805b64510bdcfaa32b1f805b64510bdcfaa32b1f805b64510bdcfaa32b1f805b64510bdcfaa32b1f805b64510bdcfaa32b1f805b64510bdcfaa32b1f805b64510bdcfaa32b1f805b64510bdcfaa32b1f805b64510bdcfaa32b1f805b64510bdcfaa32b1f805b64510bdcfaa32bc6e3b110909468debf378528fc0418f5e93a8a30d650214fdcf5110b133045725b64510bdcfaa32b1f805b64510bdcfaa32b1f805b64510bdcfaa32b1f805b64510bdcfaa32b1f805b64510bdcfaa32b1f805b64510bdcfaa32b1f805b64510bdcfaa32b1f80
2026-10-02 23:23:01.622 [CLOSE] main sock 2204 closed
2026-10-02 23:23:01.669 [OUT] F001 inv=FE5F len=260 #5 5ffe01f003caa32b7207c464bc595ab12b219f805b64510bdcfaa32b1fbcf2c197ddd3faa32b1f805b64510bdcfaa32b1f805b64510bdcfaa32b1f805b64510bdcfaa32b1f805b64510bdcfaa32b1f805b64510bdcfaa32b1f805b64510bdcfaa32b1f805b64510bdcfaa32b1f805b64510bdcfaa32b1f805b64510bdcfaa32b1f805b64510bdcfaa32b1f805b64510bdcfaa32b1f805b64510bdcfaa32bc6e3b110909468debf378528fc0418f5e93a8a30d650214fdcf5110b133045725b64510bdcfaa32b1f805b64510bdcfaa32b1f805b64510bdcfaa32b1f805b64510bdcfaa32b1f805b64510bdcfaa32b1f805b64510bdcfaa32b1f805b64510bdcfaa32b1f80
2026-10-02 23:23:01.966 [OP] E001 inv=FFAF len=80 #3 580be8a3a32b1f80b77cb9b3ebffc88a0c5c5a4da476a3a1c95ee6c51d4d2439242070384597fb57d5b3bf5f24463e3bd83dbc595ab12b219f6016897110e95497cd4a215b64d6666ffaa32b1f805b64
2026-10-02 23:23:01.984 [OUT] F041 inv=FFE7 len=28 #3 e7ff41f026b35c3828d7512b1f805b64510bdcfaa3f2cd21d9456a0b
2026-10-02 23:23:01.984 [OUT] F003 inv=FFF7 len=12 #3 f7ff03f01f180764b247bba4
2026-10-02 23:23:02.040 [OP] E014 inv=FF97 len=104 #3 088880344ba7f464510bdcfaa32b1f805b64510b19b5a5bb4f55cf64b3e564fa022b1f805b64510bdcfaa32b1f805b64510bdcfaa32b1f805b64510bdcfaa32b1f805b64510bdcfaa32b1f805b64510bdcfaa32b1f805b64510bdcfaa32b1f805b64395fa28ca5bb
2026-10-02 23:23:02.090 [OP] E004 inv=FD05 len=762 #3 7c0ba1914133409e335513f2dcfaa32b1f805b7ffd0be6faa32b1f805b64580bdcfaa32b1f805b64510b696479020e0f840a2913dcfaa32b1f805b26fdecc4faa32b1f805b64580bdcfaa32b1f805b64510be4ea9330b118f464510bdcfaa32b1f805b6451ec3bfaa32b1f805b647ffd52faa32b1f805b64510b62e250491f805b64510bdcfaa32b1f805b6451ecdcfaa32b1f805b64415f52faa32b1f805b64
2026-10-02 23:23:06.026 [CLOSE] main sock 2696 closed
2026-10-02 23:23:07.096 [CLOSE] main sock 4294967295 closed
2026-10-02 23:23:07.189 [CLOSE] main sock 4294967295 closed
2026-10-02 23:23:07.601 [CLOSE] main sock 4294967295 closed
2026-10-02 23:23:07.601 [CLOSE] main sock 4294967295 closed
2026-10-02 23:23:07.631 [INIT] dll unloaded
