2026-10-03 17:06:34.265 [INIT] dll loaded, pid=5760 (pure network mode)
2026-10-03 17:06:34.265 [INIT] codec loaded OK
2026-10-03 17:06:34.265 [INIT] iat hooks: recv=1 send=1 WSASend=1 connect=1 closesocket=1
2026-10-03 17:06:34.569 [PIPE] controller connected
2026-10-03 17:06:41.064 [CONNECT] sock 2468 -> port 8484
2026-10-03 17:06:42.686 [CONNECT] sock 2684 -> port 8485
2026-10-03 17:06:42.733 [MAIN-SOCK] identified game world sock 2684 (WSASend op=F001)
2026-10-03 17:07:42.019 [SETTLE] exp=3416 gold=201748 len=393
2026-10-03 17:08:08.864 [SETTLE] exp=3527 gold=201748 len=393
2026-10-03 17:08:08.963 [SYS] 获得了#00FF00#1#FFF692#个#64FF7D#锁住的藏宝盒
2026-10-03 17:08:08.963 [SYS] 获得了#00FF00#1#FFF692#个#64FF7D#碧玉葫芦
2026-10-03 17:08:36.773 [SETTLE] exp=3416 gold=201748 len=393
2026-10-03 17:09:10.436 [SETTLE] exp=4400 gold=201748 len=393
2026-10-03 17:09:10.436 [SYS] 获得了#00FF00#1#FFF692#个#64FF7D#锁住的藏宝盒
2026-10-03 17:09:10.436 [SYS] 获得了#00FF00#1#FFF692#个#64FF7D#卡片-“幸运”
2026-10-03 17:09:42.154 [SETTLE] exp=4436 gold=201748 len=393
2026-10-03 17:10:00.074 [SYS] #00FFFF#尊敬的冒险者们，今天是#FFFF00#力量之日#00FFFF#！#FFFF00#力量卡片#00FFFF#和少量稀有卡片已经散落在了梦境世界的各个角落，等待着它们的主人！赶快战斗吧，去寻找属于你的卡片！
2026-10-03 17:10:08.608 [SETTLE] exp=3484 gold=201748 len=393
2026-10-03 17:10:08.704 [SYS] 获得了#00FF00#1#FFF692#个#64FF7D#卡片-“力量”
2026-10-03 17:10:40.807 [SETTLE] exp=3416 gold=201748 len=393
2026-10-03 17:10:40.903 [SYS] 获得了#00FF00#1#FFF692#个#64FF7D#锁住的藏宝盒
2026-10-03 17:11:00.123 [SYS] #00FFFF#活动中获得的卡片可以在#00FF00#龙之都#00FFFF#的#FF0000#奥里雷西亚女士#00FFFF#处兑换其它卡片或者收藏品；打开锁着的藏宝箱得到的#FFFF00#武器大师礼券#00FFFF#可以在#00FF00#龙之都#00FFFF#的#FF0000#哼哼先生#00FFFF#处兑换锻造金色武器的原料。
2026-10-03 17:11:13.087 [SETTLE] exp=3450 gold=201748 len=393
2026-10-03 17:11:37.232 [SETTLE] exp=3450 gold=201748 len=393
2026-10-03 17:12:06.605 [SETTLE] exp=3450 gold=201748 len=393
2026-10-03 17:12:44.408 [SETTLE] exp=4287 gold=201748 len=393
2026-10-03 17:12:44.599 [SYS] 获得了#00FF00#1#FFF692#个#64FF7D#锁住的藏宝盒
2026-10-03 17:13:19.528 [SETTLE] exp=4321 gold=201748 len=393
2026-10-03 17:13:54.768 [SETTLE] exp=3484 gold=201748 len=393
2026-10-03 17:13:54.768 [SYS] 获得了#00FF00#1#FFF692#个#64FF7D#锁住的藏宝盒
2026-10-03 17:13:54.768 [SYS] 获得了#00FF00#1#FFF692#个#64FF7D#卡片-“力量”
2026-10-03 17:14:25.819 [SETTLE] exp=3527 gold=201748 len=393
2026-10-03 17:14:50.477 [SETTLE] exp=3450 gold=201748 len=393
2026-10-03 17:15:19.653 [SETTLE] exp=3450 gold=201748 len=393
2026-10-03 17:15:54.415 [SETTLE] exp=4321 gold=201748 len=393
2026-10-03 17:16:16.195 [SETTLE] exp=4321 gold=201748 len=393
2026-10-03 17:16:16.297 [SYS] 获得了#00FF00#1#FFF692#个#64FF7D#卡片-“力量”
2026-10-03 17:16:40.101 [SETTLE] exp=3450 gold=201748 len=393
2026-10-03 17:17:10.655 [SETTLE] exp=3450 gold=201748 len=393
2026-10-03 17:17:34.960 [SETTLE] exp=3484 gold=201748 len=393
2026-10-03 17:17:59.090 [SETTLE] exp=3484 gold=201748 len=393
2026-10-03 17:18:25.543 [SETTLE] exp=3416 gold=201748 len=393
2026-10-03 17:19:05.044 [SETTLE] exp=3484 gold=201748 len=393
2026-10-03 17:19:05.044 [SYS] 获得了#00FF00#1#FFF692#个#64FF7D#锁住的藏宝盒
2026-10-03 17:19:32.594 [SETTLE] exp=4321 gold=201748 len=393
2026-10-03 17:19:59.498 [SETTLE] exp=4287 gold=201748 len=393
2026-10-03 17:19:59.591 [SYS] 获得了#00FF00#1#FFF692#个#64FF7D#锁住的藏宝盒
2026-10-03 17:20:00.067 [SYS] #00FFFF#尊敬的冒险者们，今天是#FFFF00#力量之日#00FFFF#！#FFFF00#力量卡片#00FFFF#和少量稀有卡片已经散落在了梦境世界的各个角落，等待着它们的主人！赶快战斗吧，去寻找属于你的卡片！
2026-10-03 17:20:39.588 [SETTLE] exp=3416 gold=201748 len=393
2026-10-03 17:20:39.691 [SYS] 获得了#00FF00#1#FFF692#个#64FF7D#锁住的藏宝盒
2026-10-03 17:20:39.692 [SYS] 获得了#00FF00#1#FFF692#个#64FF7D#卡片-“幸运”
2026-10-03 17:21:00.066 [SYS] #00FFFF#活动中获得的卡片可以在#00FF00#龙之都#00FFFF#的#FF0000#奥里雷西亚女士#00FFFF#处兑换其它卡片或者收藏品；打开锁着的藏宝箱得到的#FFFF00#武器大师礼券#00FFFF#可以在#00FF00#龙之都#00FFFF#的#FF0000#哼哼先生#00FFFF#处兑换锻造金色武器的原料。
2026-10-03 17:21:02.521 [SETTLE] exp=3416 gold=201748 len=393
2026-10-03 17:21:02.617 [SYS] 获得了#00FF00#1#FFF692#个#64FF7D#卡片-“力量”
2026-10-03 17:21:26.010 [SETTLE] exp=4287 gold=201748 len=393
2026-10-03 17:21:53.934 [SETTLE] exp=3484 gold=201748 len=393
2026-10-03 17:22:22.107 [SETTLE] exp=3484 gold=201748 len=393
2026-10-03 17:22:56.084 [SETTLE] exp=4287 gold=201748 len=393
2026-10-03 17:23:22.671 [SETTLE] exp=4356 gold=201748 len=393
2026-10-03 17:23:22.764 [SYS] 获得了#00FF00#1#FFF692#个#64FF7D#卡片-“力量”
2026-10-03 17:23:47.264 [SETTLE] exp=4287 gold=201748 len=393
2026-10-03 17:24:11.023 [SETTLE] exp=4287 gold=201748 len=393
2026-10-03 17:24:37.469 [SETTLE] exp=4321 gold=201748 len=393
2026-10-03 17:25:05.697 [SETTLE] exp=3450 gold=201748 len=393
2026-10-03 17:25:30.227 [SETTLE] exp=3484 gold=201748 len=393
2026-10-03 17:25:57.153 [SETTLE] exp=4321 gold=201748 len=393
2026-10-03 17:26:23.807 [SETTLE] exp=4356 gold=201748 len=393
2026-10-03 17:27:04.315 [SETTLE] exp=3416 gold=201748 len=393
2026-10-03 17:27:28.389 [SETTLE] exp=3450 gold=201748 len=393
2026-10-03 17:27:50.872 [SETTLE] exp=4321 gold=201748 len=393
2026-10-03 17:28:17.294 [SETTLE] exp=4356 gold=201748 len=393
2026-10-03 17:29:03.385 [SETTLE] exp=4287 gold=201748 len=393
2026-10-03 17:29:03.489 [SYS] 获得了#00FF00#1#FFF692#个#64FF7D#锁住的藏宝盒
2026-10-03 17:29:33.323 [SETTLE] exp=3450 gold=201748 len=393
2026-10-03 17:29:33.423 [SYS] 获得了#00FF00#1#FFF692#个#64FF7D#锁住的藏宝盒
2026-10-03 17:30:00.071 [SYS] #00FFFF#尊敬的冒险者们，今天是#FFFF00#力量之日#00FFFF#！#FFFF00#力量卡片#00FFFF#和少量稀有卡片已经散落在了梦境世界的各个角落，等待着它们的主人！赶快战斗吧，去寻找属于你的卡片！
2026-10-03 17:30:11.362 [SETTLE] exp=4436 gold=201748 len=393
2026-10-03 17:30:41.777 [SETTLE] exp=4287 gold=201748 len=393
2026-10-03 17:31:00.072 [SYS] #00FFFF#活动中获得的卡片可以在#00FF00#龙之都#00FFFF#的#FF0000#奥里雷西亚女士#00FFFF#处兑换其它卡片或者收藏品；打开锁着的藏宝箱得到的#FFFF00#武器大师礼券#00FFFF#可以在#00FF00#龙之都#00FFFF#的#FF0000#哼哼先生#00FFFF#处兑换锻造金色武器的原料。
2026-10-03 17:31:17.486 [SETTLE] exp=3484 gold=201748 len=393
2026-10-03 17:31:17.596 [SYS] 获得了#00FF00#1#FFF692#个#64FF7D#锁住的藏宝盒
2026-10-03 17:31:49.032 [SETTLE] exp=4356 gold=201748 len=393
2026-10-03 17:32:19.080 [SETTLE] exp=4356 gold=201748 len=393
2026-10-03 17:32:43.972 [SETTLE] exp=4400 gold=201748 len=393
2026-10-03 17:33:21.651 [SETTLE] exp=3416 gold=201748 len=393
2026-10-03 17:33:59.208 [SETTLE] exp=3484 gold=201748 len=393
2026-10-03 17:34:21.571 [SETTLE] exp=4287 gold=201748 len=393
2026-10-03 17:34:21.660 [SYS] 获得了#00FF00#1#FFF692#个#64FF7D#锁住的藏宝盒
2026-10-03 17:34:45.418 [SETTLE] exp=3450 gold=201748 len=393
2026-10-03 17:34:45.521 [SYS] 物品栏已满！
2026-10-03 17:35:25.274 [SETTLE] exp=4436 gold=201748 len=393
2026-10-03 17:36:10.396 [SETTLE] exp=4356 gold=201748 len=393
2026-10-03 17:36:37.352 [SETTLE] exp=4321 gold=201748 len=393
2026-10-03 17:37:03.484 [SETTLE] exp=3450 gold=201748 len=393
2026-10-03 17:37:03.581 [SYS] 物品栏已满！
2026-10-03 17:37:49.556 [SETTLE] exp=3450 gold=201748 len=393
2026-10-03 17:38:18.404 [SETTLE] exp=3450 gold=201748 len=393
2026-10-03 17:38:44.368 [SETTLE] exp=3484 gold=201748 len=393
2026-10-03 17:39:10.338 [SETTLE] exp=3450 gold=201748 len=393
2026-10-03 17:39:34.367 [SETTLE] exp=3450 gold=201748 len=393
2026-10-03 17:40:00.125 [SYS] #00FFFF#尊敬的冒险者们，今天是#FFFF00#力量之日#00FFFF#！#FFFF00#力量卡片#00FFFF#和少量稀有卡片已经散落在了梦境世界的各个角落，等待着它们的主人！赶快战斗吧，去寻找属于你的卡片！
2026-10-03 17:40:01.301 [SETTLE] exp=3527 gold=201748 len=393
2026-10-03 17:40:28.799 [SETTLE] exp=3450 gold=201748 len=393
2026-10-03 17:40:28.899 [SYS] 获得了#00FF00#1#FFF692#个#64FF7D#卡片-“幸运”
2026-10-03 17:40:51.663 [SETTLE] exp=4321 gold=201748 len=393
2026-10-03 17:41:00.080 [SYS] #00FFFF#活动中获得的卡片可以在#00FF00#龙之都#00FFFF#的#FF0000#奥里雷西亚女士#00FFFF#处兑换其它卡片或者收藏品；打开锁着的藏宝箱得到的#FFFF00#武器大师礼券#00FFFF#可以在#00FF00#龙之都#00FFFF#的#FF0000#哼哼先生#00FFFF#处兑换锻造金色武器的原料。
2026-10-03 17:41:28.268 [SETTLE] exp=3416 gold=201748 len=393
2026-10-03 17:41:56.883 [SETTLE] exp=3450 gold=201748 len=393
2026-10-03 17:42:25.157 [SETTLE] exp=4321 gold=201748 len=393
2026-10-03 17:42:52.825 [SETTLE] exp=4287 gold=201748 len=393
2026-10-03 17:43:15.317 [SETTLE] exp=4436 gold=201748 len=393
2026-10-03 17:43:15.413 [SYS] 获得了#00FF00#1#FFF692#个#64FF7D#锁住的藏宝盒
2026-10-03 17:43:15.413 [SYS] 物品栏已满！
2026-10-03 17:43:42.309 [SETTLE] exp=4287 gold=201748 len=393
2026-10-03 17:44:14.731 [SETTLE] exp=4287 gold=201748 len=393
2026-10-03 17:44:14.731 [SYS] 获得了#00FF00#1#FFF692#个#64FF7D#锁住的藏宝盒
2026-10-03 17:44:14.731 [SYS] 物品栏已满！
2026-10-03 17:44:45.175 [SETTLE] exp=3416 gold=201748 len=393
2026-10-03 17:45:13.112 [SETTLE] exp=3450 gold=201748 len=393
2026-10-03 17:45:46.568 [SETTLE] exp=4287 gold=201748 len=393
2026-10-03 17:46:05.388 [QUESTION] {"type":"question","sock":2468,"qno":5,"field_a":85,"stem":"当红旗向东南飘动时，这时刮的是什么风","options":["1、龙卷风","2、西北风","3、台风","4、珠穆朗玛峰"]}
2026-10-03 17:46:15.032 [SEND-ANSWER] qno=5 opt=1 ret=13 sock=2468
2026-10-03 17:46:15.086 [SYS] 测试通过！
2026-10-03 17:46:15.184 [SYS] 获得了#00FF00#100#FFF692#金币
2026-10-03 17:46:15.950 [SETTLE] exp=3416 gold=201748 len=393
2026-10-03 17:46:44.162 [SETTLE] exp=3450 gold=201748 len=393
2026-10-03 17:47:15.787 [SETTLE] exp=4287 gold=201748 len=393
2026-10-03 17:47:45.397 [SYS] 物品栏满
2026-10-03 17:47:45.495 [SETTLE] exp=4321 gold=201748 len=393
2026-10-03 17:48:13.580 [SETTLE] exp=3484 gold=201748 len=393
2026-10-03 17:48:42.556 [SETTLE] exp=4356 gold=201748 len=393
2026-10-03 17:48:42.652 [SYS] 获得了#00FF00#1#FFF692#个#64FF7D#锁住的藏宝盒
2026-10-03 17:49:09.286 [SETTLE] exp=3450 gold=201748 len=393
2026-10-03 17:49:46.177 [SETTLE] exp=3484 gold=201748 len=393
2026-10-03 17:50:00.085 [SYS] #00FFFF#尊敬的冒险者们，今天是#FFFF00#力量之日#00FFFF#！#FFFF00#力量卡片#00FFFF#和少量稀有卡片已经散落在了梦境世界的各个角落，等待着它们的主人！赶快战斗吧，去寻找属于你的卡片！
2026-10-03 17:50:11.907 [SETTLE] exp=4356 gold=201748 len=393
2026-10-03 17:50:11.907 [SYS] 获得了#00FF00#1#FFF692#个#64FF7D#锁住的藏宝盒
2026-10-03 17:50:49.349 [SETTLE] exp=4321 gold=201748 len=393
2026-10-03 17:51:00.079 [SYS] #00FFFF#活动中获得的卡片可以在#00FF00#龙之都#00FFFF#的#FF0000#奥里雷西亚女士#00FFFF#处兑换其它卡片或者收藏品；打开锁着的藏宝箱得到的#FFFF00#武器大师礼券#00FFFF#可以在#00FF00#龙之都#00FFFF#的#FF0000#哼哼先生#00FFFF#处兑换锻造金色武器的原料。
2026-10-03 17:51:12.589 [SETTLE] exp=4321 gold=201748 len=393
2026-10-03 17:51:36.099 [SETTLE] exp=3450 gold=201748 len=393
2026-10-03 17:52:01.876 [SETTLE] exp=4321 gold=201748 len=393
2026-10-03 17:52:27.835 [SETTLE] exp=4356 gold=201748 len=393
2026-10-03 17:52:50.131 [SETTLE] exp=3527 gold=201748 len=393
2026-10-03 17:52:50.225 [SYS] 物品栏已满！
2026-10-03 17:53:14.385 [SETTLE] exp=3484 gold=201748 len=393
2026-10-03 17:53:37.599 [SETTLE] exp=3450 gold=201748 len=393
2026-10-03 17:53:37.690 [SYS] 物品栏已满！
2026-10-03 17:54:03.611 [SETTLE] exp=4287 gold=201748 len=393
2026-10-03 17:54:03.707 [SYS] 获得了#00FF00#1#FFF692#个#64FF7D#锁住的藏宝盒
2026-10-03 17:54:25.657 [SETTLE] exp=3450 gold=201748 len=393
2026-10-03 17:54:58.620 [SETTLE] exp=3416 gold=201748 len=393
2026-10-03 17:54:58.718 [SYS] 获得了#00FF00#1#FFF692#个#64FF7D#锁住的藏宝盒
2026-10-03 17:54:58.718 [SYS] 获得了#00FF00#1#FFF692#个#64FF7D#卡片-“力量”
2026-10-03 17:55:21.650 [SYS] 获得了#00FF00#1#FFF692#个#64FF7D#锁住的藏宝盒
2026-10-03 17:55:21.741 [SYS] 获得了#00FF00#1#FFF692#个#64FF7D#卡片-“力量”
2026-10-03 17:55:21.741 [SETTLE] exp=4287 gold=201748 len=393
2026-10-03 17:55:56.097 [SETTLE] exp=3450 gold=201748 len=393
2026-10-03 17:55:56.192 [SYS] 获得了#00FF00#1#FFF692#个#64FF7D#锁住的藏宝盒
2026-10-03 17:56:25.316 [SETTLE] exp=3450 gold=201748 len=393
2026-10-03 17:56:25.316 [SYS] 获得了#00FF00#1#FFF692#个#64FF7D#卡片-“力量”
2026-10-03 17:56:58.704 [SETTLE] exp=3484 gold=201748 len=393
2026-10-03 17:57:29.721 [SETTLE] exp=3484 gold=201748 len=393
2026-10-03 17:58:10.057 [SETTLE] exp=3450 gold=201748 len=393
2026-10-03 17:58:29.826 [SETTLE] exp=4400 gold=201748 len=393
2026-10-03 17:58:29.933 [SYS] 获得了#00FF00#1#FFF692#个#64FF7D#卡片-“幸运”
2026-10-03 17:59:00.081 [SETTLE] exp=4321 gold=201748 len=393
2026-10-03 17:59:25.577 [SETTLE] exp=3484 gold=201748 len=393
2026-10-03 17:59:53.151 [SETTLE] exp=4287 gold=201748 len=393
2026-10-03 17:59:53.246 [SYS] 获得了#00FF00#1#FFF692#个#64FF7D#锁住的藏宝盒
2026-10-03 18:00:00.008 [SYS] #00FFFF#到目前为止，已经有无数的卡片找到了它们的主人！#FFFF00#力量之日#00FFFF#活动到此暂告一段落，祝大家游戏快乐，好运连连。让我们一起期待下一个活动日的到来吧！
2026-10-03 18:00:29.737 [SETTLE] exp=4356 gold=201748 len=393
2026-10-03 18:00:58.407 [SETTLE] exp=3484 gold=201748 len=393
2026-10-03 18:01:25.346 [SETTLE] exp=3450 gold=201748 len=393
2026-10-03 18:01:52.863 [SETTLE] exp=4321 gold=201748 len=393
2026-10-03 18:02:19.089 [SETTLE] exp=4287 gold=201748 len=393
2026-10-03 18:02:55.734 [SETTLE] exp=3450 gold=201748 len=393
2026-10-03 18:03:24.508 [SETTLE] exp=3416 gold=201748 len=393
2026-10-03 18:03:49.418 [SETTLE] exp=3416 gold=201748 len=393
2026-10-03 18:04:29.134 [SETTLE] exp=4321 gold=201748 len=393
2026-10-03 18:04:58.211 [SETTLE] exp=4287 gold=201748 len=393
2026-10-03 18:05:25.812 [SETTLE] exp=3450 gold=201748 len=393
2026-10-03 18:05:54.455 [SETTLE] exp=3416 gold=201748 len=393
2026-10-03 18:06:21.077 [SETTLE] exp=3450 gold=201748 len=393
2026-10-03 18:06:47.673 [SETTLE] exp=3416 gold=201748 len=393
2026-10-03 18:07:13.517 [QUESTION] {"type":"question","sock":2468,"qno":7,"field_a":72,"stem":"以下生物\"属于\"昆虫的是?","options":["1、猩猩队长","2、奔驰","3、擎天柱","4、七星瓢虫"]}
2026-10-03 18:07:14.394 [SEND-ANSWER] qno=7 opt=3 ret=13 sock=2468
2026-10-03 18:07:14.449 [SYS] 测试通过！
2026-10-03 18:07:14.502 [SYS] 获得了#00FF00#100#FFF692#金币
2026-10-03 18:07:37.497 [SETTLE] exp=4400 gold=201748 len=393
2026-10-03 18:08:08.332 [SETTLE] exp=4356 gold=201748 len=393
2026-10-03 18:08:35.268 [SETTLE] exp=3484 gold=201748 len=393
2026-10-03 18:09:04.049 [SETTLE] exp=4321 gold=201748 len=393
2026-10-03 18:09:42.173 [SETTLE] exp=3484 gold=201748 len=393
2026-10-03 18:10:11.326 [SETTLE] exp=4321 gold=201748 len=393
2026-10-03 18:10:42.221 [SETTLE] exp=4400 gold=201748 len=393
2026-10-03 18:11:17.330 [SETTLE] exp=4471 gold=201748 len=393
2026-10-03 18:11:45.127 [SETTLE] exp=4543 gold=201748 len=393
2026-10-03 18:12:11.265 [SETTLE] exp=3598 gold=201748 len=393
2026-10-03 18:12:33.038 [SETTLE] exp=7196 gold=201748 len=393
2026-10-03 18:12:58.152 [SETTLE] exp=8942 gold=201748 len=393
2026-10-03 18:13:37.859 [SETTLE] exp=9014 gold=201748 len=393
2026-10-03 18:14:02.089 [SETTLE] exp=7196 gold=201748 len=393
2026-10-03 18:14:43.743 [SETTLE] exp=7196 gold=201748 len=393
2026-10-03 18:15:07.810 [SETTLE] exp=7268 gold=201748 len=393
2026-10-03 18:15:54.722 [SETTLE] exp=8942 gold=201748 len=393
2026-10-03 18:16:16.290 [SETTLE] exp=9148 gold=201748 len=393
2026-10-03 18:16:39.337 [SETTLE] exp=7274 gold=201748 len=393
2026-10-03 18:17:02.402 [SETTLE] exp=7196 gold=201748 len=393
2026-10-03 18:17:29.978 [SETTLE] exp=7196 gold=201748 len=393
2026-10-03 18:17:55.935 [SETTLE] exp=9014 gold=201748 len=393
2026-10-03 18:18:33.839 [SETTLE] exp=7196 gold=201748 len=403
2026-10-03 18:19:24.326 [SETTLE] exp=7126 gold=201748 len=393
2026-10-03 18:20:11.403 [SETTLE] exp=8942 gold=201748 len=393
2026-10-03 18:20:17.798 [SYS] #FFF692#恭喜#FF8CF8#情義丶聪爺#FFF692#在#00C8F8#珍稀特殊RP箱#FFF692#中获得了#64FF7D#特殊3阶宠装强化剂
2026-10-03 18:20:17.948 [SYS] #FFF692#恭喜#FF8CF8#情義丶聪爺#FFF692#在#00C8F8#珍稀特殊RP箱#FFF692#中获得了#64FF7D#特殊3阶宠装强化剂
2026-10-03 18:20:40.682 [SETTLE] exp=8942 gold=201748 len=393
2026-10-03 18:21:07.911 [SETTLE] exp=7196 gold=201748 len=393
2026-10-03 18:21:33.313 [SETTLE] exp=9148 gold=201748 len=393
2026-10-03 18:22:23.402 [SETTLE] exp=7126 gold=201748 len=393
2026-10-03 18:22:47.948 [SETTLE] exp=8942 gold=201748 len=393
2026-10-03 18:23:09.548 [SETTLE] exp=7268 gold=201748 len=393
2026-10-03 18:23:43.199 [SETTLE] exp=9060 gold=201748 len=393
2026-10-03 18:24:07.249 [SETTLE] exp=9060 gold=201748 len=393
2026-10-03 18:24:25.748 [SETTLE] exp=7178 gold=201748 len=393
2026-10-03 18:25:06.278 [SETTLE] exp=7250 gold=201748 len=393
2026-10-03 18:25:35.508 [SETTLE] exp=7064 gold=201748 len=393
2026-10-03 18:26:02.212 [SETTLE] exp=7320 gold=201748 len=393
2026-10-03 18:26:20.762 [SETTLE] exp=7250 gold=201748 len=393
2026-10-03 18:26:44.696 [SETTLE] exp=6996 gold=201748 len=393
2026-10-03 18:27:18.947 [SETTLE] exp=7250 gold=201748 len=393
2026-10-03 18:27:19.043 [SYS] 获得了#00FF00#1#FFF692#个#64FF7D#黄玉葫芦
2026-10-03 18:27:48.612 [SETTLE] exp=8780 gold=201748 len=393
2026-10-03 18:28:12.593 [SETTLE] exp=7250 gold=201748 len=393
2026-10-03 18:28:50.788 [SETTLE] exp=7250 gold=201748 len=393
2026-10-03 18:29:32.385 [SETTLE] exp=9060 gold=201748 len=393
2026-10-03 18:29:55.900 [SETTLE] exp=9158 gold=201748 len=393
2026-10-03 18:30:21.606 [SETTLE] exp=7342 gold=201748 len=393
2026-10-03 18:30:46.558 [SETTLE] exp=7274 gold=201748 len=393
2026-10-03 18:31:24.664 [SETTLE] exp=7202 gold=201748 len=393
2026-10-03 18:31:50.036 [SETTLE] exp=7126 gold=201748 len=393
2026-10-03 18:32:20.041 [SETTLE] exp=7274 gold=201748 len=393
2026-10-03 18:32:45.026 [SETTLE] exp=7250 gold=201748 len=393
2026-10-03 18:33:22.900 [SETTLE] exp=7064 gold=201748 len=393
2026-10-03 18:34:03.559 [SETTLE] exp=8916 gold=201748 len=393
2026-10-03 18:34:40.763 [SETTLE] exp=8988 gold=201748 len=393
2026-10-03 18:35:17.041 [SETTLE] exp=7320 gold=201748 len=393
2026-10-03 18:36:03.992 [SETTLE] exp=7262 gold=201748 len=393
2026-10-03 18:36:46.402 [SETTLE] exp=5844 gold=201748 len=393
2026-10-03 18:37:30.050 [SYS] 物品栏满
2026-10-03 18:37:30.159 [SETTLE] exp=7262 gold=201748 len=393
2026-10-03 18:38:07.482 [SETTLE] exp=5844 gold=201748 len=393
2026-10-03 18:38:37.884 [SETTLE] exp=7268 gold=201748 len=393
2026-10-03 18:39:09.275 [SETTLE] exp=7108 gold=201748 len=393
2026-10-03 18:39:40.062 [SETTLE] exp=7262 gold=201748 len=393
2026-10-03 18:40:11.380 [SETTLE] exp=8988 gold=201748 len=393
2026-10-03 18:40:55.671 [SETTLE] exp=7262 gold=201748 len=393
2026-10-03 18:41:39.443 [SETTLE] exp=9060 gold=201748 len=393
2026-10-03 18:42:23.503 [SETTLE] exp=7268 gold=201748 len=393
2026-10-03 18:42:50.617 [SETTLE] exp=9086 gold=201748 len=393
2026-10-03 18:43:20.634 [SETTLE] exp=7268 gold=201748 len=393
2026-10-03 18:44:10.559 [SETTLE] exp=9060 gold=201748 len=393
2026-10-03 18:44:45.931 [SETTLE] exp=9086 gold=201748 len=393
2026-10-03 18:45:32.461 [SETTLE] exp=7262 gold=201748 len=393
2026-10-03 18:46:03.018 [SETTLE] exp=9086 gold=201748 len=393
2026-10-03 18:46:38.979 [SETTLE] exp=9086 gold=201748 len=393
2026-10-03 18:47:14.076 [SETTLE] exp=9132 gold=201748 len=393
2026-10-03 18:47:36.010 [SETTLE] exp=9060 gold=201748 len=393
2026-10-03 18:48:00.209 [SETTLE] exp=7268 gold=201748 len=393
2026-10-03 18:48:27.697 [SETTLE] exp=9158 gold=201748 len=393
2026-10-03 18:48:51.166 [SETTLE] exp=9232 gold=201748 len=393
2026-10-03 18:49:22.088 [SETTLE] exp=7268 gold=201748 len=393
2026-10-03 18:49:50.038 [SETTLE] exp=7342 gold=201748 len=393
2026-10-03 18:50:36.361 [SETTLE] exp=7376 gold=201748 len=393
2026-10-03 18:50:58.026 [SETTLE] exp=7178 gold=201748 len=393
2026-10-03 18:51:27.367 [SETTLE] exp=5844 gold=201748 len=393
2026-10-03 18:52:12.176 [SETTLE] exp=9158 gold=201748 len=393
2026-10-03 18:52:36.930 [SETTLE] exp=8990 gold=201748 len=393
2026-10-03 18:53:22.413 [SETTLE] exp=7320 gold=201748 len=393
2026-10-03 18:53:47.010 [SETTLE] exp=7108 gold=201748 len=393
2026-10-03 18:54:30.273 [SETTLE] exp=7262 gold=201748 len=393
2026-10-03 18:55:02.007 [SETTLE] exp=7262 gold=201748 len=393
2026-10-03 18:55:31.880 [SETTLE] exp=7204 gold=201748 len=393
2026-10-03 18:55:56.337 [SETTLE] exp=9086 gold=201748 len=393
2026-10-03 18:56:24.689 [SETTLE] exp=-24258 gold=201748 len=393
2026-10-03 19:23:27.483 [QUESTION] {"type":"question","sock":2468,"qno":18,"field_a":79,"stem":"以下属于我国珍惜保护动物的是？","options":["1、火麒麟","2、藏羚羊","3、猩猩队长","4、霸天虎"]}
2026-10-03 19:23:30.754 [SEND-ANSWER] qno=18 opt=1 ret=13 sock=2468
2026-10-03 19:23:30.814 [SYS] 测试通过！
2026-10-03 19:23:30.908 [SYS] 获得了#00FF00#100#FFF692#金币
2026-10-03 19:43:02.454 [SYS] 减少了#00FF00#40000#FFF692#金币
2026-10-03 19:43:56.001 [SYS] #ff0000#您已进入野外区域，可能遭遇玩家间的自由对战，请注意安全！#ffffff#
2026-10-03 19:44:24.469 [SYS] 获得了#00FF00#1960#FFF692#潜能
2026-10-03 19:44:26.943 [SYS] 获得了#00FF00#6141#FFF692#经验
2026-10-03 19:44:27.623 [SYS] 获得了#00FF00#6141#FFF692#经验
2026-10-03 19:44:28.412 [SYS] 获得了#00FF00#6141#FFF692#经验
2026-10-03 19:44:28.979 [SYS] 获得了#00FF00#6141#FFF692#经验
2026-10-03 19:44:29.756 [SYS] 获得了#00FF00#6141#FFF692#经验
2026-10-03 19:44:30.225 [SYS] 获得了#00FF00#6141#FFF692#经验
2026-10-03 19:44:32.807 [SYS] 获得了#00FF00#6141#FFF692#经验
2026-10-03 19:44:33.585 [SYS] 获得了#00FF00#1006#FFF692#金币
2026-10-03 19:44:34.849 [SYS] 获得了#00FF00#6141#FFF692#经验
2026-10-03 19:44:35.133 [SYS] 获得了#00FF00#6141#FFF692#经验
2026-10-03 19:44:36.195 [SYS] 获得了#00FF00#6141#FFF692#经验
2026-10-03 19:44:36.644 [SYS] 获得了#00FF00#6141#FFF692#经验
2026-10-03 19:44:37.433 [SYS] 获得了#00FF00#6141#FFF692#经验
2026-10-03 19:44:38.398 [SYS] 获得了#00FF00#6141#FFF692#经验
2026-10-03 19:44:40.730 [SYS] 获得了#00FF00#6141#FFF692#经验
2026-10-03 19:44:41.399 [SYS] 获得了#00FF00#6141#FFF692#经验
2026-10-03 19:44:41.968 [SYS] 获得了#00FF00#6141#FFF692#经验
2026-10-03 19:44:42.824 [SYS] 获得了#00FF00#6141#FFF692#经验
2026-10-03 19:44:44.247 [SYS] 获得了#00FF00#1#FFF692#根#64FF7D#酷·护士法杖
2026-10-03 19:44:44.354 [SYS] 获得了#00FF00#10#FFF692#个#64FF7D#(御)冒险精气
2026-10-03 19:44:44.356 [SYS] 获得了#00FF00#5#FFF692#个#64FF7D#普通宠物精华
2026-10-03 19:45:06.952 [SYS] 万能钥匙不足。
2026-10-03 19:45:08.879 [SYS] 万能钥匙不足。
2026-10-03 19:45:10.060 [SYS] 万能钥匙不足。
2026-10-03 19:46:40.273 [SETTLE] exp=3601 gold=201748 len=393
2026-10-03 19:47:16.101 [SETTLE] exp=4537 gold=201748 len=393
2026-10-03 19:47:43.862 [SETTLE] exp=3563 gold=201748 len=393
2026-10-03 19:48:25.867 [SETTLE] exp=3563 gold=201748 len=393
2026-10-03 19:49:05.708 [SETTLE] exp=4537 gold=201748 len=393
2026-10-03 19:49:33.603 [SETTLE] exp=3637 gold=201748 len=393
2026-10-03 19:49:59.967 [SYS] #00FFFF#国庆节特别活动“红旗飘飘贺国庆”将于#00FF00#10#00FFFF#分钟后开启，冒险者可以在逍遥西的#FF0000#大冒险活动官#00FFFF#处参加活动，收集喜庆用品装饰旗台，赢取丰富的属性及道具奖励，幸运的冒险者还将得到#FF0000#稀有奖励#FFFFFF#！
2026-10-03 19:50:20.322 [SETTLE] exp=3598 gold=201748 len=393
2026-10-03 19:50:37.697 [SETTLE] exp=3637 gold=201748 len=393
2026-10-03 19:51:15.526 [SETTLE] exp=4579 gold=201748 len=393
2026-10-03 19:51:54.505 [SETTLE] exp=3634 gold=201748 len=393
2026-10-03 19:52:38.991 [SETTLE] exp=3589 gold=201748 len=393
2026-10-03 19:53:04.636 [SETTLE] exp=3671 gold=201748 len=393
2026-10-03 19:53:41.661 [SETTLE] exp=4579 gold=201748 len=393
2026-10-03 19:54:03.333 [SETTLE] exp=4579 gold=201748 len=393
2026-10-03 19:54:33.459 [SETTLE] exp=3671 gold=201748 len=393
2026-10-03 19:55:00.025 [SYS] #00FFFF#国庆节特别活动“红旗飘飘贺国庆”将于#00FF00#5#00FFFF#分钟后开启，冒险者可以在逍遥西的#FF0000#大冒险活动官#00FFFF#处参加活动，收集喜庆用品装饰旗台，赢取丰富的属性及道具奖励，幸运的冒险者还将得到#FF0000#稀有奖励#FFFFFF#！
2026-10-03 19:55:07.325 [SETTLE] exp=3634 gold=201748 len=393
2026-10-03 19:55:34.307 [SETTLE] exp=4543 gold=201748 len=393
2026-10-03 19:55:58.874 [SETTLE] exp=4579 gold=201748 len=393
2026-10-03 19:56:38.304 [SETTLE] exp=4461 gold=201748 len=393
2026-10-03 19:57:18.837 [SETTLE] exp=4616 gold=201748 len=393
2026-10-03 19:57:59.594 [SETTLE] exp=4461 gold=201748 len=393
2026-10-03 19:58:23.205 [SETTLE] exp=4579 gold=201748 len=393
2026-10-03 19:58:47.593 [SETTLE] exp=4616 gold=201748 len=393
2026-10-03 19:59:15.568 [SETTLE] exp=3554 gold=201748 len=393
2026-10-03 19:59:42.973 [SETTLE] exp=4543 gold=201748 len=393
2026-10-03 19:59:59.972 [SYS] #00FFFF#国庆节特别活动“红旗飘飘贺国庆”#00FF00#正式开启#00FFFF#，冒险者可以在逍遥西的#FF0000#大冒险活动官#00FFFF#处参加活动，收集喜庆用品装饰旗台，赢取丰富的属性及道具奖励，幸运的冒险者还将得到#FF0000#稀有奖励#FFFFFF#！
2026-10-03 20:00:00.554 [SYS] 许愿池里多了一批新礼物，赶紧来许愿吧~
2026-10-03 20:00:13.988 [SETTLE] exp=4579 gold=201748 len=393
2026-10-03 20:00:55.520 [SETTLE] exp=4616 gold=201748 len=393
2026-10-03 20:01:35.006 [SETTLE] exp=3671 gold=201748 len=393
2026-10-03 20:02:00.585 [SETTLE] exp=3625 gold=201748 len=403
2026-10-03 20:02:27.889 [SETTLE] exp=3589 gold=201748 len=393
2026-10-03 20:02:55.467 [SETTLE] exp=4579 gold=201748 len=393
2026-10-03 20:03:36.694 [SETTLE] exp=3671 gold=201748 len=403
2026-10-03 20:04:03.198 [SETTLE] exp=4616 gold=201748 len=393
2026-10-03 20:04:33.940 [SETTLE] exp=3634 gold=201748 len=393
2026-10-03 20:05:08.470 [SETTLE] exp=3671 gold=201748 len=393
2026-10-03 20:05:50.127 [SETTLE] exp=3598 gold=201748 len=393
2026-10-03 20:06:28.670 [SETTLE] exp=3563 gold=201748 len=393
2026-10-03 20:06:52.204 [SETTLE] exp=3601 gold=201748 len=393
2026-10-03 20:07:18.549 [SETTLE] exp=4543 gold=201748 len=393
2026-10-03 20:07:45.859 [SETTLE] exp=4567 gold=201748 len=393
2026-10-03 20:08:15.284 [SETTLE] exp=3602 gold=201748 len=393
2026-10-03 20:09:03.927 [SETTLE] exp=2922 gold=201748 len=393
2026-10-03 20:09:35.783 [SETTLE] exp=4494 gold=201748 len=393
2026-10-03 20:10:15.130 [SETTLE] exp=2950 gold=201748 len=393
2026-10-03 20:10:52.035 [SETTLE] exp=2922 gold=201748 len=393
2026-10-03 20:11:36.092 [SETTLE] exp=3688 gold=201748 len=393
2026-10-03 20:12:11.120 [SETTLE] exp=4601 gold=201748 len=393
2026-10-03 20:12:37.177 [SETTLE] exp=3631 gold=201748 len=393
2026-10-03 20:13:05.487 [SETTLE] exp=3660 gold=201748 len=393
2026-10-03 20:13:36.672 [SETTLE] exp=3602 gold=201748 len=393
2026-10-03 20:14:09.434 [SETTLE] exp=2950 gold=201748 len=393
2026-10-03 20:14:35.672 [SETTLE] exp=3660 gold=201748 len=393
2026-10-03 20:15:07.720 [SETTLE] exp=5900 gold=201748 len=393
2026-10-03 20:15:55.516 [SETTLE] exp=7320 gold=201748 len=393
2026-10-03 20:16:21.420 [SETTLE] exp=7376 gold=201748 len=393
2026-10-03 20:17:00.765 [SETTLE] exp=7320 gold=201748 len=393
2026-10-03 20:17:32.517 [SETTLE] exp=7262 gold=201748 len=393
2026-10-03 20:18:11.297 [SETTLE] exp=7262 gold=201748 len=393
2026-10-03 20:18:47.257 [SETTLE] exp=9060 gold=201748 len=393
2026-10-03 20:18:47.366 [SYS] 获得了#00FF00#1#FFF692#个#64FF7D#紫金红葫芦
2026-10-03 20:19:16.162 [SETTLE] exp=7320 gold=201748 len=393
2026-10-03 20:19:47.579 [SETTLE] exp=9060 gold=201748 len=393
2026-10-03 20:19:59.993 [SYS] #00FFFF#国庆节特别活动“红旗飘飘贺国庆”#00FF00#正式开启#00FFFF#，冒险者可以在逍遥西的#FF0000#大冒险活动官#00FFFF#处参加活动，收集喜庆用品装饰旗台，赢取丰富的属性及道具奖励，幸运的冒险者还将得到#FF0000#稀有奖励#FFFFFF#！
2026-10-03 20:20:33.341 [SETTLE] exp=7256 gold=201748 len=393
2026-10-03 20:21:04.208 [QUESTION] {"type":"question","sock":2468,"qno":11,"field_a":81,"stem":"蚊子发出的“嗡嗡”的声音是由于？","options":["1、翅膀振动","2、有鼻音","3、在唱歌","4、放的屁"]}
2026-10-03 20:21:06.681 [SEND-ANSWER] qno=11 opt=0 ret=13 sock=2468
2026-10-03 20:21:06.734 [SYS] 测试通过！
2026-10-03 20:21:06.835 [SYS] 获得了#00FF00#100#FFF692#金币
2026-10-03 20:21:12.530 [SETTLE] exp=5374 gold=201748 len=393
2026-10-03 20:21:38.955 [SETTLE] exp=4330 gold=201748 len=393
2026-10-03 20:22:01.686 [SETTLE] exp=5476 gold=201748 len=393
2026-10-03 20:22:25.855 [SETTLE] exp=4330 gold=201748 len=393
2026-10-03 20:22:33.073 [SYS] #00FF00#平静海岸3区#FFF692#的妖王见无人能敌，冷笑一声，化作一道黑气消失在天际。！
2026-10-03 20:22:54.147 [SETTLE] exp=5374 gold=201748 len=393
2026-10-03 20:23:21.517 [SETTLE] exp=7142 gold=201748 len=393
2026-10-03 20:23:52.377 [SETTLE] exp=5794 gold=201748 len=393
2026-10-03 20:24:27.259 [SETTLE] exp=5738 gold=201748 len=393
2026-10-03 20:25:02.484 [SETTLE] exp=5850 gold=201748 len=393
2026-10-03 20:25:34.154 [SETTLE] exp=5794 gold=201748 len=393
2026-10-03 20:26:04.300 [SETTLE] exp=4386 gold=201748 len=393
2026-10-03 20:26:41.796 [SETTLE] exp=7142 gold=201748 len=393
2026-10-03 20:27:09.524 [SETTLE] exp=4330 gold=201748 len=393
2026-10-03 20:27:46.593 [SETTLE] exp=5794 gold=201748 len=393
2026-10-03 20:28:19.742 [SETTLE] exp=5850 gold=201748 len=393
2026-10-03 20:28:41.285 [SETTLE] exp=4330 gold=201748 len=393
2026-10-03 20:29:13.671 [SETTLE] exp=5850 gold=201748 len=393
2026-10-03 20:29:56.528 [SETTLE] exp=5850 gold=201748 len=393
2026-10-03 20:30:22.046 [SETTLE] exp=4330 gold=201748 len=393
2026-10-03 20:30:45.263 [SETTLE] exp=4386 gold=201748 len=393
2026-10-03 20:31:23.483 [SETTLE] exp=5850 gold=201748 len=393
2026-10-03 20:31:46.984 [SETTLE] exp=5374 gold=201748 len=393
2026-10-03 20:32:08.575 [SETTLE] exp=7070 gold=201748 len=393
2026-10-03 20:32:51.450 [SETTLE] exp=7004 gold=201748 len=393
2026-10-03 20:33:14.495 [SETTLE] exp=7278 gold=201748 len=393
2026-10-03 20:33:48.981 [SETTLE] exp=7064 gold=201748 len=393
2026-10-03 20:34:04.926 [SETTLE] exp=7212 gold=201748 len=393
2026-10-03 20:34:49.502 [SETTLE] exp=9014 gold=201748 len=393
2026-10-03 20:35:30.652 [SETTLE] exp=9206 gold=201748 len=393
2026-10-03 20:35:58.362 [SETTLE] exp=7064 gold=201748 len=393
2026-10-03 20:36:28.905 [SETTLE] exp=7132 gold=201748 len=393
2026-10-03 20:37:17.673 [SETTLE] exp=8916 gold=201748 len=393
2026-10-03 20:37:43.596 [SETTLE] exp=7204 gold=201748 len=393
2026-10-03 20:38:11.464 [SETTLE] exp=5786 gold=201748 len=393
2026-10-03 20:38:46.970 [SETTLE] exp=7262 gold=201748 len=393
2026-10-03 20:39:30.287 [SETTLE] exp=7204 gold=201748 len=393
2026-10-03 20:39:55.717 [SETTLE] exp=9574 gold=201748 len=393
2026-10-03 20:39:59.980 [SYS] #00FFFF#国庆节特别活动“红旗飘飘贺国庆”#00FF00#正式开启#00FFFF#，冒险者可以在逍遥西的#FF0000#大冒险活动官#00FFFF#处参加活动，收集喜庆用品装饰旗台，赢取丰富的属性及道具奖励，幸运的冒险者还将得到#FF0000#稀有奖励#FFFFFF#！
2026-10-03 20:40:29.627 [SETTLE] exp=9498 gold=201748 len=393
2026-10-03 20:40:59.057 [SETTLE] exp=7348 gold=201748 len=393
2026-10-03 20:41:44.041 [SETTLE] exp=7274 gold=201748 len=393
2026-10-03 20:42:30.984 [SETTLE] exp=9130 gold=201748 len=393
2026-10-03 20:42:55.888 [SETTLE] exp=7538 gold=201748 len=393
2026-10-03 20:43:25.929 [SETTLE] exp=7274 gold=201748 len=393
2026-10-03 20:44:07.355 [SETTLE] exp=9498 gold=201748 len=393
2026-10-03 20:44:42.003 [SETTLE] exp=9574 gold=201748 len=393
2026-10-03 20:45:20.265 [SETTLE] exp=7274 gold=201748 len=393
2026-10-03 20:45:46.744 [SETTLE] exp=9498 gold=201748 len=393
2026-10-03 20:46:04.231 [SYS] #00FF00#1#00FFFF#分钟后逍遥村周围将掉落20个宝箱，捡取可获得意外惊喜喔！#FFFFFF#
2026-10-03 20:46:29.558 [SETTLE] exp=7274 gold=201748 len=393
2026-10-03 20:47:05.012 [SETTLE] exp=7614 gold=201748 len=393
2026-10-03 20:47:39.656 [SETTLE] exp=9498 gold=201748 len=393
2026-10-03 20:48:17.978 [SETTLE] exp=9498 gold=201748 len=393
2026-10-03 20:48:47.635 [SETTLE] exp=7274 gold=201748 len=393
2026-10-03 20:49:29.696 [SETTLE] exp=7538 gold=201748 len=393
2026-10-03 20:50:12.951 [SETTLE] exp=7614 gold=201748 len=393
2026-10-03 20:50:38.890 [SYS] #00FF00#1#00FFFF#分钟后逍遥村周围将掉落20个宝箱，捡取可获得意外惊喜喔！#FFFFFF#
2026-10-03 20:50:38.989 [SYS] #00FFFF#10位玉女携带礼物参加国庆活动，#00FF00#5#00FFFF#分钟后将出现在夕阳草原，请各位冒险者前去保护她们免受BOSS骚扰#FF0000#（BOSS有一定几率携带稀有宝宝）。#FFFFFF#
2026-10-03 20:50:42.543 [SETTLE] exp=7614 gold=201748 len=393
2026-10-03 20:51:15.153 [SETTLE] exp=7348 gold=201748 len=393
2026-10-03 20:51:45.355 [SETTLE] exp=9574 gold=201748 len=393
2026-10-03 20:52:22.743 [SETTLE] exp=9498 gold=201748 len=393
2026-10-03 20:52:55.868 [SETTLE] exp=9498 gold=201748 len=393
2026-10-03 20:53:29.698 [SETTLE] exp=9052 gold=201748 len=393
2026-10-03 20:53:38.889 [SYS] #00FFFF#10位玉女携带礼物参加国庆活动，#00FF00#2#00FFFF#分钟后将出现在夕阳草原，请各位冒险者前去保护她们免受BOSS骚扰#FF0000#（BOSS有一定几率携带稀有宝宝）。#FFFFFF#
2026-10-03 20:54:06.272 [SETTLE] exp=7214 gold=201748 len=393
2026-10-03 20:54:31.851 [SETTLE] exp=5444 gold=201748 len=393
2026-10-03 20:54:38.894 [SYS] #00FFFF#10位玉女携带礼物参加国庆活动，#00FF00#1#00FFFF#分钟后将出现在夕阳草原，请各位冒险者前去保护她们免受BOSS骚扰#FF0000#（BOSS有一定几率携带稀有宝宝）。#FFFFFF#
2026-10-03 20:55:01.571 [SETTLE] exp=7472 gold=201748 len=393
2026-10-03 20:55:38.690 [SETTLE] exp=7546 gold=201748 len=393
2026-10-03 20:55:38.976 [SYS] #00FFFF#10位玉女携带礼物参加国庆活动，已经出现在夕阳草原，请各位冒险者前去保护她们免受BOSS骚扰（BOSS有一定几率携带稀有宝宝）。#FFFFFF#
2026-10-03 20:55:59.044 [SYS] #00FF00#1#00FFFF#分钟后逍遥村周围将掉落20个宝箱，捡取可获得意外惊喜喔！#FFFFFF#
2026-10-03 20:56:21.403 [SETTLE] exp=5680 gold=201748 len=393
2026-10-03 20:56:57.587 [SETTLE] exp=7546 gold=201748 len=393
2026-10-03 20:57:26.397 [SETTLE] exp=5680 gold=201748 len=393
2026-10-03 20:57:53.150 [SETTLE] exp=5606 gold=201748 len=393
2026-10-03 20:58:19.130 [SETTLE] exp=5680 gold=201748 len=393
2026-10-03 20:58:46.428 [SETTLE] exp=5680 gold=201748 len=393
2026-10-03 20:59:18.715 [SETTLE] exp=7546 gold=201748 len=393
2026-10-03 20:59:41.771 [SETTLE] exp=5606 gold=201748 len=393
2026-10-03 20:59:59.982 [SYS] #00FFFF#国庆节特别活动“红旗飘飘贺国庆”#00FF00#正式开启#00FFFF#，冒险者可以在逍遥西的#FF0000#大冒险活动官#00FFFF#处参加活动，收集喜庆用品装饰旗台，赢取丰富的属性及道具奖励，幸运的冒险者还将得到#FF0000#稀有奖励#FFFFFF#！
2026-10-03 21:00:16.762 [SETTLE] exp=5680 gold=201748 len=393
2026-10-03 21:00:48.509 [SETTLE] exp=5680 gold=201748 len=393
2026-10-03 21:01:20.459 [SETTLE] exp=5680 gold=201748 len=393
2026-10-03 21:01:49.989 [SETTLE] exp=5606 gold=201748 len=393
2026-10-03 21:02:26.365 [SETTLE] exp=5444 gold=201748 len=393
2026-10-03 21:03:22.892 [SETTLE] exp=7214 gold=201748 len=393
2026-10-03 21:03:49.855 [SETTLE] exp=7472 gold=201748 len=393
2026-10-03 21:04:20.928 [SETTLE] exp=7214 gold=201748 len=393
2026-10-03 21:04:58.467 [SETTLE] exp=7546 gold=201748 len=393
2026-10-03 21:05:32.131 [SETTLE] exp=7472 gold=201748 len=393
2026-10-03 21:06:08.222 [SETTLE] exp=5680 gold=201748 len=393
2026-10-03 21:06:30.700 [SETTLE] exp=7472 gold=201748 len=393
2026-10-03 21:07:01.488 [SETTLE] exp=5444 gold=201748 len=393
2026-10-03 21:07:24.565 [SETTLE] exp=5606 gold=201748 len=393
2026-10-03 21:07:28.082 [SYS] #00FF00#1#00FFFF#分钟后逍遥村周围将掉落20个宝箱，捡取可获得意外惊喜喔！#FFFFFF#
2026-10-03 21:07:28.180 [SYS] #00FFFF#10位玉女携带礼物参加国庆活动，#00FF00#5#00FFFF#分钟后将出现在夕阳草原，请各位冒险者前去保护她们免受BOSS骚扰#FF0000#（BOSS有一定几率携带稀有宝宝）。#FFFFFF#
2026-10-03 21:07:54.224 [SETTLE] exp=5606 gold=201748 len=403
2026-10-03 21:08:32.506 [SETTLE] exp=7472 gold=201748 len=393
2026-10-03 21:08:56.628 [SETTLE] exp=5606 gold=201748 len=393
2026-10-03 21:09:32.093 [SETTLE] exp=7546 gold=201748 len=393
2026-10-03 21:10:00.174 [SETTLE] exp=5680 gold=201748 len=393
2026-10-03 21:10:28.082 [SYS] #00FFFF#10位玉女携带礼物参加国庆活动，#00FF00#2#00FFFF#分钟后将出现在夕阳草原，请各位冒险者前去保护她们免受BOSS骚扰#FF0000#（BOSS有一定几率携带稀有宝宝）。#FFFFFF#
2026-10-03 21:10:31.081 [SETTLE] exp=5444 gold=201748 len=393
2026-10-03 21:10:58.102 [SETTLE] exp=5680 gold=201748 len=393
2026-10-03 21:11:28.083 [SYS] #00FFFF#10位玉女携带礼物参加国庆活动，#00FF00#1#00FFFF#分钟后将出现在夕阳草原，请各位冒险者前去保护她们免受BOSS骚扰#FF0000#（BOSS有一定几率携带稀有宝宝）。#FFFFFF#
2026-10-03 21:11:31.249 [SETTLE] exp=7472 gold=201748 len=393
2026-10-03 21:11:37.662 [SYS] #00FF00#1#00FFFF#分钟后逍遥村周围将掉落20个宝箱，捡取可获得意外惊喜喔！#FFFFFF#
2026-10-03 21:12:07.573 [SETTLE] exp=5680 gold=201748 len=393
2026-10-03 21:12:28.095 [SYS] #00FFFF#10位玉女携带礼物参加国庆活动，已经出现在夕阳草原，请各位冒险者前去保护她们免受BOSS骚扰（BOSS有一定几率携带稀有宝宝）。#FFFFFF#
2026-10-03 21:12:43.132 [SETTLE] exp=7284 gold=201748 len=393
2026-10-03 21:13:19.018 [SETTLE] exp=7546 gold=201748 len=393
2026-10-03 21:14:13.987 [SETTLE] exp=5606 gold=201748 len=393
2026-10-03 21:14:34.062 [SETTLE] exp=5606 gold=201748 len=393
2026-10-03 21:15:02.081 [SETTLE] exp=2766 gold=201748 len=393
2026-10-03 21:15:23.163 [SETTLE] exp=3752 gold=201748 len=393
2026-10-03 21:15:51.617 [SETTLE] exp=3606 gold=201748 len=393
2026-10-03 21:16:06.871 [SYS] #00FF00#1#00FFFF#分钟后逍遥村周围将掉落20个宝箱，捡取可获得意外惊喜喔！#FFFFFF#
2026-10-03 21:16:41.091 [SETTLE] exp=3710 gold=201748 len=393
2026-10-03 21:17:10.943 [SETTLE] exp=4639 gold=201748 len=393
2026-10-03 21:17:38.304 [SETTLE] exp=4675 gold=201748 len=393
2026-10-03 21:18:10.978 [SETTLE] exp=3637 gold=201748 len=393
2026-10-03 21:18:54.057 [SETTLE] exp=4993 gold=201748 len=393
2026-10-03 21:19:22.344 [SYS] #00FF00#1#00FFFF#分钟后逍遥村周围将掉落20个宝箱，捡取可获得意外惊喜喔！#FFFFFF#
2026-10-03 21:20:00.000 [SYS] #00FFFF#国庆节特别活动“红旗飘飘贺国庆”#00FF00#正式开启#00FFFF#，冒险者可以在逍遥西的#FF0000#大冒险活动官#00FFFF#处参加活动，收集喜庆用品装饰旗台，赢取丰富的属性及道具奖励，幸运的冒险者还将得到#FF0000#稀有奖励#FFFFFF#！
2026-10-03 21:20:24.081 [SETTLE] exp=3637 gold=201748 len=393
2026-10-03 21:20:56.203 [SETTLE] exp=3674 gold=201748 len=393
2026-10-03 21:21:27.458 [QUESTION] {"type":"question","sock":2468,"qno":9,"field_a":75,"stem":".丝绸摩擦过的玻璃棒带哪种电?","options":["1、闪电侠","2、静电","3、闪电箭","4、闪电风暴"]}
2026-10-03 21:21:37.725 [SEND-ANSWER] qno=9 opt=1 ret=13 sock=2468
2026-10-03 21:21:37.777 [SYS] 测试通过！
2026-10-03 21:21:37.868 [SYS] 获得了#00FF00#100#FFF692#金币
2026-10-03 21:21:37.963 [SETTLE] exp=3674 gold=201748 len=393
2026-10-03 21:22:09.174 [SETTLE] exp=4565 gold=201748 len=393
2026-10-03 21:22:35.167 [SETTLE] exp=3707 gold=201748 len=393
2026-10-03 21:22:57.273 [SETTLE] exp=3744 gold=201748 len=393
2026-10-03 21:23:37.110 [SETTLE] exp=4636 gold=201748 len=393
2026-10-03 21:24:05.999 [SETTLE] exp=4565 gold=201748 len=393
2026-10-03 21:24:32.478 [SETTLE] exp=3785 gold=201748 len=393
2026-10-03 21:25:05.818 [SETTLE] exp=4759 gold=201748 len=393
2026-10-03 21:25:35.984 [SETTLE] exp=4565 gold=201748 len=393
2026-10-03 21:26:08.246 [SETTLE] exp=3707 gold=201748 len=393
2026-10-03 21:26:30.447 [SETTLE] exp=4759 gold=201748 len=393
2026-10-03 21:26:59.769 [SETTLE] exp=4565 gold=201748 len=393
2026-10-03 21:27:25.379 [SYS] #00FF00#1#00FFFF#分钟后逍遥村周围将掉落20个宝箱，捡取可获得意外惊喜喔！#FFFFFF#
2026-10-03 21:27:28.083 [SETTLE] exp=4721 gold=201748 len=393
2026-10-03 21:28:05.479 [SETTLE] exp=3707 gold=201748 len=393
2026-10-03 21:28:05.578 [SYS] 获得了#00FF00#1#FFF692#个#64FF7D#黄玉葫芦
2026-10-03 21:28:43.002 [SETTLE] exp=4721 gold=201748 len=393
2026-10-03 21:29:15.590 [SETTLE] exp=4684 gold=201748 len=393
2026-10-03 21:29:41.217 [SETTLE] exp=4653 gold=201748 len=393
2026-10-03 21:30:09.263 [SETTLE] exp=4759 gold=201748 len=393
2026-10-03 21:30:35.716 [SETTLE] exp=4721 gold=201748 len=393
2026-10-03 21:31:00.859 [SETTLE] exp=3785 gold=201748 len=393
2026-10-03 21:31:23.948 [SETTLE] exp=3785 gold=201748 len=393
2026-10-03 21:31:49.502 [SETTLE] exp=4721 gold=201748 len=393
2026-10-03 21:32:22.072 [SETTLE] exp=4721 gold=201748 len=393
2026-10-03 21:33:04.814 [SETTLE] exp=4787 gold=201748 len=393
2026-10-03 21:33:30.283 [SETTLE] exp=4565 gold=201748 len=393
2026-10-03 21:34:02.112 [SETTLE] exp=4721 gold=201748 len=393
2026-10-03 21:34:32.712 [SETTLE] exp=3674 gold=201748 len=393
2026-10-03 21:35:04.242 [SETTLE] exp=4721 gold=201748 len=393
2026-10-03 21:35:49.963 [SETTLE] exp=4601 gold=201748 len=393
2026-10-03 21:36:13.307 [SETTLE] exp=3807 gold=201748 len=393
2026-10-03 21:36:40.115 [SETTLE] exp=4759 gold=201748 len=393
2026-10-03 21:37:12.271 [SETTLE] exp=4759 gold=201748 len=393
2026-10-03 21:37:48.615 [SETTLE] exp=3674 gold=201748 len=393
2026-10-03 21:38:13.198 [SETTLE] exp=4653 gold=201748 len=393
2026-10-03 21:38:42.852 [SETTLE] exp=3785 gold=201748 len=393
