2026-10-01 23:45:14.003 [INIT] dll loaded, pid=21132
2026-10-01 23:45:14.004 [INIT] codec loaded OK
2026-10-01 23:45:14.004 [INIT] iat hooks: recv=1 send=1 WSASend=1 connect=1 closesocket=1
2026-10-01 23:45:14.008 [OV] overlay window ready
2026-10-01 23:45:14.060 [OP] 4109 inv=FD27 len=728 #1 12b252faf82ba5ca5b37510bdcfaa32bca805b640b0b0022202bf7ce1c53410b6ffaa32bb7ef5b64b2afdcfaa3931f805b64510bafc4a32b53805b64510bdcfaa32b1f80d1df510be7faa32b1f805b64510bdcfaf82b1f80a76f510b8b02f82b1faa5b645152aa7671531f807464510bdcfaa32b1f805b64580bdcfab6ce1f801c7a0e0bdcc4a32b1f9c49645decdcfa4f2b1f805b64510bdcfaa32bca805b64
2026-10-01 23:45:14.060 [OP] 4105 inv=FFFE len=1 #1 6d
2026-10-01 23:45:14.062 [OP] 4104 inv=FFFB len=4 #1 0fd21fd1
2026-10-01 23:45:14.062 [OP] 4111 inv=FFFD len=2 #1 a164
2026-10-01 23:45:14.062 [OP] 4104 inv=FFFA len=5 #2 72c4980980
2026-10-01 23:45:14.062 [OP] 4104 inv=FFFA len=5 #3 7727c959aa
2026-10-01 23:45:14.065 [OP] 4112 inv=FFFD len=2 #1 90c4
2026-10-01 23:45:14.066 [OP] 4104 inv=FFFA len=5 #4 77278c59ce
2026-10-01 23:45:14.067 [OP] 4104 inv=FFFA len=5 #5 7727c95912
2026-10-01 23:45:14.365 [OP] 4106 inv=FFFC len=3 #1 98207d
2026-10-01 23:45:14.463 [OP] 46FE inv=FFFF len=0 #1 
2026-10-01 23:45:15.464 [OP] 4105 inv=FFFE len=1 #2 fd
2026-10-01 23:45:15.554 [OP] 4109 inv=FE1B len=484 #2 5207c464580b8fcaa32b1f805b64510b6ffaa32ba580ea7f0b0b0022fd24c7809564510baeaea32b9d775b64517fdcfaa3de1f8062df510b06faa32b1f805b64510bdcfa71531f803164510bdcfaa32b1f805b64580bdcfab6ce1f801cb0580bdcfaa32b1f805b64580bdcfab6ce1f801cb0fc0bdcc4a32b1f805b645decdcfad82b1f805b64510bdcfaa32bca805b645fc4dcfafded9d805bdf510bdcc4db2b
2026-10-01 23:45:15.652 [OP] 4111 inv=FFFD len=2 #2 5764
2026-10-01 23:45:15.653 [OP] 4112 inv=FFFD len=2 #2 dcc4
2026-10-01 23:45:15.653 [OP] 4112 inv=FFFD len=2 #3 52c4
2026-10-01 23:45:15.654 [OP] 4112 inv=FFFD len=2 #4 8bc4
2026-10-01 23:45:15.654 [OP] 4112 inv=FFFD len=2 #5 6ac4
2026-10-01 23:45:15.654 [OP] 4106 inv=FFFD len=2 #2 a37c
2026-10-01 23:45:16.896 [OP] 4109 inv=FF5B len=164 #3 603bad80956458d0dc47a32b1f805b64580bdcfa722b6fef6e6401c452fab72bca805b64dfb2dcfa397cca805bdf510bdcc4a32b92aa5b64c30bdcfaa32b1f805b64510b7acaa32b09075b64fc0b6ffaa3531f807fdf510bb522a32b1f805b64510bdcfa70bb1f80c5cd510b52faf82b1faa5b6477ecdcfabc531f805b64510bdcfaa32bf4075b64cdb2dcfaa378ca805bdf510b32c4a32bca805b64510bdcfa
2026-10-01 23:45:16.999 [OP] 4111 inv=FFFD len=2 #3 2764
2026-10-01 23:45:21.040 [OUT] 1F51 inv=FFFF len=4 #1 ffff511f
2026-10-01 23:45:21.090 [OP] 4F52 inv=FFFF len=0 #1 
2026-10-01 23:45:21.601 [OP] 472A inv=FE76 len=393 #1 d9b4de1fc75b64510bdcfaa32b1f805b64510bdcc4a32b1f805b64510bdcfaa32b1f805b64510bdca1b72b1f805b64513edcfaa32b1f805b64510bdcfaa32b1f805b64510bdcfaa32b1f805b64510bdcfaa32b1f805b64510bdcfaa32b1f805b64510bdcfaa32b1f805b64510bdcfaa32b1f805b64510bdcfaa32b1f805b64510bdcfaa32b1f805b64510bdc7af82b1f2c5b6451f16ffaa3ccca805b5c510bdc
2026-10-01 23:45:21.701 [OP] 42CE inv=FFFB len=4 #1 c87f510b
2026-10-01 23:45:21.701 [OP] 4211 inv=FFF6 len=9 #1 aa5b6451c03e22a34a
2026-10-01 23:45:21.701 [OP] 4211 inv=FFF6 len=9 #2 aa5b6451af3e22a34a
2026-10-01 23:45:21.701 [OP] 4211 inv=FFF6 len=9 #3 aa5b6451cd3e22a34a
2026-10-01 23:45:21.701 [OP] 4211 inv=FFF6 len=9 #4 aa5b645134a722a34a
2026-10-01 23:45:21.803 [OP] 47C0 inv=FFCF len=48 #1 7cdffd34059ff824388c2853127cc6c420953cabc362c0fd6fe0b9bbd78ce8da31ec90fcb4703ce8add958b1cdc2e8bb
2026-10-01 23:45:21.804 [OP] 47C0 inv=FFD8 len=39 #2 b39526127cc6c420953cabc362c0fd6fe0b9bbd78ce8da31ec90fcb4703ce8add958b1cdc2e8bb
2026-10-01 23:45:21.804 [OP] 47C0 inv=FFE1 len=30 #3 0faac462c0fd6fe0b9bbd78ce8da31ec90fcb4703ce8add958b1cdc2e8bb
2026-10-01 23:45:21.804 [OP] 47C0 inv=FFEA len=21 #4 51cac7e8da31ec90fcb4703ce8add958b1cdc2e8bb
2026-10-01 23:45:21.804 [OP] 47C0 inv=FFF3 len=12 #5 0253cae8add958b1cdc2e8bb
2026-10-01 23:45:23.017 [OP] EFFE inv=FFFE len=1 #1 0b
2026-10-01 23:45:23.129 [PIPE] controller connected
2026-10-01 23:45:23.633 [OUT] 004E inv=FFFA len=9 #1 faff4e00e9580bdce8
2026-10-01 23:45:23.699 [OP] 4029 inv=FFDF len=32 #1 41cdfc0bac9fa32b1f805b64db7fdcfaa32b1f809464580b90c4002be6809564
2026-10-01 23:45:26.803 [OP] 4613 inv=FF57 len=168 #1 fc65d6b23ed9cdaa95dfde5038ca0bb0ca543c0a49e3a4663153caaa9535debfdcfaf853caaa02c680ec1ec4972b59a07a64830b6fc4a324415c9052e7617afaa32b60740edf0bb26fc4f853caaa95df58ec6fc4f82b1faa95df58520251f851cad45bf85861dce8a32b1f8040e5eac88d7f152b1f808a2023ece6c2f853caaa95df58ec6fc4f853ca805bdf58ec6f5a7205cab39566517fdcfaa3931f805b64
2026-10-01 23:45:27.786 [OP] 4100 inv=FFF9 len=6 #1 98aa6d264dec
2026-10-01 23:45:27.878 [OP] 4101 inv=FBFD len=1026 #1 12b252fadb2b1f805b64510b155a4e781f805b64510bdcfaa32b1f805b64510bdcfaa32b1f805b647b0c8b53a32bad795b64510bdcfa39241f805b64510bdcfaa32b1f805b647b8052fa392b1f80c464510bbba0a32bd9ad5b646a2bdcfa6ff51f807b81a552155a4e78c8d97b81660bdcfa4e78c8d995a91e2e69746388e50e5b64510bdcfaa32b20e96e64510bdcfaa3c229805b64510bdcfaa32b1f805b64
2026-10-01 23:45:27.968 [OUT] 1F51 inv=FFFF len=4 #2 ffff511f
2026-10-01 23:45:28.016 [OP] 4F52 inv=FFFF len=0 #2 
2026-10-01 23:45:28.844 [OUT] 1001 inv=FFF9 len=10 #1 f9ff01101f805b64510b
2026-10-01 23:45:29.011 [OP] 4211 inv=FFF6 len=9 #5 aa5b64511b3e22a34a
2026-10-01 23:45:29.106 [OP] 4108 inv=FFE3 len=28 #1 5207c464510bdcfa2153c8d9d8f8510bce4051421f805b64510bdcfa
2026-10-01 23:45:29.106 [OP] 4108 inv=FFE3 len=28 #2 5207c464510bdcfa4d531f80d8f8510bce4051ed1f805b64510bdcfa
2026-10-01 23:45:29.106 [OP] 4108 inv=FFF3 len=12 #3 74c2392b1f805b64510bdcfa
2026-10-01 23:45:29.106 [OP] 4108 inv=FFF3 len=12 #4 74c2392b1f805b64580bdcfa
2026-10-01 23:45:29.106 [OP] 4108 inv=FFF3 len=12 #5 74c2392b1f805b640e0b155a
2026-10-01 23:45:31.223 [OP] 4105 inv=FFFE len=1 #3 c0
2026-10-01 23:45:31.223 [OP] 4105 inv=FFFE len=1 #4 af
2026-10-01 23:45:31.234 [OUT] 1005 inv=FFEF len=20 #1 efff0510a498f85304795c640b0b0022a32b1f80
2026-10-01 23:45:31.326 [OP] 4106 inv=FFFC len=3 #3 e546ed
2026-10-01 23:45:31.326 [OP] 4110 inv=FFFD len=2 #1 212b
2026-10-01 23:45:31.326 [OP] 4106 inv=FFFC len=3 #4 b1fdcb
2026-10-01 23:45:31.423 [OP] 4105 inv=FFFE len=1 #5 0c
2026-10-01 23:45:31.434 [OUT] 1004 inv=FFF3 len=16 #1 f3ff041099b0682b5979c3642d0b59ae
2026-10-01 23:45:31.494 [OP] 4109 inv=FFB7 len=72 #4 5207c464517f6fc4a3cb1f805b64510b07faa32ba5775b6f87b1dcfa40ce1f8057080e0b07faa32b39125b640ed55efaa32b1f805bdf510b8222a32b39125b64080b5efaa32b1f80
2026-10-01 23:45:31.588 [OP] 4106 inv=FFFD len=2 #5 f824
2026-10-01 23:45:31.588 [OP] 4111 inv=FFFD len=2 #4 4064
2026-10-01 23:45:31.588 [OP] 4110 inv=FFFD len=2 #2 612b
2026-10-01 23:45:32.921 [OP] 4109 inv=FFB7 len=72 #5 5207c464517f6fc4a3931f805b64510b07faa32b9d105b6487b1dcfa40ce1f80c0260e7f07faa32b39125b640eb166faa32b1f805b64510b8222a32b39125b64080b66faa32b1f80
2026-10-01 23:45:33.018 [OP] 4111 inv=FFFD len=2 #5 1c64
2026-10-01 23:45:34.227 [OP] 4612 inv=FFEF len=16 #1 c464510ba305db2b42159464420490fa
2026-10-01 23:45:34.228 [OP] 4612 inv=FFF3 len=12 #2 90faa32b42159464420490fa
2026-10-01 23:45:34.228 [OP] 4612 inv=FFF7 len=8 #3 ca805b64420490fa
2026-10-01 23:45:36.030 [OP] EFFE inv=FFFE len=1 #2 0b
2026-10-01 23:45:37.250 [OP] 4613 inv=FF57 len=168 #2 fc65d6b23ed9cdaa95dfde5038ca0bb0ca543c0a49e3a4663153caaa9535debfdcfaf853ca8002c680ec1ec4972b595b5b64830b6fc4a324415c9052e7617afaa32b60740edf0bb26fc4f853caaa95df58ec6fc4f82b1faa95df51520251f851cad45bf84320dce8a32b1f8040e5eac88d7f152b1f808a2023ece6c2f853caaa95df58ec6fc4f853ca805bdf58ecdc5a7205cab39566517f52faa3931f805b64
2026-10-01 23:45:37.250 [OP] 4613 inv=FF98 len=103 #3 9360740edf0bb26fc4f853caaa95df58ec6fc4f82b1faa95df51520251f851cad45bf84320dce8a32b1f8040e5eac88d7f152b1f808a2023ece6c2f853caaa95df58ec6fc4f853ca805bdf58ecdc5a7205cab39566517f52faa3931f805b64b2e9ef6c702b1f80
2026-10-01 23:45:37.250 [OP] 4613 inv=FFCC len=51 #4 aa8a2023ece6c2f853caaa95df58ec6fc4f853ca805bdf58ecdc5a7205cab39566517f52faa3931f805b64b2e9ef6c702b1f80
2026-10-01 23:45:38.047 [OUT] 1F51 inv=FFFF len=4 #3 ffff511f
2026-10-01 23:45:38.098 [OP] 4F52 inv=FFFF len=0 #3 
2026-10-01 23:45:38.236 [OP] 4612 inv=FFF3 len=12 #4 90faa32b81e29464420490fa
2026-10-01 23:45:38.237 [OP] 4612 inv=FFF7 len=8 #5 ca805b64420490fa
2026-10-01 23:45:41.395 [OP] F005 inv=FFE7 len=24 #1 26b35c3828d7fb2b1f805b64510bdcfaa3de1f80c7e5b314
2026-10-01 23:45:42.864 [OP] F005 inv=FFE7 len=24 #2 ed3572a4e10f854d1f805b64510bdcfaa3de1f80b430b80c
2026-10-01 23:45:42.958 [OP] F005 inv=FFE7 len=24 #3 ed3572a4e10f854d1f805b64510bdcfaa3de1f80b430b80c
2026-10-01 23:45:44.623 [OP] 46FE inv=FFFF len=0 #2 
2026-10-01 23:45:47.482 [OP] 472A inv=FE76 len=393 #2 d9b4de1faa5b64510bdcfaa32b1f805b64510bdce8a32b1f805b64510bdcfaa32b1f805b64510bdca1b72b1f805b6451ef6ffaa32b1f805b64510bdcfaa32b1f805b64510bdcfaa32b1f805b64510bdcfaa32b1f805b64510bdcfaa32b1f805b64510bdcfaa32b1f805b64510bdcfaa32b1f805b64510bdcfaa32b1f805b64510bdcfaa32b1f805b64510bdc7af82b1f2c5b6451f16ffaa3ccca805bc7580bdc
2026-10-01 23:45:47.585 [OP] 42CE inv=FFFB len=4 #2 c87f510b
2026-10-01 23:45:48.777 [OP] 4613 inv=FF57 len=168 #5 fc65d6b23ed9cdaa95dfde5038ca0bb0ca543c0a49e3a4663153caaa9535debfdcfaf853ca80e6c62eec1ec4972b591c3a64830b6fc4a324415c9052e7617afaa32b60740edf0bb26fc4f853caaa95df58ec6fc4f82b1faa95df512b02fbf851cad45bf86219dce8a32b1f8040e5eac88d7f152b1f808a2023ece6c2f853caaa95df58ec6fc4f853ca805bdf58ecdc2f721acab39566517fc6faa3931f805b64
2026-10-01 23:45:49.513 [OUT] 004E inv=FFFA len=9 #2 faff4e00e9580bdcf4
2026-10-01 23:45:49.580 [OP] 4029 inv=FFDF len=32 #2 41cdfc0b35c2a32b1f805b64aa75dcfaa32b1f80af7f510b8bc4002b22809564
2026-10-01 23:45:51.578 [OP] 4100 inv=FFF9 len=6 #2 98aa1e26c0ec
2026-10-01 23:45:51.693 [OUT] 1F51 inv=FFFF len=4 #4 ffff511f
2026-10-01 23:45:51.744 [OP] 4F52 inv=FFFF len=0 #4 
2026-10-01 23:45:51.845 [OP] 4101 inv=FC6D len=914 #2 603bad809464510bdcfaa32bc8d97b81510bdcfaa32b1f805b64510bdcfaa32b1f805b64510bdcfa21c49d4e5b64fc75dcfaa32b1f80c453510bdcfaa32b1f805b64510bdcfa215dad80c464510b52faa32b55925b646992dcfa1f7f1f80c831510b155a4e78c8d97b81a552155a562b1f807b81a5526f30c2d41e5f8bfa191edcfaa32b1f805b6451ae02faa32b1f805bd82d0bdcfaa32b1f805b64510bdcfa
2026-10-01 23:45:52.664 [OUT] 1001 inv=FFF9 len=10 #2 f9ff01101f805b64510b
2026-10-01 23:45:53.066 [OP] EFFE inv=FFFE len=1 #3 0b
2026-10-01 23:45:54.904 [OUT] 1005 inv=FFEF len=20 #2 efff0510a498f85304c75c640b0b0022a32b1f80
2026-10-01 23:45:55.003 [OP] 4110 inv=FFFD len=2 #3 212b
2026-10-01 23:45:55.209 [OUT] 1004 inv=FFF3 len=16 #2 f3ff041099b0682b59c7c3642d0b59ae
2026-10-01 23:45:55.354 [OP] 4110 inv=FFFD len=2 #4 612b
2026-10-01 23:46:01.772 [OUT] 1F51 inv=FFFF len=4 #5 ffff511f
2026-10-01 23:46:01.821 [OP] 4F52 inv=FFFF len=0 #5 
2026-10-01 23:46:06.069 [OP] 472A inv=FE6C len=403 #3 d9b4de1fc75b64510bdcfaa32b1f805b64510bdce8a32b1f805b64510bdcfaa32b1f805b64510bdca1b72b1f805b6451a56ffaa32b1f805b64510bdcfaa32b1f805b64510bdcfaa32b1f805b64510bdcfaa32b1f805b64510bdcfaa32b1f805b64510bdcfaa32b1f805b64510bdcfaa32b1f805b64510bdcfaa32b1f805b64510bdcfaa32b1f805b64510bdcbdf82b1f1b956451f16ffaa3ccca805bd3580bdc
2026-10-01 23:46:06.069 [OP] EFFE inv=FFFE len=1 #4 0b
2026-10-01 23:46:06.158 [OP] 42CE inv=FFFB len=4 #3 c87f510b
2026-10-01 23:46:06.920 [OP] F005 inv=FFE7 len=24 #4 c2cc763c71faa32b1f805b64510bdcfaa3de1f8066198f0c
2026-10-01 23:46:07.009 [OP] F005 inv=FFE7 len=24 #5 c2cc763c71faa32b1f805b64510bdcfaa3de1f8066198f0c
2026-10-01 23:46:07.476 [OUT] 0048 inv=FFF7 len=12 #1 f7ff4800dcfaa32b1fb79564
2026-10-01 23:46:07.538 [OP] 4721 inv=FFF7 len=8 #1 74c2392b1fb79564
2026-10-01 23:46:12.204 [OP] 4100 inv=FFF9 len=6 #3 98aadef82d7f
2026-10-01 23:46:12.394 [OP] 4101 inv=FC6D len=914 #3 603bad809464510bdcfaa32bc8d97b81510bdcfaa32b1f805b64510bdcfaa32b1f805b64510bdcfa21c49d4e5b64fc75dcfaa32b1f80c453510bdcfaa32b1f805b64510bdcfa215dad80c464510b52faa32b55925b646992dcfa1f7f1f80c831510b155a4e78c8d97b81a552155a562b1f807b81a5526f30c2d41e5f8bfa191edcfaa32b1f805b6458ae02faa32b1f805bd82d0bdcfaa32b1f805b64510bdcfa
2026-10-01 23:46:13.281 [OUT] 1001 inv=FFF9 len=10 #3 f9ff01101f805b64510b
2026-10-01 23:46:14.881 [OP] 46FE inv=FFFF len=0 #3 
2026-10-01 23:46:15.578 [OUT] 1005 inv=FFEF len=20 #3 efff0510a498f85304c75c640b0b0022a32b1f80
2026-10-01 23:46:15.758 [OP] 4110 inv=FFFD len=2 #5 212b
2026-10-01 23:46:15.860 [OUT] 1004 inv=FFF3 len=16 #3 f3ff041099b0682b59c7c3642d0b59ae
2026-10-01 23:46:32.876 [OP] 472A inv=FE62 len=413 #4 d9b4de1fc75b64510bdcfaa32b1f805b64510bdce8a32b1f805b64510bdcfaa32b1f805b64510bdca1b72b1f805b645183dcfaa32b1f805b64510bdcfaa32b1f805b64510bdcfaa32b1f805b64510bdcfaa32b1f805b64510bdcfaa32b1f805b64510bdcfaa32b1f805b64510bdcfaa32b1f805b64510bdcfaa32b1f805b64510bdcfaa32b1f805b64510bdcb5a32b1f1b95645153dcfaa3ccca805bd3580bdc
2026-10-01 23:46:32.972 [OP] 42CE inv=FFFB len=4 #4 c87f510b
2026-10-01 23:46:33.561 [OUT] 0048 inv=FFF7 len=12 #2 f7ff4800dcfaa32b1f6d9564
2026-10-01 23:46:33.563 [OUT] 0048 inv=FFF7 len=12 #3 f7ff4800dcfaa32b1fb79564
2026-10-01 23:46:33.632 [OP] 4721 inv=FFF7 len=8 #2 74c2392b1f6d9564
2026-10-01 23:46:33.727 [OP] 4721 inv=FFF7 len=8 #3 74c2392b1fb79564
2026-10-01 23:46:36.100 [OP] EFFE inv=FFFE len=1 #5 0b
2026-10-01 23:46:37.011 [OP] 4100 inv=FFF9 len=6 #4 98aad72656ec
2026-10-01 23:46:37.191 [OP] 4101 inv=FC6D len=914 #4 603bad809464510bdcfaa32bc8d97b81510bdcfaa32b1f805b64510bdcfaa32b1f805b64510bdcfa21c49d4e5b64fc75dcfaa32b1f80c453510bdcfaa32b1f805b64510bdcfa215dad80c464510b52faa32b55925b646992dcfa1f7f1f80c831510b155a4e78c8d97b81a552155a562b1f807b81a5526f30c2d41e5f8bfa191edcfaa32b1f805b6451ae02faa32b1f805bd82d0bdcfaa32b1f805b64510bdcfa
2026-10-01 23:46:38.082 [OUT] 1001 inv=FFF9 len=10 #4 f9ff01101f805b64510b
2026-10-01 23:46:39.354 [OP] 4210 inv=FFF3 len=12 #1 ac0bdcfae82b1f80a0ecfc0b
2026-10-01 23:46:40.567 [OUT] 1005 inv=FFEF len=20 #4 efff0510a498f85304c75c640b0b0022a32b1f80
2026-10-01 23:46:40.668 [OUT] 1004 inv=FFF3 len=16 #4 f3ff041099b0682b59c7c3642d0b59ae
2026-10-01 23:46:45.138 [OP] 46FE inv=FFFF len=0 #4 
2026-10-01 23:46:50.147 [OP] 472A inv=FE6C len=403 #5 d9b4de1fc75b64510bdcfaa32b1f805b64510bdce8a32b1f805b64510bdcfaa32b1f805b64510bdca1b72b1f805b645183dcfaa32b1f805b64510bdcfaa32b1f805b64510bdcfaa32b1f805b64510bdcfaa32b1f805b64510bdcfaa32b1f805b64510bdcfaa32b1f805b64510bdcfaa32b1f805b64510bdcfaa32b1f805b64510bdcfaa32b1f805b64510bdcbdf82b1fc3956451f16ffaa391ca805bc7580bdc
2026-10-01 23:46:50.255 [OP] 42CE inv=FFFB len=4 #5 c87f510b
2026-10-01 23:46:51.616 [OUT] 0048 inv=FFF7 len=12 #4 f7ff4800dcfaa32b1fb79564
2026-10-01 23:46:51.719 [OP] 4721 inv=FFF7 len=8 #4 74c2392b1fb79564
2026-10-01 23:46:56.255 [OP] 4100 inv=FFF9 len=6 #5 98aad97ffe7f
2026-10-01 23:46:56.486 [OP] 4101 inv=FC35 len=970 #5 41cdfc0b90faa32b1f805b64a552155aa32b1f805b64510bdcfaa32b1f805b64510bdcfaa32b1f805761b2b2dcfa39241f805b64510b525ba32b1f805b64510bdcfaa32b1f8057ecfc0b52faa32bad805b64a0ffdcfa3df21f803f55510b8631a32bc8d97b81a552155a4e78c8d96c64510b155a4e78caa0ed3572a4e10f854d1f805b64510bdcfa4bc229805b64510bdc4e722b1f805b64510bdcfaa32b1f80
2026-10-01 23:46:57.340 [OUT] 1001 inv=FFF9 len=10 #5 f9ff01101f805b64510b
2026-10-01 23:46:59.601 [OUT] 1005 inv=FFEF len=20 #5 efff0510a498f85304795c640b0b0022a32b1f80
2026-10-01 23:47:00.019 [OUT] 1004 inv=FFF3 len=16 #5 f3ff041099b0682b5979c3642d0b59ae
2026-10-01 23:47:08.777 [QUESTION] {"type":"question","sock":2392,"qno":16,"field_a":88,"stem":"人们在动物园里看到的俗称\"四不象\"的动物是?","options":["1、驯兽师","2、猩猩队长","3、麋鹿","4、霸天虎"]}
2026-10-01 23:47:09.783 [UI] auto dump on question qno=16
2026-10-01 23:47:09.783 [UI] ---- window dump begin (pid 21132) ----
2026-10-01 23:47:10.826 [SEND-ANSWER] qno=16 opt=2 ret=13 sock=2392
2026-10-01 23:47:10.878 [SYS] 测试通过！
2026-10-01 23:47:11.032 [SYS] 获得了#00FF00#100#FFF692#金币
2026-10-01 23:47:11.032 [CURRENCY] a=199367 b=989702
2026-10-01 23:47:12.628 [UI] auto-closing quiz frame: qno=16 opt=2
2026-10-01 23:47:12.638 [UI] option 2 control NOT found — falling back to digit key
2026-10-01 23:47:15.689 [OUT] 0048 inv=FFF7 len=12 #5 f7ff4800dcfaa32b1fb79564
2026-10-01 23:47:15.775 [OP] 46FE inv=FFFF len=0 #5 
2026-10-01 23:47:15.775 [OP] 4721 inv=FFF7 len=8 #5 74c2392b1fb79564
2026-10-01 23:47:17.075 [OUT] 004E inv=FFFA len=9 #3 faff4e00e9580bdcf4
2026-10-01 23:47:17.164 [OP] 4029 inv=FFDF len=32 #3 41cdfc0b35c2a32b1f805b64aa75dcfaa32b1f808b7f510b8bc4002bef809564
2026-10-01 23:47:41.851 [OUT] 004E inv=FFFA len=9 #4 faff4e00e9580bdce8
2026-10-01 23:47:41.953 [OP] 4029 inv=FFDF len=32 #4 41cdfc0bac9fa32b1f805b64db7fdcfaa32b1f80af1db5f990c4002ba9809564
2026-10-01 23:48:34.197 [OP] 4210 inv=FFF3 len=12 #2 950bdcfa2a531f8047590e0b
2026-10-01 23:48:34.197 [OP] 4210 inv=FFF3 len=12 #3 950bdcfa2a531f808a990e0b
2026-10-01 23:48:34.301 [OP] 4210 inv=FFF3 len=12 #4 950bdcfa2a531f80da590e0b
2026-10-01 23:48:34.302 [OP] 4210 inv=FFF3 len=12 #5 950bdcfa2a531f8093990e0b
2026-10-01 23:48:59.223 [OUT] 004E inv=FFFA len=9 #5 faff4e00e9580bdcf4
2026-10-01 23:48:59.288 [OP] 4029 inv=FFDF len=32 #5 41cdfc0b35c2a32b1f805b64aa75dcfaa32b1f80b87f510b8bc4002bcd809564
2026-10-02 00:00:00.539 [SYS] #FFCC00#寄售行已打烊，暂停寄售交易，预计 02:00 恢复营业。
2026-10-02 00:00:00.966 [SYS] 今日的许愿已结束，下次开放时间12:00
2026-10-02 00:04:14.164 [PIPE] controller disconnected
2026-10-02 00:04:22.124 [PIPE] controller connected
2026-10-02 00:04:44.932 [INIT] dll unloaded
2026-10-02 00:04:47.573 [INIT] dll loaded, pid=21132
2026-10-02 00:04:47.573 [INIT] codec loaded OK
2026-10-02 00:04:47.574 [INIT] iat hooks: recv=1 send=1 WSASend=1 connect=1 closesocket=1
2026-10-02 00:04:47.576 [OV] overlay window ready
2026-10-02 00:05:01.056 [OP] EFFE inv=FFFE len=1 #1 0b
2026-10-02 00:05:01.057 [OP] F005 inv=FFE7 len=24 #1 26b35c3828d7512b1f805b64510bdcfaa32b5ebc55827e0c
2026-10-02 00:05:01.057 [OP] F005 inv=FFE7 len=24 #2 26b35c3828d7512b1f805b64510bdcfaa32b5ebc55827e0c
2026-10-02 00:05:01.057 [OP] EFFE inv=FFFE len=1 #2 0b
2026-10-02 00:05:01.057 [OP] 47C0 inv=FFF3 len=12 #1 7853ca32e96158752192d04a
2026-10-02 00:05:01.057 [OP] 47C0 inv=FFD8 len=39 #2 d795266c8566c4db983d7e1c1fb3b26fe81cdfd91251ffafec901347519db12461587f6e920f4a
2026-10-02 00:05:01.057 [OP] 47C0 inv=FFE1 len=30 #3 79aac41fb3b26fe81cdfd91251ffafec901347519db12461587f6e920f4a
2026-10-02 00:05:01.057 [OP] 47C0 inv=FFEA len=21 #4 d6cac751ffafec901347519db12461587f6e920f4a
2026-10-02 00:05:01.057 [OP] 47C0 inv=FFF3 len=12 #5 7853cab12461587f6e920f4a
2026-10-02 00:05:01.057 [OP] 4612 inv=FFF3 len=12 #1 90faa32b1207c464e38052fa
2026-10-02 00:05:01.057 [OP] 4612 inv=FFF7 len=8 #2 ca805b64e38052fa
2026-10-02 00:05:01.057 [OP] 4613 inv=FFBC len=67 #1 ec928d7a53a580e8c80eecda60237fbd7995df01a2900a29247026948c1ed06fc4f82b1faa95df51496aaffd51ca2a5b64510bdcf4a3531f8040ef555c8aa2512b1f80
2026-10-02 00:05:01.057 [OP] 472A inv=FE6C len=403 #1 d9b4de1fc75b64510bdcfaa32b1f805b64510bdcc4a32b1f805b64510bdcfaa32b1f805b64510bdca1b72b1f805b645183dcfaa32b1f805b64510bdcfaa32b1f805b64510bdcfaa32b1f805b64510bdcfaa32b1f805b64510bdcfaa32b1f805b64510bdcfaa32b1f805b64510bdcfaa378c8d97b64510bdcfaa32b1f805b64510bdcfaa32b1f805b64510bdc7af82b1f2c5b645153dcfaa391ca805bc7580bdc
2026-10-02 00:05:01.057 [OP] 42CE inv=FFFB len=4 #1 c87f510b
2026-10-02 00:05:01.057 [OP] 4211 inv=FFF6 len=9 #1 aa5b6451c03e22a34a
2026-10-02 00:05:01.057 [OP] 4211 inv=FFF6 len=9 #2 aa5b6451af3e22a34a
2026-10-02 00:05:01.057 [OP] 4211 inv=FFF6 len=9 #3 aa5b6451cd3e22a34a
2026-10-02 00:05:01.059 [OP] 4211 inv=FFF6 len=9 #4 aa5b645134a722a34a
2026-10-02 00:05:01.059 [OP] 4612 inv=FFF7 len=8 #3 ca805b64408052fa
2026-10-02 00:05:01.059 [OUT] 1F51 inv=FFFF len=4 #1 ffff511f
2026-10-02 00:05:01.059 [OP] 4211 inv=FFE7 len=24 #5 8bfaa32bc3159464fce92be8a3ded4959464fcf5d5e8a3de
2026-10-02 00:05:01.060 [OP] 4707 inv=FFF3 len=12 #1 603bad80baecfc0b17faa32b
2026-10-02 00:05:01.060 [OP] 4612 inv=FFF7 len=8 #4 ca805b64fb8052fa
2026-10-02 00:05:01.060 [OP] 4707 inv=FFF3 len=12 #2 603bad8063cdfc0b17faa32b
2026-10-02 00:05:01.060 [OP] 43F1 inv=FFFA len=5 #1 33b4de1fc7
2026-10-02 00:05:01.060 [OP] 40E0 inv=FED1 len=302 #1 12b252fac37c1f805b64510b03faa32b1f805b6437fddcfaa32b1f8012f8510bdcfaa32baca05b64fc0bdcfa392b1f804864510ba7e8a32bad805b64d70bdcfaed2b1f80f6df510bc1e8a32b2c805b64eaf8dcfad6531f806c64510b78c4a32b998c5b64b6ecdcfa732b1f800d64510b8ffaa32b1f805b64510bdcfaa32b1f805b64510bdcfaa32b1f805b64430bdcfaa32b1f805b64510bdcfaa32b1f805b64
2026-10-02 00:05:01.061 [OP] 4612 inv=FFF7 len=8 #5 ca805b64b4b252fa
2026-10-02 00:05:01.061 [OP] 46FE inv=FFFF len=0 #1 
