2026-10-02 21:19:47.073 [INIT] dll loaded, pid=15292
2026-10-02 21:19:47.073 [INIT] codec loaded OK
2026-10-02 21:19:47.073 [INIT] iat hooks: recv=1 send=1 WSASend=1 connect=1 closesocket=1
2026-10-02 21:19:47.237 [OP] 47C0 inv=FFCC len=51 #1 51caef6328317f906d61703ce59551127cc6c4a3f1847d5cc88ffd6ffae27c0a8c03da31ecdc6a3176eceaadd9580b10c2156f
2026-10-02 21:19:47.237 [OP] 47C0 inv=FFD8 len=39 #2 b39526127cc6c4a3f1847d5cc88ffd6ffae27c0a8c03da31ecdc6a3176eceaadd9580b10c2156f
2026-10-02 21:19:47.237 [OP] 47C0 inv=FFE1 len=30 #3 0faac4c88ffd6ffae27c0a8c03da31ecdc6a3176eceaadd9580b10c2156f
2026-10-02 21:19:47.237 [OP] 47C0 inv=FFEA len=21 #4 51cac703da31ecdc6a3176eceaadd9580b10c2156f
2026-10-02 21:19:47.237 [OP] 47C0 inv=FFF3 len=12 #5 0253caeaadd9580b10c2156f
2026-10-02 21:19:47.555 [PIPE] controller connected
2026-10-02 21:19:48.320 [OP] 4100 inv=FFF9 len=6 #1 98aae37f9d7f
2026-10-02 21:19:48.320 [OP] 4101 inv=FC35 len=970 #1 41cdfc0b90faa32b1f805b64a552155aa32b1f805b64510bdcfaa32b1f805b64510bdcfaa32b1f805761b2b2dcfa3dde1f805b64510b2a22a32b1f805b64510bdcfaa32b1f807aecfc0b52faa32b1f805b6416ffdcfa222a1f80dffc510bf0b3a32bc8d97b81a552155a4e78c8d91664510b155a4e78caa0ed3572a47db7854d1f805b64510bdcfaa3c229805b64510bdc4e722b1f805b64510bdcfaa32b1f80
2026-10-02 21:19:48.456 [OUT] 1F51 inv=FFFF len=4 #1 ffff511f
2026-10-02 21:19:48.496 [OP] 4F52 inv=FFFF len=0 #1 
2026-10-02 21:19:49.384 [OUT] 1001 inv=FFF9 len=10 #1 f9ff01101f805b64510b
2026-10-02 21:19:49.884 [OP] 4108 inv=FFE3 len=28 #1 5207c464510bdcfa2153c8d9d8f8510bce4051421f805b64510bdcfa
2026-10-02 21:19:49.972 [OP] 4108 inv=FFE3 len=28 #2 5207c464510bdcfa4d531f80d8f8510bce4051ed1f805b64510bdcfa
2026-10-02 21:19:49.972 [OP] 4108 inv=FFE3 len=28 #3 5207c464510bdcfa22531f80d8f8510bce40515d1f805b64510bdcfa
2026-10-02 21:19:49.972 [OP] 4108 inv=FFF3 len=12 #4 74c2392b1f805b64510bdcfa
2026-10-02 21:19:49.972 [OP] 4108 inv=FFF3 len=12 #5 74c2392b1f805b64580bdcfa
2026-10-02 21:19:49.972 [OP] 4104 inv=FFFB len=4 #1 0a081f80
2026-10-02 21:19:49.972 [OP] 4104 inv=FFFB len=4 #2 3cae1faa
2026-10-02 21:19:49.972 [OP] 4104 inv=FFFB len=4 #3 0a081fc7
2026-10-02 21:19:49.972 [OP] 4104 inv=FFFB len=4 #4 0a081fce
2026-10-02 21:19:49.972 [OP] 4104 inv=FFFB len=4 #5 0a081f12
2026-10-02 21:19:51.601 [OP] 4105 inv=FFFE len=1 #1 3d
2026-10-02 21:19:51.601 [OP] 4105 inv=FFFE len=1 #2 c0
2026-10-02 21:19:51.601 [OP] 4105 inv=FFFE len=1 #3 af
2026-10-02 21:19:51.608 [OUT] 1005 inv=FFEF len=20 #1 efff0510a498fd5318795c640b0b0022a32b1f80
2026-10-02 21:19:51.750 [OP] 4106 inv=FFFC len=3 #1 e546ed
2026-10-02 21:19:51.751 [OP] 4110 inv=FFFD len=2 #1 212b
2026-10-02 21:19:51.751 [OP] 4106 inv=FFFC len=3 #2 b1fdcb
2026-10-02 21:19:51.751 [OP] 4106 inv=FFFC len=3 #3 e239ee
2026-10-02 21:19:51.858 [OP] 4105 inv=FFFE len=1 #4 0c
2026-10-02 21:19:51.877 [OUT] 1004 inv=FFF3 len=16 #1 f3ff0410df0c632b5979c3642d0b59ae
2026-10-02 21:19:51.966 [OP] 4109 inv=FD97 len=616 #1 74c2392bca8040c6510bdcfaa32b1f809564510b02faccce2980076ffc0b66faf82b1f8017cd510b5253a32b1fc75b6451d5dcfa4b531f802164510bdcfaa32b1f805b64e4ecdcfaccff9f875b64510ba506a32bca805b64dfb2dcfa39c4ca805b64510bdcc4392bca805b64dfb2dcfa39c459805b64510bdc22a32bca805b64dfb2dcfa39c4ad805bdf510bdc71269323aa5b6401ba710ea32b1f801e9f510b
2026-10-02 21:19:52.056 [OP] 4106 inv=FFFD len=2 #4 a3c4
2026-10-02 21:19:52.056 [OP] 4110 inv=FFFD len=2 #2 612b
2026-10-02 21:19:52.056 [OP] 4111 inv=FFFD len=2 #1 c064
2026-10-02 21:19:52.056 [OP] 4112 inv=FFFD len=2 #1 dcc4
2026-10-02 21:19:52.056 [OP] 4112 inv=FFFD len=2 #2 52c4
2026-10-02 21:19:52.056 [OP] 4112 inv=FFFD len=2 #3 8bc4
2026-10-02 21:19:54.695 [OP] 4109 inv=FF7B len=132 #2 5207c464580b6fc4a32b1f805b64510b6ffaa32b3480fcdffd0bb8c4fd2bca809564510b61caa32b9daac06451ecdcfaa3ae9f8762df510b43faa32b1f805b64510bdcfa0e6f1f801af1510b8bfa612b1fce5b64957fdcfaa52b1f805b64510bdcfaa32b44aa5b64510bdcfaa32b1f805b64510b7cc4a32b1619bacd510bdcfaa91f1f80
2026-10-02 21:19:54.790 [OP] 4105 inv=FFFE len=1 #5 ec
2026-10-02 21:19:54.790 [OP] 4106 inv=FFFD len=2 #5 f853
2026-10-02 21:19:54.790 [OP] 4111 inv=FFFD len=2 #2 9564
2026-10-02 21:19:57.456 [OP] 4109 inv=FE73 len=396 #3 603bad809564fc75dcfaa32b1f805b64580bdcfa462bf7ce0d64a6d08b5b222bca805b645fc4dcfafdeeca805bf8510bdcfaa32b92aa5b64c70bdcfaa32b1f805b64510b25c4a32b9b805b64510bdcfaa32b1f809564510baeaea32b9d5a946451ecdcfaa32b1f80d1df510bbafaa32b1f805b64510bdcfaf82b1f80a76f510b8b47232b1faa5b6451ecdcfa71531f80df64510bdcfaa32b1f805b644db1dcfa
2026-10-02 21:19:57.567 [OP] 4111 inv=FFFD len=2 #3 d064
2026-10-02 21:19:57.567 [OP] 4112 inv=FFFD len=2 #4 6ac4
2026-10-02 21:19:58.518 [OUT] 1F51 inv=FFFF len=4 #2 ffff511f
2026-10-02 21:19:58.570 [OP] 4F52 inv=FFFF len=0 #2 
2026-10-02 21:19:58.806 [OP] 4109 inv=FF27 len=216 #4 74c2392bca809426510bdcfaa32b1f809564510b02faccce2980076ffc0b02faf82b1f8017cd510b526ef82b1faa5b64517fdcfa4b531f802a64510bdcfaa32b1f805b64580bdcfae13b1f80c4c60e0bdcfaa32b1f805b64c927dcfa9b3b1f80c464580bdcc4a32b44aa5b6470d0dcfaa32b1f805b64510b7acaa32b09075b64fc0b90faa35359807fdf510b24caa32b1f805b64510bdcfae13b1f80f5cd510b
2026-10-02 21:19:58.909 [OP] 4111 inv=FFFD len=2 #4 6e64
2026-10-02 21:19:58.910 [OP] 4112 inv=FFFD len=2 #5 6fc4
2026-10-02 21:19:59.760 [SYS] #00FFFF#国庆节特别活动“红旗飘飘贺国庆”#00FF00#正式开启#00FFFF#，冒险者可以在逍遥西的#FF0000#大冒险活动官#00FFFF#处参加活动，收集喜庆用品装饰旗台，赢取丰富的属性及道具奖励，幸运的冒险者还将得到#FF0000#稀有奖励#FFFFFF#！
2026-10-02 21:20:03.528 [SETTLE] exp=2 gold=199367 len=403
2026-10-02 21:20:03.531 [OP] 472A inv=FE6C len=403 #1 d9b4de1fc75b64510bdcfaa32b1f805b64510bdce8a32b1f805b64510bdcfaa32b1f805b64510bdca1b72b1f805b6451a790faa32b1f805b64510bdcfaa32b1f805b64510bdcfaa32b1f805b64510bdcfaa32b1f805b64510bdcfaa32b1f805b64510bdcfaa32b1f805b64510bdcfaa32b1f805b64510bdcfaa32b1f805b64510bdcfaa32b1f805b64510bdc7af82b1fc3956451f16ffaa391ca805bd3580bdc
2026-10-02 21:20:03.612 [OP] 42CE inv=FFFB len=4 #1 c87f510b
2026-10-02 21:20:03.612 [OP] 4211 inv=FFF6 len=9 #1 aa5b6451803e22a34a
2026-10-02 21:20:03.612 [OP] 4211 inv=FFF6 len=9 #2 aa5b6451e3a722a34a
2026-10-02 21:20:03.612 [OP] 4211 inv=FFF6 len=9 #3 aa5b64516d3e22a34a
2026-10-02 21:20:03.612 [OP] 4211 inv=FFF6 len=9 #4 aa5b645134a722a34a
2026-10-02 21:20:04.401 [OP] EFFE inv=FFFE len=1 #1 0b
2026-10-02 21:20:04.665 [OUT] 0048 inv=FFF7 len=12 #1 f7ff4800dcfaa32b1fc39564
2026-10-02 21:20:04.798 [OP] 4721 inv=FFF7 len=8 #1 74c2392b1fc39564
2026-10-02 21:20:10.647 [OP] 4100 inv=FFF9 len=6 #2 98aa167f457f
2026-10-02 21:20:10.754 [OP] 4101 inv=FC35 len=970 #2 41cdfc0b90faa32b1f805b64a552155aa32b1f805b64510bdcfaa32b1f805b64510bdcfaa32b1f805761b2b2dcfa3dde1f805b64510b2a22a32b1f805b64510bdcfaa32b1f807aecfc0b52faa32b1f805b6416ffdcfa222a1f80dffc510bf0b3a32bc8d97b81a552155a4e78c8d91664510b155a4e78caa0ed3572a47db7854d1f805b64510bdcfaa3c229805b64510bdc4e722b1f805b64510bdcfaa32b1f80
2026-10-02 21:20:10.796 [OUT] 1F51 inv=FFFF len=4 #3 ffff511f
2026-10-02 21:20:10.845 [OP] 4F52 inv=FFFF len=0 #3 
2026-10-02 21:20:11.723 [OUT] 1001 inv=FFF9 len=10 #2 f9ff01101f805b64510b
2026-10-02 21:20:12.635 [OP] 46FE inv=FFFF len=0 #1 
2026-10-02 21:20:14.052 [OUT] 1005 inv=FFEF len=20 #2 efff0510a498fd5318795c640b0b0022a32b1f80
2026-10-02 21:20:14.238 [OP] 4110 inv=FFFD len=2 #3 212b
2026-10-02 21:20:14.370 [OUT] 1004 inv=FFF3 len=16 #2 f3ff0410df0c632b5979c3642d0b59ae
2026-10-02 21:20:14.414 [OP] EFFE inv=FFFE len=1 #2 0b
2026-10-02 21:20:14.433 [OP] 4109 inv=FFB7 len=72 #5 5207c464517f6fc4a32b1f805b64510b07faa32b62105b6487b1dcfa40ce1f80c0530e0b07faa32b39125b640e7566faa32b1f805b64fc298222a32b39125b64080b66faa32b1f80
2026-10-02 21:20:14.519 [OP] 4111 inv=FFFD len=2 #5 c364
2026-10-02 21:20:14.519 [OP] 4110 inv=FFFD len=2 #4 612b
2026-10-02 21:20:20.850 [OUT] 1F51 inv=FFFF len=4 #4 ffff511f
2026-10-02 21:20:20.942 [OP] 4F52 inv=FFFF len=0 #4 
2026-10-02 21:20:28.259 [SETTLE] exp=1 gold=199367 len=393
2026-10-02 21:20:28.259 [OP] 472A inv=FE76 len=393 #2 d9b4de1faa5b64510bdcfaa32b1f805b64510bdcc4a32b1f805b64510bdcfaa32b1f805b64510bdca1b72b1f805b6451a790faa32b1f805b64510bdcfaa32b1f805b64510bdcfaa32b1f805b64510bdcfaa32b1f805b64510bdcfaa32b1f805b64510bdcfaa32b1f805b64510bdcfaa32b1f805b64510bdcfaa32b1f805b64510bdcfaa32b1f805b64510bdcb5a32b1f2c5b6451fa6ffaa3731f805bc7580bdc
2026-10-02 21:20:28.351 [OP] 42CE inv=FFFB len=4 #2 c87f510b
2026-10-02 21:20:28.351 [OP] 4211 inv=FFF6 len=9 #5 aa5b6451803e22a34a
2026-10-02 21:20:31.699 [OP] F005 inv=FFE7 len=24 #1 c2cc763c71faa32b1f805b64510bdcfaa32b5ebce6e36b08
2026-10-02 21:20:31.788 [OP] F005 inv=FFE7 len=24 #2 c2cc763c71faa32b1f805b64510bdcfaa32b5ebce6e36b08
2026-10-02 21:20:31.790 [OP] F005 inv=FFE7 len=24 #3 c2cc763c71faa32b1f805b64510bdcfaa32b5ebce6e36b08
2026-10-02 21:20:37.370 [OP] 4100 inv=FFF9 len=6 #3 98aae37f9d7f
2026-10-02 21:20:37.453 [OUT] 1F51 inv=FFFF len=4 #5 ffff511f
2026-10-02 21:20:37.465 [OP] 4101 inv=FBC5 len=1082 #3 603bad809464510bdcfaa32bc8d97b81510bdcfaa32b1f805b64510bdcfaa32b1f805b64510bdcfa21c49dca5b6469d0dcfaa32b1f80727f510bdcfaa32b1f805b64510bdcfad85dad80c464510bdcfaa32b46925b648e90dcfac4181f807693510b155a4e78c8d97b81a552155a252b1f807b81a5526f30c2d41e5f544e191edcfaa32b1f805b6451ae02faa32b1f805bd82d0bdcfaa32b1f805b64510bdcfa
2026-10-02 21:20:37.557 [OP] 4F52 inv=FFFF len=0 #5 
2026-10-02 21:20:38.428 [OUT] 1001 inv=FFF9 len=10 #3 f9ff01101f805b64510b
2026-10-02 21:20:40.709 [OUT] 1005 inv=FFEF len=20 #3 efff0510a498fd5318795c640b0b0022a32b1f80
2026-10-02 21:20:40.851 [OP] 4110 inv=FFFD len=2 #5 212b
2026-10-02 21:20:41.187 [OUT] 1004 inv=FFF3 len=16 #3 f3ff0410df0c632b5979c3642d0b59ae
2026-10-02 21:20:42.452 [OP] EFFE inv=FFFE len=1 #3 0b
2026-10-02 21:20:42.847 [OP] 46FE inv=FFFF len=0 #2 
2026-10-02 21:20:52.478 [OP] EFFE inv=FFFE len=1 #4 0b
2026-10-02 21:21:03.193 [SETTLE] exp=2 gold=199367 len=393
2026-10-02 21:21:03.193 [OP] 472A inv=FE76 len=393 #3 d9b4de1fc75b64510bdcfaa32b1f805b64510bdcc4a32b1f805b64510bdcfaa32b1f805b64510bdca1b72b1f805b6451a790faa32b1f805b64510bdcfaa32b1f805b64510bdcfaa32b1f805b64510bdcfaa32b1f805b64510bdcfaa32b1f805b64510bdcfaa32b1f805b64510bdcfaa32b1f805b64510bdcfaa32b1f805b64510bdcfaa32b1f805b64510bdcbdf82b1f2c5b645153dcfaa3731f805b5c510bdc
2026-10-02 21:21:03.277 [OP] 42CE inv=FFFB len=4 #3 c87f510b
2026-10-02 21:21:04.492 [OP] EFFE inv=FFFE len=1 #5 0b
2026-10-02 21:21:07.349 [OP] 4100 inv=FFF9 len=6 #4 98aa5bf8c0ec
2026-10-02 21:21:07.504 [OP] 4101 inv=FBC5 len=1082 #4 603bad809464510bdcfaa32bc8d97b81510bdcfaa32b1f805b64510bdcfaa32b1f805b64510bdcfa21c49dca5b6469d0dcfaa32b1f80727f510bdcfaa32b1f805b64510bdcfad85dad80c464510bdcfaa32b46925b648e90dcfac4181f807693510b155a4e78c8d97b81a552155a252b1f807b81a5526f30c2d41e5f544e191edcfaa32b1f805b6451ae02faa32b1f805bd82d0bdcfaa32b1f805b64510bdcfa
2026-10-02 21:21:08.434 [OUT] 1001 inv=FFF9 len=10 #4 f9ff01101f805b64510b
2026-10-02 21:21:10.720 [OUT] 1005 inv=FFEF len=20 #4 efff0510a498fd5318795c640b0b0022a32b1f80
2026-10-02 21:21:10.920 [OUT] 1004 inv=FFF3 len=16 #4 f3ff0410df0c632b5979c3642d0b59ae
2026-10-02 21:21:13.109 [OP] 46FE inv=FFFF len=0 #3 
2026-10-02 21:21:25.719 [SETTLE] exp=1 gold=199367 len=393
2026-10-02 21:21:25.721 [OP] 472A inv=FE76 len=393 #4 d9b4de1faa5b64510bdcfaa32b1f805b64510bdcc4a32b1f805b64510bdcfaa32b1f805b64510bdca1b72b1f805b6451a790faa32b1f805b64510bdcfaa32b1f805b64510bdcfaa32b1f805b64510bdcfaa32b1f805b64510bdcfaa32b1f805b64510bdcfaa32b1f805b64510bdcfaa32b1f805b64510bdcfaa32b1f805b64510bdcfaa32b1f805b64510bdcbdf82b1fc3956451f16ffaa3731f805bd3580bdc
2026-10-02 21:21:25.805 [OP] 42CE inv=FFFB len=4 #4 c87f510b
2026-10-02 21:21:27.758 [OUT] 004E inv=FFFA len=9 #1 faff4e00e9580bdcf4
2026-10-02 21:21:27.853 [OP] 4029 inv=FFDF len=32 #1 41cdfc0b8ec2a32b1f805b64aa75dcfaa32b1f80da7f510b8bc4d92b4c809564
2026-10-02 21:21:32.949 [OP] 4100 inv=FFF9 len=6 #5 98aaebf8237f
2026-10-02 21:21:33.049 [OP] 4101 inv=FC6D len=914 #5 603bad809464510bdcfaa32bc8d97b81510bdcfaa32b1f805b64510bdcfaa32b1f805b64510bdcfa21c49d4e5b6469d0dcfaa32b1f80727f510bdcfaa32b1f805b64510bdcfad85dad80c464510bdcfaa32b46925b648e90dcfac4181f807693510b155a4e78c8d97b81a552155a252b1f807b81a5526f30c2d41e5f544e191edcfaa32b1f805b6451ae02faa32b1f805bd82d0bdcfaa32b1f805b64510bdcfa
2026-10-02 21:21:34.015 [OUT] 1001 inv=FFF9 len=10 #5 f9ff01101f805b64510b
2026-10-02 21:21:36.283 [OUT] 1005 inv=FFEF len=20 #5 efff0510a498fd5318c75c640b0b0022a32b1f80
2026-10-02 21:21:36.585 [OUT] 1004 inv=FFF3 len=16 #5 f3ff0410df0c632b59c7c3642d0b59ae
2026-10-02 21:21:43.365 [OP] 46FE inv=FFFF len=0 #4 
2026-10-02 21:21:45.852 [SETTLE] exp=2 gold=199367 len=393
2026-10-02 21:21:45.852 [OP] 472A inv=FE76 len=393 #5 d9b4de1fc75b64510bdcfaa32b1f805b64510bdcc4a32b1f805b64510bdcfaa32b1f805b64510bdca1b72b1f805b6451a790faa32b1f805b64510bdcfaa32b1f805b64510bdcfaa32b1f805b64510bdcfaa32b1f805b64510bdcfaa32b1f805b64510bdcfaa32b1f805b64510bdcfaa32b1f805b64510bdcfaa32b1f805b64510bdcfaa32b1f805b64510bdc7af82b1f2c5b6451fa6ffaa3ccca805bc7580bdc
2026-10-02 21:21:45.946 [OP] 42CE inv=FFFB len=4 #5 c87f510b
2026-10-02 21:22:06.619 [SETTLE] exp=2 gold=199367 len=393
2026-10-02 21:22:13.576 [OP] 46FE inv=FFFF len=0 #5 
2026-10-02 21:22:28.492 [SETTLE] exp=1 gold=199367 len=393
2026-10-02 21:22:51.545 [SETTLE] exp=2 gold=199367 len=393
2026-10-02 21:22:53.562 [OUT] 004E inv=FFFA len=9 #2 faff4e00e9580bdcf4
2026-10-02 21:22:53.711 [OP] 4029 inv=FFDF len=32 #2 41cdfc0b8ec2a32b1f805b64aa75dcfaa32b1f807d7f510b8bc4d92b2b809564
2026-10-02 21:23:18.888 [SETTLE] exp=1 gold=199367 len=393
2026-10-02 21:23:40.397 [SETTLE] exp=1 gold=199367 len=393
2026-10-02 21:24:05.154 [SETTLE] exp=2 gold=199367 len=403
2026-10-02 21:24:05.705 [OUT] 0048 inv=FFF7 len=12 #2 f7ff4800dcfaa32b1fc39564
2026-10-02 21:24:05.805 [OP] 4721 inv=FFF7 len=8 #2 74c2392b1fc39564
2026-10-02 21:24:27.101 [SETTLE] exp=2 gold=199367 len=393
2026-10-02 21:24:46.588 [OP] F005 inv=FFE7 len=24 #4 c2cc763c71faa32b1f805b64510bdcfaa3ce7d805b64510b
2026-10-02 21:24:58.041 [SETTLE] exp=1 gold=199367 len=393
2026-10-02 21:25:00.071 [OUT] 004E inv=FFFA len=9 #3 faff4e00e9580bdc22
2026-10-02 21:25:00.072 [OUT] 004E inv=FFFA len=9 #4 faff4e00e9580bdcf4
2026-10-02 21:25:00.160 [OP] 4029 inv=FFDF len=32 #3 41cdfc0bb653a32b1f805b64e6d5dcfaa32b1f80df7f510b52c4db2bfa809464
2026-10-02 21:25:00.264 [OP] 4029 inv=FFDF len=32 #4 41cdfc0bb653a32b1f805b64aa75dcfaa32b1f80df7f510b8bc4d92bcf809564
2026-10-02 21:25:25.352 [SETTLE] exp=1 gold=199367 len=393
2026-10-02 21:25:27.380 [OUT] 004E inv=FFFA len=9 #5 faff4e00e9580bdcae
2026-10-02 21:25:27.532 [OP] 4029 inv=FFDF len=32 #5 41cdfc0bb653a32b1f805b646075dcfaa32b1f80137f510b8fc4982b3f804064
2026-10-02 21:25:48.038 [SETTLE] exp=2 gold=199367 len=393
2026-10-02 21:25:48.124 [OP] F005 inv=FFE7 len=24 #5 26b35c3828d7512b1f805b64510bdcfaa3de1f80504d1db2
2026-10-02 21:26:08.346 [SETTLE] exp=2 gold=199367 len=393
2026-10-02 21:26:39.479 [SETTLE] exp=2 gold=199367 len=403
2026-10-02 21:26:40.260 [OUT] 0048 inv=FFF7 len=12 #3 f7ff4800dcfaa32b1fc39564
2026-10-02 21:26:40.386 [OP] 4721 inv=FFF7 len=8 #3 74c2392b1fc39564
2026-10-02 21:27:00.842 [SETTLE] exp=1 gold=199367 len=393
2026-10-02 21:27:30.765 [SETTLE] exp=2 gold=199367 len=393
2026-10-02 21:27:58.352 [SETTLE] exp=2 gold=199367 len=393
2026-10-02 21:28:24.220 [SETTLE] exp=2 gold=199367 len=403
2026-10-02 21:28:24.642 [OUT] 0048 inv=FFF7 len=12 #4 f7ff4800dcfaa32b1fc39564
2026-10-02 21:28:24.692 [OP] 4721 inv=FFF7 len=8 #4 74c2392b1fc39564
2026-10-02 21:28:43.341 [SETTLE] exp=2 gold=199367 len=393
2026-10-02 21:29:10.242 [SETTLE] exp=1 gold=199367 len=393
2026-10-02 21:29:37.226 [SETTLE] exp=1 gold=199367 len=403
2026-10-02 21:29:38.858 [OUT] 0048 inv=FFF7 len=12 #5 f7ff4800dcfaa32b1fc39564
2026-10-02 21:29:38.949 [OP] 4721 inv=FFF7 len=8 #5 74c2392b1fc39564
2026-10-02 21:30:07.728 [SETTLE] exp=1 gold=199367 len=393
2026-10-02 21:30:39.918 [SETTLE] exp=2 gold=199367 len=403
2026-10-02 21:30:46.223 [SYS] #00FF00#1#00FFFF#分钟后逍遥村周围将掉落20个宝箱，捡取可获得意外惊喜喔！#FFFFFF#
2026-10-02 21:31:04.836 [SETTLE] exp=1 gold=199367 len=393
2026-10-02 21:31:26.582 [SETTLE] exp=2 gold=199367 len=393
2026-10-02 21:31:26.670 [OP] 4210 inv=FFF3 len=12 #1 710bdcfae82b1f8023ecfc0b
2026-10-02 21:31:49.764 [SETTLE] exp=2 gold=199367 len=393
2026-10-02 21:31:53.349 [OP] 4031 inv=FFE9 len=22 #1 fc0bfafa212b1f805b64520bdc5133f44dab7644780b
2026-10-02 21:32:23.589 [SETTLE] exp=1 gold=199367 len=393
2026-10-02 21:32:34.908 [QUESTION] {"type":"question","sock":2544,"qno":10,"field_a":77,"stem":"蚯蚓适合生活在什么样的环境里？","options":["1、太空里","2、天空里","3、水里","4、阴暗潮湿"]}
2026-10-02 21:32:35.913 [UI] auto dump on question qno=10
2026-10-02 21:32:35.913 [UI] ---- window dump begin (pid 15292) ----
2026-10-02 21:32:35.917 [UI] TOP=0006028A vis=1 cls=ATL:0132F210 rc=(162,43,1202,850) title=什么什么大冒险2(①逍遥村敬老院)-伏地魔2_Sep 24 2026《什么什么大冒险》制作委员会QQ群:515616289
2026-10-02 21:32:35.917 [UI] TOP=0007029C vis=0 cls=DIEmWin rc=(-1,-1,135,38) title=DIEmWin
2026-10-02 21:32:35.933 [UI] TOP=00090A52 vis=0 cls=MSCTFIME UI rc=(0,0,0,0) title=MSCTFIME UI
2026-10-02 21:32:35.946 [UI] TOP=001005A4 vis=0 cls=IME rc=(0,0,0,0) title=Default IME
2026-10-02 21:32:35.948 [UI] TOP=000C0A54 vis=0 cls=IME rc=(0,0,0,0) title=Default IME
2026-10-02 21:32:35.948 [UI] ---- window dump end ----
2026-10-02 21:32:36.032 [SEND-ANSWER] qno=10 opt=3 ret=13 sock=2544
2026-10-02 21:32:36.078 [SYS] 测试通过！
2026-10-02 21:32:36.173 [SYS] 获得了#00FF00#100#FFF692#金币
2026-10-02 21:32:36.173 [CURRENCY] a=199367 b=976702
2026-10-02 21:32:50.081 [SETTLE] exp=2 gold=199367 len=393
2026-10-02 21:33:14.732 [OUT] 1F04 inv=FFF6 len=13 #1 f6ff041fce1f805bcd510bdc22
2026-10-02 21:33:19.020 [SETTLE] exp=2 gold=199367 len=403
2026-10-02 21:33:53.581 [SETTLE] exp=2 gold=199367 len=393
2026-10-02 21:34:15.475 [SETTLE] exp=1 gold=199367 len=403
2026-10-02 21:34:36.628 [SETTLE] exp=2 gold=199367 len=403
2026-10-02 21:34:38.715 [OP] 4018 inv=FFF0 len=15 #1 966b7f515ca722a33aadc59464510b
2026-10-02 21:35:07.373 [SETTLE] exp=1 gold=199367 len=403
2026-10-02 21:35:13.429 [SYS] #00FF00#1#00FFFF#分钟后逍遥村周围将掉落20个宝箱，捡取可获得意外惊喜喔！#FFFFFF#
2026-10-02 21:35:27.910 [SETTLE] exp=2 gold=199367 len=403
2026-10-02 21:35:56.465 [SETTLE] exp=1 gold=199367 len=393
2026-10-02 21:36:26.739 [SETTLE] exp=1 gold=199367 len=393
2026-10-02 21:36:50.782 [SETTLE] exp=1 gold=199367 len=393
2026-10-02 21:37:20.670 [SETTLE] exp=2 gold=199367 len=403
2026-10-02 21:37:44.537 [SETTLE] exp=1 gold=199367 len=403
2026-10-02 21:38:05.426 [SETTLE] exp=1 gold=199367 len=403
2026-10-02 21:38:31.851 [SETTLE] exp=2 gold=199367 len=393
2026-10-02 21:38:52.936 [SETTLE] exp=2 gold=199367 len=393
2026-10-02 21:39:17.754 [SETTLE] exp=2 gold=199367 len=393
2026-10-02 21:39:36.672 [SETTLE] exp=1 gold=199367 len=393
2026-10-02 21:39:54.519 [SYS] #FFF692#恭喜#FF8CF8#啾咪啾咪#FFF692#打造出#64FF7D#+10#FFF692#装备
2026-10-02 21:39:58.391 [SETTLE] exp=2 gold=199367 len=393
2026-10-02 21:40:30.005 [SETTLE] exp=2 gold=199367 len=403
2026-10-02 21:40:51.568 [SETTLE] exp=2 gold=199367 len=393
2026-10-02 21:41:12.524 [SETTLE] exp=1 gold=199367 len=403
2026-10-02 21:41:35.936 [SETTLE] exp=2 gold=199367 len=403
2026-10-02 21:41:56.768 [SETTLE] exp=2 gold=199367 len=393
2026-10-02 21:42:22.814 [SETTLE] exp=2 gold=199367 len=403
2026-10-02 21:42:46.150 [SETTLE] exp=2 gold=199367 len=403
2026-10-02 21:43:13.988 [SETTLE] exp=2 gold=199367 len=403
2026-10-02 21:43:37.311 [SETTLE] exp=2 gold=199367 len=403
2026-10-02 21:44:03.245 [SETTLE] exp=1 gold=199367 len=403
2026-10-02 21:44:27.414 [SETTLE] exp=1 gold=199367 len=393
2026-10-02 21:44:45.992 [SETTLE] exp=1 gold=199367 len=403
2026-10-02 21:44:46.075 [OP] 4210 inv=FFF3 len=12 #2 140bdcfaef2b1f807aecfc0b
2026-10-02 21:45:08.815 [SETTLE] exp=1 gold=199367 len=403
2026-10-02 21:45:32.220 [SETTLE] exp=1 gold=199367 len=403
2026-10-02 21:45:58.095 [SETTLE] exp=2 gold=199367 len=403
2026-10-02 21:46:22.332 [SETTLE] exp=1 gold=199367 len=393
2026-10-02 21:46:48.285 [SETTLE] exp=2 gold=199367 len=393
2026-10-02 21:47:13.596 [SYS] #00FF00#1#00FFFF#分钟后逍遥村周围将掉落20个宝箱，捡取可获得意外惊喜喔！#FFFFFF#
2026-10-02 21:47:15.720 [SETTLE] exp=2 gold=199367 len=403
2026-10-02 21:47:40.971 [SETTLE] exp=1 gold=199367 len=393
2026-10-02 21:48:06.520 [SETTLE] exp=1 gold=199367 len=403
2026-10-02 21:48:24.735 [SETTLE] exp=2 gold=199367 len=393
2026-10-02 21:48:50.133 [SETTLE] exp=1 gold=199367 len=403
2026-10-02 21:49:20.677 [SETTLE] exp=2 gold=199367 len=393
2026-10-02 21:49:45.231 [SETTLE] exp=2 gold=199367 len=403
2026-10-02 21:49:59.765 [SYS] #00FFFF#国庆节特别活动“红旗飘飘贺国庆”将于#00FF00#10#00FFFF#分钟后结束，装饰国旗将在活动结束#00FF00#30#00FFFF#分钟后关闭。请冒险者抓紧时间喔！#FFFFFF#
2026-10-02 21:50:15.293 [SETTLE] exp=2 gold=199367 len=393
2026-10-02 21:50:22.525 [SYS] #00FF00#1#00FFFF#分钟后逍遥村周围将掉落20个宝箱，捡取可获得意外惊喜喔！#FFFFFF#
2026-10-02 21:50:39.094 [SETTLE] exp=2 gold=199367 len=403
2026-10-02 21:51:00.437 [SETTLE] exp=1 gold=199367 len=403
2026-10-02 21:51:26.531 [SETTLE] exp=1 gold=199367 len=403
2026-10-02 21:51:50.064 [SETTLE] exp=1 gold=199367 len=403
2026-10-02 21:52:11.619 [SETTLE] exp=2 gold=199367 len=393
2026-10-02 21:52:42.086 [SETTLE] exp=2 gold=199367 len=403
2026-10-02 21:53:07.473 [SETTLE] exp=1 gold=199367 len=393
2026-10-02 21:53:17.637 [SYS] #FFF692#恭喜#FF8CF8#岚华骏铭#FFF692#在#00C8F8#国庆福袋#FFF692#中获得了#64FF7D#本命神宠-魔法
2026-10-02 21:53:35.201 [SETTLE] exp=1 gold=199367 len=393
2026-10-02 21:53:37.579 [OP] 4031 inv=FFDE len=33 #2 b05175dce8a32b1faa5be1aede8674c149b2e941d84cdea1faa3dd367f1a998a0b
2026-10-02 21:53:54.675 [SETTLE] exp=1 gold=199367 len=393
2026-10-02 21:54:17.950 [SETTLE] exp=1 gold=199367 len=393
2026-10-02 21:54:46.311 [SETTLE] exp=2 gold=199367 len=393
2026-10-02 21:54:46.398 [OP] 4707 inv=FFF3 len=12 #1 603bad807aecfc0b17faa32b
2026-10-02 21:54:46.399 [OP] 4612 inv=FFF7 len=8 #1 ca805b64238052fa
2026-10-02 21:54:59.761 [SYS] #00FFFF#国庆节特别活动“红旗飘飘贺国庆”将于#00FF00#5#00FFFF#分钟后结束，装饰国旗将在活动结束#00FF00#30#00FFFF#分钟后关闭。请冒险者抓紧时间喔！#FFFFFF#
2026-10-02 21:55:07.920 [SETTLE] exp=2 gold=199367 len=403
2026-10-02 21:55:29.049 [OP] 4031 inv=FFDE len=33 #3 375127dcc6a32b1faa5b499fde866dd7b3c29e92eb030bdc5950b9315e8487650b
2026-10-02 21:55:33.434 [SETTLE] exp=1 gold=199367 len=403
2026-10-02 21:55:54.769 [SETTLE] exp=2 gold=199367 len=403
2026-10-02 21:56:23.481 [SETTLE] exp=2 gold=199367 len=403
2026-10-02 21:56:43.850 [SETTLE] exp=2 gold=199367 len=403
2026-10-02 21:57:08.571 [SETTLE] exp=1 gold=199367 len=403
2026-10-02 21:57:24.019 [OP] 4031 inv=FFDC len=35 #4 775bf15145dcfaa32b1f676f5b1360a201337a40e9e991740bdc80eb797136e4e5e20b
2026-10-02 21:57:36.231 [SETTLE] exp=2 gold=199367 len=403
2026-10-02 21:57:36.316 [OP] 4210 inv=FFF3 len=12 #3 140bdcfa2f2b1f8023ecfc0b
2026-10-02 21:58:01.297 [SETTLE] exp=1 gold=199367 len=403
2026-10-02 21:58:23.404 [SETTLE] exp=2 gold=199367 len=393
2026-10-02 21:58:27.882 [OP] 4031 inv=FFD7 len=40 #5 3bfa612b56805b64510b2c0b979c5fc2669b8793884e32ebe905b46451e42a2a2b3cc534be42b30b
2026-10-02 21:58:53.623 [SETTLE] exp=2 gold=199367 len=403
2026-10-02 21:58:59.763 [SYS] #00FFFF#国庆节特别活动“红旗飘飘贺国庆”将于#00FF00#1#00FFFF#分钟后结束，装饰国旗将在活动结束#00FF00#30#00FFFF#分钟后关闭。请冒险者抓紧时间喔！#FFFFFF#
2026-10-02 21:59:19.852 [SETTLE] exp=2 gold=199367 len=393
2026-10-02 21:59:44.336 [SETTLE] exp=1 gold=199367 len=393
2026-10-02 21:59:59.847 [SYS] #00FFFF#国庆焰火晚会开始了，冒险者可到旗台处参与燃放烟花，幸运者还可能得到稀有奖励喔！装饰国旗以及燃放烟花将在#00FF00#30#00FFFF#分钟后关闭，请冒险者抓紧时间喔！#FFFFFF#
2026-10-02 22:00:08.165 [SETTLE] exp=2 gold=199367 len=393
2026-10-02 22:00:35.780 [SETTLE] exp=2 gold=199367 len=403
2026-10-02 22:01:01.905 [SETTLE] exp=2 gold=199367 len=393
2026-10-02 22:01:25.741 [SETTLE] exp=2 gold=199367 len=393
2026-10-02 22:01:51.039 [SETTLE] exp=1 gold=199367 len=393
2026-10-02 22:02:16.743 [SETTLE] exp=2 gold=199367 len=403
2026-10-02 22:02:23.691 [OP] 4707 inv=FFF3 len=12 #2 603bad8063cdfc0b17faa32b
2026-10-02 22:02:23.772 [OP] 43F1 inv=FFFA len=5 #1 33b4de1fc7
2026-10-02 22:02:23.774 [OP] 40E0 inv=FED1 len=302 #1 12b252fac37c1f805b64510bdee8a32b1f805b6437fddcfaa32b1f8012f8510bdcfaa32baca05b64fc0bdcfa392b1f804864510ba7e8a32bad805b64d70bdcfaed2b1f80f6df510bc1e8a32b2c805b64eaf8dcfad6531f806c64510b78c4a32b998c5b64b6ecdcfa732b1f800d64510b8ffaa32b1f805b64510bdcfaa32b1f805b64510bdcfaa32b1f805b64430bdcfaa32b1f805b64510bdcfaa32b1f805b64
2026-10-02 22:02:23.797 [OUT] 0185 inv=FFF7 len=12 #1 f7ff8501dcfaa32bc8d97b81
2026-10-02 22:02:23.839 [OP] 4612 inv=FFF7 len=8 #2 ca805b64b4b252fa
2026-10-02 22:02:25.727 [OUT] 0049 inv=FFEC len=23 #1 ecff49002b1f805b64510bdc5a4e78c8805b64510b1fc4
2026-10-02 22:02:25.784 [OP] 4020 inv=FFE7 len=24 #1 12b252facd2bca8094a9510bc740a32bca809564950b5efa
2026-10-02 22:02:25.784 [OP] 4202 inv=FFEF len=16 #1 230bdcfaa32b1f800ea9510b4a5ba32b
2026-10-02 22:02:25.786 [OUT] 0045 inv=FFF7 len=12 #1 f7ff4500510bdcfa272b1f80
2026-10-02 22:02:25.825 [OP] 40E0 inv=FED1 len=302 #2 12b252fac37c1f805b64510bdee8a32b1f805b6437fddcfaa32b1f8012f8510bdcfaa32baca05b64fc0bdcfa392b1f804864510ba7e8a32bad805b64d70bdcfaed2b1f80f6df510bc1e8a32b2c805b64eaf8dcfad6531f806c64510b78c4a32b998c5b64b6ecdcfa732b1f800d64510b8ffaa32b1f805b64510bdcfaa32b1f805b64510bdcfaa32b1f805b64430bdcfaa32b1f805b64510bdcfaa32b1f805b64
2026-10-02 22:02:25.825 [OP] 40E3 inv=FFD3 len=44 #1 12b252fa3178c8d9b164610b33fabc2be080956445ec6ffabf5384809fdf0b0b0022202b01cec464edd090fa
2026-10-02 22:02:25.829 [OP] 40E2 inv=FFF3 len=12 #1 41cdfc0b6ffa392b45809564
2026-10-02 22:02:25.829 [OP] 4232 inv=FF60 len=159 #1 22afd0dce0a32b1f4f5b645127dcfaa3de1f805b6f510bdc1c462b1f805b64510bdcfaa32b1f805b64510bdcfaa32b1f805b64510bdcfaa3599d805b64510bdcb7f82b1f805b6451fb8bfaa32b1f805b4e580bdcfaa32b1f227a64519c52faa3edad805b7c510bdc25a32b1fef5b6451c4dcfaa3d4ad805bbc510bdc6ba32b1f0a5b64510bdcfaa32cd672eca2d661e2b05b931f805b64510bdcfaa32b1f80
2026-10-02 22:02:25.829 [OP] 4232 inv=FF60 len=159 #2 22afd0dce0a32b1f4e5b6451b2dcfaa3321f805b08510bdc7e232b1f805b64510bdcfaa32b1f805b64510bdcfaa32b1f805b64510bdcfaa386a5805b64510bdcef392b1f805b645118e6faa32b1f805b06b20bdcfaa32b1f332364515090faa3b834805b6b510bdcbaa32b1fef5b6451c4dcfaa30ca5805b02510bdcb5a32b1fd35b64510bdcfaa32cd672eca2d61ee2b05bde1f805bdf510bdcfaa32b1f80
2026-10-02 22:02:25.829 [OP] 4232 inv=FF60 len=159 #3 22afd0dc25a32b1fca5b64513ddcfaa36b1f805b08510bdc95572b1f805b64510bdcfaa32b1f805b64510bdcfaa32b1f805b64510bdcfaa3233c805b64510bdc1a232b1f805b64514066faa32b1f805b1d830bdcfaa32b1f97d064512252faa33f8a805bcd580bdc06a32b1fef5b6451c4dcfaa3ea3c805bf1580bdcb2db2b1f239564510bdcfaa32cd6724852d6dea1b05b4aca8095f8510bdcfaa32b1f80
2026-10-02 22:02:25.920 [OP] 4055 inv=FFF7 len=8 #1 41cdfc0bdcfaa32b
2026-10-02 22:02:25.920 [OP] 4613 inv=FFC1 len=62 #1 ca29e5af58d5dc590193f6a3e9cd194f6fc4a6463041550758ec6fc4a32bcaaa9564e55d4a300253ab809464510bdcfaf82b1f7926b35c3828d7fb2b1f80
2026-10-02 22:02:25.921 [OP] 40A0 inv=FCAF len=848 #1 41cdfc0ba90e392bcdc75b647dd0dcfadb4a3826f012510bdcfaa32b1f805b64510bdcfaa32b1f805b64510bdcfaa32b1f805b64510bdcfaa32b1f80a237d475f6dcd62402c75b6440ecdcfadb4a3268bef22e60dcfaa32b1f805b64510bdcfaa32b1f805b64510bdcfaa32b1f805b64510bdcfaa32b1f80b7a9a675d2308f24f4c75b64d4c4dcfadb4a7caf33b4303ccdb38023db065b64510bdcfaa32b1f80
2026-10-02 22:02:25.921 [OP] 4613 inv=FCCB len=820 #2 b78382b79508514907e8ad8d59b06653872890325993caabedf8ae536a372924caaa95df510b6fc4f82bf02a2fa943ec35faa35859805b64580bdc25c2d41e5f544e191edcfaa39523b79508512ec9e8e8dc9a071319587be3c49416ba41550758ec6fc4a32bcaaa9564e55d4a300253ab809474fd0b52faf82b1f7926b35c3828d7512b1f80f546feece6fa6a8259ae37ffaf96a6c4f8b32ba9da8a4bec6fc4
2026-10-02 22:02:25.921 [OP] 4025 inv=FFF5 len=10 #1 27533832c4df51ece2fa
2026-10-02 22:02:26.236 [OUT] 0185 inv=FFF7 len=12 #2 f7ff8501dcfaa32bc8d97b81
2026-10-02 22:02:28.091 [OP] 4613 inv=FFBE len=65 #3 c49c1c10aa4064291790104263bc7913195826e3c4a646d741550758ec6fc4a32bcaaa9564e55d4a300253ab809464510bdcfaf82b1f7926b35c3828d7972b1f80
2026-10-02 22:02:35.516 [OP] 4613 inv=FFBE len=65 #4 c48911e3aa40d95eb56ac4e09c50793b5c0e26e3c4509462b54a53cab56ac4f853ca805bdf58ecdc2c98652db3951a517fdcfaa3de1f805b64b2720c463c2b1f80
2026-10-02 22:02:35.632 [OP] 40EB inv=FFE7 len=24 #1 74c2392b41a0c464f30bdcc6a32b1f809564510b3dc0a32b
2026-10-02 22:02:35.715 [OP] 4613 inv=FFB9 len=70 #5 953ad9f86fe0a353ca0c2649af473894315330df95e85bccfa33023bcaaa95df5bc2e7faa353caaa5b731cad54a8f8541fc7333751c4dcc4a32becc266ef33409d80a82b1f80
2026-10-02 22:02:37.373 [OP] 40EB inv=FFE7 len=24 #2 74c2392b40d39464f40bdcc6a32b1f809564510b45c0a32b
2026-10-02 22:02:44.138 [OP] 4704 inv=FFDE len=33 #1 5ca722a39ef3ce5b64510bdcfaa32b1f3cc83369938c93a32b1f805b64510bdcfa
2026-10-02 22:02:44.138 [OUT] 0031 inv=FFCE len=53 #1 ceff310075c6998b33b4de1fc84d9f58fb589efd6dc7b695d976c96f8b9bec33e566b2b2d286033d6643505b64510bdcfaa32b1f80
2026-10-02 22:02:44.184 [OP] 43F1 inv=FFFA len=5 #2 33b4de1faa
2026-10-02 22:02:44.276 [OP] 401B inv=FF73 len=140 #1 603bad809464510b17faa32b7207c464530bdcfa972b1f80afc6510bdcfaa32be4c65b64510bdcfae9931f805b64510bffe8a32b1f805b64bc595ab12b219f805b64510bdcfaa32b1faa5b6412b252fada2b1f802964510bac9fa32b1f805b6437fddcfaa32b1f8012f8510bdcfaa32be0c75b64510bdcfa16876c842d437f0bdcfaa32b1f805b6451b1572f
2026-10-02 22:02:44.423 [OP] 4705 inv=FFB8 len=71 #1 966b7f5134a722a3b3f3ce5b0f310bdcfaa32b1ffd2764510bdcfaa3e51f805b64510bdca7f82b1f805b645131dcfaa33a1f805b6651d286033d6643d45b64510bdcfaa32b1f80
2026-10-02 22:02:45.666 [OP] 4705 inv=FFB8 len=71 #2 966b7f5134a722a37d67ce5bd1b20bdcfaa32b1fcc1c64510bdcfaa30359805b64510bdcaadb2b1f805b645131dcfaa3141f805b2751a2da2bf061f1341a64510bdcfaa32b1f80
2026-10-02 22:02:46.951 [OP] 4705 inv=FFB8 len=71 #3 966b7f5134a722a35d67ce5b2dfc0bdcfaa32b1fbbc464510bdcfaa34759805b64510bdc9ddb2b1f805b645131dcfaa3141f805b5151a2da2bf0774b341a64510bdcfaa32b1f80
2026-10-02 22:02:48.872 [OP] 4612 inv=FFF7 len=8 #3 ca805b64432590fa
2026-10-02 22:02:55.489 [OP] 40A0 inv=FE8F len=368 #2 41cdfc0be6fa392bb8805b643875dcfadb4ab5c13cf2bc05b600f07f9aeb5b64510bdcfaa32b1f805b64510bdcfaa32b1f805b64510bdcfaa32b1f803cc690b1076ee64a4cc75b64190bdcfadb4a0bc1f055510bdcfaa32b1f805b64510bdcfaa32b1f805b64510bdcfaa32b1f805b64510bdcfaa32b1f801bc6a0b1a96e054a15c75b64317fdcfadb4a7caf855d3064288d4cb51f805b64510bdcfaa32b1f80
2026-10-02 22:02:57.394 [OP] 40A0 inv=FF07 len=248 #3 41cdfc0b8bfa392b3ec75b64950bdcfadb4a6c05c267510bdcfaa32b1f805b64510bdcfaa32b1f805b64510bdcfaa32b1f805b64510bdcfaa32b1f80b7d9dfd0d29fe1dee5c75b64237fdcfadb4adb2f6340510bdcfaa32b1f805b64510bdcfaa32b1f805b64510bdcfaa32b1f805b64510bdcfaa32b1f80f8d965d0329f41de1cc75b641ac4dcfadb4a429a24ca5c00cd974148b97a632a510bdcfaa32b1f80
2026-10-02 22:02:57.394 [OP] 4612 inv=FFDB len=36 #4 5c64510b6733db2b953c946413d290facf32ad8024010e0b0333db2ba57c946444cd52fa
2026-10-02 22:02:57.394 [OP] 4612 inv=FFDB len=36 #5 5c64510b6733db2b953c946413d290facf32ad8024010e0b0333db2ba57c946444cd52fa
2026-10-02 22:03:00.399 [OP] 40A0 inv=FF43 len=188 #4 41cdfc0b52fadb2b7ac75b6453ecdcfadb4a363c3ee11e9edcfaa32b1f805b64510bdcfaa32b1f805b64510bdcfaa32b1f805b64510bdcfaa32b1f80cac6b97f106ec8932bc75b64c57fdcfadb4a121a2d40510bdcfaa32b1f805b64510bdcfaa32b1f805b64510bdcfaa32b1f805b64510bdcfaa32b1f8000c6527f956e519346c75b64e90bdcfadb4ac3fbdb22072f7d166aa11f805b64510bdcfaa32b1f80
2026-10-02 22:03:02.410 [OP] 40A0 inv=FF43 len=188 #5 41cdfc0b52fadb2b24c75b64a67fdcfadb4a962f98da510bdcfaa32b1f805b64510bdcfaa32b1f805b64510bdcfaa32b1f805b64510bdcfaa32b1f80337ae4d0aa02a8de8dc75b6403d0dcfadb4ae49ee986960a5af1d47f722c3c49510bdcfaa32b1f805b64510bdcfaa32b1f805b64510bdcfaa32b1f8066be72d0584765de6cb65b6439ecdcfadb4a7caf33b4303c60d18b02b5d85b64510bdcfaa32b1f80
2026-10-02 22:03:07.521 [SYS] #FFF692#交纳传送费用#00CCFF#690#FFF692#金币！
2026-10-02 22:03:07.521 [SYS] #ff0000#您已进入野外区域，可能遭遇玩家间的自由对战，请注意安全！#ffffff#
2026-10-02 22:03:07.521 [CURRENCY] a=199367 b=976012
2026-10-02 22:03:07.521 [OP] 40E0 inv=FED1 len=302 #3 12b252fac37c1f805b64510bdee8a32b1f805b6437fddcfaa32b1f8012f8510bdcfaa32baca05b64fc0bdcfa392b1f804864510ba7e8a32bad805b64d70bdcfaed2b1f80f6df510bc1e8a32b2c805b64eaf8dcfad6531f806c64510b78c4a32b998c5b64b6ecdcfa732b1f800d64510b8ffaa32b1f805b64510bdcfaa32b1f805b64510bdcfaa32b1f805b64430bdcfaa32b1f805b64510bdcfaa32b1f805b64
2026-10-02 22:03:07.521 [OP] 40E3 inv=FFD3 len=44 #2 12b252fa312b1f80b164610b33fabc2be080956445ec6ffabf5384809fdf0b0b0022202b01cec464edd090fa
2026-10-02 22:03:07.521 [OP] 40E2 inv=FFF3 len=12 #2 41cdfc0b6ffaa32b45809564
2026-10-02 22:03:07.521 [OP] 4232 inv=FF60 len=159 #4 22afd0dce0a32b1f4f5b645127dcfaa3de1f805b6f510bdc1c462b1f805b64510bdcfaa32b1f805b64510bdcfaa32b1f805b64510bdcfaa3599d805b64510bdcb7f82b1f805b6451fb8bfaa32b1f805b4e580bdcfaa32b1f227a64519c52faa3edad805b7c510bdc25a32b1fef5b6451c4dcfaa3d4ad805bbc510bdc6ba32b1f0a5b64510bdcfaa32cd672eca2d661e2b05b931f805b64510bdcfaa32b1f80
2026-10-02 22:03:07.521 [OP] 4232 inv=FF60 len=159 #5 22afd0dce0a32b1f4e5b6451b2dcfaa3321f805b08510bdc7e232b1f805b64510bdcfaa32b1f805b64510bdcfaa32b1f805b64510bdcfaa386a5805b64510bdcef392b1f805b645118e6faa32b1f805b06b20bdcfaa32b1f332364515090faa3b834805b6b510bdcbaa32b1fef5b6451c4dcfaa30ca5805b02510bdcb5a32b1fd35b64510bdcfaa32cd672eca2d61ee2b05bde1f805bdf510bdcfaa32b1f80
2026-10-02 22:03:07.521 [OP] 401B inv=FEB3 len=332 #2 603bad800d64510b17faa32b7207c464530bdcfa972b1f80afc6510bdcfaa32be4c65b64510bdcfae9931f805b64510bffe8a32b1f805b64bc595ab12b219f805b64510bdcfaa32b1f80a3f012b252fada2b1f802964510bac9fa32b1f805b6437fddcfaa32b1f8012f8510bdcfaa32be0c75b64510bdcfa16876c842d437f0bdcfaa32b1f805b64510b0ee4a63bad803564510b68faa32b53ca5b64510bdcfa
2026-10-02 22:03:07.537 [OUT] 0185 inv=FFF7 len=12 #3 f7ff8501dcfaa32bc8d97b81
2026-10-02 22:03:07.584 [OP] 4202 inv=FFEF len=16 #2 b7ecdcfa572b1f80f7df510b94c4a32b
2026-10-02 22:03:07.584 [OP] 4055 inv=FFF7 len=8 #2 41cdfc0bdcfaa32b
2026-10-02 22:03:13.696 [SYS] #ff0000#您已进入野外区域，可能遭遇玩家间的自由对战，请注意安全！#ffffff#
2026-10-02 22:03:13.748 [OP] 40E0 inv=FED1 len=302 #4 12b252fac37c1f805b64510bdee8a32b1f805b6437fddcfaa32b1f8012f8510bdcfaa32baca05b64fc0bdcfa392b1f804864510ba7e8a32bad805b64d70bdcfaed2b1f80f6df510bc1e8a32b2c805b64eaf8dcfad6531f806c64510b78c4a32b998c5b64b6ecdcfa732b1f800d64510b8ffaa32b1f805b64510bdcfaa32b1f805b64510bdcfaa32b1f805b64430bdcfaa32b1f805b64510bdcfaa32b1f805b64
2026-10-02 22:03:13.748 [OP] 40E3 inv=FFD3 len=44 #3 12b252fa312b1f80b164610b33fabc2be080956445ec6ffabf5384809fdf0b0b0022202b01cec464edd090fa
2026-10-02 22:03:13.748 [OP] 40E2 inv=FFF3 len=12 #3 41cdfc0b6ffaa32b45809564
2026-10-02 22:03:13.748 [OP] 401B inv=FEB3 len=332 #3 603bad800d64510b17faa32b7207c464530bdcfa972b1f80afc6510bdcfaa32be4c65b64510bdcfae9931f805b64510bffe8a32b1f805b64bc595ab12b219f805b64510bdcfaa32b1fad5b6412b252fada2b1f802964510bac9fa32b1f805b6437fddcfaa32b1f8012f8510bdcfaa32be0c75b64510bdcfa16876c842d437f0bdcfaa32b1f805b64510bdcfaa63bad803564510b68faa32b53ca5b64510bdcfa
2026-10-02 22:03:13.748 [OP] 4202 inv=FFEF len=16 #3 15ecdcfab42b1f8056df510bf5baa32b
2026-10-02 22:03:13.748 [OP] 4055 inv=FFF7 len=8 #3 41cdfc0bdcfaa32b
2026-10-02 22:03:13.778 [OUT] 0185 inv=FFF7 len=12 #4 f7ff8501dcfaa32bc8d97b81
2026-10-02 22:03:27.690 [SYS] #00FF00#1#00FFFF#分钟后逍遥村周围将掉落20个宝箱，捡取可获得意外惊喜喔！#FFFFFF#
2026-10-02 22:03:41.713 [SETTLE] exp=1 gold=199367 len=393
2026-10-02 22:04:03.520 [SETTLE] exp=1 gold=199367 len=403
2026-10-02 22:04:20.730 [SETTLE] exp=2 gold=199367 len=403
2026-10-02 22:04:44.405 [SETTLE] exp=1 gold=199367 len=403
2026-10-02 22:04:47.739 [SYS] #FF8CF8#【岚华】#00FFFF#放了一个大炮仗，在逍遥村东区周围炸出红星券，大家快来抢哟！
2026-10-02 22:05:06.751 [SETTLE] exp=1 gold=199367 len=393
2026-10-02 22:05:30.243 [SETTLE] exp=2 gold=199367 len=403
2026-10-02 22:05:52.500 [SETTLE] exp=2 gold=199367 len=403
2026-10-02 22:06:14.446 [SETTLE] exp=2 gold=199367 len=393
2026-10-02 22:06:35.757 [SETTLE] exp=2 gold=199367 len=393
2026-10-02 22:06:54.066 [SETTLE] exp=1 gold=199367 len=393
2026-10-02 22:07:18.663 [SETTLE] exp=1 gold=199367 len=403
2026-10-02 22:07:38.401 [SETTLE] exp=1 gold=199367 len=403
2026-10-02 22:08:05.396 [SETTLE] exp=1 gold=199367 len=403
2026-10-02 22:08:31.762 [SETTLE] exp=1 gold=199367 len=403
2026-10-02 22:08:53.543 [SETTLE] exp=2 gold=199367 len=393
2026-10-02 22:09:14.880 [SETTLE] exp=1 gold=199367 len=393
2026-10-02 22:09:24.419 [SYS] #FF8CF8#【岚华】#00FFFF#放了一个大炮仗，在逍遥村东区周围炸出红星券，大家快来抢哟！
2026-10-02 22:09:40.942 [SETTLE] exp=1 gold=199367 len=393
2026-10-02 22:10:03.155 [SETTLE] exp=1 gold=199367 len=393
2026-10-02 22:10:24.150 [SETTLE] exp=2 gold=199367 len=403
2026-10-02 22:10:32.567 [SYS] #FF8CF8#【岚华】#00FFFF#放了一个大炮仗，在逍遥村东区周围炸出红星券，大家快来抢哟！
2026-10-02 22:11:14.164 [SETTLE] exp=2 gold=199367 len=403
2026-10-02 22:11:39.864 [SETTLE] exp=2 gold=199367 len=403
2026-10-02 22:11:47.098 [SYS] #FF8CF8#【岚华】#00FFFF#放了一个大炮仗，在逍遥村东区周围炸出红星券，大家快来抢哟！
2026-10-02 22:12:10.659 [SETTLE] exp=2 gold=199367 len=403
2026-10-02 22:12:37.107 [SETTLE] exp=2 gold=199367 len=393
2026-10-02 22:13:02.079 [SETTLE] exp=1 gold=199367 len=393
2026-10-02 22:13:22.474 [SETTLE] exp=1 gold=199367 len=403
2026-10-02 22:13:44.742 [SETTLE] exp=1 gold=199367 len=403
2026-10-02 22:14:11.788 [SETTLE] exp=2 gold=199367 len=413
2026-10-02 22:14:36.077 [SETTLE] exp=2 gold=199367 len=403
2026-10-02 22:14:54.619 [SYS] #FF8CF8#【岚华】#00FFFF#放了一个大炮仗，在逍遥村东区周围炸出红星券，大家快来抢哟！
2026-10-02 22:15:04.863 [SETTLE] exp=2 gold=199367 len=403
2026-10-02 22:15:37.551 [SETTLE] exp=1 gold=199367 len=403
2026-10-02 22:16:03.216 [SYS] #FF8CF8#【岚华】#00FFFF#放了一个大炮仗，在逍遥村东区周围炸出红星券，大家快来抢哟！
2026-10-02 22:16:05.054 [SETTLE] exp=2 gold=199367 len=403
2026-10-02 22:16:23.639 [SETTLE] exp=2 gold=199367 len=393
2026-10-02 22:16:50.482 [SETTLE] exp=1 gold=199367 len=393
2026-10-02 22:17:12.471 [SETTLE] exp=1 gold=199367 len=403
2026-10-02 22:17:32.429 [SETTLE] exp=2 gold=199367 len=403
2026-10-02 22:17:58.443 [SETTLE] exp=2 gold=199367 len=393
2026-10-02 22:18:23.329 [SETTLE] exp=2 gold=199367 len=393
2026-10-02 22:18:49.923 [SETTLE] exp=1 gold=199367 len=403
2026-10-02 22:19:15.548 [SETTLE] exp=1 gold=199367 len=403
2026-10-02 22:19:41.942 [SETTLE] exp=1 gold=199367 len=413
2026-10-02 22:20:02.583 [SETTLE] exp=2 gold=199367 len=403
2026-10-02 22:20:30.591 [SETTLE] exp=2 gold=199367 len=393
2026-10-02 22:20:54.157 [SETTLE] exp=1 gold=199367 len=403
2026-10-02 22:20:58.831 [SYS] #FF8CF8#【岚华】#00FFFF#放了一个大炮仗，在逍遥村东区周围炸出红星券，大家快来抢哟！
2026-10-02 22:21:24.249 [SETTLE] exp=2 gold=199367 len=393
2026-10-02 22:21:50.532 [SETTLE] exp=1 gold=199367 len=393
2026-10-02 22:22:17.017 [SETTLE] exp=1 gold=199367 len=403
2026-10-02 22:22:38.434 [SETTLE] exp=2 gold=199367 len=393
2026-10-02 22:23:05.490 [SETTLE] exp=1 gold=199367 len=393
2026-10-02 22:23:08.745 [SYS] #FF8CF8#【岚华骏铭】#00FFFF#放了一个大炮仗，在逍遥村东区周围炸出红星券，大家快来抢哟！
2026-10-02 22:23:31.398 [SETTLE] exp=1 gold=199367 len=393
2026-10-02 22:23:36.447 [SYS] #FF8CF8#【岚华骏铭】#00FFFF#放了一个大炮仗，在逍遥村东区周围炸出红星券，大家快来抢哟！
2026-10-02 22:23:58.298 [SETTLE] exp=2 gold=199367 len=403
2026-10-02 22:24:25.975 [SETTLE] exp=2 gold=199367 len=393
2026-10-02 22:24:47.540 [SETTLE] exp=1 gold=199367 len=393
2026-10-02 22:25:11.408 [SETTLE] exp=2 gold=199367 len=403
2026-10-02 22:25:33.707 [SETTLE] exp=2 gold=199367 len=393
2026-10-02 22:25:56.829 [SETTLE] exp=1 gold=199367 len=393
2026-10-02 22:26:15.005 [SETTLE] exp=2 gold=199367 len=403
2026-10-02 22:26:36.502 [SETTLE] exp=1 gold=199367 len=393
2026-10-02 22:26:59.753 [SYS] #00FFFF#国庆焰火晚会开始了，冒险者可到旗台处参与燃放烟花，幸运者还可能得到稀有奖励喔！装饰国旗以及燃放烟花将在#00FF00#3#00FFFF#分钟后关闭，请冒险者抓紧时间喔！#FFFFFF#
2026-10-02 22:27:11.802 [SETTLE] exp=2 gold=199367 len=403
2026-10-02 22:27:30.959 [SYS] #FF8CF8#【岚华骏铭】#00FFFF#放了一个大炮仗，在逍遥村东区周围炸出红星券，大家快来抢哟！
2026-10-02 22:27:35.727 [SETTLE] exp=2 gold=199367 len=393
2026-10-02 22:28:01.471 [SETTLE] exp=2 gold=199367 len=393
2026-10-02 22:28:27.751 [SETTLE] exp=2 gold=199367 len=403
2026-10-02 22:28:49.124 [SETTLE] exp=2 gold=199367 len=393
2026-10-02 22:29:08.559 [SETTLE] exp=1 gold=199367 len=393
2026-10-02 22:29:32.046 [SETTLE] exp=1 gold=199367 len=393
2026-10-02 22:29:57.097 [SETTLE] exp=2 gold=199367 len=403
2026-10-02 22:29:59.753 [SYS] #00FFFF#国庆节特别活动“红旗飘飘贺国庆”以及国庆焰火晚会到此结束，谢谢各位冒险者的热情参与，祝所有冒险者国庆快乐！#FFFFFF#
2026-10-02 22:30:20.734 [SETTLE] exp=2 gold=199367 len=403
2026-10-02 22:30:37.816 [SETTLE] exp=1 gold=199367 len=393
2026-10-02 22:31:00.326 [SETTLE] exp=2 gold=199367 len=403
2026-10-02 22:31:00.509 [OP] 4210 inv=FFF3 len=12 #4 660bdcfa662b1f807aecfc0b
2026-10-02 22:31:22.648 [SETTLE] exp=2 gold=199367 len=393
2026-10-02 22:31:46.788 [SETTLE] exp=1 gold=199367 len=393
2026-10-02 22:32:20.434 [SETTLE] exp=1 gold=199367 len=403
2026-10-02 22:32:50.434 [SETTLE] exp=2 gold=199367 len=403
2026-10-02 22:33:14.392 [SETTLE] exp=2 gold=199367 len=393
2026-10-02 22:33:39.506 [SETTLE] exp=1 gold=199367 len=403
2026-10-02 22:34:03.930 [SETTLE] exp=1 gold=199367 len=393
2026-10-02 22:34:23.488 [SETTLE] exp=1 gold=199367 len=393
2026-10-02 22:34:45.259 [SETTLE] exp=1 gold=199367 len=403
2026-10-02 22:35:07.388 [SETTLE] exp=1 gold=199367 len=403
2026-10-02 22:35:28.071 [SETTLE] exp=2 gold=199367 len=393
2026-10-02 22:35:45.738 [SETTLE] exp=2 gold=199367 len=403
2026-10-02 22:36:08.410 [SETTLE] exp=2 gold=199367 len=403
2026-10-02 22:36:08.507 [OP] 4210 inv=FFF3 len=12 #5 660bdcfaef2b1f8023ecfc0b
2026-10-02 22:36:28.677 [SETTLE] exp=1 gold=199367 len=403
2026-10-02 22:36:46.336 [SETTLE] exp=2 gold=199367 len=403
2026-10-02 22:37:14.228 [SETTLE] exp=1 gold=199367 len=393
2026-10-02 22:37:40.392 [SETTLE] exp=2 gold=199367 len=403
2026-10-02 22:38:05.773 [SETTLE] exp=1 gold=199367 len=393
2026-10-02 22:38:25.804 [SETTLE] exp=2 gold=199367 len=393
2026-10-02 22:38:47.590 [SETTLE] exp=1 gold=199367 len=403
2026-10-02 22:39:05.448 [SETTLE] exp=2 gold=199367 len=403
2026-10-02 22:39:33.649 [SETTLE] exp=2 gold=199367 len=403
2026-10-02 22:39:51.835 [SETTLE] exp=2 gold=199367 len=403
2026-10-02 22:40:18.423 [SETTLE] exp=2 gold=199367 len=393
2026-10-02 22:40:39.866 [SETTLE] exp=1 gold=199367 len=393
2026-10-02 22:41:03.735 [SETTLE] exp=1 gold=199367 len=393
2026-10-02 22:41:28.805 [SETTLE] exp=2 gold=199367 len=393
2026-10-02 22:41:47.677 [SETTLE] exp=1 gold=199367 len=393
2026-10-02 22:42:17.677 [SETTLE] exp=1 gold=199367 len=403
2026-10-02 22:42:44.520 [SETTLE] exp=2 gold=199367 len=393
2026-10-02 22:43:07.354 [SETTLE] exp=2 gold=199367 len=403
2026-10-02 22:43:33.113 [SETTLE] exp=2 gold=199367 len=403
2026-10-02 22:44:02.266 [SETTLE] exp=1 gold=199367 len=403
2026-10-02 22:44:22.713 [SETTLE] exp=1 gold=199367 len=403
2026-10-02 22:44:47.604 [SETTLE] exp=2 gold=199367 len=393
2026-10-02 22:45:03.134 [QUESTION] {"type":"question","sock":2544,"qno":16,"field_a":88,"stem":"人们在动物园里看到的俗称\"四不象\"的动物是?","options":["1、驯兽师","2、猩猩队长","3、麋鹿","4、霸天虎"]}
2026-10-02 22:45:04.143 [UI] auto dump on question qno=16
2026-10-02 22:45:04.143 [UI] ---- window dump begin (pid 15292) ----
2026-10-02 22:45:04.156 [UI] TOP=0006028A vis=1 cls=ATL:0132F210 rc=(496,113,1536,920) title=什么什么大冒险2(①逍遥村敬老院)-伏地魔2_Sep 24 2026《什么什么大冒险》制作委员会QQ群:515616289
2026-10-02 22:45:04.156 [UI] TOP=0007029C vis=0 cls=DIEmWin rc=(-1,-1,135,38) title=DIEmWin
2026-10-02 22:45:04.164 [UI] TOP=00090A52 vis=0 cls=MSCTFIME UI rc=(0,0,0,0) title=MSCTFIME UI
2026-10-02 22:45:04.186 [UI] TOP=001005A4 vis=0 cls=IME rc=(0,0,0,0) title=Default IME
2026-10-02 22:45:04.186 [UI] TOP=000C0A54 vis=0 cls=IME rc=(0,0,0,0) title=Default IME
2026-10-02 22:45:04.194 [UI] ---- window dump end ----
2026-10-02 22:45:09.038 [SEND-ANSWER] qno=16 opt=2 ret=13 sock=2544
2026-10-02 22:45:09.085 [SYS] 测试通过！
2026-10-02 22:45:09.179 [SYS] 获得了#00FF00#100#FFF692#金币
2026-10-02 22:45:09.179 [CURRENCY] a=199367 b=976802
2026-10-02 22:45:10.853 [SETTLE] exp=2 gold=199367 len=403
2026-10-02 22:45:37.024 [SETTLE] exp=2 gold=199367 len=393
2026-10-02 22:45:55.270 [SETTLE] exp=2 gold=199367 len=403
2026-10-02 22:46:20.914 [SETTLE] exp=2 gold=199367 len=393
2026-10-02 22:46:46.759 [SETTLE] exp=1 gold=199367 len=403
2026-10-02 22:47:11.536 [SETTLE] exp=2 gold=199367 len=403
2026-10-02 22:47:31.267 [SETTLE] exp=1 gold=199367 len=393
2026-10-02 22:47:59.731 [SETTLE] exp=1 gold=199367 len=403
2026-10-02 22:48:31.757 [SETTLE] exp=1 gold=199367 len=393
2026-10-02 22:48:56.474 [SETTLE] exp=2 gold=199367 len=403
2026-10-02 22:49:25.777 [SETTLE] exp=1 gold=199367 len=403
2026-10-02 22:49:50.516 [SETTLE] exp=2 gold=199367 len=393
2026-10-02 22:50:13.271 [SETTLE] exp=1 gold=199367 len=403
2026-10-02 22:50:34.938 [SETTLE] exp=1 gold=199367 len=393
2026-10-02 22:51:03.252 [SETTLE] exp=1 gold=199367 len=393
2026-10-02 22:51:26.629 [SETTLE] exp=1 gold=199367 len=393
2026-10-02 22:51:48.625 [SETTLE] exp=1 gold=199367 len=393
2026-10-02 22:52:16.993 [SETTLE] exp=2 gold=199367 len=393
2026-10-02 22:52:35.752 [SETTLE] exp=1 gold=199367 len=393
2026-10-02 22:52:59.487 [SETTLE] exp=1 gold=199367 len=393
2026-10-02 22:53:24.876 [SETTLE] exp=2 gold=199367 len=403
2026-10-02 22:53:51.223 [SETTLE] exp=2 gold=199367 len=393
2026-10-02 22:54:11.214 [SETTLE] exp=1 gold=199367 len=403
2026-10-02 22:54:26.395 [SETTLE] exp=1 gold=199367 len=393
2026-10-02 22:54:50.182 [SETTLE] exp=1 gold=199367 len=393
2026-10-02 22:55:20.504 [SETTLE] exp=1 gold=199367 len=393
2026-10-02 22:55:40.560 [SETTLE] exp=2 gold=199367 len=393
2026-10-02 22:56:00.143 [SETTLE] exp=1 gold=199367 len=393
2026-10-02 22:56:27.684 [SETTLE] exp=1 gold=199367 len=403
2026-10-02 22:56:50.432 [SETTLE] exp=1 gold=199367 len=393
2026-10-02 22:57:20.283 [SETTLE] exp=1 gold=199367 len=403
2026-10-02 22:57:47.266 [SETTLE] exp=1 gold=199367 len=393
2026-10-02 22:58:13.253 [SETTLE] exp=1 gold=199367 len=403
2026-10-02 22:58:38.524 [SETTLE] exp=1 gold=199367 len=403
2026-10-02 22:58:57.937 [SETTLE] exp=1 gold=199367 len=403
2026-10-02 22:59:16.525 [OUT] 1F04 inv=FFF6 len=13 #2 f6ff041fce1f805bb0510bdce8
2026-10-02 22:59:21.955 [SETTLE] exp=2 gold=199367 len=403
2026-10-02 22:59:43.764 [SETTLE] exp=1 gold=199367 len=393
2026-10-02 23:00:08.517 [SETTLE] exp=1 gold=199367 len=403
2026-10-02 23:00:33.270 [SETTLE] exp=2 gold=199367 len=403
2026-10-02 23:00:56.604 [SETTLE] exp=2 gold=199367 len=403
2026-10-02 23:01:21.155 [SETTLE] exp=1 gold=199367 len=393
2026-10-02 23:01:47.346 [SETTLE] exp=2 gold=199367 len=403
2026-10-02 23:02:06.693 [SETTLE] exp=1 gold=199367 len=393
2026-10-02 23:02:28.107 [SETTLE] exp=1 gold=199367 len=393
2026-10-02 23:02:56.967 [SETTLE] exp=2 gold=199367 len=403
2026-10-02 23:03:23.471 [SETTLE] exp=1 gold=199367 len=403
2026-10-02 23:03:53.213 [SETTLE] exp=1 gold=199367 len=393
2026-10-02 23:04:19.626 [SETTLE] exp=2 gold=199367 len=403
2026-10-02 23:04:45.500 [SETTLE] exp=1 gold=199367 len=403
2026-10-02 23:05:14.422 [SETTLE] exp=1 gold=199367 len=403
2026-10-02 23:05:42.718 [SETTLE] exp=2 gold=199367 len=403
2026-10-02 23:06:04.921 [SETTLE] exp=2 gold=199367 len=403
2026-10-02 23:06:25.343 [SETTLE] exp=1 gold=199367 len=403
2026-10-02 23:06:53.824 [SETTLE] exp=2 gold=199367 len=403
2026-10-02 23:07:17.840 [SETTLE] exp=2 gold=199367 len=393
2026-10-02 23:07:46.890 [SETTLE] exp=1 gold=199367 len=393
2026-10-02 23:08:09.246 [SETTLE] exp=2 gold=199367 len=393
2026-10-02 23:08:35.527 [SETTLE] exp=2 gold=199367 len=403
2026-10-02 23:09:01.414 [SETTLE] exp=2 gold=199367 len=393
2026-10-02 23:09:30.276 [SETTLE] exp=2 gold=199367 len=393
2026-10-02 23:09:54.109 [SETTLE] exp=2 gold=199367 len=403
2026-10-02 23:10:14.592 [SETTLE] exp=1 gold=199367 len=403
2026-10-02 23:10:43.981 [SETTLE] exp=1 gold=199367 len=403
2026-10-02 23:11:20.301 [SETTLE] exp=2 gold=199367 len=403
2026-10-02 23:12:15.877 [OP] E001 inv=FFAF len=80 #1 580be8a3a32b1f80b77cb9b3ebffc88a0c5c5a4da476a3a1c95ee6c51d4d2439242070384597fb57d5b3bf5f24463e3bd83dbc595ab12b21ac6016897110e95497cdc6215b64d6666ffaa32b1f805b64
2026-10-02 23:12:15.940 [OP] E062 inv=FFCD len=50 #1 9564510bbafa7f3b6c1d985c5579b6947349b2274cf9bc85b1032b25a8ed96784c181874c2d4d0f1d73f332b0b7873baa880
2026-10-02 23:12:15.940 [OP] E062 inv=FFDB len=36 #2 90faa32bee80eecd052a78b83467e8a4f369c5ce4dd0cb56fef33ab76de3b664c159bf80
2026-10-02 23:12:15.940 [OP] E062 inv=FFD6 len=41 #3 ce5b64516edcc0b44bd3a4302774b37803306ed87c542e911708d8c1c6127e0648f7caa14edf3c9780
2026-10-02 23:12:15.940 [OP] E062 inv=FFBD len=66 #4 8bfaa32b2180eecd052a78b83467e8a4f369c56648a6e72307f33ab76d5c192bceebd9b1e97b6f2e14b753eb4b4c723354115f2b04230737be87299ce0ac5c311c80
2026-10-02 23:12:15.940 [OP] E062 inv=FFD2 len=45 #5 aea32b1ffc5b3eaf205bb83467e8a43005939c08e9a1339602fe15472a7ccbe7c0c371aa87299ce0ccce36a780
2026-10-02 23:12:16.014 [OP] E014 inv=FF97 len=104 #1 088880344ba7f764510bdcfaa32b1f805b820d5fdc907c2b1056b7647b92ebdc352b1f805b64510bdcfaa32b1f805b64510bdcfaa32b1f805b64510bdcfaa32b1f805b64510bdcfaa32b1f805b64510bdcfaa32b1f805b64510bdcfaa32b1f805b64315f1a8a1ebb
2026-10-02 23:12:16.204 [OP] E004 inv=FDCD len=562 #1 610ba1914133409e335513f2dcfaa32b1f805b7ffd0be6faa32b1f805b64580bdcfaa32b1f805b64510b696479020e0f840a2913dcfaa32b1f805b26fdecc4faa32b1f805b64580bdcfaa32b1f805b64510be4ea9330b118f464510bdcfaa32b1f805b6451ec3bfaa32b1f805b647ffd52faa32b1f805b64510b62e250491f805b64510bdcfaa32b1f805b6451ecdcfaa32b1f805b64415f52faa32b1f805b64
2026-10-02 23:12:46.796 [CLOSE] main sock 2544 closed
2026-10-02 23:14:33.283 [CLOSE] main sock 4294967295 closed
2026-10-02 23:14:33.753 [CLOSE] main sock 4294967295 closed
2026-10-02 23:14:34.165 [CLOSE] main sock 4294967295 closed
2026-10-02 23:14:34.165 [CLOSE] main sock 4294967295 closed
2026-10-02 23:14:34.237 [INIT] dll unloaded
