2026-10-02 20:41:31.969 [INIT] dll loaded, pid=30420
2026-10-02 20:41:31.969 [INIT] codec loaded OK
2026-10-02 20:41:31.971 [INIT] iat hooks: recv=1 send=1 WSASend=1 connect=1 closesocket=1
2026-10-02 20:41:33.712 [PIPE] controller connected
2026-10-02 20:42:20.717 [CONNECT] main sock 2512 -> 8484
2026-10-02 20:42:20.778 [OUT] 0FFF inv=FBC6 len=260 #1 c6fbff0f61975ee409edcd1f805b64510bdcfaa32ba5805b64fb0bdcfaa32b1f807d7eabbadcfaa32b1f805b64510bdcfa212b1f802264510bdcfaa32bc7a1686e510bdcfaa32b1f805b64510b5efaa32bd5805b64510bdcfa2a306ea3f779e3fcdcfaa32b1f805b64510bdcfaa32b1f805b64510bdcfaa32b1f805b64510bdcfaa32b1f805b04ab8a719397afb0285bf4580bdcfaa3bb1f805ba9510bdcf1493c69a4a5ef79db7accedbdcb9d9564510bdc78778984b69564510bdcfaa32b1f805bf7ed79a5ce087769b987497930424eed703ba99575551dc653770f5abc1e10510bdcfaa32b1f805b640b0bdcfa5f2b1f805b64510b0bf613ff1f805b64510bdcfaa3
2026-10-02 20:42:21.059 [OP] 4002 inv=FF8B len=116 #1 9556fa0cd728c3cd58d4294f85da40ec76714a41a01be3a0e2938d0b8541da89aba0acb08b3bad80c464510bdcfaa32bd13b5b646244dcfa83931f80807a510b155a4e78c8d97b81510bdcfada2b1f809564510ba7faa32b05125b645894dcfadb02074c724ed410dcfaa32b1f805b64510bdcfa
2026-10-02 20:42:54.590 [OUT] 0004 inv=FDD2 len=260 #1 d2fd04000cdcfaa3355ad665c4180bdcfaa32b1f805b6451d5dcfaa3321f805b64510bdcf3837101805b64510bdcfaa32b1f805bb0510bdc84a32b1f805b645181b735d22b1f805b64510bdcfaa32b1f775b645182dcfaa32b1f805bfdd7b673faa32b1f805b64510bdcfaa3671f805bb5510bdcfaa32b1f7dcd56fc9f1d6f39515156c464510bdcfaa32b1f43fc4d18f468c58175c65b9f34abfc1154bfdb4572f74b426711de51714553ec64510bdcfaa32b1f805b64510bdcfaa32b1f805b64510bdcfaa32b1f805b64510bdcfaa32b1f805b64510bdcfaa32b1f805b64510bdcfaa32b1f805b64510bdcfaa32b1f805b64510bdcfaa32b1f805b64510bdcfaa32b1f
2026-10-02 20:42:54.664 [OP] 4014 inv=FFEA len=21 #1 e19d805b37510bdc3fada5848734070ef4e22adb2b
2026-10-02 20:42:54.665 [CLOSE] main sock 2512 closed
2026-10-02 20:42:54.755 [OUT] F001 inv=FE5F len=260 #1 5ffe01f003caa32b7207c464bc595ab12b219f805b64510bdcfaa32b1fbcf2c197ddd3faa32b1f805b64510bdcfaa32b1f805b64510bdcfaa32b1f805b64510bdcfaa32b1f805b64510bdcfaa32b1f805b64510bdcfaa32b1f805b64510bdcfaa32b1f805b64510bdcfaa32b1f805b64510bdcfaa32b1f805b64510bdcfaa32b1f805b64510bdcfaa32b1f805b64510bdcfaa32b1f805b64510bdcfaa32bc6e3b110909468debf378528fc0418f5e93a8a30d650214fdcf5110b133045725b64510bdcfaa32b1f805b64510bdcfaa32b1f805b64510bdcfaa32b1f805b64510bdcfaa32b1f805b64510bdcfaa32b1f805b64510bdcfaa32b1f805b64510bdcfaa32b1f80
2026-10-02 20:42:54.877 [OP] E001 inv=FFAF len=80 #1 580be8a3a32b1f80b77cb9b3ebffc88a0c5c5a4da476a3a1c95ee6c51d4d2439242070384597fb57d5b3bf5f24463e3bd83dbc595ab12b219f6016897110e95497cd4a215b64d6666ffaa32b1f805b64
2026-10-02 20:42:54.975 [OP] E062 inv=FFCD len=50 #1 9564510bbafa7f3b6c1d985c5579b6947349b2274cf9bc85b1032b25a8ed96784c181874c2d4d0f1d73f332b0b7873baa880
2026-10-02 20:42:54.975 [OP] E062 inv=FFDB len=36 #2 90faa32bee80eecd052a78b83467e8a4f369c5ce4dd0cb56fef33ab76de3b664c159bf80
2026-10-02 20:42:54.975 [OP] E062 inv=FFD6 len=41 #3 ce5b64516edcc0b44bd3a4302774b37803306ed87c542e911708d8c1c6127e0648f7caa14edf3c9780
2026-10-02 20:42:54.975 [OP] E062 inv=FFBD len=66 #4 8bfaa32b2180eecd052a78b83467e8a4f369c56648a6e72307f33ab76d5c192bceebd9b1e97b6f2e14b753eb4b4c723354115f2b04230737be87299ce0ac5c311c80
2026-10-02 20:42:54.975 [OP] E062 inv=FFD2 len=45 #5 aea32b1ffc5b3eaf205bb83467e8a43005939c08e9a1339602fe15472a7ccbe7c0c371aa87299ce0ccce36a780
2026-10-02 20:42:55.836 [OUT] F041 inv=FFE7 len=28 #1 e7ff41f026b35c3828d7512b1f805b64510bdcfaa32b1f805b64510b
2026-10-02 20:42:55.836 [OUT] F003 inv=FFF7 len=12 #1 f7ff03f082ed246431b31ba4
2026-10-02 20:42:55.883 [OP] E014 inv=FF97 len=104 #1 088880344ba7f464510bdcfaa32b1f805b64510b5e01c2bb4f55cf64b3e564fa1a2b1f805b64510bdcfaa32b1f805b64510bdcfaa32b1f805b64510bdcfaa32b1f805b64510bdcfaa32b1f805b64510bdcfaa32b1f805b64510bdcfaa32b1f805b640ffd0301c2bb
2026-10-02 20:42:55.930 [OP] E004 inv=FD55 len=682 #1 410ba1914133409e335513f2dcfaa32b1f805b7ffd0be6faa32b1f805b64580bdcfaa32b1f805b64510b696479020e0f840a2913dcfaa32b1f805b26fdecc4faa32b1f805b64580bdcfaa32b1f805b64510be4ea9330b118f464510bdcfaa32b1f805b6451ec3bfaa32b1f805b647ffd52faa32b1f805b64510b62e250491f805b64510bdcfaa32b1f805b6451ecdcfaa32b1f805b64415f52faa32b1f805b64
2026-10-02 20:42:56.276 [OP] F005 inv=FFE7 len=24 #1 26b35c3828d7fb2b1f805b64510bdcfaa3ce7d80e93aff0b
2026-10-02 20:42:58.062 [OP] F005 inv=FFE7 len=24 #2 26b35c3828d7972b1f805b64510bdcfaa3ce7d80e93aff0b
2026-10-02 20:43:09.035 [OP] EFFE inv=FFFE len=1 #1 0b
2026-10-02 20:43:19.056 [OP] EFFE inv=FFFE len=1 #2 0b
2026-10-02 20:43:27.205 [CLOSE] main sock 2580 closed
2026-10-02 20:43:31.675 [CONNECT] main sock 2676 -> 8484
2026-10-02 20:43:31.726 [OUT] 0FFF inv=FBC6 len=260 #2 c6fbff0f61975ee409edcd1f805b64510bdcfaa32ba5805b64fb0bdcfaa32b1f808527b778dcfaa32b1f805b64510bdcfa212b1f802264510bdcfaa32b821e0e1e510bdcfaa32b1f805b64510b5efaa32bd5805b64510bdcfa2a306ea3f779e3fcdcfaa32b1f805b64510bdcfaa32b1f805b64510bdcfaa32b1f805b64510bdcfaa32b1f805b04ab8a719397afb0285b64510bdcfaa3bb1f805ba9510bdcfaa32b1f805b64510bdcfaa32b1f805b64510bdcfaa32b1f805b64510bdcfaa32b1f805b96dc266fcefc2b1fa9f5e73141bd060c703ba9957dcd1dc653770f5abc1e10510bdcfaa32b1f805b640b0bdcfa5f2b1f805b64510ba2b8aad21f805b64510bdcfaa3
2026-10-02 20:43:31.997 [OP] 4002 inv=FF8B len=116 #2 95f44e61d728c3cd58d4294f85da40ec76714a41a01be3a0e2938d0b8541da89aba0acb08b3bad80c464510bdcfaa32bd13b5b646244dcfa83931f80807a510b155a4e78c8d97b81510bdcfada2b1f809564510ba7faa32b05125b645894dcfadb02074c724ed410dcfaa32b1f805b64510bdcfa
2026-10-02 20:43:33.335 [OUT] 0004 inv=FDD2 len=260 #2 d2fd04000cdcfaa3355ad665c4180bdcfaa32b1f805b6451d5dcfaa3321f805b64510bdcf3837101805b64510bdcfaa32b1f805bb0510bdc84a32b1f805b645181b735d22b1f805b64510bdcfaa32b1f775b645182dcfaa32b1f805bfdd7b673faa32b1f805b64510bdcfaa3671f805bb5510bdcfaa32b1f7dcd56fc9f1d6f39515156c464510bdcfaa32b1f43fc4d18f468c58175c65b9f34abfc1154bfdb4572f74b426711de51714553ec64510bdcfaa32b1f805b64510bdcfaa32b1f805b64510bdcfaa32b1f805b64510bdcfaa32b1f805b64510bdcfaa32b1f805b64510bdcfaa32b1f805b64510bdcfaa32b1f805b64510bdcfaa32b1f805b64510bdcfaa32b1f
2026-10-02 20:43:33.456 [OP] 4014 inv=FFEA len=21 #2 e19d805b37510bdc6a1372846234070e41392adb2b
2026-10-02 20:43:33.456 [CLOSE] main sock 2676 closed
2026-10-02 20:43:33.509 [OUT] F001 inv=FE5F len=260 #2 5ffe01f003caa32b7207c464bc595ab12b219f805b64510bdcfaa32b1fbcf2c197ddd3faa32b1f805b64510bdcfaa32b1f805b64510bdcfaa32b1f805b64510bdcfaa32b1f805b64510bdcfaa32b1f805b64510bdcfaa32b1f805b64510bdcfaa32b1f805b64510bdcfaa32b1f805b64510bdcfaa32b1f805b64510bdcfaa32b1f805b64510bdcfaa32b1f805b64510bdcfaa32b1f805b64510bdcfaa32bc6e3b110909468debf378528fc0418f5e93a8a30d650214fdcf5110b133045725b64510bdcfaa32b1f805b64510bdcfaa32b1f805b64510bdcfaa32b1f805b64510bdcfaa32b1f805b64510bdcfaa32b1f805b64510bdcfaa32b1f805b64510bdcfaa32b1f80
2026-10-02 20:43:33.647 [CLOSE] main sock 2696 closed
2026-10-02 20:43:33.696 [OUT] F001 inv=FE5F len=260 #3 5ffe01f003caa32b7207c464bc595ab12b219f805b64510bdcfaa32b1fbcf2c197ddd3faa32b1f805b64510bdcfaa32b1f805b64510bdcfaa32b1f805b64510bdcfaa32b1f805b64510bdcfaa32b1f805b64510bdcfaa32b1f805b64510bdcfaa32b1f805b64510bdcfaa32b1f805b64510bdcfaa32b1f805b64510bdcfaa32b1f805b64510bdcfaa32b1f805b64510bdcfaa32b1f805b64510bdcfaa32bc6e3b110909468debf378528fc0418f5e93a8a30d650214fdcf5110b133045725b64510bdcfaa32b1f805b64510bdcfaa32b1f805b64510bdcfaa32b1f805b64510bdcfaa32b1f805b64510bdcfaa32b1f805b64510bdcfaa32b1f805b64510bdcfaa32b1f80
2026-10-02 20:43:33.830 [OP] E001 inv=FFAF len=80 #2 580be8a3a32b1f80b77cb9b3ebffc88a0c5c5a4da476a3a1c95ee6c51d4d2439242070384597fb57d5b3bf5f24463e3bd83dbc595ab12b219f6016897110e95497cd4a215b64d6666ffaa32b1f805b64
2026-10-02 20:43:33.833 [OUT] F041 inv=FFE7 len=28 #2 e7ff41f026b35c3828d7512b1f805b64510bdcfaa37390b65705b10b
2026-10-02 20:43:33.833 [OUT] F003 inv=FFF7 len=12 #2 f7ff03f082ed2464310147a4
2026-10-02 20:43:33.920 [OP] E014 inv=FF97 len=104 #2 088880344ba7f464510bdcfaa32b1f805b64510bb22f1dbb4f55cf64b3e564fa522b1f805b64510bdcfaa32b1f805b64510bdcfaa32b1f805b64510bdcfaa32b1f805b64510bdcfaa32b1f805b64510bdcfaa32b1f805b64510bdcfaa32b1f805b6484fd1a8a1dbb
2026-10-02 20:43:34.013 [OP] E004 inv=FD55 len=682 #2 410ba1914133409e335513f2dcfaa32b1f805b7ffd0be6faa32b1f805b64580bdcfaa32b1f805b64510b696479020e0f840a2913dcfaa32b1f805b26fdecc4faa32b1f805b64580bdcfaa32b1f805b64510be4ea9330b118f464510bdcfaa32b1f805b6451ec3bfaa32b1f805b647ffd52faa32b1f805b64510b62e250491f805b64510bdcfaa32b1f805b6451ecdcfaa32b1f805b64415f52faa32b1f805b64
2026-10-02 20:43:44.085 [OP] EFFE inv=FFFE len=1 #3 0b
2026-10-02 20:43:54.098 [OP] EFFE inv=FFFE len=1 #4 0b
2026-10-02 20:44:04.964 [CLOSE] main sock 2524 closed
2026-10-02 20:44:37.090 [CONNECT] main sock 1228 -> 8484
2026-10-02 20:44:37.144 [OUT] 0FFF inv=FBC6 len=260 #3 c6fbff0f61975ee409edcd1f805b64510bdcfaa32ba5805b64fb0bdcfaa32b1f80a856c578dcfaa32b1f805b64510bdcfa212b1f802264510bdcfaa32b0abf821e510bdcfaa32b1f805b64510b5efaa32bd5805b64510bdcfa2a306ea3f779e3fcdcfaa32b1f805b64510bdcfaa32b1f805b64510bdcfaa32b1f805b64510bdcfaa32b1f805b04ab8a719397afb0285bf4580bdcfaa3bb1f805ba9510bdcf1493c69a4a5ef79db7accedbdcb9d9564510bdca5938984b69564510bdcfaa32b1f805bf7ed79a5ce087769b987497930424eed703ba99575551dc653770f5abc1e10510bdcfaa32b1f805b640b0bdcfa5f2b1f805b64510b1a6fe7d21f805b64510bdcfaa3
2026-10-02 20:44:37.423 [OP] 4002 inv=FF8B len=116 #3 9544980cd728c3cd58d4294f85da40ec76714a41a01be3a0e2938d0b8541da89aba0acb08b3bad80c464510bdcfaa32bd13b5b646244dcfa83931f80807a510b155a4e78c8d97b81510bdcfada2b1f809564510ba7faa32b05125b645894dcfadb02074c724ed410dcfaa32b1f805b64510bdcfa
2026-10-02 20:44:38.670 [OUT] 0004 inv=FDD2 len=260 #3 d2fd04000cdcfaa3355ad665c4180bdcfaa32b1f805b6451d5dcfaa3321f805b64510bdcf3837101805b64510bdcfaa32b1f805bb0510bdc84a32b1f805b645181b735d22b1f805b64510bdcfaa32b1f775b645182dcfaa32b1f805bfdd7b673faa32b1f805b64510bdcfaa3671f805bb5510bdcfaa32b1f7dcd56fc9f1d6f39515156c464510bdcfaa32b1f43fc4d18f468c58175c65b9f34abfc1154bfdb4572f74b426711de51714553ec64510bdcfaa32b1f805b64510bdcfaa32b1f805b64510bdcfaa32b1f805b64510bdcfaa32b1f805b64510bdcfaa32b1f805b64510bdcfaa32b1f805b64510bdcfaa32b1f805b64510bdcfaa32b1f805b64510bdcfaa32b1f
2026-10-02 20:44:38.740 [OP] 4014 inv=FFEA len=21 #3 e19d805b37510bdc958d44848334070e98ca16db2b
2026-10-02 20:44:38.740 [CLOSE] main sock 1228 closed
2026-10-02 20:44:38.794 [OUT] F001 inv=FE5F len=260 #4 5ffe01f003caa32b7207c464bc595ab12b219f805b64510bdcfaa32b1fbcf2c197ddd3faa32b1f805b64510bdcfaa32b1f805b64510bdcfaa32b1f805b64510bdcfaa32b1f805b64510bdcfaa32b1f805b64510bdcfaa32b1f805b64510bdcfaa32b1f805b64510bdcfaa32b1f805b64510bdcfaa32b1f805b64510bdcfaa32b1f805b64510bdcfaa32b1f805b64510bdcfaa32b1f805b64510bdcfaa32bc6e3b110909468debf378528fc0418f5e93a8a30d650214fdcf5110b133045725b64510bdcfaa32b1f805b64510bdcfaa32b1f805b64510bdcfaa32b1f805b64510bdcfaa32b1f805b64510bdcfaa32b1f805b64510bdcfaa32b1f805b64510bdcfaa32b1f80
2026-10-02 20:44:38.926 [CLOSE] main sock 2868 closed
2026-10-02 20:44:38.973 [OUT] F001 inv=FE5F len=260 #5 5ffe01f003caa32b7207c464bc595ab12b219f805b64510bdcfaa32b1fbcf2c197ddd3faa32b1f805b64510bdcfaa32b1f805b64510bdcfaa32b1f805b64510bdcfaa32b1f805b64510bdcfaa32b1f805b64510bdcfaa32b1f805b64510bdcfaa32b1f805b64510bdcfaa32b1f805b64510bdcfaa32b1f805b64510bdcfaa32b1f805b64510bdcfaa32b1f805b64510bdcfaa32b1f805b64510bdcfaa32bc6e3b110909468debf378528fc0418f5e93a8a30d650214fdcf5110b133045725b64510bdcfaa32b1f805b64510bdcfaa32b1f805b64510bdcfaa32b1f805b64510bdcfaa32b1f805b64510bdcfaa32b1f805b64510bdcfaa32b1f805b64510bdcfaa32b1f80
2026-10-02 20:44:39.103 [OP] E001 inv=FFAF len=80 #3 580be8a3a32b1f80b77cb9b3ebffc88a0c5c5a4da476a3a1c95ee6c51d4d2439242070384597fb57d5b3bf5f24463e3bd83dbc595ab12b219f6016897110e95497cd4a215b64d6666ffaa32b1f805b64
2026-10-02 20:44:39.109 [OUT] F041 inv=FFE7 len=28 #3 e7ff41f026b35c3828d7512b1f805b64510bdcfaa37390b65705b10b
2026-10-02 20:44:39.110 [OUT] F003 inv=FFF7 len=12 #3 f7ff03f082ed246431e71da4
2026-10-02 20:44:39.196 [OP] E014 inv=FF97 len=104 #3 088880344ba7f464510bdcfaa32b1f805b8b145fdc907c2b1056b764a90eb4dc962b1f805b64510bdcfaa32b1f805b64510bdcfaa32b1f805b64510bdcfaa32b1f805b64510bdcfaa32b1f805b64510bdcfaa32b1f805b64510bdcfaa32b1f805b6486fd1a8a1dbb
2026-10-02 20:44:39.286 [OP] E004 inv=FD55 len=682 #3 410ba1914133409e335513f2dcfaa32b1f805b7ffd0be6faa32b1f805b64580bdcfaa32b1f805b64510b696479020e0f840a2913dcfaa32b1f805b26fdecc4faa32b1f805b64580bdcfaa32b1f805b64510be4ea9330b118f464510bdcfaa32b1f805b6451ec3bfaa32b1f805b647ffd52faa32b1f805b64510b62e250491f805b64510bdcfaa32b1f805b6451ecdcfaa32b1f805b64415f52faa32b1f805b64
2026-10-02 20:44:50.175 [OP] EFFE inv=FFFE len=1 #5 0b
2026-10-02 20:45:10.226 [CLOSE] main sock 2336 closed
2026-10-02 20:45:42.653 [PIPE] controller disconnected
2026-10-02 20:45:46.998 [CONNECT] main sock 2884 -> 8484
2026-10-02 20:45:47.052 [OUT] 0FFF inv=FBC6 len=260 #4 c6fbff0f61975ee409edcd1f805b64510bdcfaa32ba5805b64fb0bdcfaa32b1f80302573b4dcfaa32b1f805b64510bdcfa212b1f802264510bdcfaa32b7ea22e03510bdcfaa32b1f805b64510b5efaa32bd5805b64510bdcfa2a306ea3f779e3fcdcfaa32b1f805b64510bdcfaa32b1f805b64510bdcfaa32b1f805b64510bdcfaa32b1f805b04ab8a719397afb0285bf4580bdcfaa3bb1f805ba9510bdcf1493c69a4a5ef79db7accedbdcb9d9564510bdcf3f68984b69564510bdcfaa32b1f805bf7ed79a5ce087769b987497930424eed703ba9958d721dc653770f5abc1e10510bdcfaa32b1f805b640b0bdcfa5f2b1f805b64510b780aca901f805b64510bdcfaa3
2026-10-02 20:45:47.337 [OP] 4002 inv=FF8B len=116 #4 95869c3fd728c3cd58d4294f85da40ec76714a41a01be3a0e2938d0b8541da89aba0acb08b3bad80c464510bdcfaa32bd13b5b646244dcfa83931f80807a510b155a4e78c8d97b81510bdcfada2b1f809564510ba7faa32b05125b645894dcfadb02074c724ed410dcfaa32b1f805b64510bdcfa
2026-10-02 20:45:48.282 [OUT] 0004 inv=FDD2 len=260 #4 d2fd04000cdcfaa3355ad665c4180bdcfaa32b1f805b6451d5dcfaa3321f805b64510bdcf3837101805b64510bdcfaa32b1f805bb0510bdc84a32b1f805b645181b735d22b1f805b64510bdcfaa32b1f775b645182dcfaa32b1f805bfdd7b673faa32b1f805b64510bdcfaa3671f805bb5510bdcfaa32b1f7dcd56fc9f1d6f39515156c464510bdcfaa32b1f43fc4d18f468c58175c65b9f34abfc1154bfdb4572f74b426711de51714553ec64510bdcfaa32b1f805b64510bdcfaa32b1f805b64510bdcfaa32b1f805b64510bdcfaa32b1f805b64510bdcfaa32b1f805b64510bdcfaa32b1f805b64510bdcfaa32b1f805b64510bdcfaa32b1f805b64510bdcfaa32b1f
2026-10-02 20:45:48.361 [OP] 4014 inv=FFEA len=21 #4 e19d805b37510bdc59c941844834070e48fad8db2b
2026-10-02 20:45:48.362 [CLOSE] main sock 2884 closed
2026-10-02 20:45:48.542 [CLOSE] main sock 3040 closed
2026-10-02 20:45:48.734 [OP] E001 inv=FFAF len=80 #4 580be8a3a32b1f80b77cb9b3ebffc88a0c5c5a4da476a3a1c95ee6c51d4d2439242070384597fb57d5b3bf5f24463e3bd83dbc595ab12b219f6016897110e95497cd4a215b64d6666ffaa32b1f805b64
2026-10-02 20:45:48.740 [OUT] F041 inv=FFE7 len=28 #4 e7ff41f026b35c3828d7512b1f805b64510bdcfaa37390b65705b10b
2026-10-02 20:45:48.740 [OUT] F003 inv=FFF7 len=12 #4 f7ff03f082ed2464313ef9a4
2026-10-02 20:45:48.846 [OP] E014 inv=FF97 len=104 #4 088880344ba7f464510bdcfaa32b1f805b8cde5fdc907c2b1056b764576b3ddca32b1f805b64510bdcfaa32b1f805b64510bdcfaa32b1f805b64510bdcfaa32b1f805b64510bdcfaa32b1f805b64510bdcfaa32b1f805b64510bdcfaa32b1f805b64c4fd362f55bb
2026-10-02 20:45:48.942 [OP] E004 inv=FD55 len=682 #4 410ba1914133409e335513f2dcfaa32b1f805b7ffd0be6faa32b1f805b64580bdcfaa32b1f805b64510b696479020e0f840a2913dcfaa32b1f805b26fdecc4faa32b1f805b64580bdcfaa32b1f805b64510be4ea9330b118f464510bdcfaa32b1f805b6451ec3bfaa32b1f805b647ffd52faa32b1f805b64510b62e250491f805b64510bdcfaa32b1f805b6451ecdcfaa32b1f805b64415f52faa32b1f805b64
2026-10-02 20:46:19.850 [CLOSE] main sock 3064 closed
2026-10-02 20:46:44.775 [CLOSE] main sock 4294967295 closed
2026-10-02 20:46:44.897 [CLOSE] main sock 4294967295 closed
2026-10-02 20:46:45.309 [CLOSE] main sock 4294967295 closed
2026-10-02 20:46:45.309 [CLOSE] main sock 4294967295 closed
2026-10-02 20:46:45.354 [INIT] dll unloaded
